step:3600/3600, q_loss:0.0002109039600731598, rewards:-11.76371955871582, queue:3.6083333492279053, delay:0.22154220938682556, throughput:3984
episode:0/250, real avg travel time:290.6237449799197
Test step:0/250, travel time :356.12294140176175, rewards:-26.870580673217773, queue:7.877777576446533, delay:0.26739418506622314, throughput:2611
New best TEST travel time 356.1229 at episode 0, saved as best checkpoint
step:3600/3600, q_loss:0.00017599593977340392, rewards:-10.468687057495117, queue:3.35701060295105, delay:0.2093413770198822, throughput:3948
episode:1/250, real avg travel time:297.5820668693009
step:3600/3600, q_loss:0.0001873470810500698, rewards:-10.704959869384766, queue:3.3362433910369873, delay:0.20435108244419098, throughput:3959
episode:2/250, real avg travel time:303.7125536751705
step:3600/3600, q_loss:6.656143507118233e-05, rewards:-8.398226737976074, queue:2.790343999862671, delay:0.18816062808036804, throughput:3913
episode:3/250, real avg travel time:287.35062611806796
step:3600/3600, q_loss:6.484472590576237e-05, rewards:-7.974205017089844, queue:2.60701060295105, delay:0.17949214577674866, throughput:3953
episode:4/250, real avg travel time:277.3898305084746
step:3600/3600, q_loss:1.2239831913676526e-05, rewards:-6.871469974517822, queue:2.2883598804473877, delay:0.17447663843631744, throughput:4010
episode:5/250, real avg travel time:266.242144638404
Test step:5/250, travel time :323.0983405039951, rewards:-15.64698600769043, queue:4.948280334472656, delay:0.21406587958335876, throughput:3254
New best TEST travel time 323.0983 at episode 5, saved as best checkpoint
step:3600/3600, q_loss:5.726867691717214e-05, rewards:-7.64552116394043, queue:2.5503969192504883, delay:0.17903883755207062, throughput:3989
episode:6/250, real avg travel time:290.3532213587365
step:3600/3600, q_loss:3.883709836777093e-05, rewards:-7.278465270996094, queue:2.49656081199646, delay:0.17553159594535828, throughput:3958
episode:7/250, real avg travel time:296.43633148054573
step:3600/3600, q_loss:4.9847436376795585e-05, rewards:-6.341975212097168, queue:2.142857074737549, delay:0.16769461333751678, throughput:4006
episode:8/250, real avg travel time:262.553919121318
step:3600/3600, q_loss:1.1991656760478185e-05, rewards:-5.864482879638672, queue:2.0511903762817383, delay:0.16062742471694946, throughput:4018
episode:9/250, real avg travel time:255.57615729218517
step:3600/3600, q_loss:-2.6735103407797093e-05, rewards:-4.959232807159424, queue:1.8007936477661133, delay:0.15652889013290405, throughput:3999
episode:10/250, real avg travel time:260.04701175293826
Test step:10/250, travel time :247.10724714627025, rewards:-6.028083801269531, queue:2.211904764175415, delay:0.15478546917438507, throughput:3767
New best TEST travel time 247.1072 at episode 10, saved as best checkpoint
step:3600/3600, q_loss:-6.879463196835585e-07, rewards:-5.079281806945801, queue:1.8431216478347778, delay:0.154094398021698, throughput:4004
episode:11/250, real avg travel time:248.88336663336662
step:3600/3600, q_loss:-1.1469020440320795e-05, rewards:-4.851276874542236, queue:1.758994698524475, delay:0.15055905282497406, throughput:4033
episode:12/250, real avg travel time:253.584180510786
step:3600/3600, q_loss:3.732066244184453e-05, rewards:-5.870946407318115, queue:2.0218253135681152, delay:0.15504178404808044, throughput:3944
episode:13/250, real avg travel time:264.2756085192698
step:3600/3600, q_loss:3.01467920103783e-05, rewards:-5.47011661529541, queue:1.9167989492416382, delay:0.153159037232399, throughput:3882
episode:14/250, real avg travel time:274.03941267387944
step:3600/3600, q_loss:3.152370093933617e-05, rewards:-5.358334541320801, queue:1.885449767112732, delay:0.15141785144805908, throughput:3869
episode:15/250, real avg travel time:268.95580253295424
Test step:15/250, travel time :423.5444175596267, rewards:-12.680920600891113, queue:3.980952262878418, delay:0.2217925637960434, throughput:2893
step:3600/3600, q_loss:-1.0430536147194087e-05, rewards:-4.520137310028076, queue:1.6802910566329956, delay:0.14748549461364746, throughput:4011
episode:16/250, real avg travel time:250.89678384442783
step:3600/3600, q_loss:-1.5079116969395222e-05, rewards:-4.009915351867676, queue:1.5063492059707642, delay:0.14427119493484497, throughput:4039
episode:17/250, real avg travel time:246.57464718989849
step:3600/3600, q_loss:1.7077578377211466e-05, rewards:-4.966189861297607, queue:1.8104497194290161, delay:0.14999064803123474, throughput:3947
episode:18/250, real avg travel time:263.62452495566254
step:3600/3600, q_loss:-4.570091631548065e-06, rewards:-4.012013912200928, queue:1.4727513790130615, delay:0.13787834346294403, throughput:3968
episode:19/250, real avg travel time:237.93775201612902
step:3600/3600, q_loss:-9.052694723423985e-06, rewards:-3.854288339614868, queue:1.4253968000411987, delay:0.13634751737117767, throughput:3938
episode:20/250, real avg travel time:238.90096495683088
Test step:20/250, travel time :235.5002871912694, rewards:-7.626104831695557, queue:2.7079365253448486, delay:0.17123481631278992, throughput:3482
New best TEST travel time 235.5003 at episode 20, saved as best checkpoint
step:3600/3600, q_loss:-1.9321348695989906e-05, rewards:-3.6483967304229736, queue:1.3775131702423096, delay:0.13492406904697418, throughput:3907
episode:21/250, real avg travel time:235.32019452265166
step:3600/3600, q_loss:-1.6376804746364037e-05, rewards:-3.4294674396514893, queue:1.2797619104385376, delay:0.1317121982574463, throughput:3919
episode:22/250, real avg travel time:225.09134983414137
step:3600/3600, q_loss:-5.782818738629834e-06, rewards:-3.767432689666748, queue:1.3941799402236938, delay:0.13272148370742798, throughput:3885
episode:23/250, real avg travel time:237.65765765765767
step:3600/3600, q_loss:4.472108331457194e-07, rewards:-3.9309024810791016, queue:1.4179893732070923, delay:0.13450148701667786, throughput:3931
episode:24/250, real avg travel time:236.81862121597558
step:3600/3600, q_loss:1.8783299553130442e-05, rewards:-4.171139717102051, queue:1.4338624477386475, delay:0.1360030621290207, throughput:3989
episode:25/250, real avg travel time:228.39107545750815
Test step:25/250, travel time :242.61200667037244, rewards:-7.50302791595459, queue:2.6453704833984375, delay:0.17345862090587616, throughput:3598
step:3600/3600, q_loss:-1.4505169626014927e-05, rewards:-3.2133989334106445, queue:1.208465576171875, delay:0.1270892471075058, throughput:3937
episode:26/250, real avg travel time:213.7774955549911
step:3600/3600, q_loss:-2.784063852029956e-06, rewards:-3.16445255279541, queue:1.1801587343215942, delay:0.12913241982460022, throughput:4016
episode:27/250, real avg travel time:213.1703187250996
step:3600/3600, q_loss:-8.960744728230768e-06, rewards:-3.3481767177581787, queue:1.2472221851348877, delay:0.1320376992225647, throughput:3982
episode:28/250, real avg travel time:212.58337518834756
step:3600/3600, q_loss:3.173236869366115e-05, rewards:-4.356503963470459, queue:1.511640191078186, delay:0.14088359475135803, throughput:4056
episode:29/250, real avg travel time:227.6070019723866
step:3600/3600, q_loss:-1.381239384904297e-05, rewards:-3.28555965423584, queue:1.226719617843628, delay:0.13130894303321838, throughput:4070
episode:30/250, real avg travel time:209.64422604422603
Test step:30/250, travel time :202.5997910135841, rewards:-3.529797315597534, queue:1.3358465433120728, delay:0.12895303964614868, throughput:3828
New best TEST travel time 202.5998 at episode 30, saved as best checkpoint
step:3600/3600, q_loss:0.0001347870320185191, rewards:-4.707931995391846, queue:1.5253968238830566, delay:0.13497404754161835, throughput:4011
episode:31/250, real avg travel time:223.80403889304412
step:3600/3600, q_loss:-1.0085285207929296e-05, rewards:-3.171529769897461, queue:1.1757936477661133, delay:0.1296231597661972, throughput:3981
episode:32/250, real avg travel time:206.40241145440845
step:3600/3600, q_loss:-3.828207263723016e-06, rewards:-3.309070587158203, queue:1.220634937286377, delay:0.13014596700668335, throughput:3972
episode:33/250, real avg travel time:209.10548841893254
step:3600/3600, q_loss:-1.549685580862893e-05, rewards:-3.11270809173584, queue:1.1914020776748657, delay:0.13025903701782227, throughput:4006
episode:34/250, real avg travel time:214.42760858711932
step:3600/3600, q_loss:-1.653055369388312e-05, rewards:-2.8507330417633057, queue:1.0776455402374268, delay:0.12625107169151306, throughput:3939
episode:35/250, real avg travel time:205.02843361259204
Test step:35/250, travel time :210.9157894736842, rewards:-3.967557668685913, queue:1.4911376237869263, delay:0.13853785395622253, throughput:3800
step:3600/3600, q_loss:-1.3724793259623564e-05, rewards:-2.859625816345215, queue:1.090476155281067, delay:0.12848618626594543, throughput:4045
episode:36/250, real avg travel time:203.631891223733
step:3600/3600, q_loss:-6.5573261559216515e-06, rewards:-3.1521992683410645, queue:1.1538360118865967, delay:0.1314978152513504, throughput:4025
episode:37/250, real avg travel time:211.95329192546583
step:3600/3600, q_loss:4.462274066301891e-07, rewards:-2.8664987087249756, queue:1.0943121910095215, delay:0.1277618110179901, throughput:3985
episode:38/250, real avg travel time:203.85972396486827
step:3600/3600, q_loss:-5.210840107691991e-06, rewards:-2.7197279930114746, queue:1.0529100894927979, delay:0.12544654309749603, throughput:4013
episode:39/250, real avg travel time:202.80363817592823
step:3600/3600, q_loss:-8.867560811470159e-06, rewards:-2.7280149459838867, queue:1.0649471282958984, delay:0.12638302147388458, throughput:4060
episode:40/250, real avg travel time:203.13374384236454
Test step:40/250, travel time :234.48616600790513, rewards:-4.108829021453857, queue:1.4649471044540405, delay:0.1476050615310669, throughput:3795
step:3600/3600, q_loss:-1.5400857147243287e-05, rewards:-2.9011902809143066, queue:1.1185184717178345, delay:0.126931831240654, throughput:4075
episode:41/250, real avg travel time:204.70650306748468
step:3600/3600, q_loss:-5.2815250657861016e-06, rewards:-2.8995141983032227, queue:1.109788417816162, delay:0.13104248046875, throughput:4022
episode:42/250, real avg travel time:210.9512680258578
step:3600/3600, q_loss:5.467745439899671e-06, rewards:-2.9202139377593994, queue:1.1018518209457397, delay:0.12758958339691162, throughput:3990
episode:43/250, real avg travel time:204.93458646616543
step:3600/3600, q_loss:-3.570695318760247e-06, rewards:-2.656550407409668, queue:1.0357142686843872, delay:0.12658631801605225, throughput:3993
episode:44/250, real avg travel time:206.694715752567
step:3600/3600, q_loss:-7.79683618424719e-06, rewards:-2.7331151962280273, queue:1.0539683103561401, delay:0.12431437522172928, throughput:3993
episode:45/250, real avg travel time:207.69747057350364
Test step:45/250, travel time :230.7938199254129, rewards:-3.3379337787628174, queue:1.2260582447052002, delay:0.13576091825962067, throughput:3754
step:3600/3600, q_loss:-4.22868728896396e-06, rewards:-2.6483774185180664, queue:1.0339946746826172, delay:0.1266043335199356, throughput:3996
episode:46/250, real avg travel time:206.1438938938939
step:3600/3600, q_loss:-4.0380665773732795e-06, rewards:-2.80242657661438, queue:1.0855820178985596, delay:0.12718439102172852, throughput:4026
episode:47/250, real avg travel time:206.00844510680577
step:3600/3600, q_loss:-5.34667758782032e-06, rewards:-2.7699615955352783, queue:1.076984167098999, delay:0.12646380066871643, throughput:3961
episode:48/250, real avg travel time:207.59429437010857
step:3600/3600, q_loss:7.408910500493625e-06, rewards:-3.149425506591797, queue:1.1707671880722046, delay:0.12869097292423248, throughput:3981
episode:49/250, real avg travel time:213.79979904546596
step:3600/3600, q_loss:-1.948891359562468e-06, rewards:-2.3526716232299805, queue:0.9579365253448486, delay:0.1230989396572113, throughput:3953
episode:50/250, real avg travel time:203.7677713129269
Test step:50/250, travel time :208.841045751634, rewards:-2.539461612701416, queue:1.0161375999450684, delay:0.1293158382177353, throughput:3825
step:3600/3600, q_loss:-3.1049094508893582e-06, rewards:-2.6796586513519287, queue:1.0362434387207031, delay:0.12505924701690674, throughput:4034
episode:51/250, real avg travel time:207.9434804164601
step:3600/3600, q_loss:-5.423170579079952e-06, rewards:-2.687945604324341, queue:1.0472222566604614, delay:0.12286048382520676, throughput:4020
episode:52/250, real avg travel time:206.05124378109454
step:3600/3600, q_loss:-8.34563975836823e-06, rewards:-2.505185127258301, queue:1.0027778148651123, delay:0.1270628422498703, throughput:4026
episode:53/250, real avg travel time:204.09488325881767
step:3600/3600, q_loss:-1.092448401323054e-05, rewards:-2.2406094074249268, queue:0.9320105910301208, delay:0.11822810769081116, throughput:3958
episode:54/250, real avg travel time:204.42748863062153
step:3600/3600, q_loss:-1.194998581518626e-05, rewards:-2.4495580196380615, queue:0.9420635104179382, delay:0.12353698164224625, throughput:3894
episode:55/250, real avg travel time:206.96045197740114
Test step:55/250, travel time :274.4091762811913, rewards:-5.277801990509033, queue:1.6424603462219238, delay:0.1466720998287201, throughput:3727
step:3600/3600, q_loss:4.596515767237482e-06, rewards:-2.8828234672546387, queue:1.0585979223251343, delay:0.12686412036418915, throughput:3950
episode:56/250, real avg travel time:216.5772151898734
step:3600/3600, q_loss:2.7453707945015694e-07, rewards:-2.6431221961975098, queue:1.0208994150161743, delay:0.12081824243068695, throughput:3982
episode:57/250, real avg travel time:212.25238573581115
step:3600/3600, q_loss:-5.743908129968784e-06, rewards:-2.4905803203582764, queue:0.973809540271759, delay:0.12274540960788727, throughput:3958
episode:58/250, real avg travel time:207.65992925720062
step:3600/3600, q_loss:-3.5750741517404095e-06, rewards:-2.3909432888031006, queue:0.9423280358314514, delay:0.11939732730388641, throughput:3924
episode:59/250, real avg travel time:205.33205912334353
step:3600/3600, q_loss:1.849044302717731e-05, rewards:-3.2035248279571533, queue:1.1277778148651123, delay:0.12955474853515625, throughput:3942
episode:60/250, real avg travel time:219.2001522070015
Test step:60/250, travel time :241.43263907197468, rewards:-4.932686805725098, queue:1.867724895477295, delay:0.14761294424533844, throughput:3793
step:3600/3600, q_loss:-4.309022187953815e-06, rewards:-2.593341112136841, queue:0.9847883582115173, delay:0.12440338730812073, throughput:3930
episode:61/250, real avg travel time:207.73027989821884
step:3600/3600, q_loss:-5.714145946613927e-06, rewards:-2.4973456859588623, queue:0.9772486686706543, delay:0.12153853476047516, throughput:3953
episode:62/250, real avg travel time:205.7503162155325
step:3600/3600, q_loss:1.6640821882497725e-05, rewards:-3.13301157951355, queue:1.092063546180725, delay:0.12717346847057343, throughput:3916
episode:63/250, real avg travel time:208.2671092951992
step:3600/3600, q_loss:-9.313514803782001e-06, rewards:-2.640249013900757, queue:1.0185185670852661, delay:0.1239212304353714, throughput:3936
episode:64/250, real avg travel time:206.5757113821138
step:3600/3600, q_loss:3.2480414019017998e-06, rewards:-2.742640256881714, queue:1.0417989492416382, delay:0.12351908534765244, throughput:3960
episode:65/250, real avg travel time:214.79065656565658
Test step:65/250, travel time :235.50204192757963, rewards:-3.010420799255371, queue:1.1078041791915894, delay:0.12865877151489258, throughput:3673
step:3600/3600, q_loss:1.3373085150508107e-05, rewards:-2.9943017959594727, queue:1.1152116060256958, delay:0.1284947246313095, throughput:4015
episode:66/250, real avg travel time:220.5357409713574
step:3600/3600, q_loss:5.088622533043639e-06, rewards:-2.4869425296783447, queue:0.9652116298675537, delay:0.1220773383975029, throughput:3973
episode:67/250, real avg travel time:206.05134658947898
step:3600/3600, q_loss:-4.198180734723185e-06, rewards:-2.616063117980957, queue:0.9974867701530457, delay:0.12177582830190659, throughput:3974
episode:68/250, real avg travel time:211.74383492702566
step:3600/3600, q_loss:-5.746458231846595e-06, rewards:-2.3147544860839844, queue:0.938095211982727, delay:0.12018753588199615, throughput:3945
episode:69/250, real avg travel time:204.3470215462611
step:3600/3600, q_loss:3.2831446636312952e-06, rewards:-2.484079599380493, queue:0.9826719760894775, delay:0.12205157428979874, throughput:4031
episode:70/250, real avg travel time:209.98561151079136
Test step:70/250, travel time :201.5589836660617, rewards:-2.199982166290283, queue:0.8989418148994446, delay:0.12222221493721008, throughput:3857
New best TEST travel time 201.5590 at episode 70, saved as best checkpoint
step:3600/3600, q_loss:-6.0422894118043285e-06, rewards:-2.339548349380493, queue:0.9432539939880371, delay:0.1215282678604126, throughput:4019
episode:71/250, real avg travel time:202.24832047773077
step:3600/3600, q_loss:-7.793308395775966e-06, rewards:-2.348567008972168, queue:0.9556878209114075, delay:0.12132597714662552, throughput:4028
episode:72/250, real avg travel time:204.2537239324727
step:3600/3600, q_loss:-1.9566124036727058e-06, rewards:-2.566101312637329, queue:1.0096560716629028, delay:0.12582044303417206, throughput:4055
episode:73/250, real avg travel time:212.07102342786683
step:3600/3600, q_loss:-4.869781615626481e-06, rewards:-2.5367653369903564, queue:0.9746031761169434, delay:0.1217745989561081, throughput:4011
episode:74/250, real avg travel time:208.31288955372725
step:3600/3600, q_loss:-2.779266974862872e-06, rewards:-2.5666682720184326, queue:0.9855819940567017, delay:0.12124836444854736, throughput:3947
episode:75/250, real avg travel time:207.53863693944768
Test step:75/250, travel time :211.41018975825318, rewards:-2.674160957336426, queue:1.0231481790542603, delay:0.12325580418109894, throughput:3847
step:3600/3600, q_loss:-1.8668835966511526e-06, rewards:-2.6773362159729004, queue:1.014285683631897, delay:0.12186084687709808, throughput:3948
episode:76/250, real avg travel time:211.0113981762918
step:3600/3600, q_loss:-2.5265539685885113e-06, rewards:-2.5696372985839844, queue:0.9861111044883728, delay:0.12102527916431427, throughput:3982
episode:77/250, real avg travel time:208.54043194374685
step:3600/3600, q_loss:-7.827686729595168e-06, rewards:-2.4023728370666504, queue:0.9435185194015503, delay:0.12039804458618164, throughput:3924
episode:78/250, real avg travel time:206.16539245667687
step:3600/3600, q_loss:-7.406510930094454e-07, rewards:-2.6893999576568604, queue:0.995634913444519, delay:0.12265447527170181, throughput:3931
episode:79/250, real avg travel time:207.55049605698295
step:3600/3600, q_loss:-1.8959877504837803e-06, rewards:-2.3107235431671143, queue:0.9283068776130676, delay:0.11966443061828613, throughput:3930
episode:80/250, real avg travel time:203.44223918575062
Test step:80/250, travel time :201.64326573062922, rewards:-2.1122162342071533, queue:0.8743386268615723, delay:0.1161317303776741, throughput:3846
step:3600/3600, q_loss:-9.929472192501028e-06, rewards:-2.1954259872436523, queue:0.9091269969940186, delay:0.11911017447710037, throughput:3898
episode:81/250, real avg travel time:202.2349923037455
step:3600/3600, q_loss:-2.4111008113120785e-06, rewards:-2.437124013900757, queue:0.9682539701461792, delay:0.12092915177345276, throughput:4063
episode:82/250, real avg travel time:203.67807039133646
step:3600/3600, q_loss:-6.4940486885865945e-06, rewards:-2.461724281311035, queue:0.9613756537437439, delay:0.12398752570152283, throughput:4064
episode:83/250, real avg travel time:205.31028543307087
step:3600/3600, q_loss:-3.5661998683483234e-06, rewards:-2.6288602352142334, queue:0.9928571581840515, delay:0.12195218354463577, throughput:4012
episode:84/250, real avg travel time:209.10319042871384
step:3600/3600, q_loss:-8.004591978129207e-06, rewards:-2.2624189853668213, queue:0.8914021253585815, delay:0.11804579198360443, throughput:3995
episode:85/250, real avg travel time:201.57421777221526
Test step:85/250, travel time :204.8505301267132, rewards:-2.1034815311431885, queue:0.837830662727356, delay:0.10966916382312775, throughput:3867
step:3600/3600, q_loss:-2.7609488622854566e-06, rewards:-2.1882269382476807, queue:0.8736772537231445, delay:0.11770786345005035, throughput:3933
episode:86/250, real avg travel time:201.6318332062039
step:3600/3600, q_loss:-3.111655051826448e-06, rewards:-2.2524828910827637, queue:0.8978835940361023, delay:0.11791371554136276, throughput:3995
episode:87/250, real avg travel time:203.3008760951189
step:3600/3600, q_loss:-1.7581565771251918e-06, rewards:-2.3608293533325195, queue:0.914550244808197, delay:0.11901675909757614, throughput:4005
episode:88/250, real avg travel time:208.1358302122347
step:3600/3600, q_loss:-2.8976961200694657e-06, rewards:-2.730680227279663, queue:0.9952380657196045, delay:0.12264763563871384, throughput:4008
episode:89/250, real avg travel time:212.35129740518963
step:3600/3600, q_loss:-6.501938009427653e-06, rewards:-2.5239176750183105, queue:0.9625661373138428, delay:0.11960397660732269, throughput:4023
episode:90/250, real avg travel time:212.18816803380562
Test step:90/250, travel time :220.58628659476116, rewards:-2.869157314300537, queue:1.0156084299087524, delay:0.12844865024089813, throughput:3894
step:3600/3600, q_loss:-7.918911513924184e-06, rewards:-2.415491819381714, queue:0.9212962985038757, delay:0.11798560619354248, throughput:3997
episode:91/250, real avg travel time:210.53465098824117
step:3600/3600, q_loss:-3.2161728692396235e-06, rewards:-2.418381690979004, queue:0.9338624477386475, delay:0.1204056665301323, throughput:4030
episode:92/250, real avg travel time:208.60794044665013
step:3600/3600, q_loss:-2.3620254069101065e-06, rewards:-2.6582274436950684, queue:1.0342592000961304, delay:0.12559543550014496, throughput:4063
episode:93/250, real avg travel time:212.73000246123553
step:3600/3600, q_loss:1.3063212665858575e-06, rewards:-2.285970449447632, queue:0.9275132417678833, delay:0.11941515654325485, throughput:4047
episode:94/250, real avg travel time:205.6590066716086
step:3600/3600, q_loss:-7.320695294765755e-06, rewards:-2.2726891040802, queue:0.9177248477935791, delay:0.11827102303504944, throughput:4030
episode:95/250, real avg travel time:205.8017369727047
Test step:95/250, travel time :217.21883083290223, rewards:-2.6019575595855713, queue:0.9899470806121826, delay:0.11967585980892181, throughput:3866
step:3600/3600, q_loss:-2.898520283957219e-06, rewards:-2.239320755004883, queue:0.9033069014549255, delay:0.11889564245939255, throughput:3978
episode:96/250, real avg travel time:205.02840623428858
step:3600/3600, q_loss:1.6724760724981834e-06, rewards:-2.1255075931549072, queue:0.8996031880378723, delay:0.11571983247995377, throughput:4029
episode:97/250, real avg travel time:203.41722511789527
step:3600/3600, q_loss:3.509003626176208e-06, rewards:-2.17087984085083, queue:0.8871693015098572, delay:0.11632941663265228, throughput:3958
episode:98/250, real avg travel time:205.32516422435575
step:3600/3600, q_loss:3.893465570096547e-07, rewards:-2.457054615020752, queue:0.9701058268547058, delay:0.1218801736831665, throughput:4060
episode:99/250, real avg travel time:209.71600985221676
step:3600/3600, q_loss:-2.812515271620618e-06, rewards:-2.2271971702575684, queue:0.9157407283782959, delay:0.11683759093284607, throughput:4061
episode:100/250, real avg travel time:202.3393252893376
Test step:100/250, travel time :208.34073309241094, rewards:-2.113095998764038, queue:0.857275128364563, delay:0.11419567465782166, throughput:3874
step:3600/3600, q_loss:-2.6645468298940814e-06, rewards:-2.237197160720825, queue:0.9116402268409729, delay:0.11870034784078598, throughput:4004
episode:101/250, real avg travel time:204.2455044955045
step:3600/3600, q_loss:-2.8956696446079554e-06, rewards:-2.260432004928589, queue:0.8951058387756348, delay:0.11736110597848892, throughput:3957
episode:102/250, real avg travel time:205.0096032347738
step:3600/3600, q_loss:-9.934484518857466e-06, rewards:-2.013763666152954, queue:0.8580687642097473, delay:0.11448018252849579, throughput:3965
episode:103/250, real avg travel time:203.94905422446405
step:3600/3600, q_loss:-2.6905044554344687e-06, rewards:-2.194836139678955, queue:0.8949735164642334, delay:0.11528892815113068, throughput:3963
episode:104/250, real avg travel time:204.69417108251324
step:3600/3600, q_loss:7.476837506854079e-07, rewards:-2.188830852508545, queue:0.8755291104316711, delay:0.11701880395412445, throughput:3990
episode:105/250, real avg travel time:206.15889724310776
Test step:105/250, travel time :202.82831402831403, rewards:-2.0150177478790283, queue:0.8461640477180481, delay:0.1123407855629921, throughput:3885
step:3600/3600, q_loss:-1.0515393821858904e-06, rewards:-2.2076520919799805, queue:0.9107142686843872, delay:0.1164323091506958, throughput:3961
episode:106/250, real avg travel time:208.12244382731635
step:3600/3600, q_loss:-4.824366502968284e-06, rewards:-2.0008718967437744, queue:0.851190447807312, delay:0.11495454609394073, throughput:3978
episode:107/250, real avg travel time:202.1797385620915
step:3600/3600, q_loss:-5.097156342041369e-07, rewards:-2.0976486206054688, queue:0.8519841432571411, delay:0.11386778950691223, throughput:3964
episode:108/250, real avg travel time:203.8002018163471
step:3600/3600, q_loss:4.6082029358432115e-06, rewards:-2.479501962661743, queue:0.9453703761100769, delay:0.11913411319255829, throughput:3970
episode:109/250, real avg travel time:211.57833753148614
step:3600/3600, q_loss:-6.491931587030801e-06, rewards:-2.0892343521118164, queue:0.8505290746688843, delay:0.11369603872299194, throughput:3920
episode:110/250, real avg travel time:201.3109693877551
Test step:110/250, travel time :202.27691911385884, rewards:-1.9740756750106812, queue:0.8158730268478394, delay:0.11267774552106857, throughput:3882
step:3600/3600, q_loss:-1.870994391437206e-06, rewards:-2.100135087966919, queue:0.864814817905426, delay:0.11445705592632294, throughput:3931
episode:111/250, real avg travel time:204.74433986263037
step:3600/3600, q_loss:3.2355739272639363e-06, rewards:-2.16225266456604, queue:0.8908730149269104, delay:0.11625165492296219, throughput:3981
episode:112/250, real avg travel time:203.0570208490329
step:3600/3600, q_loss:-8.387636464451336e-06, rewards:-2.022006034851074, queue:0.8509259223937988, delay:0.11650822311639786, throughput:3989
episode:113/250, real avg travel time:198.16595638004512
step:3600/3600, q_loss:3.7461350156162453e-05, rewards:-2.8095293045043945, queue:0.961904764175415, delay:0.1182262971997261, throughput:3890
episode:114/250, real avg travel time:202.36966580976863
step:3600/3600, q_loss:-5.743673278225793e-08, rewards:-1.9943767786026, queue:0.8386243581771851, delay:0.11398264765739441, throughput:3959
episode:115/250, real avg travel time:201.01161909573125
Test step:115/250, travel time :215.99896426721907, rewards:-2.8167645931243896, queue:1.0316137075424194, delay:0.121692955493927, throughput:3862
step:3600/3600, q_loss:-5.059466356114071e-06, rewards:-2.1294846534729004, queue:0.8731481432914734, delay:0.11341151595115662, throughput:3976
episode:116/250, real avg travel time:200.4952213279678
step:3600/3600, q_loss:-7.005291344184014e-06, rewards:-1.991830587387085, queue:0.8391534686088562, delay:0.11319658160209656, throughput:3998
episode:117/250, real avg travel time:203.57303651825913
step:3600/3600, q_loss:-5.813837843662542e-06, rewards:-2.0303492546081543, queue:0.835449755191803, delay:0.11370638012886047, throughput:3925
episode:118/250, real avg travel time:200.57579617834395
step:3600/3600, q_loss:1.4130642537363909e-06, rewards:-1.9656962156295776, queue:0.8244708776473999, delay:0.11115343868732452, throughput:3942
episode:119/250, real avg travel time:202.42491121258246
step:3600/3600, q_loss:-6.574831301501642e-06, rewards:-2.1057560443878174, queue:0.8677248954772949, delay:0.11856100708246231, throughput:4034
episode:120/250, real avg travel time:202.7203767972236
Test step:120/250, travel time :201.97142857142856, rewards:-2.01556134223938, queue:0.8291005492210388, delay:0.10979926586151123, throughput:3850
step:3600/3600, q_loss:-4.97956965167153e-06, rewards:-1.9446197748184204, queue:0.8236772418022156, delay:0.11298753321170807, throughput:3960
episode:121/250, real avg travel time:200.86111111111111
step:3600/3600, q_loss:-2.209082110008846e-06, rewards:-1.9740334749221802, queue:0.8419312238693237, delay:0.11371702700853348, throughput:4045
episode:122/250, real avg travel time:199.26254635352288
step:3600/3600, q_loss:-3.7314531962490745e-06, rewards:-2.1707890033721924, queue:0.8932539820671082, delay:0.11456660181283951, throughput:4066
episode:123/250, real avg travel time:202.96950319724544
step:3600/3600, q_loss:1.5627113397284928e-06, rewards:-1.9294482469558716, queue:0.809920608997345, delay:0.10999377816915512, throughput:4075
episode:124/250, real avg travel time:200.94306748466258
step:3600/3600, q_loss:-7.034612361975532e-06, rewards:-2.032036781311035, queue:0.8538359999656677, delay:0.11331849545240402, throughput:4082
episode:125/250, real avg travel time:197.952964233219
Test step:125/250, travel time :203.82840996660673, rewards:-2.233790397644043, queue:0.8892857432365417, delay:0.1137608215212822, throughput:3893
step:3600/3600, q_loss:1.0461986271871461e-07, rewards:-2.1601274013519287, queue:0.8682539463043213, delay:0.11328723281621933, throughput:4023
episode:126/250, real avg travel time:201.7531692766592
step:3600/3600, q_loss:9.456971246335242e-05, rewards:-3.4436347484588623, queue:1.1298941373825073, delay:0.11882937699556351, throughput:4042
episode:127/250, real avg travel time:228.840672934191
step:3600/3600, q_loss:-1.999986307055224e-06, rewards:-2.02907657623291, queue:0.8313491940498352, delay:0.11430220305919647, throughput:4081
episode:128/250, real avg travel time:203.40186228865474
step:3600/3600, q_loss:9.309227041537977e-06, rewards:-2.470733404159546, queue:0.989814817905426, delay:0.11886114627122879, throughput:4080
episode:129/250, real avg travel time:206.0203431372549
step:3600/3600, q_loss:-8.733399024802364e-06, rewards:-2.001298189163208, queue:0.8370370268821716, delay:0.11383316665887833, throughput:4070
episode:130/250, real avg travel time:200.4825552825553
Test step:130/250, travel time :204.39613647767186, rewards:-2.170283794403076, queue:0.8759258985519409, delay:0.11389128118753433, throughput:3986
step:3600/3600, q_loss:1.3684954966366705e-06, rewards:-2.1897993087768555, queue:0.9014550447463989, delay:0.11749381572008133, throughput:4078
episode:131/250, real avg travel time:200.01128003923492
step:3600/3600, q_loss:-7.349532097578049e-06, rewards:-2.0119082927703857, queue:0.8726190328598022, delay:0.11559921503067017, throughput:4078
episode:132/250, real avg travel time:198.75404610102993
step:3600/3600, q_loss:-5.7761950301937756e-06, rewards:-2.011838674545288, queue:0.8503968119621277, delay:0.11440198868513107, throughput:4073
episode:133/250, real avg travel time:197.25288485146083
step:3600/3600, q_loss:-3.219541678036977e-06, rewards:-2.023834705352783, queue:0.8697090148925781, delay:0.11446622014045715, throughput:4083
episode:134/250, real avg travel time:197.07323046779328
step:3600/3600, q_loss:9.19389155266496e-06, rewards:-2.551161289215088, queue:1.0080687999725342, delay:0.12220560014247894, throughput:4074
episode:135/250, real avg travel time:209.49312714776633
Test step:135/250, travel time :226.93353248693055, rewards:-3.711639165878296, queue:1.2251322269439697, delay:0.12942606210708618, throughput:4017
step:3600/3600, q_loss:1.0335500539642656e-05, rewards:-2.7160282135009766, queue:1.0431216955184937, delay:0.12332871556282043, throughput:4064
episode:136/250, real avg travel time:216.1619094488189
step:3600/3600, q_loss:-3.4178141504526137e-06, rewards:-2.0758490562438965, queue:0.8753968477249146, delay:0.11426686495542526, throughput:4078
episode:137/250, real avg travel time:202.10446297204513
step:3600/3600, q_loss:-5.826127138182831e-06, rewards:-2.048583984375, queue:0.8686507940292358, delay:0.11478275060653687, throughput:4079
episode:138/250, real avg travel time:203.67663643049767
step:3600/3600, q_loss:4.54881948422149e-05, rewards:-2.8226735591888428, queue:1.03253972530365, delay:0.12129222601652145, throughput:4046
episode:139/250, real avg travel time:221.80622837370242
step:3600/3600, q_loss:5.411983430450265e-06, rewards:-2.1099226474761963, queue:0.8576719760894775, delay:0.11245033890008926, throughput:4038
episode:140/250, real avg travel time:203.3689945517583
Test step:140/250, travel time :202.1248058001036, rewards:-2.0926077365875244, queue:0.8255290985107422, delay:0.10880304872989655, throughput:3862
step:3600/3600, q_loss:-3.3767024433473126e-06, rewards:-1.9094792604446411, queue:0.8242063522338867, delay:0.11006011068820953, throughput:4053
episode:141/250, real avg travel time:200.33678756476684
step:3600/3600, q_loss:-1.072006469055648e-06, rewards:-2.0618247985839844, queue:0.8537036776542664, delay:0.11362659186124802, throughput:4022
episode:142/250, real avg travel time:202.88264545002485
step:3600/3600, q_loss:1.7020705046080468e-06, rewards:-2.149240016937256, queue:0.8804233074188232, delay:0.11415082216262817, throughput:3986
episode:143/250, real avg travel time:203.26442548921224
step:3600/3600, q_loss:1.1340401639851431e-05, rewards:-2.517500162124634, queue:1.0108466148376465, delay:0.12034208327531815, throughput:4073
episode:144/250, real avg travel time:214.63319420574516
step:3600/3600, q_loss:-2.4393972125835718e-06, rewards:-1.9816436767578125, queue:0.8501322865486145, delay:0.11270458251237869, throughput:4071
episode:145/250, real avg travel time:197.95283714075165
Test step:145/250, travel time :204.46732110565745, rewards:-2.0560245513916016, queue:0.831084668636322, delay:0.10845524072647095, throughput:3871
step:3600/3600, q_loss:4.0602135009572116e-06, rewards:-2.0934202671051025, queue:0.8611111044883728, delay:0.11220258474349976, throughput:3995
episode:146/250, real avg travel time:201.49161451814768
step:3600/3600, q_loss:-6.654575473577198e-06, rewards:-2.0862386226654053, queue:0.8582010865211487, delay:0.11263465881347656, throughput:3951
episode:147/250, real avg travel time:202.97671475575802
step:3600/3600, q_loss:-6.620913740739019e-06, rewards:-1.8553048372268677, queue:0.7855820059776306, delay:0.10942434519529343, throughput:3919
episode:148/250, real avg travel time:200.7611635621332
step:3600/3600, q_loss:-2.6015148452845298e-06, rewards:-2.0122647285461426, queue:0.8328042030334473, delay:0.11205451935529709, throughput:3941
episode:149/250, real avg travel time:202.10276579548338
step:3600/3600, q_loss:-1.055253710041547e-05, rewards:-1.9997762441635132, queue:0.8534391522407532, delay:0.11286898702383041, throughput:3959
episode:150/250, real avg travel time:204.28618337964133
Test step:150/250, travel time :202.9108164326573, rewards:-2.0128159523010254, queue:0.8125661611557007, delay:0.10742946714162827, throughput:3846
step:3600/3600, q_loss:-1.4242207705845228e-05, rewards:-2.0925657749176025, queue:0.8468254208564758, delay:0.11125725507736206, throughput:3989
episode:151/250, real avg travel time:205.2998245174229
step:3600/3600, q_loss:1.7365600191017923e-06, rewards:-2.0204923152923584, queue:0.8343915343284607, delay:0.11229117214679718, throughput:3945
episode:152/250, real avg travel time:202.35994930291508
step:3600/3600, q_loss:4.036383971753013e-06, rewards:-2.077197313308716, queue:0.8341270089149475, delay:0.11056103557348251, throughput:3910
episode:153/250, real avg travel time:205.49616368286445
step:3600/3600, q_loss:6.814784832790288e-05, rewards:-2.8976542949676514, queue:0.9716930985450745, delay:0.11474568396806717, throughput:3949
episode:154/250, real avg travel time:211.6604203595847
step:3600/3600, q_loss:-8.154978341836896e-06, rewards:-1.853403091430664, queue:0.8056878447532654, delay:0.10955530405044556, throughput:3972
episode:155/250, real avg travel time:200.03877139979858
Test step:155/250, travel time :205.4527518172378, rewards:-2.336130380630493, queue:0.9296296238899231, delay:0.11593402177095413, throughput:3852
step:3600/3600, q_loss:-1.7089104706731935e-06, rewards:-1.9622399806976318, queue:0.8272486925125122, delay:0.1091303750872612, throughput:3939
episode:156/250, real avg travel time:201.14039096217314
step:3600/3600, q_loss:-3.3613958900483946e-06, rewards:-2.1153807640075684, queue:0.845370352268219, delay:0.11116142570972443, throughput:3923
episode:157/250, real avg travel time:200.34361458067806
step:3600/3600, q_loss:-2.516383877567326e-07, rewards:-1.9653584957122803, queue:0.842989444732666, delay:0.11315697431564331, throughput:4000
episode:158/250, real avg travel time:199.042
step:3600/3600, q_loss:8.298478035915954e-05, rewards:-2.7532076835632324, queue:1.0164021253585815, delay:0.11404447257518768, throughput:3902
episode:159/250, real avg travel time:210.71143003587903
step:3600/3600, q_loss:-8.7076075336275e-06, rewards:-2.0311343669891357, queue:0.8230158686637878, delay:0.11030743271112442, throughput:3967
episode:160/250, real avg travel time:202.28938744643307
Test step:160/250, travel time :201.76077922077923, rewards:-2.111633539199829, queue:0.8502645492553711, delay:0.11328217387199402, throughput:3850
step:3600/3600, q_loss:-5.124643575982191e-06, rewards:-2.007772207260132, queue:0.8125661611557007, delay:0.10908713191747665, throughput:3914
episode:161/250, real avg travel time:203.19443025038325
step:3600/3600, q_loss:-5.732560303941783e-06, rewards:-1.946329116821289, queue:0.8035714030265808, delay:0.10923697799444199, throughput:3979
episode:162/250, real avg travel time:201.0696154812767
step:3600/3600, q_loss:-5.922392908056887e-06, rewards:-1.9520602226257324, queue:0.8125661611557007, delay:0.10778506845235825, throughput:3941
episode:163/250, real avg travel time:199.35320984521695
step:3600/3600, q_loss:1.4513665519189089e-06, rewards:-2.1111130714416504, queue:0.8423280715942383, delay:0.10950253158807755, throughput:3983
episode:164/250, real avg travel time:204.9979914637208
step:3600/3600, q_loss:-6.631906338346502e-06, rewards:-1.9960882663726807, queue:0.8078042268753052, delay:0.10899616032838821, throughput:3916
episode:165/250, real avg travel time:202.65245148110316
Test step:165/250, travel time :201.05183641573328, rewards:-2.126513719558716, queue:0.8373016119003296, delay:0.11157187074422836, throughput:3839
New best TEST travel time 201.0518 at episode 165, saved as best checkpoint
step:3600/3600, q_loss:-3.0507213119158728e-06, rewards:-1.9117629528045654, queue:0.7928571701049805, delay:0.10904721170663834, throughput:3897
episode:166/250, real avg travel time:202.98460354118552
step:3600/3600, q_loss:4.58391946772786e-06, rewards:-2.258223533630371, queue:0.8675925731658936, delay:0.11025664955377579, throughput:3933
episode:167/250, real avg travel time:208.97457411645055
step:3600/3600, q_loss:4.007290368058926e-06, rewards:-2.422037363052368, queue:0.9050264358520508, delay:0.11166223883628845, throughput:3924
episode:168/250, real avg travel time:206.51197757390418
step:3600/3600, q_loss:1.438922158235477e-06, rewards:-2.0976853370666504, queue:0.8396825194358826, delay:0.11183518171310425, throughput:3974
episode:169/250, real avg travel time:204.15374937091093
step:3600/3600, q_loss:-2.5646196364606212e-06, rewards:-2.175044536590576, queue:0.8517195582389832, delay:0.10914110392332077, throughput:3960
episode:170/250, real avg travel time:210.09747474747473
Test step:170/250, travel time :206.17640918580375, rewards:-2.1461050510406494, queue:0.8298941850662231, delay:0.10864358395338058, throughput:3832
step:3600/3600, q_loss:1.8251044417007101e-06, rewards:-2.2111032009124756, queue:0.8584656119346619, delay:0.1120290607213974, throughput:3963
episode:171/250, real avg travel time:206.2154933131466
step:3600/3600, q_loss:9.739247616380454e-07, rewards:-2.2993037700653076, queue:0.8773809671401978, delay:0.11010922491550446, throughput:3942
episode:172/250, real avg travel time:208.5441400304414
step:3600/3600, q_loss:2.2777410251567038e-05, rewards:-2.9381752014160156, queue:1.0376983880996704, delay:0.1167563647031784, throughput:3918
episode:173/250, real avg travel time:221.4104134762634
step:3600/3600, q_loss:6.25633361374235e-07, rewards:-2.3744544982910156, queue:0.8923280239105225, delay:0.11400072276592255, throughput:3922
episode:174/250, real avg travel time:208.6769505354411
step:3600/3600, q_loss:6.136832881667134e-06, rewards:-2.687009572982788, queue:0.9558200836181641, delay:0.11628053337335587, throughput:3945
episode:175/250, real avg travel time:222.893536121673
Test step:175/250, travel time :206.75104166666668, rewards:-2.2230725288391113, queue:0.8784391283988953, delay:0.11296849697828293, throughput:3840
step:3600/3600, q_loss:2.8033954367856496e-05, rewards:-3.4660120010375977, queue:1.231349229812622, delay:0.12730278074741364, throughput:3951
episode:176/250, real avg travel time:240.95849152113388
step:3600/3600, q_loss:1.5145677429649772e-06, rewards:-2.2763633728027344, queue:0.8862434029579163, delay:0.11359375715255737, throughput:3988
episode:177/250, real avg travel time:214.3673520561685
step:3600/3600, q_loss:-2.531858748019052e-06, rewards:-2.509706735610962, queue:0.9394180178642273, delay:0.11508306115865707, throughput:4042
episode:178/250, real avg travel time:210.5274616526472
step:3600/3600, q_loss:8.1034486356657e-07, rewards:-2.422792673110962, queue:0.9332010746002197, delay:0.11774452775716782, throughput:4055
episode:179/250, real avg travel time:209.9533908754624
step:3600/3600, q_loss:-7.86207698790046e-06, rewards:-2.1481945514678955, queue:0.8788359761238098, delay:0.1125425323843956, throughput:4054
episode:180/250, real avg travel time:205.00616674889
Test step:180/250, travel time :220.26566614007373, rewards:-2.7562882900238037, queue:1.0275132656097412, delay:0.1185612753033638, throughput:3798
step:3600/3600, q_loss:-2.834878331567678e-06, rewards:-2.465015411376953, queue:0.9306878447532654, delay:0.11586131155490875, throughput:3996
episode:181/250, real avg travel time:210.33233233233233
step:3600/3600, q_loss:4.106854046565584e-07, rewards:-2.319540500640869, queue:0.8951058387756348, delay:0.11358730494976044, throughput:3991
episode:182/250, real avg travel time:210.76472062139814
step:3600/3600, q_loss:1.4627756657622134e-05, rewards:-2.618302345275879, queue:0.9615079164505005, delay:0.11597192287445068, throughput:3909
episode:183/250, real avg travel time:211.59989767203888
step:3600/3600, q_loss:-2.979093632246885e-06, rewards:-2.11281418800354, queue:0.8423280715942383, delay:0.11283903568983078, throughput:3973
episode:184/250, real avg travel time:205.50641832368487
step:3600/3600, q_loss:8.178621283150277e-06, rewards:-2.5433945655822754, queue:0.9719576835632324, delay:0.11899517476558685, throughput:3969
episode:185/250, real avg travel time:216.72713529856387
Test step:185/250, travel time :219.59718969555036, rewards:-2.723219871520996, queue:1.0103174448013306, delay:0.11710790544748306, throughput:3843
step:3600/3600, q_loss:-2.406309997443006e-06, rewards:-2.2911131381988525, queue:0.908730149269104, delay:0.11772450804710388, throughput:4071
episode:186/250, real avg travel time:206.89240972733973
step:3600/3600, q_loss:-6.8406873348673495e-06, rewards:-2.1191489696502686, queue:0.8537036776542664, delay:0.113432876765728, throughput:4002
episode:187/250, real avg travel time:205.64092953523237
step:3600/3600, q_loss:-4.204766567757664e-06, rewards:-2.1515164375305176, queue:0.8503968119621277, delay:0.11289243400096893, throughput:4020
episode:188/250, real avg travel time:206.5823383084577
step:3600/3600, q_loss:6.181882733168702e-05, rewards:-2.975687026977539, queue:1.069179892539978, delay:0.12005212903022766, throughput:4027
episode:189/250, real avg travel time:214.00446982865657
step:3600/3600, q_loss:-2.0861543614753625e-06, rewards:-2.099592924118042, queue:0.8580687642097473, delay:0.1138022318482399, throughput:4002
episode:190/250, real avg travel time:203.14542728635683
Test step:190/250, travel time :213.2015444015444, rewards:-2.1662344932556152, queue:0.8535714149475098, delay:0.11049597710371017, throughput:3885
step:3600/3600, q_loss:-1.0249487119532812e-05, rewards:-2.180076837539673, queue:0.8805555701255798, delay:0.11620859801769257, throughput:4076
episode:191/250, real avg travel time:205.11825318940137
step:3600/3600, q_loss:9.857988495948827e-06, rewards:-2.693544864654541, queue:0.9793650507926941, delay:0.12022756785154343, throughput:4024
episode:192/250, real avg travel time:216.57331013916502
step:3600/3600, q_loss:1.0254029216917438e-05, rewards:-2.7899155616760254, queue:1.0115079879760742, delay:0.11819706112146378, throughput:3999
episode:193/250, real avg travel time:227.18554638659666
step:3600/3600, q_loss:1.032273002137016e-05, rewards:-2.412700653076172, queue:0.8862434029579163, delay:0.1112833172082901, throughput:3944
episode:194/250, real avg travel time:215.39503042596348
step:3600/3600, q_loss:1.0054668220820733e-05, rewards:-2.445068597793579, queue:0.8858465552330017, delay:0.11049023270606995, throughput:3949
episode:195/250, real avg travel time:211.97923524943025
Test step:195/250, travel time :209.93776150627616, rewards:-2.2057018280029297, queue:0.8167989253997803, delay:0.10745063424110413, throughput:3824
step:3600/3600, q_loss:-1.943937766352772e-06, rewards:-2.250882863998413, queue:0.8548941612243652, delay:0.11135386675596237, throughput:3904
episode:196/250, real avg travel time:206.78970286885246
step:3600/3600, q_loss:1.2550814547770036e-05, rewards:-2.7502529621124268, queue:0.9996031522750854, delay:0.1164056658744812, throughput:3853
episode:197/250, real avg travel time:216.4430314041007
step:3600/3600, q_loss:-6.015612517431792e-06, rewards:-1.994127869606018, queue:0.8214285969734192, delay:0.11237843334674835, throughput:3984
episode:198/250, real avg travel time:200.74096385542168
step:3600/3600, q_loss:-7.85580676973849e-06, rewards:-2.061523675918579, queue:0.811640202999115, delay:0.1092364713549614, throughput:3941
episode:199/250, real avg travel time:206.8081705150977
step:3600/3600, q_loss:-7.06890690101621e-07, rewards:-2.230358600616455, queue:0.8661375641822815, delay:0.11115712672472, throughput:3939
episode:200/250, real avg travel time:207.7121096725057
Test step:200/250, travel time :206.39059251559252, rewards:-2.0546932220458984, queue:0.8063492178916931, delay:0.10643994063138962, throughput:3848
step:3600/3600, q_loss:-7.145466002435165e-06, rewards:-2.0629260540008545, queue:0.8186507821083069, delay:0.11056924611330032, throughput:3943
episode:201/250, real avg travel time:202.15039310169922
step:3600/3600, q_loss:-6.6536519120240375e-06, rewards:-2.072800636291504, queue:0.8408730030059814, delay:0.11135795712471008, throughput:3956
episode:202/250, real avg travel time:202.13523761375126
step:3600/3600, q_loss:-8.221462566224444e-06, rewards:-2.198655366897583, queue:0.8712962865829468, delay:0.11366026103496552, throughput:3952
episode:203/250, real avg travel time:210.0748987854251
step:3600/3600, q_loss:-3.3452304503751093e-06, rewards:-2.003082275390625, queue:0.8137565851211548, delay:0.11191626638174057, throughput:3911
episode:204/250, real avg travel time:203.10892354896447
step:3600/3600, q_loss:-2.995453542098403e-07, rewards:-2.3205533027648926, queue:0.882539689540863, delay:0.11376654356718063, throughput:3967
episode:205/250, real avg travel time:213.0151247794303
Test step:205/250, travel time :212.65925542916236, rewards:-2.1562516689300537, queue:0.8362433910369873, delay:0.1092628762125969, throughput:3868
step:3600/3600, q_loss:-3.468063773147555e-06, rewards:-2.0775463581085205, queue:0.8244708776473999, delay:0.10957878828048706, throughput:3971
episode:206/250, real avg travel time:207.6194913120121
step:3600/3600, q_loss:-7.754200244865691e-06, rewards:-2.0455398559570312, queue:0.831084668636322, delay:0.11067236959934235, throughput:3962
episode:207/250, real avg travel time:206.02296819787986
step:3600/3600, q_loss:-1.2051998055540025e-06, rewards:-2.146193504333496, queue:0.8507936596870422, delay:0.11329591274261475, throughput:3984
episode:208/250, real avg travel time:209.69854417670683
step:3600/3600, q_loss:1.3914304711053975e-05, rewards:-2.8248443603515625, queue:1.0301587581634521, delay:0.11994526535272598, throughput:3975
episode:209/250, real avg travel time:228.20754716981133
step:3600/3600, q_loss:-6.6436339087279824e-06, rewards:-1.905432105064392, queue:0.801719605922699, delay:0.11091362684965134, throughput:4002
episode:210/250, real avg travel time:201.25887056471765
Test step:210/250, travel time :210.83750322414238, rewards:-2.204454183578491, queue:0.8697090148925781, delay:0.1088414415717125, throughput:3877
step:3600/3600, q_loss:3.5180404908411825e-05, rewards:-2.656886577606201, queue:0.924735426902771, delay:0.11551272869110107, throughput:3874
episode:211/250, real avg travel time:206.2176045431079
step:3600/3600, q_loss:-4.526058182818815e-06, rewards:-1.9192970991134644, queue:0.7984126806259155, delay:0.1101558580994606, throughput:3988
episode:212/250, real avg travel time:202.90396188565697
step:3600/3600, q_loss:2.8760124728756233e-06, rewards:-2.118823289871216, queue:0.8486772775650024, delay:0.11153876036405563, throughput:3994
episode:213/250, real avg travel time:205.55107661492238
step:3600/3600, q_loss:1.9971491484385398e-06, rewards:-2.236983060836792, queue:0.8720899224281311, delay:0.11304549872875214, throughput:4018
episode:214/250, real avg travel time:210.01169736187157
step:3600/3600, q_loss:8.852106677497634e-05, rewards:-3.6333467960357666, queue:1.1468254327774048, delay:0.12227319180965424, throughput:3940
episode:215/250, real avg travel time:231.89111675126904
Test step:215/250, travel time :207.5938064516129, rewards:-1.9687612056732178, queue:0.7892857193946838, delay:0.10778269171714783, throughput:3875
step:3600/3600, q_loss:-6.749864284453603e-06, rewards:-1.9059200286865234, queue:0.7891534566879272, delay:0.10909870266914368, throughput:3972
episode:216/250, real avg travel time:207.98917421953675
step:3600/3600, q_loss:6.764971767552197e-05, rewards:-2.8649115562438965, queue:1.0511904954910278, delay:0.11683349311351776, throughput:3985
episode:217/250, real avg travel time:227.3370138017566
step:3600/3600, q_loss:-2.834086545691308e-06, rewards:-2.278435707092285, queue:0.8661375641822815, delay:0.11312379688024521, throughput:3995
episode:218/250, real avg travel time:217.6590738423029
step:3600/3600, q_loss:-3.4111251200859746e-06, rewards:-2.055650234222412, queue:0.823544979095459, delay:0.1126185730099678, throughput:3979
episode:219/250, real avg travel time:205.84066348328724
step:3600/3600, q_loss:1.662915355053782e-05, rewards:-2.8383679389953613, queue:1.050661325454712, delay:0.11979413777589798, throughput:3969
episode:220/250, real avg travel time:229.5220458553792
Test step:220/250, travel time :226.09498819207556, rewards:-2.9562981128692627, queue:1.0318783521652222, delay:0.1159689873456955, throughput:3811
step:3600/3600, q_loss:-3.3006147633487773e-06, rewards:-2.0610358715057373, queue:0.8264549970626831, delay:0.11323074251413345, throughput:3960
episode:221/250, real avg travel time:207.0229797979798
step:3600/3600, q_loss:3.430964877932436e-06, rewards:-2.085787296295166, queue:0.817460298538208, delay:0.10846426337957382, throughput:3919
episode:222/250, real avg travel time:208.36667517223782
step:3600/3600, q_loss:-1.7542246496304869e-06, rewards:-2.2152180671691895, queue:0.8493386507034302, delay:0.11111769825220108, throughput:3910
episode:223/250, real avg travel time:215.8237851662404
step:3600/3600, q_loss:2.365120760967127e-08, rewards:-2.1536457538604736, queue:0.8551587462425232, delay:0.11214487999677658, throughput:3932
episode:224/250, real avg travel time:216.1940488301119
step:3600/3600, q_loss:-1.7681746814762138e-06, rewards:-1.9180924892425537, queue:0.7866402268409729, delay:0.10827039182186127, throughput:3905
episode:225/250, real avg travel time:206.2099871959027
Test step:225/250, travel time :209.7393006263048, rewards:-1.9661900997161865, queue:0.7777777910232544, delay:0.10685661435127258, throughput:3832
step:3600/3600, q_loss:-2.443260463122796e-06, rewards:-2.027202606201172, queue:0.8169311881065369, delay:0.1097557321190834, throughput:3963
episode:226/250, real avg travel time:206.8498612162503
step:3600/3600, q_loss:-4.081397815348788e-06, rewards:-1.900260090827942, queue:0.7955026626586914, delay:0.10782532393932343, throughput:3984
episode:227/250, real avg travel time:209.14006024096386
step:3600/3600, q_loss:-2.62135225865576e-06, rewards:-2.001776695251465, queue:0.804100513458252, delay:0.1096205934882164, throughput:3917
episode:228/250, real avg travel time:222.30048506510084
step:3600/3600, q_loss:5.116335240826528e-06, rewards:-2.4611806869506836, queue:0.9257936477661133, delay:0.11416608095169067, throughput:3902
episode:229/250, real avg travel time:221.61865709892362
step:3600/3600, q_loss:-9.238991090872635e-06, rewards:-1.9950944185256958, queue:0.7998677492141724, delay:0.10959790647029877, throughput:3976
episode:230/250, real avg travel time:214.50402414486922
Test step:230/250, travel time :238.47206114918293, rewards:-2.336533546447754, queue:0.8417989611625671, delay:0.10798975825309753, throughput:3794
step:3600/3600, q_loss:-1.1671759663537766e-05, rewards:-2.0228915214538574, queue:0.8070105910301208, delay:0.10820712894201279, throughput:3881
episode:231/250, real avg travel time:225.662200463798
step:3600/3600, q_loss:-9.033292897381922e-06, rewards:-2.1653456687927246, queue:0.851190447807312, delay:0.1126190721988678, throughput:3994
episode:232/250, real avg travel time:219.35628442663997
step:3600/3600, q_loss:-3.2811677859475215e-06, rewards:-2.3302245140075684, queue:0.879100501537323, delay:0.11268594861030579, throughput:4027
episode:233/250, real avg travel time:221.74497144276137
step:3600/3600, q_loss:-4.848480865702085e-06, rewards:-2.1690969467163086, queue:0.8370370268821716, delay:0.11041969060897827, throughput:3975
episode:234/250, real avg travel time:221.70490566037736
step:3600/3600, q_loss:-7.272351487901889e-06, rewards:-2.1081035137176514, queue:0.813359797000885, delay:0.10855618119239807, throughput:3998
episode:235/250, real avg travel time:220.41970985492748
Test step:235/250, travel time :251.47250723493818, rewards:-3.43991756439209, queue:1.0846561193466187, delay:0.11480556428432465, throughput:3801
step:3600/3600, q_loss:2.457328163371939e-07, rewards:-2.1576099395751953, queue:0.8371692895889282, delay:0.10946870595216751, throughput:3917
episode:236/250, real avg travel time:221.26065866734746
step:3600/3600, q_loss:5.3474954216249496e-05, rewards:-2.852769613265991, queue:0.9932539463043213, delay:0.1106453388929367, throughput:3915
episode:237/250, real avg travel time:226.82247765006386
step:3600/3600, q_loss:0.0007369834127732449, rewards:-6.9117960929870605, queue:2.1115078926086426, delay:0.1234709694981575, throughput:3737
episode:238/250, real avg travel time:293.9025956649719
step:3600/3600, q_loss:-3.2372874557040633e-06, rewards:-2.183354377746582, queue:0.8231481313705444, delay:0.10880722850561142, throughput:3865
episode:239/250, real avg travel time:225.48227684346702
step:3600/3600, q_loss:-4.762299310338373e-06, rewards:-2.313603401184082, queue:0.8578042387962341, delay:0.11083640903234482, throughput:3942
episode:240/250, real avg travel time:241.44723490613902
Test step:240/250, travel time :274.16360245137224, rewards:-3.5598747730255127, queue:1.132275104522705, delay:0.11781139671802521, throughput:3753
step:3600/3600, q_loss:-7.272305972744815e-06, rewards:-2.048171043395996, queue:0.8173280358314514, delay:0.10876573622226715, throughput:3994
episode:241/250, real avg travel time:224.63094641962945
step:3600/3600, q_loss:-5.1311880169022415e-06, rewards:-2.125, queue:0.820105791091919, delay:0.10969844460487366, throughput:3913
episode:242/250, real avg travel time:218.0076667518528
step:3600/3600, q_loss:-4.910940656878261e-06, rewards:-2.298518180847168, queue:0.8469576835632324, delay:0.11000965535640717, throughput:3965
episode:243/250, real avg travel time:229.34577553593948
step:3600/3600, q_loss:8.820505576699765e-07, rewards:-2.127739429473877, queue:0.8279100656509399, delay:0.11086981743574142, throughput:3953
episode:244/250, real avg travel time:232.46040981533014
step:3600/3600, q_loss:-1.6938297145922357e-06, rewards:-2.0344135761260986, queue:0.8078042268753052, delay:0.10717865824699402, throughput:3927
episode:245/250, real avg travel time:221.69493251846194
Test step:245/250, travel time :253.99121171770972, rewards:-3.119396924972534, queue:1.027645468711853, delay:0.11302598565816879, throughput:3755
step:3600/3600, q_loss:-1.786568868232684e-06, rewards:-2.3120062351226807, queue:0.8466930985450745, delay:0.11081689596176147, throughput:3892
episode:246/250, real avg travel time:232.13566289825283
step:3600/3600, q_loss:-5.810761487939292e-06, rewards:-2.23503041267395, queue:0.8330687880516052, delay:0.11178331077098846, throughput:3951
episode:247/250, real avg travel time:221.53783852189318
step:3600/3600, q_loss:-2.72970096880777e-06, rewards:-2.1460492610931396, queue:0.8203703761100769, delay:0.10764827579259872, throughput:3912
episode:248/250, real avg travel time:227.25
step:3600/3600, q_loss:7.429860767539745e-05, rewards:-3.0333642959594727, queue:1.0394179821014404, delay:0.11314751207828522, throughput:3960
episode:249/250, real avg travel time:262.05505050505053
Hyperparameters saved to: data/output_data/tsc/sumo_hyperlight_mappo/sumo1x21/c8rf_ing21_seed2/hyperparameters.json
Loaded best checkpoint for final evaluation
Final Travel Time is 201.0518, mean rewards: -2.1265, queue: 0.8373, delay: 0.1116, throughput: 3839
Total time taken: 11260.308959722519
