structural conditioning spec: structural_v1:in_lane_count,out_lane_count,in_degree,out_degree,node_degree,neighbor_count,phase_count,startlane_count,lanes_per_in_road,lanes_per_out_road,out_in_lane_ratio,controlled_neighbor_ratio
structural features (min/mean/max): in_lane_count[12/12.00/12] out_lane_count[12/12.00/12] in_degree[4/4.00/4] out_degree[4/4.00/4] node_degree[8/8.00/8] neighbor_count[2/3.64/4] phase_count[8/8.00/8] startlane_count[12/12.00/12] lanes_per_in_road[3/3.00/3] lanes_per_out_road[3/3.00/3] out_in_lane_ratio[1/1.00/1] controlled_neighbor_ratio[0.5/0.91/1]
step:3600/3600, q_loss:0.0037437563428632274, rewards:-352.0524597167969, queue:21.573286056518555, delay:0.11637231707572937, throughput:7451
episode:0/50, real avg travel time:1601.9276842569825
Test step:0/50, travel time :1770.3410882037701, rewards:-362.8499450683594, queue:22.257497787475586, delay:0.10551568120718002, throughput:4762
New best TEST travel time 1770.3411 at episode 0, saved as best checkpoint
step:3600/3600, q_loss:0.0035095367615145664, rewards:-346.17584228515625, queue:21.21700668334961, delay:0.11700250208377838, throughput:7636
episode:1/50, real avg travel time:1593.0039720068091
step:3600/3600, q_loss:0.0034249394113071447, rewards:-349.19677734375, queue:21.39997100830078, delay:0.11649222671985626, throughput:7671
episode:2/50, real avg travel time:1586.9920559863817
step:3600/3600, q_loss:0.003122595268485631, rewards:-341.24517822265625, queue:20.913875579833984, delay:0.11629799008369446, throughput:7681
episode:3/50, real avg travel time:1574.144190151945
step:3600/3600, q_loss:0.003202943429695787, rewards:-351.01708984375, queue:21.514724731445312, delay:0.117086261510849, throughput:7782
episode:4/50, real avg travel time:1587.9909211272934
step:3600/3600, q_loss:0.0029887652508971962, rewards:-344.9765930175781, queue:21.140886306762695, delay:0.11471358686685562, throughput:7835
episode:5/50, real avg travel time:1581.1386419519577
Test step:5/50, travel time :1755.821764075405, rewards:-326.06524658203125, queue:19.999446868896484, delay:0.09177232533693314, throughput:3159
New best TEST travel time 1755.8218 at episode 5, saved as best checkpoint
step:3600/3600, q_loss:0.0030695838451293513, rewards:-345.8122253417969, queue:21.19159507751465, delay:0.11455876380205154, throughput:7791
episode:6/50, real avg travel time:1578.6271987894836
step:3600/3600, q_loss:0.0027789839238710244, rewards:-336.36737060546875, queue:20.608871459960938, delay:0.11455411463975906, throughput:7896
episode:7/50, real avg travel time:1562.1629153269025
step:3600/3600, q_loss:0.002783462235612082, rewards:-341.2590637207031, queue:20.90850257873535, delay:0.11287982016801834, throughput:7888
episode:8/50, real avg travel time:1565.2603240653175
step:3600/3600, q_loss:0.0026658067077306316, rewards:-337.31732177734375, queue:20.670024871826172, delay:0.11283260583877563, throughput:7901
episode:9/50, real avg travel time:1551.3055923333964
step:3600/3600, q_loss:0.002615044357824243, rewards:-338.1233825683594, queue:20.71686553955078, delay:0.11369901895523071, throughput:8035
episode:10/50, real avg travel time:1550.2408423176344
Test step:10/50, travel time :1680.4121429922452, rewards:-342.2076721191406, queue:20.985883712768555, delay:0.10133513063192368, throughput:5658
New best TEST travel time 1680.4121 at episode 10, saved as best checkpoint
step:3600/3600, q_loss:0.0023896245679668623, rewards:-330.54217529296875, queue:20.253259658813477, delay:0.11421003192663193, throughput:8071
episode:11/50, real avg travel time:1537.891810100246
step:3600/3600, q_loss:0.0023558230843555962, rewards:-330.0826721191406, queue:20.221046447753906, delay:0.11038321256637573, throughput:8073
episode:12/50, real avg travel time:1530.3976420150054
step:3600/3600, q_loss:0.002296486261831079, rewards:-325.8616638183594, queue:19.95943832397461, delay:0.1114606037735939, throughput:8093
episode:13/50, real avg travel time:1528.2160645608726
step:3600/3600, q_loss:0.0022727699375446934, rewards:-324.66571044921875, queue:19.8880672454834, delay:0.11205877363681793, throughput:8184
episode:14/50, real avg travel time:1514.0469075089843
step:3600/3600, q_loss:0.0022336856398823455, rewards:-328.7665710449219, queue:20.140050888061523, delay:0.11266400665044785, throughput:8280
episode:15/50, real avg travel time:1506.3680726309817
Test step:15/50, travel time :1681.7653994073514, rewards:-350.6437072753906, queue:21.508220672607422, delay:0.11078086495399475, throughput:5887
step:3600/3600, q_loss:0.002242637174721393, rewards:-328.7481384277344, queue:20.135345458984375, delay:0.11027969419956207, throughput:8248
episode:16/50, real avg travel time:1496.687346321165
step:3600/3600, q_loss:0.002225870464462787, rewards:-326.9680480957031, queue:20.025836944580078, delay:0.11082327365875244, throughput:8301
episode:17/50, real avg travel time:1496.8751655002836
step:3600/3600, q_loss:0.001997259718273985, rewards:-318.2735900878906, queue:19.491283416748047, delay:0.11049479246139526, throughput:8386
episode:18/50, real avg travel time:1475.9382132274131
step:3600/3600, q_loss:0.0020323275774573606, rewards:-323.0182800292969, queue:19.780811309814453, delay:0.11076010018587112, throughput:8456
episode:19/50, real avg travel time:1474.8257360822142
step:3600/3600, q_loss:0.0019249196834057384, rewards:-320.04193115234375, queue:19.599815368652344, delay:0.11134923994541168, throughput:8406
episode:20/50, real avg travel time:1462.7429544164934
Test step:20/50, travel time :1628.1467120610303, rewards:-381.8529968261719, queue:23.42030906677246, delay:0.12816710770130157, throughput:7543
New best TEST travel time 1628.1467 at episode 20, saved as best checkpoint
step:3600/3600, q_loss:0.001978800324636891, rewards:-322.2268371582031, queue:19.734750747680664, delay:0.1090925931930542, throughput:8491
episode:21/50, real avg travel time:1464.777882857323
step:3600/3600, q_loss:0.0018688289526229104, rewards:-318.4359436035156, queue:19.50204086303711, delay:0.10850628465414047, throughput:8715
episode:22/50, real avg travel time:1448.6902465166131
step:3600/3600, q_loss:0.001648964093319704, rewards:-308.39599609375, queue:18.88245391845703, delay:0.10821607708930969, throughput:8552
episode:23/50, real avg travel time:1436.4497824853413
step:3600/3600, q_loss:0.0016871222530572135, rewards:-312.9364929199219, queue:19.16241455078125, delay:0.10862886160612106, throughput:8651
episode:24/50, real avg travel time:1439.3456276401237
step:3600/3600, q_loss:0.0017288228850466784, rewards:-310.6114501953125, queue:19.01988410949707, delay:0.10716325789690018, throughput:8641
episode:25/50, real avg travel time:1433.816405018599
Test step:25/50, travel time :1464.7319210642456, rewards:-350.85980224609375, queue:21.50566864013672, delay:0.12751586735248566, throughput:8929
New best TEST travel time 1464.7319 at episode 25, saved as best checkpoint
step:3600/3600, q_loss:0.0016298305803771923, rewards:-309.4163818359375, queue:18.94632911682129, delay:0.10406683385372162, throughput:8806
episode:26/50, real avg travel time:1428.6718996280183
step:3600/3600, q_loss:0.001524650347476572, rewards:-300.99755859375, queue:18.425567626953125, delay:0.10442323982715607, throughput:8635
episode:27/50, real avg travel time:1415.6328730849252
step:3600/3600, q_loss:0.0014187603031951981, rewards:-300.8391418457031, queue:18.416723251342773, delay:0.1044391542673111, throughput:8798
episode:28/50, real avg travel time:1413.9278103524368
step:3600/3600, q_loss:0.0014401039582918641, rewards:-302.36651611328125, queue:18.509721755981445, delay:0.10452975332736969, throughput:8883
episode:29/50, real avg travel time:1405.9061849820314
step:3600/3600, q_loss:0.00146135671644897, rewards:-305.1012268066406, queue:18.678600311279297, delay:0.10519483685493469, throughput:8849
episode:30/50, real avg travel time:1416.256289010781
Test step:30/50, travel time :1418.1907193745665, rewards:-331.13299560546875, queue:20.287670135498047, delay:0.11641297489404678, throughput:8893
New best TEST travel time 1418.1907 at episode 30, saved as best checkpoint
step:3600/3600, q_loss:0.0013832122323183733, rewards:-298.2666320800781, queue:18.262500762939453, delay:0.10341411828994751, throughput:8822
episode:31/50, real avg travel time:1398.6870941302566
step:3600/3600, q_loss:0.0013986867901374712, rewards:-294.5519714355469, queue:18.030824661254883, delay:0.1031680703163147, throughput:8882
episode:32/50, real avg travel time:1389.8025975663577
step:3600/3600, q_loss:0.0014627791469755732, rewards:-301.9718017578125, queue:18.488420486450195, delay:0.10344484448432922, throughput:8886
episode:33/50, real avg travel time:1401.049681608978
step:3600/3600, q_loss:0.0014786881529783578, rewards:-300.4970397949219, queue:18.396556854248047, delay:0.10231713205575943, throughput:8879
episode:34/50, real avg travel time:1400.8978626820503
step:3600/3600, q_loss:0.0014402338533581773, rewards:-296.2780456542969, queue:18.138959884643555, delay:0.10196055471897125, throughput:8904
episode:35/50, real avg travel time:1379.3842128491267
Test step:35/50, travel time :1429.0571212407792, rewards:-331.5002746582031, queue:20.311111450195312, delay:0.12009699642658234, throughput:8846
step:3600/3600, q_loss:0.0014356342434630165, rewards:-300.2000427246094, queue:18.379606246948242, delay:0.10132933408021927, throughput:8768
episode:36/50, real avg travel time:1389.1391463337748
step:3600/3600, q_loss:0.0015080293255317727, rewards:-295.74884033203125, queue:18.105045318603516, delay:0.1003299206495285, throughput:8778
episode:37/50, real avg travel time:1381.2619002584956
step:3600/3600, q_loss:0.0014447640271190508, rewards:-297.9841003417969, queue:18.242658615112305, delay:0.10073820501565933, throughput:8709
episode:38/50, real avg travel time:1383.0066200113486
step:3600/3600, q_loss:0.0014961390117942184, rewards:-291.5024108886719, queue:17.844799041748047, delay:0.10150540620088577, throughput:9033
episode:39/50, real avg travel time:1370.071559170292
step:3600/3600, q_loss:0.0014976089711036579, rewards:-286.9648132324219, queue:17.564285278320312, delay:0.10174471139907837, throughput:8914
episode:40/50, real avg travel time:1361.1992308177291
Test step:40/50, travel time :1426.9617930773595, rewards:-329.629638671875, queue:20.196514129638672, delay:0.12217458337545395, throughput:8730
step:3600/3600, q_loss:0.0015109923409505023, rewards:-292.1956481933594, queue:17.886096954345703, delay:0.10370872169733047, throughput:8915
episode:41/50, real avg travel time:1372.1439379610365
step:3600/3600, q_loss:0.0015613133967336682, rewards:-303.5726013183594, queue:18.58629608154297, delay:0.10245344787836075, throughput:8908
episode:42/50, real avg travel time:1388.9937582750142
step:3600/3600, q_loss:0.0015843320149284456, rewards:-291.23260498046875, queue:17.826162338256836, delay:0.1018403097987175, throughput:9169
episode:43/50, real avg travel time:1354.0382699703675
step:3600/3600, q_loss:0.0015249361002380834, rewards:-305.6763610839844, queue:18.71761703491211, delay:0.10254207998514175, throughput:8894
episode:44/50, real avg travel time:1384.1759662064183
step:3600/3600, q_loss:0.0016354389304732097, rewards:-288.6326599121094, queue:17.66886329650879, delay:0.10123279690742493, throughput:9016
episode:45/50, real avg travel time:1358.5952966395562
Test step:45/50, travel time :1366.3328289515164, rewards:-294.2110900878906, queue:18.022207260131836, delay:0.1158841922879219, throughput:9231
New best TEST travel time 1366.3328 at episode 45, saved as best checkpoint
step:3600/3600, q_loss:0.001572674386387254, rewards:-285.7303161621094, queue:17.48893165588379, delay:0.1017928421497345, throughput:9209
episode:46/50, real avg travel time:1340.6665405712124
step:3600/3600, q_loss:0.0016646775957426907, rewards:-292.38165283203125, queue:17.899717330932617, delay:0.10021781921386719, throughput:8999
episode:47/50, real avg travel time:1370.8150810163293
step:3600/3600, q_loss:0.0015548559020698806, rewards:-289.5565185546875, queue:17.72726821899414, delay:0.09942039847373962, throughput:9062
episode:48/50, real avg travel time:1354.20118529727
step:3600/3600, q_loss:0.0015778193669968548, rewards:-291.3122863769531, queue:17.83144760131836, delay:0.0993419662117958, throughput:8968
episode:49/50, real avg travel time:1363.5195763192737
Hyperparameters saved to: data/output_data/tsc/cityflow_hyperlight_mappo/cityflow7x28/ft_scratch_7x28_seed1/hyperparameters.json
Loaded best checkpoint for final evaluation
Final Travel Time is 1366.3328, mean rewards: -294.2111, queue: 18.0222, delay: 0.1159, throughput: 9231
Total time taken: 20743.66066646576
