Resumed training from episode 25; continuing through episode 249
step:3600/3600, q_loss:0.00020478543506383346, rewards:-47.650543212890625, queue:11.904224395751953, delay:0.11974826455116272, throughput:1889
episode:25/250, real avg travel time:969.1129603399434
Test step:25/250, travel time :1309.8162181303117, rewards:-70.31779479980469, queue:17.605730056762695, delay:0.15562625229358673, throughput:1796
New best TEST travel time 1309.8162 at episode 25, saved as best checkpoint
step:3600/3600, q_loss:0.00019886183687543244, rewards:-47.410118103027344, queue:11.840914726257324, delay:0.12043491005897522, throughput:1868
episode:26/250, real avg travel time:980.7354815864022
step:3600/3600, q_loss:0.0002558848188965823, rewards:-54.45909118652344, queue:13.61446762084961, delay:0.1260351985692978, throughput:1810
episode:27/250, real avg travel time:1092.4182011331445
step:3600/3600, q_loss:0.00021197776242596226, rewards:-50.20988464355469, queue:12.543923377990723, delay:0.12112172693014145, throughput:1837
episode:28/250, real avg travel time:1023.0453257790368
step:3600/3600, q_loss:0.00016711605921169214, rewards:-49.2978401184082, queue:12.321643829345703, delay:0.12109863758087158, throughput:1871
episode:29/250, real avg travel time:1016.4667138810198
step:3600/3600, q_loss:0.00016645811180332823, rewards:-49.331581115722656, queue:12.324652671813965, delay:0.12047647684812546, throughput:1892
episode:30/250, real avg travel time:1016.8197592067988
Test step:30/250, travel time :1335.3275495750709, rewards:-72.37467956542969, queue:18.121355056762695, delay:0.1539970338344574, throughput:1728
step:3600/3600, q_loss:0.00016184653799382993, rewards:-46.867340087890625, queue:11.704745292663574, delay:0.11970493197441101, throughput:1875
episode:31/250, real avg travel time:995.8859773371105
step:3600/3600, q_loss:0.00012166691975622082, rewards:-47.57576370239258, queue:11.888715744018555, delay:0.11959957331418991, throughput:1863
episode:32/250, real avg travel time:1008.3810198300283
step:3600/3600, q_loss:0.00012522774236851638, rewards:-46.1596794128418, queue:11.531018257141113, delay:0.11893553286790848, throughput:1885
episode:33/250, real avg travel time:980.5548866855524
step:3600/3600, q_loss:0.00010520044461260607, rewards:-49.76419448852539, queue:12.439004898071289, delay:0.12169641256332397, throughput:1817
episode:34/250, real avg travel time:1041.4529036827196
step:3600/3600, q_loss:0.00011556147839184162, rewards:-48.69636917114258, queue:12.168344497680664, delay:0.120696060359478, throughput:1823
episode:35/250, real avg travel time:1007.7347733711048
Test step:35/250, travel time :1234.146954674221, rewards:-65.26737976074219, queue:16.337095260620117, delay:0.15150001645088196, throughput:1740
New best TEST travel time 1234.1470 at episode 35, saved as best checkpoint
step:3600/3600, q_loss:6.443909146639023e-05, rewards:-45.44613265991211, queue:11.349421501159668, delay:0.11885438114404678, throughput:1942
episode:36/250, real avg travel time:973.6880311614731
step:3600/3600, q_loss:8.578860146326966e-05, rewards:-50.05940246582031, queue:12.514062881469727, delay:0.1238352432847023, throughput:1856
episode:37/250, real avg travel time:1039.1409348441925
step:3600/3600, q_loss:7.047408158362004e-05, rewards:-44.68478775024414, queue:11.163773536682129, delay:0.11712030321359634, throughput:1896
episode:38/250, real avg travel time:968.1271246458923
step:3600/3600, q_loss:7.972995503403155e-05, rewards:-46.91349411010742, queue:11.722569465637207, delay:0.11948103457689285, throughput:1900
episode:39/250, real avg travel time:997.3388810198301
step:3600/3600, q_loss:6.295438923436091e-05, rewards:-45.721073150634766, queue:11.423958778381348, delay:0.11817601323127747, throughput:1882
episode:40/250, real avg travel time:966.185552407932
Test step:40/250, travel time :1370.1990084985837, rewards:-73.67041778564453, queue:18.449073791503906, delay:0.155112624168396, throughput:1735
