Resumed training from episode 25; continuing through episode 249
step:3600/3600, q_loss:0.0001543746939946518, rewards:-47.667816162109375, queue:11.91047477722168, delay:0.1207859069108963, throughput:1887
episode:25/250, real avg travel time:977.3261331444759
Test step:25/250, travel time :1237.1196883852692, rewards:-65.6216812133789, queue:16.426156997680664, delay:0.14935342967510223, throughput:1795
New best TEST travel time 1237.1197 at episode 25, saved as best checkpoint
step:3600/3600, q_loss:0.00019640148068306808, rewards:-48.64387893676758, queue:12.151215553283691, delay:0.12258818000555038, throughput:1903
episode:26/250, real avg travel time:1009.4341359773371
step:3600/3600, q_loss:0.00020186295287315676, rewards:-50.31222915649414, queue:12.572627067565918, delay:0.12221779674291611, throughput:1831
episode:27/250, real avg travel time:1039.2542492917846
step:3600/3600, q_loss:0.00024131734612581812, rewards:-49.866477966308594, queue:12.463946342468262, delay:0.12339001148939133, throughput:1862
episode:28/250, real avg travel time:1037.5736543909347
step:3600/3600, q_loss:0.00015987705735397744, rewards:-46.58485412597656, queue:11.64328670501709, delay:0.11778807640075684, throughput:1882
episode:29/250, real avg travel time:976.6643059490085
step:3600/3600, q_loss:0.0001452334673592338, rewards:-46.76494598388672, queue:11.683218002319336, delay:0.11797323077917099, throughput:1846
episode:30/250, real avg travel time:982.0088526912182
Test step:30/250, travel time :1213.479461756374, rewards:-64.05131530761719, queue:16.02864646911621, delay:0.14269378781318665, throughput:1841
New best TEST travel time 1213.4795 at episode 30, saved as best checkpoint
step:3600/3600, q_loss:0.00013291518495671083, rewards:-47.7473030090332, queue:11.92789363861084, delay:0.11755427718162537, throughput:1859
episode:31/250, real avg travel time:1012.1129603399434
step:3600/3600, q_loss:0.0001368216059981259, rewards:-49.516807556152344, queue:12.372511863708496, delay:0.11879546195268631, throughput:1851
episode:32/250, real avg travel time:1021.0934844192634
step:3600/3600, q_loss:0.00011191674742422262, rewards:-49.138790130615234, queue:12.278935432434082, delay:0.12024709582328796, throughput:1890
episode:33/250, real avg travel time:1025.6575779036827
step:3600/3600, q_loss:0.00013561289093491657, rewards:-50.465572357177734, queue:12.611689567565918, delay:0.11853265762329102, throughput:1788
episode:34/250, real avg travel time:1050.3392351274788
step:3600/3600, q_loss:6.331186030163533e-05, rewards:-46.10099411010742, queue:11.513657569885254, delay:0.11617454886436462, throughput:1876
episode:35/250, real avg travel time:979.9447592067988
Test step:35/250, travel time :1230.7181303116147, rewards:-64.85784912109375, queue:16.230266571044922, delay:0.14951451122760773, throughput:1836
step:3600/3600, q_loss:0.00012854990710354882, rewards:-49.222450256347656, queue:12.300115585327148, delay:0.11838415265083313, throughput:1853
episode:36/250, real avg travel time:1033.6271246458923
step:3600/3600, q_loss:8.756852303459137e-05, rewards:-50.446250915527344, queue:12.610474586486816, delay:0.1181458979845047, throughput:1861
episode:37/250, real avg travel time:1050.024433427762
step:3600/3600, q_loss:0.00010931755489393794, rewards:-52.272369384765625, queue:13.06851863861084, delay:0.12134140729904175, throughput:1819
episode:38/250, real avg travel time:1076.403328611898
step:3600/3600, q_loss:5.974785538309794e-05, rewards:-49.65074920654297, queue:12.410648345947266, delay:0.11769039928913116, throughput:1831
episode:39/250, real avg travel time:1031.7811614730879
step:3600/3600, q_loss:7.608356593855094e-05, rewards:-48.384761810302734, queue:12.093402862548828, delay:0.11535853892564774, throughput:1822
episode:40/250, real avg travel time:1006.7790368271955
Test step:40/250, travel time :1242.9252832861189, rewards:-64.20013427734375, queue:16.073148727416992, delay:0.1436554193496704, throughput:1757
step:3600/3600, q_loss:6.556098937217928e-05, rewards:-46.40437698364258, queue:11.599653244018555, delay:0.11590872704982758, throughput:1910
episode:41/250, real avg travel time:985.7386685552408
step:3600/3600, q_loss:4.99997502853979e-05, rewards:-49.411502838134766, queue:12.349884033203125, delay:0.11697939783334732, throughput:1853
episode:42/250, real avg travel time:1028.7393767705382
step:3600/3600, q_loss:4.401310572665139e-05, rewards:-46.703895568847656, queue:11.668807983398438, delay:0.11535242944955826, throughput:1853
episode:43/250, real avg travel time:1001.0856940509915
step:3600/3600, q_loss:4.77374846799828e-05, rewards:-47.80777359008789, queue:11.94982624053955, delay:0.11654916405677795, throughput:1885
episode:44/250, real avg travel time:1009.9656515580737
step:3600/3600, q_loss:2.656597866860713e-05, rewards:-47.285335540771484, queue:11.816551208496094, delay:0.11342694610357285, throughput:1858
episode:45/250, real avg travel time:1009.6242917847026
Test step:45/250, travel time :1134.292492917847, rewards:-56.74736404418945, queue:14.204339981079102, delay:0.14390987157821655, throughput:1793
New best TEST travel time 1134.2925 at episode 45, saved as best checkpoint
step:3600/3600, q_loss:3.9589732747387e-05, rewards:-48.13418960571289, queue:12.03038215637207, delay:0.11566100269556046, throughput:1896
episode:46/250, real avg travel time:1006.6306657223796
step:3600/3600, q_loss:2.9345950755624123e-05, rewards:-47.49346160888672, queue:11.867650032043457, delay:0.11373640596866608, throughput:1870
episode:47/250, real avg travel time:991.0453257790368
step:3600/3600, q_loss:4.2612497323986e-05, rewards:-45.93043518066406, queue:11.476851463317871, delay:0.11286519467830658, throughput:1854
episode:48/250, real avg travel time:986.5269121813031
step:3600/3600, q_loss:3.76496233339249e-05, rewards:-45.696441650390625, queue:11.417823791503906, delay:0.11119990795850754, throughput:1877
episode:49/250, real avg travel time:973.8233002832861
step:3600/3600, q_loss:2.2829874752112374e-05, rewards:-44.480743408203125, queue:11.115509033203125, delay:0.11253152042627335, throughput:1924
episode:50/250, real avg travel time:970.871104815864
Test step:50/250, travel time :1153.2269830028329, rewards:-58.30390548706055, queue:14.592245101928711, delay:0.14004065096378326, throughput:1823
step:3600/3600, q_loss:4.679059881406526e-05, rewards:-46.77287292480469, queue:11.689178466796875, delay:0.11453824490308762, throughput:1890
episode:51/250, real avg travel time:996.471671388102
step:3600/3600, q_loss:3.1003985269409084e-05, rewards:-46.14889144897461, queue:11.53298568725586, delay:0.11192964762449265, throughput:1854
episode:52/250, real avg travel time:988.1409348441927
step:3600/3600, q_loss:3.798084928550654e-05, rewards:-39.43016052246094, queue:9.844270706176758, delay:0.10812316834926605, throughput:1974
episode:53/250, real avg travel time:882.3796033994334
step:3600/3600, q_loss:1.5020199094174637e-05, rewards:-44.90682601928711, queue:11.219270706176758, delay:0.1121893897652626, throughput:1909
episode:54/250, real avg travel time:967.2716005665723
step:3600/3600, q_loss:2.9216147312480542e-05, rewards:-40.059749603271484, queue:10.002835273742676, delay:0.10890710353851318, throughput:1953
episode:55/250, real avg travel time:898.5329320113315
Test step:55/250, travel time :1062.603045325779, rewards:-51.57666015625, queue:12.903124809265137, delay:0.13533011078834534, throughput:1884
New best TEST travel time 1062.6030 at episode 55, saved as best checkpoint
step:3600/3600, q_loss:1.3293928098807366e-05, rewards:-41.356651306152344, queue:10.32991886138916, delay:0.11073225736618042, throughput:1944
episode:56/250, real avg travel time:915.8006373937677
step:3600/3600, q_loss:4.362662539840388e-05, rewards:-42.70623016357422, queue:10.668344497680664, delay:0.11083966493606567, throughput:1910
episode:57/250, real avg travel time:932.7730169971671
step:3600/3600, q_loss:1.7191907448441156e-05, rewards:-42.71209716796875, queue:10.673032760620117, delay:0.11086813360452652, throughput:1941
episode:58/250, real avg travel time:933.4546742209632
step:3600/3600, q_loss:8.069758122372958e-06, rewards:-45.678558349609375, queue:11.417534828186035, delay:0.11423500627279282, throughput:1842
episode:59/250, real avg travel time:974.3431303116147
step:3600/3600, q_loss:-2.647554904314471e-06, rewards:-41.49043655395508, queue:10.363946914672852, delay:0.1100301668047905, throughput:1931
episode:60/250, real avg travel time:918.7429178470255
Test step:60/250, travel time :1023.853045325779, rewards:-47.85417938232422, queue:11.967592239379883, delay:0.1296846717596054, throughput:2007
New best TEST travel time 1023.8530 at episode 60, saved as best checkpoint
step:3600/3600, q_loss:1.3399766944923702e-05, rewards:-40.75, queue:10.179108619689941, delay:0.10761485993862152, throughput:1922
episode:61/250, real avg travel time:906.8225920679887
