step:3600/3600, q_loss:0, rewards:-190.09103393554688, queue:4.6358466148376465, delay:0.24839544296264648, throughput:3908
episode:0/250, real avg travel time:348.30296827021493
Test step:0/250, travel time :1131.4750593824228, rewards:-580.86572265625, queue:13.527910232543945, delay:0.5003213882446289, throughput:421
New best TEST travel time 1131.4751 at episode 0, saved as best checkpoint
step:3600/3600, q_loss:0, rewards:-178.8162841796875, queue:4.249867916107178, delay:0.24007990956306458, throughput:3778
episode:1/250, real avg travel time:345.7628374801482
Test step:1/250, travel time :1131.4750593824228, rewards:-580.86572265625, queue:13.527910232543945, delay:0.5003213882446289, throughput:421
step:3600/3600, q_loss:32.57133102416992, rewards:-185.0574188232422, queue:4.5021162033081055, delay:0.24127817153930664, throughput:3849
episode:2/250, real avg travel time:343.1176929072486
Test step:2/250, travel time :623.7376923076923, rewards:-529.7781982421875, queue:13.480291366577148, delay:0.4179815351963043, throughput:1300
New best TEST travel time 623.7377 at episode 2, saved as best checkpoint
step:3600/3600, q_loss:35.7514762878418, rewards:-119.09614562988281, queue:3.068253993988037, delay:0.19618333876132965, throughput:3909
episode:3/250, real avg travel time:291.61140956766434
Test step:3/250, travel time :558.8898905344495, rewards:-428.07476806640625, queue:10.337037086486816, delay:0.33676570653915405, throughput:1553
New best TEST travel time 558.8899 at episode 3, saved as best checkpoint
step:3600/3600, q_loss:63.28465270996094, rewards:-113.77197265625, queue:3.026322841644287, delay:0.19860976934432983, throughput:3742
episode:4/250, real avg travel time:306.1282736504543
Test step:4/250, travel time :506.18504901960785, rewards:-498.66796875, queue:11.98558235168457, delay:0.3908587694168091, throughput:1632
New best TEST travel time 506.1850 at episode 4, saved as best checkpoint
step:3600/3600, q_loss:71.19817352294922, rewards:-190.77748107910156, queue:4.9273810386657715, delay:0.2518311142921448, throughput:3555
episode:5/250, real avg travel time:389.8337552742616
Test step:5/250, travel time :527.6010329244674, rewards:-504.28546142578125, queue:12.175000190734863, delay:0.39369669556617737, throughput:1549
step:3600/3600, q_loss:60.48603439331055, rewards:-211.4578399658203, queue:5.315476417541504, delay:0.263679563999176, throughput:3503
episode:6/250, real avg travel time:411.2694833000285
Test step:6/250, travel time :716.6909693454846, rewards:-492.6537780761719, queue:11.87407398223877, delay:0.4132338762283325, throughput:1207
step:3600/3600, q_loss:57.04848098754883, rewards:-191.5077667236328, queue:4.786508083343506, delay:0.2435498982667923, throughput:3410
episode:7/250, real avg travel time:452.3023460410557
Test step:7/250, travel time :581.4333132166566, rewards:-434.40771484375, queue:10.795370101928711, delay:0.3559758961200714, throughput:1657
step:3600/3600, q_loss:53.1752815246582, rewards:-222.88250732421875, queue:5.757407188415527, delay:0.2458653748035431, throughput:3418
episode:8/250, real avg travel time:464.8013458162668
Test step:8/250, travel time :649.1615695326025, rewards:-424.6882019042969, queue:9.896428108215332, delay:0.35167598724365234, throughput:1733
step:3600/3600, q_loss:51.44682693481445, rewards:-165.91543579101562, queue:4.295105934143066, delay:0.25096648931503296, throughput:3614
episode:9/250, real avg travel time:434.57028223574986
Test step:9/250, travel time :675.8937677053824, rewards:-488.8016357421875, queue:12.298015594482422, delay:0.3868136703968048, throughput:1412
step:3600/3600, q_loss:48.677268981933594, rewards:-304.29937744140625, queue:7.754364967346191, delay:0.309646874666214, throughput:2867
episode:10/250, real avg travel time:588.7743285664458
Test step:10/250, travel time :542.5059252506837, rewards:-383.6032409667969, queue:9.391798973083496, delay:0.3015657067298889, throughput:2194
step:3600/3600, q_loss:49.50345230102539, rewards:-152.55801391601562, queue:3.9837300777435303, delay:0.23088033497333527, throughput:3480
episode:11/250, real avg travel time:395.62672413793103
Test step:11/250, travel time :505.1100478468899, rewards:-258.73736572265625, queue:6.485581874847412, delay:0.2799420952796936, throughput:2299
New best TEST travel time 505.1100 at episode 11, saved as best checkpoint
step:3600/3600, q_loss:50.301048278808594, rewards:-174.4101104736328, queue:4.383068561553955, delay:0.23095004260540009, throughput:3237
episode:12/250, real avg travel time:465.45227062094534
Test step:12/250, travel time :538.377722464219, rewards:-424.1004638671875, queue:10.485053062438965, delay:0.36547598242759705, throughput:1607
step:3600/3600, q_loss:55.46031951904297, rewards:-260.05413818359375, queue:6.611904621124268, delay:0.29250791668891907, throughput:3173
episode:13/250, real avg travel time:593.4595020485345
Test step:13/250, travel time :427.35412026726056, rewards:-279.4294128417969, queue:7.17380952835083, delay:0.27747049927711487, throughput:2694
New best TEST travel time 427.3541 at episode 13, saved as best checkpoint
step:3600/3600, q_loss:47.08365249633789, rewards:-204.05267333984375, queue:5.294709205627441, delay:0.23140248656272888, throughput:3188
episode:14/250, real avg travel time:475.67691342534505
Test step:14/250, travel time :457.7941962581138, rewards:-266.2500305175781, queue:6.736507892608643, delay:0.26675015687942505, throughput:2619
step:3600/3600, q_loss:46.363075256347656, rewards:-171.5760498046875, queue:4.3343915939331055, delay:0.2209347039461136, throughput:3167
episode:15/250, real avg travel time:413.9396905588885
Test step:15/250, travel time :720.5092063492064, rewards:-519.042724609375, queue:13.060052871704102, delay:0.4105845093727112, throughput:1575
step:3600/3600, q_loss:47.86540985107422, rewards:-338.95098876953125, queue:8.891402244567871, delay:0.340135395526886, throughput:2523
episode:16/250, real avg travel time:437.19778042013473
Test step:16/250, travel time :616.077380952381, rewards:-495.95025634765625, queue:12.548677444458008, delay:0.4120617210865021, throughput:1512
step:3600/3600, q_loss:61.40141677856445, rewards:-401.0622863769531, queue:10.22513198852539, delay:0.3571390211582184, throughput:2462
episode:17/250, real avg travel time:525.6283509341998
Test step:17/250, travel time :617.8264705882353, rewards:-452.50482177734375, queue:11.487831115722656, delay:0.4037832021713257, throughput:1700
step:3600/3600, q_loss:71.2049789428711, rewards:-371.4073791503906, queue:9.676587104797363, delay:0.33915501832962036, throughput:2221
episode:18/250, real avg travel time:447.60423232778027
Test step:18/250, travel time :506.73588342440803, rewards:-456.0264892578125, queue:11.419973373413086, delay:0.39251813292503357, throughput:1647
step:3600/3600, q_loss:89.65096282958984, rewards:-376.4686279296875, queue:9.884523391723633, delay:0.3548564612865448, throughput:2272
episode:19/250, real avg travel time:587.0902288732394
Test step:19/250, travel time :623.6836948915326, rewards:-490.5630187988281, queue:12.381877899169922, delay:0.41600799560546875, throughput:1429
step:3600/3600, q_loss:105.53338623046875, rewards:-363.2741394042969, queue:9.278703689575195, delay:0.3328114151954651, throughput:2066
episode:20/250, real avg travel time:644.2575024201356
Test step:20/250, travel time :626.8546623794213, rewards:-434.91314697265625, queue:10.896428108215332, delay:0.3600308895111084, throughput:1555
step:3600/3600, q_loss:103.69027709960938, rewards:-384.3085021972656, queue:9.577381134033203, delay:0.3291032314300537, throughput:1827
episode:21/250, real avg travel time:602.9151614668856
Test step:21/250, travel time :536.177700348432, rewards:-384.2070007324219, queue:9.5703706741333, delay:0.3407239615917206, throughput:1722
step:3600/3600, q_loss:100.03983306884766, rewards:-365.1315002441406, queue:8.965476036071777, delay:0.33518120646476746, throughput:1936
episode:22/250, real avg travel time:727.6632231404959
Test step:22/250, travel time :447.2671285604311, rewards:-249.3515625, queue:6.653571605682373, delay:0.24029529094696045, throughput:2598
step:3600/3600, q_loss:112.72157287597656, rewards:-292.6312255859375, queue:7.305819988250732, delay:0.2602669894695282, throughput:2293
episode:23/250, real avg travel time:574.1225468818142
Test step:23/250, travel time :452.8696505692972, rewards:-358.72833251953125, queue:8.928439140319824, delay:0.2858199179172516, throughput:2547
step:3600/3600, q_loss:120.50774383544922, rewards:-322.134765625, queue:8.033994674682617, delay:0.2846062183380127, throughput:2303
episode:24/250, real avg travel time:593.977854971776
Test step:24/250, travel time :505.0275800711744, rewards:-341.93304443359375, queue:8.251852035522461, delay:0.2963116466999054, throughput:2248
step:3600/3600, q_loss:117.20451354980469, rewards:-239.6341552734375, queue:6.183465480804443, delay:0.2555030882358551, throughput:2333
episode:25/250, real avg travel time:489.8726960994428
Test step:25/250, travel time :497.02214891611686, rewards:-292.5208740234375, queue:7.635052680969238, delay:0.28744441270828247, throughput:2122
step:3600/3600, q_loss:122.73065185546875, rewards:-227.49517822265625, queue:6.073412895202637, delay:0.24325671792030334, throughput:3003
episode:26/250, real avg travel time:467.2124542124542
Test step:26/250, travel time :408.08735150244587, rewards:-272.1369934082031, queue:7.257936477661133, delay:0.2513788342475891, throughput:2862
New best TEST travel time 408.0874 at episode 26, saved as best checkpoint
step:3600/3600, q_loss:112.10668182373047, rewards:-216.75985717773438, queue:5.794576644897461, delay:0.24846357107162476, throughput:3029
episode:27/250, real avg travel time:425.34697920105646
Test step:27/250, travel time :452.6974664679583, rewards:-258.0367431640625, queue:6.85277795791626, delay:0.2727263271808624, throughput:2684
step:3600/3600, q_loss:111.9788818359375, rewards:-321.3577880859375, queue:8.088227272033691, delay:0.29435259103775024, throughput:2313
episode:28/250, real avg travel time:403.5806312148725
Test step:28/250, travel time :510.3050314465409, rewards:-390.88116455078125, queue:9.753571510314941, delay:0.34258198738098145, throughput:1908
step:3600/3600, q_loss:104.9004898071289, rewards:-402.3526611328125, queue:10.244179725646973, delay:0.3428351581096649, throughput:2038
episode:29/250, real avg travel time:543.5696761530912
Test step:29/250, travel time :572.4042923433875, rewards:-402.2698669433594, queue:10.021957397460938, delay:0.3791792690753937, throughput:1724
step:3600/3600, q_loss:111.19498443603516, rewards:-359.17608642578125, queue:9.590608596801758, delay:0.34413865208625793, throughput:2055
episode:30/250, real avg travel time:512.9216545012165
Test step:30/250, travel time :606.2636312535132, rewards:-394.5231018066406, queue:10.010449409484863, delay:0.36395877599716187, throughput:1779
step:3600/3600, q_loss:102.29837036132812, rewards:-291.8145446777344, queue:7.707407474517822, delay:0.30727052688598633, throughput:3120
episode:31/250, real avg travel time:597.8871794871795
Test step:31/250, travel time :500.2691796008869, rewards:-384.0956115722656, queue:9.843121528625488, delay:0.3550713360309601, throughput:2255
step:3600/3600, q_loss:101.69176483154297, rewards:-383.76129150390625, queue:10.357671737670898, delay:0.3557647168636322, throughput:2239
episode:32/250, real avg travel time:548.3255917820455
Test step:32/250, travel time :626.4652897303499, rewards:-510.0220031738281, queue:12.58372974395752, delay:0.40369242429733276, throughput:1743
step:3600/3600, q_loss:110.63105773925781, rewards:-440.82366943359375, queue:11.018782615661621, delay:0.36188605427742004, throughput:2049
episode:33/250, real avg travel time:536.8296730112249
Test step:33/250, travel time :595.262583383869, rewards:-431.2837219238281, queue:10.48465633392334, delay:0.36593279242515564, throughput:1649
step:3600/3600, q_loss:119.6468734741211, rewards:-405.0080261230469, queue:10.555423736572266, delay:0.35432857275009155, throughput:2229
episode:34/250, real avg travel time:424.6419919246299
Test step:34/250, travel time :456.66188197767144, rewards:-454.4171447753906, queue:11.50251293182373, delay:0.3695920705795288, throughput:1881
step:3600/3600, q_loss:119.44847106933594, rewards:-424.0394592285156, queue:10.759126663208008, delay:0.34567391872406006, throughput:2045
episode:35/250, real avg travel time:463.7960880195599
Test step:35/250, travel time :644.8035279805353, rewards:-482.1856689453125, queue:12.226190567016602, delay:0.41558611392974854, throughput:1644
step:3600/3600, q_loss:131.8691864013672, rewards:-402.09844970703125, queue:10.270767211914062, delay:0.3478175699710846, throughput:2265
episode:36/250, real avg travel time:513.1496688741722
Test step:36/250, travel time :527.7571971754481, rewards:-412.15283203125, queue:10.27843952178955, delay:0.3482704162597656, throughput:1841
step:3600/3600, q_loss:134.996826171875, rewards:-401.06146240234375, queue:10.113492012023926, delay:0.32810893654823303, throughput:1928
episode:37/250, real avg travel time:470.0093360995851
Test step:37/250, travel time :483.5434897206115, rewards:-385.6005554199219, queue:9.673280715942383, delay:0.3348599374294281, throughput:1897
step:3600/3600, q_loss:126.85726165771484, rewards:-278.8572998046875, queue:7.061772346496582, delay:0.26813802123069763, throughput:2985
episode:38/250, real avg travel time:507.6777219430486
Test step:38/250, travel time :383.6442819148936, rewards:-212.29275512695312, queue:5.724999904632568, delay:0.2469220608472824, throughput:3008
New best TEST travel time 383.6443 at episode 38, saved as best checkpoint
step:3600/3600, q_loss:136.91595458984375, rewards:-220.7202911376953, queue:5.672618865966797, delay:0.24150580167770386, throughput:2834
episode:39/250, real avg travel time:397.6725476358504
Test step:39/250, travel time :325.82977257064096, rewards:-212.3099365234375, queue:5.800661563873291, delay:0.23003126680850983, throughput:2902
New best TEST travel time 325.8298 at episode 39, saved as best checkpoint
step:3600/3600, q_loss:131.53089904785156, rewards:-170.65670776367188, queue:4.568783283233643, delay:0.21700315177440643, throughput:3346
episode:40/250, real avg travel time:393.0188284518828
Test step:40/250, travel time :362.19910799617713, rewards:-188.71633911132812, queue:5.06335973739624, delay:0.23669607937335968, throughput:3139
step:3600/3600, q_loss:132.51974487304688, rewards:-184.69296264648438, queue:4.974073886871338, delay:0.22367292642593384, throughput:3092
episode:41/250, real avg travel time:377.84379042690813
Test step:41/250, travel time :393.4439592430859, rewards:-233.1443634033203, queue:6.318915367126465, delay:0.2522628903388977, throughput:2748
step:3600/3600, q_loss:136.81439208984375, rewards:-214.33009338378906, queue:5.807539463043213, delay:0.22740484774112701, throughput:3186
episode:42/250, real avg travel time:392.56528562460767
Test step:42/250, travel time :479.41066562864927, rewards:-289.27935791015625, queue:7.36904764175415, delay:0.2757458984851837, throughput:2569
step:3600/3600, q_loss:129.22341918945312, rewards:-186.03565979003906, queue:5.156349182128906, delay:0.23095043003559113, throughput:3165
episode:43/250, real avg travel time:379.6578199052133
Test step:43/250, travel time :379.14831294030404, rewards:-230.23638916015625, queue:6.016666889190674, delay:0.2623806595802307, throughput:2697
step:3600/3600, q_loss:124.34981536865234, rewards:-177.88064575195312, queue:4.8728837966918945, delay:0.21943116188049316, throughput:3145
episode:44/250, real avg travel time:350.6006359300477
Test step:44/250, travel time :371.46042692939244, rewards:-231.13784790039062, queue:6.1976189613342285, delay:0.2482406049966812, throughput:3045
step:3600/3600, q_loss:123.31574249267578, rewards:-234.9632568359375, queue:5.970370292663574, delay:0.2476309984922409, throughput:2737
episode:45/250, real avg travel time:415.0029229082937
Test step:45/250, travel time :405.40444287729196, rewards:-230.94180297851562, queue:6.242724895477295, delay:0.2520694434642792, throughput:2836
step:3600/3600, q_loss:117.3804702758789, rewards:-336.73992919921875, queue:8.397750854492188, delay:0.3134995102882385, throughput:2159
episode:46/250, real avg travel time:381.86150995831406
Test step:46/250, travel time :489.4059517125211, rewards:-404.6229248046875, queue:10.074999809265137, delay:0.35040903091430664, throughput:1781
step:3600/3600, q_loss:140.30899047851562, rewards:-389.8143310546875, queue:9.855688095092773, delay:0.34238961338996887, throughput:2280
episode:47/250, real avg travel time:710.5592105263158
Test step:47/250, travel time :332.33743016759774, rewards:-210.06614685058594, queue:5.529497146606445, delay:0.2405693084001541, throughput:2685
step:3600/3600, q_loss:181.62860107421875, rewards:-168.47315979003906, queue:4.68055534362793, delay:0.22926373779773712, throughput:3163
episode:48/250, real avg travel time:335.2548213721151
Test step:48/250, travel time :436.09664179104476, rewards:-246.83676147460938, queue:6.22936487197876, delay:0.2511560916900635, throughput:2680
step:3600/3600, q_loss:275.6584167480469, rewards:-178.11508178710938, queue:4.858994483947754, delay:0.22846107184886932, throughput:3034
episode:49/250, real avg travel time:421.8210283454186
Test step:49/250, travel time :458.64272211720225, rewards:-235.58815002441406, queue:6.207672119140625, delay:0.2517775297164917, throughput:2645
step:3600/3600, q_loss:303.8911437988281, rewards:-235.2732391357422, queue:6.179100513458252, delay:0.2451489418745041, throughput:2940
episode:50/250, real avg travel time:417.23027210884356
Test step:50/250, travel time :433.8826202196138, rewards:-247.71043395996094, queue:6.540476322174072, delay:0.25346672534942627, throughput:2641
step:3600/3600, q_loss:305.5865783691406, rewards:-202.48834228515625, queue:5.424867630004883, delay:0.22892697155475616, throughput:3043
episode:51/250, real avg travel time:415.5205389418337
Test step:51/250, travel time :520.2941656466749, rewards:-287.1560363769531, queue:7.167327880859375, delay:0.2600003182888031, throughput:2451
step:3600/3600, q_loss:218.31349182128906, rewards:-207.47203063964844, queue:5.489418029785156, delay:0.22521843016147614, throughput:2933
episode:52/250, real avg travel time:420.7691783157177
Test step:52/250, travel time :345.63674796747966, rewards:-221.08433532714844, queue:5.877248764038086, delay:0.23254039883613586, throughput:3075
step:3600/3600, q_loss:168.5052947998047, rewards:-270.1778564453125, queue:7.183994770050049, delay:0.2567034065723419, throughput:2958
episode:53/250, real avg travel time:464.57775524002705
Test step:53/250, travel time :519.8713091922006, rewards:-466.1712646484375, queue:11.788888931274414, delay:0.3707708716392517, throughput:1795
step:3600/3600, q_loss:139.39187622070312, rewards:-354.3191833496094, queue:9.061772346496582, delay:0.3114979863166809, throughput:2820
episode:54/250, real avg travel time:574.8099290780142
Test step:54/250, travel time :562.0277349768875, rewards:-430.81915283203125, queue:11.299735069274902, delay:0.3787136971950531, throughput:1947
step:3600/3600, q_loss:95.33992004394531, rewards:-225.53150939941406, queue:6.030158519744873, delay:0.2377864420413971, throughput:3221
episode:55/250, real avg travel time:470.8466314809065
Test step:55/250, travel time :414.3306869175009, rewards:-238.01779174804688, queue:6.4152116775512695, delay:0.25160226225852966, throughput:2897
step:3600/3600, q_loss:81.99591827392578, rewards:-168.585205078125, queue:4.647354602813721, delay:0.22393696010112762, throughput:3228
episode:56/250, real avg travel time:411.5061957868649
Test step:56/250, travel time :381.2683417085427, rewards:-239.041015625, queue:6.426455020904541, delay:0.23596565425395966, throughput:2985
step:3600/3600, q_loss:90.0899658203125, rewards:-201.64865112304688, queue:5.434126853942871, delay:0.2249910980463028, throughput:3113
episode:57/250, real avg travel time:370.4902023771282
Test step:57/250, travel time :476.18065034122844, rewards:-298.8619384765625, queue:7.921560764312744, delay:0.26443320512771606, throughput:2491
step:3600/3600, q_loss:73.59550476074219, rewards:-172.41246032714844, queue:4.624603271484375, delay:0.22309549152851105, throughput:3110
episode:58/250, real avg travel time:426.2199356913183
Test step:58/250, travel time :426.7093869068237, rewards:-219.3689422607422, queue:5.861111164093018, delay:0.24111153185367584, throughput:2887
step:3600/3600, q_loss:67.91587829589844, rewards:-211.0266876220703, queue:5.673148155212402, delay:0.22298437356948853, throughput:2845
episode:59/250, real avg travel time:469.7335676625659
Test step:59/250, travel time :346.7579795475674, rewards:-209.95440673828125, queue:5.6869049072265625, delay:0.22286714613437653, throughput:3227
step:3600/3600, q_loss:60.256282806396484, rewards:-185.855224609375, queue:5.106613636016846, delay:0.218658447265625, throughput:3129
episode:60/250, real avg travel time:381.028443592202
Test step:60/250, travel time :360.14712219144354, rewards:-214.71302795410156, queue:5.890211582183838, delay:0.2347411811351776, throughput:3249
step:3600/3600, q_loss:54.06848907470703, rewards:-178.31724548339844, queue:4.850793838500977, delay:0.21251536905765533, throughput:3172
episode:61/250, real avg travel time:359.9703656998739
Test step:61/250, travel time :373.7292713567839, rewards:-211.50282287597656, queue:5.759920597076416, delay:0.2186986356973648, throughput:3184
step:3600/3600, q_loss:54.075660705566406, rewards:-228.13645935058594, queue:6.117460250854492, delay:0.23225441575050354, throughput:3068
episode:62/250, real avg travel time:421.1261408083442
Test step:62/250, travel time :443.90140845070425, rewards:-238.69674682617188, queue:6.171957492828369, delay:0.23293361067771912, throughput:2911
step:3600/3600, q_loss:54.00075912475586, rewards:-220.53994750976562, queue:5.643121719360352, delay:0.24058985710144043, throughput:2890
episode:63/250, real avg travel time:406.37335640138406
Test step:63/250, travel time :407.45197740112997, rewards:-233.7247772216797, queue:6.235581874847412, delay:0.23971498012542725, throughput:3009
step:3600/3600, q_loss:60.740234375, rewards:-244.8795166015625, queue:6.350925922393799, delay:0.24018649756908417, throughput:3011
episode:64/250, real avg travel time:444.7034207904351
Test step:64/250, travel time :345.13429752066116, rewards:-210.9940948486328, queue:5.632539749145508, delay:0.22933094203472137, throughput:2904
step:3600/3600, q_loss:61.185123443603516, rewards:-239.32217407226562, queue:6.376058101654053, delay:0.23034308850765228, throughput:2944
episode:65/250, real avg travel time:409.9578804347826
Test step:65/250, travel time :400.3225331369661, rewards:-273.3049621582031, queue:7.473809719085693, delay:0.24051129817962646, throughput:2716
step:3600/3600, q_loss:65.12841796875, rewards:-209.44044494628906, queue:5.655026435852051, delay:0.20605486631393433, throughput:3155
episode:66/250, real avg travel time:379.3483359746434
Test step:66/250, travel time :388.7759831460674, rewards:-270.2431640625, queue:7.334920406341553, delay:0.2312786728143692, throughput:2848
step:3600/3600, q_loss:57.70567321777344, rewards:-210.86219787597656, queue:5.578042507171631, delay:0.21295775473117828, throughput:3120
episode:67/250, real avg travel time:431.95576923076925
Test step:67/250, travel time :609.4431639601886, rewards:-458.0536804199219, queue:11.602116584777832, delay:0.3787881135940552, throughput:1909
step:3600/3600, q_loss:59.01424789428711, rewards:-301.8229064941406, queue:7.891666889190674, delay:0.270601361989975, throughput:2820
episode:68/250, real avg travel time:486.76347517730494
Test step:68/250, travel time :529.0146627565982, rewards:-446.7511291503906, queue:11.661110877990723, delay:0.34760478138923645, throughput:2046
step:3600/3600, q_loss:77.61937713623047, rewards:-443.9439697265625, queue:11.262301445007324, delay:0.3488333523273468, throughput:1947
episode:69/250, real avg travel time:566.7986646122239
Test step:69/250, travel time :474.00276395798784, rewards:-403.0097351074219, queue:10.094311714172363, delay:0.33107906579971313, throughput:1809
step:3600/3600, q_loss:130.25234985351562, rewards:-417.2669372558594, queue:10.605158805847168, delay:0.3332221210002899, throughput:2005
episode:70/250, real avg travel time:470.6204488778055
Test step:70/250, travel time :607.1388301620859, rewards:-496.5958251953125, queue:12.049338340759277, delay:0.36103740334510803, throughput:1419
step:3600/3600, q_loss:225.67218017578125, rewards:-261.9381408691406, queue:6.801587104797363, delay:0.2462824434041977, throughput:2810
episode:71/250, real avg travel time:419.26049822064056
Test step:71/250, travel time :422.21456086286594, rewards:-239.40562438964844, queue:6.190476417541504, delay:0.24744963645935059, throughput:2596
step:3600/3600, q_loss:231.19070434570312, rewards:-258.3028869628906, queue:6.416666507720947, delay:0.2553163766860962, throughput:2670
episode:72/250, real avg travel time:526.3528089887641
Test step:72/250, travel time :420.4427894380501, rewards:-244.66517639160156, queue:6.382936477661133, delay:0.2389819324016571, throughput:2954
step:3600/3600, q_loss:226.8377227783203, rewards:-221.38031005859375, queue:5.79960298538208, delay:0.2398187667131424, throughput:2865
episode:73/250, real avg travel time:384.5434554973822
Test step:73/250, travel time :479.08515057113186, rewards:-413.8743896484375, queue:10.257803916931152, delay:0.331570029258728, throughput:1926
step:3600/3600, q_loss:260.9999694824219, rewards:-397.77099609375, queue:9.853571891784668, delay:0.3253893256187439, throughput:1976
episode:74/250, real avg travel time:544.9367408906883
Test step:74/250, travel time :547.5831168831169, rewards:-456.7353210449219, queue:11.382803916931152, delay:0.3687535524368286, throughput:1540
step:3600/3600, q_loss:329.5423278808594, rewards:-363.2498474121094, queue:9.064550399780273, delay:0.2934132516384125, throughput:2702
episode:75/250, real avg travel time:513.1672834937084
Test step:75/250, travel time :478.29892192094087, rewards:-241.76885986328125, queue:6.113888740539551, delay:0.25596877932548523, throughput:3061
step:3600/3600, q_loss:338.4743957519531, rewards:-200.78350830078125, queue:5.422222137451172, delay:0.22431842982769012, throughput:3124
episode:76/250, real avg travel time:368.8738796414853
Test step:76/250, travel time :393.9172905525847, rewards:-256.0214538574219, queue:6.864418029785156, delay:0.2514670491218567, throughput:2805
step:3600/3600, q_loss:303.9530029296875, rewards:-217.8750457763672, queue:5.809259414672852, delay:0.2335403561592102, throughput:3251
episode:77/250, real avg travel time:365.2045524454014
Test step:77/250, travel time :490.90869392616116, rewards:-272.5094909667969, queue:7.011772632598877, delay:0.26277220249176025, throughput:2519
step:3600/3600, q_loss:287.2702941894531, rewards:-227.93394470214844, queue:5.956084728240967, delay:0.2445078045129776, throughput:2814
episode:78/250, real avg travel time:384.3219616204691
Test step:78/250, travel time :513.0951843491347, rewards:-263.6216735839844, queue:6.754364967346191, delay:0.27206069231033325, throughput:2658
step:3600/3600, q_loss:301.0048522949219, rewards:-226.91952514648438, queue:5.744312286376953, delay:0.24904294312000275, throughput:2719
episode:79/250, real avg travel time:380.532916513424
Test step:79/250, travel time :421.22976011994, rewards:-281.66162109375, queue:7.2509260177612305, delay:0.2827729284763336, throughput:2668
step:3600/3600, q_loss:286.3990173339844, rewards:-181.57113647460938, queue:4.90238094329834, delay:0.23003031313419342, throughput:3311
episode:80/250, real avg travel time:357.8263364542434
Test step:80/250, travel time :447.4305411926922, rewards:-249.7548370361328, queue:6.441666603088379, delay:0.2628174126148224, throughput:2901
step:3600/3600, q_loss:258.964111328125, rewards:-254.93875122070312, queue:6.724073886871338, delay:0.2488105744123459, throughput:2824
episode:81/250, real avg travel time:422.89235127478753
Test step:81/250, travel time :391.68, rewards:-243.7604217529297, queue:6.500396728515625, delay:0.23959001898765564, throughput:3050
step:3600/3600, q_loss:271.46075439453125, rewards:-214.2609405517578, queue:5.717724800109863, delay:0.23154693841934204, throughput:2964
episode:82/250, real avg travel time:370.90249662618083
Test step:82/250, travel time :388.19687181230876, rewards:-242.7532958984375, queue:6.413227558135986, delay:0.2603176534175873, throughput:2941
step:3600/3600, q_loss:244.4346160888672, rewards:-229.8151092529297, queue:5.884788513183594, delay:0.2384548783302307, throughput:3183
episode:83/250, real avg travel time:512.4721960414703
Test step:83/250, travel time :373.0889581169955, rewards:-243.6638641357422, queue:6.432010650634766, delay:0.2453421652317047, throughput:2889
step:3600/3600, q_loss:225.62339782714844, rewards:-178.68954467773438, queue:4.931878089904785, delay:0.2192176729440689, throughput:3134
episode:84/250, real avg travel time:402.9783024888322
Test step:84/250, travel time :410.30834697217676, rewards:-249.67803955078125, queue:6.650264739990234, delay:0.24392494559288025, throughput:3055
step:3600/3600, q_loss:174.079345703125, rewards:-188.74484252929688, queue:5.0310845375061035, delay:0.23539486527442932, throughput:2897
episode:85/250, real avg travel time:383.96962374870554
Test step:85/250, travel time :381.8424729304925, rewards:-239.1240234375, queue:6.504761695861816, delay:0.23221731185913086, throughput:2863
step:3600/3600, q_loss:151.34498596191406, rewards:-243.852783203125, queue:6.386375427246094, delay:0.2507583796977997, throughput:2879
episode:86/250, real avg travel time:509.92045849253213
Test step:86/250, travel time :375.79797627355197, rewards:-231.85044860839844, queue:5.988624572753906, delay:0.26399603486061096, throughput:2866
step:3600/3600, q_loss:102.79368591308594, rewards:-176.89236450195312, queue:4.850529193878174, delay:0.22317619621753693, throughput:3242
episode:87/250, real avg travel time:340.7041949413942
Test step:87/250, travel time :388.1228187919463, rewards:-253.22860717773438, queue:6.5771164894104, delay:0.26755186915397644, throughput:2980
step:3600/3600, q_loss:108.83842468261719, rewards:-197.4544677734375, queue:5.327645301818848, delay:0.23386913537979126, throughput:3188
episode:88/250, real avg travel time:390.4636135508156
Test step:88/250, travel time :344.9134971390104, rewards:-224.72938537597656, queue:6.042195796966553, delay:0.24081505835056305, throughput:2971
step:3600/3600, q_loss:155.0028533935547, rewards:-225.26470947265625, queue:6.013095378875732, delay:0.23203708231449127, throughput:2986
episode:89/250, real avg travel time:409.79604822505024
Test step:89/250, travel time :498.75, rewards:-291.4822082519531, queue:7.223809719085693, delay:0.25949564576148987, throughput:2836
step:3600/3600, q_loss:171.47946166992188, rewards:-235.91119384765625, queue:6.235714435577393, delay:0.22874172031879425, throughput:3074
episode:90/250, real avg travel time:388.5237475601822
Test step:90/250, travel time :416.117132138391, rewards:-300.5760803222656, queue:7.362301349639893, delay:0.25467848777770996, throughput:2399
step:3600/3600, q_loss:158.68801879882812, rewards:-229.73048400878906, queue:5.910582065582275, delay:0.23012478649616241, throughput:2966
episode:91/250, real avg travel time:401.1486850977748
Test step:91/250, travel time :455.1621915820029, rewards:-265.7198486328125, queue:6.921296119689941, delay:0.24839624762535095, throughput:2756
step:3600/3600, q_loss:159.26950073242188, rewards:-222.16212463378906, queue:5.870635032653809, delay:0.22711221873760223, throughput:2809
episode:92/250, real avg travel time:376.91456034175866
Test step:92/250, travel time :383.20333454150057, rewards:-258.3756103515625, queue:6.551190376281738, delay:0.24813656508922577, throughput:2759
step:3600/3600, q_loss:127.400390625, rewards:-185.23663330078125, queue:5.077248573303223, delay:0.22468845546245575, throughput:3025
episode:93/250, real avg travel time:346.1904132231405
Test step:93/250, travel time :333.135711903968, rewards:-222.6380615234375, queue:5.912566184997559, delay:0.23315253853797913, throughput:2999
step:3600/3600, q_loss:106.36922454833984, rewards:-183.33351135253906, queue:4.8835978507995605, delay:0.22636856138706207, throughput:2984
episode:94/250, real avg travel time:378.08143431635386
Test step:94/250, travel time :348.76427196921105, rewards:-231.70359802246094, queue:6.22169303894043, delay:0.22855478525161743, throughput:3118
step:3600/3600, q_loss:134.28982543945312, rewards:-222.61981201171875, queue:5.689153671264648, delay:0.22459153831005096, throughput:3148
episode:95/250, real avg travel time:460.992376111817
Test step:95/250, travel time :383.54036635006787, rewards:-222.42413330078125, queue:5.913888931274414, delay:0.23100504279136658, throughput:2948
step:3600/3600, q_loss:144.30093383789062, rewards:-192.57530212402344, queue:5.141005516052246, delay:0.21104758977890015, throughput:3081
episode:96/250, real avg travel time:368.3209996754301
Test step:96/250, travel time :397.3407238343658, rewards:-214.9365234375, queue:5.424867630004883, delay:0.23568816483020782, throughput:3067
step:3600/3600, q_loss:90.16010284423828, rewards:-232.58314514160156, queue:6.210846424102783, delay:0.22389593720436096, throughput:2803
episode:97/250, real avg travel time:466.56332500891904
Test step:97/250, travel time :446.7862407862408, rewards:-287.7160949707031, queue:7.322883605957031, delay:0.27252185344696045, throughput:2849
step:3600/3600, q_loss:75.1130599975586, rewards:-184.24119567871094, queue:5.028968334197998, delay:0.21865049004554749, throughput:3081
episode:98/250, real avg travel time:359.640376501136
Test step:98/250, travel time :344.9044038668099, rewards:-195.67689514160156, queue:5.352910041809082, delay:0.22884508967399597, throughput:2793
step:3600/3600, q_loss:71.02194213867188, rewards:-182.7529296875, queue:4.922751426696777, delay:0.21695224940776825, throughput:3138
episode:99/250, real avg travel time:367.09305289993625
Test step:99/250, travel time :366.33026618468614, rewards:-262.6031494140625, queue:6.622222423553467, delay:0.24882060289382935, throughput:3043
step:3600/3600, q_loss:65.17188262939453, rewards:-197.9148406982422, queue:5.214550495147705, delay:0.22129903733730316, throughput:3094
episode:100/250, real avg travel time:428.53199741435037
Test step:100/250, travel time :448.1748540020611, rewards:-216.6024932861328, queue:5.509127140045166, delay:0.229817196726799, throughput:2911
step:3600/3600, q_loss:72.39784240722656, rewards:-238.66615295410156, queue:6.4685187339782715, delay:0.23607775568962097, throughput:2796
episode:101/250, real avg travel time:407.30364806866953
Test step:101/250, travel time :379.4205574912892, rewards:-195.67120361328125, queue:5.152645587921143, delay:0.21364764869213104, throughput:2870
step:3600/3600, q_loss:115.3681869506836, rewards:-247.65908813476562, queue:6.22936487197876, delay:0.23820005357265472, throughput:2839
episode:102/250, real avg travel time:453.1349066572737
Test step:102/250, travel time :431.4553014553015, rewards:-274.4718322753906, queue:6.974735260009766, delay:0.2650648355484009, throughput:2405
step:3600/3600, q_loss:117.56334686279297, rewards:-196.10305786132812, queue:5.234391689300537, delay:0.22785359621047974, throughput:2807
episode:103/250, real avg travel time:413.785536159601
Test step:103/250, travel time :428.9658908507223, rewards:-282.2615966796875, queue:7.075132369995117, delay:0.27397751808166504, throughput:2492
step:3600/3600, q_loss:92.4251937866211, rewards:-237.6197052001953, queue:6.076322555541992, delay:0.25085699558258057, throughput:2797
episode:104/250, real avg travel time:472.82659992849483
Test step:104/250, travel time :501.1957013574661, rewards:-242.22039794921875, queue:6.3447089195251465, delay:0.2720298171043396, throughput:2652
step:3600/3600, q_loss:92.63597869873047, rewards:-268.0550842285156, queue:6.817327976226807, delay:0.24678711593151093, throughput:2756
episode:105/250, real avg travel time:521.0417271407838
Test step:105/250, travel time :418.96475924633637, rewards:-250.72222900390625, queue:6.546296119689941, delay:0.24513696134090424, throughput:2866
step:3600/3600, q_loss:104.33348846435547, rewards:-212.8468475341797, queue:5.554365158081055, delay:0.23175863921642303, throughput:2797
episode:106/250, real avg travel time:372.4930282445477
Test step:106/250, travel time :449.80759307040177, rewards:-258.6674499511719, queue:6.736639976501465, delay:0.264688104391098, throughput:2713
step:3600/3600, q_loss:106.63908386230469, rewards:-249.9937286376953, queue:6.4251322746276855, delay:0.2286263108253479, throughput:3165
episode:107/250, real avg travel time:443.77567140600314
Test step:107/250, travel time :373.72594558725945, rewards:-209.6849822998047, queue:5.52658748626709, delay:0.24363958835601807, throughput:3014
step:3600/3600, q_loss:133.561767578125, rewards:-194.17059326171875, queue:5.321692943572998, delay:0.2309824526309967, throughput:2953
episode:108/250, real avg travel time:411.75110057568577
Test step:108/250, travel time :415.74156496769564, rewards:-259.65057373046875, queue:7.057275295257568, delay:0.23762862384319305, throughput:2786
step:3600/3600, q_loss:112.7564468383789, rewards:-205.37921142578125, queue:5.635581970214844, delay:0.22395887970924377, throughput:3095
episode:109/250, real avg travel time:404.3198707592892
Test step:109/250, travel time :453.6718336483932, rewards:-235.6246337890625, queue:6.000132083892822, delay:0.24200710654258728, throughput:2645
step:3600/3600, q_loss:99.20458221435547, rewards:-175.2148895263672, queue:4.726719379425049, delay:0.21995969116687775, throughput:2861
episode:110/250, real avg travel time:409.05103110800417
Test step:110/250, travel time :397.78251204149683, rewards:-238.5957489013672, queue:6.136375427246094, delay:0.25298675894737244, throughput:2699
step:3600/3600, q_loss:111.92257690429688, rewards:-194.6478729248047, queue:5.269576549530029, delay:0.2219281941652298, throughput:3076
episode:111/250, real avg travel time:358.03998699609883
Test step:111/250, travel time :475.07375833951073, rewards:-307.04925537109375, queue:7.897089958190918, delay:0.25097671151161194, throughput:2698
step:3600/3600, q_loss:79.92884826660156, rewards:-251.19488525390625, queue:6.207407474517822, delay:0.23580262064933777, throughput:2688
episode:112/250, real avg travel time:427.91815476190476
Test step:112/250, travel time :375.5511096166779, rewards:-210.0488739013672, queue:5.512434005737305, delay:0.22159607708454132, throughput:2974
step:3600/3600, q_loss:91.45967864990234, rewards:-256.93585205078125, queue:6.554497241973877, delay:0.23216040432453156, throughput:2837
episode:113/250, real avg travel time:498.06168487839267
Test step:113/250, travel time :474.68732857926494, rewards:-473.43316650390625, queue:11.814947128295898, delay:0.35528162121772766, throughput:1823
step:3600/3600, q_loss:107.08915710449219, rewards:-400.5325622558594, queue:10.344709396362305, delay:0.31947919726371765, throughput:2473
episode:114/250, real avg travel time:652.6393044884755
Test step:114/250, travel time :452.9266692396758, rewards:-254.85598754882812, queue:6.496163845062256, delay:0.2373409867286682, throughput:2591
step:3600/3600, q_loss:127.71728515625, rewards:-339.96527099609375, queue:8.860053062438965, delay:0.28153491020202637, throughput:2950
episode:115/250, real avg travel time:459.32677966101693
Test step:115/250, travel time :476.4548154433602, rewards:-310.6531677246094, queue:7.799470901489258, delay:0.2757997214794159, throughput:2357
step:3600/3600, q_loss:164.04197692871094, rewards:-262.5871887207031, queue:6.675396919250488, delay:0.2509320080280304, throughput:2885
episode:116/250, real avg travel time:429.83812824956675
Test step:116/250, travel time :432.09802431610944, rewards:-303.3382873535156, queue:7.885581970214844, delay:0.25378119945526123, throughput:2632
step:3600/3600, q_loss:193.06263732910156, rewards:-297.0703125, queue:7.662301540374756, delay:0.2734517455101013, throughput:2763
episode:117/250, real avg travel time:531.4607310893956
Test step:117/250, travel time :358.9219512195122, rewards:-253.02059936523438, queue:6.56944465637207, delay:0.24040447175502777, throughput:2870
step:3600/3600, q_loss:191.2799072265625, rewards:-230.91827392578125, queue:6.143518447875977, delay:0.22461315989494324, throughput:3028
episode:118/250, real avg travel time:357.6459709379128
Test step:118/250, travel time :379.6256527415144, rewards:-232.5780792236328, queue:6.2802910804748535, delay:0.232106015086174, throughput:3064
step:3600/3600, q_loss:176.2196807861328, rewards:-216.0499725341797, queue:5.647883415222168, delay:0.22539494931697845, throughput:3060
episode:119/250, real avg travel time:408.56535947712416
Test step:119/250, travel time :343.41940735916637, rewards:-234.13841247558594, queue:6.165476322174072, delay:0.22495441138744354, throughput:3071
step:3600/3600, q_loss:167.52316284179688, rewards:-195.6839141845703, queue:5.202645301818848, delay:0.210425466299057, throughput:3179
episode:120/250, real avg travel time:352.8883296634162
Test step:120/250, travel time :339.9350064350064, rewards:-205.47518920898438, queue:5.422222137451172, delay:0.21737022697925568, throughput:3108
step:3600/3600, q_loss:166.028076171875, rewards:-180.51412963867188, queue:4.896693229675293, delay:0.22248288989067078, throughput:3197
episode:121/250, real avg travel time:357.2749452611824
Test step:121/250, travel time :386.4003289473684, rewards:-249.45269775390625, queue:6.545105934143066, delay:0.24758081138134003, throughput:3040
step:3600/3600, q_loss:140.19155883789062, rewards:-231.6158905029297, queue:6.141269683837891, delay:0.22425010800361633, throughput:3048
episode:122/250, real avg travel time:433.6761811023622
Test step:122/250, travel time :390.8514950166113, rewards:-211.52078247070312, queue:5.628836154937744, delay:0.23618102073669434, throughput:3010
step:3600/3600, q_loss:130.86473083496094, rewards:-241.7132568359375, queue:6.323677062988281, delay:0.24263790249824524, throughput:2973
episode:123/250, real avg travel time:416.5876219307097
Test step:123/250, travel time :450.25959554271566, rewards:-332.72161865234375, queue:8.337963104248047, delay:0.28419774770736694, throughput:2423
step:3600/3600, q_loss:114.8085708618164, rewards:-281.5686950683594, queue:7.173412799835205, delay:0.2532155215740204, throughput:2600
episode:124/250, real avg travel time:511.215
Test step:124/250, travel time :487.644752960392, rewards:-335.90802001953125, queue:8.618915557861328, delay:0.28288784623146057, throughput:2449
step:3600/3600, q_loss:110.89376831054688, rewards:-201.4625701904297, queue:5.4152116775512695, delay:0.23823127150535583, throughput:2957
episode:125/250, real avg travel time:384.79878254988165
Test step:125/250, travel time :394.71225761772854, rewards:-247.50347900390625, queue:6.389285564422607, delay:0.23924653232097626, throughput:2888
step:3600/3600, q_loss:136.50247192382812, rewards:-212.03176879882812, queue:5.4255290031433105, delay:0.23731814324855804, throughput:2736
episode:126/250, real avg travel time:369.1326754385965
Test step:126/250, travel time :350.6678558687121, rewards:-210.86727905273438, queue:5.664550304412842, delay:0.23619064688682556, throughput:2803
step:3600/3600, q_loss:164.68594360351562, rewards:-217.7837677001953, queue:5.684920787811279, delay:0.24224518239498138, throughput:2858
episode:127/250, real avg travel time:445.5601819454164
Test step:127/250, travel time :429.36801470588233, rewards:-233.75497436523438, queue:6.325925827026367, delay:0.2358877956867218, throughput:2720
step:3600/3600, q_loss:135.39158630371094, rewards:-192.2772979736328, queue:5.11044979095459, delay:0.2315431833267212, throughput:2813
episode:128/250, real avg travel time:371.3995734091717
Test step:128/250, travel time :409.5400075843762, rewards:-255.94444274902344, queue:6.5920634269714355, delay:0.23626750707626343, throughput:2637
step:3600/3600, q_loss:118.38188934326172, rewards:-177.92176818847656, queue:4.717195987701416, delay:0.2210322618484497, throughput:3171
episode:129/250, real avg travel time:356.6597287921791
Test step:129/250, travel time :376.16649178034277, rewards:-239.43856811523438, queue:6.059656143188477, delay:0.24477769434452057, throughput:2859
step:3600/3600, q_loss:98.75397491455078, rewards:-215.39402770996094, queue:5.861772537231445, delay:0.23237763345241547, throughput:2785
episode:130/250, real avg travel time:405.95906642728903
Test step:130/250, travel time :547.769805060141, rewards:-325.6412353515625, queue:8.010449409484863, delay:0.27223947644233704, throughput:2411
step:3600/3600, q_loss:97.5722885131836, rewards:-186.6275634765625, queue:5.139814853668213, delay:0.20960251986980438, throughput:3087
episode:131/250, real avg travel time:378.2646582442501
Test step:131/250, travel time :377.36476510067115, rewards:-212.58602905273438, queue:5.657804012298584, delay:0.22274629771709442, throughput:2980
step:3600/3600, q_loss:97.46243286132812, rewards:-194.76882934570312, queue:5.363227367401123, delay:0.2255815714597702, throughput:2995
episode:132/250, real avg travel time:410.8517529215359
Test step:132/250, travel time :359.29901315789476, rewards:-217.8371124267578, queue:5.737565994262695, delay:0.21591810882091522, throughput:3040
step:3600/3600, q_loss:81.02657318115234, rewards:-187.29769897460938, queue:5.038624286651611, delay:0.2071058452129364, throughput:3120
episode:133/250, real avg travel time:344.44775641025643
Test step:133/250, travel time :397.3535460992908, rewards:-244.48045349121094, queue:6.513888835906982, delay:0.24412590265274048, throughput:2820
step:3600/3600, q_loss:70.50786590576172, rewards:-163.82986450195312, queue:4.277513027191162, delay:0.2124628871679306, throughput:3212
episode:134/250, real avg travel time:403.1120797011208
Test step:134/250, travel time :358.46433333333334, rewards:-196.8517303466797, queue:5.359259128570557, delay:0.2181251049041748, throughput:3000
step:3600/3600, q_loss:75.6752700805664, rewards:-218.40359497070312, queue:5.78518533706665, delay:0.21548211574554443, throughput:3184
episode:135/250, real avg travel time:350.0860552763819
Test step:135/250, travel time :347.19299935773927, rewards:-182.2440948486328, queue:4.900396823883057, delay:0.211167573928833, throughput:3114
step:3600/3600, q_loss:76.62214660644531, rewards:-250.72743225097656, queue:6.2387566566467285, delay:0.23006640374660492, throughput:2750
episode:136/250, real avg travel time:497.1832727272727
Test step:136/250, travel time :331.26975388601034, rewards:-200.09503173828125, queue:5.386904716491699, delay:0.2359989434480667, throughput:3088
step:3600/3600, q_loss:96.80123901367188, rewards:-209.97821044921875, queue:5.247222423553467, delay:0.23185104131698608, throughput:2982
episode:137/250, real avg travel time:467.5103957075788
Test step:137/250, travel time :359.82504905166775, rewards:-182.28778076171875, queue:4.860846519470215, delay:0.20362378656864166, throughput:3058
step:3600/3600, q_loss:69.60295104980469, rewards:-165.36483764648438, queue:4.430291175842285, delay:0.20788832008838654, throughput:3173
episode:138/250, real avg travel time:454.32997163567603
Test step:138/250, travel time :409.15688859591296, rewards:-229.1013641357422, queue:6.0714287757873535, delay:0.20700162649154663, throughput:3034
step:3600/3600, q_loss:73.2972412109375, rewards:-216.018798828125, queue:5.679232597351074, delay:0.20252738893032074, throughput:3124
episode:139/250, real avg travel time:324.1709346991037
Test step:139/250, travel time :480.94409199048374, rewards:-279.37225341796875, queue:7.371693134307861, delay:0.22815464437007904, throughput:2522
step:3600/3600, q_loss:69.8698959350586, rewards:-220.56619262695312, queue:5.95806884765625, delay:0.22432860732078552, throughput:2837
episode:140/250, real avg travel time:425.1085653859711
Test step:140/250, travel time :409.0791443850267, rewards:-244.1829833984375, queue:6.2837300300598145, delay:0.23881836235523224, throughput:2805
step:3600/3600, q_loss:98.30925750732422, rewards:-217.92422485351562, queue:5.7490739822387695, delay:0.22614134848117828, throughput:3048
episode:141/250, real avg travel time:394.8287401574803
Test step:141/250, travel time :454.792817679558, rewards:-275.99591064453125, queue:6.55396842956543, delay:0.26183798909187317, throughput:2534
step:3600/3600, q_loss:210.84609985351562, rewards:-223.8615264892578, queue:5.852910041809082, delay:0.2348003089427948, throughput:3082
episode:142/250, real avg travel time:397.51524983776767
Test step:142/250, travel time :379.6966478592765, rewards:-252.71885681152344, queue:6.37420654296875, delay:0.2421390563249588, throughput:3013
step:3600/3600, q_loss:175.93040466308594, rewards:-253.67259216308594, queue:6.372751235961914, delay:0.23154950141906738, throughput:2772
episode:143/250, real avg travel time:363.8809523809524
Test step:143/250, travel time :431.71836078746486, rewards:-275.740966796875, queue:7.022354602813721, delay:0.2514675259590149, throughput:2489
step:3600/3600, q_loss:97.0306625366211, rewards:-207.20046997070312, queue:5.496031761169434, delay:0.21409955620765686, throughput:3095
episode:144/250, real avg travel time:358.4882067851373
Test step:144/250, travel time :394.8759612169843, rewards:-230.56503295898438, queue:5.889285564422607, delay:0.24286597967147827, throughput:2991
step:3600/3600, q_loss:84.66710662841797, rewards:-197.51809692382812, queue:5.247751235961914, delay:0.21824201941490173, throughput:3122
episode:145/250, real avg travel time:394.5291479820628
Test step:145/250, travel time :420.0654277971351, rewards:-263.7283020019531, queue:6.779629707336426, delay:0.2674463093280792, throughput:2583
step:3600/3600, q_loss:77.78648376464844, rewards:-185.46580505371094, queue:4.87579345703125, delay:0.20455294847488403, throughput:3243
episode:146/250, real avg travel time:378.58341042244837
Test step:146/250, travel time :375.4131455399061, rewards:-217.1492156982422, queue:5.833465576171875, delay:0.21852615475654602, throughput:2982
step:3600/3600, q_loss:79.52119445800781, rewards:-206.53619384765625, queue:5.302248477935791, delay:0.22020506858825684, throughput:3028
episode:147/250, real avg travel time:356.4270145310436
Test step:147/250, travel time :349.9240802675585, rewards:-230.477783203125, queue:5.988888740539551, delay:0.2195349484682083, throughput:2990
step:3600/3600, q_loss:84.48555755615234, rewards:-266.9150695800781, queue:6.737301349639893, delay:0.24186627566814423, throughput:2755
episode:148/250, real avg travel time:483.5637023593466
Test step:148/250, travel time :487.45230552622314, rewards:-256.1055908203125, queue:6.705820083618164, delay:0.24477516114711761, throughput:2841
step:3600/3600, q_loss:85.44580078125, rewards:-187.52139282226562, queue:5.013492107391357, delay:0.21331787109375, throughput:3192
episode:149/250, real avg travel time:409.7703634085213
Test step:149/250, travel time :426.796603912883, rewards:-233.59539794921875, queue:6.1579365730285645, delay:0.23909832537174225, throughput:2709
step:3600/3600, q_loss:98.46183013916016, rewards:-228.0078582763672, queue:5.9480156898498535, delay:0.23493756353855133, throughput:3163
episode:150/250, real avg travel time:479.67372747391715
Test step:150/250, travel time :419.79481286933685, rewards:-230.11419677734375, queue:6.0302910804748535, delay:0.21920809149742126, throughput:3046
step:3600/3600, q_loss:99.8792724609375, rewards:-219.88858032226562, queue:5.653968334197998, delay:0.21439814567565918, throughput:2836
episode:151/250, real avg travel time:448.2905500705219
Test step:151/250, travel time :398.52022711142655, rewards:-244.70904541015625, queue:6.3317461013793945, delay:0.24229538440704346, throughput:2818
step:3600/3600, q_loss:93.25690460205078, rewards:-268.4814147949219, queue:6.708200931549072, delay:0.2675708532333374, throughput:3315
episode:152/250, real avg travel time:424.3969834087481
Test step:152/250, travel time :403.0212109525646, rewards:-270.9949645996094, queue:7.0920634269714355, delay:0.2610551416873932, throughput:2593
step:3600/3600, q_loss:106.1700439453125, rewards:-200.126220703125, queue:5.442857265472412, delay:0.2255672663450241, throughput:3290
episode:153/250, real avg travel time:371.2255319148936
Test step:153/250, travel time :500.0951437066402, rewards:-456.1232604980469, queue:11.577248573303223, delay:0.35721248388290405, throughput:2018
step:3600/3600, q_loss:105.24342346191406, rewards:-295.8848876953125, queue:7.405555725097656, delay:0.25658178329467773, throughput:2656
episode:154/250, real avg travel time:389.1265060240964
Test step:154/250, travel time :583.7674418604652, rewards:-444.100341796875, queue:11.389814376831055, delay:0.3544325530529022, throughput:1548
step:3600/3600, q_loss:104.69579315185547, rewards:-380.031982421875, queue:9.669312477111816, delay:0.3115682601928711, throughput:2445
episode:155/250, real avg travel time:606.6081799591002
Test step:155/250, travel time :446.6623330990864, rewards:-255.4730224609375, queue:6.7509260177612305, delay:0.23496073484420776, throughput:2846
step:3600/3600, q_loss:112.89934539794922, rewards:-239.91087341308594, queue:6.0428571701049805, delay:0.2487470954656601, throughput:2907
episode:156/250, real avg travel time:473.3625730994152
Test step:156/250, travel time :420.0776068376068, rewards:-250.09657287597656, queue:6.6354498863220215, delay:0.23451100289821625, throughput:2925
step:3600/3600, q_loss:113.51786804199219, rewards:-254.25741577148438, queue:6.710052967071533, delay:0.24103781580924988, throughput:2855
episode:157/250, real avg travel time:443.34325744308234
Test step:157/250, travel time :436.1567505720824, rewards:-298.8200988769531, queue:7.344047546386719, delay:0.2648862898349762, throughput:2622
step:3600/3600, q_loss:123.7083969116211, rewards:-233.56138610839844, queue:6.065608501434326, delay:0.24335260689258575, throughput:2869
episode:158/250, real avg travel time:453.055768560474
Test step:158/250, travel time :424.3494764397906, rewards:-286.0556640625, queue:7.412566184997559, delay:0.2609077990055084, throughput:2292
step:3600/3600, q_loss:122.7035140991211, rewards:-222.38516235351562, queue:5.830687999725342, delay:0.22103998064994812, throughput:3017
episode:159/250, real avg travel time:445.4832615180643
Test step:159/250, travel time :449.8175487465181, rewards:-228.9469451904297, queue:6.054497241973877, delay:0.2344859540462494, throughput:2872
step:3600/3600, q_loss:133.55950927734375, rewards:-206.24798583984375, queue:5.560184955596924, delay:0.23600399494171143, throughput:3018
episode:160/250, real avg travel time:360.85354539430085
Test step:160/250, travel time :404.89903489235337, rewards:-259.8628234863281, queue:6.662169456481934, delay:0.23109129071235657, throughput:2694
step:3600/3600, q_loss:151.30784606933594, rewards:-234.4702911376953, queue:5.932142734527588, delay:0.25052282214164734, throughput:2508
episode:161/250, real avg travel time:517.0422647527911
Test step:161/250, travel time :453.63904694167854, rewards:-243.5337677001953, queue:6.231878280639648, delay:0.25617358088493347, throughput:2812
step:3600/3600, q_loss:176.77133178710938, rewards:-264.6771545410156, queue:6.673148155212402, delay:0.2549760043621063, throughput:2698
episode:162/250, real avg travel time:439.96590066716084
Test step:162/250, travel time :402.32247557003257, rewards:-237.72805786132812, queue:6.221957683563232, delay:0.2584027051925659, throughput:2763
step:3600/3600, q_loss:125.57608795166016, rewards:-183.66134643554688, queue:4.820899486541748, delay:0.21639756858348846, throughput:3241
episode:163/250, real avg travel time:405.9426103054613
Test step:163/250, travel time :387.27646188008885, rewards:-268.5862121582031, queue:7.1343913078308105, delay:0.24329012632369995, throughput:2702
step:3600/3600, q_loss:106.25657653808594, rewards:-227.77635192871094, queue:5.9800262451171875, delay:0.23442216217517853, throughput:3142
episode:164/250, real avg travel time:426.5722469764481
Test step:164/250, travel time :370.96709129511675, rewards:-239.62628173828125, queue:6.320634841918945, delay:0.23973780870437622, throughput:2826
step:3600/3600, q_loss:112.49308013916016, rewards:-233.919677734375, queue:6.142592430114746, delay:0.22818034887313843, throughput:2906
episode:165/250, real avg travel time:421.33344803854095
Test step:165/250, travel time :431.05898123324397, rewards:-255.58250427246094, queue:6.607142925262451, delay:0.25678902864456177, throughput:2611
step:3600/3600, q_loss:105.00545501708984, rewards:-231.29461669921875, queue:6.038756847381592, delay:0.22427232563495636, throughput:3074
episode:166/250, real avg travel time:391.51398828887443
Test step:166/250, travel time :470.8147859922179, rewards:-256.668701171875, queue:6.6747355461120605, delay:0.2597366273403168, throughput:2570
step:3600/3600, q_loss:94.35555267333984, rewards:-245.00083923339844, queue:6.253042221069336, delay:0.2409142702817917, throughput:2832
episode:167/250, real avg travel time:411.066384180791
Test step:167/250, travel time :424.4934233913971, rewards:-242.3013458251953, queue:6.290873050689697, delay:0.2445092350244522, throughput:2813
step:3600/3600, q_loss:102.64997863769531, rewards:-380.9704895019531, queue:10.030423164367676, delay:0.33327892422676086, throughput:2336
episode:168/250, real avg travel time:449.58347602739724
Test step:168/250, travel time :467.3919395465995, rewards:-441.782470703125, queue:11.034258842468262, delay:0.3561963140964508, throughput:1985
step:3600/3600, q_loss:104.37730407714844, rewards:-377.1210632324219, queue:9.692328453063965, delay:0.2981798052787781, throughput:2685
episode:169/250, real avg travel time:478.4897579143389
Test step:169/250, travel time :410.3455668604651, rewards:-240.84991455078125, queue:6.325925827026367, delay:0.2410287857055664, throughput:2752
step:3600/3600, q_loss:110.81903076171875, rewards:-213.0515594482422, queue:5.675000190734863, delay:0.21283116936683655, throughput:3137
episode:170/250, real avg travel time:383.86483901817024
Test step:170/250, travel time :398.01509831460675, rewards:-255.47604370117188, queue:6.4056878089904785, delay:0.23445343971252441, throughput:2848
step:3600/3600, q_loss:113.01683044433594, rewards:-345.4477844238281, queue:8.96137523651123, delay:0.29751527309417725, throughput:2557
episode:171/250, real avg travel time:505.60265936644504
Test step:171/250, travel time :521.6525871172122, rewards:-407.4217529296875, queue:10.1542329788208, delay:0.3391564190387726, throughput:1894
step:3600/3600, q_loss:122.63932037353516, rewards:-398.13653564453125, queue:10.144841194152832, delay:0.31721553206443787, throughput:2400
episode:172/250, real avg travel time:565.6666666666666
Test step:172/250, travel time :440.773872914448, rewards:-286.676025390625, queue:7.073280334472656, delay:0.24610106647014618, throughput:2817
step:3600/3600, q_loss:135.2265625, rewards:-240.29757690429688, queue:6.337830543518066, delay:0.23978866636753082, throughput:3089
episode:173/250, real avg travel time:439.31563612819684
Test step:173/250, travel time :358.2772080714522, rewards:-223.6736602783203, queue:5.806349277496338, delay:0.24204900860786438, throughput:3023
step:3600/3600, q_loss:120.3226318359375, rewards:-237.34596252441406, queue:6.189682483673096, delay:0.22993913292884827, throughput:3159
episode:174/250, real avg travel time:383.07787274453943
Test step:174/250, travel time :395.0016716817118, rewards:-240.17840576171875, queue:6.366534233093262, delay:0.24061471223831177, throughput:2991
step:3600/3600, q_loss:126.1406021118164, rewards:-228.68663024902344, queue:6.106084823608398, delay:0.22779518365859985, throughput:2954
episode:175/250, real avg travel time:395.2254570074475
Test step:175/250, travel time :375.80021520803444, rewards:-274.36981201171875, queue:7.129100322723389, delay:0.24937866628170013, throughput:2788
step:3600/3600, q_loss:134.12387084960938, rewards:-199.93515014648438, queue:5.294179916381836, delay:0.21714931726455688, throughput:3233
episode:176/250, real avg travel time:357.27868852459017
Test step:176/250, travel time :392.56573705179284, rewards:-265.7985534667969, queue:7.048148155212402, delay:0.2443850338459015, throughput:3012
step:3600/3600, q_loss:117.70413208007812, rewards:-216.5626983642578, queue:5.723941802978516, delay:0.2321421205997467, throughput:3232
episode:177/250, real avg travel time:401.80136138613864
Test step:177/250, travel time :377.2743132887899, rewards:-281.45074462890625, queue:7.3728837966918945, delay:0.26957404613494873, throughput:2694
step:3600/3600, q_loss:122.419921875, rewards:-214.06619262695312, queue:5.657804012298584, delay:0.22232265770435333, throughput:3100
episode:178/250, real avg travel time:369.09
Test step:178/250, travel time :343.6062729396063, rewards:-226.80165100097656, queue:6.052909851074219, delay:0.2339802235364914, throughput:2997
step:3600/3600, q_loss:140.0560760498047, rewards:-226.4640655517578, queue:5.936375617980957, delay:0.23101207613945007, throughput:3080
episode:179/250, real avg travel time:379.11233766233767
Test step:179/250, travel time :395.30942990319113, rewards:-247.71495056152344, queue:6.352248668670654, delay:0.2484312206506729, throughput:2789
step:3600/3600, q_loss:176.058837890625, rewards:-179.49752807617188, queue:4.9498677253723145, delay:0.23151163756847382, throughput:3229
episode:180/250, real avg travel time:408.401052957572
Test step:180/250, travel time :350.85296031229666, rewards:-226.35833740234375, queue:6.073941707611084, delay:0.24429458379745483, throughput:3074
step:3600/3600, q_loss:187.7986602783203, rewards:-196.61924743652344, queue:5.169576644897461, delay:0.23392628133296967, throughput:2911
episode:181/250, real avg travel time:387.8519409137753
Test step:181/250, travel time :361.73759835785154, rewards:-209.80636596679688, queue:5.49404764175415, delay:0.22568883001804352, throughput:2923
step:3600/3600, q_loss:133.23878479003906, rewards:-242.974609375, queue:6.319180011749268, delay:0.23578186333179474, throughput:2756
episode:182/250, real avg travel time:351.85449927431057
Test step:182/250, travel time :375.4962008589362, rewards:-222.10581970214844, queue:5.837433815002441, delay:0.22063423693180084, throughput:3027
step:3600/3600, q_loss:110.7055892944336, rewards:-206.07894897460938, queue:5.541666507720947, delay:0.2158847451210022, throughput:3220
episode:183/250, real avg travel time:388.0645962732919
Test step:183/250, travel time :358.4587826086956, rewards:-221.8326416015625, queue:5.855820178985596, delay:0.23499411344528198, throughput:2875
step:3600/3600, q_loss:102.98184967041016, rewards:-238.13250732421875, queue:6.222089767456055, delay:0.2274147868156433, throughput:2946
episode:184/250, real avg travel time:345.84962661235573
Test step:184/250, travel time :424.71641190667737, rewards:-257.44769287109375, queue:6.777248859405518, delay:0.23193363845348358, throughput:2486
step:3600/3600, q_loss:108.69132995605469, rewards:-291.1097106933594, queue:7.266402244567871, delay:0.2506366968154907, throughput:2346
episode:185/250, real avg travel time:499.42327365728903
Test step:185/250, travel time :373.97661673364996, rewards:-222.02708435058594, queue:5.897089958190918, delay:0.24338674545288086, throughput:2737
step:3600/3600, q_loss:117.24422454833984, rewards:-249.3667755126953, queue:6.419576644897461, delay:0.23474018275737762, throughput:2882
episode:186/250, real avg travel time:468.72102706453853
Test step:186/250, travel time :455.1544461778471, rewards:-278.0821228027344, queue:6.950793743133545, delay:0.260143518447876, throughput:2564
step:3600/3600, q_loss:117.75306701660156, rewards:-253.00332641601562, queue:6.453439235687256, delay:0.23316195607185364, throughput:2768
episode:187/250, real avg travel time:414.4284682080925
Test step:187/250, travel time :376.37570527713245, rewards:-203.5703125, queue:5.5078043937683105, delay:0.23499837517738342, throughput:3013
step:3600/3600, q_loss:122.640625, rewards:-177.72970581054688, queue:4.795634746551514, delay:0.22218266129493713, throughput:2964
episode:188/250, real avg travel time:405.5334008097166
Test step:188/250, travel time :377.7818448023426, rewards:-235.2769317626953, queue:6.376587390899658, delay:0.23877952992916107, throughput:2732
step:3600/3600, q_loss:118.21104431152344, rewards:-183.24887084960938, queue:4.5744709968566895, delay:0.21850864589214325, throughput:3104
episode:189/250, real avg travel time:404.63434278350513
Test step:189/250, travel time :465.55960264900665, rewards:-227.84385681152344, queue:5.955158710479736, delay:0.24817824363708496, throughput:2718
step:3600/3600, q_loss:135.83091735839844, rewards:-207.5760040283203, queue:5.519047737121582, delay:0.23169858753681183, throughput:2844
episode:190/250, real avg travel time:464.91385372714484
Test step:190/250, travel time :366.63673890608874, rewards:-218.12156677246094, queue:5.821560859680176, delay:0.24048461019992828, throughput:2907
step:3600/3600, q_loss:150.65829467773438, rewards:-217.53468322753906, queue:5.619444370269775, delay:0.24387741088867188, throughput:2765
episode:191/250, real avg travel time:488.7276672694394
Test step:191/250, travel time :473.1762031072376, rewards:-253.156494140625, queue:6.476719379425049, delay:0.2502303421497345, throughput:2639
step:3600/3600, q_loss:138.73004150390625, rewards:-235.54812622070312, queue:6.107804298400879, delay:0.23797467350959778, throughput:3036
episode:192/250, real avg travel time:439.3652832674572
Test step:192/250, travel time :385.735477518871, rewards:-211.11758422851562, queue:5.5298943519592285, delay:0.23690834641456604, throughput:3047
step:3600/3600, q_loss:132.8730926513672, rewards:-229.42860412597656, queue:5.88267183303833, delay:0.23237945139408112, throughput:2732
episode:193/250, real avg travel time:429.5834553440703
Test step:193/250, travel time :442.5106531610199, rewards:-266.0514221191406, queue:6.905555725097656, delay:0.24093744158744812, throughput:2863
step:3600/3600, q_loss:132.66766357421875, rewards:-213.39930725097656, queue:5.597486972808838, delay:0.24457265436649323, throughput:2903
episode:194/250, real avg travel time:499.55253186358937
Test step:194/250, travel time :377.08797067644116, rewards:-213.17425537109375, queue:5.733994483947754, delay:0.2382429838180542, throughput:3001
step:3600/3600, q_loss:125.84513854980469, rewards:-214.39883422851562, queue:5.7292327880859375, delay:0.2357737123966217, throughput:3109
episode:195/250, real avg travel time:452.62914120295915
Test step:195/250, travel time :435.2239726027397, rewards:-248.5467071533203, queue:6.586772441864014, delay:0.2306450754404068, throughput:2920
step:3600/3600, q_loss:113.59660339355469, rewards:-228.63729858398438, queue:5.893783092498779, delay:0.24065160751342773, throughput:2868
episode:196/250, real avg travel time:438.7670850767085
Test step:196/250, travel time :417.6097476667819, rewards:-301.1614990234375, queue:7.941799163818359, delay:0.24535571038722992, throughput:2893
step:3600/3600, q_loss:116.47628784179688, rewards:-188.50234985351562, queue:4.981348991394043, delay:0.22218739986419678, throughput:3074
episode:197/250, real avg travel time:411.11190631099544
Test step:197/250, travel time :500.8175182481752, rewards:-275.4519958496094, queue:7.122486591339111, delay:0.24417619407176971, throughput:2740
step:3600/3600, q_loss:120.89354705810547, rewards:-212.56341552734375, queue:5.510581970214844, delay:0.22894853353500366, throughput:3022
episode:198/250, real avg travel time:427.34480476505627
Test step:198/250, travel time :371.1012952507473, rewards:-220.06687927246094, queue:5.9048943519592285, delay:0.23205362260341644, throughput:3011
step:3600/3600, q_loss:106.97188568115234, rewards:-226.37911987304688, queue:5.916402339935303, delay:0.2412557601928711, throughput:2829
episode:199/250, real avg travel time:480.6242488511842
Test step:199/250, travel time :352.08540427021353, rewards:-319.93719482421875, queue:8.16534423828125, delay:0.23185178637504578, throughput:2857
step:3600/3600, q_loss:107.25021362304688, rewards:-217.45262145996094, queue:5.8248677253723145, delay:0.23929207026958466, throughput:2891
episode:200/250, real avg travel time:434.28917329643724
Test step:200/250, travel time :450.0509854327335, rewards:-275.4658508300781, queue:7.0009260177612305, delay:0.2556154429912567, throughput:2334
step:3600/3600, q_loss:119.40338897705078, rewards:-213.29637145996094, queue:5.433730125427246, delay:0.22566929459571838, throughput:3060
episode:201/250, real avg travel time:368.67908496732025
Test step:201/250, travel time :418.467680608365, rewards:-238.84628295898438, queue:6.441005229949951, delay:0.2479277104139328, throughput:2893
step:3600/3600, q_loss:109.224609375, rewards:-243.4895782470703, queue:6.3130950927734375, delay:0.2339795082807541, throughput:3060
episode:202/250, real avg travel time:461.6294117647059
Test step:202/250, travel time :440.6913086913087, rewards:-233.08099365234375, queue:5.9990739822387695, delay:0.24842014908790588, throughput:3003
step:3600/3600, q_loss:111.51213073730469, rewards:-209.9759521484375, queue:5.6259260177612305, delay:0.23180577158927917, throughput:3049
episode:203/250, real avg travel time:418.65332896031487
Test step:203/250, travel time :390.93165866272625, rewards:-245.4947052001953, queue:6.22949743270874, delay:0.25134921073913574, throughput:2707
step:3600/3600, q_loss:111.92608642578125, rewards:-227.05538940429688, queue:5.83306884765625, delay:0.23899394273757935, throughput:2951
episode:204/250, real avg travel time:497.20874279905115
Test step:204/250, travel time :485.5105872952457, rewards:-314.41424560546875, queue:8.295238494873047, delay:0.26986196637153625, throughput:2503
step:3600/3600, q_loss:108.54090881347656, rewards:-290.4950866699219, queue:7.567857265472412, delay:0.23492802679538727, throughput:2833
episode:205/250, real avg travel time:362.4256971408401
Test step:205/250, travel time :429.5236443883985, rewards:-256.57244873046875, queue:6.669576644897461, delay:0.24716976284980774, throughput:3172
step:3600/3600, q_loss:104.55342864990234, rewards:-223.49830627441406, queue:5.976719379425049, delay:0.231933131814003, throughput:3002
episode:206/250, real avg travel time:380.3367754830113
Test step:206/250, travel time :430.56639288158794, rewards:-227.340576171875, queue:5.930819988250732, delay:0.24499304592609406, throughput:2922
step:3600/3600, q_loss:110.28131866455078, rewards:-205.7049102783203, queue:5.614947319030762, delay:0.23374952375888824, throughput:3046
episode:207/250, real avg travel time:419.8243598161523
Test step:207/250, travel time :458.4375453885258, rewards:-241.46343994140625, queue:6.458333492279053, delay:0.25602108240127563, throughput:2754
step:3600/3600, q_loss:113.07719421386719, rewards:-231.46298217773438, queue:5.905555725097656, delay:0.24669386446475983, throughput:2670
episode:208/250, real avg travel time:417.9644194756554
Test step:208/250, travel time :404.65493443754315, rewards:-220.6750030517578, queue:5.892195701599121, delay:0.2315768301486969, throughput:2898
step:3600/3600, q_loss:124.5093002319336, rewards:-190.5275421142578, queue:5.080026626586914, delay:0.22995948791503906, throughput:3203
episode:209/250, real avg travel time:390.78957227599125
Test step:209/250, travel time :355.07877389584706, rewards:-203.8138427734375, queue:5.545634746551514, delay:0.22777147591114044, throughput:3034
step:3600/3600, q_loss:99.05972290039062, rewards:-183.90377807617188, queue:5.031613826751709, delay:0.2164839804172516, throughput:3351
episode:210/250, real avg travel time:382.008355714712
Test step:210/250, travel time :390.54632587859425, rewards:-212.19747924804688, queue:5.704497337341309, delay:0.22918987274169922, throughput:3130
step:3600/3600, q_loss:119.50410461425781, rewards:-176.5003204345703, queue:4.78425931930542, delay:0.21507872641086578, throughput:3296
episode:211/250, real avg travel time:377.34405339805824
Test step:211/250, travel time :344.76656050955415, rewards:-189.24984741210938, queue:5.123545169830322, delay:0.2200556844472885, throughput:3140
step:3600/3600, q_loss:104.18434143066406, rewards:-216.58181762695312, queue:5.7997355461120605, delay:0.2314940094947815, throughput:2936
episode:212/250, real avg travel time:406.5800408719346
Test step:212/250, travel time :385.8313609467456, rewards:-195.2642822265625, queue:5.226058006286621, delay:0.22233542799949646, throughput:3042
step:3600/3600, q_loss:96.78031921386719, rewards:-187.19129943847656, queue:5.007936477661133, delay:0.21523995697498322, throughput:3307
episode:213/250, real avg travel time:365.6973087390384
Test step:213/250, travel time :521.2732558139535, rewards:-306.5595397949219, queue:7.7021164894104, delay:0.2707909047603607, throughput:2408
step:3600/3600, q_loss:90.55107116699219, rewards:-194.80564880371094, queue:5.391402244567871, delay:0.2237774133682251, throughput:3015
episode:214/250, real avg travel time:408.95058043117746
Test step:214/250, travel time :405.62568218298554, rewards:-204.65516662597656, queue:5.463889122009277, delay:0.2351617068052292, throughput:3115
step:3600/3600, q_loss:98.00501251220703, rewards:-163.19036865234375, queue:4.489947319030762, delay:0.21328118443489075, throughput:3203
episode:215/250, real avg travel time:389.86325320012486
Test step:215/250, travel time :586.6653605015674, rewards:-281.00457763671875, queue:6.748809337615967, delay:0.27191758155822754, throughput:2552
step:3600/3600, q_loss:81.1240463256836, rewards:-184.56654357910156, queue:4.816005229949951, delay:0.22135914862155914, throughput:3069
episode:216/250, real avg travel time:401.0162919517758
Test step:216/250, travel time :371.1164207825529, rewards:-187.53472900390625, queue:5.078571319580078, delay:0.20846790075302124, throughput:3118
step:3600/3600, q_loss:87.09745025634766, rewards:-213.57308959960938, queue:5.726058006286621, delay:0.22526393830776215, throughput:2922
episode:217/250, real avg travel time:412.1375770020534
Test step:217/250, travel time :457.62636587945013, rewards:-238.84523010253906, queue:6.237698554992676, delay:0.2303067445755005, throughput:2837
step:3600/3600, q_loss:74.77445983886719, rewards:-171.9286651611328, queue:4.771031856536865, delay:0.21935860812664032, throughput:3112
episode:218/250, real avg travel time:394.7233290488432
Test step:218/250, travel time :367.7872070930969, rewards:-196.43191528320312, queue:5.281349182128906, delay:0.22603437304496765, throughput:3158
step:3600/3600, q_loss:68.82728576660156, rewards:-166.81454467773438, queue:4.391005516052246, delay:0.2082807868719101, throughput:3153
episode:219/250, real avg travel time:376.76910878528383
Test step:219/250, travel time :424.3920026220911, rewards:-209.70872497558594, queue:5.6670637130737305, delay:0.22809737920761108, throughput:3051
step:3600/3600, q_loss:71.4292221069336, rewards:-150.6888427734375, queue:4.237433910369873, delay:0.2017362266778946, throughput:3230
episode:220/250, real avg travel time:330.2136222910217
Test step:220/250, travel time :334.6834221038615, rewards:-206.16641235351562, queue:5.540343761444092, delay:0.23823833465576172, throughput:3004
step:3600/3600, q_loss:62.52449035644531, rewards:-167.911376953125, queue:4.488227367401123, delay:0.19736140966415405, throughput:3192
episode:221/250, real avg travel time:343.00877192982455
Test step:221/250, travel time :472.94976164283094, rewards:-241.91159057617188, queue:6.118782997131348, delay:0.23725169897079468, throughput:2727
step:3600/3600, q_loss:56.7321662902832, rewards:-224.39031982421875, queue:5.563756465911865, delay:0.2365918904542923, throughput:2699
episode:222/250, real avg travel time:481.7688032604668
Test step:222/250, travel time :417.9852452969384, rewards:-247.52488708496094, queue:6.077513217926025, delay:0.24364019930362701, throughput:2711
step:3600/3600, q_loss:57.64198303222656, rewards:-196.7793426513672, queue:5.2928571701049805, delay:0.2325723022222519, throughput:2916
episode:223/250, real avg travel time:398.91323731138544
Test step:223/250, travel time :441.95398230088495, rewards:-250.4632568359375, queue:6.4178571701049805, delay:0.24750736355781555, throughput:2825
step:3600/3600, q_loss:64.09483337402344, rewards:-211.73890686035156, queue:5.619709014892578, delay:0.22778500616550446, throughput:3122
episode:224/250, real avg travel time:450.7373478539398
Test step:224/250, travel time :406.2920254586297, rewards:-272.62841796875, queue:7.0104498863220215, delay:0.2455097883939743, throughput:2671
step:3600/3600, q_loss:70.30623626708984, rewards:-162.85142517089844, queue:4.347486972808838, delay:0.21000446379184723, throughput:3294
episode:225/250, real avg travel time:393.85913782635095
Test step:225/250, travel time :469.1578512396694, rewards:-264.9256591796875, queue:6.8801589012146, delay:0.2593541145324707, throughput:2420
step:3600/3600, q_loss:72.36518859863281, rewards:-202.42860412597656, queue:5.318650722503662, delay:0.22340546548366547, throughput:3049
episode:226/250, real avg travel time:420.2758281403739
Test step:226/250, travel time :373.74706694271913, rewards:-200.50294494628906, queue:5.544312000274658, delay:0.2274816334247589, throughput:2898
step:3600/3600, q_loss:67.08354187011719, rewards:-238.47293090820312, queue:6.3313493728637695, delay:0.23355790972709656, throughput:2791
episode:227/250, real avg travel time:466.71694733070586
Test step:227/250, travel time :408.59242021276594, rewards:-241.2692108154297, queue:6.405952453613281, delay:0.23097185790538788, throughput:3008
step:3600/3600, q_loss:67.93470764160156, rewards:-237.1383056640625, queue:6.183994770050049, delay:0.24456608295440674, throughput:2676
episode:228/250, real avg travel time:433.15433482810164
Test step:228/250, travel time :468.17577981651374, rewards:-240.10740661621094, queue:6.268783092498779, delay:0.24462945759296417, throughput:2725
step:3600/3600, q_loss:76.96812438964844, rewards:-212.2561798095703, queue:5.834523677825928, delay:0.22425410151481628, throughput:3155
episode:229/250, real avg travel time:440.54675118858955
Test step:229/250, travel time :392.00969932104755, rewards:-216.4088134765625, queue:5.7140212059021, delay:0.24754278361797333, throughput:3093
step:3600/3600, q_loss:86.35724639892578, rewards:-152.06936645507812, queue:4.006613731384277, delay:0.2070252001285553, throughput:3341
episode:230/250, real avg travel time:412.0065848548339
Test step:230/250, travel time :425.9834829443447, rewards:-207.58859252929688, queue:5.594047546386719, delay:0.22144542634487152, throughput:2785
step:3600/3600, q_loss:77.81140899658203, rewards:-165.6620635986328, queue:4.605555534362793, delay:0.22062356770038605, throughput:2989
episode:231/250, real avg travel time:343.03479424556707
Test step:231/250, travel time :429.956780923994, rewards:-248.16067504882812, queue:6.565476417541504, delay:0.24407941102981567, throughput:2684
step:3600/3600, q_loss:65.18022918701172, rewards:-179.28524780273438, queue:4.7911376953125, delay:0.21336564421653748, throughput:3202
episode:232/250, real avg travel time:395.44440974391006
Test step:232/250, travel time :395.6498809118748, rewards:-223.62278747558594, queue:5.9567461013793945, delay:0.23488715291023254, throughput:2939
step:3600/3600, q_loss:60.985687255859375, rewards:-220.9714813232422, queue:5.809391498565674, delay:0.21295377612113953, throughput:3146
episode:233/250, real avg travel time:340.14907819453276
Test step:233/250, travel time :454.16972972972974, rewards:-202.68374633789062, queue:5.294312000274658, delay:0.23663119971752167, throughput:2775
step:3600/3600, q_loss:72.76255798339844, rewards:-213.11770629882812, queue:5.354762077331543, delay:0.22438687086105347, throughput:3011
episode:234/250, real avg travel time:502.4905347060777
Test step:234/250, travel time :397.66115132712855, rewards:-218.0215301513672, queue:5.800793647766113, delay:0.23506242036819458, throughput:2901
step:3600/3600, q_loss:71.94222259521484, rewards:-214.60800170898438, queue:5.64563512802124, delay:0.23586589097976685, throughput:2949
episode:235/250, real avg travel time:444.6358087487284
Test step:235/250, travel time :430.25219655060204, rewards:-212.8633270263672, queue:5.5120368003845215, delay:0.2370477318763733, throughput:3073
step:3600/3600, q_loss:73.63203430175781, rewards:-175.459228515625, queue:4.726190567016602, delay:0.22480788826942444, throughput:3320
episode:236/250, real avg travel time:399.45722891566265
Test step:236/250, travel time :440.40277777777777, rewards:-269.12835693359375, queue:6.829100608825684, delay:0.25725993514060974, throughput:2376
step:3600/3600, q_loss:76.29573822021484, rewards:-237.95355224609375, queue:6.217328071594238, delay:0.2318885177373886, throughput:2943
episode:237/250, real avg travel time:430.5426435609922
Test step:237/250, travel time :402.9596216806111, rewards:-277.8814697265625, queue:7.498941898345947, delay:0.25675320625305176, throughput:2749
step:3600/3600, q_loss:73.38322448730469, rewards:-203.69288635253906, queue:5.3839945793151855, delay:0.2290118932723999, throughput:3119
episode:238/250, real avg travel time:443.5876883616544
Test step:238/250, travel time :372.0424052832812, rewards:-229.88821411132812, queue:6.04193115234375, delay:0.21207889914512634, throughput:2877
step:3600/3600, q_loss:69.44160461425781, rewards:-180.55410766601562, queue:4.795238018035889, delay:0.20704442262649536, throughput:3257
episode:239/250, real avg travel time:378.58151673319
Test step:239/250, travel time :376.6410342511753, rewards:-240.589599609375, queue:6.388227462768555, delay:0.23956593871116638, throughput:2978
step:3600/3600, q_loss:73.70269012451172, rewards:-251.74546813964844, queue:6.758068561553955, delay:0.24565285444259644, throughput:2932
episode:240/250, real avg travel time:475.8731241473397
Test step:240/250, travel time :414.40258899676377, rewards:-220.68988037109375, queue:6.016005516052246, delay:0.22635576128959656, throughput:3090
step:3600/3600, q_loss:69.12329864501953, rewards:-208.49566650390625, queue:5.455158710479736, delay:0.2071787714958191, throughput:3223
episode:241/250, real avg travel time:352.8842693143034
Test step:241/250, travel time :425.03002472624513, rewards:-240.634521484375, queue:6.486507892608643, delay:0.23972190916538239, throughput:2831
step:3600/3600, q_loss:65.04283142089844, rewards:-189.88023376464844, queue:5.145237922668457, delay:0.2128516137599945, throughput:3299
episode:242/250, real avg travel time:379.1706577750834
Test step:242/250, travel time :405.7110010611956, rewards:-231.26882934570312, queue:6.24232816696167, delay:0.23618867993354797, throughput:2827
step:3600/3600, q_loss:62.098941802978516, rewards:-209.7948760986328, queue:5.564550399780273, delay:0.2234826534986496, throughput:3352
episode:243/250, real avg travel time:433.8463603818616
Test step:243/250, travel time :501.4107021131561, rewards:-237.11746215820312, queue:6.399206161499023, delay:0.2444399893283844, throughput:2934
step:3600/3600, q_loss:65.59346008300781, rewards:-187.3148651123047, queue:4.946957588195801, delay:0.2175215482711792, throughput:3298
episode:244/250, real avg travel time:419.94481503941785
Test step:244/250, travel time :373.47710922171353, rewards:-190.89305114746094, queue:5.212698459625244, delay:0.21442590653896332, throughput:3058
step:3600/3600, q_loss:66.61319732666016, rewards:-161.3390655517578, queue:4.310714244842529, delay:0.20183397829532623, throughput:3271
episode:245/250, real avg travel time:396.41332925710793
Test step:245/250, travel time :449.16131260794475, rewards:-261.27117919921875, queue:6.67976188659668, delay:0.2497594654560089, throughput:2895
step:3600/3600, q_loss:59.44081497192383, rewards:-236.7859344482422, queue:6.070767402648926, delay:0.21696248650550842, throughput:3077
episode:246/250, real avg travel time:380.63113422164446
Test step:246/250, travel time :379.0404360056259, rewards:-216.6581573486328, queue:5.966402053833008, delay:0.22667309641838074, throughput:2844
step:3600/3600, q_loss:60.58694076538086, rewards:-197.01490783691406, queue:5.288492202758789, delay:0.21474836766719818, throughput:3053
episode:247/250, real avg travel time:439.1074353095316
Test step:247/250, travel time :411.69265263884097, rewards:-200.09384155273438, queue:5.446957588195801, delay:0.22757413983345032, throughput:2899
step:3600/3600, q_loss:52.43138122558594, rewards:-193.5799102783203, queue:5.322090148925781, delay:0.23161447048187256, throughput:3000
episode:248/250, real avg travel time:477.93266666666665
Test step:248/250, travel time :423.88639705882355, rewards:-280.4900207519531, queue:7.459259033203125, delay:0.2290990650653839, throughput:2720
step:3600/3600, q_loss:54.54559326171875, rewards:-187.27679443359375, queue:5.052116394042969, delay:0.21124267578125, throughput:3153
episode:249/250, real avg travel time:452.88867745004757
Test step:249/250, travel time :368.42616885301044, rewards:-188.84556579589844, queue:4.969180107116699, delay:0.21609652042388916, throughput:2973
Hyperparameters saved to: data/output_data/tsc/sumo_colight/sumo1x21/colightfix_sumo1x21_seed0/hyperparameters.json
Loaded best checkpoint for final evaluation
Final Travel Time is 396.2887, mean rewards: -235.6891, queue: 6.1225, delay: 0.2499, throughput: 2875
Total time taken: 23592.13451218605
