Resumed training from episode 25; continuing through episode 249
step:3600/3600, q_loss:0.00014162217813003578, rewards:-55.98831558227539, queue:13.997685432434082, delay:0.12934230268001556, throughput:1785
episode:25/250, real avg travel time:1131.5694050991501
Test step:25/250, travel time :1480.7213172804531, rewards:-80.14979553222656, queue:20.059085845947266, delay:0.1751662939786911, throughput:1560
New best TEST travel time 1480.7213 at episode 25, saved as best checkpoint
step:3600/3600, q_loss:0.0001288998899349, rewards:-55.28732681274414, queue:13.819849967956543, delay:0.1275462955236435, throughput:1770
episode:26/250, real avg travel time:1103.8445467422096
step:3600/3600, q_loss:0.00012113871771474311, rewards:-57.889930725097656, queue:14.476447105407715, delay:0.12748396396636963, throughput:1785
episode:27/250, real avg travel time:1166.1692634560907
step:3600/3600, q_loss:0.00010529020988025967, rewards:-58.68983459472656, queue:14.678240776062012, delay:0.1313285082578659, throughput:1775
episode:28/250, real avg travel time:1168.4114730878186
step:3600/3600, q_loss:7.595186492566157e-05, rewards:-55.145362854003906, queue:13.788251876831055, delay:0.1258322298526764, throughput:1827
episode:29/250, real avg travel time:1118.3884560906515
step:3600/3600, q_loss:9.877112001341619e-05, rewards:-55.63203811645508, queue:13.909375190734863, delay:0.1268407702445984, throughput:1802
episode:30/250, real avg travel time:1117.864730878187
Test step:30/250, travel time :1481.3002832861189, rewards:-78.41106414794922, queue:19.62349510192871, delay:0.1730945110321045, throughput:1472
step:3600/3600, q_loss:9.28760533520009e-05, rewards:-54.42232894897461, queue:13.604803085327148, delay:0.12689687311649323, throughput:1848
episode:31/250, real avg travel time:1107.5120396600566
step:3600/3600, q_loss:6.254102537454462e-05, rewards:-54.6340446472168, queue:13.658102035522461, delay:0.12572145462036133, throughput:1829
episode:32/250, real avg travel time:1106.8360481586403
step:3600/3600, q_loss:8.394834585487843e-05, rewards:-53.303829193115234, queue:13.326099395751953, delay:0.12595850229263306, throughput:1833
episode:33/250, real avg travel time:1072.904745042493
step:3600/3600, q_loss:6.992015240277037e-05, rewards:-53.198097229003906, queue:13.298900604248047, delay:0.12685731053352356, throughput:1813
episode:34/250, real avg travel time:1086.1104815864023
step:3600/3600, q_loss:7.353707354653765e-05, rewards:-55.11118698120117, queue:13.780613899230957, delay:0.12282256782054901, throughput:1827
episode:35/250, real avg travel time:1117.1965297450424
Test step:35/250, travel time :1385.448300283286, rewards:-74.19058227539062, queue:18.565797805786133, delay:0.1619514524936676, throughput:1505
New best TEST travel time 1385.4483 at episode 35, saved as best checkpoint
step:3600/3600, q_loss:6.72065721893752e-05, rewards:-53.86912536621094, queue:13.465509414672852, delay:0.12487322837114334, throughput:1839
episode:36/250, real avg travel time:1086.4826487252124
step:3600/3600, q_loss:6.696869443849098e-05, rewards:-55.20734405517578, queue:13.800347328186035, delay:0.12371009588241577, throughput:1790
episode:37/250, real avg travel time:1109.334985835694
step:3600/3600, q_loss:5.991929390375721e-05, rewards:-52.84524917602539, queue:13.213194847106934, delay:0.12296659499406815, throughput:1826
episode:38/250, real avg travel time:1072.5601983002832
step:3600/3600, q_loss:5.2541990284405554e-05, rewards:-49.68834686279297, queue:12.422511100769043, delay:0.12003172188997269, throughput:1883
episode:39/250, real avg travel time:1020.5060198300283
step:3600/3600, q_loss:5.756311692056005e-05, rewards:-49.5141716003418, queue:12.367766380310059, delay:0.12048401683568954, throughput:1873
episode:40/250, real avg travel time:1034.0531161473089
Test step:40/250, travel time :1244.695821529745, rewards:-67.91000366210938, queue:16.99664306640625, delay:0.154067263007164, throughput:1817
New best TEST travel time 1244.6958 at episode 40, saved as best checkpoint
step:3600/3600, q_loss:4.5348728437804515e-05, rewards:-52.388877868652344, queue:13.095428466796875, delay:0.1209285631775856, throughput:1837
episode:41/250, real avg travel time:1054.8665014164305
step:3600/3600, q_loss:9.224916654523967e-05, rewards:-52.15781784057617, queue:13.039525032043457, delay:0.12129402160644531, throughput:1841
episode:42/250, real avg travel time:1060.443342776204
step:3600/3600, q_loss:2.754300065269625e-05, rewards:-49.99338150024414, queue:12.492534637451172, delay:0.12150543928146362, throughput:1879
episode:43/250, real avg travel time:1037.8098441926345
step:3600/3600, q_loss:4.8495158783079664e-05, rewards:-49.84897994995117, queue:12.460532188415527, delay:0.11922262609004974, throughput:1874
episode:44/250, real avg travel time:1029.5017705382436
step:3600/3600, q_loss:3.903207389269898e-05, rewards:-53.00350570678711, queue:13.251504898071289, delay:0.11893773823976517, throughput:1867
episode:45/250, real avg travel time:1079.1717422096317
Test step:45/250, travel time :1034.2206090651557, rewards:-50.868282318115234, queue:12.709722518920898, delay:0.14664125442504883, throughput:1941
New best TEST travel time 1034.2206 at episode 45, saved as best checkpoint
step:3600/3600, q_loss:4.737896458130836e-05, rewards:-51.57095718383789, queue:12.891435623168945, delay:0.11852852255105972, throughput:1825
episode:46/250, real avg travel time:1060.3813739376772
step:3600/3600, q_loss:8.758119965707999e-05, rewards:-50.35896682739258, queue:12.585763931274414, delay:0.11911510676145554, throughput:1860
episode:47/250, real avg travel time:1029.2921388101984
step:3600/3600, q_loss:3.431327885338738e-05, rewards:-50.79789352416992, queue:12.694039344787598, delay:0.11790584772825241, throughput:1835
episode:48/250, real avg travel time:1053.9405099150142
step:3600/3600, q_loss:4.033257359822775e-05, rewards:-47.80562973022461, queue:11.945833206176758, delay:0.11649703979492188, throughput:1891
episode:49/250, real avg travel time:999.0300991501416
step:3600/3600, q_loss:8.404149068806919e-05, rewards:-52.166160583496094, queue:13.045428276062012, delay:0.11863508075475693, throughput:1829
episode:50/250, real avg travel time:1067.168909348442
Test step:50/250, travel time :1046.1880311614732, rewards:-53.525299072265625, queue:13.385185241699219, delay:0.1368376761674881, throughput:1800
step:3600/3600, q_loss:6.675069905920989e-05, rewards:-51.19065856933594, queue:12.801735877990723, delay:0.11757899820804596, throughput:1870
episode:51/250, real avg travel time:1057.1090651558075
step:3600/3600, q_loss:2.7327025941584582e-05, rewards:-49.141910552978516, queue:12.284432411193848, delay:0.11700540035963058, throughput:1847
episode:52/250, real avg travel time:1019.5053116147309
step:3600/3600, q_loss:6.712326991233837e-05, rewards:-52.419471740722656, queue:13.103703498840332, delay:0.12052416056394577, throughput:1887
episode:53/250, real avg travel time:1083.2698300283287
step:3600/3600, q_loss:8.540293180245768e-05, rewards:-49.18403244018555, queue:12.29861068725586, delay:0.11749329417943954, throughput:1894
episode:54/250, real avg travel time:1031.9971671388103
step:3600/3600, q_loss:1.27819231653839e-05, rewards:-45.939552307128906, queue:11.48194408416748, delay:0.11494999378919601, throughput:1917
episode:55/250, real avg travel time:985.399433427762
Test step:55/250, travel time :1082.7673512747876, rewards:-56.270111083984375, queue:14.074363708496094, delay:0.14192992448806763, throughput:1761
step:3600/3600, q_loss:2.4346480100059216e-05, rewards:-43.56338119506836, queue:10.8828125, delay:0.11101626604795456, throughput:1920
episode:56/250, real avg travel time:946.2592067988669
step:3600/3600, q_loss:-6.5835097224026185e-06, rewards:-43.520503997802734, queue:10.8749418258667, delay:0.10942021757364273, throughput:1940
episode:57/250, real avg travel time:939.6175637393768
step:3600/3600, q_loss:3.913091459702471e-05, rewards:-46.10152053833008, queue:11.523032188415527, delay:0.11463648825883865, throughput:1844
episode:58/250, real avg travel time:992.7970963172804
step:3600/3600, q_loss:2.4091071998240588e-05, rewards:-45.813114166259766, queue:11.45040512084961, delay:0.11197871714830399, throughput:1850
episode:59/250, real avg travel time:978.0686968838527
step:3600/3600, q_loss:2.5293357198896965e-06, rewards:-44.01177215576172, queue:10.995196342468262, delay:0.11008555442094803, throughput:1926
episode:60/250, real avg travel time:958.3240084985836
Test step:60/250, travel time :1035.5587818696883, rewards:-51.10621643066406, queue:12.782349586486816, delay:0.12958277761936188, throughput:1858
step:3600/3600, q_loss:-3.810313366422499e-06, rewards:-42.203216552734375, queue:10.53993034362793, delay:0.10607913136482239, throughput:1919
episode:61/250, real avg travel time:931.493626062323
step:3600/3600, q_loss:1.7113538809626558e-05, rewards:-46.137657165527344, queue:11.53298568725586, delay:0.11216260492801666, throughput:1869
episode:62/250, real avg travel time:984.8063031161473
step:3600/3600, q_loss:-5.184963380021078e-06, rewards:-46.09349060058594, queue:11.52013874053955, delay:0.10994225740432739, throughput:1858
episode:63/250, real avg travel time:984.7453966005666
step:3600/3600, q_loss:1.3592273405074706e-05, rewards:-44.90995407104492, queue:11.220717430114746, delay:0.10722221434116364, throughput:1867
episode:64/250, real avg travel time:963.3849150141643
step:3600/3600, q_loss:2.199097688850245e-05, rewards:-43.702239990234375, queue:10.920022964477539, delay:0.1097206100821495, throughput:1873
episode:65/250, real avg travel time:941.6320821529745
Test step:65/250, travel time :1299.086402266289, rewards:-69.05764770507812, queue:17.289640426635742, delay:0.15144960582256317, throughput:1668
step:3600/3600, q_loss:-1.2290955630395514e-05, rewards:-42.74698257446289, queue:10.68061351776123, delay:0.10880983620882034, throughput:1946
episode:66/250, real avg travel time:924.1221671388103
step:3600/3600, q_loss:-4.4137739610892755e-06, rewards:-45.10088348388672, queue:11.274189949035645, delay:0.11070650070905685, throughput:1900
episode:67/250, real avg travel time:965.3962464589235
step:3600/3600, q_loss:5.108133917042043e-05, rewards:-43.80755615234375, queue:10.946932792663574, delay:0.10750526189804077, throughput:1902
episode:68/250, real avg travel time:945.2839943342776
step:3600/3600, q_loss:2.9304970047195198e-05, rewards:-39.57025146484375, queue:9.880728721618652, delay:0.10643612593412399, throughput:1979
episode:69/250, real avg travel time:877.7790368271955
step:3600/3600, q_loss:-1.5116740056934456e-05, rewards:-40.784114837646484, queue:10.18993091583252, delay:0.10629606992006302, throughput:1966
episode:70/250, real avg travel time:895.4266997167139
Test step:70/250, travel time :1124.4879603399434, rewards:-60.10372543334961, queue:15.046122550964355, delay:0.1420649141073227, throughput:1809
step:3600/3600, q_loss:1.928973411221379e-05, rewards:-37.808326721191406, queue:9.438020706176758, delay:0.10608413070440292, throughput:2010
episode:71/250, real avg travel time:856.8314447592068
step:3600/3600, q_loss:5.041732356515655e-05, rewards:-33.839576721191406, queue:8.443750381469727, delay:0.10255146771669388, throughput:2034
episode:72/250, real avg travel time:782.8080736543909
step:3600/3600, q_loss:1.97177194490063e-05, rewards:-38.40467071533203, queue:9.589641571044922, delay:0.10701321065425873, throughput:2001
episode:73/250, real avg travel time:866.3668555240794
step:3600/3600, q_loss:3.256084365816212e-05, rewards:-38.383522033691406, queue:9.581829071044922, delay:0.10723017901182175, throughput:1990
episode:74/250, real avg travel time:859.2202549575071
step:3600/3600, q_loss:7.93908034267341e-06, rewards:-36.3056640625, queue:9.060879707336426, delay:0.10823745280504227, throughput:2017
episode:75/250, real avg travel time:835.3732294617564
Test step:75/250, travel time :982.275849858357, rewards:-49.81598663330078, queue:12.457755088806152, delay:0.13437782227993011, throughput:1924
New best TEST travel time 982.2758 at episode 75, saved as best checkpoint
step:3600/3600, q_loss:-5.2685355681374115e-06, rewards:-37.08604049682617, queue:9.257233619689941, delay:0.10657748579978943, throughput:2009
episode:76/250, real avg travel time:834.5021246458923
step:3600/3600, q_loss:-6.810311130305499e-06, rewards:-38.41569519042969, queue:9.591492652893066, delay:0.10625647753477097, throughput:1982
episode:77/250, real avg travel time:858.9578611898017
step:3600/3600, q_loss:1.983761199589037e-05, rewards:-37.93830871582031, queue:9.472222328186035, delay:0.10684756189584732, throughput:2037
episode:78/250, real avg travel time:834.8973087818697
step:3600/3600, q_loss:-1.1131009748090565e-05, rewards:-37.66184997558594, queue:9.401330947875977, delay:0.10443592816591263, throughput:1980
episode:79/250, real avg travel time:845.0945467422097
step:3600/3600, q_loss:1.379517970583689e-05, rewards:-39.25006866455078, queue:9.803472518920898, delay:0.10731238126754761, throughput:2003
episode:80/250, real avg travel time:858.2110481586402
Test step:80/250, travel time :800.9412181303117, rewards:-38.06542205810547, queue:9.513484001159668, delay:0.10996697098016739, throughput:2041
New best TEST travel time 800.9412 at episode 80, saved as best checkpoint
step:3600/3600, q_loss:-7.464543608718632e-06, rewards:-38.43095016479492, queue:9.596932411193848, delay:0.104862280189991, throughput:1986
episode:81/250, real avg travel time:853.2836402266289
step:3600/3600, q_loss:-1.0673651388374928e-05, rewards:-35.45323944091797, queue:8.844734191894531, delay:0.1025189533829689, throughput:2033
episode:82/250, real avg travel time:802.5276203966006
step:3600/3600, q_loss:-7.263120453528784e-06, rewards:-34.83787536621094, queue:8.692534446716309, delay:0.10390801727771759, throughput:2087
episode:83/250, real avg travel time:791.9500708215297
step:3600/3600, q_loss:1.3110382025371547e-05, rewards:-33.23173904418945, queue:8.286689758300781, delay:0.10135461390018463, throughput:2086
episode:84/250, real avg travel time:756.4578611898017
step:3600/3600, q_loss:1.0153358330789172e-05, rewards:-33.4184455871582, queue:8.334953308105469, delay:0.10280429571866989, throughput:2087
episode:85/250, real avg travel time:755.9918555240794
Test step:85/250, travel time :633.231940509915, rewards:-28.328380584716797, queue:7.062210559844971, delay:0.1035776361823082, throughput:2381
New best TEST travel time 633.2319 at episode 85, saved as best checkpoint
step:3600/3600, q_loss:-3.037097278901916e-05, rewards:-36.00249481201172, queue:8.988252639770508, delay:0.10358686000108719, throughput:2057
episode:86/250, real avg travel time:804.7400849858357
step:3600/3600, q_loss:-3.355544967358403e-05, rewards:-35.596595764160156, queue:8.885764122009277, delay:0.10416232794523239, throughput:2060
episode:87/250, real avg travel time:806.4847733711048
step:3600/3600, q_loss:8.854438064987829e-06, rewards:-33.81617736816406, queue:8.435242652893066, delay:0.10247055441141129, throughput:2068
episode:88/250, real avg travel time:771.1214589235127
step:3600/3600, q_loss:-1.6925448442544835e-05, rewards:-29.826690673828125, queue:7.427257061004639, delay:0.09972386062145233, throughput:2181
episode:89/250, real avg travel time:729.0998583569406
step:3600/3600, q_loss:-3.559598440511359e-05, rewards:-34.783912658691406, queue:8.676041603088379, delay:0.1026400700211525, throughput:2041
episode:90/250, real avg travel time:791.7365439093485
Test step:90/250, travel time :691.19723796034, rewards:-31.844329833984375, queue:7.947858810424805, delay:0.10386680066585541, throughput:2224
step:3600/3600, q_loss:-1.9072119418221215e-05, rewards:-34.81993103027344, queue:8.686226844787598, delay:0.10337412357330322, throughput:2047
episode:91/250, real avg travel time:796.9585694050992
step:3600/3600, q_loss:-3.7016252014084635e-05, rewards:-34.883033752441406, queue:8.707406997680664, delay:0.10255788266658783, throughput:2048
episode:92/250, real avg travel time:797.6618271954674
step:3600/3600, q_loss:-1.212982051246972e-05, rewards:-33.65977478027344, queue:8.400404930114746, delay:0.10229369252920151, throughput:2086
episode:93/250, real avg travel time:785.9281161473087
step:3600/3600, q_loss:-1.5295412101104487e-05, rewards:-34.72962951660156, queue:8.667997360229492, delay:0.10328476876020432, throughput:2084
episode:94/250, real avg travel time:794.9323654390935
step:3600/3600, q_loss:-1.6093801600674605e-05, rewards:-34.323265075683594, queue:8.565046310424805, delay:0.10036437213420868, throughput:2054
episode:95/250, real avg travel time:784.4847733711048
Test step:95/250, travel time :786.7733711048159, rewards:-38.244422912597656, queue:9.559548377990723, delay:0.1114240363240242, throughput:2068
step:3600/3600, q_loss:2.6167581651221822e-06, rewards:-32.25886917114258, queue:8.044849395751953, delay:0.10123596340417862, throughput:2082
episode:96/250, real avg travel time:738.7528328611897
step:3600/3600, q_loss:-1.1727912064043829e-05, rewards:-36.207942962646484, queue:9.044617652893066, delay:0.10385145992040634, throughput:2054
episode:97/250, real avg travel time:804.6968838526913
step:3600/3600, q_loss:-2.8199392311953376e-05, rewards:-33.43056106567383, queue:8.345717430114746, delay:0.09916862100362778, throughput:2082
episode:98/250, real avg travel time:754.8484419263456
step:3600/3600, q_loss:-3.09032155200839e-05, rewards:-34.418331146240234, queue:8.587846755981445, delay:0.10172684490680695, throughput:2022
episode:99/250, real avg travel time:780.0959631728045
step:3600/3600, q_loss:-1.9809304532468503e-05, rewards:-31.48830223083496, queue:7.853298664093018, delay:0.0986909568309784, throughput:2125
episode:100/250, real avg travel time:733.3824362606232
Test step:100/250, travel time :731.6720963172804, rewards:-33.94900131225586, queue:8.481249809265137, delay:0.10507331788539886, throughput:2138
step:3600/3600, q_loss:-2.284475543283294e-05, rewards:-34.33879852294922, queue:8.574710845947266, delay:0.10107333213090897, throughput:2055
episode:101/250, real avg travel time:791.375
step:3600/3600, q_loss:2.723755120920638e-05, rewards:-26.226133346557617, queue:6.527893543243408, delay:0.09002556651830673, throughput:2172
episode:102/250, real avg travel time:639.800283286119
step:3600/3600, q_loss:5.244613204001921e-05, rewards:-28.742664337158203, queue:7.161632061004639, delay:0.0889030173420906, throughput:2113
episode:103/250, real avg travel time:664.7057365439093
step:3600/3600, q_loss:2.9581698824732023e-06, rewards:-23.782638549804688, queue:5.914641380310059, delay:0.0892457440495491, throughput:2259
episode:104/250, real avg travel time:586.0977337110481
step:3600/3600, q_loss:4.4586891912061856e-05, rewards:-26.658403396606445, queue:6.643344879150391, delay:0.09518761932849884, throughput:2281
episode:105/250, real avg travel time:647.8799575070822
Test step:105/250, travel time :809.2188385269122, rewards:-39.16824722290039, queue:9.791840553283691, delay:0.10202734917402267, throughput:2030
step:3600/3600, q_loss:-1.1569335065023216e-05, rewards:-26.15451431274414, queue:6.512789249420166, delay:0.09287263453006744, throughput:2246
episode:106/250, real avg travel time:632.4341359773371
step:3600/3600, q_loss:4.032725054356787e-06, rewards:-26.521041870117188, queue:6.600925922393799, delay:0.08807658404111862, throughput:2175
episode:107/250, real avg travel time:626.0740084985836
step:3600/3600, q_loss:2.0259359842856173e-05, rewards:-29.888795852661133, queue:7.4538774490356445, delay:0.09793929010629654, throughput:2188
episode:108/250, real avg travel time:707.9157223796034
step:3600/3600, q_loss:1.9095930052392278e-05, rewards:-25.240947723388672, queue:6.280960559844971, delay:0.08803153038024902, throughput:2240
episode:109/250, real avg travel time:605.7517705382436
step:3600/3600, q_loss:3.863274763671704e-05, rewards:-25.953798294067383, queue:6.4640045166015625, delay:0.09406626969575882, throughput:2303
episode:110/250, real avg travel time:624.2195467422097
Test step:110/250, travel time :556.0378895184136, rewards:-22.402151107788086, queue:5.561921119689941, delay:0.09126125276088715, throughput:2495
New best TEST travel time 556.0379 at episode 110, saved as best checkpoint
step:3600/3600, q_loss:3.5740478024645536e-05, rewards:-20.148447036743164, queue:4.992071628570557, delay:0.08521522581577301, throughput:2381
episode:111/250, real avg travel time:540.5640934844192
step:3600/3600, q_loss:1.944891108130967e-05, rewards:-21.96625518798828, queue:5.454687595367432, delay:0.08748190104961395, throughput:2344
episode:112/250, real avg travel time:562.2652266288952
step:3600/3600, q_loss:1.3757261438985114e-05, rewards:-18.484535217285156, queue:4.579398155212402, delay:0.08150529861450195, throughput:2395
episode:113/250, real avg travel time:510.1632436260623
step:3600/3600, q_loss:0.00012774508328602455, rewards:-27.31569480895996, queue:6.80590295791626, delay:0.09286586940288544, throughput:2358
episode:114/250, real avg travel time:647.0516997167139
step:3600/3600, q_loss:0.0001010809276241487, rewards:-22.06009292602539, queue:5.4784722328186035, delay:0.08567885309457779, throughput:2524
episode:115/250, real avg travel time:565.8225920679887
Test step:115/250, travel time :457.2365439093484, rewards:-16.50817108154297, queue:4.076562404632568, delay:0.08439376950263977, throughput:2631
New best TEST travel time 457.2365 at episode 115, saved as best checkpoint
step:3600/3600, q_loss:1.6616190708943722e-05, rewards:-15.223356246948242, queue:3.7530670166015625, delay:0.0787159651517868, throughput:2531
episode:116/250, real avg travel time:462.5807365439093
step:3600/3600, q_loss:5.484819843399304e-05, rewards:-13.815879821777344, queue:3.3975114822387695, delay:0.07624731957912445, throughput:2544
episode:117/250, real avg travel time:434.7588526912181
step:3600/3600, q_loss:2.6676535353432466e-05, rewards:-12.62122631072998, queue:3.0955440998077393, delay:0.0730380266904831, throughput:2635
episode:118/250, real avg travel time:439.31550991501416
step:3600/3600, q_loss:2.3255695698115927e-05, rewards:-11.381922721862793, queue:2.782870292663574, delay:0.07411688566207886, throughput:2668
episode:119/250, real avg travel time:394.9362606232295
step:3600/3600, q_loss:3.4544662210262486e-06, rewards:-10.04328727722168, queue:2.4457755088806152, delay:0.07285657525062561, throughput:2694
episode:120/250, real avg travel time:370.56515580736544
Test step:120/250, travel time :643.8229461756374, rewards:-30.55819320678711, queue:7.618634223937988, delay:0.1016540676355362, throughput:2251
step:3600/3600, q_loss:1.5569137219615556e-05, rewards:-13.499929428100586, queue:3.3204281330108643, delay:0.07709645479917526, throughput:2586
episode:121/250, real avg travel time:417.2167138810198
step:3600/3600, q_loss:2.706369002821085e-06, rewards:-12.758634567260742, queue:3.1327545642852783, delay:0.0751689150929451, throughput:2635
episode:122/250, real avg travel time:414.2163597733711
step:3600/3600, q_loss:3.818506849239822e-06, rewards:-11.320717811584473, queue:2.765104055404663, delay:0.0723261758685112, throughput:2690
episode:123/250, real avg travel time:400.21813031161474
step:3600/3600, q_loss:1.1451914116027362e-05, rewards:-8.874074935913086, queue:2.1484375, delay:0.07264796644449234, throughput:2745
episode:124/250, real avg travel time:344.6777620396601
step:3600/3600, q_loss:-3.871721730073109e-07, rewards:-8.486318588256836, queue:2.056365728378296, delay:0.07224557548761368, throughput:2781
episode:125/250, real avg travel time:319.2503541076487
Test step:125/250, travel time :474.15793201133147, rewards:-18.912384033203125, queue:4.6855902671813965, delay:0.09110879898071289, throughput:2553
step:3600/3600, q_loss:-4.3377528875422325e-06, rewards:-7.854698181152344, queue:1.8912615776062012, delay:0.07023753225803375, throughput:2776
episode:126/250, real avg travel time:311.13137393767704
step:3600/3600, q_loss:-1.0631170503243252e-05, rewards:-8.102314949035645, queue:1.9554977416992188, delay:0.0717596709728241, throughput:2784
episode:127/250, real avg travel time:315.5223087818697
step:3600/3600, q_loss:-5.329688464831791e-06, rewards:-5.960023403167725, queue:1.4120949506759644, delay:0.06697697192430496, throughput:2796
episode:128/250, real avg travel time:276.1055240793201
step:3600/3600, q_loss:-1.3193348063339973e-05, rewards:-8.271828651428223, queue:1.994444489479065, delay:0.07022854685783386, throughput:2785
episode:129/250, real avg travel time:321.800283286119
step:3600/3600, q_loss:-1.7413203309887996e-05, rewards:-7.318240165710449, queue:1.7614582777023315, delay:0.068914033472538, throughput:2787
episode:130/250, real avg travel time:301.54532577903683
Test step:130/250, travel time :421.0601983002833, rewards:-14.876038551330566, queue:3.6742477416992188, delay:0.07366744428873062, throughput:2541
New best TEST travel time 421.0602 at episode 130, saved as best checkpoint
step:3600/3600, q_loss:-2.2003239661708108e-05, rewards:-9.381620407104492, queue:2.273263931274414, delay:0.07032737135887146, throughput:2718
episode:131/250, real avg travel time:352.6862606232295
step:3600/3600, q_loss:-3.2194574970039133e-05, rewards:-9.083959579467773, queue:2.197627305984497, delay:0.06900253146886826, throughput:2712
episode:132/250, real avg travel time:351.2418555240793
step:3600/3600, q_loss:-3.8628416735230495e-05, rewards:-9.453703880310059, queue:2.2926504611968994, delay:0.0697525292634964, throughput:2704
episode:133/250, real avg travel time:357.42351274787535
step:3600/3600, q_loss:-3.301065834095403e-05, rewards:-9.009536743164062, queue:2.177488327026367, delay:0.06738968938589096, throughput:2719
episode:134/250, real avg travel time:346.8615439093484
step:3600/3600, q_loss:-3.1062554248988076e-05, rewards:-7.105393409729004, queue:1.7010416984558105, delay:0.06632314622402191, throughput:2761
episode:135/250, real avg travel time:301.4217422096317
Test step:135/250, travel time :286.8495042492918, rewards:-7.472615718841553, queue:1.8094907999038696, delay:0.0681011974811554, throughput:2773
New best TEST travel time 286.8495 at episode 135, saved as best checkpoint
step:3600/3600, q_loss:-3.149458498228341e-05, rewards:-7.274745464324951, queue:1.7403357028961182, delay:0.06536485999822617, throughput:2763
episode:136/250, real avg travel time:307.5081444759207
step:3600/3600, q_loss:-3.5667960764840247e-05, rewards:-6.843472003936768, queue:1.6260416507720947, delay:0.06459704786539078, throughput:2775
episode:137/250, real avg travel time:296.5113314447592
step:3600/3600, q_loss:-2.3764101601562197e-05, rewards:-5.492777347564697, queue:1.2927082777023315, delay:0.06259706616401672, throughput:2792
episode:138/250, real avg travel time:266.8803116147309
step:3600/3600, q_loss:-2.928445012205177e-05, rewards:-5.304676055908203, queue:1.2459490299224854, delay:0.062201280146837234, throughput:2791
episode:139/250, real avg travel time:262.67032577903683
step:3600/3600, q_loss:-2.8344547558564372e-05, rewards:-4.880647659301758, queue:1.139699101448059, delay:0.06105800345540047, throughput:2796
episode:140/250, real avg travel time:254.83250708215297
Test step:140/250, travel time :358.2556657223796, rewards:-12.319374084472656, queue:3.0388309955596924, delay:0.07314452528953552, throughput:2708
step:3600/3600, q_loss:-2.6744183578333e-05, rewards:-4.514791011810303, queue:1.0528357028961182, delay:0.06031017377972603, throughput:2798
episode:141/250, real avg travel time:248.26203966005664
step:3600/3600, q_loss:-2.885795827886021e-05, rewards:-4.539583206176758, queue:1.0549190044403076, delay:0.06053425744175911, throughput:2798
episode:142/250, real avg travel time:247.80028328611897
step:3600/3600, q_loss:-3.0133403215361874e-05, rewards:-4.461851596832275, queue:1.0383681058883667, delay:0.06027098745107651, throughput:2806
episode:143/250, real avg travel time:246.47946175637395
step:3600/3600, q_loss:-3.2488527681885497e-05, rewards:-4.289721965789795, queue:0.9962384104728699, delay:0.0589846596121788, throughput:2802
episode:144/250, real avg travel time:243.74645892351276
step:3600/3600, q_loss:-3.487949268921152e-05, rewards:-4.093332767486572, queue:0.9440972208976746, delay:0.05837886780500412, throughput:2800
episode:145/250, real avg travel time:240.38101983002832
Test step:145/250, travel time :288.37110481586404, rewards:-7.75469970703125, queue:1.8888888359069824, delay:0.06122463196516037, throughput:2764
step:3600/3600, q_loss:-3.13357056627326e-05, rewards:-4.326735973358154, queue:1.0029513835906982, delay:0.059505611658096313, throughput:2804
episode:146/250, real avg travel time:244.9762747875354
step:3600/3600, q_loss:-3.551732081155304e-05, rewards:-4.26437520980835, queue:0.9847221970558167, delay:0.058611057698726654, throughput:2800
episode:147/250, real avg travel time:244.76628895184135
step:3600/3600, q_loss:-3.859732712527024e-05, rewards:-4.157916069030762, queue:0.9602430462837219, delay:0.057576585561037064, throughput:2801
episode:148/250, real avg travel time:241.57648725212465
step:3600/3600, q_loss:-3.876948210318791e-05, rewards:-3.963148355484009, queue:0.9151041507720947, delay:0.057071808725595474, throughput:2798
episode:149/250, real avg travel time:237.9900849858357
step:3600/3600, q_loss:-3.8539802506106135e-05, rewards:-3.9295132160186768, queue:0.9056712985038757, delay:0.054975785315036774, throughput:2803
episode:150/250, real avg travel time:237.39518413597733
Test step:150/250, travel time :228.77726628895184, rewards:-4.102036952972412, queue:0.9737847447395325, delay:0.050489768385887146, throughput:2793
New best TEST travel time 228.7773 at episode 150, saved as best checkpoint
step:3600/3600, q_loss:-4.0318013203364836e-05, rewards:-3.8699069023132324, queue:0.8912037014961243, delay:0.05467202141880989, throughput:2802
episode:151/250, real avg travel time:235.3958923512748
step:3600/3600, q_loss:-4.3538494005419866e-05, rewards:-3.7735416889190674, queue:0.8732638955116272, delay:0.05362103134393692, throughput:2795
episode:152/250, real avg travel time:232.99539660056658
step:3600/3600, q_loss:-4.382114756829393e-05, rewards:-3.415208339691162, queue:0.7853587865829468, delay:0.052409373223781586, throughput:2798
episode:153/250, real avg travel time:226.4592776203966
step:3600/3600, q_loss:-4.100601977875663e-05, rewards:-3.1819674968719482, queue:0.7260995507240295, delay:0.04960468411445618, throughput:2799
episode:154/250, real avg travel time:221.44723796033995
step:3600/3600, q_loss:-3.937937658464099e-05, rewards:-3.3298373222351074, queue:0.7653356194496155, delay:0.04853318631649017, throughput:2800
episode:155/250, real avg travel time:222.84206798866856
Test step:155/250, travel time :204.4900849858357, rewards:-2.636643648147583, queue:0.614814817905426, delay:0.040131766349077225, throughput:2794
New best TEST travel time 204.4901 at episode 155, saved as best checkpoint
step:3600/3600, q_loss:-4.371162349455932e-05, rewards:-3.061295986175537, queue:0.6989583373069763, delay:0.04811197146773338, throughput:2800
episode:156/250, real avg travel time:218.16111898016996
step:3600/3600, q_loss:-3.695523612097734e-05, rewards:-2.9699997901916504, queue:0.6781828999519348, delay:0.047163818031549454, throughput:2800
episode:157/250, real avg travel time:216.62181303116148
step:3600/3600, q_loss:-3.4434780698373084e-05, rewards:-2.9154629707336426, queue:0.6631366014480591, delay:0.04594429209828377, throughput:2807
episode:158/250, real avg travel time:215.1444759206799
step:3600/3600, q_loss:-3.8947234358523546e-05, rewards:-2.6903703212738037, queue:0.6098379492759705, delay:0.04587461054325104, throughput:2796
episode:159/250, real avg travel time:211.73973087818698
step:3600/3600, q_loss:-3.992455675881816e-05, rewards:-2.675555467605591, queue:0.6054398417472839, delay:0.045047711580991745, throughput:2800
episode:160/250, real avg travel time:210.83604815864024
Test step:160/250, travel time :195.1405807365439, rewards:-1.9773379564285278, queue:0.4462384283542633, delay:0.03391484171152115, throughput:2805
New best TEST travel time 195.1406 at episode 160, saved as best checkpoint
step:3600/3600, q_loss:-4.033488595145352e-05, rewards:-2.7801620960235596, queue:0.6301504373550415, delay:0.045192405581474304, throughput:2801
episode:161/250, real avg travel time:213.32294617563738
step:3600/3600, q_loss:-3.560930785125144e-05, rewards:-2.5943520069122314, queue:0.5853009223937988, delay:0.043769754469394684, throughput:2803
episode:162/250, real avg travel time:209.3679178470255
step:3600/3600, q_loss:-3.605119296188616e-05, rewards:-2.551018476486206, queue:0.5752893686294556, delay:0.04387042298913002, throughput:2801
episode:163/250, real avg travel time:207.6165014164306
step:3600/3600, q_loss:-3.355902251011382e-05, rewards:-2.4020602703094482, queue:0.5403356552124023, delay:0.04225951433181763, throughput:2804
episode:164/250, real avg travel time:205.7021954674221
step:3600/3600, q_loss:-3.9344466575938795e-05, rewards:-2.4992129802703857, queue:0.5630208253860474, delay:0.04450788348913193, throughput:2805
episode:165/250, real avg travel time:207.08923512747876
Test step:165/250, travel time :192.22131728045326, rewards:-1.7969911098480225, queue:0.4029513895511627, delay:0.03406023234128952, throughput:2809
New best TEST travel time 192.2213 at episode 165, saved as best checkpoint
step:3600/3600, q_loss:-3.754401818078793e-05, rewards:-2.3290741443634033, queue:0.5223379731178284, delay:0.04266471043229103, throughput:2805
episode:166/250, real avg travel time:204.75035410764872
step:3600/3600, q_loss:-4.121087582057549e-05, rewards:-2.3075692653656006, queue:0.5138310194015503, delay:0.04239150881767273, throughput:2804
episode:167/250, real avg travel time:204.0084985835694
step:3600/3600, q_loss:-4.281466147707154e-05, rewards:-2.2348382472991943, queue:0.503125011920929, delay:0.04164888709783554, throughput:2808
episode:168/250, real avg travel time:202.91678470254956
step:3600/3600, q_loss:-3.873940983379007e-05, rewards:-2.202476739883423, queue:0.4931134283542633, delay:0.041902393102645874, throughput:2807
episode:169/250, real avg travel time:201.94617563739376
step:3600/3600, q_loss:-3.239717208751603e-05, rewards:-2.2068748474121094, queue:0.49363425374031067, delay:0.041034769266843796, throughput:2810
episode:170/250, real avg travel time:201.66820113314446
Test step:170/250, travel time :187.95325779036827, rewards:-1.5719211101531982, queue:0.3499421179294586, delay:0.03248902037739754, throughput:2807
New best TEST travel time 187.9533 at episode 170, saved as best checkpoint
step:3600/3600, q_loss:-3.0369965796485358e-05, rewards:-2.102083444595337, queue:0.4650462865829468, delay:0.03959747776389122, throughput:2809
episode:171/250, real avg travel time:200.21033994334277
step:3600/3600, q_loss:-3.297604846101208e-05, rewards:-2.0689120292663574, queue:0.45792824029922485, delay:0.03912438452243805, throughput:2804
episode:172/250, real avg travel time:199.7276912181303
step:3600/3600, q_loss:-3.4195038218361636e-05, rewards:-2.0172221660614014, queue:0.44565972685813904, delay:0.038595620542764664, throughput:2808
episode:173/250, real avg travel time:198.7333569405099
step:3600/3600, q_loss:-3.666008314560455e-05, rewards:-1.9392821788787842, queue:0.426967591047287, delay:0.037392955273389816, throughput:2808
episode:174/250, real avg travel time:197.3905807365439
step:3600/3600, q_loss:-4.2058611008407616e-05, rewards:-1.8523610830307007, queue:0.4072338044643402, delay:0.0357401967048645, throughput:2808
episode:175/250, real avg travel time:196.05134560906515
Test step:175/250, travel time :183.4128895184136, rewards:-1.3081945180892944, queue:0.28524306416511536, delay:0.028113994747400284, throughput:2810
New best TEST travel time 183.4129 at episode 175, saved as best checkpoint
step:3600/3600, q_loss:-2.8468288098933337e-05, rewards:-1.8250693082809448, queue:0.40237268805503845, delay:0.03565363213419914, throughput:2808
episode:176/250, real avg travel time:194.75354107648724
step:3600/3600, q_loss:-3.270420571357978e-05, rewards:-1.790671467781067, queue:0.39525464177131653, delay:0.03504827246069908, throughput:2809
episode:177/250, real avg travel time:194.8537535410765
step:3600/3600, q_loss:-3.0132505092712374e-05, rewards:-1.722476840019226, queue:0.37974536418914795, delay:0.034344036132097244, throughput:2810
episode:178/250, real avg travel time:192.94830028328613
step:3600/3600, q_loss:-3.293767732418614e-05, rewards:-1.7110648155212402, queue:0.37899306416511536, delay:0.033696774393320084, throughput:2809
episode:179/250, real avg travel time:192.70750708215297
step:3600/3600, q_loss:-2.4525411797106773e-05, rewards:-1.6593749523162842, queue:0.36244213581085205, delay:0.03343304991722107, throughput:2808
episode:180/250, real avg travel time:192.02549575070822
Test step:180/250, travel time :182.52762039660055, rewards:-1.297685146331787, queue:0.2814235985279083, delay:0.028169555589556694, throughput:2807
New best TEST travel time 182.5276 at episode 180, saved as best checkpoint
step:3600/3600, q_loss:-3.327263395566447e-05, rewards:-1.6835416555404663, queue:0.3688657283782959, delay:0.033407241106033325, throughput:2811
episode:181/250, real avg travel time:191.51310198300283
step:3600/3600, q_loss:-3.56895680234618e-05, rewards:-1.5764352083206177, queue:0.34427082538604736, delay:0.03197571262717247, throughput:2810
episode:182/250, real avg travel time:189.26735127478753
step:3600/3600, q_loss:-2.3331700207631068e-05, rewards:-1.598240613937378, queue:0.3515046238899231, delay:0.03228156268596649, throughput:2805
episode:183/250, real avg travel time:189.59454674220964
step:3600/3600, q_loss:-2.8765204658639834e-05, rewards:-1.5657174587249756, queue:0.34427082538604736, delay:0.03188232704997063, throughput:2807
episode:184/250, real avg travel time:188.9762747875354
step:3600/3600, q_loss:-2.7562305977981953e-05, rewards:-1.5868980884552002, queue:0.3479166626930237, delay:0.032065216451883316, throughput:2811
episode:185/250, real avg travel time:189.30240793201133
Test step:185/250, travel time :181.76203966005664, rewards:-1.2658334970474243, queue:0.27471065521240234, delay:0.026922671124339104, throughput:2809
New best TEST travel time 181.7620 at episode 185, saved as best checkpoint
step:3600/3600, q_loss:-2.2613011871142614e-05, rewards:-1.5392130613327026, queue:0.33732637763023376, delay:0.03110109269618988, throughput:2809
episode:186/250, real avg travel time:188.15828611898016
step:3600/3600, q_loss:-2.403734920166985e-05, rewards:-1.4968750476837158, queue:0.3271411955356598, delay:0.03074677102267742, throughput:2810
episode:187/250, real avg travel time:187.21140226628896
step:3600/3600, q_loss:-2.9907885196555497e-05, rewards:-1.4555785655975342, queue:0.3203125, delay:0.030179454013705254, throughput:2808
episode:188/250, real avg travel time:186.27762039660055
step:3600/3600, q_loss:-1.8024901635973587e-05, rewards:-1.5098146200180054, queue:0.3318287134170532, delay:0.03132600337266922, throughput:2810
episode:189/250, real avg travel time:187.48264872521247
step:3600/3600, q_loss:-2.1783161490155315e-05, rewards:-1.4687962532043457, queue:0.32008102536201477, delay:0.03021952696144581, throughput:2811
episode:190/250, real avg travel time:186.69015580736544
Test step:190/250, travel time :181.1111898016997, rewards:-1.2138888835906982, queue:0.2610532343387604, delay:0.02613144926726818, throughput:2809
New best TEST travel time 181.1112 at episode 190, saved as best checkpoint
step:3600/3600, q_loss:-2.250315364231758e-05, rewards:-1.453773021697998, queue:0.3166666626930237, delay:0.029984597116708755, throughput:2807
episode:191/250, real avg travel time:187.16926345609065
step:3600/3600, q_loss:-2.144767268974748e-05, rewards:-1.4513193368911743, queue:0.3170138895511627, delay:0.029838915914297104, throughput:2806
episode:192/250, real avg travel time:187.03293201133144
step:3600/3600, q_loss:-1.4387080510560837e-05, rewards:-1.4243054389953613, queue:0.3124421238899231, delay:0.029375845566391945, throughput:2808
episode:193/250, real avg travel time:186.2712464589235
step:3600/3600, q_loss:-2.3219113782145956e-05, rewards:-1.4039815664291382, queue:0.30532407760620117, delay:0.029025226831436157, throughput:2808
episode:194/250, real avg travel time:185.33640226628896
step:3600/3600, q_loss:-2.0589011492794037e-05, rewards:-1.4354397058486938, queue:0.3123264014720917, delay:0.02983306534588337, throughput:2809
episode:195/250, real avg travel time:186.06728045325778
Test step:195/250, travel time :179.8806657223796, rewards:-1.1503009796142578, queue:0.24884259700775146, delay:0.02551012486219406, throughput:2810
New best TEST travel time 179.8807 at episode 195, saved as best checkpoint
step:3600/3600, q_loss:-1.5475385841039688e-05, rewards:-1.352731466293335, queue:0.29722222685813904, delay:0.028486283496022224, throughput:2808
episode:196/250, real avg travel time:184.36862606232296
step:3600/3600, q_loss:-1.6824639618632463e-05, rewards:-1.3630090951919556, queue:0.29901620745658875, delay:0.028648922219872475, throughput:2810
episode:197/250, real avg travel time:184.63810198300283
step:3600/3600, q_loss:-2.6804830535475947e-05, rewards:-1.3804165124893188, queue:0.30405092239379883, delay:0.029112037271261215, throughput:2810
episode:198/250, real avg travel time:184.8859773371105
step:3600/3600, q_loss:-1.1815966996594251e-05, rewards:-1.3969906568527222, queue:0.3073495328426361, delay:0.029061850160360336, throughput:2811
episode:199/250, real avg travel time:185.7542492917847
step:3600/3600, q_loss:-2.075561234601026e-05, rewards:-1.3959026336669922, queue:0.3063657283782959, delay:0.02904188632965088, throughput:2811
episode:200/250, real avg travel time:186.032223796034
Test step:200/250, travel time :180.21742209631728, rewards:-1.1746296882629395, queue:0.2509259283542633, delay:0.025535959750413895, throughput:2810
step:3600/3600, q_loss:-1.7013169435588757e-05, rewards:-1.3726156949996948, queue:0.3002314865589142, delay:0.02828226424753666, throughput:2810
episode:201/250, real avg travel time:184.92315864022663
step:3600/3600, q_loss:-2.0041253653435428e-05, rewards:-1.388772964477539, queue:0.30532407760620117, delay:0.02933569811284542, throughput:2809
episode:202/250, real avg travel time:184.78966005665723
step:3600/3600, q_loss:-1.8238024584903026e-05, rewards:-1.3814119100570679, queue:0.30162036418914795, delay:0.028518445789813995, throughput:2809
episode:203/250, real avg travel time:185.21848441926346
step:3600/3600, q_loss:-1.9094292261281315e-05, rewards:-1.3894907236099243, queue:0.3045717477798462, delay:0.0287703275680542, throughput:2810
episode:204/250, real avg travel time:185.6558073654391
step:3600/3600, q_loss:-2.333373686494191e-05, rewards:-1.3708332777023315, queue:0.29664352536201477, delay:0.02879764512181282, throughput:2810
episode:205/250, real avg travel time:185.89376770538243
Test step:205/250, travel time :180.93803116147308, rewards:-1.1502314805984497, queue:0.2465856522321701, delay:0.025260236114263535, throughput:2809
step:3600/3600, q_loss:-2.1328715238156787e-05, rewards:-1.3692593574523926, queue:0.2977430522441864, delay:0.028394790366292, throughput:2811
episode:206/250, real avg travel time:185.73123229461757
step:3600/3600, q_loss:-1.411991586253323e-05, rewards:-1.3789350986480713, queue:0.30162036418914795, delay:0.028143759816884995, throughput:2810
episode:207/250, real avg travel time:186.1037535410765
step:3600/3600, q_loss:-2.027824071931572e-05, rewards:-1.3088656663894653, queue:0.2844907343387604, delay:0.028018910437822342, throughput:2811
episode:208/250, real avg travel time:184.18696883852692
step:3600/3600, q_loss:-2.150169169863709e-05, rewards:-1.3488657474517822, queue:0.294155091047287, delay:0.02858779765665531, throughput:2810
episode:209/250, real avg travel time:185.17740793201133
step:3600/3600, q_loss:-2.102583145900963e-05, rewards:-1.3046526908874512, queue:0.28240740299224854, delay:0.028000369668006897, throughput:2811
episode:210/250, real avg travel time:183.98937677053826
Test step:210/250, travel time :180.03045325779036, rewards:-1.1151388883590698, queue:0.23726852238178253, delay:0.024834435433149338, throughput:2810
step:3600/3600, q_loss:-1.6464636500142974e-05, rewards:-1.2793980836868286, queue:0.27928242087364197, delay:0.027471445500850677, throughput:2809
episode:211/250, real avg travel time:183.9592776203966
step:3600/3600, q_loss:-1.149444956185848e-05, rewards:-1.3138887882232666, queue:0.28692129254341125, delay:0.028073161840438843, throughput:2808
episode:212/250, real avg travel time:184.41111898016996
step:3600/3600, q_loss:-1.1208972981326098e-05, rewards:-1.2866666316986084, queue:0.28067129850387573, delay:0.027432989329099655, throughput:2808
episode:213/250, real avg travel time:183.38279036827194
step:3600/3600, q_loss:-2.0281417456306056e-05, rewards:-1.305254578590393, queue:0.28177082538604736, delay:0.02770620584487915, throughput:2811
episode:214/250, real avg travel time:183.59631728045326
step:3600/3600, q_loss:-1.162103318715652e-05, rewards:-1.3459490537643433, queue:0.2927662134170532, delay:0.028227120637893677, throughput:2808
episode:215/250, real avg travel time:184.82330028328613
Test step:215/250, travel time :180.69511331444758, rewards:-1.196388840675354, queue:0.25746527314186096, delay:0.026077082380652428, throughput:2809
step:3600/3600, q_loss:-1.724245983181682e-05, rewards:-1.2937963008880615, queue:0.28188657760620117, delay:0.027507688850164413, throughput:2810
episode:216/250, real avg travel time:183.31232294617564
step:3600/3600, q_loss:-1.3721274157388158e-05, rewards:-1.3297221660614014, queue:0.29131942987442017, delay:0.028054185211658478, throughput:2809
episode:217/250, real avg travel time:184.0364730878187
step:3600/3600, q_loss:-1.6035563165155228e-05, rewards:-1.3691202402114868, queue:0.2987847328186035, delay:0.028401285409927368, throughput:2808
episode:218/250, real avg travel time:185.08356940509915
step:3600/3600, q_loss:-1.1654933544456452e-05, rewards:-1.302037000656128, queue:0.2838541567325592, delay:0.0275215283036232, throughput:2810
episode:219/250, real avg travel time:183.82577903682719
step:3600/3600, q_loss:-1.9389070066721122e-05, rewards:-1.325115442276001, queue:0.28929397463798523, delay:0.02804272249341011, throughput:2808
episode:220/250, real avg travel time:184.45963172804534
Test step:220/250, travel time :179.86331444759207, rewards:-1.1445600986480713, queue:0.2456597238779068, delay:0.025103088468313217, throughput:2810
New best TEST travel time 179.8633 at episode 220, saved as best checkpoint
step:3600/3600, q_loss:-1.7284853153942542e-05, rewards:-1.3144211769104004, queue:0.2864004671573639, delay:0.027690555900335312, throughput:2809
episode:221/250, real avg travel time:184.33392351274787
step:3600/3600, q_loss:-1.7062364143238942e-05, rewards:-1.3010183572769165, queue:0.2828703820705414, delay:0.027556883171200752, throughput:2807
episode:222/250, real avg travel time:183.9564447592068
step:3600/3600, q_loss:-1.7340660772866995e-05, rewards:-1.319814682006836, queue:0.28761574625968933, delay:0.027691422030329704, throughput:2808
episode:223/250, real avg travel time:184.0421388101983
step:3600/3600, q_loss:-2.3214167837674418e-05, rewards:-1.31333327293396, queue:0.2871527671813965, delay:0.027670493349432945, throughput:2811
episode:224/250, real avg travel time:183.92740793201133
step:3600/3600, q_loss:-2.3104990638482074e-05, rewards:-1.3096296787261963, queue:0.28530094027519226, delay:0.027865858748555183, throughput:2810
episode:225/250, real avg travel time:184.0435552407932
Test step:225/250, travel time :179.17953257790367, rewards:-1.1054397821426392, queue:0.23721064627170563, delay:0.024713601917028427, throughput:2808
New best TEST travel time 179.1795 at episode 225, saved as best checkpoint
step:3600/3600, q_loss:-1.2881199834310667e-05, rewards:-1.2975232601165771, queue:0.28015047311782837, delay:0.027554752305150032, throughput:2808
episode:226/250, real avg travel time:183.96671388101984
step:3600/3600, q_loss:-1.6119341613195928e-05, rewards:-1.274745225906372, queue:0.2762731611728668, delay:0.027031488716602325, throughput:2809
episode:227/250, real avg travel time:183.78895184135976
step:3600/3600, q_loss:-1.7963836302285162e-05, rewards:-1.2786805629730225, queue:0.2752893567085266, delay:0.02706051990389824, throughput:2808
episode:228/250, real avg travel time:183.59171388101984
step:3600/3600, q_loss:-1.9495498552849448e-05, rewards:-1.2946527004241943, queue:0.28171294927597046, delay:0.02735293284058571, throughput:2807
episode:229/250, real avg travel time:183.84454674220964
step:3600/3600, q_loss:-2.4544459625354243e-05, rewards:-1.285300850868225, queue:0.2779513895511627, delay:0.027038179337978363, throughput:2810
episode:230/250, real avg travel time:184.06657223796034
Test step:230/250, travel time :179.42351274787535, rewards:-1.1023842096328735, queue:0.23501157760620117, delay:0.02446991205215454, throughput:2809
step:3600/3600, q_loss:-1.993008154835322e-05, rewards:-1.2847915887832642, queue:0.2786458432674408, delay:0.027328547090291977, throughput:2809
episode:231/250, real avg travel time:184.08817280453258
step:3600/3600, q_loss:-1.103736657468188e-05, rewards:-1.2775462865829468, queue:0.2771412134170532, delay:0.027234191074967384, throughput:2811
episode:232/250, real avg travel time:183.73689801699717
step:3600/3600, q_loss:-1.8377019700387287e-05, rewards:-1.2340971231460571, queue:0.2673611044883728, delay:0.02700146846473217, throughput:2808
episode:233/250, real avg travel time:182.57684135977337
step:3600/3600, q_loss:-1.788156376188667e-05, rewards:-1.2584952116012573, queue:0.2725115716457367, delay:0.026429668068885803, throughput:2810
episode:234/250, real avg travel time:183.3934135977337
step:3600/3600, q_loss:-1.8906860844444852e-05, rewards:-1.2643980979919434, queue:0.27482637763023376, delay:0.026747656986117363, throughput:2808
episode:235/250, real avg travel time:183.07967422096317
Test step:235/250, travel time :179.60198300283287, rewards:-1.1014814376831055, queue:0.23640047013759613, delay:0.02447260357439518, throughput:2810
step:3600/3600, q_loss:-2.2197221470479337e-05, rewards:-1.2457870244979858, queue:0.26765045523643494, delay:0.027129914611577988, throughput:2810
episode:236/250, real avg travel time:182.78718130311614
step:3600/3600, q_loss:-1.0401149097841555e-05, rewards:-1.247939944267273, queue:0.2681134343147278, delay:0.02673209458589554, throughput:2811
episode:237/250, real avg travel time:183.30594900849857
step:3600/3600, q_loss:-2.5323787068137554e-05, rewards:-1.243842363357544, queue:0.271064817905426, delay:0.026559077203273773, throughput:2809
episode:238/250, real avg travel time:182.67245042492917
step:3600/3600, q_loss:-2.1135618275658078e-05, rewards:-1.242523193359375, queue:0.26863425970077515, delay:0.026638539507985115, throughput:2809
episode:239/250, real avg travel time:182.53576487252124
step:3600/3600, q_loss:-1.4346974462063776e-05, rewards:-1.2342822551727295, queue:0.26689815521240234, delay:0.026573192328214645, throughput:2809
episode:240/250, real avg travel time:182.7106940509915
Test step:240/250, travel time :179.09065155807366, rewards:-1.085092544555664, queue:0.2334490716457367, delay:0.024308085441589355, throughput:2807
New best TEST travel time 179.0907 at episode 240, saved as best checkpoint
step:3600/3600, q_loss:-2.2442679835000526e-05, rewards:-1.241365671157837, queue:0.26701387763023376, delay:0.02646547555923462, throughput:2811
episode:241/250, real avg travel time:182.7149433427762
step:3600/3600, q_loss:-1.881510864750678e-05, rewards:-1.2252081632614136, queue:0.2637152671813965, delay:0.026419268921017647, throughput:2810
episode:242/250, real avg travel time:183.09029745042494
step:3600/3600, q_loss:-2.0157412843589017e-05, rewards:-1.2340277433395386, queue:0.26689815521240234, delay:0.02677554450929165, throughput:2810
episode:243/250, real avg travel time:183.23796033994336
step:3600/3600, q_loss:-1.4626628030838882e-05, rewards:-1.1985878944396973, queue:0.2579282522201538, delay:0.026105863973498344, throughput:2808
episode:244/250, real avg travel time:182.09171388101984
step:3600/3600, q_loss:-1.4002294779789668e-05, rewards:-1.2175462245941162, queue:0.2631944417953491, delay:0.026495905593037605, throughput:2809
episode:245/250, real avg travel time:182.59383852691218
Test step:245/250, travel time :179.62252124645892, rewards:-1.0988425016403198, queue:0.2361689805984497, delay:0.024394838139414787, throughput:2807
step:3600/3600, q_loss:-1.6238750425673285e-05, rewards:-1.2244211435317993, queue:0.26354166865348816, delay:0.02650793269276619, throughput:2810
episode:246/250, real avg travel time:182.57542492917847
step:3600/3600, q_loss:-2.2281283141907167e-05, rewards:-1.2063195705413818, queue:0.26163193583488464, delay:0.026225613430142403, throughput:2810
episode:247/250, real avg travel time:182.14907932011332
step:3600/3600, q_loss:-1.7489502522634502e-05, rewards:-1.2400693893432617, queue:0.26788192987442017, delay:0.026563577353954315, throughput:2809
episode:248/250, real avg travel time:182.67988668555242
step:3600/3600, q_loss:-2.0379638572418948e-05, rewards:-1.2265970706939697, queue:0.26608794927597046, delay:0.026580827310681343, throughput:2810
episode:249/250, real avg travel time:182.36296033994336
Hyperparameters saved to: data/output_data/tsc/cityflow_hyperlight_mappo/cityflow16x3/hyperIRU_chunked_c8_seed2/hyperparameters.json
Loaded best checkpoint for final evaluation
Final Travel Time is 179.0907, mean rewards: -1.0851, queue: 0.2334, delay: 0.0243, throughput: 2807
Total time taken: 11490.18344259262
