structural conditioning spec: structural_v1:in_lane_count,out_lane_count,in_degree,out_degree
structural features (min/mean/max): in_lane_count[4/7.43/14] out_lane_count[3/5.10/8] in_degree[3/3.19/4] out_degree[2/3.24/4]
step:3600/3600, q_loss:0.00024126838802153037, rewards:-12.665526390075684, queue:3.8687829971313477, delay:0.2311977595090866, throughput:3957
episode:0/250, real avg travel time:301.4442759666414
Test step:0/250, travel time :597.7213836477987, rewards:-39.90880584716797, queue:11.676719665527344, delay:0.36350759863853455, throughput:1590
New best TEST travel time 597.7214 at episode 0, saved as best checkpoint
step:3600/3600, q_loss:0.00024161162113563883, rewards:-11.321441650390625, queue:3.6316137313842773, delay:0.21319179236888885, throughput:3936
episode:1/250, real avg travel time:297.1580284552846
step:3600/3600, q_loss:0.00026588417628469564, rewards:-12.329649925231934, queue:3.653571367263794, delay:0.2185824066400528, throughput:3874
episode:2/250, real avg travel time:310.44269488900363
step:3600/3600, q_loss:0.00014909296797769559, rewards:-9.976981163024902, queue:3.133333444595337, delay:0.20078936219215393, throughput:3970
episode:3/250, real avg travel time:282.5994962216625
step:3600/3600, q_loss:0.00011559300894279861, rewards:-9.231598854064941, queue:2.9867725372314453, delay:0.1938840001821518, throughput:3907
episode:4/250, real avg travel time:289.46634246224727
step:3600/3600, q_loss:0.00010851480361048339, rewards:-9.305521965026855, queue:3.012566089630127, delay:0.19165703654289246, throughput:3975
episode:5/250, real avg travel time:296.5438993710692
Test step:5/250, travel time :597.7213836477987, rewards:-39.90880584716797, queue:11.676719665527344, delay:0.36350759863853455, throughput:1590
step:3600/3600, q_loss:0.00011923858207107211, rewards:-8.726751327514648, queue:2.8108465671539307, delay:0.18744248151779175, throughput:3893
episode:6/250, real avg travel time:297.00770613922424
step:3600/3600, q_loss:8.651947719044984e-05, rewards:-8.54154109954834, queue:2.8392856121063232, delay:0.18355534970760345, throughput:3999
episode:7/250, real avg travel time:286.8944736184046
step:3600/3600, q_loss:4.708772855034719e-05, rewards:-7.2578444480896, queue:2.446560859680176, delay:0.17715638875961304, throughput:4003
episode:8/250, real avg travel time:264.8468648513615
step:3600/3600, q_loss:0.00016871026600711047, rewards:-8.686034202575684, queue:2.7814815044403076, delay:0.18545562028884888, throughput:4002
episode:9/250, real avg travel time:274.99075462268866
step:3600/3600, q_loss:2.8387546707462105e-05, rewards:-7.374658107757568, queue:2.4982805252075195, delay:0.1776326298713684, throughput:3996
episode:10/250, real avg travel time:266.0895895895896
Test step:10/250, travel time :251.95962490231832, rewards:-8.014278411865234, queue:2.8736772537231445, delay:0.1718371957540512, throughput:3839
New best TEST travel time 251.9596 at episode 10, saved as best checkpoint
step:3600/3600, q_loss:4.249302162659458e-05, rewards:-7.636181831359863, queue:2.5005290508270264, delay:0.18084873259067535, throughput:4007
episode:11/250, real avg travel time:263.4112802595458
step:3600/3600, q_loss:2.6997118159973372e-05, rewards:-6.5852274894714355, queue:2.25687837600708, delay:0.16803860664367676, throughput:3991
episode:12/250, real avg travel time:247.4753194688048
step:3600/3600, q_loss:3.228671864942751e-05, rewards:-6.553154945373535, queue:2.248809576034546, delay:0.16455373167991638, throughput:4025
episode:13/250, real avg travel time:252.5967701863354
step:3600/3600, q_loss:4.273982679781814e-05, rewards:-6.390557765960693, queue:2.232804298400879, delay:0.16568322479724884, throughput:4021
episode:14/250, real avg travel time:249.87465804526238
step:3600/3600, q_loss:3.9512617028473566e-05, rewards:-6.00259256362915, queue:2.096031665802002, delay:0.15950070321559906, throughput:4032
episode:15/250, real avg travel time:247.577876984127
Test step:15/250, travel time :251.95962490231832, rewards:-8.014278411865234, queue:2.8736772537231445, delay:0.1718371957540512, throughput:3839
step:3600/3600, q_loss:4.8370273725595324e-05, rewards:-6.0556769371032715, queue:2.0932538509368896, delay:0.1599765121936798, throughput:4029
episode:16/250, real avg travel time:248.3301067262348
step:3600/3600, q_loss:4.989571041531033e-05, rewards:-5.928040981292725, queue:2.049603223800659, delay:0.16357490420341492, throughput:4007
episode:17/250, real avg travel time:239.56675817319692
step:3600/3600, q_loss:6.622440632781945e-05, rewards:-5.848684310913086, queue:2.116931200027466, delay:0.15364970266819, throughput:3998
episode:18/250, real avg travel time:261.81215607803904
step:3600/3600, q_loss:5.525774249690585e-05, rewards:-5.767524719238281, queue:2.022089958190918, delay:0.15771201252937317, throughput:4022
episode:19/250, real avg travel time:260.6029338637494
step:3600/3600, q_loss:3.729199581559644e-05, rewards:-5.31907844543457, queue:1.8826719522476196, delay:0.15415750443935394, throughput:4035
episode:20/250, real avg travel time:239.97893432465924
Test step:20/250, travel time :251.95962490231832, rewards:-8.014278411865234, queue:2.8736772537231445, delay:0.1718371957540512, throughput:3839
step:3600/3600, q_loss:2.9680684626024838e-05, rewards:-5.221313953399658, queue:1.9169312715530396, delay:0.1541503220796585, throughput:4015
episode:21/250, real avg travel time:244.91232876712328
step:3600/3600, q_loss:3.8833718523771195e-05, rewards:-5.472506046295166, queue:1.905290961265564, delay:0.1581389605998993, throughput:4021
episode:22/250, real avg travel time:237.4262621238498
step:3600/3600, q_loss:3.0145415884261538e-05, rewards:-5.083345413208008, queue:1.8197089433670044, delay:0.15545512735843658, throughput:4051
episode:23/250, real avg travel time:236.822759812392
step:3600/3600, q_loss:3.158506337462718e-05, rewards:-5.329909324645996, queue:1.8658729791641235, delay:0.1543441116809845, throughput:4047
episode:24/250, real avg travel time:239.43958487768717
step:3600/3600, q_loss:2.898176365609591e-05, rewards:-5.342433452606201, queue:1.8736772537231445, delay:0.15430787205696106, throughput:4026
episode:25/250, real avg travel time:234.31197218082465
Test step:25/250, travel time :251.95962490231832, rewards:-8.014278411865234, queue:2.8736772537231445, delay:0.1718371957540512, throughput:3839
step:3600/3600, q_loss:1.9639550899026087e-05, rewards:-4.993580341339111, queue:1.7883597612380981, delay:0.1546349972486496, throughput:4027
episode:26/250, real avg travel time:229.1730816985349
step:3600/3600, q_loss:2.2215653168839507e-05, rewards:-4.993535995483398, queue:1.7632274627685547, delay:0.15168915688991547, throughput:4059
episode:27/250, real avg travel time:230.57132298595712
step:3600/3600, q_loss:1.6914080657039046e-05, rewards:-4.729782581329346, queue:1.7138888835906982, delay:0.15348295867443085, throughput:4036
episode:28/250, real avg travel time:230.76907829534193
step:3600/3600, q_loss:4.019989816394324e-05, rewards:-5.036757946014404, queue:1.8029100894927979, delay:0.15342417359352112, throughput:4046
episode:29/250, real avg travel time:239.42461690558576
step:3600/3600, q_loss:8.07372473193229e-06, rewards:-4.7039475440979, queue:1.6937830448150635, delay:0.1511843055486679, throughput:4033
episode:30/250, real avg travel time:223.82816761715844
Test step:30/250, travel time :251.75140809011776, rewards:-8.162798881530762, queue:2.920767307281494, delay:0.17403534054756165, throughput:3906
New best TEST travel time 251.7514 at episode 30, saved as best checkpoint
step:3600/3600, q_loss:1.4723865024279804e-05, rewards:-4.7574381828308105, queue:1.6892857551574707, delay:0.1529160887002945, throughput:4056
episode:31/250, real avg travel time:220.94082840236686
step:3600/3600, q_loss:1.0213737550657242e-05, rewards:-4.308543682098389, queue:1.5403438806533813, delay:0.15039432048797607, throughput:4059
episode:32/250, real avg travel time:217.46538556294655
step:3600/3600, q_loss:5.080933519315699e-05, rewards:-5.629889011383057, queue:1.9427248239517212, delay:0.157021626830101, throughput:4041
episode:33/250, real avg travel time:220.68844345459044
step:3600/3600, q_loss:1.721950644019267e-05, rewards:-4.566390514373779, queue:1.6576719284057617, delay:0.1531243473291397, throughput:4046
episode:34/250, real avg travel time:222.33934750370736
step:3600/3600, q_loss:0.0008171540633257892, rewards:-13.76461410522461, queue:4.683333396911621, delay:0.20616543292999268, throughput:3462
episode:35/250, real avg travel time:296.80791450028886
Test step:35/250, travel time :273.4152258064516, rewards:-8.188812255859375, queue:2.887963056564331, delay:0.1728934496641159, throughput:3875
step:3600/3600, q_loss:6.90561856673513e-06, rewards:-4.354880332946777, queue:1.5431216955184937, delay:0.1484098881483078, throughput:4062
episode:36/250, real avg travel time:217.88503200393896
step:3600/3600, q_loss:5.60867855609912e-06, rewards:-4.7486348152160645, queue:1.6599206924438477, delay:0.15552200376987457, throughput:4045
episode:37/250, real avg travel time:219.69789864029667
step:3600/3600, q_loss:4.956795601174236e-06, rewards:-4.166773319244385, queue:1.5297619104385376, delay:0.150180846452713, throughput:4035
episode:38/250, real avg travel time:214.0894671623296
step:3600/3600, q_loss:1.8539063926760315e-05, rewards:-4.702855587005615, queue:1.6477513313293457, delay:0.1546483337879181, throughput:4053
episode:39/250, real avg travel time:217.01233654083396
step:3600/3600, q_loss:0.00014637581221500618, rewards:-5.560270309448242, queue:1.8039683103561401, delay:0.15443652868270874, throughput:4058
episode:40/250, real avg travel time:234.4221291276491
Test step:40/250, travel time :239.81951837769327, rewards:-7.582169532775879, queue:2.612830638885498, delay:0.1601092368364334, throughput:3945
New best TEST travel time 239.8195 at episode 40, saved as best checkpoint
step:3600/3600, q_loss:3.890043929762517e-06, rewards:-4.368162155151367, queue:1.5765873193740845, delay:0.1525276154279709, throughput:4047
episode:41/250, real avg travel time:214.90783296268842
step:3600/3600, q_loss:9.158328773790142e-06, rewards:-3.9919543266296387, queue:1.4899470806121826, delay:0.1437898874282837, throughput:4038
episode:42/250, real avg travel time:215.32738979692917
step:3600/3600, q_loss:8.664154625471888e-06, rewards:-3.9936187267303467, queue:1.4664021730422974, delay:0.1458429992198944, throughput:4052
episode:43/250, real avg travel time:214.45779861796643
step:3600/3600, q_loss:6.139655063937729e-06, rewards:-3.9843249320983887, queue:1.487433910369873, delay:0.14594554901123047, throughput:4056
episode:44/250, real avg travel time:212.8266765285996
step:3600/3600, q_loss:0.00015128653200614887, rewards:-5.659473896026611, queue:1.8699735403060913, delay:0.15502846240997314, throughput:4056
episode:45/250, real avg travel time:234.70389546351086
Test step:45/250, travel time :230.07168276563294, rewards:-6.0888991355896, queue:2.2863757610321045, delay:0.1502685844898224, throughput:3934
New best TEST travel time 230.0717 at episode 45, saved as best checkpoint
step:3600/3600, q_loss:9.123343140042077e-06, rewards:-3.7868940830230713, queue:1.3929893970489502, delay:0.14087040722370148, throughput:4062
episode:46/250, real avg travel time:211.3463810930576
step:3600/3600, q_loss:7.3940666172549954e-06, rewards:-3.786389112472534, queue:1.4283069372177124, delay:0.14336638152599335, throughput:4055
episode:47/250, real avg travel time:212.18101109741062
step:3600/3600, q_loss:1.8739458351370155e-05, rewards:-4.1862053871154785, queue:1.5437830686569214, delay:0.14589548110961914, throughput:4054
episode:48/250, real avg travel time:211.14553527380366
step:3600/3600, q_loss:1.1190151659927021e-05, rewards:-3.7894482612609863, queue:1.4283069372177124, delay:0.14845885336399078, throughput:4042
episode:49/250, real avg travel time:212.89930727362693
step:3600/3600, q_loss:9.798365014527615e-06, rewards:-3.9010748863220215, queue:1.4402116537094116, delay:0.14556673169136047, throughput:4069
episode:50/250, real avg travel time:212.81223887933155
Test step:50/250, travel time :227.55914512922465, rewards:-6.645579814910889, queue:2.3126983642578125, delay:0.15624354779720306, throughput:4024
New best TEST travel time 227.5591 at episode 50, saved as best checkpoint
step:3600/3600, q_loss:2.329145063413307e-05, rewards:-3.981405019760132, queue:1.4399471282958984, delay:0.14549453556537628, throughput:4067
episode:51/250, real avg travel time:216.50012294074256
step:3600/3600, q_loss:6.876906829549827e-06, rewards:-3.5403428077697754, queue:1.3829364776611328, delay:0.14038467407226562, throughput:4056
episode:52/250, real avg travel time:208.39891518737673
step:3600/3600, q_loss:-6.290157519591351e-07, rewards:-3.362459897994995, queue:1.3210316896438599, delay:0.14126603305339813, throughput:4065
episode:53/250, real avg travel time:206.34514145141452
step:3600/3600, q_loss:-5.085333315138187e-07, rewards:-3.3861148357391357, queue:1.326984167098999, delay:0.1389908492565155, throughput:4075
episode:54/250, real avg travel time:204.74257668711655
step:3600/3600, q_loss:7.25880515043779e-06, rewards:-3.378857135772705, queue:1.3063491582870483, delay:0.13754604756832123, throughput:4063
episode:55/250, real avg travel time:206.3824760029535
Test step:55/250, travel time :202.34325787401573, rewards:-3.788010597229004, queue:1.4838624000549316, delay:0.14166952669620514, throughput:4064
New best TEST travel time 202.3433 at episode 55, saved as best checkpoint
step:3600/3600, q_loss:8.969123478487341e-06, rewards:-3.5630812644958496, queue:1.3350529670715332, delay:0.1404724270105362, throughput:4062
episode:56/250, real avg travel time:204.77892663712456
step:3600/3600, q_loss:1.2151550860532249e-05, rewards:-3.4681484699249268, queue:1.2992063760757446, delay:0.13813835382461548, throughput:4058
episode:57/250, real avg travel time:206.08797437161164
step:3600/3600, q_loss:2.217976644816291e-06, rewards:-3.4826467037200928, queue:1.3022487163543701, delay:0.1408323049545288, throughput:4068
episode:58/250, real avg travel time:204.32743362831857
step:3600/3600, q_loss:1.0545073140140933e-05, rewards:-3.3943328857421875, queue:1.3150793313980103, delay:0.1394684612751007, throughput:4059
episode:59/250, real avg travel time:209.65533382606554
step:3600/3600, q_loss:0.00032422024394488996, rewards:-6.911761283874512, queue:2.558730125427246, delay:0.16009730100631714, throughput:4071
episode:60/250, real avg travel time:269.7428150331614
Test step:60/250, travel time :203.85219970341078, rewards:-3.759099006652832, queue:1.468915343284607, delay:0.13911110162734985, throughput:4046
step:3600/3600, q_loss:8.115618604481117e-06, rewards:-3.336662769317627, queue:1.2920634746551514, delay:0.1371830701828003, throughput:4067
episode:61/250, real avg travel time:205.41553970985984
step:3600/3600, q_loss:3.6713222976282445e-06, rewards:-3.269575595855713, queue:1.2722222805023193, delay:0.13830213248729706, throughput:4072
episode:62/250, real avg travel time:204.23330058939095
step:3600/3600, q_loss:1.6503181783870483e-05, rewards:-3.440896987915039, queue:1.2989418506622314, delay:0.14044494926929474, throughput:4071
episode:63/250, real avg travel time:203.83321051338737
step:3600/3600, q_loss:3.283471030752278e-06, rewards:-3.2363696098327637, queue:1.2518517971038818, delay:0.13598115742206573, throughput:4064
episode:64/250, real avg travel time:202.80757874015748
step:3600/3600, q_loss:1.388837489584047e-05, rewards:-3.5495002269744873, queue:1.3304232358932495, delay:0.14010435342788696, throughput:4065
episode:65/250, real avg travel time:206.69889298892988
Test step:65/250, travel time :257.95640259093176, rewards:-7.6634907722473145, queue:2.149074077606201, delay:0.18047355115413666, throughput:4014
step:3600/3600, q_loss:9.109444686651436e-06, rewards:-3.3975138664245605, queue:1.2883597612380981, delay:0.1398179680109024, throughput:4061
episode:66/250, real avg travel time:208.06574735286875
step:3600/3600, q_loss:1.1642303353356611e-05, rewards:-3.3597590923309326, queue:1.2673280239105225, delay:0.1390390545129776, throughput:4067
episode:67/250, real avg travel time:207.70936808458322
step:3600/3600, q_loss:8.443017334987719e-06, rewards:-3.259080410003662, queue:1.2525131702423096, delay:0.1403876543045044, throughput:4068
episode:68/250, real avg travel time:216.05973451327435
step:3600/3600, q_loss:1.0983426950082908e-05, rewards:-3.3797903060913086, queue:1.268650770187378, delay:0.14139631390571594, throughput:4073
episode:69/250, real avg travel time:205.54505278664377
step:3600/3600, q_loss:1.0477306285691965e-05, rewards:-3.423943519592285, queue:1.2662698030471802, delay:0.14193230867385864, throughput:4069
episode:70/250, real avg travel time:205.9375768001966
Test step:70/250, travel time :223.54354798914383, rewards:-3.4981932640075684, queue:1.372354507446289, delay:0.14972886443138123, throughput:4053
step:3600/3600, q_loss:1.3440799213842386e-05, rewards:-3.201241970062256, queue:1.2182539701461792, delay:0.13743215799331665, throughput:4070
episode:71/250, real avg travel time:207.06314496314496
step:3600/3600, q_loss:5.63486160697519e-05, rewards:-4.121160984039307, queue:1.3744709491729736, delay:0.1415042132139206, throughput:4062
episode:72/250, real avg travel time:216.3668143771541
step:3600/3600, q_loss:4.4087699077661255e-06, rewards:-3.2024054527282715, queue:1.224074125289917, delay:0.13830620050430298, throughput:4072
episode:73/250, real avg travel time:207.06409626719056
step:3600/3600, q_loss:1.335531018816659e-05, rewards:-3.1909141540527344, queue:1.2161375284194946, delay:0.1357877403497696, throughput:4064
episode:74/250, real avg travel time:204.2310531496063
step:3600/3600, q_loss:1.992449045549923e-05, rewards:-3.325441598892212, queue:1.2619047164916992, delay:0.13369278609752655, throughput:4059
episode:75/250, real avg travel time:208.00468095590045
Test step:75/250, travel time :274.3609484777518, rewards:-13.150908470153809, queue:4.648544788360596, delay:0.19763348996639252, throughput:3416
step:3600/3600, q_loss:6.578772768585218e-06, rewards:-3.0406486988067627, queue:1.1903438568115234, delay:0.13337567448616028, throughput:4067
episode:76/250, real avg travel time:201.37300221293336
step:3600/3600, q_loss:7.050987438156476e-05, rewards:-4.395935535430908, queue:1.4728835821151733, delay:0.14170263707637787, throughput:4059
episode:77/250, real avg travel time:223.8181818181818
step:3600/3600, q_loss:2.5481568122308494e-05, rewards:-3.901115655899048, queue:1.4324073791503906, delay:0.14702144265174866, throughput:4038
episode:78/250, real avg travel time:226.66121842496284
step:3600/3600, q_loss:6.851312274294388e-06, rewards:-3.5471198558807373, queue:1.2911375761032104, delay:0.14527757465839386, throughput:4061
episode:79/250, real avg travel time:208.0344742674218
step:3600/3600, q_loss:5.322189382342104e-06, rewards:-3.318267822265625, queue:1.2432539463043213, delay:0.13738200068473816, throughput:4066
episode:80/250, real avg travel time:207.40924741760944
Test step:80/250, travel time :200.7083128381702, rewards:-2.9471819400787354, queue:1.1755291223526, delay:0.14012381434440613, throughput:4066
New best TEST travel time 200.7083 at episode 80, saved as best checkpoint
step:3600/3600, q_loss:1.536930722068064e-05, rewards:-3.200495719909668, queue:1.2185184955596924, delay:0.13924486935138702, throughput:4070
episode:81/250, real avg travel time:206.16289926289926
step:3600/3600, q_loss:2.571254137567141e-06, rewards:-2.9599130153656006, queue:1.1534391641616821, delay:0.13397502899169922, throughput:4064
episode:82/250, real avg travel time:200.45669291338584
step:3600/3600, q_loss:-7.444170478265732e-07, rewards:-3.3453240394592285, queue:1.2285714149475098, delay:0.13620783388614655, throughput:4063
episode:83/250, real avg travel time:203.69849864632045
step:3600/3600, q_loss:5.9149887480695425e-05, rewards:-4.156094551086426, queue:1.4736772775650024, delay:0.1441839188337326, throughput:4075
episode:84/250, real avg travel time:217.61742331288343
step:3600/3600, q_loss:1.6944618336209613e-05, rewards:-2.9254825115203857, queue:1.1666666269302368, delay:0.13428036868572235, throughput:4068
episode:85/250, real avg travel time:203.74188790560473
Test step:85/250, travel time :202.905604719764, rewards:-2.95288348197937, queue:1.199735403060913, delay:0.13763004541397095, throughput:4068
step:3600/3600, q_loss:4.293481550929654e-06, rewards:-2.9537136554718018, queue:1.1779100894927979, delay:0.13342875242233276, throughput:4064
episode:86/250, real avg travel time:203.00024606299212
step:3600/3600, q_loss:1.0919815475871373e-05, rewards:-3.4988152980804443, queue:1.3082010746002197, delay:0.14030452072620392, throughput:4063
episode:87/250, real avg travel time:210.63130691607188
step:3600/3600, q_loss:4.000130300280742e-06, rewards:-3.040794610977173, queue:1.168254017829895, delay:0.1334058791399002, throughput:4069
episode:88/250, real avg travel time:201.93069550258048
step:3600/3600, q_loss:1.6140274642061234e-05, rewards:-3.1979901790618896, queue:1.2734127044677734, delay:0.13601277768611908, throughput:4066
episode:89/250, real avg travel time:206.78234136743728
step:3600/3600, q_loss:7.558711958053108e-06, rewards:-3.1311299800872803, queue:1.2087301015853882, delay:0.13615849614143372, throughput:4066
episode:90/250, real avg travel time:205.7921790457452
Test step:90/250, travel time :205.34627672646843, rewards:-3.1982181072235107, queue:1.2494709491729736, delay:0.1382838636636734, throughput:4069
step:3600/3600, q_loss:5.658826283049873e-05, rewards:-4.39757776260376, queue:1.585185170173645, delay:0.14814262092113495, throughput:4068
episode:91/250, real avg travel time:236.7409046214356
step:3600/3600, q_loss:2.0693403631513422e-05, rewards:-3.3937363624572754, queue:1.2777777910232544, delay:0.1391618251800537, throughput:4072
episode:92/250, real avg travel time:207.97470530451866
step:3600/3600, q_loss:9.345553513008376e-06, rewards:-2.954864501953125, queue:1.17208993434906, delay:0.13435593247413635, throughput:4069
episode:93/250, real avg travel time:201.88891619562546
step:3600/3600, q_loss:1.4605904774119456e-05, rewards:-2.9163079261779785, queue:1.145370364189148, delay:0.13082337379455566, throughput:4073
episode:94/250, real avg travel time:200.5347409771667
step:3600/3600, q_loss:6.680250177547957e-05, rewards:-3.7329256534576416, queue:1.3211640119552612, delay:0.13743603229522705, throughput:4071
episode:95/250, real avg travel time:211.4900515843773
Test step:95/250, travel time :200.60137288551115, rewards:-2.7001328468322754, queue:1.1035714149475098, delay:0.13680694997310638, throughput:4079
New best TEST travel time 200.6014 at episode 95, saved as best checkpoint
step:3600/3600, q_loss:1.1885288485144782e-05, rewards:-2.843068838119507, queue:1.1325396299362183, delay:0.13164342939853668, throughput:4080
episode:96/250, real avg travel time:200.8563725490196
step:3600/3600, q_loss:2.348849237831827e-05, rewards:-3.5518014430999756, queue:1.2369047403335571, delay:0.13557490706443787, throughput:4067
episode:97/250, real avg travel time:205.57437914925006
step:3600/3600, q_loss:2.8768388195506606e-05, rewards:-3.74973201751709, queue:1.3615078926086426, delay:0.1424751877784729, throughput:4069
episode:98/250, real avg travel time:214.60874907839764
step:3600/3600, q_loss:9.56838298912367e-06, rewards:-3.1163949966430664, queue:1.1732804775238037, delay:0.13291721045970917, throughput:4073
episode:99/250, real avg travel time:205.06113429904246
step:3600/3600, q_loss:2.8855347611372256e-06, rewards:-3.018460512161255, queue:1.1493386030197144, delay:0.13342173397541046, throughput:4065
episode:100/250, real avg travel time:203.15252152521526
Test step:100/250, travel time :223.1108101452844, rewards:-3.6340396404266357, queue:1.4101852178573608, delay:0.15102756023406982, throughput:4061
step:3600/3600, q_loss:0.0001201452907278306, rewards:-4.317890644073486, queue:1.5552910566329956, delay:0.1376504898071289, throughput:4062
episode:101/250, real avg travel time:213.61029049729197
step:3600/3600, q_loss:5.49300429055519e-06, rewards:-3.0629162788391113, queue:1.2039682865142822, delay:0.1332971304655075, throughput:4061
episode:102/250, real avg travel time:202.87983255355823
step:3600/3600, q_loss:6.195012166345905e-05, rewards:-4.503606796264648, queue:1.725264549255371, delay:0.14228546619415283, throughput:4063
episode:103/250, real avg travel time:240.04356386906227
step:3600/3600, q_loss:2.9799532906811995e-05, rewards:-3.2957777976989746, queue:1.2510582208633423, delay:0.13573308289051056, throughput:4068
episode:104/250, real avg travel time:211.51548672566372
step:3600/3600, q_loss:1.2332338074985375e-05, rewards:-2.903233051300049, queue:1.1292327642440796, delay:0.1280789077281952, throughput:4074
episode:105/250, real avg travel time:202.62395679921454
Test step:105/250, travel time :214.46571639223396, rewards:-3.839634418487549, queue:1.4037036895751953, delay:0.14518852531909943, throughput:4069
step:3600/3600, q_loss:9.41786286906184e-06, rewards:-2.9675211906433105, queue:1.1653438806533813, delay:0.13127584755420685, throughput:4075
episode:106/250, real avg travel time:203.1447852760736
step:3600/3600, q_loss:1.226517480164249e-05, rewards:-3.1748569011688232, queue:1.217195749282837, delay:0.13569046556949615, throughput:4071
episode:107/250, real avg travel time:205.11545074920167
step:3600/3600, q_loss:7.288392225746065e-06, rewards:-3.0862457752227783, queue:1.1787036657333374, delay:0.13248233497142792, throughput:4076
episode:108/250, real avg travel time:203.6906280667321
step:3600/3600, q_loss:1.2114623677916824e-05, rewards:-2.8626370429992676, queue:1.1399470567703247, delay:0.13333812355995178, throughput:4069
episode:109/250, real avg travel time:202.36716637994593
step:3600/3600, q_loss:1.5155690764206357e-06, rewards:-2.9229438304901123, queue:1.1452380418777466, delay:0.13543526828289032, throughput:4067
episode:110/250, real avg travel time:203.58741086796164
Test step:110/250, travel time :227.36017055430148, rewards:-3.3148066997528076, queue:1.2772486209869385, delay:0.14852581918239594, throughput:3987
step:3600/3600, q_loss:1.9276540923682557e-06, rewards:-3.031132221221924, queue:1.1821428537368774, delay:0.1357235312461853, throughput:4070
episode:111/250, real avg travel time:205.12088452088452
step:3600/3600, q_loss:6.133777424111031e-06, rewards:-2.932997941970825, queue:1.1433862447738647, delay:0.13425926864147186, throughput:4074
episode:112/250, real avg travel time:201.63058419243987
step:3600/3600, q_loss:3.1570176765348553e-06, rewards:-2.915130853652954, queue:1.1539682149887085, delay:0.13596197962760925, throughput:4064
episode:113/250, real avg travel time:202.4175688976378
step:3600/3600, q_loss:8.138789093613418e-06, rewards:-3.144789695739746, queue:1.1892857551574707, delay:0.13460886478424072, throughput:4073
episode:114/250, real avg travel time:206.83550208691383
step:3600/3600, q_loss:2.857551428153076e-06, rewards:-2.8617491722106934, queue:1.1264550685882568, delay:0.13253876566886902, throughput:4077
episode:115/250, real avg travel time:204.8381162619573
Test step:115/250, travel time :233.90616556128714, rewards:-3.4605863094329834, queue:1.335714340209961, delay:0.1508815884590149, throughput:4071
step:3600/3600, q_loss:1.6670067755815883e-06, rewards:-3.0079939365386963, queue:1.1802910566329956, delay:0.13508683443069458, throughput:4069
episode:116/250, real avg travel time:204.19169329073483
step:3600/3600, q_loss:2.373932147747837e-06, rewards:-2.994737386703491, queue:1.1853175163269043, delay:0.13560684025287628, throughput:4081
episode:117/250, real avg travel time:206.09973045822102
step:3600/3600, q_loss:5.534067935918251e-05, rewards:-3.8085432052612305, queue:1.3280422687530518, delay:0.13886438310146332, throughput:4060
episode:118/250, real avg travel time:215.33029556650246
step:3600/3600, q_loss:1.0810744101440327e-05, rewards:-2.8609297275543213, queue:1.1314815282821655, delay:0.1308489441871643, throughput:4071
episode:119/250, real avg travel time:204.97003193318594
step:3600/3600, q_loss:3.7191148698588628e-06, rewards:-2.72208309173584, queue:1.0911375284194946, delay:0.12777337431907654, throughput:4077
episode:120/250, real avg travel time:201.4270296786853
Test step:120/250, travel time :206.50812407680945, rewards:-2.759931802749634, queue:1.1386243104934692, delay:0.13375437259674072, throughput:4062
step:3600/3600, q_loss:8.436414969360662e-06, rewards:-3.2746832370758057, queue:1.2228835821151733, delay:0.134571835398674, throughput:4055
episode:121/250, real avg travel time:209.2019728729963
step:3600/3600, q_loss:1.703411956744579e-05, rewards:-3.2427587509155273, queue:1.193253993988037, delay:0.13517552614212036, throughput:4067
episode:122/250, real avg travel time:206.00270469633637
step:3600/3600, q_loss:1.921365967266158e-06, rewards:-2.8047375679016113, queue:1.1121692657470703, delay:0.13099150359630585, throughput:4069
episode:123/250, real avg travel time:203.3998525436225
step:3600/3600, q_loss:-1.2275059109217384e-06, rewards:-2.815061569213867, queue:1.1070106029510498, delay:0.12896625697612762, throughput:4069
episode:124/250, real avg travel time:201.4804620299828
step:3600/3600, q_loss:3.167592391643363e-07, rewards:-2.8639912605285645, queue:1.1343915462493896, delay:0.1350867599248886, throughput:4069
episode:125/250, real avg travel time:204.2364217252396
Test step:125/250, travel time :206.6074237954769, rewards:-2.8010685443878174, queue:1.12328040599823, delay:0.13732314109802246, throughput:4068
step:3600/3600, q_loss:7.319455350322338e-06, rewards:-2.9879260063171387, queue:1.1990740299224854, delay:0.1346500962972641, throughput:4068
episode:126/250, real avg travel time:203.976401179941
step:3600/3600, q_loss:-4.535040008906637e-06, rewards:-2.7601754665374756, queue:1.1308201551437378, delay:0.13164763152599335, throughput:4075
episode:127/250, real avg travel time:204.01717791411042
step:3600/3600, q_loss:9.15014035450036e-05, rewards:-4.546785831451416, queue:1.8637566566467285, delay:0.1394713670015335, throughput:3957
episode:128/250, real avg travel time:215.53575941369724
step:3600/3600, q_loss:4.4691960890001305e-06, rewards:-2.8211958408355713, queue:1.1277778148651123, delay:0.13143512606620789, throughput:4073
episode:129/250, real avg travel time:203.72305425975938
step:3600/3600, q_loss:1.7157679960493826e-05, rewards:-2.8313891887664795, queue:1.1185184717178345, delay:0.12935017049312592, throughput:4072
episode:130/250, real avg travel time:204.4916502946955
Test step:130/250, travel time :205.10630984532287, rewards:-2.829272508621216, queue:1.149999976158142, delay:0.13902007043361664, throughput:4073
step:3600/3600, q_loss:9.406806364293313e-06, rewards:-2.8827733993530273, queue:1.1115078926086426, delay:0.12746547162532806, throughput:4062
episode:131/250, real avg travel time:205.16395864106352
step:3600/3600, q_loss:2.1332674401087895e-06, rewards:-2.796984910964966, queue:1.1019841432571411, delay:0.12866292893886566, throughput:4075
episode:132/250, real avg travel time:203.51901840490797
step:3600/3600, q_loss:2.4174441932700574e-05, rewards:-3.5460073947906494, queue:1.408730149269104, delay:0.13283129036426544, throughput:4044
episode:133/250, real avg travel time:210.2784371909001
step:3600/3600, q_loss:3.317687717046485e-06, rewards:-3.1262032985687256, queue:1.201454997062683, delay:0.13199861347675323, throughput:4069
episode:134/250, real avg travel time:207.16195625460801
step:3600/3600, q_loss:1.1860922717864418e-05, rewards:-2.8393635749816895, queue:1.097354531288147, delay:0.12678153812885284, throughput:4070
episode:135/250, real avg travel time:202.91965601965603
Test step:135/250, travel time :227.69151291512915, rewards:-3.7240703105926514, queue:1.3591269254684448, delay:0.13797836005687714, throughput:4065
step:3600/3600, q_loss:1.0474062987163455e-05, rewards:-2.8379108905792236, queue:1.1001322269439697, delay:0.1291244775056839, throughput:4066
episode:136/250, real avg travel time:205.23093949827842
step:3600/3600, q_loss:8.040085837516624e-06, rewards:-2.997133493423462, queue:1.1744709014892578, delay:0.130228191614151, throughput:4079
episode:137/250, real avg travel time:208.11595979406718
step:3600/3600, q_loss:8.612661420354723e-06, rewards:-2.912384033203125, queue:1.1120370626449585, delay:0.12922222912311554, throughput:4065
episode:138/250, real avg travel time:205.39163591635915
step:3600/3600, q_loss:1.030657509141343e-05, rewards:-3.007984161376953, queue:1.1492063999176025, delay:0.13022232055664062, throughput:4065
episode:139/250, real avg travel time:206.37785977859778
step:3600/3600, q_loss:9.54782396244506e-06, rewards:-2.771280527114868, queue:1.0977513790130615, delay:0.12672851979732513, throughput:4078
episode:140/250, real avg travel time:201.61574301128005
Test step:140/250, travel time :207.04549926217413, rewards:-2.923532009124756, queue:1.1920634508132935, delay:0.13603584468364716, throughput:4066
step:3600/3600, q_loss:6.7612653462371475e-06, rewards:-2.7203874588012695, queue:1.0798941850662231, delay:0.1284860372543335, throughput:4073
episode:141/250, real avg travel time:202.00368278909895
step:3600/3600, q_loss:1.2139546561229508e-05, rewards:-3.0611939430236816, queue:1.1404762268066406, delay:0.1311427801847458, throughput:4079
episode:142/250, real avg travel time:208.62588869821033
step:3600/3600, q_loss:1.4533539271926405e-05, rewards:-3.0228796005249023, queue:1.1433862447738647, delay:0.12977327406406403, throughput:4053
episode:143/250, real avg travel time:210.04613866271896
step:3600/3600, q_loss:3.3514540215643742e-06, rewards:-2.744093656539917, queue:1.0989418029785156, delay:0.1277104914188385, throughput:4070
episode:144/250, real avg travel time:204.64570024570025
step:3600/3600, q_loss:5.972848965838138e-06, rewards:-2.7146520614624023, queue:1.050264596939087, delay:0.12699122726917267, throughput:4080
episode:145/250, real avg travel time:204.4544117647059
Test step:145/250, travel time :204.9535512410912, rewards:-2.6409215927124023, queue:1.0969576835632324, delay:0.13271528482437134, throughput:4069
step:3600/3600, q_loss:8.4016495141744e-06, rewards:-2.533325433731079, queue:1.0223544836044312, delay:0.12440991401672363, throughput:4078
episode:146/250, real avg travel time:201.75870524767043
step:3600/3600, q_loss:5.484799516529569e-06, rewards:-2.529075860977173, queue:1.0395503044128418, delay:0.12574248015880585, throughput:4075
episode:147/250, real avg travel time:203.28220858895705
step:3600/3600, q_loss:7.553450591836331e-06, rewards:-2.890312671661377, queue:1.106349229812622, delay:0.12960369884967804, throughput:4073
episode:148/250, real avg travel time:204.33709796219003
step:3600/3600, q_loss:3.555354034890317e-05, rewards:-3.5253045558929443, queue:1.3123016357421875, delay:0.13578230142593384, throughput:4070
episode:149/250, real avg travel time:228.1226044226044
step:3600/3600, q_loss:9.544957033035139e-06, rewards:-2.633936882019043, queue:1.0945767164230347, delay:0.1302938461303711, throughput:4072
episode:150/250, real avg travel time:203.00687622789783
Test step:150/250, travel time :210.76152897657212, rewards:-2.990312337875366, queue:1.1617724895477295, delay:0.13124951720237732, throughput:4055
step:3600/3600, q_loss:5.312654118622757e-06, rewards:-2.719820976257324, queue:1.0572751760482788, delay:0.12460824102163315, throughput:4079
episode:151/250, real avg travel time:206.48296151017405
step:3600/3600, q_loss:1.3191695163388633e-06, rewards:-2.718512535095215, queue:1.0810846090316772, delay:0.1277083307504654, throughput:4074
episode:152/250, real avg travel time:202.22361315660285
step:3600/3600, q_loss:6.2040607089228515e-06, rewards:-2.692640781402588, queue:1.0703703165054321, delay:0.12673965096473694, throughput:4071
episode:153/250, real avg travel time:204.84917710636208
step:3600/3600, q_loss:4.082203546810585e-06, rewards:-2.782093048095703, queue:1.082539677619934, delay:0.12715759873390198, throughput:4077
episode:154/250, real avg travel time:207.20259995094432
step:3600/3600, q_loss:5.749373991016506e-06, rewards:-2.6735360622406006, queue:1.04880952835083, delay:0.12492340803146362, throughput:4069
episode:155/250, real avg travel time:202.8198574588351
Test step:155/250, travel time :217.50089628681178, rewards:-3.767141342163086, queue:1.3169312477111816, delay:0.13685950636863708, throughput:3905
step:3600/3600, q_loss:2.188519687883349e-05, rewards:-3.194444417953491, queue:1.2026455402374268, delay:0.13246914744377136, throughput:4074
episode:156/250, real avg travel time:217.7309769268532
step:3600/3600, q_loss:2.5576111915547193e-06, rewards:-2.8459489345550537, queue:1.1062169075012207, delay:0.1315399408340454, throughput:4073
episode:157/250, real avg travel time:200.47753498649644
step:3600/3600, q_loss:0.00011914879820930461, rewards:-4.160464286804199, queue:1.3841270208358765, delay:0.13611194491386414, throughput:4065
episode:158/250, real avg travel time:227.91660516605165
step:3600/3600, q_loss:8.549906730574246e-06, rewards:-2.7279438972473145, queue:1.057010531425476, delay:0.12837867438793182, throughput:4076
episode:159/250, real avg travel time:200.13125613346418
step:3600/3600, q_loss:2.5539267678848572e-06, rewards:-2.8212578296661377, queue:1.0972222089767456, delay:0.13039132952690125, throughput:4073
episode:160/250, real avg travel time:207.0596611834029
Test step:160/250, travel time :211.98057058534187, rewards:-3.0333950519561768, queue:1.1439152956008911, delay:0.1339455246925354, throughput:4066
step:3600/3600, q_loss:3.194703579841492e-06, rewards:-2.770947217941284, queue:1.0802910327911377, delay:0.12677955627441406, throughput:4067
episode:161/250, real avg travel time:207.62232603884928
step:3600/3600, q_loss:2.822621253370825e-07, rewards:-2.987490177154541, queue:1.1191798448562622, delay:0.1304599940776825, throughput:4062
episode:162/250, real avg travel time:208.44583948793698
step:3600/3600, q_loss:-2.215436890967087e-06, rewards:-2.577160358428955, queue:1.0367724895477295, delay:0.12768852710723877, throughput:4070
episode:163/250, real avg travel time:200.71916461916462
step:3600/3600, q_loss:3.8930385118065815e-06, rewards:-2.7622272968292236, queue:1.0748677253723145, delay:0.1288474202156067, throughput:4059
episode:164/250, real avg travel time:205.5750184774575
step:3600/3600, q_loss:5.682105741774042e-06, rewards:-2.8839619159698486, queue:1.1030423641204834, delay:0.12993338704109192, throughput:4077
episode:165/250, real avg travel time:208.66617610988473
Test step:165/250, travel time :218.80537580886013, rewards:-3.2257602214813232, queue:1.209259271621704, delay:0.13312959671020508, throughput:4018
step:3600/3600, q_loss:1.9701700875884853e-05, rewards:-3.2710258960723877, queue:1.1736772060394287, delay:0.13372169435024261, throughput:4077
episode:166/250, real avg travel time:217.6992886926662
step:3600/3600, q_loss:1.6239288621970143e-06, rewards:-2.861483097076416, queue:1.100264549255371, delay:0.12913723289966583, throughput:4068
episode:167/250, real avg travel time:206.05014749262537
step:3600/3600, q_loss:9.609297436933655e-06, rewards:-2.674905776977539, queue:1.0505291223526, delay:0.12482207268476486, throughput:4070
episode:168/250, real avg travel time:203.9090909090909
step:3600/3600, q_loss:1.0456407148416879e-05, rewards:-2.873220920562744, queue:1.1121692657470703, delay:0.12853798270225525, throughput:4071
episode:169/250, real avg travel time:206.18938835666913
step:3600/3600, q_loss:1.0807799157595986e-05, rewards:-2.9587159156799316, queue:1.1173280477523804, delay:0.12867054343223572, throughput:4065
episode:170/250, real avg travel time:214.0740467404674
Test step:170/250, travel time :230.19049963081466, rewards:-3.3373358249664307, queue:1.189021110534668, delay:0.13550329208374023, throughput:4063
step:3600/3600, q_loss:7.615280830779941e-06, rewards:-3.3168795108795166, queue:1.2078042030334473, delay:0.13276290893554688, throughput:4056
episode:171/250, real avg travel time:216.07938856015778
step:3600/3600, q_loss:3.0310154316895124e-06, rewards:-3.035026788711548, queue:1.1271164417266846, delay:0.13033051788806915, throughput:4058
episode:172/250, real avg travel time:210.3464760965993
step:3600/3600, q_loss:1.4626196328511772e-05, rewards:-3.0084259510040283, queue:1.1136243343353271, delay:0.12507741153240204, throughput:4052
episode:173/250, real avg travel time:208.41362290227048
step:3600/3600, q_loss:8.252949919551611e-06, rewards:-2.888425588607788, queue:1.1018518209457397, delay:0.12855146825313568, throughput:4074
episode:174/250, real avg travel time:214.71134020618555
step:3600/3600, q_loss:1.9024832161246903e-05, rewards:-2.9829649925231934, queue:1.0984127521514893, delay:0.12851747870445251, throughput:4060
episode:175/250, real avg travel time:206.2179802955665
Test step:175/250, travel time :231.51055473735886, rewards:-3.73215389251709, queue:1.3370370864868164, delay:0.1452181488275528, throughput:4074
step:3600/3600, q_loss:5.0498290996377666e-05, rewards:-3.434417486190796, queue:1.1650793552398682, delay:0.1316038966178894, throughput:3978
episode:176/250, real avg travel time:207.798139768728
step:3600/3600, q_loss:2.87595191669728e-05, rewards:-3.428312063217163, queue:1.2312169075012207, delay:0.13298557698726654, throughput:4046
episode:177/250, real avg travel time:215.39569945625308
step:3600/3600, q_loss:7.91162787613252e-06, rewards:-3.053283452987671, queue:1.1134920120239258, delay:0.1288326233625412, throughput:4058
episode:178/250, real avg travel time:210.31887629374077
step:3600/3600, q_loss:1.2322820233142313e-05, rewards:-3.1023240089416504, queue:1.137169361114502, delay:0.12914808094501495, throughput:4062
episode:179/250, real avg travel time:218.71344165435747
step:3600/3600, q_loss:1.245900142142394e-05, rewards:-2.9914848804473877, queue:1.1093915700912476, delay:0.12813283503055573, throughput:4070
episode:180/250, real avg travel time:210.54373464373464
Test step:180/250, travel time :216.7197342519685, rewards:-3.32664155960083, queue:1.1961640119552612, delay:0.13017210364341736, throughput:4064
step:3600/3600, q_loss:1.1135617832122888e-05, rewards:-3.060295343399048, queue:1.1473544836044312, delay:0.13087046146392822, throughput:4057
episode:181/250, real avg travel time:210.43159970421493
step:3600/3600, q_loss:5.534013228801389e-05, rewards:-3.5304338932037354, queue:1.1980159282684326, delay:0.1318649798631668, throughput:3999
episode:182/250, real avg travel time:209.15103775943987
step:3600/3600, q_loss:1.4401560838450677e-05, rewards:-2.9063174724578857, queue:1.0976190567016602, delay:0.1290590763092041, throughput:4073
episode:183/250, real avg travel time:209.19199607169162
step:3600/3600, q_loss:9.253528615873721e-06, rewards:-3.1833889484405518, queue:1.1563491821289062, delay:0.13123030960559845, throughput:4073
episode:184/250, real avg travel time:219.22956052050085
step:3600/3600, q_loss:8.0526844087419e-05, rewards:-4.432920455932617, queue:1.6283068656921387, delay:0.1356428563594818, throughput:3996
episode:185/250, real avg travel time:219.9652152152152
Test step:185/250, travel time :230.40117994100294, rewards:-4.278346538543701, queue:1.4044973850250244, delay:0.13515742123126984, throughput:4068
step:3600/3600, q_loss:1.5168881590297032e-05, rewards:-3.325967788696289, queue:1.1755291223526, delay:0.13075849413871765, throughput:4074
episode:186/250, real avg travel time:214.23048600883652
step:3600/3600, q_loss:1.3191796703419338e-05, rewards:-2.9514620304107666, queue:1.093915343284607, delay:0.12798680365085602, throughput:4070
episode:187/250, real avg travel time:210.3022113022113
step:3600/3600, q_loss:3.44411041522916e-05, rewards:-3.56127667427063, queue:1.264285683631897, delay:0.1293502300977707, throughput:4035
episode:188/250, real avg travel time:214.30631970260222
step:3600/3600, q_loss:8.176306437235326e-06, rewards:-2.9488892555236816, queue:1.0888888835906982, delay:0.12750178575515747, throughput:4070
episode:189/250, real avg travel time:207.35356265356265
step:3600/3600, q_loss:8.947734709686806e-06, rewards:-2.8901891708374023, queue:1.1190476417541504, delay:0.12815280258655548, throughput:4069
episode:190/250, real avg travel time:206.95846645367413
Test step:190/250, travel time :222.6841717791411, rewards:-3.505823850631714, queue:1.2396825551986694, delay:0.13526760041713715, throughput:4075
step:3600/3600, q_loss:6.755747906734339e-06, rewards:-3.003840208053589, queue:1.132275104522705, delay:0.13032709062099457, throughput:4071
episode:191/250, real avg travel time:206.83050847457628
step:3600/3600, q_loss:4.557680262627804e-06, rewards:-2.9451117515563965, queue:1.0915343761444092, delay:0.12942290306091309, throughput:4058
episode:192/250, real avg travel time:212.86742237555447
step:3600/3600, q_loss:1.5057533447462549e-05, rewards:-2.908207893371582, queue:1.0845237970352173, delay:0.1285255402326584, throughput:4069
episode:193/250, real avg travel time:207.19906610960925
step:3600/3600, q_loss:7.29013198805559e-06, rewards:-2.9635610580444336, queue:1.1202380657196045, delay:0.1322401463985443, throughput:4057
episode:194/250, real avg travel time:208.38550653192013
step:3600/3600, q_loss:3.2912115178381405e-06, rewards:-2.967519760131836, queue:1.1018518209457397, delay:0.13173452019691467, throughput:4070
episode:195/250, real avg travel time:210.74226044226043
Test step:195/250, travel time :241.84085633221562, rewards:-3.922727346420288, queue:1.3117724657058716, delay:0.13496682047843933, throughput:3877
step:3600/3600, q_loss:0.00010715214201708376, rewards:-4.3069539070129395, queue:1.3945766687393188, delay:0.13447925448417664, throughput:4068
episode:196/250, real avg travel time:228.3756145526057
step:3600/3600, q_loss:5.677339544894898e-06, rewards:-3.2115564346313477, queue:1.1507936716079712, delay:0.13194474577903748, throughput:4074
episode:197/250, real avg travel time:214.7022582228768
step:3600/3600, q_loss:1.0235031246944952e-05, rewards:-3.008310317993164, queue:1.1041005849838257, delay:0.12725448608398438, throughput:4054
episode:198/250, real avg travel time:214.72422298963986
step:3600/3600, q_loss:2.5523812332216443e-06, rewards:-2.9755825996398926, queue:1.1144180297851562, delay:0.130046546459198, throughput:4060
episode:199/250, real avg travel time:207.69261083743842
step:3600/3600, q_loss:0.00021130698021604784, rewards:-5.62858772277832, queue:1.8382275104522705, delay:0.15155479311943054, throughput:4052
episode:200/250, real avg travel time:276.0920533070089
Test step:200/250, travel time :222.5046591466405, rewards:-3.1589596271514893, queue:1.1358466148376465, delay:0.1296640932559967, throughput:4078
step:3600/3600, q_loss:5.995353906958674e-06, rewards:-2.8839826583862305, queue:1.0830687284469604, delay:0.12884089350700378, throughput:4049
episode:201/250, real avg travel time:207.96344776488021
step:3600/3600, q_loss:0.00011592217746915089, rewards:-4.3747992515563965, queue:1.4011905193328857, delay:0.13493362069129944, throughput:4070
episode:202/250, real avg travel time:227.57100737100737
step:3600/3600, q_loss:1.3290476191387926e-05, rewards:-3.3311288356781006, queue:1.1937830448150635, delay:0.13232332468032837, throughput:4072
episode:203/250, real avg travel time:215.28045186640472
step:3600/3600, q_loss:-2.899976203075817e-06, rewards:-2.8180534839630127, queue:1.1005290746688843, delay:0.12966258823871613, throughput:4057
episode:204/250, real avg travel time:209.66674882918412
step:3600/3600, q_loss:6.928219833450081e-06, rewards:-3.040200710296631, queue:1.1113756895065308, delay:0.1298643797636032, throughput:4063
episode:205/250, real avg travel time:211.22274181639182
Test step:205/250, travel time :221.529280948851, rewards:-3.057417154312134, queue:1.1216931343078613, delay:0.12949620187282562, throughput:4047
step:3600/3600, q_loss:3.36787432186409e-06, rewards:-3.1044039726257324, queue:1.1178570985794067, delay:0.13130071759223938, throughput:4057
episode:206/250, real avg travel time:217.85679073206802
step:3600/3600, q_loss:1.4493148612220669e-05, rewards:-3.159075975418091, queue:1.1395502090454102, delay:0.1319456547498703, throughput:4070
episode:207/250, real avg travel time:213.55749385749385
step:3600/3600, q_loss:6.222394505231124e-06, rewards:-2.93349552154541, queue:1.076454997062683, delay:0.12919969856739044, throughput:4057
episode:208/250, real avg travel time:208.32363815627312
step:3600/3600, q_loss:1.1181285743886191e-05, rewards:-2.7922720909118652, queue:1.0585979223251343, delay:0.1283906102180481, throughput:4071
episode:209/250, real avg travel time:206.79906656841072
step:3600/3600, q_loss:5.39431886055455e-06, rewards:-2.9173977375030518, queue:1.0845237970352173, delay:0.12890411913394928, throughput:4071
episode:210/250, real avg travel time:208.79562760992386
Test step:210/250, travel time :235.70670596904938, rewards:-3.619489908218384, queue:1.2816137075424194, delay:0.13284766674041748, throughput:4071
step:3600/3600, q_loss:1.8008103223918522e-05, rewards:-3.2256581783294678, queue:1.1350529193878174, delay:0.13053631782531738, throughput:4066
episode:211/250, real avg travel time:212.76930644367928
step:3600/3600, q_loss:7.521962753445324e-06, rewards:-2.8219292163848877, queue:1.0605820417404175, delay:0.12692523002624512, throughput:4059
episode:212/250, real avg travel time:207.03818674550382
step:3600/3600, q_loss:8.364352227848334e-06, rewards:-2.9072110652923584, queue:1.0677248239517212, delay:0.12734881043434143, throughput:4080
episode:213/250, real avg travel time:208.19338235294117
step:3600/3600, q_loss:7.976785289227135e-06, rewards:-2.836521625518799, queue:1.074735403060913, delay:0.12996256351470947, throughput:4076
episode:214/250, real avg travel time:209.20853778213936
step:3600/3600, q_loss:1.8201413493241287e-06, rewards:-2.7385668754577637, queue:1.0539683103561401, delay:0.12705528736114502, throughput:4071
episode:215/250, real avg travel time:207.48685826578236
Test step:215/250, travel time :211.57778877071482, rewards:-2.934295654296875, queue:1.1164021492004395, delay:0.1288481205701828, throughput:4043
step:3600/3600, q_loss:2.4425385668615084e-07, rewards:-2.91402006149292, queue:1.1026455163955688, delay:0.12871205806732178, throughput:4072
episode:216/250, real avg travel time:209.1959724950884
step:3600/3600, q_loss:-2.7075721946958865e-07, rewards:-2.8846797943115234, queue:1.086111068725586, delay:0.1287599802017212, throughput:4061
episode:217/250, real avg travel time:208.63949766067472
step:3600/3600, q_loss:2.0843896143358305e-05, rewards:-3.375216007232666, queue:1.1900793313980103, delay:0.1335163712501526, throughput:4069
episode:218/250, real avg travel time:219.84271319734577
step:3600/3600, q_loss:1.4662232489273367e-05, rewards:-2.63832950592041, queue:1.0136243104934692, delay:0.12568970024585724, throughput:4063
episode:219/250, real avg travel time:205.132660595619
step:3600/3600, q_loss:6.08636991172615e-06, rewards:-2.8207058906555176, queue:1.068386197090149, delay:0.12928883731365204, throughput:4078
episode:220/250, real avg travel time:207.50049043648846
Test step:220/250, travel time :211.80201920709186, rewards:-2.745748519897461, queue:1.0820106267929077, delay:0.12635105848312378, throughput:4061
step:3600/3600, q_loss:8.463813881260447e-06, rewards:-3.0613794326782227, queue:1.1314815282821655, delay:0.1330574005842209, throughput:4071
episode:221/250, real avg travel time:209.9243429132891
step:3600/3600, q_loss:1.2982314446061436e-05, rewards:-2.8850290775299072, queue:1.1030423641204834, delay:0.13101603090763092, throughput:4058
episode:222/250, real avg travel time:208.9640216855594
step:3600/3600, q_loss:1.2812956993002444e-05, rewards:-2.9189021587371826, queue:1.0866402387619019, delay:0.12976966798305511, throughput:4072
episode:223/250, real avg travel time:212.46389980353635
step:3600/3600, q_loss:5.384464384405874e-06, rewards:-2.5420641899108887, queue:1.0128307342529297, delay:0.1262364387512207, throughput:4075
episode:224/250, real avg travel time:201.27141104294478
step:3600/3600, q_loss:4.913113645872929e-05, rewards:-3.4667351245880127, queue:1.1894179582595825, delay:0.13224714994430542, throughput:4073
episode:225/250, real avg travel time:221.0012275963663
Test step:225/250, travel time :204.17450980392158, rewards:-2.484591245651245, queue:1.0067460536956787, delay:0.1248188316822052, throughput:4080
step:3600/3600, q_loss:1.691298849537917e-05, rewards:-3.3000881671905518, queue:1.2414021492004395, delay:0.13626813888549805, throughput:3874
episode:226/250, real avg travel time:218.9173980382034
step:3600/3600, q_loss:5.510980069326858e-06, rewards:-2.8725979328155518, queue:1.103439211845398, delay:0.13074621558189392, throughput:4066
episode:227/250, real avg travel time:209.66133792424986
step:3600/3600, q_loss:1.7699401077051234e-05, rewards:-3.4153313636779785, queue:1.37328040599823, delay:0.13433440029621124, throughput:4042
episode:228/250, real avg travel time:220.5522018802573
step:3600/3600, q_loss:-1.4515300184333076e-06, rewards:-2.827052593231201, queue:1.1007936000823975, delay:0.13034451007843018, throughput:4066
episode:229/250, real avg travel time:205.56935563207082
step:3600/3600, q_loss:5.522101491806097e-06, rewards:-2.755409002304077, queue:1.099074125289917, delay:0.1304091215133667, throughput:4069
episode:230/250, real avg travel time:203.12976161218972
Test step:230/250, travel time :248.68903193859867, rewards:-3.1660871505737305, queue:1.2585978507995605, delay:0.1393154114484787, throughput:4039
step:3600/3600, q_loss:2.4756820938718092e-05, rewards:-3.0835204124450684, queue:1.222354531288147, delay:0.13366015255451202, throughput:4067
episode:231/250, real avg travel time:215.57290386033932
step:3600/3600, q_loss:9.636439547951644e-06, rewards:-2.854020118713379, queue:1.0870370864868164, delay:0.12660837173461914, throughput:4065
episode:232/250, real avg travel time:208.96137761377614
step:3600/3600, q_loss:6.311864530693532e-07, rewards:-2.7949166297912598, queue:1.0846561193466187, delay:0.12824879586696625, throughput:4071
episode:233/250, real avg travel time:207.3726357160403
step:3600/3600, q_loss:-1.89638085430488e-06, rewards:-2.697371006011963, queue:1.0781745910644531, delay:0.12914197146892548, throughput:4064
episode:234/250, real avg travel time:202.33292322834646
step:3600/3600, q_loss:6.127148784192589e-06, rewards:-2.6131536960601807, queue:1.0403438806533813, delay:0.12532472610473633, throughput:4060
episode:235/250, real avg travel time:202.94458128078819
Test step:235/250, travel time :214.69210009813543, rewards:-2.907796621322632, queue:1.1207672357559204, delay:0.1281561255455017, throughput:4076
step:3600/3600, q_loss:5.1201343376305884e-05, rewards:-3.4766297340393066, queue:1.1982804536819458, delay:0.13034942746162415, throughput:3988
episode:236/250, real avg travel time:204.9796890672016
step:3600/3600, q_loss:1.0199120475186242e-05, rewards:-3.176460027694702, queue:1.1679893732070923, delay:0.13019192218780518, throughput:4075
episode:237/250, real avg travel time:212.57006134969325
step:3600/3600, q_loss:4.913230319895471e-06, rewards:-2.650949001312256, queue:1.0568783283233643, delay:0.1267082691192627, throughput:4064
episode:238/250, real avg travel time:204.3779527559055
step:3600/3600, q_loss:5.738513452039721e-05, rewards:-3.7983195781707764, queue:1.3423280715942383, delay:0.1385032832622528, throughput:4046
episode:239/250, real avg travel time:231.55585763717252
step:3600/3600, q_loss:1.0247662632739068e-05, rewards:-2.6043245792388916, queue:1.043254017829895, delay:0.12667419016361237, throughput:4063
episode:240/250, real avg travel time:204.98498646320454
Test step:240/250, travel time :207.0307049864898, rewards:-2.5039403438568115, queue:1.0615079402923584, delay:0.12932458519935608, throughput:4071
step:3600/3600, q_loss:2.0909874971645576e-06, rewards:-2.5747952461242676, queue:1.035449743270874, delay:0.12501008808612823, throughput:4074
episode:241/250, real avg travel time:205.36229749631812
step:3600/3600, q_loss:1.8589091713591997e-05, rewards:-3.1863932609558105, queue:1.203703761100769, delay:0.13665705919265747, throughput:4055
episode:242/250, real avg travel time:229.58643649815042
step:3600/3600, q_loss:6.19067622109368e-06, rewards:-2.703489303588867, queue:1.0677248239517212, delay:0.12725518643856049, throughput:4072
episode:243/250, real avg travel time:206.7097249508841
step:3600/3600, q_loss:1.1028362455868369e-05, rewards:-2.808370351791382, queue:1.076984167098999, delay:0.13008153438568115, throughput:4064
episode:244/250, real avg travel time:210.7130905511811
step:3600/3600, q_loss:6.1047419876558704e-06, rewards:-2.6858277320861816, queue:1.083465576171875, delay:0.13073204457759857, throughput:4070
episode:245/250, real avg travel time:212.4923832923833
Test step:245/250, travel time :217.36520029491277, rewards:-2.646250009536743, queue:1.0490740537643433, delay:0.1263013333082199, throughput:4069
step:3600/3600, q_loss:1.1886244545975286e-05, rewards:-2.9502739906311035, queue:1.1251323223114014, delay:0.13154172897338867, throughput:4054
episode:246/250, real avg travel time:212.80315737543168
step:3600/3600, q_loss:6.481934340424939e-06, rewards:-3.0346503257751465, queue:1.1576719284057617, delay:0.13351760804653168, throughput:4075
episode:247/250, real avg travel time:219.9438036809816
step:3600/3600, q_loss:9.418896095465041e-06, rewards:-2.671475410461426, queue:1.0546296834945679, delay:0.12762165069580078, throughput:4071
episode:248/250, real avg travel time:205.8987963645296
step:3600/3600, q_loss:-7.949457034960182e-07, rewards:-2.7367072105407715, queue:1.0724867582321167, delay:0.12817227840423584, throughput:4065
episode:249/250, real avg travel time:210.12078720787207
Hyperparameters saved to: data/output_data/tsc/sumo_hyperlight_mappo/sumo1x21/struct4_sumo1x21_seed2/hyperparameters.json
Loaded best checkpoint for final evaluation
Final Travel Time is 200.6014, mean rewards: -2.7001, queue: 1.1036, delay: 0.1368, throughput: 4079
Total time taken: 18736.13268017769
