step:3600/3600, q_loss:0.011057174481727458, rewards:-32.60226821899414, queue:24.43489646911621, delay:0.12673577666282654, throughput:1736
episode:0/250, real avg travel time:989.3429433456253
Test step:0/250, travel time :1395.8816627556153, rewards:-63.26184844970703, queue:47.54166793823242, delay:0.1548217087984085, throughput:1106
New best TEST travel time 1395.8817 at episode 0, saved as best checkpoint
step:3600/3600, q_loss:0.008787655223298956, rewards:-31.82944679260254, queue:23.849653244018555, delay:0.12462352961301804, throughput:1753
episode:1/250, real avg travel time:972.54307743882
step:3600/3600, q_loss:0.007177204335177386, rewards:-29.976736068725586, queue:22.45711898803711, delay:0.12114512920379639, throughput:1826
episode:2/250, real avg travel time:958.0653704324505
step:3600/3600, q_loss:0.006012165436038265, rewards:-29.158403396606445, queue:21.8371524810791, delay:0.1255153864622116, throughput:1958
episode:3/250, real avg travel time:913.6225276567214
step:3600/3600, q_loss:0.0055515145262082415, rewards:-27.751161575317383, queue:20.772743225097656, delay:0.11939523369073868, throughput:1926
episode:4/250, real avg travel time:881.8773047267852
step:3600/3600, q_loss:0.003798487920452047, rewards:-25.232481002807617, queue:18.876909255981445, delay:0.12609611451625824, throughput:2168
episode:5/250, real avg travel time:813.6627556151525
Test step:5/250, travel time :1349.9430103922225, rewards:-59.72052764892578, queue:44.878299713134766, delay:0.14543914794921875, throughput:1124
New best TEST travel time 1349.9430 at episode 5, saved as best checkpoint
step:3600/3600, q_loss:0.0037353090665958543, rewards:-24.478425979614258, queue:18.299652099609375, delay:0.12058556824922562, throughput:2143
episode:6/250, real avg travel time:795.6976198457928
step:3600/3600, q_loss:0.002980269229522458, rewards:-22.24782371520996, queue:16.626909255981445, delay:0.12419305741786957, throughput:2265
episode:7/250, real avg travel time:720.8404290982232
step:3600/3600, q_loss:0.0023594516294973868, rewards:-21.19143295288086, queue:15.829339981079102, delay:0.12948118150234222, throughput:2306
episode:8/250, real avg travel time:715.9755279919544
step:3600/3600, q_loss:0.0021542874613293896, rewards:-19.538938522338867, queue:14.584028244018555, delay:0.12118493020534515, throughput:2320
episode:9/250, real avg travel time:708.1421387864566
step:3600/3600, q_loss:0.0015256457996589167, rewards:-17.497844696044922, queue:13.047222137451172, delay:0.11916586756706238, throughput:2417
episode:10/250, real avg travel time:648.4713375796179
Test step:10/250, travel time :1109.2973516594034, rewards:-59.882938385009766, queue:45.01163101196289, delay:0.29505470395088196, throughput:2179
New best TEST travel time 1109.2974 at episode 10, saved as best checkpoint
step:3600/3600, q_loss:0.0014811991748434528, rewards:-16.780508041381836, queue:12.509201049804688, delay:0.12380057573318481, throughput:2417
episode:11/250, real avg travel time:616.4166946027489
step:3600/3600, q_loss:0.0006187443242028907, rewards:-11.928750038146973, queue:8.859201431274414, delay:0.13455156981945038, throughput:2655
episode:12/250, real avg travel time:508.95541401273886
step:3600/3600, q_loss:0.0004618941530309342, rewards:-10.747848510742188, queue:7.962673664093018, delay:0.12699231505393982, throughput:2681
episode:13/250, real avg travel time:511.5863224941334
step:3600/3600, q_loss:0.00029008539772971915, rewards:-9.728797912597656, queue:7.18663215637207, delay:0.12936566770076752, throughput:2790
episode:14/250, real avg travel time:444.08984244049617
step:3600/3600, q_loss:-1.648188206470675e-05, rewards:-5.782754898071289, queue:4.209374904632568, delay:0.12946361303329468, throughput:2920
episode:15/250, real avg travel time:381.9708347301374
Test step:15/250, travel time :900.6302380154207, rewards:-45.739280700683594, queue:34.367881774902344, delay:0.2941948473453522, throughput:2706
New best TEST travel time 900.6302 at episode 15, saved as best checkpoint
step:3600/3600, q_loss:-3.232152753130154e-05, rewards:-5.320554733276367, queue:3.863194465637207, delay:0.12549230456352234, throughput:2907
episode:16/250, real avg travel time:373.95139121689573
step:3600/3600, q_loss:-3.9334079095472894e-05, rewards:-5.179999351501465, queue:3.750173568725586, delay:0.12471169233322144, throughput:2917
episode:17/250, real avg travel time:371.3352329869259
step:3600/3600, q_loss:-2.8987110083646797e-05, rewards:-5.23837947845459, queue:3.793229103088379, delay:0.12345132976770401, throughput:2917
episode:18/250, real avg travel time:373.59034528997654
step:3600/3600, q_loss:-3.326858579250121e-05, rewards:-5.311364650726318, queue:3.8501737117767334, delay:0.12777256965637207, throughput:2925
episode:19/250, real avg travel time:373.7294669795508
step:3600/3600, q_loss:-3.1345178528378406e-05, rewards:-4.435810089111328, queue:3.1934027671813965, delay:0.11605777591466904, throughput:2930
episode:20/250, real avg travel time:361.80522963459606
Test step:20/250, travel time :610.3945692256118, rewards:-23.74034881591797, queue:17.800172805786133, delay:0.2705947160720825, throughput:2826
New best TEST travel time 610.3946 at episode 20, saved as best checkpoint
step:3600/3600, q_loss:-3.464068803522322e-05, rewards:-4.352545738220215, queue:3.124652862548828, delay:0.11518393456935883, throughput:2925
episode:21/250, real avg travel time:360.5779416694603
step:3600/3600, q_loss:-4.354351786551652e-05, rewards:-4.119375228881836, queue:2.9480903148651123, delay:0.11234734952449799, throughput:2928
episode:22/250, real avg travel time:357.87495809587665
step:3600/3600, q_loss:-4.438441138956006e-05, rewards:-4.106319427490234, queue:2.9437499046325684, delay:0.10973752290010452, throughput:2925
episode:23/250, real avg travel time:357.2024807241032
step:3600/3600, q_loss:-4.724909225909937e-05, rewards:-3.8177778720855713, queue:2.7217013835906982, delay:0.11032178997993469, throughput:2930
episode:24/250, real avg travel time:352.3928930606772
step:3600/3600, q_loss:-4.384549899475166e-05, rewards:-3.7136807441711426, queue:2.6454861164093018, delay:0.11060110479593277, throughput:2929
episode:25/250, real avg travel time:351.47167281260477
Test step:25/250, travel time :506.6339255782769, rewards:-15.811898231506348, queue:11.792014122009277, delay:0.20216193795204163, throughput:2848
New best TEST travel time 506.6339 at episode 25, saved as best checkpoint
step:3600/3600, q_loss:-4.306053828999952e-05, rewards:-3.52388858795166, queue:2.503819465637207, delay:0.10488372296094894, throughput:2931
episode:26/250, real avg travel time:348.7412001340932
step:3600/3600, q_loss:-5.083663897864797e-05, rewards:-3.6332404613494873, queue:2.585242986679077, delay:0.10532665252685547, throughput:2925
episode:27/250, real avg travel time:350.6238685886691
step:3600/3600, q_loss:-4.557558029234686e-05, rewards:-3.356851577758789, queue:2.368055582046509, delay:0.1020764634013176, throughput:2924
episode:28/250, real avg travel time:346.6466644317801
step:3600/3600, q_loss:-4.820653099428725e-05, rewards:-3.489861488342285, queue:2.4635417461395264, delay:0.10106565803289413, throughput:2927
episode:29/250, real avg travel time:348.94535702313107
step:3600/3600, q_loss:-3.9474814440365194e-05, rewards:-3.1784491539001465, queue:2.2406249046325684, delay:0.09773071110248566, throughput:2929
episode:30/250, real avg travel time:343.6151525310091
Test step:30/250, travel time :421.29902782433794, rewards:-9.180926322937012, queue:6.782986164093018, delay:0.16640008985996246, throughput:2892
New best TEST travel time 421.2990 at episode 30, saved as best checkpoint
step:3600/3600, q_loss:-5.289581453393179e-05, rewards:-3.2901854515075684, queue:2.32361102104187, delay:0.10121036320924759, throughput:2931
episode:31/250, real avg travel time:345.6754944686557
step:3600/3600, q_loss:-4.7961466393812944e-05, rewards:-3.10430645942688, queue:2.188020944595337, delay:0.09701847285032272, throughput:2928
episode:32/250, real avg travel time:342.9208850150855
step:3600/3600, q_loss:-4.662279712243212e-05, rewards:-3.168865919113159, queue:2.2210068702697754, delay:0.09897369891405106, throughput:2930
episode:33/250, real avg travel time:344.1213543412672
step:3600/3600, q_loss:-4.9491493350446776e-05, rewards:-3.098240852355957, queue:2.172395944595337, delay:0.09756668657064438, throughput:2931
episode:34/250, real avg travel time:342.84244049614483
step:3600/3600, q_loss:-4.4323691529118354e-05, rewards:-3.07479190826416, queue:2.1541666984558105, delay:0.09265246987342834, throughput:2925
episode:35/250, real avg travel time:341.5625209520617
Test step:35/250, travel time :377.20885015085486, rewards:-5.723033428192139, queue:4.171180725097656, delay:0.13750828802585602, throughput:2915
New best TEST travel time 377.2089 at episode 35, saved as best checkpoint
step:3600/3600, q_loss:-4.381290076438475e-05, rewards:-2.8208563327789307, queue:1.9642361402511597, delay:0.09228811413049698, throughput:2929
episode:36/250, real avg travel time:338.59336238685887
step:3600/3600, q_loss:-4.433859204356041e-05, rewards:-2.9351155757904053, queue:2.053992986679077, delay:0.09435350447893143, throughput:2929
episode:37/250, real avg travel time:340.4260811263828
step:3600/3600, q_loss:-4.6762752269084255e-05, rewards:-2.8601388931274414, queue:1.996006965637207, delay:0.09385477751493454, throughput:2928
episode:38/250, real avg travel time:338.6855514582635
step:3600/3600, q_loss:-4.650209081807622e-05, rewards:-2.731157064437866, queue:1.9013888835906982, delay:0.08848178386688232, throughput:2931
episode:39/250, real avg travel time:337.23466309084813
step:3600/3600, q_loss:-4.634965788917961e-05, rewards:-2.8413424491882324, queue:1.984548568725586, delay:0.08990800380706787, throughput:2931
episode:40/250, real avg travel time:339.12571237009723
Test step:40/250, travel time :352.9570901776735, rewards:-3.9837050437927246, queue:2.855208396911621, delay:0.12406660616397858, throughput:2928
New best TEST travel time 352.9571 at episode 40, saved as best checkpoint
step:3600/3600, q_loss:-5.0374752134774576e-05, rewards:-2.713750123977661, queue:1.8855903148651123, delay:0.09061477333307266, throughput:2932
episode:41/250, real avg travel time:337.1210191082803
step:3600/3600, q_loss:-3.908116680880388e-05, rewards:-2.6498842239379883, queue:1.8434027433395386, delay:0.0887385755777359, throughput:2933
episode:42/250, real avg travel time:336.3375796178344
step:3600/3600, q_loss:-4.379779027119555e-05, rewards:-2.649698495864868, queue:1.8394097089767456, delay:0.08641190826892853, throughput:2929
episode:43/250, real avg travel time:336.57157224270867
step:3600/3600, q_loss:-4.70037256255401e-05, rewards:-2.5541670322418213, queue:1.7677083015441895, delay:0.0868750810623169, throughput:2930
episode:44/250, real avg travel time:334.88467985249747
step:3600/3600, q_loss:-4.6018453172615006e-05, rewards:-2.5229861736297607, queue:1.7486110925674438, delay:0.08588925004005432, throughput:2931
episode:45/250, real avg travel time:334.15487763995975
Test step:45/250, travel time :342.91384512236004, rewards:-3.284860610961914, queue:2.33923602104187, delay:0.11065676808357239, throughput:2925
New best TEST travel time 342.9138 at episode 45, saved as best checkpoint
step:3600/3600, q_loss:-4.504813804049735e-05, rewards:-2.4893977642059326, queue:1.7239583730697632, delay:0.08548454940319061, throughput:2931
episode:46/250, real avg travel time:333.9285953737848
step:3600/3600, q_loss:-4.33102418254647e-05, rewards:-2.515000343322754, queue:1.7407985925674438, delay:0.08522859215736389, throughput:2931
episode:47/250, real avg travel time:334.6483405967147
step:3600/3600, q_loss:-4.054442418877174e-05, rewards:-2.460602045059204, queue:1.7024306058883667, delay:0.08454807847738266, throughput:2928
episode:48/250, real avg travel time:333.5212872946698
step:3600/3600, q_loss:-3.696777211088273e-05, rewards:-2.3993289470672607, queue:1.654687523841858, delay:0.08317676186561584, throughput:2930
episode:49/250, real avg travel time:332.6775058665773
step:3600/3600, q_loss:-4.541488942103805e-05, rewards:-2.466921091079712, queue:1.7065972089767456, delay:0.08450572937726974, throughput:2931
episode:50/250, real avg travel time:334.1293999329534
Test step:50/250, travel time :333.3583640630238, rewards:-2.5516436100006104, queue:1.7902777194976807, delay:0.09753219038248062, throughput:2925
New best TEST travel time 333.3584 at episode 50, saved as best checkpoint
step:3600/3600, q_loss:-2.144201167134775e-05, rewards:-2.3576388359069824, queue:1.6291667222976685, delay:0.08269695937633514, throughput:2929
episode:51/250, real avg travel time:331.94736842105266
step:3600/3600, q_loss:-3.181472269783693e-05, rewards:-2.3875927925109863, queue:1.6508680582046509, delay:0.0836661159992218, throughput:2930
episode:52/250, real avg travel time:331.99296010727454
step:3600/3600, q_loss:-4.166943253949285e-05, rewards:-2.29370379447937, queue:1.582118034362793, delay:0.08167972415685654, throughput:2929
episode:53/250, real avg travel time:330.6738183037211
step:3600/3600, q_loss:-2.6262748482016225e-05, rewards:-2.3053243160247803, queue:1.5907986164093018, delay:0.08385966718196869, throughput:2929
episode:54/250, real avg travel time:330.800871605766
step:3600/3600, q_loss:-3.39639466902655e-05, rewards:-2.2110648155212402, queue:1.5309027433395386, delay:0.08100807666778564, throughput:2930
episode:55/250, real avg travel time:329.1297351659403
Test step:55/250, travel time :332.9379818974187, rewards:-2.5545365810394287, queue:1.7951388359069824, delay:0.10363214462995529, throughput:2930
New best TEST travel time 332.9380 at episode 55, saved as best checkpoint
step:3600/3600, q_loss:-3.8864807963060835e-05, rewards:-2.248332977294922, queue:1.5522569417953491, delay:0.08106550574302673, throughput:2932
episode:56/250, real avg travel time:329.77539389875966
step:3600/3600, q_loss:-3.9628185374938226e-05, rewards:-2.2698378562927246, queue:1.5694444179534912, delay:0.080840103328228, throughput:2932
episode:57/250, real avg travel time:330.61045926919206
step:3600/3600, q_loss:-3.455561667646247e-05, rewards:-2.135648012161255, queue:1.4651042222976685, delay:0.07649196684360504, throughput:2931
episode:58/250, real avg travel time:328.6359369761985
step:3600/3600, q_loss:-4.500725890802978e-05, rewards:-2.12099552154541, queue:1.4519097805023193, delay:0.07794211804866791, throughput:2933
episode:59/250, real avg travel time:328.22561180020114
step:3600/3600, q_loss:-4.609431241449245e-05, rewards:-2.0866665840148926, queue:1.4300347566604614, delay:0.0770261362195015, throughput:2931
episode:60/250, real avg travel time:327.6252095206168
Test step:60/250, travel time :329.66275561515255, rewards:-2.2846527099609375, queue:1.5838541984558105, delay:0.09595305472612381, throughput:2932
New best TEST travel time 329.6628 at episode 60, saved as best checkpoint
step:3600/3600, q_loss:-3.569876727717066e-05, rewards:-2.1181015968322754, queue:1.4520833492279053, delay:0.07843069732189178, throughput:2931
episode:61/250, real avg travel time:328.15454240697284
step:3600/3600, q_loss:-3.5376008815580496e-05, rewards:-2.0607638359069824, queue:1.410069465637207, delay:0.07442710548639297, throughput:2929
episode:62/250, real avg travel time:327.16594032852834
step:3600/3600, q_loss:-3.608524771321013e-05, rewards:-2.0882408618927, queue:1.4387152194976807, delay:0.0775635838508606, throughput:2931
episode:63/250, real avg travel time:327.45893395910156
step:3600/3600, q_loss:-3.1174808154227556e-05, rewards:-2.072939872741699, queue:1.4171874523162842, delay:0.07761512696743011, throughput:2932
episode:64/250, real avg travel time:327.0415688903788
step:3600/3600, q_loss:-4.4181733392179014e-05, rewards:-2.0801851749420166, queue:1.4288194179534912, delay:0.07650327682495117, throughput:2929
episode:65/250, real avg travel time:327.35903452899765
Test step:65/250, travel time :329.112973516594, rewards:-2.2587032318115234, queue:1.5666667222976685, delay:0.08977758884429932, throughput:2929
New best TEST travel time 329.1130 at episode 65, saved as best checkpoint
step:3600/3600, q_loss:-4.556926821048061e-05, rewards:-2.054190158843994, queue:1.4041666984558105, delay:0.07562603801488876, throughput:2933
episode:66/250, real avg travel time:326.8524974857526
step:3600/3600, q_loss:-3.909991161587338e-05, rewards:-2.00976824760437, queue:1.3736110925674438, delay:0.07313210517168045, throughput:2931
episode:67/250, real avg travel time:326.29701642641635
step:3600/3600, q_loss:-3.682185499066556e-05, rewards:-2.007337808609009, queue:1.3758680820465088, delay:0.07173143327236176, throughput:2933
episode:68/250, real avg travel time:326.2839423399262
step:3600/3600, q_loss:-3.434195144412418e-05, rewards:-2.0238656997680664, queue:1.3781249523162842, delay:0.07271324098110199, throughput:2933
episode:69/250, real avg travel time:326.82232651692925
step:3600/3600, q_loss:-4.404237368833964e-05, rewards:-2.0615506172180176, queue:1.4048610925674438, delay:0.07399455457925797, throughput:2931
episode:70/250, real avg travel time:327.46765001676164
Test step:70/250, travel time :325.9601072745558, rewards:-2.0246760845184326, queue:1.3989583253860474, delay:0.0800873190164566, throughput:2933
New best TEST travel time 325.9601 at episode 70, saved as best checkpoint
step:3600/3600, q_loss:-2.6666238490078186e-05, rewards:-1.999259114265442, queue:1.3604166507720947, delay:0.0700870007276535, throughput:2934
episode:71/250, real avg travel time:326.4036205162588
step:3600/3600, q_loss:-3.758570334563653e-05, rewards:-1.9687732458114624, queue:1.3406250476837158, delay:0.07074771821498871, throughput:2931
episode:72/250, real avg travel time:326.19812269527324
step:3600/3600, q_loss:-3.0146308320884905e-05, rewards:-1.9099767208099365, queue:1.3005207777023315, delay:0.07081378996372223, throughput:2930
episode:73/250, real avg travel time:325.11666107945024
step:3600/3600, q_loss:-2.9743302190952278e-05, rewards:-1.9511805772781372, queue:1.3260416984558105, delay:0.06980185955762863, throughput:2931
episode:74/250, real avg travel time:326.1736506872276
step:3600/3600, q_loss:-3.059539443778771e-05, rewards:-1.9063191413879395, queue:1.2960069179534912, delay:0.0686204805970192, throughput:2931
episode:75/250, real avg travel time:325.0992289641301
Test step:75/250, travel time :322.76097888032183, rewards:-1.765277624130249, queue:1.1963541507720947, delay:0.0682159960269928, throughput:2930
New best TEST travel time 322.7610 at episode 75, saved as best checkpoint
step:3600/3600, q_loss:-3.784697683941987e-05, rewards:-1.9512500762939453, queue:1.3288193941116333, delay:0.0703427642583847, throughput:2931
episode:76/250, real avg travel time:326.00536372779084
step:3600/3600, q_loss:-3.8059094394729645e-05, rewards:-1.9029862880706787, queue:1.2921874523162842, delay:0.06818452477455139, throughput:2932
episode:77/250, real avg travel time:325.4247401944351
step:3600/3600, q_loss:-2.9300186778763656e-05, rewards:-1.8959490060806274, queue:1.2909722328186035, delay:0.06860224157571793, throughput:2933
episode:78/250, real avg travel time:325.0606771706336
step:3600/3600, q_loss:-3.1770886508403e-05, rewards:-1.880092740058899, queue:1.2765624523162842, delay:0.06769825518131256, throughput:2931
episode:79/250, real avg travel time:325.0100569896078
step:3600/3600, q_loss:-3.1166850951396755e-05, rewards:-1.9122684001922607, queue:1.300694465637207, delay:0.06882531940937042, throughput:2934
episode:80/250, real avg travel time:325.24002681863897
Test step:80/250, travel time :323.32752262822663, rewards:-1.8121755123138428, queue:1.2354166507720947, delay:0.07230319082736969, throughput:2930
step:3600/3600, q_loss:-2.567722317676439e-05, rewards:-1.906273365020752, queue:1.2942708730697632, delay:0.06721597164869308, throughput:2934
episode:81/250, real avg travel time:325.3734495474355
step:3600/3600, q_loss:-4.280995948378135e-05, rewards:-1.809652328491211, queue:1.2286458015441895, delay:0.06527157127857208, throughput:2931
episode:82/250, real avg travel time:323.5561515253101
step:3600/3600, q_loss:-3.063871182449576e-05, rewards:-1.829398274421692, queue:1.2404513359069824, delay:0.06699845939874649, throughput:2933
episode:83/250, real avg travel time:324.0100569896078
step:3600/3600, q_loss:-3.482408323583918e-05, rewards:-1.8560184240341187, queue:1.2605903148651123, delay:0.06824150681495667, throughput:2934
episode:84/250, real avg travel time:324.4180355346966
step:3600/3600, q_loss:-3.327967165710612e-05, rewards:-1.8288425207138062, queue:1.236631989479065, delay:0.06647276878356934, throughput:2932
episode:85/250, real avg travel time:324.1930942004693
Test step:85/250, travel time :320.6748240026819, rewards:-1.6163192987442017, queue:1.0840277671813965, delay:0.06250613182783127, throughput:2932
New best TEST travel time 320.6748 at episode 85, saved as best checkpoint
step:3600/3600, q_loss:-3.265722792733599e-05, rewards:-1.8231481313705444, queue:1.2319444417953491, delay:0.06629864871501923, throughput:2932
episode:86/250, real avg travel time:323.82098558498154
step:3600/3600, q_loss:-1.9748841791793153e-05, rewards:-1.8176153898239136, queue:1.234548568725586, delay:0.0665966272354126, throughput:2933
episode:87/250, real avg travel time:323.87294669795506
step:3600/3600, q_loss:-3.097628424358037e-05, rewards:-1.87701416015625, queue:1.2762153148651123, delay:0.06929084658622742, throughput:2931
episode:88/250, real avg travel time:324.42909822326516
step:3600/3600, q_loss:-2.4736544798576723e-05, rewards:-1.8303704261779785, queue:1.2395833730697632, delay:0.0669500008225441, throughput:2930
episode:89/250, real avg travel time:323.82333221589005
step:3600/3600, q_loss:-2.8809161826588765e-05, rewards:-1.8346292972564697, queue:1.2388888597488403, delay:0.067250095307827, throughput:2930
episode:90/250, real avg travel time:324.03452899765335
Test step:90/250, travel time :320.7971840429098, rewards:-1.6287497282028198, queue:1.097743034362793, delay:0.06391572952270508, throughput:2931
step:3600/3600, q_loss:-3.085214767553326e-05, rewards:-1.8439117670059204, queue:1.2482638359069824, delay:0.06792997568845749, throughput:2933
episode:91/250, real avg travel time:324.07442172309754
step:3600/3600, q_loss:-2.4242210740878903e-05, rewards:-1.7674304246902466, queue:1.1939235925674438, delay:0.06524622440338135, throughput:2932
episode:92/250, real avg travel time:322.8719409989943
step:3600/3600, q_loss:-3.144199533077578e-05, rewards:-1.7916202545166016, queue:1.2064236402511597, delay:0.0665494054555893, throughput:2930
episode:93/250, real avg travel time:323.42842775729133
step:3600/3600, q_loss:-2.872431478290646e-05, rewards:-1.765115737915039, queue:1.193750023841858, delay:0.06530316919088364, throughput:2929
episode:94/250, real avg travel time:322.57760643647333
step:3600/3600, q_loss:-2.6154960936832206e-05, rewards:-1.7288886308670044, queue:1.1692708730697632, delay:0.06367238610982895, throughput:2930
episode:95/250, real avg travel time:322.33556821991283
Test step:95/250, travel time :320.2021454911163, rewards:-1.6033332347869873, queue:1.0855902433395386, delay:0.06310909241437912, throughput:2928
New best TEST travel time 320.2021 at episode 95, saved as best checkpoint
step:3600/3600, q_loss:-3.8401677846667116e-05, rewards:-1.7160648107528687, queue:1.1583333015441895, delay:0.06397709995508194, throughput:2930
episode:96/250, real avg travel time:322.1823667448877
step:3600/3600, q_loss:-2.9037039321674795e-05, rewards:-1.758912205696106, queue:1.187673568725586, delay:0.06581767648458481, throughput:2932
episode:97/250, real avg travel time:322.6778410995642
step:3600/3600, q_loss:-3.048699538878821e-05, rewards:-1.7171529531478882, queue:1.162500023841858, delay:0.0646301731467247, throughput:2931
episode:98/250, real avg travel time:322.1917532685216
step:3600/3600, q_loss:-2.578534757183796e-05, rewards:-1.7266432046890259, queue:1.1621527671813965, delay:0.06360948085784912, throughput:2929
episode:99/250, real avg travel time:322.3741200134093
step:3600/3600, q_loss:-3.0309951614105594e-05, rewards:-1.7166664600372314, queue:1.15625, delay:0.0639171376824379, throughput:2931
episode:100/250, real avg travel time:322.21555481059335
Test step:100/250, travel time :319.2960107274556, rewards:-1.5361804962158203, queue:1.0333333015441895, delay:0.05965020880103111, throughput:2932
New best TEST travel time 319.2960 at episode 100, saved as best checkpoint
step:3600/3600, q_loss:-2.4387230492990324e-05, rewards:-1.7530324459075928, queue:1.1857638359069824, delay:0.06367374956607819, throughput:2932
episode:101/250, real avg travel time:322.7867918203151
step:3600/3600, q_loss:-3.1297913584340776e-05, rewards:-1.6971523761749268, queue:1.1357638835906982, delay:0.061910830438137054, throughput:2933
episode:102/250, real avg travel time:322.15621857190746
step:3600/3600, q_loss:-3.2174723175423286e-05, rewards:-1.6727313995361328, queue:1.125173568725586, delay:0.06226946413516998, throughput:2930
episode:103/250, real avg travel time:321.71371102916527
step:3600/3600, q_loss:-2.3076894016143075e-05, rewards:-1.6916202306747437, queue:1.139062523841858, delay:0.06297939270734787, throughput:2931
episode:104/250, real avg travel time:322.0177673483071
step:3600/3600, q_loss:-2.9098523534937866e-05, rewards:-1.6602545976638794, queue:1.114930510520935, delay:0.06218360364437103, throughput:2933
episode:105/250, real avg travel time:321.55816292323163
Test step:105/250, travel time :320.2701977874623, rewards:-1.5828238725662231, queue:1.062326431274414, delay:0.061371952295303345, throughput:2931
step:3600/3600, q_loss:-3.614910464319918e-05, rewards:-1.6757639646530151, queue:1.1314235925674438, delay:0.06213606148958206, throughput:2931
episode:106/250, real avg travel time:321.8407643312102
step:3600/3600, q_loss:-2.823777818034782e-05, rewards:-1.6852080821990967, queue:1.1362847089767456, delay:0.061839304864406586, throughput:2931
episode:107/250, real avg travel time:321.78980891719743
step:3600/3600, q_loss:-2.862418467109954e-05, rewards:-1.7106711864471436, queue:1.1531250476837158, delay:0.06256643682718277, throughput:2932
episode:108/250, real avg travel time:322.42641635936974
step:3600/3600, q_loss:-3.022888828396659e-05, rewards:-1.6772453784942627, queue:1.1300346851348877, delay:0.061724673956632614, throughput:2934
episode:109/250, real avg travel time:321.6979550787797
step:3600/3600, q_loss:-3.113518037867767e-05, rewards:-1.6769906282424927, queue:1.1302083730697632, delay:0.06280872970819473, throughput:2932
episode:110/250, real avg travel time:321.787462286289
Test step:110/250, travel time :319.0878310425746, rewards:-1.51236093044281, queue:1.0121527910232544, delay:0.059425704181194305, throughput:2931
New best TEST travel time 319.0878 at episode 110, saved as best checkpoint
step:3600/3600, q_loss:-2.949653189042928e-05, rewards:-1.6308332681655884, queue:1.0918402671813965, delay:0.062313731759786606, throughput:2931
episode:111/250, real avg travel time:321.0103922225947
step:3600/3600, q_loss:-2.1720757056889988e-05, rewards:-1.6748379468917847, queue:1.130555510520935, delay:0.06313449889421463, throughput:2932
episode:112/250, real avg travel time:321.8172980221254
step:3600/3600, q_loss:-3.9296548304803393e-05, rewards:-1.631226658821106, queue:1.0932291746139526, delay:0.061631932854652405, throughput:2932
episode:113/250, real avg travel time:320.95306738183035
step:3600/3600, q_loss:-3.29776919830625e-05, rewards:-1.6111111640930176, queue:1.0826388597488403, delay:0.06095057725906372, throughput:2933
episode:114/250, real avg travel time:320.4874287629903
step:3600/3600, q_loss:-1.945847589350133e-05, rewards:-1.6074305772781372, queue:1.0802083015441895, delay:0.06232016906142235, throughput:2931
episode:115/250, real avg travel time:320.4502179014415
Test step:115/250, travel time :318.67448876969496, rewards:-1.4847218990325928, queue:0.9982638955116272, delay:0.058274246752262115, throughput:2932
New best TEST travel time 318.6745 at episode 115, saved as best checkpoint
step:3600/3600, q_loss:-2.666947699186427e-05, rewards:-1.6662036180496216, queue:1.1138888597488403, delay:0.061523035168647766, throughput:2930
episode:116/250, real avg travel time:321.79349648005365
step:3600/3600, q_loss:-2.526071869026594e-05, rewards:-1.6779628992080688, queue:1.1309027671813965, delay:0.06166883930563927, throughput:2934
episode:117/250, real avg travel time:321.9611129735166
step:3600/3600, q_loss:-3.448573525356888e-05, rewards:-1.6259260177612305, queue:1.0942708253860474, delay:0.06101466342806816, throughput:2935
episode:118/250, real avg travel time:320.8887026483406
step:3600/3600, q_loss:-2.7317774624356795e-05, rewards:-1.6259955167770386, queue:1.093923568725586, delay:0.06179986521601677, throughput:2931
episode:119/250, real avg travel time:320.92691920885017
step:3600/3600, q_loss:-2.072267309779784e-05, rewards:-1.6152777671813965, queue:1.0907986164093018, delay:0.06285835057497025, throughput:2932
episode:120/250, real avg travel time:320.47033188065706
Test step:120/250, travel time :318.47670130740863, rewards:-1.4863193035125732, queue:1.0019097328186035, delay:0.058821436017751694, throughput:2932
New best TEST travel time 318.4767 at episode 120, saved as best checkpoint
step:3600/3600, q_loss:-3.195570003568988e-05, rewards:-1.6195136308670044, queue:1.0925347805023193, delay:0.061761029064655304, throughput:2930
episode:121/250, real avg travel time:320.56889037881325
step:3600/3600, q_loss:-3.349554220524927e-05, rewards:-1.5993512868881226, queue:1.076562523841858, delay:0.060076754540205, throughput:2932
episode:122/250, real avg travel time:320.48038887026485
step:3600/3600, q_loss:-2.9573567034849135e-05, rewards:-1.6332173347473145, queue:1.101388931274414, delay:0.06093263626098633, throughput:2933
episode:123/250, real avg travel time:321.04626215219577
step:3600/3600, q_loss:-3.032823420923065e-05, rewards:-1.5761111974716187, queue:1.0618056058883667, delay:0.05930195748806, throughput:2932
episode:124/250, real avg travel time:320.11967817633257
step:3600/3600, q_loss:-2.8730506892316042e-05, rewards:-1.5804163217544556, queue:1.0611110925674438, delay:0.05975932627916336, throughput:2932
episode:125/250, real avg travel time:320.3553469661415
Test step:125/250, travel time :317.70834730137443, rewards:-1.4221522808074951, queue:0.9513888955116272, delay:0.05554148182272911, throughput:2932
New best TEST travel time 317.7083 at episode 125, saved as best checkpoint
step:3600/3600, q_loss:-4.161618675829636e-05, rewards:-1.5548380613327026, queue:1.0418403148651123, delay:0.05887777358293533, throughput:2933
episode:126/250, real avg travel time:319.70030170968823
step:3600/3600, q_loss:-3.6006180690256533e-05, rewards:-1.5719441175460815, queue:1.0539931058883667, delay:0.05924953892827034, throughput:2933
episode:127/250, real avg travel time:320.1330874958096
step:3600/3600, q_loss:-3.1179594333042146e-05, rewards:-1.592083215713501, queue:1.081944465637207, delay:0.05975192040205002, throughput:2931
episode:128/250, real avg travel time:320.2621521957761
step:3600/3600, q_loss:-2.583337288039426e-05, rewards:-1.5944443941116333, queue:1.0776041746139526, delay:0.06098703667521477, throughput:2932
episode:129/250, real avg travel time:320.3922225947033
step:3600/3600, q_loss:-2.236712003920089e-05, rewards:-1.6101850271224976, queue:1.0809028148651123, delay:0.060248516499996185, throughput:2931
episode:130/250, real avg travel time:320.8048944016091
Test step:130/250, travel time :317.83405967147166, rewards:-1.4440507888793945, queue:0.9708333611488342, delay:0.057840410619974136, throughput:2933
step:3600/3600, q_loss:-2.923543948714656e-05, rewards:-1.5604166984558105, queue:1.0512152910232544, delay:0.06076410785317421, throughput:2930
episode:131/250, real avg travel time:319.7492457257794
step:3600/3600, q_loss:-3.0449088619745995e-05, rewards:-1.5527777671813965, queue:1.0397568941116333, delay:0.05937207490205765, throughput:2933
episode:132/250, real avg travel time:319.75393898759637
step:3600/3600, q_loss:-2.042745203383405e-05, rewards:-1.5491430759429932, queue:1.0401041507720947, delay:0.06029267981648445, throughput:2931
episode:133/250, real avg travel time:319.46798524974855
step:3600/3600, q_loss:-2.740242602562325e-05, rewards:-1.569884181022644, queue:1.0550347566604614, delay:0.05875260382890701, throughput:2932
episode:134/250, real avg travel time:320.2122024807241
step:3600/3600, q_loss:-3.3434104342531e-05, rewards:-1.5474531650543213, queue:1.0387152433395386, delay:0.05801171064376831, throughput:2929
episode:135/250, real avg travel time:319.81394569225614
Test step:135/250, travel time :317.2520952061683, rewards:-1.3727777004241943, queue:0.9059028029441833, delay:0.053331490606069565, throughput:2931
New best TEST travel time 317.2521 at episode 135, saved as best checkpoint
step:3600/3600, q_loss:-3.3177353691792594e-05, rewards:-1.5710647106170654, queue:1.046875, delay:0.05859648436307907, throughput:2932
episode:136/250, real avg travel time:320.2665102246061
step:3600/3600, q_loss:-2.0575591716570434e-05, rewards:-1.5447455644607544, queue:1.031423568725586, delay:0.05756855010986328, throughput:2932
episode:137/250, real avg travel time:319.954743546765
step:3600/3600, q_loss:-2.6469071356890103e-05, rewards:-1.5484720468521118, queue:1.0300347805023193, delay:0.05713280662894249, throughput:2932
episode:138/250, real avg travel time:320.2551123030506
step:3600/3600, q_loss:-3.491269146454417e-05, rewards:-1.5057408809661865, queue:1.002256989479065, delay:0.05496931076049805, throughput:2933
episode:139/250, real avg travel time:319.62185719074756
step:3600/3600, q_loss:-2.531656646169722e-05, rewards:-1.4763424396514893, queue:0.9819444417953491, delay:0.05516626685857773, throughput:2930
episode:140/250, real avg travel time:319.03687562856186
Test step:140/250, travel time :317.0419041233657, rewards:-1.3585878610610962, queue:0.8968750238418579, delay:0.05184739828109741, throughput:2930
New best TEST travel time 317.0419 at episode 140, saved as best checkpoint
step:3600/3600, q_loss:-3.132039564661682e-05, rewards:-1.5151617527008057, queue:1.0102430582046509, delay:0.055738285183906555, throughput:2929
episode:141/250, real avg travel time:319.606436473349
step:3600/3600, q_loss:-3.677137773828926e-05, rewards:-1.5031253099441528, queue:0.9998263716697693, delay:0.05593136325478554, throughput:2931
episode:142/250, real avg travel time:319.5165940328528
step:3600/3600, q_loss:-3.3470781636424364e-05, rewards:-1.5145833492279053, queue:1.007986068725586, delay:0.056611478328704834, throughput:2931
episode:143/250, real avg travel time:319.6443178008716
step:3600/3600, q_loss:-2.089089021966275e-05, rewards:-1.510138988494873, queue:1.0027778148651123, delay:0.05676582083106041, throughput:2933
episode:144/250, real avg travel time:319.293999329534
step:3600/3600, q_loss:-2.652027965437069e-05, rewards:-1.5033560991287231, queue:1.010069489479065, delay:0.056190893054008484, throughput:2932
episode:145/250, real avg travel time:319.2236004022796
Test step:145/250, travel time :317.47133757961785, rewards:-1.4037960767745972, queue:0.9302083253860474, delay:0.054593853652477264, throughput:2930
step:3600/3600, q_loss:-2.496482694469806e-05, rewards:-1.5032637119293213, queue:0.9993055462837219, delay:0.055949170142412186, throughput:2932
episode:146/250, real avg travel time:319.12236004022793
step:3600/3600, q_loss:-3.080746521138483e-05, rewards:-1.5081017017364502, queue:1.0083333253860474, delay:0.05636954307556152, throughput:2932
episode:147/250, real avg travel time:319.18605430774386
step:3600/3600, q_loss:-2.36812358101209e-05, rewards:-1.5438191890716553, queue:1.0347222089767456, delay:0.05797451734542847, throughput:2932
episode:148/250, real avg travel time:319.8675829701643
step:3600/3600, q_loss:-3.0630818434508035e-05, rewards:-1.4832173585891724, queue:0.9880208373069763, delay:0.05520039051771164, throughput:2931
episode:149/250, real avg travel time:318.98390881662755
step:3600/3600, q_loss:-3.733813322873579e-05, rewards:-1.509374976158142, queue:1.0046875476837158, delay:0.055923376232385635, throughput:2931
episode:150/250, real avg travel time:319.48307073416026
Test step:150/250, travel time :316.6597385182702, rewards:-1.3345600366592407, queue:0.8840277791023254, delay:0.05103757604956627, throughput:2932
New best TEST travel time 316.6597 at episode 150, saved as best checkpoint
step:3600/3600, q_loss:-2.567791088949889e-05, rewards:-1.460925817489624, queue:0.9690971970558167, delay:0.054470259696245193, throughput:2932
episode:151/250, real avg travel time:318.7975192758968
step:3600/3600, q_loss:-2.4516624829697385e-05, rewards:-1.5024304389953613, queue:1.0053819417953491, delay:0.05670256167650223, throughput:2931
episode:152/250, real avg travel time:319.3610459269192
step:3600/3600, q_loss:-2.679891099601432e-05, rewards:-1.4565738439559937, queue:0.9664930701255798, delay:0.054729022085666656, throughput:2932
episode:153/250, real avg travel time:318.6356017432115
step:3600/3600, q_loss:-3.819744667486736e-05, rewards:-1.4849306344985962, queue:0.9949652552604675, delay:0.05607965961098671, throughput:2933
episode:154/250, real avg travel time:318.9795507877975
step:3600/3600, q_loss:-2.1125037649956844e-05, rewards:-1.4528008699417114, queue:0.9678819179534912, delay:0.05516485497355461, throughput:2931
episode:155/250, real avg travel time:318.52162252765675
Test step:155/250, travel time :316.5041904123366, rewards:-1.333587884902954, queue:0.8838541507720947, delay:0.051717258989810944, throughput:2932
New best TEST travel time 316.5042 at episode 155, saved as best checkpoint
step:3600/3600, q_loss:-3.117879731925549e-05, rewards:-1.471134066581726, queue:0.9810763597488403, delay:0.05532892048358917, throughput:2933
episode:156/250, real avg travel time:318.83271873952395
step:3600/3600, q_loss:-1.785899911300038e-05, rewards:-1.4745371341705322, queue:0.9852430820465088, delay:0.05515555292367935, throughput:2931
episode:157/250, real avg travel time:319.0529668119343
step:3600/3600, q_loss:-2.5528007514636825e-05, rewards:-1.4325693845748901, queue:0.9559027552604675, delay:0.05541663616895676, throughput:2932
episode:158/250, real avg travel time:317.9741870600067
step:3600/3600, q_loss:-2.8126573522092293e-05, rewards:-1.439629316329956, queue:0.9592013955116272, delay:0.056147702038288116, throughput:2932
episode:159/250, real avg travel time:318.0177673483071
step:3600/3600, q_loss:-2.376205714729925e-05, rewards:-1.4485183954238892, queue:0.9654513597488403, delay:0.05541544407606125, throughput:2929
episode:160/250, real avg travel time:318.3003687562856
Test step:160/250, travel time :316.91384512236004, rewards:-1.3804163932800293, queue:0.9236111044883728, delay:0.05583743378520012, throughput:2931
step:3600/3600, q_loss:-2.778257853437767e-05, rewards:-1.433495283126831, queue:0.9586805701255798, delay:0.05530599132180214, throughput:2931
episode:161/250, real avg travel time:318.063359034529
step:3600/3600, q_loss:-2.902382704498315e-05, rewards:-1.4099305868148804, queue:0.9442708492279053, delay:0.055184051394462585, throughput:2932
episode:162/250, real avg travel time:317.6677841099564
step:3600/3600, q_loss:-2.7809213497675957e-05, rewards:-1.4329630136489868, queue:0.9550347328186035, delay:0.055543847382068634, throughput:2932
episode:163/250, real avg travel time:317.8457928260141
step:3600/3600, q_loss:-2.3362807998502694e-05, rewards:-1.4530787467956543, queue:0.9675347208976746, delay:0.056687504053115845, throughput:2932
episode:164/250, real avg travel time:318.2919879316125
step:3600/3600, q_loss:-2.5976447418711526e-05, rewards:-1.4322221279144287, queue:0.953125, delay:0.056020669639110565, throughput:2931
episode:165/250, real avg travel time:317.809922896413
Test step:165/250, travel time :316.36842105263156, rewards:-1.3296525478363037, queue:0.8791666626930237, delay:0.052916474640369415, throughput:2933
New best TEST travel time 316.3684 at episode 165, saved as best checkpoint
step:3600/3600, q_loss:-2.2440935976596343e-05, rewards:-1.4023609161376953, queue:0.9309027791023254, delay:0.054325252771377563, throughput:2932
episode:166/250, real avg travel time:317.50016761649346
step:3600/3600, q_loss:-2.958248369395733e-05, rewards:-1.4403934478759766, queue:0.9633680582046509, delay:0.05696679279208183, throughput:2932
episode:167/250, real avg travel time:318.0080455916862
step:3600/3600, q_loss:-2.895127076448666e-05, rewards:-1.400092601776123, queue:0.9342013597488403, delay:0.05442977324128151, throughput:2932
episode:168/250, real avg travel time:317.3908816627556
step:3600/3600, q_loss:-2.4906957103801824e-05, rewards:-1.3981943130493164, queue:0.9331597089767456, delay:0.054935529828071594, throughput:2931
episode:169/250, real avg travel time:317.2611464968153
step:3600/3600, q_loss:-3.6464844662178724e-05, rewards:-1.4006015062332153, queue:0.9302083253860474, delay:0.054202090948820114, throughput:2933
episode:170/250, real avg travel time:317.484076433121
Test step:170/250, travel time :316.1136439825679, rewards:-1.325046181678772, queue:0.8810763955116272, delay:0.05308360978960991, throughput:2933
New best TEST travel time 316.1136 at episode 170, saved as best checkpoint
step:3600/3600, q_loss:-3.198011372997253e-05, rewards:-1.4334025382995605, queue:0.9532986283302307, delay:0.0546250194311142, throughput:2932
episode:171/250, real avg travel time:317.9570901776735
step:3600/3600, q_loss:-2.0864190581185672e-05, rewards:-1.3852778673171997, queue:0.9246527552604675, delay:0.053485095500946045, throughput:2932
episode:172/250, real avg travel time:317.2054978209856
step:3600/3600, q_loss:-2.5696624113522743e-05, rewards:-1.416110873222351, queue:0.9394097328186035, delay:0.05493734031915665, throughput:2934
episode:173/250, real avg travel time:317.73248407643314
step:3600/3600, q_loss:-2.5291913577045003e-05, rewards:-1.3931713104248047, queue:0.9234374761581421, delay:0.053668100386857986, throughput:2932
episode:174/250, real avg travel time:317.4579282601408
step:3600/3600, q_loss:-3.132263556364234e-05, rewards:-1.3965277671813965, queue:0.9300346970558167, delay:0.054309066385030746, throughput:2929
episode:175/250, real avg travel time:317.5729131746564
Test step:175/250, travel time :315.69292658397586, rewards:-1.2949073314666748, queue:0.8597221970558167, delay:0.052148036658763885, throughput:2932
New best TEST travel time 315.6929 at episode 175, saved as best checkpoint
step:3600/3600, q_loss:-2.5376750703866558e-05, rewards:-1.3725924491882324, queue:0.9130208492279053, delay:0.054483890533447266, throughput:2931
episode:176/250, real avg travel time:316.97318136104593
step:3600/3600, q_loss:-3.786573641398853e-05, rewards:-1.383703589439392, queue:0.9197916388511658, delay:0.05399009957909584, throughput:2931
episode:177/250, real avg travel time:317.21656050955414
step:3600/3600, q_loss:-3.7221013055251977e-05, rewards:-1.378819227218628, queue:0.9170138835906982, delay:0.05425800755620003, throughput:2931
episode:178/250, real avg travel time:317.03821656050957
step:3600/3600, q_loss:-1.848058417198007e-05, rewards:-1.4051620960235596, queue:0.9375, delay:0.054247528314590454, throughput:2933
episode:179/250, real avg travel time:317.53000335232986
step:3600/3600, q_loss:-3.315136645040992e-05, rewards:-1.382222294807434, queue:0.9197916388511658, delay:0.05397408828139305, throughput:2932
episode:180/250, real avg travel time:316.97318136104593
Test step:180/250, travel time :315.778410995642, rewards:-1.310856580734253, queue:0.8730902671813965, delay:0.05301165208220482, throughput:2931
step:3600/3600, q_loss:-2.7549738943990734e-05, rewards:-1.428703784942627, queue:0.9534721970558167, delay:0.0558779202401638, throughput:2931
episode:181/250, real avg travel time:317.8240026818639
step:3600/3600, q_loss:-4.848863506965616e-06, rewards:-1.4364349842071533, queue:0.9586805701255798, delay:0.055335983633995056, throughput:2932
episode:182/250, real avg travel time:318.02413677505865
step:3600/3600, q_loss:-3.0254976095252292e-05, rewards:-1.4000229835510254, queue:0.9309027791023254, delay:0.054095957428216934, throughput:2933
episode:183/250, real avg travel time:317.4465303385853
step:3600/3600, q_loss:-2.0029109954420065e-05, rewards:-1.412384033203125, queue:0.9444444179534912, delay:0.05422601103782654, throughput:2931
episode:184/250, real avg travel time:317.7851156553805
step:3600/3600, q_loss:-2.4141890807422223e-05, rewards:-1.376226782798767, queue:0.9118055701255798, delay:0.05257672816514969, throughput:2932
episode:185/250, real avg travel time:317.14448541736505
Test step:185/250, travel time :315.6728126047603, rewards:-1.2861111164093018, queue:0.8519096970558167, delay:0.05050789937376976, throughput:2932
New best TEST travel time 315.6728 at episode 185, saved as best checkpoint
step:3600/3600, q_loss:-2.7006946469622628e-05, rewards:-1.3878934383392334, queue:0.9230902791023254, delay:0.05343300476670265, throughput:2932
episode:186/250, real avg travel time:317.4140127388535
step:3600/3600, q_loss:-2.6510740604458584e-05, rewards:-1.3899073600769043, queue:0.9199652671813965, delay:0.05363459140062332, throughput:2930
episode:187/250, real avg travel time:317.4710023466309
step:3600/3600, q_loss:-2.383246265472499e-05, rewards:-1.4010876417160034, queue:0.9262152910232544, delay:0.05417425185441971, throughput:2931
episode:188/250, real avg travel time:317.5668789808917
step:3600/3600, q_loss:-2.9000012997399876e-05, rewards:-1.3791897296905518, queue:0.9142361283302307, delay:0.05284017324447632, throughput:2930
episode:189/250, real avg travel time:317.45725779416694
step:3600/3600, q_loss:-2.017318695800862e-05, rewards:-1.3503472805023193, queue:0.8947916626930237, delay:0.052511658519506454, throughput:2930
episode:190/250, real avg travel time:316.74153536708013
Test step:190/250, travel time :315.51994636272207, rewards:-1.2799538373947144, queue:0.8461805582046509, delay:0.05033702775835991, throughput:2933
New best TEST travel time 315.5199 at episode 190, saved as best checkpoint
step:3600/3600, q_loss:-2.0967061303693937e-05, rewards:-1.394698977470398, queue:0.9246527552604675, delay:0.054218463599681854, throughput:2930
episode:191/250, real avg travel time:317.58933959101574
step:3600/3600, q_loss:-2.2836817704417086e-05, rewards:-1.380416750907898, queue:0.9164930582046509, delay:0.053462132811546326, throughput:2932
episode:192/250, real avg travel time:317.21790144150185
step:3600/3600, q_loss:-2.293403516954708e-05, rewards:-1.4155553579330444, queue:0.9380208253860474, delay:0.05466388165950775, throughput:2932
episode:193/250, real avg travel time:317.8203151190077
step:3600/3600, q_loss:-1.9576827913557213e-05, rewards:-1.369328498840332, queue:0.9078124761581421, delay:0.052202410995960236, throughput:2932
episode:194/250, real avg travel time:317.27656721421386
step:3600/3600, q_loss:-1.9767050333838496e-05, rewards:-1.380902647972107, queue:0.9098958373069763, delay:0.05333204194903374, throughput:2932
episode:195/250, real avg travel time:317.19477036540394
Test step:195/250, travel time :315.2960107274556, rewards:-1.2625463008880615, queue:0.8378472328186035, delay:0.049886662513017654, throughput:2932
New best TEST travel time 315.2960 at episode 195, saved as best checkpoint
step:3600/3600, q_loss:-3.3173415943531804e-05, rewards:-1.3532871007919312, queue:0.8967013955116272, delay:0.05219857022166252, throughput:2932
episode:196/250, real avg travel time:317.0006704659738
step:3600/3600, q_loss:-2.8167368792411353e-05, rewards:-1.3484489917755127, queue:0.8878472447395325, delay:0.05213332548737526, throughput:2932
episode:197/250, real avg travel time:317.0714046262152
step:3600/3600, q_loss:-1.733022821739454e-05, rewards:-1.345393419265747, queue:0.8831596970558167, delay:0.050802383571863174, throughput:2933
episode:198/250, real avg travel time:316.88300368756285
step:3600/3600, q_loss:-1.9601409547720794e-05, rewards:-1.3778702020645142, queue:0.9057291746139526, delay:0.05166097357869148, throughput:2931
episode:199/250, real avg travel time:317.4244049614482
step:3600/3600, q_loss:-2.5557241126619003e-05, rewards:-1.3787500858306885, queue:0.9081597328186035, delay:0.052293818444013596, throughput:2932
episode:200/250, real avg travel time:317.44183707676837
Test step:200/250, travel time :315.9902782433791, rewards:-1.2889353036880493, queue:0.8458333611488342, delay:0.049362871795892715, throughput:2933
step:3600/3600, q_loss:-3.3723236022827525e-05, rewards:-1.390439748764038, queue:0.9192708134651184, delay:0.05230749025940895, throughput:2932
episode:201/250, real avg travel time:317.683204827355
step:3600/3600, q_loss:-1.99830683413893e-05, rewards:-1.3871062994003296, queue:0.9151041507720947, delay:0.05290352553129196, throughput:2931
episode:202/250, real avg travel time:317.55011733154544
step:3600/3600, q_loss:-2.3856903512582737e-05, rewards:-1.3480321168899536, queue:0.8899305462837219, delay:0.051423873752355576, throughput:2930
episode:203/250, real avg travel time:316.9376466644318
step:3600/3600, q_loss:-1.9322771738559284e-05, rewards:-1.3374769687652588, queue:0.8850694298744202, delay:0.05139138549566269, throughput:2932
episode:204/250, real avg travel time:316.5977204156889
step:3600/3600, q_loss:-2.0633073506393918e-05, rewards:-1.3645368814468384, queue:0.9013888835906982, delay:0.05174516141414642, throughput:2931
episode:205/250, real avg travel time:317.1190077103587
Test step:205/250, travel time :315.4951391216896, rewards:-1.2743982076644897, queue:0.8421875238418579, delay:0.05008417367935181, throughput:2931
step:3600/3600, q_loss:-2.660142242718764e-05, rewards:-1.3490970134735107, queue:0.8914930820465088, delay:0.05174649506807327, throughput:2931
episode:206/250, real avg travel time:316.8799865906805
step:3600/3600, q_loss:-2.4915186912511233e-05, rewards:-1.3528470993041992, queue:0.8958333134651184, delay:0.05253499373793602, throughput:2931
episode:207/250, real avg travel time:316.9249078109286
step:3600/3600, q_loss:-1.9633783786385146e-05, rewards:-1.3823145627975464, queue:0.9121527671813965, delay:0.05257932469248772, throughput:2933
episode:208/250, real avg travel time:317.4877639959772
step:3600/3600, q_loss:-2.4075695115176064e-05, rewards:-1.3439583778381348, queue:0.8904513716697693, delay:0.05192049965262413, throughput:2933
episode:209/250, real avg travel time:316.56050955414014
step:3600/3600, q_loss:-2.4110638521421976e-05, rewards:-1.3657407760620117, queue:0.9076389074325562, delay:0.05391109362244606, throughput:2933
episode:210/250, real avg travel time:316.69527321488437
Test step:210/250, travel time :316.040563191418, rewards:-1.3125463724136353, queue:0.8701388835906982, delay:0.05146576464176178, throughput:2931
step:3600/3600, q_loss:-2.4342141545343177e-05, rewards:-1.3863427639007568, queue:0.921875, delay:0.05399106442928314, throughput:2931
episode:211/250, real avg travel time:317.19778746228627
step:3600/3600, q_loss:-3.026801628207236e-05, rewards:-1.4146063327789307, queue:0.9371528029441833, delay:0.054833486676216125, throughput:2932
episode:212/250, real avg travel time:317.7891384512236
step:3600/3600, q_loss:-2.1763967729553028e-05, rewards:-1.3813656568527222, queue:0.9156249761581421, delay:0.052376292645931244, throughput:2933
episode:213/250, real avg travel time:317.42876299027824
step:3600/3600, q_loss:-2.0097240135159896e-05, rewards:-1.343518614768982, queue:0.8890625238418579, delay:0.053037118166685104, throughput:2932
episode:214/250, real avg travel time:316.52732148843444
step:3600/3600, q_loss:-2.6641980447392498e-05, rewards:-1.3562499284744263, queue:0.903124988079071, delay:0.053199343383312225, throughput:2934
episode:215/250, real avg travel time:316.59168622192425
Test step:215/250, travel time :315.4532349983238, rewards:-1.287824034690857, queue:0.8526041507720947, delay:0.05031667649745941, throughput:2932
step:3600/3600, q_loss:-2.885387328677569e-05, rewards:-1.384074091911316, queue:0.921875, delay:0.053085729479789734, throughput:2933
episode:216/250, real avg travel time:317.3868588669125
step:3600/3600, q_loss:-2.132644769045766e-05, rewards:-1.3917127847671509, queue:0.9230902791023254, delay:0.05352828651666641, throughput:2931
episode:217/250, real avg travel time:317.5762655045256
step:3600/3600, q_loss:-2.7133549425612996e-05, rewards:-1.3754167556762695, queue:0.9119791388511658, delay:0.052753746509552, throughput:2929
episode:218/250, real avg travel time:317.2859537378478
step:3600/3600, q_loss:-1.438750413298193e-05, rewards:-1.3595831394195557, queue:0.9001736044883728, delay:0.05246060714125633, throughput:2933
episode:219/250, real avg travel time:317.0221253771371
step:3600/3600, q_loss:-2.389200186977784e-05, rewards:-1.348726749420166, queue:0.8892360925674438, delay:0.05139065906405449, throughput:2932
episode:220/250, real avg travel time:316.72410325175997
Test step:220/250, travel time :315.55950385517934, rewards:-1.2803239822387695, queue:0.8482638597488403, delay:0.050353165715932846, throughput:2933
step:3600/3600, q_loss:-2.3141980960240793e-05, rewards:-1.3163427114486694, queue:0.8751736283302307, delay:0.05159474536776543, throughput:2930
episode:221/250, real avg travel time:316.2333221589004
step:3600/3600, q_loss:-3.478125134413993e-05, rewards:-1.343912124633789, queue:0.8873263597488403, delay:0.05142398551106453, throughput:2932
episode:222/250, real avg travel time:316.8089171974522
step:3600/3600, q_loss:-2.157996964847876e-05, rewards:-1.333773136138916, queue:0.8782986402511597, delay:0.050662651658058167, throughput:2933
episode:223/250, real avg travel time:316.48038887026485
step:3600/3600, q_loss:-2.4879884181751144e-05, rewards:-1.3497916460037231, queue:0.8963541388511658, delay:0.051933448761701584, throughput:2931
episode:224/250, real avg travel time:316.93697619845796
step:3600/3600, q_loss:-1.732096144998515e-05, rewards:-1.317638874053955, queue:0.8756944537162781, delay:0.05049740523099899, throughput:2933
episode:225/250, real avg travel time:316.36205162588
Test step:225/250, travel time :315.27757291317465, rewards:-1.2516897916793823, queue:0.8270833492279053, delay:0.048664942383766174, throughput:2931
New best TEST travel time 315.2776 at episode 225, saved as best checkpoint
step:3600/3600, q_loss:-2.7891419314848327e-05, rewards:-1.3512730598449707, queue:0.8925347328186035, delay:0.051066938787698746, throughput:2932
episode:226/250, real avg travel time:317.0616828695944
step:3600/3600, q_loss:-2.8036520126517174e-05, rewards:-1.3146991729736328, queue:0.8694444298744202, delay:0.05107691138982773, throughput:2931
episode:227/250, real avg travel time:316.30942004693264
step:3600/3600, q_loss:-2.370019275177684e-05, rewards:-1.3502312898635864, queue:0.8987846970558167, delay:0.051576729863882065, throughput:2932
episode:228/250, real avg travel time:316.81361045926917
step:3600/3600, q_loss:-2.123720575279246e-05, rewards:-1.3164814710617065, queue:0.8741319179534912, delay:0.050889503210783005, throughput:2932
episode:229/250, real avg travel time:316.2738853503185
step:3600/3600, q_loss:-2.8868245189423088e-05, rewards:-1.3165277242660522, queue:0.8729166388511658, delay:0.05180331692099571, throughput:2932
episode:230/250, real avg travel time:316.059001005699
Test step:230/250, travel time :314.15822996982905, rewards:-1.214004635810852, queue:0.8053819537162781, delay:0.04855186119675636, throughput:2931
New best TEST travel time 314.1582 at episode 230, saved as best checkpoint
step:3600/3600, q_loss:-1.8738485717525085e-05, rewards:-1.317407250404358, queue:0.8743055462837219, delay:0.05136844888329506, throughput:2932
episode:231/250, real avg travel time:316.1116325846463
step:3600/3600, q_loss:-1.5041419882672252e-05, rewards:-1.3556941747665405, queue:0.9053819179534912, delay:0.05263436585664749, throughput:2932
episode:232/250, real avg travel time:316.7230975527992
step:3600/3600, q_loss:-3.022043890302518e-05, rewards:-1.366434931755066, queue:0.9161458611488342, delay:0.05374236777424812, throughput:2932
episode:233/250, real avg travel time:316.9014415018438
step:3600/3600, q_loss:-2.381231461185962e-05, rewards:-1.352407455444336, queue:0.8968750238418579, delay:0.05255032703280449, throughput:2931
episode:234/250, real avg travel time:316.8297016426416
step:3600/3600, q_loss:-2.7007435090598408e-05, rewards:-1.3418750762939453, queue:0.8960069417953491, delay:0.051752492785453796, throughput:2933
episode:235/250, real avg travel time:316.60341937646666
Test step:235/250, travel time :314.9406637613141, rewards:-1.2409260272979736, queue:0.8199653029441833, delay:0.04854975640773773, throughput:2931
step:3600/3600, q_loss:-2.725070996718757e-05, rewards:-1.3385416269302368, queue:0.8836805820465088, delay:0.05104576051235199, throughput:2933
episode:236/250, real avg travel time:316.7153871940999
step:3600/3600, q_loss:-2.1853375882427725e-05, rewards:-1.2916202545166016, queue:0.8536458611488342, delay:0.05013788118958473, throughput:2931
episode:237/250, real avg travel time:315.8072410325176
step:3600/3600, q_loss:-2.547279108074252e-05, rewards:-1.3197686672210693, queue:0.8736110925674438, delay:0.050981298089027405, throughput:2933
episode:238/250, real avg travel time:316.39121689574256
step:3600/3600, q_loss:-2.761397379260786e-05, rewards:-1.337106466293335, queue:0.8883680701255798, delay:0.05112001672387123, throughput:2931
episode:239/250, real avg travel time:316.7247737177338
step:3600/3600, q_loss:-2.5932905070173245e-05, rewards:-1.2983101606369019, queue:0.8567708134651184, delay:0.05040839686989784, throughput:2932
episode:240/250, real avg travel time:315.80321823667447
Test step:240/250, travel time :314.29902782433794, rewards:-1.210416555404663, queue:0.8013888597488403, delay:0.04798102751374245, throughput:2931
step:3600/3600, q_loss:-2.2314382928285608e-05, rewards:-1.298032522201538, queue:0.8588541746139526, delay:0.05067974701523781, throughput:2932
episode:241/250, real avg travel time:315.95574924572577
step:3600/3600, q_loss:-8.300940519095295e-06, rewards:-1.310856580734253, queue:0.8651041388511658, delay:0.05061863362789154, throughput:2932
episode:242/250, real avg travel time:315.9688233322159
step:3600/3600, q_loss:-2.9336133189240678e-05, rewards:-1.2917360067367554, queue:0.855555534362793, delay:0.050501350313425064, throughput:2932
episode:243/250, real avg travel time:315.7975192758968
step:3600/3600, q_loss:-2.5717774837243335e-05, rewards:-1.2918750047683716, queue:0.8545138835906982, delay:0.049228571355342865, throughput:2933
episode:244/250, real avg travel time:315.8048944016091
step:3600/3600, q_loss:-2.31256874502395e-05, rewards:-1.2999999523162842, queue:0.8614583611488342, delay:0.049901288002729416, throughput:2932
episode:245/250, real avg travel time:315.88400938652364
Test step:245/250, travel time :315.0918538384177, rewards:-1.2603238821029663, queue:0.8376736044883728, delay:0.049616698175668716, throughput:2933
step:3600/3600, q_loss:-2.5769577391825063e-05, rewards:-1.324791431427002, queue:0.8736110925674438, delay:0.05029192939400673, throughput:2934
episode:246/250, real avg travel time:316.41837076768354
step:3600/3600, q_loss:-2.36416550318676e-05, rewards:-1.3598612546920776, queue:0.9036458134651184, delay:0.05201741307973862, throughput:2933
episode:247/250, real avg travel time:316.87361716392894
step:3600/3600, q_loss:-2.7807364865482127e-05, rewards:-1.3574535846710205, queue:0.9052083492279053, delay:0.05227242037653923, throughput:2932
episode:248/250, real avg travel time:316.8491451558833
step:3600/3600, q_loss:-2.5394300852591793e-05, rewards:-1.3291895389556885, queue:0.8831596970558167, delay:0.05071172118186951, throughput:2932
episode:249/250, real avg travel time:316.3804894401609
Hyperparameters saved to: data/output_data/tsc/cityflow_hyperlight_mappo/cityflow4x4/c8split_4x4_seed1/hyperparameters.json
Loaded best checkpoint for final evaluation
Final Travel Time is 314.1582, mean rewards: -1.2140, queue: 0.8054, delay: 0.0486, throughput: 2931
Total time taken: 16357.638840198517
