hyperlight_mappo	TRAIN	0	989.3429	0.011057	-32.6023	24.4349	0.1267	1736
hyperlight_mappo	TEST	0	1395.8817	0.011057	-63.2618	47.5417	0.1548	1106
hyperlight_mappo	TRAIN	1	972.5431	0.008788	-31.8294	23.8497	0.1246	1753
hyperlight_mappo	TRAIN	2	958.0654	0.007177	-29.9767	22.4571	0.1211	1826
hyperlight_mappo	TRAIN	3	913.6225	0.006012	-29.1584	21.8372	0.1255	1958
hyperlight_mappo	TRAIN	4	881.8773	0.005552	-27.7512	20.7727	0.1194	1926
hyperlight_mappo	TRAIN	5	813.6628	0.003798	-25.2325	18.8769	0.1261	2168
hyperlight_mappo	TEST	5	1349.9430	0.003798	-59.7205	44.8783	0.1454	1124
hyperlight_mappo	TRAIN	6	795.6976	0.003735	-24.4784	18.2997	0.1206	2143
hyperlight_mappo	TRAIN	7	720.8404	0.002980	-22.2478	16.6269	0.1242	2265
hyperlight_mappo	TRAIN	8	715.9755	0.002359	-21.1914	15.8293	0.1295	2306
hyperlight_mappo	TRAIN	9	708.1421	0.002154	-19.5389	14.5840	0.1212	2320
hyperlight_mappo	TRAIN	10	648.4713	0.001526	-17.4978	13.0472	0.1192	2417
hyperlight_mappo	TEST	10	1109.2974	0.001526	-59.8829	45.0116	0.2951	2179
hyperlight_mappo	TRAIN	11	616.4167	0.001481	-16.7805	12.5092	0.1238	2417
hyperlight_mappo	TRAIN	12	508.9554	0.000619	-11.9288	8.8592	0.1346	2655
hyperlight_mappo	TRAIN	13	511.5863	0.000462	-10.7478	7.9627	0.1270	2681
hyperlight_mappo	TRAIN	14	444.0898	0.000290	-9.7288	7.1866	0.1294	2790
hyperlight_mappo	TRAIN	15	381.9708	-0.000016	-5.7828	4.2094	0.1295	2920
hyperlight_mappo	TEST	15	900.6302	-0.000016	-45.7393	34.3679	0.2942	2706
hyperlight_mappo	TRAIN	16	373.9514	-0.000032	-5.3206	3.8632	0.1255	2907
hyperlight_mappo	TRAIN	17	371.3352	-0.000039	-5.1800	3.7502	0.1247	2917
hyperlight_mappo	TRAIN	18	373.5903	-0.000029	-5.2384	3.7932	0.1235	2917
hyperlight_mappo	TRAIN	19	373.7295	-0.000033	-5.3114	3.8502	0.1278	2925
hyperlight_mappo	TRAIN	20	361.8052	-0.000031	-4.4358	3.1934	0.1161	2930
hyperlight_mappo	TEST	20	610.3946	-0.000031	-23.7403	17.8002	0.2706	2826
hyperlight_mappo	TRAIN	21	360.5779	-0.000035	-4.3525	3.1247	0.1152	2925
hyperlight_mappo	TRAIN	22	357.8750	-0.000044	-4.1194	2.9481	0.1123	2928
hyperlight_mappo	TRAIN	23	357.2025	-0.000044	-4.1063	2.9437	0.1097	2925
hyperlight_mappo	TRAIN	24	352.3929	-0.000047	-3.8178	2.7217	0.1103	2930
hyperlight_mappo	TRAIN	25	351.4717	-0.000044	-3.7137	2.6455	0.1106	2929
hyperlight_mappo	TEST	25	506.6339	-0.000044	-15.8119	11.7920	0.2022	2848
hyperlight_mappo	TRAIN	26	348.7412	-0.000043	-3.5239	2.5038	0.1049	2931
hyperlight_mappo	TRAIN	27	350.6239	-0.000051	-3.6332	2.5852	0.1053	2925
hyperlight_mappo	TRAIN	28	346.6467	-0.000046	-3.3569	2.3681	0.1021	2924
hyperlight_mappo	TRAIN	29	348.9454	-0.000048	-3.4899	2.4635	0.1011	2927
hyperlight_mappo	TRAIN	30	343.6152	-0.000039	-3.1784	2.2406	0.0977	2929
hyperlight_mappo	TEST	30	421.2990	-0.000039	-9.1809	6.7830	0.1664	2892
hyperlight_mappo	TRAIN	31	345.6755	-0.000053	-3.2902	2.3236	0.1012	2931
hyperlight_mappo	TRAIN	32	342.9209	-0.000048	-3.1043	2.1880	0.0970	2928
hyperlight_mappo	TRAIN	33	344.1214	-0.000047	-3.1689	2.2210	0.0990	2930
hyperlight_mappo	TRAIN	34	342.8424	-0.000049	-3.0982	2.1724	0.0976	2931
hyperlight_mappo	TRAIN	35	341.5625	-0.000044	-3.0748	2.1542	0.0927	2925
hyperlight_mappo	TEST	35	377.2089	-0.000044	-5.7230	4.1712	0.1375	2915
hyperlight_mappo	TRAIN	36	338.5934	-0.000044	-2.8209	1.9642	0.0923	2929
hyperlight_mappo	TRAIN	37	340.4261	-0.000044	-2.9351	2.0540	0.0944	2929
hyperlight_mappo	TRAIN	38	338.6856	-0.000047	-2.8601	1.9960	0.0939	2928
hyperlight_mappo	TRAIN	39	337.2347	-0.000047	-2.7312	1.9014	0.0885	2931
hyperlight_mappo	TRAIN	40	339.1257	-0.000046	-2.8413	1.9845	0.0899	2931
hyperlight_mappo	TEST	40	352.9571	-0.000046	-3.9837	2.8552	0.1241	2928
hyperlight_mappo	TRAIN	41	337.1210	-0.000050	-2.7138	1.8856	0.0906	2932
hyperlight_mappo	TRAIN	42	336.3376	-0.000039	-2.6499	1.8434	0.0887	2933
hyperlight_mappo	TRAIN	43	336.5716	-0.000044	-2.6497	1.8394	0.0864	2929
hyperlight_mappo	TRAIN	44	334.8847	-0.000047	-2.5542	1.7677	0.0869	2930
hyperlight_mappo	TRAIN	45	334.1549	-0.000046	-2.5230	1.7486	0.0859	2931
hyperlight_mappo	TEST	45	342.9138	-0.000046	-3.2849	2.3392	0.1107	2925
hyperlight_mappo	TRAIN	46	333.9286	-0.000045	-2.4894	1.7240	0.0855	2931
hyperlight_mappo	TRAIN	47	334.6483	-0.000043	-2.5150	1.7408	0.0852	2931
hyperlight_mappo	TRAIN	48	333.5213	-0.000041	-2.4606	1.7024	0.0845	2928
hyperlight_mappo	TRAIN	49	332.6775	-0.000037	-2.3993	1.6547	0.0832	2930
hyperlight_mappo	TRAIN	50	334.1294	-0.000045	-2.4669	1.7066	0.0845	2931
hyperlight_mappo	TEST	50	333.3584	-0.000045	-2.5516	1.7903	0.0975	2925
hyperlight_mappo	TRAIN	51	331.9474	-0.000021	-2.3576	1.6292	0.0827	2929
hyperlight_mappo	TRAIN	52	331.9930	-0.000032	-2.3876	1.6509	0.0837	2930
hyperlight_mappo	TRAIN	53	330.6738	-0.000042	-2.2937	1.5821	0.0817	2929
hyperlight_mappo	TRAIN	54	330.8009	-0.000026	-2.3053	1.5908	0.0839	2929
hyperlight_mappo	TRAIN	55	329.1297	-0.000034	-2.2111	1.5309	0.0810	2930
hyperlight_mappo	TEST	55	332.9380	-0.000034	-2.5545	1.7951	0.1036	2930
hyperlight_mappo	TRAIN	56	329.7754	-0.000039	-2.2483	1.5523	0.0811	2932
hyperlight_mappo	TRAIN	57	330.6105	-0.000040	-2.2698	1.5694	0.0808	2932
hyperlight_mappo	TRAIN	58	328.6359	-0.000035	-2.1356	1.4651	0.0765	2931
hyperlight_mappo	TRAIN	59	328.2256	-0.000045	-2.1210	1.4519	0.0779	2933
hyperlight_mappo	TRAIN	60	327.6252	-0.000046	-2.0867	1.4300	0.0770	2931
hyperlight_mappo	TEST	60	329.6628	-0.000046	-2.2847	1.5839	0.0960	2932
hyperlight_mappo	TRAIN	61	328.1545	-0.000036	-2.1181	1.4521	0.0784	2931
hyperlight_mappo	TRAIN	62	327.1659	-0.000035	-2.0608	1.4101	0.0744	2929
hyperlight_mappo	TRAIN	63	327.4589	-0.000036	-2.0882	1.4387	0.0776	2931
hyperlight_mappo	TRAIN	64	327.0416	-0.000031	-2.0729	1.4172	0.0776	2932
hyperlight_mappo	TRAIN	65	327.3590	-0.000044	-2.0802	1.4288	0.0765	2929
hyperlight_mappo	TEST	65	329.1130	-0.000044	-2.2587	1.5667	0.0898	2929
hyperlight_mappo	TRAIN	66	326.8525	-0.000046	-2.0542	1.4042	0.0756	2933
hyperlight_mappo	TRAIN	67	326.2970	-0.000039	-2.0098	1.3736	0.0731	2931
hyperlight_mappo	TRAIN	68	326.2839	-0.000037	-2.0073	1.3759	0.0717	2933
hyperlight_mappo	TRAIN	69	326.8223	-0.000034	-2.0239	1.3781	0.0727	2933
hyperlight_mappo	TRAIN	70	327.4677	-0.000044	-2.0616	1.4049	0.0740	2931
hyperlight_mappo	TEST	70	325.9601	-0.000044	-2.0247	1.3990	0.0801	2933
hyperlight_mappo	TRAIN	71	326.4036	-0.000027	-1.9993	1.3604	0.0701	2934
hyperlight_mappo	TRAIN	72	326.1981	-0.000038	-1.9688	1.3406	0.0707	2931
hyperlight_mappo	TRAIN	73	325.1167	-0.000030	-1.9100	1.3005	0.0708	2930
hyperlight_mappo	TRAIN	74	326.1737	-0.000030	-1.9512	1.3260	0.0698	2931
hyperlight_mappo	TRAIN	75	325.0992	-0.000031	-1.9063	1.2960	0.0686	2931
hyperlight_mappo	TEST	75	322.7610	-0.000031	-1.7653	1.1964	0.0682	2930
hyperlight_mappo	TRAIN	76	326.0054	-0.000038	-1.9513	1.3288	0.0703	2931
hyperlight_mappo	TRAIN	77	325.4247	-0.000038	-1.9030	1.2922	0.0682	2932
hyperlight_mappo	TRAIN	78	325.0607	-0.000029	-1.8959	1.2910	0.0686	2933
hyperlight_mappo	TRAIN	79	325.0101	-0.000032	-1.8801	1.2766	0.0677	2931
hyperlight_mappo	TRAIN	80	325.2400	-0.000031	-1.9123	1.3007	0.0688	2934
hyperlight_mappo	TEST	80	323.3275	-0.000031	-1.8122	1.2354	0.0723	2930
hyperlight_mappo	TRAIN	81	325.3734	-0.000026	-1.9063	1.2943	0.0672	2934
hyperlight_mappo	TRAIN	82	323.5562	-0.000043	-1.8097	1.2286	0.0653	2931
hyperlight_mappo	TRAIN	83	324.0101	-0.000031	-1.8294	1.2405	0.0670	2933
hyperlight_mappo	TRAIN	84	324.4180	-0.000035	-1.8560	1.2606	0.0682	2934
hyperlight_mappo	TRAIN	85	324.1931	-0.000033	-1.8288	1.2366	0.0665	2932
hyperlight_mappo	TEST	85	320.6748	-0.000033	-1.6163	1.0840	0.0625	2932
hyperlight_mappo	TRAIN	86	323.8210	-0.000033	-1.8231	1.2319	0.0663	2932
hyperlight_mappo	TRAIN	87	323.8729	-0.000020	-1.8176	1.2345	0.0666	2933
hyperlight_mappo	TRAIN	88	324.4291	-0.000031	-1.8770	1.2762	0.0693	2931
hyperlight_mappo	TRAIN	89	323.8233	-0.000025	-1.8304	1.2396	0.0670	2930
hyperlight_mappo	TRAIN	90	324.0345	-0.000029	-1.8346	1.2389	0.0673	2930
hyperlight_mappo	TEST	90	320.7972	-0.000029	-1.6287	1.0977	0.0639	2931
hyperlight_mappo	TRAIN	91	324.0744	-0.000031	-1.8439	1.2483	0.0679	2933
hyperlight_mappo	TRAIN	92	322.8719	-0.000024	-1.7674	1.1939	0.0652	2932
hyperlight_mappo	TRAIN	93	323.4284	-0.000031	-1.7916	1.2064	0.0665	2930
hyperlight_mappo	TRAIN	94	322.5776	-0.000029	-1.7651	1.1938	0.0653	2929
hyperlight_mappo	TRAIN	95	322.3356	-0.000026	-1.7289	1.1693	0.0637	2930
hyperlight_mappo	TEST	95	320.2021	-0.000026	-1.6033	1.0856	0.0631	2928
hyperlight_mappo	TRAIN	96	322.1824	-0.000038	-1.7161	1.1583	0.0640	2930
hyperlight_mappo	TRAIN	97	322.6778	-0.000029	-1.7589	1.1877	0.0658	2932
hyperlight_mappo	TRAIN	98	322.1918	-0.000030	-1.7172	1.1625	0.0646	2931
hyperlight_mappo	TRAIN	99	322.3741	-0.000026	-1.7266	1.1622	0.0636	2929
hyperlight_mappo	TRAIN	100	322.2156	-0.000030	-1.7167	1.1562	0.0639	2931
hyperlight_mappo	TEST	100	319.2960	-0.000030	-1.5362	1.0333	0.0597	2932
hyperlight_mappo	TRAIN	101	322.7868	-0.000024	-1.7530	1.1858	0.0637	2932
hyperlight_mappo	TRAIN	102	322.1562	-0.000031	-1.6972	1.1358	0.0619	2933
hyperlight_mappo	TRAIN	103	321.7137	-0.000032	-1.6727	1.1252	0.0623	2930
hyperlight_mappo	TRAIN	104	322.0178	-0.000023	-1.6916	1.1391	0.0630	2931
hyperlight_mappo	TRAIN	105	321.5582	-0.000029	-1.6603	1.1149	0.0622	2933
hyperlight_mappo	TEST	105	320.2702	-0.000029	-1.5828	1.0623	0.0614	2931
hyperlight_mappo	TRAIN	106	321.8408	-0.000036	-1.6758	1.1314	0.0621	2931
hyperlight_mappo	TRAIN	107	321.7898	-0.000028	-1.6852	1.1363	0.0618	2931
hyperlight_mappo	TRAIN	108	322.4264	-0.000029	-1.7107	1.1531	0.0626	2932
hyperlight_mappo	TRAIN	109	321.6980	-0.000030	-1.6772	1.1300	0.0617	2934
hyperlight_mappo	TRAIN	110	321.7875	-0.000031	-1.6770	1.1302	0.0628	2932
hyperlight_mappo	TEST	110	319.0878	-0.000031	-1.5124	1.0122	0.0594	2931
hyperlight_mappo	TRAIN	111	321.0104	-0.000029	-1.6308	1.0918	0.0623	2931
hyperlight_mappo	TRAIN	112	321.8173	-0.000022	-1.6748	1.1306	0.0631	2932
hyperlight_mappo	TRAIN	113	320.9531	-0.000039	-1.6312	1.0932	0.0616	2932
hyperlight_mappo	TRAIN	114	320.4874	-0.000033	-1.6111	1.0826	0.0610	2933
hyperlight_mappo	TRAIN	115	320.4502	-0.000019	-1.6074	1.0802	0.0623	2931
hyperlight_mappo	TEST	115	318.6745	-0.000019	-1.4847	0.9983	0.0583	2932
hyperlight_mappo	TRAIN	116	321.7935	-0.000027	-1.6662	1.1139	0.0615	2930
hyperlight_mappo	TRAIN	117	321.9611	-0.000025	-1.6780	1.1309	0.0617	2934
hyperlight_mappo	TRAIN	118	320.8887	-0.000034	-1.6259	1.0943	0.0610	2935
hyperlight_mappo	TRAIN	119	320.9269	-0.000027	-1.6260	1.0939	0.0618	2931
hyperlight_mappo	TRAIN	120	320.4703	-0.000021	-1.6153	1.0908	0.0629	2932
hyperlight_mappo	TEST	120	318.4767	-0.000021	-1.4863	1.0019	0.0588	2932
hyperlight_mappo	TRAIN	121	320.5689	-0.000032	-1.6195	1.0925	0.0618	2930
hyperlight_mappo	TRAIN	122	320.4804	-0.000033	-1.5994	1.0766	0.0601	2932
hyperlight_mappo	TRAIN	123	321.0463	-0.000030	-1.6332	1.1014	0.0609	2933
hyperlight_mappo	TRAIN	124	320.1197	-0.000030	-1.5761	1.0618	0.0593	2932
hyperlight_mappo	TRAIN	125	320.3553	-0.000029	-1.5804	1.0611	0.0598	2932
hyperlight_mappo	TEST	125	317.7083	-0.000029	-1.4222	0.9514	0.0555	2932
hyperlight_mappo	TRAIN	126	319.7003	-0.000042	-1.5548	1.0418	0.0589	2933
hyperlight_mappo	TRAIN	127	320.1331	-0.000036	-1.5719	1.0540	0.0592	2933
hyperlight_mappo	TRAIN	128	320.2622	-0.000031	-1.5921	1.0819	0.0598	2931
hyperlight_mappo	TRAIN	129	320.3922	-0.000026	-1.5944	1.0776	0.0610	2932
hyperlight_mappo	TRAIN	130	320.8049	-0.000022	-1.6102	1.0809	0.0602	2931
hyperlight_mappo	TEST	130	317.8341	-0.000022	-1.4441	0.9708	0.0578	2933
hyperlight_mappo	TRAIN	131	319.7492	-0.000029	-1.5604	1.0512	0.0608	2930
hyperlight_mappo	TRAIN	132	319.7539	-0.000030	-1.5528	1.0398	0.0594	2933
hyperlight_mappo	TRAIN	133	319.4680	-0.000020	-1.5491	1.0401	0.0603	2931
hyperlight_mappo	TRAIN	134	320.2122	-0.000027	-1.5699	1.0550	0.0588	2932
hyperlight_mappo	TRAIN	135	319.8139	-0.000033	-1.5475	1.0387	0.0580	2929
hyperlight_mappo	TEST	135	317.2521	-0.000033	-1.3728	0.9059	0.0533	2931
hyperlight_mappo	TRAIN	136	320.2665	-0.000033	-1.5711	1.0469	0.0586	2932
hyperlight_mappo	TRAIN	137	319.9547	-0.000021	-1.5447	1.0314	0.0576	2932
hyperlight_mappo	TRAIN	138	320.2551	-0.000026	-1.5485	1.0300	0.0571	2932
hyperlight_mappo	TRAIN	139	319.6219	-0.000035	-1.5057	1.0023	0.0550	2933
hyperlight_mappo	TRAIN	140	319.0369	-0.000025	-1.4763	0.9819	0.0552	2930
hyperlight_mappo	TEST	140	317.0419	-0.000025	-1.3586	0.8969	0.0518	2930
hyperlight_mappo	TRAIN	141	319.6064	-0.000031	-1.5152	1.0102	0.0557	2929
hyperlight_mappo	TRAIN	142	319.5166	-0.000037	-1.5031	0.9998	0.0559	2931
hyperlight_mappo	TRAIN	143	319.6443	-0.000033	-1.5146	1.0080	0.0566	2931
hyperlight_mappo	TRAIN	144	319.2940	-0.000021	-1.5101	1.0028	0.0568	2933
hyperlight_mappo	TRAIN	145	319.2236	-0.000027	-1.5034	1.0101	0.0562	2932
hyperlight_mappo	TEST	145	317.4713	-0.000027	-1.4038	0.9302	0.0546	2930
hyperlight_mappo	TRAIN	146	319.1224	-0.000025	-1.5033	0.9993	0.0559	2932
hyperlight_mappo	TRAIN	147	319.1861	-0.000031	-1.5081	1.0083	0.0564	2932
hyperlight_mappo	TRAIN	148	319.8676	-0.000024	-1.5438	1.0347	0.0580	2932
hyperlight_mappo	TRAIN	149	318.9839	-0.000031	-1.4832	0.9880	0.0552	2931
hyperlight_mappo	TRAIN	150	319.4831	-0.000037	-1.5094	1.0047	0.0559	2931
hyperlight_mappo	TEST	150	316.6597	-0.000037	-1.3346	0.8840	0.0510	2932
hyperlight_mappo	TRAIN	151	318.7975	-0.000026	-1.4609	0.9691	0.0545	2932
hyperlight_mappo	TRAIN	152	319.3610	-0.000025	-1.5024	1.0054	0.0567	2931
hyperlight_mappo	TRAIN	153	318.6356	-0.000027	-1.4566	0.9665	0.0547	2932
hyperlight_mappo	TRAIN	154	318.9796	-0.000038	-1.4849	0.9950	0.0561	2933
hyperlight_mappo	TRAIN	155	318.5216	-0.000021	-1.4528	0.9679	0.0552	2931
hyperlight_mappo	TEST	155	316.5042	-0.000021	-1.3336	0.8839	0.0517	2932
hyperlight_mappo	TRAIN	156	318.8327	-0.000031	-1.4711	0.9811	0.0553	2933
hyperlight_mappo	TRAIN	157	319.0530	-0.000018	-1.4745	0.9852	0.0552	2931
hyperlight_mappo	TRAIN	158	317.9742	-0.000026	-1.4326	0.9559	0.0554	2932
hyperlight_mappo	TRAIN	159	318.0178	-0.000028	-1.4396	0.9592	0.0561	2932
hyperlight_mappo	TRAIN	160	318.3004	-0.000024	-1.4485	0.9655	0.0554	2929
hyperlight_mappo	TEST	160	316.9138	-0.000024	-1.3804	0.9236	0.0558	2931
hyperlight_mappo	TRAIN	161	318.0634	-0.000028	-1.4335	0.9587	0.0553	2931
hyperlight_mappo	TRAIN	162	317.6678	-0.000029	-1.4099	0.9443	0.0552	2932
hyperlight_mappo	TRAIN	163	317.8458	-0.000028	-1.4330	0.9550	0.0555	2932
hyperlight_mappo	TRAIN	164	318.2920	-0.000023	-1.4531	0.9675	0.0567	2932
hyperlight_mappo	TRAIN	165	317.8099	-0.000026	-1.4322	0.9531	0.0560	2931
hyperlight_mappo	TEST	165	316.3684	-0.000026	-1.3297	0.8792	0.0529	2933
hyperlight_mappo	TRAIN	166	317.5002	-0.000022	-1.4024	0.9309	0.0543	2932
hyperlight_mappo	TRAIN	167	318.0080	-0.000030	-1.4404	0.9634	0.0570	2932
hyperlight_mappo	TRAIN	168	317.3909	-0.000029	-1.4001	0.9342	0.0544	2932
hyperlight_mappo	TRAIN	169	317.2611	-0.000025	-1.3982	0.9332	0.0549	2931
hyperlight_mappo	TRAIN	170	317.4841	-0.000036	-1.4006	0.9302	0.0542	2933
hyperlight_mappo	TEST	170	316.1136	-0.000036	-1.3250	0.8811	0.0531	2933
hyperlight_mappo	TRAIN	171	317.9571	-0.000032	-1.4334	0.9533	0.0546	2932
hyperlight_mappo	TRAIN	172	317.2055	-0.000021	-1.3853	0.9247	0.0535	2932
hyperlight_mappo	TRAIN	173	317.7325	-0.000026	-1.4161	0.9394	0.0549	2934
hyperlight_mappo	TRAIN	174	317.4579	-0.000025	-1.3932	0.9234	0.0537	2932
hyperlight_mappo	TRAIN	175	317.5729	-0.000031	-1.3965	0.9300	0.0543	2929
hyperlight_mappo	TEST	175	315.6929	-0.000031	-1.2949	0.8597	0.0521	2932
hyperlight_mappo	TRAIN	176	316.9732	-0.000025	-1.3726	0.9130	0.0545	2931
hyperlight_mappo	TRAIN	177	317.2166	-0.000038	-1.3837	0.9198	0.0540	2931
hyperlight_mappo	TRAIN	178	317.0382	-0.000037	-1.3788	0.9170	0.0543	2931
hyperlight_mappo	TRAIN	179	317.5300	-0.000018	-1.4052	0.9375	0.0542	2933
hyperlight_mappo	TRAIN	180	316.9732	-0.000033	-1.3822	0.9198	0.0540	2932
hyperlight_mappo	TEST	180	315.7784	-0.000033	-1.3109	0.8731	0.0530	2931
hyperlight_mappo	TRAIN	181	317.8240	-0.000028	-1.4287	0.9535	0.0559	2931
hyperlight_mappo	TRAIN	182	318.0241	-0.000005	-1.4364	0.9587	0.0553	2932
hyperlight_mappo	TRAIN	183	317.4465	-0.000030	-1.4000	0.9309	0.0541	2933
hyperlight_mappo	TRAIN	184	317.7851	-0.000020	-1.4124	0.9444	0.0542	2931
hyperlight_mappo	TRAIN	185	317.1445	-0.000024	-1.3762	0.9118	0.0526	2932
hyperlight_mappo	TEST	185	315.6728	-0.000024	-1.2861	0.8519	0.0505	2932
hyperlight_mappo	TRAIN	186	317.4140	-0.000027	-1.3879	0.9231	0.0534	2932
hyperlight_mappo	TRAIN	187	317.4710	-0.000027	-1.3899	0.9200	0.0536	2930
hyperlight_mappo	TRAIN	188	317.5669	-0.000024	-1.4011	0.9262	0.0542	2931
hyperlight_mappo	TRAIN	189	317.4573	-0.000029	-1.3792	0.9142	0.0528	2930
hyperlight_mappo	TRAIN	190	316.7415	-0.000020	-1.3503	0.8948	0.0525	2930
hyperlight_mappo	TEST	190	315.5199	-0.000020	-1.2800	0.8462	0.0503	2933
hyperlight_mappo	TRAIN	191	317.5893	-0.000021	-1.3947	0.9247	0.0542	2930
hyperlight_mappo	TRAIN	192	317.2179	-0.000023	-1.3804	0.9165	0.0535	2932
hyperlight_mappo	TRAIN	193	317.8203	-0.000023	-1.4156	0.9380	0.0547	2932
hyperlight_mappo	TRAIN	194	317.2766	-0.000020	-1.3693	0.9078	0.0522	2932
hyperlight_mappo	TRAIN	195	317.1948	-0.000020	-1.3809	0.9099	0.0533	2932
hyperlight_mappo	TEST	195	315.2960	-0.000020	-1.2625	0.8378	0.0499	2932
hyperlight_mappo	TRAIN	196	317.0007	-0.000033	-1.3533	0.8967	0.0522	2932
hyperlight_mappo	TRAIN	197	317.0714	-0.000028	-1.3484	0.8878	0.0521	2932
hyperlight_mappo	TRAIN	198	316.8830	-0.000017	-1.3454	0.8832	0.0508	2933
hyperlight_mappo	TRAIN	199	317.4244	-0.000020	-1.3779	0.9057	0.0517	2931
hyperlight_mappo	TRAIN	200	317.4418	-0.000026	-1.3788	0.9082	0.0523	2932
hyperlight_mappo	TEST	200	315.9903	-0.000026	-1.2889	0.8458	0.0494	2933
hyperlight_mappo	TRAIN	201	317.6832	-0.000034	-1.3904	0.9193	0.0523	2932
hyperlight_mappo	TRAIN	202	317.5501	-0.000020	-1.3871	0.9151	0.0529	2931
hyperlight_mappo	TRAIN	203	316.9376	-0.000024	-1.3480	0.8899	0.0514	2930
hyperlight_mappo	TRAIN	204	316.5977	-0.000019	-1.3375	0.8851	0.0514	2932
hyperlight_mappo	TRAIN	205	317.1190	-0.000021	-1.3645	0.9014	0.0517	2931
hyperlight_mappo	TEST	205	315.4951	-0.000021	-1.2744	0.8422	0.0501	2931
hyperlight_mappo	TRAIN	206	316.8800	-0.000027	-1.3491	0.8915	0.0517	2931
hyperlight_mappo	TRAIN	207	316.9249	-0.000025	-1.3528	0.8958	0.0525	2931
hyperlight_mappo	TRAIN	208	317.4878	-0.000020	-1.3823	0.9122	0.0526	2933
hyperlight_mappo	TRAIN	209	316.5605	-0.000024	-1.3440	0.8905	0.0519	2933
hyperlight_mappo	TRAIN	210	316.6953	-0.000024	-1.3657	0.9076	0.0539	2933
hyperlight_mappo	TEST	210	316.0406	-0.000024	-1.3125	0.8701	0.0515	2931
hyperlight_mappo	TRAIN	211	317.1978	-0.000024	-1.3863	0.9219	0.0540	2931
hyperlight_mappo	TRAIN	212	317.7891	-0.000030	-1.4146	0.9372	0.0548	2932
hyperlight_mappo	TRAIN	213	317.4288	-0.000022	-1.3814	0.9156	0.0524	2933
hyperlight_mappo	TRAIN	214	316.5273	-0.000020	-1.3435	0.8891	0.0530	2932
hyperlight_mappo	TRAIN	215	316.5917	-0.000027	-1.3562	0.9031	0.0532	2934
hyperlight_mappo	TEST	215	315.4532	-0.000027	-1.2878	0.8526	0.0503	2932
hyperlight_mappo	TRAIN	216	317.3869	-0.000029	-1.3841	0.9219	0.0531	2933
hyperlight_mappo	TRAIN	217	317.5763	-0.000021	-1.3917	0.9231	0.0535	2931
hyperlight_mappo	TRAIN	218	317.2860	-0.000027	-1.3754	0.9120	0.0528	2929
hyperlight_mappo	TRAIN	219	317.0221	-0.000014	-1.3596	0.9002	0.0525	2933
hyperlight_mappo	TRAIN	220	316.7241	-0.000024	-1.3487	0.8892	0.0514	2932
hyperlight_mappo	TEST	220	315.5595	-0.000024	-1.2803	0.8483	0.0504	2933
hyperlight_mappo	TRAIN	221	316.2333	-0.000023	-1.3163	0.8752	0.0516	2930
hyperlight_mappo	TRAIN	222	316.8089	-0.000035	-1.3439	0.8873	0.0514	2932
hyperlight_mappo	TRAIN	223	316.4804	-0.000022	-1.3338	0.8783	0.0507	2933
hyperlight_mappo	TRAIN	224	316.9370	-0.000025	-1.3498	0.8964	0.0519	2931
hyperlight_mappo	TRAIN	225	316.3621	-0.000017	-1.3176	0.8757	0.0505	2933
hyperlight_mappo	TEST	225	315.2776	-0.000017	-1.2517	0.8271	0.0487	2931
hyperlight_mappo	TRAIN	226	317.0617	-0.000028	-1.3513	0.8925	0.0511	2932
hyperlight_mappo	TRAIN	227	316.3094	-0.000028	-1.3147	0.8694	0.0511	2931
hyperlight_mappo	TRAIN	228	316.8136	-0.000024	-1.3502	0.8988	0.0516	2932
hyperlight_mappo	TRAIN	229	316.2739	-0.000021	-1.3165	0.8741	0.0509	2932
hyperlight_mappo	TRAIN	230	316.0590	-0.000029	-1.3165	0.8729	0.0518	2932
hyperlight_mappo	TEST	230	314.1582	-0.000029	-1.2140	0.8054	0.0486	2931
hyperlight_mappo	TRAIN	231	316.1116	-0.000019	-1.3174	0.8743	0.0514	2932
hyperlight_mappo	TRAIN	232	316.7231	-0.000015	-1.3557	0.9054	0.0526	2932
hyperlight_mappo	TRAIN	233	316.9014	-0.000030	-1.3664	0.9161	0.0537	2932
hyperlight_mappo	TRAIN	234	316.8297	-0.000024	-1.3524	0.8969	0.0526	2931
hyperlight_mappo	TRAIN	235	316.6034	-0.000027	-1.3419	0.8960	0.0518	2933
hyperlight_mappo	TEST	235	314.9407	-0.000027	-1.2409	0.8200	0.0485	2931
hyperlight_mappo	TRAIN	236	316.7154	-0.000027	-1.3385	0.8837	0.0510	2933
hyperlight_mappo	TRAIN	237	315.8072	-0.000022	-1.2916	0.8536	0.0501	2931
hyperlight_mappo	TRAIN	238	316.3912	-0.000025	-1.3198	0.8736	0.0510	2933
hyperlight_mappo	TRAIN	239	316.7248	-0.000028	-1.3371	0.8884	0.0511	2931
hyperlight_mappo	TRAIN	240	315.8032	-0.000026	-1.2983	0.8568	0.0504	2932
hyperlight_mappo	TEST	240	314.2990	-0.000026	-1.2104	0.8014	0.0480	2931
hyperlight_mappo	TRAIN	241	315.9557	-0.000022	-1.2980	0.8589	0.0507	2932
hyperlight_mappo	TRAIN	242	315.9688	-0.000008	-1.3109	0.8651	0.0506	2932
hyperlight_mappo	TRAIN	243	315.7975	-0.000029	-1.2917	0.8556	0.0505	2932
hyperlight_mappo	TRAIN	244	315.8049	-0.000026	-1.2919	0.8545	0.0492	2933
hyperlight_mappo	TRAIN	245	315.8840	-0.000023	-1.3000	0.8615	0.0499	2932
hyperlight_mappo	TEST	245	315.0919	-0.000023	-1.2603	0.8377	0.0496	2933
hyperlight_mappo	TRAIN	246	316.4184	-0.000026	-1.3248	0.8736	0.0503	2934
hyperlight_mappo	TRAIN	247	316.8736	-0.000024	-1.3599	0.9036	0.0520	2933
hyperlight_mappo	TRAIN	248	316.8491	-0.000028	-1.3575	0.9052	0.0523	2932
hyperlight_mappo	TRAIN	249	316.3805	-0.000025	-1.3292	0.8832	0.0507	2932
