structural conditioning spec: structural_v1:in_lane_count,out_lane_count,in_degree,out_degree,node_degree,neighbor_count,phase_count,startlane_count,lanes_per_in_road,lanes_per_out_road,out_in_lane_ratio,controlled_neighbor_ratio
structural features (min/mean/max): in_lane_count[12/12.00/12] out_lane_count[12/12.00/12] in_degree[4/4.00/4] out_degree[4/4.00/4] node_degree[8/8.00/8] neighbor_count[2/3.21/4] phase_count[8/8.00/8] startlane_count[12/12.00/12] lanes_per_in_road[3/3.00/3] lanes_per_out_road[3/3.00/3] out_in_lane_ratio[1/1.00/1] controlled_neighbor_ratio[0.5/0.80/1]
step:3600/3600, q_loss:0.002319511334285324, rewards:-67.92457580566406, queue:16.99241828918457, delay:0.13545995950698853, throughput:1653
episode:0/50, real avg travel time:1343.364730878187
Test step:0/50, travel time :1481.985835694051, rewards:-81.47476196289062, queue:20.41927146911621, delay:0.11176282912492752, throughput:992
New best TEST travel time 1481.9858 at episode 0, saved as best checkpoint
step:3600/3600, q_loss:0.0020177783375536955, rewards:-65.56543731689453, queue:16.403356552124023, delay:0.13271528482437134, throughput:1674
episode:1/50, real avg travel time:1291.921388101983
step:3600/3600, q_loss:0.0019826709281331226, rewards:-65.69207000732422, queue:16.432350158691406, delay:0.13127028942108154, throughput:1700
episode:2/50, real avg travel time:1290.752478753541
step:3600/3600, q_loss:0.0019961364521288577, rewards:-67.656982421875, queue:16.92673683166504, delay:0.13417084515094757, throughput:1687
episode:3/50, real avg travel time:1317.362252124646
step:3600/3600, q_loss:0.0019100278983881444, rewards:-66.84637451171875, queue:16.725984573364258, delay:0.1321549266576767, throughput:1639
episode:4/50, real avg travel time:1313.5017705382436
step:3600/3600, q_loss:0.0017225493113567799, rewards:-63.346092224121094, queue:15.848610877990723, delay:0.13055814802646637, throughput:1702
episode:5/50, real avg travel time:1266.578611898017
Test step:5/50, travel time :1373.886685552408, rewards:-72.98521423339844, queue:18.287094116210938, delay:0.12891294062137604, throughput:1520
New best TEST travel time 1373.8867 at episode 5, saved as best checkpoint
step:3600/3600, q_loss:0.0017449004184684634, rewards:-67.12911987304688, queue:16.798900604248047, delay:0.13383491337299347, throughput:1666
episode:6/50, real avg travel time:1317.2354815864023
step:3600/3600, q_loss:0.0015738323399866068, rewards:-63.97242736816406, queue:16.00532341003418, delay:0.1310848593711853, throughput:1703
episode:7/50, real avg travel time:1265.375
step:3600/3600, q_loss:0.001542672733373848, rewards:-66.10030364990234, queue:16.535011291503906, delay:0.13162434101104736, throughput:1664
episode:8/50, real avg travel time:1286.9929178470254
step:3600/3600, q_loss:0.0014820275805246684, rewards:-66.19043731689453, queue:16.558101654052734, delay:0.12959901988506317, throughput:1681
episode:9/50, real avg travel time:1304.462818696884
step:3600/3600, q_loss:0.001474954355738045, rewards:-65.05392456054688, queue:16.270139694213867, delay:0.12656298279762268, throughput:1619
episode:10/50, real avg travel time:1286.6395184135977
Test step:10/50, travel time :1445.4861898016998, rewards:-78.53376007080078, queue:19.684375762939453, delay:0.1268305778503418, throughput:1243
step:3600/3600, q_loss:0.001253146867348272, rewards:-64.51030731201172, queue:16.136516571044922, delay:0.12871228158473969, throughput:1716
episode:11/50, real avg travel time:1260.2269830028329
step:3600/3600, q_loss:0.0011846090471486987, rewards:-64.81723022460938, queue:16.218345642089844, delay:0.1292971670627594, throughput:1719
episode:12/50, real avg travel time:1265.2662889518413
step:3600/3600, q_loss:0.001088237737155991, rewards:-63.72665023803711, queue:15.945833206176758, delay:0.1300193965435028, throughput:1732
episode:13/50, real avg travel time:1257.5389518413597
step:3600/3600, q_loss:0.00100004533075808, rewards:-61.62958908081055, queue:15.4140043258667, delay:0.13025161623954773, throughput:1743
episode:14/50, real avg travel time:1221.4036827195469
step:3600/3600, q_loss:0.0010118495190033206, rewards:-63.3452262878418, queue:15.845602035522461, delay:0.12814415991306305, throughput:1669
episode:15/50, real avg travel time:1243.9713172804531
Test step:15/50, travel time :1604.009206798867, rewards:-85.2287368774414, queue:21.34699058532715, delay:0.16867895424365997, throughput:1201
step:3600/3600, q_loss:0.0008967464088381809, rewards:-61.4096794128418, queue:15.358160018920898, delay:0.12930475175380707, throughput:1748
episode:16/50, real avg travel time:1217.8512747875354
step:3600/3600, q_loss:0.000835773126900564, rewards:-62.36940002441406, queue:15.601967811584473, delay:0.12919902801513672, throughput:1712
episode:17/50, real avg travel time:1217.1756373937676
step:3600/3600, q_loss:0.0007877274031210461, rewards:-60.21164321899414, queue:15.056249618530273, delay:0.12954863905906677, throughput:1737
episode:18/50, real avg travel time:1196.1115439093485
step:3600/3600, q_loss:0.0007118553210647753, rewards:-58.296363830566406, queue:14.579339981079102, delay:0.1291624754667282, throughput:1786
episode:19/50, real avg travel time:1149.7691218130312
step:3600/3600, q_loss:0.0007820618591834734, rewards:-61.66962814331055, queue:15.424015998840332, delay:0.1347562074661255, throughput:1764
episode:20/50, real avg travel time:1204.1037535410765
Test step:20/50, travel time :1671.1848441926345, rewards:-95.65015411376953, queue:23.964815139770508, delay:0.1555139571428299, throughput:795
step:3600/3600, q_loss:0.0007707739191382756, rewards:-61.582183837890625, queue:15.403124809265137, delay:0.13239184021949768, throughput:1742
episode:21/50, real avg travel time:1198.6759915014163
step:3600/3600, q_loss:0.0007132406918515945, rewards:-59.54936981201172, queue:14.89664363861084, delay:0.13031738996505737, throughput:1741
episode:22/50, real avg travel time:1182.9068696883853
step:3600/3600, q_loss:0.000665628206398752, rewards:-58.72611618041992, queue:14.685937881469727, delay:0.12913084030151367, throughput:1771
episode:23/50, real avg travel time:1159.364730878187
step:3600/3600, q_loss:0.0008347907460030215, rewards:-62.66986846923828, queue:15.675809860229492, delay:0.1315329372882843, throughput:1744
episode:24/50, real avg travel time:1226.6692634560907
step:3600/3600, q_loss:0.0006361257008932255, rewards:-60.970497131347656, queue:15.2499418258667, delay:0.13086974620819092, throughput:1739
episode:25/50, real avg travel time:1190.5460339943343
Test step:25/50, travel time :1418.8810198300284, rewards:-80.38793182373047, queue:20.137500762939453, delay:0.14550822973251343, throughput:1385
step:3600/3600, q_loss:0.0006072202214488277, rewards:-58.879878997802734, queue:14.727603912353516, delay:0.12785008549690247, throughput:1811
episode:26/50, real avg travel time:1158.9723796033995
step:3600/3600, q_loss:0.0006376902216378553, rewards:-59.14702224731445, queue:14.793866157531738, delay:0.1256392002105713, throughput:1771
episode:27/50, real avg travel time:1173.8201133144476
step:3600/3600, q_loss:0.0007650892123763944, rewards:-60.28717803955078, queue:15.075578689575195, delay:0.12879058718681335, throughput:1772
episode:28/50, real avg travel time:1190.774433427762
step:3600/3600, q_loss:0.0006368411095513973, rewards:-60.064571380615234, queue:15.028241157531738, delay:0.12937462329864502, throughput:1769
episode:29/50, real avg travel time:1183.560552407932
step:3600/3600, q_loss:0.0006459918022615675, rewards:-63.66891098022461, queue:15.927546501159668, delay:0.13077692687511444, throughput:1723
episode:30/50, real avg travel time:1227.7174220963173
Test step:30/50, travel time :1650.811614730878, rewards:-93.72537231445312, queue:23.481945037841797, delay:0.15782883763313293, throughput:902
step:3600/3600, q_loss:0.0006406259067632534, rewards:-63.189334869384766, queue:15.806134223937988, delay:0.12963330745697021, throughput:1688
episode:31/50, real avg travel time:1239.7344192634562
step:3600/3600, q_loss:0.0006543848721057544, rewards:-63.85313034057617, queue:15.975173950195312, delay:0.1272910237312317, throughput:1722
episode:32/50, real avg travel time:1249.908640226629
step:3600/3600, q_loss:0.000668240523678653, rewards:-65.23202514648438, queue:16.316261291503906, delay:0.12855961918830872, throughput:1688
episode:33/50, real avg travel time:1269.929178470255
step:3600/3600, q_loss:0.0006230054906121007, rewards:-62.68448257446289, queue:15.68055534362793, delay:0.12633347511291504, throughput:1727
episode:34/50, real avg travel time:1219.5570113314448
step:3600/3600, q_loss:0.0005861819020391983, rewards:-61.64733123779297, queue:15.4218168258667, delay:0.12722346186637878, throughput:1755
episode:35/50, real avg travel time:1206.7588526912182
Test step:35/50, travel time :1390.737252124646, rewards:-76.77465057373047, queue:19.23611068725586, delay:0.14602524042129517, throughput:1467
step:3600/3600, q_loss:0.0006115578356440421, rewards:-59.85504913330078, queue:14.97743034362793, delay:0.12661020457744598, throughput:1742
episode:36/50, real avg travel time:1194.4971671388103
step:3600/3600, q_loss:0.0005982608177963598, rewards:-58.57221221923828, queue:14.650404930114746, delay:0.1236872673034668, throughput:1810
episode:37/50, real avg travel time:1141.864730878187
step:3600/3600, q_loss:0.0006310054940389998, rewards:-60.62803649902344, queue:15.168692588806152, delay:0.12727539241313934, throughput:1778
episode:38/50, real avg travel time:1191.1827195467422
step:3600/3600, q_loss:0.0006803257195393981, rewards:-60.062076568603516, queue:15.025057792663574, delay:0.12466573715209961, throughput:1787
episode:39/50, real avg travel time:1179.283640226629
step:3600/3600, q_loss:0.0005731303785226228, rewards:-57.533355712890625, queue:14.388136863708496, delay:0.12530174851417542, throughput:1794
episode:40/50, real avg travel time:1142.0874645892352
Test step:40/50, travel time :1203.8626062322946, rewards:-70.34078979492188, queue:17.58952522277832, delay:0.1364549845457077, throughput:1957
New best TEST travel time 1203.8626 at episode 40, saved as best checkpoint
step:3600/3600, q_loss:0.0006938971717048574, rewards:-56.38626480102539, queue:14.099595069885254, delay:0.12519241869449615, throughput:1820
episode:41/50, real avg travel time:1105.1203966005667
step:3600/3600, q_loss:0.000669473225687757, rewards:-58.31407928466797, queue:14.585126876831055, delay:0.12555554509162903, throughput:1795
episode:42/50, real avg travel time:1137.3601274787536
step:3600/3600, q_loss:0.0006923662935510094, rewards:-59.49604034423828, queue:14.883853912353516, delay:0.12624004483222961, throughput:1788
episode:43/50, real avg travel time:1145.7638101983002
step:3600/3600, q_loss:0.0007530532673829132, rewards:-56.44856262207031, queue:14.119791984558105, delay:0.12297702580690384, throughput:1814
episode:44/50, real avg travel time:1116.3045325779037
step:3600/3600, q_loss:0.0007760079025670335, rewards:-59.78627395629883, queue:14.956076622009277, delay:0.12586268782615662, throughput:1760
episode:45/50, real avg travel time:1172.5934844192634
Test step:45/50, travel time :1365.1543909348443, rewards:-76.68431854248047, queue:19.19618034362793, delay:0.13952989876270294, throughput:1427
step:3600/3600, q_loss:0.0007350804146241259, rewards:-57.819095611572266, queue:14.460705757141113, delay:0.124353788793087, throughput:1834
episode:46/50, real avg travel time:1135.520538243626
step:3600/3600, q_loss:0.0007577173618806733, rewards:-55.91563415527344, queue:13.980034828186035, delay:0.12410354614257812, throughput:1841
episode:47/50, real avg travel time:1105.2283994334277
step:3600/3600, q_loss:0.0007016873723010958, rewards:-59.157920837402344, queue:14.794386863708496, delay:0.12756508588790894, throughput:1778
episode:48/50, real avg travel time:1169.658640226629
step:3600/3600, q_loss:0.0007065531820702701, rewards:-59.99089050292969, queue:15.007001876831055, delay:0.12391781061887741, throughput:1758
episode:49/50, real avg travel time:1176.871104815864
Hyperparameters saved to: data/output_data/tsc/cityflow_hyperlight_mappo/cityflow16x3/ft_scratch_16x3_seed2/hyperparameters.json
Loaded best checkpoint for final evaluation
Final Travel Time is 1203.8626, mean rewards: -70.3408, queue: 17.5895, delay: 0.1365, throughput: 1957
Total time taken: 4522.677375555038
