step:3600/3600, q_loss:0.00021577124134637416, rewards:-11.669547080993652, queue:3.5736773014068604, delay:0.2184911072254181, throughput:3912
episode:0/250, real avg travel time:294.13496932515335
Test step:0/250, travel time :251.95962490231832, rewards:-8.014278411865234, queue:2.8736772537231445, delay:0.1718371957540512, throughput:3839
New best TEST travel time 251.9596 at episode 0, saved as best checkpoint
step:3600/3600, q_loss:0.00018610688437345542, rewards:-10.85358715057373, queue:3.2707672119140625, delay:0.21239221096038818, throughput:4007
episode:1/250, real avg travel time:285.28425255802347
step:3600/3600, q_loss:0.00027355905315036783, rewards:-10.49521255493164, queue:3.261772394180298, delay:0.20234765112400055, throughput:3889
episode:2/250, real avg travel time:300.6271535098997
step:3600/3600, q_loss:0.000185478363548302, rewards:-10.536748886108398, queue:3.245767116546631, delay:0.20419815182685852, throughput:3979
episode:3/250, real avg travel time:293.0972606182458
step:3600/3600, q_loss:4.823282150836248e-05, rewards:-8.533927917480469, queue:2.754232883453369, delay:0.19153748452663422, throughput:3939
episode:4/250, real avg travel time:293.43919776593043
step:3600/3600, q_loss:2.15570359917668e-05, rewards:-7.743337154388428, queue:2.500793695449829, delay:0.18511255085468292, throughput:3963
episode:5/250, real avg travel time:276.2634367903104
Test step:5/250, travel time :251.95962490231832, rewards:-8.014278411865234, queue:2.8736772537231445, delay:0.1718371957540512, throughput:3839
step:3600/3600, q_loss:-8.078267759022614e-06, rewards:-6.709739685058594, queue:2.240079402923584, delay:0.1795763224363327, throughput:4011
episode:6/250, real avg travel time:251.43630017452006
step:3600/3600, q_loss:-1.4772426058900439e-05, rewards:-5.817409992218018, queue:1.9932539463043213, delay:0.1707931011915207, throughput:4015
episode:7/250, real avg travel time:250.6024906600249
step:3600/3600, q_loss:2.431784555988593e-05, rewards:-6.091431140899658, queue:2.1133596897125244, delay:0.16664938628673553, throughput:4008
episode:8/250, real avg travel time:258.7277944111776
step:3600/3600, q_loss:-2.0932601182721554e-05, rewards:-5.182093143463135, queue:1.832539677619934, delay:0.15938031673431396, throughput:4025
episode:9/250, real avg travel time:251.0486956521739
step:3600/3600, q_loss:-6.6875814809463915e-06, rewards:-5.053059101104736, queue:1.733068823814392, delay:0.15648768842220306, throughput:4054
episode:10/250, real avg travel time:233.5870744943266
Test step:10/250, travel time :345.12376896459944, rewards:-8.98241138458252, queue:3.0637567043304443, delay:0.18771612644195557, throughput:3757
step:3600/3600, q_loss:-7.221358666558647e-06, rewards:-5.073990821838379, queue:1.7001322507858276, delay:0.1540324091911316, throughput:4044
episode:11/250, real avg travel time:229.03536102868446
step:3600/3600, q_loss:-1.4395860004394005e-05, rewards:-4.581599235534668, queue:1.5612434148788452, delay:0.15216581523418427, throughput:4047
episode:12/250, real avg travel time:227.49542871262665
step:3600/3600, q_loss:-1.1057800939953369e-05, rewards:-4.293713569641113, queue:1.4871692657470703, delay:0.14827536046504974, throughput:4048
episode:13/250, real avg travel time:232.75197628458497
step:3600/3600, q_loss:-1.656886888667941e-05, rewards:-3.8646278381347656, queue:1.366798996925354, delay:0.14257696270942688, throughput:4050
episode:14/250, real avg travel time:217.3604938271605
step:3600/3600, q_loss:-9.69726105621602e-06, rewards:-3.832906723022461, queue:1.3683862686157227, delay:0.1453135907649994, throughput:4055
episode:15/250, real avg travel time:218.50456226880394
Test step:15/250, travel time :228.31265695630336, rewards:-5.341359615325928, queue:2.0345237255096436, delay:0.1480548083782196, throughput:3982
New best TEST travel time 228.3127 at episode 15, saved as best checkpoint
step:3600/3600, q_loss:7.39522834515406e-07, rewards:-4.024277210235596, queue:1.4179893732070923, delay:0.1429922729730606, throughput:4062
episode:16/250, real avg travel time:217.54234367306745
step:3600/3600, q_loss:-1.689292702293541e-05, rewards:-3.270270347595215, queue:1.2320106029510498, delay:0.1368539184331894, throughput:4046
episode:17/250, real avg travel time:206.68635689569945
step:3600/3600, q_loss:-1.061059705938937e-05, rewards:-3.7938992977142334, queue:1.336111068725586, delay:0.14002655446529388, throughput:4053
episode:18/250, real avg travel time:217.92499383172958
step:3600/3600, q_loss:-8.031354324581723e-06, rewards:-3.377166509628296, queue:1.2708994150161743, delay:0.13769866526126862, throughput:4060
episode:19/250, real avg travel time:208.25467980295568
step:3600/3600, q_loss:-4.246828514927377e-06, rewards:-3.250216007232666, queue:1.2134920358657837, delay:0.1347510814666748, throughput:4059
episode:20/250, real avg travel time:210.7708795269771
Test step:20/250, travel time :250.33910761154857, rewards:-6.256082534790039, queue:2.3603174686431885, delay:0.1560923457145691, throughput:3810
step:3600/3600, q_loss:8.800747374253762e-05, rewards:-4.25570011138916, queue:1.4809523820877075, delay:0.13916629552841187, throughput:4070
episode:21/250, real avg travel time:223.24840294840294
step:3600/3600, q_loss:-1.0399413844829218e-05, rewards:-3.398740530014038, queue:1.272883653640747, delay:0.1332368105649948, throughput:4067
episode:22/250, real avg travel time:212.1261372018687
step:3600/3600, q_loss:-7.328275872472053e-06, rewards:-3.2796525955200195, queue:1.2317460775375366, delay:0.1381433755159378, throughput:4072
episode:23/250, real avg travel time:209.54837917485264
step:3600/3600, q_loss:-9.813026796715955e-06, rewards:-3.205211639404297, queue:1.198544979095459, delay:0.13403363525867462, throughput:4068
episode:24/250, real avg travel time:206.9373156342183
step:3600/3600, q_loss:-6.1090826218585586e-06, rewards:-3.2088849544525146, queue:1.227910041809082, delay:0.1337442696094513, throughput:4063
episode:25/250, real avg travel time:210.04774796948067
Test step:25/250, travel time :239.2818300653595, rewards:-6.588119983673096, queue:2.503042221069336, delay:0.1483609974384308, throughput:3825
step:3600/3600, q_loss:-1.0276661446874237e-05, rewards:-3.035099983215332, queue:1.1424603462219238, delay:0.13065274059772491, throughput:4079
episode:26/250, real avg travel time:209.19244912968864
step:3600/3600, q_loss:-2.160988353554987e-06, rewards:-2.9995408058166504, queue:1.1358466148376465, delay:0.13187575340270996, throughput:4060
episode:27/250, real avg travel time:212.81970443349755
step:3600/3600, q_loss:0.00038181394467958147, rewards:-5.947200298309326, queue:1.738359808921814, delay:0.1359424591064453, throughput:3897
episode:28/250, real avg travel time:267.8604054400821
step:3600/3600, q_loss:0.00011715592489862401, rewards:-4.5692620277404785, queue:1.4517195224761963, delay:0.13813169300556183, throughput:3993
episode:29/250, real avg travel time:252.17205108940647
step:3600/3600, q_loss:-1.6440016527970632e-06, rewards:-3.355510711669922, queue:1.1772487163543701, delay:0.1328294724225998, throughput:4005
episode:30/250, real avg travel time:227.103620474407
Test step:30/250, travel time :245.91372549019607, rewards:-7.759069919586182, queue:2.80224871635437, delay:0.160720556974411, throughput:3570
step:3600/3600, q_loss:-1.0227897049238284e-05, rewards:-3.1587564945220947, queue:1.1178570985794067, delay:0.13261465728282928, throughput:3955
episode:31/250, real avg travel time:227.8945638432364
step:3600/3600, q_loss:2.7417028872554916e-05, rewards:-3.7954416275024414, queue:1.2736772298812866, delay:0.13430169224739075, throughput:3933
episode:32/250, real avg travel time:246.1673023137554
step:3600/3600, q_loss:5.061637986929984e-05, rewards:-3.817430019378662, queue:1.2693121433258057, delay:0.13519330322742462, throughput:3923
episode:33/250, real avg travel time:233.22125924037726
step:3600/3600, q_loss:8.868116476353154e-05, rewards:-4.061321258544922, queue:1.3551586866378784, delay:0.13377107679843903, throughput:3942
episode:34/250, real avg travel time:236.16742770167428
step:3600/3600, q_loss:-1.9341164766552133e-06, rewards:-3.0941481590270996, queue:1.1306878328323364, delay:0.12898308038711548, throughput:3959
episode:35/250, real avg travel time:216.10987623137157
Test step:35/250, travel time :254.96319867183178, rewards:-7.24958610534668, queue:2.5566136837005615, delay:0.16317453980445862, throughput:3614
step:3600/3600, q_loss:-1.9579390936996786e-06, rewards:-2.9013774394989014, queue:1.0756614208221436, delay:0.12747511267662048, throughput:3977
episode:36/250, real avg travel time:217.27885340709076
step:3600/3600, q_loss:-6.479280717839073e-06, rewards:-2.9238579273223877, queue:1.0637565851211548, delay:0.1275368332862854, throughput:3932
episode:37/250, real avg travel time:224.0905391658189
step:3600/3600, q_loss:-4.055901162145245e-06, rewards:-2.7582874298095703, queue:1.0322750806808472, delay:0.12530414760112762, throughput:3908
episode:38/250, real avg travel time:222.1404810644831
step:3600/3600, q_loss:-8.167233479778386e-06, rewards:-3.1698825359344482, queue:1.1391534805297852, delay:0.13320665061473846, throughput:3991
episode:39/250, real avg travel time:231.03081934352292
step:3600/3600, q_loss:-2.6322472775872385e-06, rewards:-2.937459945678711, queue:1.0732804536819458, delay:0.12846879661083221, throughput:3963
episode:40/250, real avg travel time:233.9396921524098
Test step:40/250, travel time :287.3801557542544, rewards:-8.225239753723145, queue:2.8234126567840576, delay:0.1584101766347885, throughput:3467
step:3600/3600, q_loss:6.771170665160753e-05, rewards:-4.53555965423584, queue:1.4522486925125122, delay:0.13872338831424713, throughput:3897
episode:41/250, real avg travel time:279.1093148575828
step:3600/3600, q_loss:-2.0902134161183816e-06, rewards:-3.051128387451172, queue:1.098280429840088, delay:0.13146261870861053, throughput:3890
episode:42/250, real avg travel time:232.49665809768638
step:3600/3600, q_loss:7.405515659936807e-05, rewards:-4.911423206329346, queue:1.4869047403335571, delay:0.14276307821273804, throughput:3891
episode:43/250, real avg travel time:276.4680030840401
step:3600/3600, q_loss:1.2560480131974651e-05, rewards:-3.769427537918091, queue:1.2120370864868164, delay:0.13477526605129242, throughput:3939
episode:44/250, real avg travel time:254.91926884996192
step:3600/3600, q_loss:9.50069070515585e-05, rewards:-4.192204475402832, queue:1.3354496955871582, delay:0.13418878614902496, throughput:3924
episode:45/250, real avg travel time:249.88710499490315
Test step:45/250, travel time :274.4057606263982, rewards:-7.346621513366699, queue:2.6129629611968994, delay:0.1554640680551529, throughput:3576
step:3600/3600, q_loss:4.874158225397373e-05, rewards:-4.222804069519043, queue:1.365079402923584, delay:0.137588769197464, throughput:3934
episode:46/250, real avg travel time:271.16802236909
step:3600/3600, q_loss:0.00017857061757240445, rewards:-5.3650803565979, queue:1.5334656238555908, delay:0.13493578135967255, throughput:3659
episode:47/250, real avg travel time:255.59579119978136
step:3600/3600, q_loss:0.0007021713846673568, rewards:-8.666568756103516, queue:2.411243438720703, delay:0.1510474681854248, throughput:3659
episode:48/250, real avg travel time:305.2924296255808
step:3600/3600, q_loss:-3.8702128222212195e-06, rewards:-2.992804527282715, queue:1.0617724657058716, delay:0.1263466775417328, throughput:3908
episode:49/250, real avg travel time:235.1745138178096
step:3600/3600, q_loss:4.228055679252268e-05, rewards:-3.6567559242248535, queue:1.224470853805542, delay:0.13145849108695984, throughput:3942
episode:50/250, real avg travel time:268.78767123287673
Test step:50/250, travel time :290.7076153418566, rewards:-5.382513523101807, queue:1.764285683631897, delay:0.14575457572937012, throughput:3598
step:3600/3600, q_loss:-4.652327212776678e-06, rewards:-2.8653509616851807, queue:1.0505291223526, delay:0.1258794367313385, throughput:3994
episode:51/250, real avg travel time:231.5272909364046
step:3600/3600, q_loss:3.0060574418813403e-06, rewards:-2.9274115562438965, queue:1.069179892539978, delay:0.12792685627937317, throughput:3957
episode:52/250, real avg travel time:241.19408642911296
step:3600/3600, q_loss:0.00019324922080462178, rewards:-5.370852470397949, queue:1.5794973373413086, delay:0.13597480952739716, throughput:3664
episode:53/250, real avg travel time:264.8569868995633
step:3600/3600, q_loss:-8.914856071997848e-06, rewards:-2.7685227394104004, queue:1.032804250717163, delay:0.1249452605843544, throughput:3947
episode:54/250, real avg travel time:229.7367620977958
step:3600/3600, q_loss:-7.653972635226738e-06, rewards:-3.072810173034668, queue:1.111640214920044, delay:0.1294293850660324, throughput:3921
episode:55/250, real avg travel time:232.11349145626116
Test step:55/250, travel time :281.5222758990875, rewards:-5.887043476104736, queue:2.0775132179260254, delay:0.15352828800678253, throughput:3726
step:3600/3600, q_loss:-4.713165900385422e-06, rewards:-2.8964924812316895, queue:1.0539683103561401, delay:0.1262349635362625, throughput:3895
episode:56/250, real avg travel time:231.82952503209242
step:3600/3600, q_loss:2.7081574888951663e-05, rewards:-4.08880615234375, queue:1.326454997062683, delay:0.13700801134109497, throughput:3897
episode:57/250, real avg travel time:260.1272773928663
step:3600/3600, q_loss:6.534004609824883e-06, rewards:-3.243593692779541, queue:1.1407407522201538, delay:0.12983904778957367, throughput:3933
episode:58/250, real avg travel time:235.7437070938215
step:3600/3600, q_loss:5.475071237823512e-05, rewards:-4.040605545043945, queue:1.2853174209594727, delay:0.1314743012189865, throughput:3951
episode:59/250, real avg travel time:271.30270817514554
step:3600/3600, q_loss:4.8149500475523785e-05, rewards:-3.691117286682129, queue:1.251190423965454, delay:0.13138499855995178, throughput:3920
episode:60/250, real avg travel time:247.26581632653063
Test step:60/250, travel time :257.1412172984517, rewards:-4.3600382804870605, queue:1.5374338626861572, delay:0.14325971901416779, throughput:3746
step:3600/3600, q_loss:1.8812203456440734e-06, rewards:-3.04628849029541, queue:1.0719577074050903, delay:0.12652641534805298, throughput:3956
episode:61/250, real avg travel time:239.04347826086956
step:3600/3600, q_loss:2.4309744832054194e-06, rewards:-3.3929476737976074, queue:1.168254017829895, delay:0.12916019558906555, throughput:3975
episode:62/250, real avg travel time:230.61484276729558
step:3600/3600, q_loss:-6.815268190823392e-06, rewards:-3.0217630863189697, queue:1.1070106029510498, delay:0.1286272406578064, throughput:3988
episode:63/250, real avg travel time:228.4914744232698
step:3600/3600, q_loss:-9.568416701060617e-06, rewards:-2.9850735664367676, queue:1.1062169075012207, delay:0.13102634251117706, throughput:4057
episode:64/250, real avg travel time:225.40103524772
step:3600/3600, q_loss:0.00010020829463933802, rewards:-4.253676414489746, queue:1.3437830209732056, delay:0.1334574818611145, throughput:3950
episode:65/250, real avg travel time:250.91544303797468
Test step:65/250, travel time :229.46650393273663, rewards:-3.18713641166687, queue:1.0962963104248047, delay:0.12767136096954346, throughput:3687
step:3600/3600, q_loss:-5.602226843216664e-06, rewards:-2.855196475982666, queue:1.0461640357971191, delay:0.12649580836296082, throughput:3908
episode:66/250, real avg travel time:234.34263050153533
step:3600/3600, q_loss:3.5785803710395054e-05, rewards:-3.3482539653778076, queue:1.148809552192688, delay:0.1263277679681778, throughput:3931
episode:67/250, real avg travel time:234.76316458916307
step:3600/3600, q_loss:-6.190228547590474e-06, rewards:-2.6453857421875, queue:0.9694444537162781, delay:0.12196468561887741, throughput:3938
episode:68/250, real avg travel time:224.3445911630269
step:3600/3600, q_loss:6.977210569958616e-05, rewards:-4.110955238342285, queue:1.3428571224212646, delay:0.13256621360778809, throughput:4022
episode:69/250, real avg travel time:266.14545002486324
step:3600/3600, q_loss:0.0001360986071328322, rewards:-4.281709671020508, queue:1.390211582183838, delay:0.1321897804737091, throughput:3974
episode:70/250, real avg travel time:265.62330145948664
Test step:70/250, travel time :246.60295280780386, rewards:-3.0531768798828125, queue:1.0537036657333374, delay:0.12785856425762177, throughput:3793
step:3600/3600, q_loss:0.0002553001382491655, rewards:-5.440680503845215, queue:1.6173280477523804, delay:0.13662727177143097, throughput:3904
episode:71/250, real avg travel time:269.9464651639344
step:3600/3600, q_loss:2.5393395238400746e-07, rewards:-3.209984064102173, queue:1.1329364776611328, delay:0.12946699559688568, throughput:4005
episode:72/250, real avg travel time:251.0784019975031
step:3600/3600, q_loss:-3.1027156284027217e-06, rewards:-3.072064161300659, queue:1.0978835821151733, delay:0.1276196390390396, throughput:4021
episode:73/250, real avg travel time:236.4354638149714
step:3600/3600, q_loss:1.0574146775373569e-06, rewards:-3.1829769611358643, queue:1.09246027469635, delay:0.1265861988067627, throughput:3915
episode:74/250, real avg travel time:235.72771392081737
step:3600/3600, q_loss:2.0575133627668644e-06, rewards:-3.249727964401245, queue:1.114550232887268, delay:0.12987668812274933, throughput:3960
episode:75/250, real avg travel time:246.66439393939393
Test step:75/250, travel time :262.66961989139753, rewards:-6.0977702140808105, queue:1.7605819702148438, delay:0.14238205552101135, throughput:3499
step:3600/3600, q_loss:-2.4053720860845513e-06, rewards:-3.131772518157959, queue:1.0629630088806152, delay:0.12754753232002258, throughput:3928
episode:76/250, real avg travel time:254.89791242362526
step:3600/3600, q_loss:-1.81819608163399e-06, rewards:-3.378854274749756, queue:1.1317460536956787, delay:0.13144712150096893, throughput:3921
episode:77/250, real avg travel time:257.8319306299413
step:3600/3600, q_loss:2.5024976316166833e-06, rewards:-3.4948127269744873, queue:1.1362433433532715, delay:0.12896353006362915, throughput:3910
episode:78/250, real avg travel time:248.46393861892582
step:3600/3600, q_loss:0.00011557044280279014, rewards:-4.468133449554443, queue:1.34246027469635, delay:0.1330289989709854, throughput:3880
episode:79/250, real avg travel time:272.55283505154637
step:3600/3600, q_loss:5.362245962411786e-05, rewards:-3.6353259086608887, queue:1.1841269731521606, delay:0.12723137438297272, throughput:3874
episode:80/250, real avg travel time:262.2083118224058
Test step:80/250, travel time :282.8863821690677, rewards:-5.245462417602539, queue:1.5445767641067505, delay:0.13436247408390045, throughput:3679
step:3600/3600, q_loss:7.991567585526758e-05, rewards:-5.101870536804199, queue:1.494444489479065, delay:0.14087964594364166, throughput:3924
episode:81/250, real avg travel time:304.01044852191643
step:3600/3600, q_loss:2.1137702990219826e-06, rewards:-3.1502020359039307, queue:1.0772486925125122, delay:0.12574627995491028, throughput:3935
episode:82/250, real avg travel time:256.29758576874207
step:3600/3600, q_loss:6.527098836765314e-06, rewards:-2.941502809524536, queue:1.0404762029647827, delay:0.12279249727725983, throughput:3907
episode:83/250, real avg travel time:247.26516508830304
step:3600/3600, q_loss:8.365293033421039e-05, rewards:-4.530404090881348, queue:1.2884920835494995, delay:0.13080079853534698, throughput:3917
episode:84/250, real avg travel time:259.75874393668624
step:3600/3600, q_loss:5.394292562009974e-05, rewards:-4.469724655151367, queue:1.3636243343353271, delay:0.1339123398065567, throughput:3918
episode:85/250, real avg travel time:266.78177641653906
Test step:85/250, travel time :387.764338781575, rewards:-9.585991859436035, queue:2.6251323223114014, delay:0.16960565745830536, throughput:3365
step:3600/3600, q_loss:6.239217651050745e-06, rewards:-3.647111654281616, queue:1.1681216955184937, delay:0.12840022146701813, throughput:3952
episode:86/250, real avg travel time:257.2171052631579
step:3600/3600, q_loss:5.0408087392699804e-06, rewards:-3.594316005706787, queue:1.1591269969940186, delay:0.1292702853679657, throughput:3907
episode:87/250, real avg travel time:260.7957512157666
step:3600/3600, q_loss:5.083003197796643e-05, rewards:-4.111105442047119, queue:1.2671958208084106, delay:0.13146299123764038, throughput:3667
episode:88/250, real avg travel time:252.65557676574858
step:3600/3600, q_loss:6.07054986176081e-05, rewards:-4.2931671142578125, queue:1.297619104385376, delay:0.13534604012966156, throughput:3804
episode:89/250, real avg travel time:273.3257097791798
step:3600/3600, q_loss:0.0001919129261902223, rewards:-5.782979965209961, queue:1.7055555582046509, delay:0.13772396743297577, throughput:3809
episode:90/250, real avg travel time:305.5500131268049
Test step:90/250, travel time :323.34405236198063, rewards:-5.9267497062683105, queue:1.748809576034546, delay:0.1594952493906021, throughput:3514
step:3600/3600, q_loss:0.0001339129042915172, rewards:-4.975015163421631, queue:1.468915343284607, delay:0.13228128850460052, throughput:3801
episode:91/250, real avg travel time:296.9508024204157
step:3600/3600, q_loss:5.69076849690949e-06, rewards:-3.085548162460327, queue:1.0687830448150635, delay:0.12635713815689087, throughput:3970
episode:92/250, real avg travel time:249.6984886649874
step:3600/3600, q_loss:3.8421725750797325e-06, rewards:-3.3903391361236572, queue:1.1220899820327759, delay:0.12506388127803802, throughput:3947
episode:93/250, real avg travel time:258.39878388649606
step:3600/3600, q_loss:0.0001653711469973334, rewards:-6.158317565917969, queue:1.6572750806808472, delay:0.14469076693058014, throughput:3709
episode:94/250, real avg travel time:311.3788083041251
step:3600/3600, q_loss:5.183568201674563e-06, rewards:-2.910425901412964, queue:1.0376983880996704, delay:0.12427317351102829, throughput:3914
episode:95/250, real avg travel time:255.1934082779765
Test step:95/250, travel time :390.56597353497165, rewards:-11.605734825134277, queue:3.2661375999450684, delay:0.19058111310005188, throughput:2645
step:3600/3600, q_loss:9.777228309152028e-05, rewards:-5.120201110839844, queue:1.4166666269302368, delay:0.13648183643817902, throughput:3754
episode:96/250, real avg travel time:279.35162493340437
step:3600/3600, q_loss:6.993013210174266e-05, rewards:-4.326018810272217, queue:1.3708994388580322, delay:0.13287773728370667, throughput:3917
episode:97/250, real avg travel time:293.03625223385245
step:3600/3600, q_loss:5.607209596847598e-05, rewards:-3.8409180641174316, queue:1.1776454448699951, delay:0.13351380825042725, throughput:3936
episode:98/250, real avg travel time:267.719512195122
step:3600/3600, q_loss:8.667872162833292e-05, rewards:-4.274027347564697, queue:1.3259259462356567, delay:0.13285912573337555, throughput:3924
episode:99/250, real avg travel time:271.3065749235474
step:3600/3600, q_loss:1.1811070160345277e-05, rewards:-3.4485738277435303, queue:1.1316137313842773, delay:0.13024912774562836, throughput:3906
episode:100/250, real avg travel time:255.6925243215566
Test step:100/250, travel time :261.31653634520706, rewards:-5.865077018737793, queue:1.7202380895614624, delay:0.15411417186260223, throughput:3453
step:3600/3600, q_loss:7.263982980576758e-05, rewards:-3.946600914001465, queue:1.279894232749939, delay:0.1266898214817047, throughput:3901
episode:101/250, real avg travel time:282.70084593693923
step:3600/3600, q_loss:0.0002496921475944368, rewards:-5.459683895111084, queue:1.6962963342666626, delay:0.14124809205532074, throughput:3841
episode:102/250, real avg travel time:313.2871648008331
step:3600/3600, q_loss:3.205396981987481e-05, rewards:-4.210745811462402, queue:1.3198412656784058, delay:0.13570591807365417, throughput:3801
episode:103/250, real avg travel time:287.09155485398577
step:3600/3600, q_loss:2.296658349223435e-05, rewards:-3.5640368461608887, queue:1.166005253791809, delay:0.12838934361934662, throughput:3913
episode:104/250, real avg travel time:269.4416049067212
step:3600/3600, q_loss:0.00011552201871786059, rewards:-5.094521522521973, queue:1.476190447807312, delay:0.13493244349956512, throughput:3833
episode:105/250, real avg travel time:284.09548656404905
Test step:105/250, travel time :262.3252604900028, rewards:-5.6243157386779785, queue:1.7298941612243652, delay:0.15075701475143433, throughput:3551
step:3600/3600, q_loss:1.1760275730112981e-05, rewards:-3.4991488456726074, queue:1.1469576358795166, delay:0.1318090856075287, throughput:3947
episode:106/250, real avg travel time:270.2376488472257
step:3600/3600, q_loss:0.0005560449505638745, rewards:-7.119617938995361, queue:1.9699735641479492, delay:0.13761155307292938, throughput:3469
episode:107/250, real avg travel time:249.790141251081
step:3600/3600, q_loss:5.045666411105129e-08, rewards:-2.90415096282959, queue:1.0190476179122925, delay:0.1259738802909851, throughput:3941
episode:108/250, real avg travel time:245.4404973357016
step:3600/3600, q_loss:7.537388511183154e-06, rewards:-3.1273841857910156, queue:1.0623016357421875, delay:0.12651965022087097, throughput:3956
episode:109/250, real avg travel time:237.68705763397372
step:3600/3600, q_loss:6.566335084951586e-05, rewards:-4.011455059051514, queue:1.2943121194839478, delay:0.13264507055282593, throughput:3993
episode:110/250, real avg travel time:276.15902829952415
Test step:110/250, travel time :263.69620943550586, rewards:-3.7512011528015137, queue:1.1961640119552612, delay:0.13696274161338806, throughput:3667
step:3600/3600, q_loss:0.00015805916595531421, rewards:-5.191403865814209, queue:1.4899470806121826, delay:0.1379752904176712, throughput:3821
episode:111/250, real avg travel time:293.6372677309605
step:3600/3600, q_loss:8.448452232793595e-06, rewards:-3.172360897064209, queue:1.110185146331787, delay:0.13133585453033447, throughput:3952
episode:112/250, real avg travel time:265.56831983805665
step:3600/3600, q_loss:7.334206473185784e-05, rewards:-4.2979044914245605, queue:1.326984167098999, delay:0.13411392271518707, throughput:3871
episode:113/250, real avg travel time:283.7086024283131
step:3600/3600, q_loss:1.4854092215601769e-06, rewards:-2.926328420639038, queue:1.0349206924438477, delay:0.1266123205423355, throughput:3939
episode:114/250, real avg travel time:256.37369890835237
step:3600/3600, q_loss:9.485248511838209e-05, rewards:-4.454586505889893, queue:1.3863756656646729, delay:0.13399051129817963, throughput:3883
episode:115/250, real avg travel time:275.74633015709503
Test step:115/250, travel time :278.21000549752614, rewards:-4.181302547454834, queue:1.271560788154602, delay:0.13364215195178986, throughput:3638
step:3600/3600, q_loss:4.1788114241272624e-05, rewards:-3.849942445755005, queue:1.249074101448059, delay:0.13159355521202087, throughput:3913
episode:116/250, real avg travel time:262.6445182724253
step:3600/3600, q_loss:0.00017997726123818817, rewards:-4.742710113525391, queue:1.4894180297851562, delay:0.13321320712566376, throughput:3743
episode:117/250, real avg travel time:266.720010686615
step:3600/3600, q_loss:8.025873515483302e-05, rewards:-4.103909969329834, queue:1.307539701461792, delay:0.13318200409412384, throughput:3886
episode:118/250, real avg travel time:285.0349974266598
step:3600/3600, q_loss:7.655339811915636e-05, rewards:-4.303379058837891, queue:1.2780423164367676, delay:0.13875706493854523, throughput:3877
episode:119/250, real avg travel time:279.41036884188804
step:3600/3600, q_loss:2.3310075711277832e-05, rewards:-3.755648374557495, queue:1.227116346359253, delay:0.1330316662788391, throughput:3760
episode:120/250, real avg travel time:269.9757978723404
Test step:120/250, travel time :300.5565688230265, rewards:-6.253084182739258, queue:1.7370370626449585, delay:0.1408100724220276, throughput:3509
step:3600/3600, q_loss:3.342232957947999e-05, rewards:-4.209820747375488, queue:1.307539701461792, delay:0.1327352076768875, throughput:3928
episode:121/250, real avg travel time:294.28640529531566
step:3600/3600, q_loss:0.00010264059488286471, rewards:-4.903629779815674, queue:1.4287036657333374, delay:0.13653506338596344, throughput:3775
episode:122/250, real avg travel time:271.2508609271523
step:3600/3600, q_loss:0.0002938197996829533, rewards:-6.579885482788086, queue:1.8318783044815063, delay:0.14481526613235474, throughput:3670
episode:123/250, real avg travel time:317.56267029972753
step:3600/3600, q_loss:0.00021299357580978215, rewards:-5.501266002655029, queue:1.5559524297714233, delay:0.13433916866779327, throughput:3607
episode:124/250, real avg travel time:287.9262545051289
step:3600/3600, q_loss:0.00010393348938022326, rewards:-5.14677619934082, queue:1.4185185432434082, delay:0.13839586079120636, throughput:3882
episode:125/250, real avg travel time:318.45208655332306
Test step:125/250, travel time :262.58243045387997, rewards:-6.6660637855529785, queue:1.7447090148925781, delay:0.14218968152999878, throughput:3415
step:3600/3600, q_loss:7.5646094854972845e-06, rewards:-3.7330822944641113, queue:1.1806877851486206, delay:0.13107597827911377, throughput:3884
episode:126/250, real avg travel time:265.72373841400616
step:3600/3600, q_loss:6.088414601334888e-05, rewards:-4.382689476013184, queue:1.3366402387619019, delay:0.13402098417282104, throughput:3889
episode:127/250, real avg travel time:301.352789920288
step:3600/3600, q_loss:2.381196746783745e-05, rewards:-3.6503357887268066, queue:1.1839946508407593, delay:0.13023632764816284, throughput:3941
episode:128/250, real avg travel time:271.5166201471708
step:3600/3600, q_loss:5.1127179580766504e-05, rewards:-4.0923752784729, queue:1.2804232835769653, delay:0.1317092925310135, throughput:3849
episode:129/250, real avg travel time:264.8950376721226
step:3600/3600, q_loss:1.1367974123762299e-05, rewards:-3.5006957054138184, queue:1.136640191078186, delay:0.1327822208404541, throughput:3966
episode:130/250, real avg travel time:266.5196671709531
Test step:130/250, travel time :284.64454845814976, rewards:-4.321054935455322, queue:1.273809552192688, delay:0.13102121651172638, throughput:3632
step:3600/3600, q_loss:8.615436179550468e-05, rewards:-4.5268425941467285, queue:1.341269850730896, delay:0.1371198147535324, throughput:3945
episode:131/250, real avg travel time:297.6324461343473
step:3600/3600, q_loss:0.00019077998133272761, rewards:-5.454783916473389, queue:1.5694444179534912, delay:0.13698303699493408, throughput:3768
episode:132/250, real avg travel time:278.31767515923565
step:3600/3600, q_loss:7.0619463157426155e-06, rewards:-3.5446674823760986, queue:1.141931176185608, delay:0.13381171226501465, throughput:3945
episode:133/250, real avg travel time:270.5295310519645
step:3600/3600, q_loss:3.654393610001231e-06, rewards:-3.560783863067627, queue:1.164285659790039, delay:0.13221372663974762, throughput:4009
episode:134/250, real avg travel time:257.7483162883512
step:3600/3600, q_loss:-3.636439618680419e-06, rewards:-3.6559672355651855, queue:1.2022486925125122, delay:0.13506650924682617, throughput:4020
episode:135/250, real avg travel time:264.57686567164177
Test step:135/250, travel time :322.25355648535566, rewards:-5.891027927398682, queue:1.6190476417541504, delay:0.14005941152572632, throughput:3585
step:3600/3600, q_loss:3.982118020455042e-06, rewards:-3.0324862003326416, queue:1.0793651342391968, delay:0.12881553173065186, throughput:4012
episode:136/250, real avg travel time:251.64930209371883
step:3600/3600, q_loss:5.736450459355385e-05, rewards:-4.394988536834717, queue:1.3625661134719849, delay:0.1353709101676941, throughput:4002
episode:137/250, real avg travel time:302.7376311844078
step:3600/3600, q_loss:8.535435465293833e-05, rewards:-4.999439716339111, queue:1.4554232358932495, delay:0.14219282567501068, throughput:3908
episode:138/250, real avg travel time:301.8042476970317
step:3600/3600, q_loss:0.0002845553086242742, rewards:-7.072147846221924, queue:1.8550264835357666, delay:0.14972811937332153, throughput:3781
episode:139/250, real avg travel time:318.32531076434805
step:3600/3600, q_loss:2.1733623725594953e-05, rewards:-4.070087432861328, queue:1.2644180059432983, delay:0.1368078738451004, throughput:3886
episode:140/250, real avg travel time:260.33067421513124
Test step:140/250, travel time :361.87100489490354, rewards:-7.298044204711914, queue:1.9240740537643433, delay:0.16270747780799866, throughput:3473
step:3600/3600, q_loss:6.003095202484272e-06, rewards:-3.5009944438934326, queue:1.1367725133895874, delay:0.13151301443576813, throughput:3971
episode:141/250, real avg travel time:260.1475698816419
step:3600/3600, q_loss:7.142637639642797e-05, rewards:-4.4156622886657715, queue:1.3194444179534912, delay:0.13275107741355896, throughput:3944
episode:142/250, real avg travel time:287.75963488843814
step:3600/3600, q_loss:1.2430179049260915e-05, rewards:-2.9464738368988037, queue:1.0595238208770752, delay:0.12819211184978485, throughput:4017
episode:143/250, real avg travel time:242.2233009708738
step:3600/3600, q_loss:1.1645957986022242e-05, rewards:-3.508474349975586, queue:1.150529146194458, delay:0.12914243340492249, throughput:3959
episode:144/250, real avg travel time:266.8471836322304
step:3600/3600, q_loss:0.00016506119985327435, rewards:-5.4068284034729, queue:1.6006613969802856, delay:0.14274635910987854, throughput:3831
episode:145/250, real avg travel time:323.4625424171235
Test step:145/250, travel time :339.05428403755866, rewards:-6.96637487411499, queue:1.8497354984283447, delay:0.15231665968894958, throughput:3408
step:3600/3600, q_loss:0.00029789191127444306, rewards:-7.047728061676025, queue:1.9616402387619019, delay:0.14579738676548004, throughput:3768
episode:146/250, real avg travel time:312.66772823779195
step:3600/3600, q_loss:-1.5852100558630709e-07, rewards:-3.4892828464508057, queue:1.1142857074737549, delay:0.13082468509674072, throughput:3956
episode:147/250, real avg travel time:268.4529828109201
step:3600/3600, q_loss:0.0001367781185156976, rewards:-5.209021091461182, queue:1.5833333730697632, delay:0.14202880859375, throughput:3793
episode:148/250, real avg travel time:296.20616925916164
step:3600/3600, q_loss:8.470108797256317e-07, rewards:-3.7379536628723145, queue:1.1452380418777466, delay:0.13129092752933502, throughput:3799
episode:149/250, real avg travel time:275.01974203737825
step:3600/3600, q_loss:3.4506417513411076e-05, rewards:-4.208260536193848, queue:1.29708993434906, delay:0.13471364974975586, throughput:3933
episode:150/250, real avg travel time:275.3623188405797
Test step:150/250, travel time :314.64002403846155, rewards:-8.782605171203613, queue:2.196560859680176, delay:0.16631941497325897, throughput:3328
step:3600/3600, q_loss:-6.463033059844747e-07, rewards:-3.7076947689056396, queue:1.1646825075149536, delay:0.1347607672214508, throughput:3875
episode:151/250, real avg travel time:273.272
step:3600/3600, q_loss:3.8452188164228573e-05, rewards:-4.415328025817871, queue:1.3111110925674438, delay:0.13225293159484863, throughput:3843
episode:152/250, real avg travel time:300.4709862086911
step:3600/3600, q_loss:8.354093362059859e-05, rewards:-5.13463830947876, queue:1.5185185670852661, delay:0.13696353137493134, throughput:3869
episode:153/250, real avg travel time:304.7226673559059
step:3600/3600, q_loss:6.126914134559532e-07, rewards:-3.2505171298980713, queue:1.0685185194015503, delay:0.12786073982715607, throughput:3919
episode:154/250, real avg travel time:275.2962490431232
step:3600/3600, q_loss:0.00011400830408092588, rewards:-5.643533706665039, queue:1.6023809909820557, delay:0.13925853371620178, throughput:3794
episode:155/250, real avg travel time:294.4059040590406
Test step:155/250, travel time :359.5612825891519, rewards:-11.925854682922363, queue:2.8752646446228027, delay:0.17935435473918915, throughput:3337
step:3600/3600, q_loss:1.3320786739414971e-05, rewards:-4.140599250793457, queue:1.2326719760894775, delay:0.12723827362060547, throughput:3829
episode:156/250, real avg travel time:267.88038652389656
step:3600/3600, q_loss:0.00010213122247175004, rewards:-5.347969055175781, queue:1.5595238208770752, delay:0.13458622992038727, throughput:3824
episode:157/250, real avg travel time:321.6074790794979
step:3600/3600, q_loss:0.0006540483665756053, rewards:-9.172399520874023, queue:2.4407408237457275, delay:0.15657803416252136, throughput:3690
episode:158/250, real avg travel time:389.1067750677507
step:3600/3600, q_loss:-6.2518172651632794e-06, rewards:-3.768951177597046, queue:1.1599206924438477, delay:0.1334942728281021, throughput:3885
episode:159/250, real avg travel time:276.36138996139
step:3600/3600, q_loss:0.00011825726340046256, rewards:-5.292241096496582, queue:1.491798996925354, delay:0.13670873641967773, throughput:3856
episode:160/250, real avg travel time:295.8278008298755
Test step:160/250, travel time :341.6111682082905, rewards:-13.133745193481445, queue:3.3584656715393066, delay:0.16992643475532532, throughput:2919
step:3600/3600, q_loss:5.465533306253039e-05, rewards:-4.390589714050293, queue:1.3242063522338867, delay:0.12905773520469666, throughput:3831
episode:161/250, real avg travel time:273.62777342730357
step:3600/3600, q_loss:5.3316878378003216e-05, rewards:-5.135937213897705, queue:1.5074074268341064, delay:0.14079132676124573, throughput:3769
episode:162/250, real avg travel time:303.3138763597771
step:3600/3600, q_loss:0.00016807742779039673, rewards:-6.156594276428223, queue:1.6928571462631226, delay:0.14330704510211945, throughput:3746
episode:163/250, real avg travel time:304.3139348638548
step:3600/3600, q_loss:0.00020790175961640973, rewards:-6.055324077606201, queue:1.6796296834945679, delay:0.14392688870429993, throughput:3695
episode:164/250, real avg travel time:287.50338294993236
step:3600/3600, q_loss:0.0002440896030748263, rewards:-7.906200408935547, queue:2.096031665802002, delay:0.15602101385593414, throughput:3749
episode:165/250, real avg travel time:361.2437983462257
Test step:165/250, travel time :312.89642749924946, rewards:-8.878376960754395, queue:2.2916667461395264, delay:0.16098250448703766, throughput:3331
step:3600/3600, q_loss:-6.837406544946134e-06, rewards:-4.029937267303467, queue:1.2169312238693237, delay:0.13683316111564636, throughput:3849
episode:166/250, real avg travel time:280.7295401402962
step:3600/3600, q_loss:5.2330312044230396e-05, rewards:-4.188486099243164, queue:1.2756613492965698, delay:0.13515785336494446, throughput:3820
episode:167/250, real avg travel time:282.1931937172775
step:3600/3600, q_loss:0.0002507758372101105, rewards:-6.720597267150879, queue:1.874074101448059, delay:0.14515620470046997, throughput:3701
episode:168/250, real avg travel time:349.0924074574439
step:3600/3600, q_loss:0.00011209445260141769, rewards:-4.533624172210693, queue:1.3142857551574707, delay:0.1334294080734253, throughput:3872
episode:169/250, real avg travel time:286.84762396694214
step:3600/3600, q_loss:7.648808815348376e-05, rewards:-4.395614147186279, queue:1.3335978984832764, delay:0.12942075729370117, throughput:3852
episode:170/250, real avg travel time:280.6051401869159
Test step:170/250, travel time :302.70293860925227, rewards:-7.786036491394043, queue:2.0265872478485107, delay:0.1555362492799759, throughput:3437
step:3600/3600, q_loss:4.202214622637257e-05, rewards:-3.903515577316284, queue:1.2211639881134033, delay:0.13037028908729553, throughput:3941
episode:171/250, real avg travel time:257.31514843948236
step:3600/3600, q_loss:2.7584525620720037e-06, rewards:-3.901580810546875, queue:1.2325396537780762, delay:0.13400821387767792, throughput:4044
episode:172/250, real avg travel time:265.50642927794263
step:3600/3600, q_loss:0.0001636341773620289, rewards:-5.549410343170166, queue:1.6523809432983398, delay:0.1387162208557129, throughput:3878
episode:173/250, real avg travel time:312.82903558535327
step:3600/3600, q_loss:0.0001295075417147018, rewards:-5.01711368560791, queue:1.4783068895339966, delay:0.1362956464290619, throughput:3835
episode:174/250, real avg travel time:278.76088657105606
step:3600/3600, q_loss:3.81152582122013e-05, rewards:-4.419249057769775, queue:1.3030422925949097, delay:0.13615597784519196, throughput:3864
episode:175/250, real avg travel time:284.4378881987578
Test step:175/250, travel time :282.6113549094899, rewards:-4.10552453994751, queue:1.2354497909545898, delay:0.13147082924842834, throughput:3646
step:3600/3600, q_loss:0.0002555874486764272, rewards:-6.052037715911865, queue:1.71746027469635, delay:0.13569045066833496, throughput:3775
episode:176/250, real avg travel time:280.02490066225164
step:3600/3600, q_loss:0.00017384857120406296, rewards:-5.601150989532471, queue:1.564021110534668, delay:0.1422775834798813, throughput:3784
episode:177/250, real avg travel time:339.0948731501057
step:3600/3600, q_loss:5.8102060413350246e-05, rewards:-4.492117881774902, queue:1.3366402387619019, delay:0.13284708559513092, throughput:3838
episode:178/250, real avg travel time:270.6753517457009
step:3600/3600, q_loss:-1.0992508274891103e-06, rewards:-3.5708250999450684, queue:1.1173280477523804, delay:0.12895916402339935, throughput:3918
episode:179/250, real avg travel time:274.2450229709035
step:3600/3600, q_loss:9.18021419945742e-05, rewards:-4.564865589141846, queue:1.3925925493240356, delay:0.1322033554315567, throughput:3902
episode:180/250, real avg travel time:295.02075858534084
Test step:180/250, travel time :284.3047260075384, rewards:-5.105976581573486, queue:1.4630951881408691, delay:0.13561056554317474, throughput:3449
step:3600/3600, q_loss:0.00015954593125368572, rewards:-5.198226451873779, queue:1.516931176185608, delay:0.13298214972019196, throughput:3901
episode:181/250, real avg travel time:292.7880030761343
step:3600/3600, q_loss:0.0001220050446540376, rewards:-4.275613784790039, queue:1.3263227939605713, delay:0.13064970076084137, throughput:3918
episode:182/250, real avg travel time:274.4563552833078
step:3600/3600, q_loss:9.72717681078292e-05, rewards:-4.000011444091797, queue:1.2373015880584717, delay:0.12673604488372803, throughput:3908
episode:183/250, real avg travel time:265.767911975435
step:3600/3600, q_loss:0.00018100891595370034, rewards:-4.87572717666626, queue:1.4560846090316772, delay:0.13092318177223206, throughput:3898
episode:184/250, real avg travel time:285.827090815803
step:3600/3600, q_loss:0.00017166074087274157, rewards:-5.892377853393555, queue:1.683465600013733, delay:0.1396096646785736, throughput:3965
episode:185/250, real avg travel time:294.4297604035309
Test step:185/250, travel time :289.57754597858906, rewards:-3.693361520767212, queue:1.1064814329147339, delay:0.13130423426628113, throughput:3643
step:3600/3600, q_loss:7.525483403393688e-05, rewards:-4.357769012451172, queue:1.3579365015029907, delay:0.1349560022354126, throughput:3832
episode:186/250, real avg travel time:273.28888308977037
step:3600/3600, q_loss:2.3473341085870438e-05, rewards:-3.469190835952759, queue:1.1288360357284546, delay:0.131430983543396, throughput:4004
episode:187/250, real avg travel time:271.6158841158841
step:3600/3600, q_loss:-3.4637243111824824e-06, rewards:-3.3577654361724854, queue:1.085185170173645, delay:0.12834396958351135, throughput:3976
episode:188/250, real avg travel time:270.1275150905433
step:3600/3600, q_loss:1.7647055129701686e-05, rewards:-3.3728764057159424, queue:1.103835940361023, delay:0.13077887892723083, throughput:3974
episode:189/250, real avg travel time:268.29944640161045
step:3600/3600, q_loss:0.00014199239117766005, rewards:-5.361795902252197, queue:1.5351852178573608, delay:0.13546985387802124, throughput:3892
episode:190/250, real avg travel time:276.05575539568343
Test step:190/250, travel time :295.78704720087813, rewards:-4.619935989379883, queue:1.3349206447601318, delay:0.13803662359714508, throughput:3644
step:3600/3600, q_loss:0.00014134679885400046, rewards:-5.032496929168701, queue:1.4301587343215942, delay:0.1333230435848236, throughput:3799
episode:191/250, real avg travel time:263.6293761516188
step:3600/3600, q_loss:2.3488503615630585e-05, rewards:-3.1639888286590576, queue:1.0724867582321167, delay:0.12980879843235016, throughput:4025
episode:192/250, real avg travel time:250.7927950310559
step:3600/3600, q_loss:1.0739921223527442e-05, rewards:-3.2600443363189697, queue:1.0915343761444092, delay:0.12801289558410645, throughput:3953
episode:193/250, real avg travel time:252.69440930938526
step:3600/3600, q_loss:1.6436861591905148e-05, rewards:-3.363769292831421, queue:1.1105819940567017, delay:0.1329716295003891, throughput:4018
episode:194/250, real avg travel time:262.2737680438029
step:3600/3600, q_loss:2.829630005483826e-05, rewards:-3.4715006351470947, queue:1.1484127044677734, delay:0.1284669190645218, throughput:3978
episode:195/250, real avg travel time:250.84263448969332
Test step:195/250, travel time :334.3428179636613, rewards:-7.733982563018799, queue:2.1771163940429688, delay:0.15811468660831451, throughput:2917
step:3600/3600, q_loss:8.385850782764868e-06, rewards:-3.2411959171295166, queue:1.067460298538208, delay:0.12782439589500427, throughput:4006
episode:196/250, real avg travel time:260.40788816774835
step:3600/3600, q_loss:0.00010528958882787265, rewards:-4.746357440948486, queue:1.4966931343078613, delay:0.13596920669078827, throughput:3992
episode:197/250, real avg travel time:298.2885771543086
step:3600/3600, q_loss:1.882038518993391e-05, rewards:-3.597399950027466, queue:1.1937830448150635, delay:0.1334855854511261, throughput:3948
episode:198/250, real avg travel time:249.9191995947315
step:3600/3600, q_loss:6.751734577442726e-05, rewards:-4.394070625305176, queue:1.341269850730896, delay:0.13355715572834015, throughput:3942
episode:199/250, real avg travel time:278.4728564180619
step:3600/3600, q_loss:5.755365176203971e-06, rewards:-3.048454523086548, queue:1.031084656715393, delay:0.12550465762615204, throughput:3952
episode:200/250, real avg travel time:246.99418016194332
Test step:200/250, travel time :255.9115723628092, rewards:-5.778342247009277, queue:1.4702380895614624, delay:0.13976125419139862, throughput:3517
step:3600/3600, q_loss:8.442028774879873e-06, rewards:-2.827615261077881, queue:0.9624338746070862, delay:0.12198079377412796, throughput:3927
episode:201/250, real avg travel time:243.18971224853578
step:3600/3600, q_loss:3.3274945275883915e-05, rewards:-3.737881898880005, queue:1.1702381372451782, delay:0.12555229663848877, throughput:3842
episode:202/250, real avg travel time:263.8748047891723
step:3600/3600, q_loss:4.594385641717559e-05, rewards:-4.940561294555664, queue:1.4869047403335571, delay:0.13947203755378723, throughput:3911
episode:203/250, real avg travel time:285.41063666581437
step:3600/3600, q_loss:4.994961653008229e-05, rewards:-4.402766704559326, queue:1.324338674545288, delay:0.13182422518730164, throughput:3960
episode:204/250, real avg travel time:270.0143939393939
step:3600/3600, q_loss:3.7743011489510536e-05, rewards:-4.297396659851074, queue:1.3145502805709839, delay:0.13553521037101746, throughput:3990
episode:205/250, real avg travel time:275.71979949874685
Test step:205/250, travel time :322.01290322580644, rewards:-8.428252220153809, queue:2.1195766925811768, delay:0.14618557691574097, throughput:3410
step:3600/3600, q_loss:7.759226047912508e-05, rewards:-4.280562400817871, queue:1.314021110534668, delay:0.12860868871212006, throughput:3879
episode:206/250, real avg travel time:272.60711523588554
step:3600/3600, q_loss:9.70682628879634e-05, rewards:-4.311975002288818, queue:1.2896825075149536, delay:0.12788964807987213, throughput:3902
episode:207/250, real avg travel time:283.77242439774477
step:3600/3600, q_loss:1.6634368593157786e-05, rewards:-3.2393405437469482, queue:1.0755290985107422, delay:0.12402043491601944, throughput:3947
episode:208/250, real avg travel time:267.9224727641247
step:3600/3600, q_loss:5.115261834968502e-06, rewards:-3.41426157951355, queue:1.0812169313430786, delay:0.12952487170696259, throughput:3888
episode:209/250, real avg travel time:275.49819958847735
step:3600/3600, q_loss:8.032972740087038e-06, rewards:-3.1869444847106934, queue:1.0461640357971191, delay:0.12550176680088043, throughput:3924
episode:210/250, real avg travel time:272.99847094801225
Test step:210/250, travel time :301.9179994184356, rewards:-6.310739994049072, queue:1.7052910327911377, delay:0.14309044182300568, throughput:3439
step:3600/3600, q_loss:0.00010899756533843983, rewards:-4.522767543792725, queue:1.3238095045089722, delay:0.12828966975212097, throughput:3803
episode:211/250, real avg travel time:266.5466736786747
step:3600/3600, q_loss:0.00017008599744359446, rewards:-5.548306465148926, queue:1.573544979095459, delay:0.1350305825471878, throughput:3944
episode:212/250, real avg travel time:307.95258620689657
step:3600/3600, q_loss:7.413279211808307e-05, rewards:-4.199095726013184, queue:1.2513227462768555, delay:0.13005664944648743, throughput:3974
episode:213/250, real avg travel time:268.35052843482634
step:3600/3600, q_loss:1.0411542785328088e-05, rewards:-2.730536699295044, queue:0.9653438925743103, delay:0.12212345004081726, throughput:4039
episode:214/250, real avg travel time:248.30799702896758
step:3600/3600, q_loss:4.510703203979776e-05, rewards:-4.224590301513672, queue:1.2391533851623535, delay:0.13201001286506653, throughput:3900
episode:215/250, real avg travel time:288.63615384615383
Test step:215/250, travel time :380.94273697832415, rewards:-13.72768783569336, queue:3.468386173248291, delay:0.18912246823310852, throughput:3091
step:3600/3600, q_loss:5.116178201408022e-06, rewards:-3.7074499130249023, queue:1.1554232835769653, delay:0.1331857442855835, throughput:3958
episode:216/250, real avg travel time:271.8587670540677
step:3600/3600, q_loss:9.559308010567394e-06, rewards:-3.5654053688049316, queue:1.1144180297851562, delay:0.12818041443824768, throughput:3966
episode:217/250, real avg travel time:280.9210791729702
step:3600/3600, q_loss:4.393383076401531e-06, rewards:-2.9877686500549316, queue:1.0230158567428589, delay:0.12654903531074524, throughput:3947
episode:218/250, real avg travel time:257.60374968330376
step:3600/3600, q_loss:5.388283898355439e-06, rewards:-3.5045714378356934, queue:1.1190476417541504, delay:0.12510840594768524, throughput:3901
episode:219/250, real avg travel time:257.96154832094334
step:3600/3600, q_loss:4.580550982306401e-05, rewards:-4.210081100463867, queue:1.2518517971038818, delay:0.12575802206993103, throughput:3946
episode:220/250, real avg travel time:301.8912823112012
Test step:220/250, travel time :299.97177533163983, rewards:-6.335955619812012, queue:1.6739418506622314, delay:0.14484776556491852, throughput:3543
step:3600/3600, q_loss:7.542856716706108e-05, rewards:-4.2508134841918945, queue:1.3138889074325562, delay:0.1311560720205307, throughput:3891
episode:221/250, real avg travel time:286.0282703675148
step:3600/3600, q_loss:4.547372639838916e-05, rewards:-3.596515655517578, queue:1.1719577312469482, delay:0.12934085726737976, throughput:3935
episode:222/250, real avg travel time:273.98576874205844
step:3600/3600, q_loss:4.606651523823125e-05, rewards:-3.9385297298431396, queue:1.2273809909820557, delay:0.1299956738948822, throughput:3976
episode:223/250, real avg travel time:281.0762072434608
step:3600/3600, q_loss:0.0001746035244044227, rewards:-5.709362030029297, queue:1.6346560716629028, delay:0.1420552134513855, throughput:3853
episode:224/250, real avg travel time:309.8497274850766
step:3600/3600, q_loss:6.373128215070917e-05, rewards:-4.008458614349365, queue:1.2575396299362183, delay:0.1259746551513672, throughput:3846
episode:225/250, real avg travel time:275.5767030681227
Test step:225/250, travel time :308.8166351606805, rewards:-10.332645416259766, queue:2.6933863162994385, delay:0.17588701844215393, throughput:3174
step:3600/3600, q_loss:2.8750991138319174e-05, rewards:-4.08997917175293, queue:1.2658730745315552, delay:0.13147874176502228, throughput:3939
episode:226/250, real avg travel time:261.5676567656766
step:3600/3600, q_loss:3.381340365093719e-05, rewards:-3.4187655448913574, queue:1.1539682149887085, delay:0.12724792957305908, throughput:3911
episode:227/250, real avg travel time:257.49271286116084
step:3600/3600, q_loss:8.564613542855821e-06, rewards:-3.0612215995788574, queue:1.0179893970489502, delay:0.12319613993167877, throughput:3928
episode:228/250, real avg travel time:254.54327902240325
step:3600/3600, q_loss:2.325756536770819e-06, rewards:-3.0111029148101807, queue:0.9976190328598022, delay:0.12198380380868912, throughput:3919
episode:229/250, real avg travel time:252.01735136514418
step:3600/3600, q_loss:7.566906262784162e-05, rewards:-4.394794464111328, queue:1.3544973134994507, delay:0.13272839784622192, throughput:3888
episode:230/250, real avg travel time:284.5627572016461
Test step:230/250, travel time :277.8058758923668, rewards:-3.603893995285034, queue:1.1074074506759644, delay:0.13041634857654572, throughput:3642
step:3600/3600, q_loss:4.9559273045613535e-05, rewards:-4.26717472076416, queue:1.3104497194290161, delay:0.12992064654827118, throughput:3793
episode:231/250, real avg travel time:284.0102820986027
step:3600/3600, q_loss:8.214344909194754e-05, rewards:-4.077392578125, queue:1.2662698030471802, delay:0.1281690001487732, throughput:3854
episode:232/250, real avg travel time:295.7550596782564
step:3600/3600, q_loss:2.964557158217455e-06, rewards:-3.5006844997406006, queue:1.082275152206421, delay:0.12727664411067963, throughput:3854
episode:233/250, real avg travel time:289.09937727036845
step:3600/3600, q_loss:3.8240352457958374e-05, rewards:-4.10987663269043, queue:1.2707672119140625, delay:0.13140006363391876, throughput:3889
episode:234/250, real avg travel time:281.26176394960146
step:3600/3600, q_loss:-3.212484282105126e-06, rewards:-3.3447556495666504, queue:1.050661325454712, delay:0.1278531551361084, throughput:3960
episode:235/250, real avg travel time:267.48333333333335
Test step:235/250, travel time :367.1097226455349, rewards:-10.28801441192627, queue:2.4944443702697754, delay:0.16886696219444275, throughput:3281
step:3600/3600, q_loss:0.00011642052898726736, rewards:-5.5577802658081055, queue:1.6226190328598022, delay:0.14033184945583344, throughput:3823
episode:236/250, real avg travel time:315.40465602929635
step:3600/3600, q_loss:-2.2375861590262502e-06, rewards:-3.18890643119812, queue:1.0353174209594727, delay:0.1241229698061943, throughput:3908
episode:237/250, real avg travel time:271.846724667349
step:3600/3600, q_loss:3.170457130181603e-05, rewards:-3.9007678031921387, queue:1.1928571462631226, delay:0.1281384825706482, throughput:3878
episode:238/250, real avg travel time:270.5887055183084
step:3600/3600, q_loss:2.1081750714478808e-05, rewards:-3.7909350395202637, queue:1.1888889074325562, delay:0.1284092515707016, throughput:3908
episode:239/250, real avg travel time:264.75870010235417
step:3600/3600, q_loss:8.738066551611862e-06, rewards:-3.687541961669922, queue:1.1455026865005493, delay:0.1318860799074173, throughput:3850
episode:240/250, real avg travel time:272.207012987013
Test step:240/250, travel time :283.13468382151655, rewards:-3.7898027896881104, queue:1.191269874572754, delay:0.12666241824626923, throughput:3653
step:3600/3600, q_loss:1.3548932555649016e-07, rewards:-3.2174811363220215, queue:1.0365079641342163, delay:0.12858659029006958, throughput:3923
episode:241/250, real avg travel time:263.535049706857
step:3600/3600, q_loss:-8.521109622152936e-07, rewards:-3.17853045463562, queue:1.0357142686843872, delay:0.12702946364879608, throughput:3851
episode:242/250, real avg travel time:271.6167229291093
step:3600/3600, q_loss:0.0003212565569103592, rewards:-7.768890857696533, queue:2.019841194152832, delay:0.14983277022838593, throughput:3757
episode:243/250, real avg travel time:336.7521959009848
step:3600/3600, q_loss:1.79598702945643e-06, rewards:-3.950914144515991, queue:1.2071428298950195, delay:0.1347479373216629, throughput:3900
episode:244/250, real avg travel time:277.05051282051284
step:3600/3600, q_loss:4.166431931985749e-05, rewards:-4.265421390533447, queue:1.2839946746826172, delay:0.12942565977573395, throughput:3925
episode:245/250, real avg travel time:296.51898089171976
Test step:245/250, travel time :335.7699501246883, rewards:-9.591495513916016, queue:2.4818782806396484, delay:0.15841498970985413, throughput:3208
step:3600/3600, q_loss:3.423678564205248e-05, rewards:-4.068080425262451, queue:1.2744709253311157, delay:0.13044473528862, throughput:3988
episode:246/250, real avg travel time:278.35682046138413
step:3600/3600, q_loss:-2.564327991826253e-07, rewards:-3.545196294784546, queue:1.1247354745864868, delay:0.13029003143310547, throughput:3974
episode:247/250, real avg travel time:268.7544036235531
step:3600/3600, q_loss:6.0814492381824594e-05, rewards:-4.221402168273926, queue:1.3394179344177246, delay:0.13217972218990326, throughput:3928
episode:248/250, real avg travel time:281.7876782077393
step:3600/3600, q_loss:4.399846592504117e-06, rewards:-3.916877508163452, queue:1.1649470329284668, delay:0.13388943672180176, throughput:3929
episode:249/250, real avg travel time:283.79918554339525
Hyperparameters saved to: data/output_data/tsc/sumo_hyperlight_mappo/sumo1x21/c8rf_ing21_seed0/hyperparameters.json
Loaded best checkpoint for final evaluation
Final Travel Time is 228.3127, mean rewards: -5.3414, queue: 2.0345, delay: 0.1481, throughput: 3982
Total time taken: 26899.50464963913
