hyperlight_mappo	TRAIN	0	729.9027	0.003071	-38.4031	11.2016	0.3771	2323
hyperlight_mappo	TEST	0	1090.6261	0.003071	-49.9873	13.8571	0.4941	460
hyperlight_mappo	TRAIN	1	575.8178	0.001471	-27.8268	8.4097	0.3341	2629
hyperlight_mappo	TRAIN	2	568.4260	0.001111	-25.9259	7.6168	0.3295	2601
hyperlight_mappo	TRAIN	3	598.4507	0.001068	-25.8377	7.7858	0.3204	2716
hyperlight_mappo	TRAIN	4	558.0671	0.000641	-22.5239	6.7786	0.3187	2726
hyperlight_mappo	TRAIN	5	567.4101	0.000718	-23.1781	7.0817	0.3152	2748
hyperlight_mappo	TEST	5	714.8459	0.000718	-33.8187	10.2717	0.3634	1058
hyperlight_mappo	TRAIN	6	564.3123	0.000793	-24.5211	7.5554	0.3152	2699
hyperlight_mappo	TRAIN	7	580.2384	0.000956	-25.5921	7.7786	0.3328	2764
hyperlight_mappo	TRAIN	8	579.4477	0.000784	-24.1591	7.3610	0.3180	2667
hyperlight_mappo	TRAIN	9	528.5956	0.000536	-21.6038	6.6278	0.3194	2829
hyperlight_mappo	TRAIN	10	531.1727	0.000617	-21.7611	6.6836	0.3128	2919
hyperlight_mappo	TEST	10	597.7214	0.000617	-39.9088	11.6767	0.3635	1590
hyperlight_mappo	TRAIN	11	458.4608	0.000376	-19.0668	5.8358	0.2911	3047
hyperlight_mappo	TRAIN	12	442.1801	0.000338	-16.3044	5.1267	0.2687	3131
hyperlight_mappo	TRAIN	13	436.0210	0.000378	-16.3832	4.9739	0.2616	3143
hyperlight_mappo	TRAIN	14	469.1156	0.000499	-18.0205	5.4885	0.2615	3098
hyperlight_mappo	TRAIN	15	397.4443	0.000237	-14.2856	4.4471	0.2526	3403
hyperlight_mappo	TEST	15	586.7685	0.000237	-41.0666	12.1472	0.3685	1456
hyperlight_mappo	TRAIN	16	410.5003	0.000322	-14.5228	4.6339	0.2479	3426
hyperlight_mappo	TRAIN	17	400.6072	0.000257	-14.2382	4.4556	0.2460	3488
hyperlight_mappo	TRAIN	18	404.1532	0.000460	-15.7449	4.8116	0.2445	3433
hyperlight_mappo	TRAIN	19	430.7402	0.000387	-13.9864	4.3774	0.2380	3533
hyperlight_mappo	TRAIN	20	429.3834	0.000544	-16.4996	4.9746	0.2450	3292
hyperlight_mappo	TEST	20	563.6260	0.000544	-35.5990	10.9152	0.3596	1639
hyperlight_mappo	TRAIN	21	410.4942	0.000409	-14.1783	4.3893	0.2297	3474
hyperlight_mappo	TRAIN	22	389.4017	0.000571	-14.5368	4.3110	0.2381	3520
hyperlight_mappo	TRAIN	23	384.3135	0.000370	-12.6640	3.9366	0.2305	3553
hyperlight_mappo	TRAIN	24	391.8477	0.000462	-13.8990	4.2224	0.2289	3356
hyperlight_mappo	TRAIN	25	401.9925	0.000534	-14.2680	4.3710	0.2375	3599
hyperlight_mappo	TEST	25	562.8148	0.000534	-32.9915	9.7610	0.3567	1830
hyperlight_mappo	TRAIN	26	393.6329	0.000408	-12.4963	3.8778	0.2252	3609
hyperlight_mappo	TRAIN	27	333.8996	0.000329	-10.1072	3.1503	0.2122	3765
hyperlight_mappo	TRAIN	28	339.7611	0.000395	-11.5242	3.4955	0.2180	3763
hyperlight_mappo	TRAIN	29	315.2075	0.000319	-9.2813	3.0009	0.2022	3846
hyperlight_mappo	TRAIN	30	319.9390	0.000290	-8.5708	2.7827	0.1961	3936
hyperlight_mappo	TEST	30	507.4845	0.000290	-22.2387	6.0025	0.3109	2619
hyperlight_mappo	TRAIN	31	340.1499	0.000282	-9.7794	3.0802	0.2090	3883
hyperlight_mappo	TRAIN	32	305.3870	0.000184	-8.7053	2.7556	0.1987	3855
hyperlight_mappo	TRAIN	33	325.6555	0.000229	-9.6796	3.0372	0.2023	3788
hyperlight_mappo	TRAIN	34	286.6228	0.000143	-7.4282	2.3696	0.1861	4014
hyperlight_mappo	TRAIN	35	298.4465	0.000167	-7.4597	2.4187	0.1839	3966
hyperlight_mappo	TEST	35	378.3856	0.000167	-18.0885	5.4484	0.2642	2915
hyperlight_mappo	TRAIN	36	279.2425	0.000087	-6.4088	2.1053	0.1785	4004
hyperlight_mappo	TRAIN	37	256.2500	0.000082	-5.8400	1.9644	0.1692	3992
hyperlight_mappo	TRAIN	38	251.5606	0.000070	-5.4318	1.8689	0.1642	4037
hyperlight_mappo	TRAIN	39	244.5541	0.000062	-5.1470	1.8071	0.1620	4014
hyperlight_mappo	TRAIN	40	233.9297	0.000037	-5.1843	1.7821	0.1559	4052
hyperlight_mappo	TEST	40	315.1781	0.000037	-14.1052	4.5585	0.1992	3718
hyperlight_mappo	TRAIN	41	228.6319	0.000037	-4.9459	1.7500	0.1548	4059
hyperlight_mappo	TRAIN	42	230.3962	0.000027	-4.5775	1.6832	0.1491	4028
hyperlight_mappo	TRAIN	43	225.8794	0.000018	-4.5935	1.6324	0.1538	4048
hyperlight_mappo	TRAIN	44	227.0540	0.000022	-4.5088	1.5937	0.1546	4056
hyperlight_mappo	TRAIN	45	223.4448	0.000013	-4.3503	1.5984	0.1466	4047
hyperlight_mappo	TEST	45	282.6355	0.000013	-12.4057	3.9804	0.1949	3619
hyperlight_mappo	TRAIN	46	232.4287	0.000012	-4.4364	1.5827	0.1515	4052
hyperlight_mappo	TRAIN	47	226.0419	0.000022	-4.6541	1.6460	0.1500	4038
hyperlight_mappo	TRAIN	48	229.9426	0.000021	-4.6557	1.6521	0.1546	4040
hyperlight_mappo	TRAIN	49	225.8237	0.000015	-4.2357	1.5563	0.1497	4051
hyperlight_mappo	TRAIN	50	229.8719	0.000010	-4.1860	1.5094	0.1440	4052
hyperlight_mappo	TEST	50	220.0359	0.000010	-4.5595	1.6472	0.1511	3979
hyperlight_mappo	TRAIN	51	228.6037	0.000008	-3.8156	1.4328	0.1450	4060
hyperlight_mappo	TRAIN	52	225.8360	0.000002	-3.7702	1.4308	0.1425	4055
hyperlight_mappo	TRAIN	53	221.3442	0.000004	-3.7578	1.4190	0.1438	4047
hyperlight_mappo	TRAIN	54	223.3408	0.000004	-3.9833	1.4812	0.1469	4052
hyperlight_mappo	TRAIN	55	228.3436	0.000003	-3.8863	1.4280	0.1414	4054
hyperlight_mappo	TEST	55	256.4096	0.000003	-15.5990	5.2929	0.1843	3411
hyperlight_mappo	TRAIN	56	224.4388	0.000001	-3.8560	1.4298	0.1432	4043
hyperlight_mappo	TRAIN	57	224.5830	0.000001	-3.7974	1.3706	0.1426	4046
hyperlight_mappo	TRAIN	58	229.2835	-0.000001	-4.0992	1.4747	0.1486	4053
hyperlight_mappo	TRAIN	59	226.1053	0.000000	-3.8137	1.3788	0.1466	4045
hyperlight_mappo	TRAIN	60	230.3033	0.000005	-3.9710	1.4226	0.1460	4039
hyperlight_mappo	TEST	60	291.1813	0.000005	-10.3877	3.1253	0.1833	3652
hyperlight_mappo	TRAIN	61	233.6457	0.000001	-4.3362	1.5095	0.1466	4047
hyperlight_mappo	TRAIN	62	229.9648	0.000007	-4.2128	1.4971	0.1492	4039
hyperlight_mappo	TRAIN	63	231.8736	0.000015	-3.9752	1.4112	0.1468	4057
hyperlight_mappo	TRAIN	64	236.8479	0.000030	-4.3565	1.4929	0.1500	4057
hyperlight_mappo	TRAIN	65	234.4245	0.000012	-4.1311	1.4549	0.1455	4024
hyperlight_mappo	TEST	65	279.6051	0.000012	-16.7214	5.1255	0.1934	3363
hyperlight_mappo	TRAIN	66	233.5219	0.000002	-4.0751	1.3946	0.1501	4039
hyperlight_mappo	TRAIN	67	237.0393	0.000019	-4.3176	1.4302	0.1457	4046
hyperlight_mappo	TRAIN	68	230.7334	0.000016	-4.3720	1.5606	0.1487	4047
hyperlight_mappo	TRAIN	69	233.1166	0.000010	-3.7541	1.3447	0.1402	4040
hyperlight_mappo	TRAIN	70	232.6354	0.000036	-4.4468	1.5067	0.1481	4045
hyperlight_mappo	TEST	70	222.4875	0.000036	-3.5034	1.1577	0.1386	3828
hyperlight_mappo	TRAIN	71	236.4816	0.000031	-4.0739	1.4099	0.1410	4003
hyperlight_mappo	TRAIN	72	243.9097	0.000055	-4.6198	1.5095	0.1481	3944
hyperlight_mappo	TRAIN	73	244.6028	0.000015	-3.9696	1.3200	0.1419	3938
hyperlight_mappo	TRAIN	74	236.4800	0.000018	-4.0174	1.3024	0.1415	3904
hyperlight_mappo	TRAIN	75	245.6860	0.000058	-4.4886	1.4474	0.1450	3974
hyperlight_mappo	TEST	75	280.2229	0.000058	-11.6219	3.6167	0.1894	3490
hyperlight_mappo	TRAIN	76	235.5514	0.000010	-3.8721	1.3306	0.1445	3932
hyperlight_mappo	TRAIN	77	245.9196	0.000021	-4.0446	1.3155	0.1418	3969
hyperlight_mappo	TRAIN	78	270.2423	0.000041	-4.9765	1.5926	0.1560	3920
hyperlight_mappo	TRAIN	79	252.5834	0.000038	-4.3894	1.4265	0.1448	3961
hyperlight_mappo	TRAIN	80	243.4542	0.000013	-3.8779	1.3570	0.1453	3989
hyperlight_mappo	TEST	80	293.2335	0.000013	-9.6093	3.0467	0.1843	3482
hyperlight_mappo	TRAIN	81	270.3304	0.000045	-5.3826	1.7534	0.1587	3826
hyperlight_mappo	TRAIN	82	270.8205	0.000040	-4.7325	1.5229	0.1519	3923
hyperlight_mappo	TRAIN	83	244.6293	0.000037	-4.4044	1.4079	0.1446	3971
hyperlight_mappo	TRAIN	84	248.0839	0.000031	-4.3048	1.4583	0.1462	4004
hyperlight_mappo	TRAIN	85	245.5675	0.000048	-4.7642	1.5528	0.1468	3988
hyperlight_mappo	TEST	85	221.8487	0.000048	-3.4887	1.1455	0.1370	3819
hyperlight_mappo	TRAIN	86	235.0245	0.000010	-3.7446	1.2937	0.1418	3962
hyperlight_mappo	TRAIN	87	235.9656	0.000020	-3.9633	1.3919	0.1390	4009
hyperlight_mappo	TRAIN	88	234.2475	0.000021	-3.8534	1.3243	0.1387	4029
hyperlight_mappo	TRAIN	89	232.8222	0.000012	-3.6321	1.2380	0.1372	3932
hyperlight_mappo	TRAIN	90	232.5541	0.000018	-4.3297	1.4872	0.1487	4048
hyperlight_mappo	TEST	90	246.4738	0.000018	-4.4609	1.4655	0.1472	3582
hyperlight_mappo	TRAIN	91	237.5152	0.000005	-3.6999	1.3344	0.1408	4018
hyperlight_mappo	TRAIN	92	248.2738	0.000026	-4.1718	1.4479	0.1458	3973
hyperlight_mappo	TRAIN	93	227.9919	0.000019	-3.9037	1.3743	0.1404	4055
hyperlight_mappo	TRAIN	94	237.0825	0.000006	-3.7471	1.3697	0.1407	4035
hyperlight_mappo	TRAIN	95	222.4636	0.000013	-3.5035	1.3198	0.1373	4047
hyperlight_mappo	TEST	95	213.3443	0.000013	-2.9970	1.0565	0.1292	3822
hyperlight_mappo	TRAIN	96	228.6878	0.000001	-3.2507	1.1992	0.1357	3950
hyperlight_mappo	TRAIN	97	231.4284	0.000017	-3.6367	1.2754	0.1334	3922
hyperlight_mappo	TRAIN	98	227.2837	0.000001	-3.4516	1.2234	0.1339	3937
hyperlight_mappo	TRAIN	99	225.7968	0.000006	-3.5156	1.1931	0.1347	3883
hyperlight_mappo	TRAIN	100	249.9245	0.000031	-4.2821	1.4380	0.1423	3893
hyperlight_mappo	TEST	100	227.4579	0.000031	-3.8854	1.2316	0.1436	3822
hyperlight_mappo	TRAIN	101	227.8987	0.000003	-3.5523	1.2139	0.1372	3878
hyperlight_mappo	TRAIN	102	224.6007	0.000006	-3.5548	1.1802	0.1373	3887
hyperlight_mappo	TRAIN	103	234.4710	0.000012	-3.8354	1.2446	0.1369	3896
hyperlight_mappo	TRAIN	104	239.1507	0.000032	-4.0735	1.3144	0.1393	3883
hyperlight_mappo	TRAIN	105	237.7887	0.000025	-3.9811	1.2862	0.1366	3890
hyperlight_mappo	TEST	105	277.5483	0.000025	-5.1697	1.5205	0.1597	3768
hyperlight_mappo	TRAIN	106	230.8673	0.000007	-3.7608	1.2085	0.1330	3865
hyperlight_mappo	TRAIN	107	237.4994	0.000013	-3.7793	1.2142	0.1335	3891
hyperlight_mappo	TRAIN	108	250.0441	0.000013	-3.6530	1.2282	0.1374	3922
hyperlight_mappo	TRAIN	109	240.1344	0.000008	-3.6528	1.2295	0.1379	3906
hyperlight_mappo	TRAIN	110	234.5091	0.000017	-3.7800	1.2583	0.1347	3917
hyperlight_mappo	TEST	110	252.3423	0.000017	-5.3036	1.6508	0.1481	3588
hyperlight_mappo	TRAIN	111	238.4868	0.000121	-4.7449	1.4671	0.1375	3833
hyperlight_mappo	TRAIN	112	226.0659	0.000011	-3.4526	1.2004	0.1346	3977
hyperlight_mappo	TRAIN	113	227.9705	0.000007	-3.5602	1.2217	0.1359	3961
hyperlight_mappo	TRAIN	114	236.0852	0.000009	-3.7797	1.2607	0.1388	3957
hyperlight_mappo	TRAIN	115	223.4091	0.000015	-3.5376	1.2671	0.1380	4004
hyperlight_mappo	TEST	115	270.1679	0.000015	-4.9000	1.5821	0.1442	3687
hyperlight_mappo	TRAIN	116	224.2499	0.000009	-3.3207	1.1737	0.1325	3977
hyperlight_mappo	TRAIN	117	217.3744	-0.000000	-3.2029	1.1813	0.1332	4009
hyperlight_mappo	TRAIN	118	220.1422	0.000005	-3.2084	1.1971	0.1325	3981
hyperlight_mappo	TRAIN	119	225.4501	0.000007	-3.3635	1.2481	0.1339	4050
hyperlight_mappo	TRAIN	120	217.9896	0.000008	-3.1480	1.1538	0.1331	4041
hyperlight_mappo	TEST	120	253.3511	0.000008	-4.2259	1.2803	0.1457	3828
hyperlight_mappo	TRAIN	121	222.2502	0.000027	-3.5972	1.3040	0.1346	4032
hyperlight_mappo	TRAIN	122	219.0517	0.000013	-3.2519	1.1878	0.1342	4046
hyperlight_mappo	TRAIN	123	222.2991	0.000006	-3.2744	1.1522	0.1350	3958
hyperlight_mappo	TRAIN	124	218.2819	0.000029	-3.5934	1.2563	0.1370	3938
hyperlight_mappo	TRAIN	125	221.2276	0.000001	-3.2436	1.1593	0.1359	3980
hyperlight_mappo	TEST	125	252.1267	0.000001	-3.8568	1.2438	0.1416	3828
hyperlight_mappo	TRAIN	126	221.8544	0.000020	-3.4159	1.2280	0.1363	3923
hyperlight_mappo	TRAIN	127	214.3108	0.000011	-3.1955	1.1328	0.1319	3928
hyperlight_mappo	TRAIN	128	228.3235	0.000021	-3.5813	1.2090	0.1336	3913
hyperlight_mappo	TRAIN	129	218.5278	0.000015	-3.3111	1.1497	0.1312	3924
hyperlight_mappo	TRAIN	130	224.1647	0.000015	-3.6504	1.2434	0.1353	3861
hyperlight_mappo	TEST	130	247.6107	0.000015	-5.6553	1.6921	0.1410	3460
hyperlight_mappo	TRAIN	131	246.0828	0.000025	-3.9952	1.3311	0.1423	3840
hyperlight_mappo	TRAIN	132	240.5086	0.000059	-4.3002	1.3763	0.1384	3873
hyperlight_mappo	TRAIN	133	217.6680	0.000007	-3.6300	1.2048	0.1371	3846
hyperlight_mappo	TRAIN	134	228.6851	0.000010	-3.4495	1.1661	0.1321	3855
hyperlight_mappo	TRAIN	135	221.0753	0.000014	-3.3955	1.1571	0.1302	3851
hyperlight_mappo	TEST	135	238.3138	0.000014	-4.1755	1.3164	0.1373	3830
hyperlight_mappo	TRAIN	136	222.9179	0.000014	-3.3330	1.1369	0.1336	3863
hyperlight_mappo	TRAIN	137	224.1892	0.000016	-3.3919	1.1690	0.1298	3928
hyperlight_mappo	TRAIN	138	218.4405	0.000014	-3.1596	1.1194	0.1279	3891
hyperlight_mappo	TRAIN	139	222.2301	0.000018	-3.1573	1.1196	0.1331	3968
hyperlight_mappo	TRAIN	140	223.7479	0.000014	-3.2326	1.1507	0.1273	3947
hyperlight_mappo	TEST	140	230.5508	0.000014	-3.4658	1.1237	0.1286	3829
hyperlight_mappo	TRAIN	141	214.9221	0.000008	-2.9974	1.0827	0.1274	3879
hyperlight_mappo	TRAIN	142	223.8001	0.000020	-3.6375	1.2431	0.1323	3961
hyperlight_mappo	TRAIN	143	232.7921	0.000057	-3.8902	1.3060	0.1336	3892
hyperlight_mappo	TRAIN	144	208.5879	0.000016	-2.9283	1.1001	0.1295	3999
hyperlight_mappo	TRAIN	145	209.6358	0.000004	-2.7947	1.0492	0.1265	3959
hyperlight_mappo	TEST	145	211.9440	0.000004	-2.3746	0.9626	0.1226	3858
hyperlight_mappo	TRAIN	146	209.4502	0.000016	-2.9492	1.0864	0.1272	3907
hyperlight_mappo	TRAIN	147	209.4698	0.000003	-2.7094	1.0276	0.1247	3938
hyperlight_mappo	TRAIN	148	215.7270	0.000003	-2.9290	1.1124	0.1302	3970
hyperlight_mappo	TRAIN	149	206.7944	0.000008	-2.7004	1.0560	0.1278	4033
hyperlight_mappo	TRAIN	150	209.5657	0.000001	-2.6562	1.0403	0.1269	3958
hyperlight_mappo	TEST	150	229.8449	0.000001	-3.2325	1.1276	0.1297	3836
hyperlight_mappo	TRAIN	151	208.7420	-0.000002	-2.8452	1.0762	0.1297	4007
hyperlight_mappo	TRAIN	152	212.3014	0.000005	-2.7793	1.0783	0.1273	4034
hyperlight_mappo	TRAIN	153	217.3407	0.000009	-2.8279	1.0693	0.1270	4039
hyperlight_mappo	TRAIN	154	210.6435	0.000008	-2.8111	1.0824	0.1262	4059
hyperlight_mappo	TRAIN	155	227.5522	0.000105	-4.3837	1.4026	0.1346	4071
hyperlight_mappo	TEST	155	210.7222	0.000105	-2.6664	1.0369	0.1286	3952
hyperlight_mappo	TRAIN	156	204.7161	0.000009	-2.6932	1.0796	0.1287	4068
hyperlight_mappo	TRAIN	157	205.7161	0.000000	-2.7331	1.0542	0.1257	4076
hyperlight_mappo	TRAIN	158	201.4097	0.000000	-2.5215	1.0296	0.1240	4074
hyperlight_mappo	TRAIN	159	210.0302	0.000007	-2.8088	1.0886	0.1275	4077
hyperlight_mappo	TRAIN	160	207.7597	0.000003	-2.7758	1.0706	0.1266	4020
hyperlight_mappo	TEST	160	215.2143	0.000003	-2.8272	1.0517	0.1261	3813
hyperlight_mappo	TRAIN	161	213.7743	0.000001	-2.8283	1.0618	0.1271	3970
hyperlight_mappo	TRAIN	162	226.9482	0.000035	-3.5424	1.2123	0.1296	3960
hyperlight_mappo	TRAIN	163	212.0241	0.000000	-2.7862	1.0384	0.1266	3943
hyperlight_mappo	TRAIN	164	215.7620	0.000007	-2.9032	1.0778	0.1263	3979
hyperlight_mappo	TRAIN	165	212.2317	0.000002	-2.8130	1.0384	0.1253	3914
hyperlight_mappo	TEST	165	213.9167	0.000002	-2.8766	1.0472	0.1266	3817
hyperlight_mappo	TRAIN	166	212.3579	0.000003	-2.6784	0.9989	0.1233	3917
hyperlight_mappo	TRAIN	167	208.4446	0.000013	-2.7480	1.0261	0.1262	3956
hyperlight_mappo	TRAIN	168	212.7462	0.000012	-2.8169	1.0741	0.1264	4026
hyperlight_mappo	TRAIN	169	216.3321	0.000004	-2.9116	1.0656	0.1263	3951
hyperlight_mappo	TRAIN	170	217.9962	0.000013	-2.9865	1.1062	0.1261	3949
hyperlight_mappo	TEST	170	236.5742	0.000013	-3.6276	1.2259	0.1319	3765
hyperlight_mappo	TRAIN	171	220.9607	0.000003	-2.9211	1.0519	0.1270	3889
hyperlight_mappo	TRAIN	172	229.8230	0.000006	-3.3598	1.1594	0.1321	3864
hyperlight_mappo	TRAIN	173	208.4519	0.000006	-2.7760	1.0173	0.1240	3884
hyperlight_mappo	TRAIN	174	214.6328	0.000002	-2.8034	1.0231	0.1252	3900
hyperlight_mappo	TRAIN	175	215.7790	0.000018	-2.9052	1.0485	0.1249	3859
hyperlight_mappo	TEST	175	258.5933	0.000018	-4.9316	1.4817	0.1391	3543
hyperlight_mappo	TRAIN	176	215.8177	0.000014	-3.0041	1.0810	0.1273	3949
hyperlight_mappo	TRAIN	177	219.9510	0.000032	-3.1572	1.1373	0.1291	3962
hyperlight_mappo	TRAIN	178	232.0167	0.000021	-3.3365	1.2078	0.1328	4001
hyperlight_mappo	TRAIN	179	230.8220	0.000000	-2.9993	1.1242	0.1327	3943
hyperlight_mappo	TRAIN	180	211.5124	0.000007	-2.8840	1.0497	0.1285	3948
hyperlight_mappo	TEST	180	224.5270	0.000007	-3.0628	1.0676	0.1279	3816
hyperlight_mappo	TRAIN	181	212.8755	0.000007	-2.6640	0.9968	0.1241	3905
hyperlight_mappo	TRAIN	182	207.6096	0.000002	-2.4932	0.9989	0.1254	3957
hyperlight_mappo	TRAIN	183	221.5564	0.000005	-2.9801	1.0700	0.1277	3886
hyperlight_mappo	TRAIN	184	218.3681	0.000012	-2.8902	1.0693	0.1276	3907
hyperlight_mappo	TRAIN	185	230.4550	0.000007	-3.2338	1.1250	0.1323	3877
hyperlight_mappo	TEST	185	235.7834	0.000007	-3.3986	1.1911	0.1325	3842
hyperlight_mappo	TRAIN	186	235.4040	0.000006	-3.2671	1.1504	0.1337	3903
hyperlight_mappo	TRAIN	187	215.5443	0.000012	-2.7793	1.0274	0.1239	3902
hyperlight_mappo	TRAIN	188	214.1949	0.000006	-2.7717	1.0483	0.1277	3914
hyperlight_mappo	TRAIN	189	216.0709	0.000008	-2.7977	1.0382	0.1258	3919
hyperlight_mappo	TRAIN	190	218.0870	0.000006	-2.7851	1.0430	0.1275	3918
hyperlight_mappo	TEST	190	235.0302	0.000006	-3.9049	1.2396	0.1268	3809
hyperlight_mappo	TRAIN	191	216.8788	0.000008	-2.7937	1.0295	0.1252	3937
hyperlight_mappo	TRAIN	192	210.6478	0.000004	-2.5729	0.9726	0.1231	3901
hyperlight_mappo	TRAIN	193	209.0222	0.000001	-2.4817	0.9849	0.1246	3877
hyperlight_mappo	TRAIN	194	204.5286	0.000010	-2.4988	0.9604	0.1238	3884
hyperlight_mappo	TRAIN	195	201.9212	0.000009	-2.2875	0.9183	0.1217	3910
hyperlight_mappo	TEST	195	209.6094	0.000009	-2.5477	0.9603	0.1273	3874
hyperlight_mappo	TRAIN	196	211.7816	0.000013	-2.9124	1.1259	0.1286	3892
hyperlight_mappo	TRAIN	197	212.2908	0.000006	-2.7921	1.0376	0.1269	3931
hyperlight_mappo	TRAIN	198	205.2468	-0.000002	-2.4363	0.9413	0.1218	3906
hyperlight_mappo	TRAIN	199	215.5894	0.000000	-2.6397	1.0202	0.1261	3889
hyperlight_mappo	TRAIN	200	207.9985	0.000008	-2.4646	0.9261	0.1211	3888
hyperlight_mappo	TEST	200	217.3503	0.000008	-2.7306	1.0036	0.1240	3848
hyperlight_mappo	TRAIN	201	240.8044	0.000136	-4.7196	1.3811	0.1339	3931
hyperlight_mappo	TRAIN	202	215.7450	0.000002	-2.7352	1.0095	0.1225	3890
hyperlight_mappo	TRAIN	203	222.4619	0.000005	-2.7166	1.0159	0.1253	3934
hyperlight_mappo	TRAIN	204	209.8581	0.000002	-2.4853	0.9615	0.1227	3924
hyperlight_mappo	TRAIN	205	292.1916	0.000313	-6.6241	1.9237	0.1445	3878
hyperlight_mappo	TEST	205	224.2647	0.000313	-2.9498	1.0922	0.1274	3857
hyperlight_mappo	TRAIN	206	213.2832	0.000014	-2.6656	1.0032	0.1235	3955
hyperlight_mappo	TRAIN	207	210.0953	-0.000001	-2.5732	0.9882	0.1248	3893
hyperlight_mappo	TRAIN	208	213.3832	0.000007	-2.7646	1.0067	0.1242	3914
hyperlight_mappo	TRAIN	209	206.0719	0.000008	-2.4070	0.9266	0.1190	3894
hyperlight_mappo	TRAIN	210	221.5951	0.000021	-2.9336	1.0807	0.1274	3905
hyperlight_mappo	TEST	210	208.9609	0.000021	-2.2417	0.8930	0.1177	3866
hyperlight_mappo	TRAIN	211	207.2583	0.000013	-2.4954	0.9487	0.1197	3856
hyperlight_mappo	TRAIN	212	215.5469	0.000021	-2.8631	1.0410	0.1245	3904
hyperlight_mappo	TRAIN	213	217.4390	0.000027	-2.9329	1.0628	0.1227	3950
hyperlight_mappo	TRAIN	214	238.2932	0.000022	-3.3819	1.1636	0.1321	3933
hyperlight_mappo	TRAIN	215	245.3387	0.000018	-3.3448	1.1171	0.1302	3894
hyperlight_mappo	TEST	215	228.3731	0.000018	-3.3015	1.1312	0.1236	3811
hyperlight_mappo	TRAIN	216	216.0913	0.000008	-2.9811	1.0402	0.1254	3877
hyperlight_mappo	TRAIN	217	214.7173	0.000005	-2.8008	0.9993	0.1241	3930
hyperlight_mappo	TRAIN	218	211.9811	-0.000002	-2.4489	0.9481	0.1210	3925
hyperlight_mappo	TRAIN	219	214.6759	0.000018	-2.8350	0.9963	0.1215	3934
hyperlight_mappo	TRAIN	220	206.4375	-0.000000	-2.5045	0.9771	0.1226	4037
hyperlight_mappo	TEST	220	222.1324	-0.000000	-3.1199	1.1004	0.1238	3844
hyperlight_mappo	TRAIN	221	208.4652	0.000006	-2.5858	0.9790	0.1213	3981
hyperlight_mappo	TRAIN	222	209.8168	0.000007	-2.4805	0.9466	0.1199	3953
hyperlight_mappo	TRAIN	223	209.7704	0.000005	-2.6067	1.0086	0.1237	4038
hyperlight_mappo	TRAIN	224	204.5976	0.000003	-2.4572	0.9905	0.1251	4063
hyperlight_mappo	TRAIN	225	206.7222	0.000015	-2.3542	0.9542	0.1213	4049
hyperlight_mappo	TEST	225	215.8807	0.000015	-2.8483	1.1098	0.1290	3913
hyperlight_mappo	TRAIN	226	203.3323	0.000002	-2.4309	0.9737	0.1235	4075
hyperlight_mappo	TRAIN	227	209.3417	0.000024	-2.9308	1.1083	0.1290	4068
hyperlight_mappo	TRAIN	228	230.6216	0.000088	-3.8621	1.3585	0.1322	4030
hyperlight_mappo	TRAIN	229	205.3869	0.000002	-2.5607	1.0189	0.1253	4079
hyperlight_mappo	TRAIN	230	254.6216	0.000071	-4.5859	1.4688	0.1424	4014
hyperlight_mappo	TEST	230	243.2423	0.000071	-3.5898	1.2368	0.1315	3826
hyperlight_mappo	TRAIN	231	212.1935	0.000007	-2.7586	1.0341	0.1254	4005
hyperlight_mappo	TRAIN	232	206.9809	-0.000001	-2.6610	1.0405	0.1240	4081
hyperlight_mappo	TRAIN	233	209.7453	0.000003	-2.6689	1.0331	0.1278	4075
hyperlight_mappo	TRAIN	234	209.5960	0.000000	-2.7116	1.0602	0.1291	4057
hyperlight_mappo	TRAIN	235	208.0338	0.000001	-2.6334	1.0459	0.1281	4077
hyperlight_mappo	TEST	235	211.0355	0.000001	-2.5982	1.0239	0.1255	4004
hyperlight_mappo	TRAIN	236	214.8901	0.000008	-2.7046	1.0532	0.1277	4069
hyperlight_mappo	TRAIN	237	205.7623	0.000008	-2.4508	0.9821	0.1244	4059
hyperlight_mappo	TRAIN	238	222.1133	0.000028	-3.3792	1.2019	0.1347	4076
hyperlight_mappo	TRAIN	239	206.1709	0.000008	-2.5469	1.0118	0.1273	4061
hyperlight_mappo	TRAIN	240	207.9502	0.000001	-2.4730	1.0164	0.1238	4078
hyperlight_mappo	TEST	240	235.7775	0.000001	-2.9599	1.1142	0.1280	3924
hyperlight_mappo	TRAIN	241	206.8552	0.000007	-2.5032	0.9864	0.1241	4069
hyperlight_mappo	TRAIN	242	207.7347	0.000002	-2.5089	1.0267	0.1280	4064
hyperlight_mappo	TRAIN	243	213.9298	0.000012	-2.9462	1.1167	0.1276	4057
hyperlight_mappo	TRAIN	244	217.0450	-0.000002	-2.6836	1.0320	0.1264	4065
hyperlight_mappo	TRAIN	245	219.9926	0.000013	-2.9502	1.1160	0.1304	4068
hyperlight_mappo	TEST	245	219.2452	0.000013	-2.8497	1.0992	0.1283	4022
hyperlight_mappo	TRAIN	246	208.6847	0.000002	-2.4578	0.9988	0.1256	4060
hyperlight_mappo	TRAIN	247	206.6657	0.000001	-2.4415	0.9991	0.1246	4068
hyperlight_mappo	TRAIN	248	213.1138	0.000006	-2.6374	1.0483	0.1271	4068
hyperlight_mappo	TRAIN	249	212.9171	-0.000001	-2.5131	0.9940	0.1256	4054
