hyperlight_mappo	TRAIN	0	271.5164	0.000487	-9.5868	3.0255	0.1985	3964
hyperlight_mappo	TEST	0	548.2305	0.000487	-40.6693	12.8176	0.3324	1688
hyperlight_mappo	TRAIN	1	293.9195	0.000533	-11.1162	3.5091	0.1990	3965
hyperlight_mappo	TRAIN	2	276.4804	0.000094	-7.7678	2.5958	0.1797	3995
hyperlight_mappo	TRAIN	3	255.8226	0.000060	-7.0678	2.3938	0.1754	4008
hyperlight_mappo	TRAIN	4	261.3672	0.000040	-6.6555	2.2302	0.1671	3984
hyperlight_mappo	TRAIN	5	249.5586	0.000017	-6.2630	2.1089	0.1731	4021
hyperlight_mappo	TEST	5	259.2992	0.000017	-8.9235	3.2308	0.1815	3550
hyperlight_mappo	TRAIN	6	249.1251	0.000009	-5.5113	1.9056	0.1646	4045
hyperlight_mappo	TRAIN	7	247.1932	0.000017	-5.6434	1.9194	0.1623	4012
hyperlight_mappo	TRAIN	8	250.2434	0.000151	-6.4974	2.0372	0.1645	4035
hyperlight_mappo	TRAIN	9	230.0460	-0.000008	-4.9318	1.7231	0.1553	4022
hyperlight_mappo	TRAIN	10	233.3301	-0.000019	-4.7108	1.7022	0.1570	4062
hyperlight_mappo	TEST	10	412.5545	-0.000019	-18.8906	5.7864	0.2443	2440
hyperlight_mappo	TRAIN	11	223.9654	-0.000006	-4.2128	1.5700	0.1520	4049
hyperlight_mappo	TRAIN	12	244.9611	0.000044	-5.3078	1.7888	0.1577	4065
hyperlight_mappo	TRAIN	13	219.5090	-0.000007	-4.0977	1.4594	0.1452	4035
hyperlight_mappo	TRAIN	14	223.8964	-0.000015	-4.3830	1.5444	0.1507	4064
hyperlight_mappo	TRAIN	15	244.0313	0.000070	-5.2382	1.7388	0.1531	3925
hyperlight_mappo	TEST	15	335.3821	0.000070	-14.1266	4.1537	0.2143	2588
hyperlight_mappo	TRAIN	16	219.9535	-0.000013	-3.9496	1.4357	0.1457	4045
hyperlight_mappo	TRAIN	17	229.8835	0.000002	-4.1470	1.4381	0.1458	4059
hyperlight_mappo	TRAIN	18	216.0344	-0.000019	-3.7518	1.3368	0.1417	4045
hyperlight_mappo	TRAIN	19	210.8195	-0.000005	-3.6637	1.3217	0.1385	4067
hyperlight_mappo	TRAIN	20	208.2370	-0.000009	-3.3577	1.2290	0.1332	4076
hyperlight_mappo	TEST	20	233.4327	-0.000009	-6.9460	2.5192	0.1611	3617
hyperlight_mappo	TRAIN	21	210.7638	-0.000011	-3.4756	1.2525	0.1358	4065
hyperlight_mappo	TRAIN	22	207.6660	-0.000017	-3.4189	1.2370	0.1346	4066
hyperlight_mappo	TRAIN	23	203.4828	-0.000018	-3.0660	1.1561	0.1303	4070
hyperlight_mappo	TRAIN	24	213.1725	-0.000006	-3.4556	1.2430	0.1348	4076
hyperlight_mappo	TRAIN	25	204.2240	-0.000012	-3.0377	1.1381	0.1295	4072
hyperlight_mappo	TEST	25	289.2017	-0.000012	-6.4988	2.0877	0.1615	3599
hyperlight_mappo	TRAIN	26	207.8790	-0.000011	-3.0177	1.1438	0.1308	4065
hyperlight_mappo	TRAIN	27	206.8832	-0.000014	-2.9834	1.1269	0.1298	4066
hyperlight_mappo	TRAIN	28	210.3775	-0.000014	-2.9996	1.1179	0.1298	4069
hyperlight_mappo	TRAIN	29	205.7086	-0.000004	-3.0129	1.1451	0.1318	4070
hyperlight_mappo	TRAIN	30	207.3809	-0.000014	-3.0737	1.1505	0.1272	4072
hyperlight_mappo	TEST	30	261.0455	-0.000014	-4.3547	1.5045	0.1538	3757
hyperlight_mappo	TRAIN	31	213.5862	-0.000011	-3.0336	1.1341	0.1286	4067
hyperlight_mappo	TRAIN	32	212.3505	-0.000015	-2.8943	1.1175	0.1284	4051
hyperlight_mappo	TRAIN	33	219.6062	-0.000007	-3.0759	1.1307	0.1316	3992
hyperlight_mappo	TRAIN	34	220.7577	-0.000015	-2.7233	1.0541	0.1265	4020
hyperlight_mappo	TRAIN	35	232.8622	-0.000011	-2.8472	1.0659	0.1253	3927
hyperlight_mappo	TEST	35	262.1028	-0.000011	-6.5864	2.2733	0.1593	3540
hyperlight_mappo	TRAIN	36	237.8457	-0.000005	-3.0442	1.0997	0.1264	3940
hyperlight_mappo	TRAIN	37	224.3031	0.000025	-3.2726	1.1583	0.1289	3847
hyperlight_mappo	TRAIN	38	240.2745	0.000009	-3.4288	1.1940	0.1325	3891
hyperlight_mappo	TRAIN	39	279.2054	0.000273	-5.6855	1.7124	0.1379	3881
hyperlight_mappo	TRAIN	40	263.2147	0.000116	-3.9373	1.3250	0.1301	3913
hyperlight_mappo	TEST	40	274.7193	0.000116	-7.1361	2.3869	0.1676	3527
hyperlight_mappo	TRAIN	41	271.8528	0.000172	-4.7542	1.5041	0.1341	3919
hyperlight_mappo	TRAIN	42	228.9896	-0.000007	-2.7098	1.0349	0.1273	3939
hyperlight_mappo	TRAIN	43	232.8322	0.000000	-3.0605	1.1399	0.1306	3928
hyperlight_mappo	TRAIN	44	245.0470	-0.000005	-3.0877	1.0940	0.1294	3912
hyperlight_mappo	TRAIN	45	264.4057	0.000080	-3.7006	1.2799	0.1298	3924
hyperlight_mappo	TEST	45	268.3064	0.000080	-5.2329	1.6847	0.1503	3646
hyperlight_mappo	TRAIN	46	293.5727	0.000148	-4.9025	1.4829	0.1380	3911
hyperlight_mappo	TRAIN	47	241.0049	0.000000	-2.9798	1.0544	0.1255	3899
hyperlight_mappo	TRAIN	48	240.9571	0.000004	-3.2574	1.1440	0.1314	3893
hyperlight_mappo	TRAIN	49	253.6052	0.000001	-3.5684	1.2198	0.1327	3962
hyperlight_mappo	TRAIN	50	243.2202	-0.000002	-3.3960	1.1820	0.1328	3932
hyperlight_mappo	TEST	50	250.4139	-0.000002	-4.2197	1.3429	0.1341	3687
hyperlight_mappo	TRAIN	51	252.8005	0.000016	-3.7311	1.2676	0.1326	3890
hyperlight_mappo	TRAIN	52	257.4406	0.000040	-3.9132	1.2972	0.1314	3890
hyperlight_mappo	TRAIN	53	244.9061	-0.000004	-3.1597	1.1147	0.1296	3961
hyperlight_mappo	TRAIN	54	256.7503	0.000014	-3.9247	1.2388	0.1359	3885
hyperlight_mappo	TRAIN	55	239.9156	-0.000005	-3.1621	1.0656	0.1302	3888
hyperlight_mappo	TEST	55	271.4774	-0.000005	-5.9601	1.8422	0.1500	3578
hyperlight_mappo	TRAIN	56	259.1679	0.000043	-3.6656	1.2030	0.1294	3895
hyperlight_mappo	TRAIN	57	246.8817	0.000001	-3.1377	1.0761	0.1261	3930
hyperlight_mappo	TRAIN	58	262.1624	0.000190	-5.3583	1.5959	0.1399	3769
hyperlight_mappo	TRAIN	59	257.2938	0.000048	-3.9187	1.2935	0.1361	3948
hyperlight_mappo	TRAIN	60	262.8813	0.000042	-3.9383	1.2943	0.1360	3958
hyperlight_mappo	TEST	60	243.9918	0.000042	-3.2157	1.1071	0.1330	3787
hyperlight_mappo	TRAIN	61	259.4066	0.000028	-4.1344	1.3415	0.1386	3906
hyperlight_mappo	TRAIN	62	242.7053	0.000006	-3.4481	1.1505	0.1313	3939
hyperlight_mappo	TRAIN	63	262.0377	0.000008	-3.6609	1.2015	0.1334	3927
hyperlight_mappo	TRAIN	64	252.2936	0.000003	-3.8550	1.2537	0.1352	3903
hyperlight_mappo	TRAIN	65	266.4472	0.000061	-4.7001	1.4398	0.1358	3994
hyperlight_mappo	TEST	65	282.9362	0.000061	-7.4453	2.0209	0.1492	3526
hyperlight_mappo	TRAIN	66	250.2965	0.000010	-3.5508	1.2040	0.1320	3987
hyperlight_mappo	TRAIN	67	307.3484	0.000315	-6.5572	1.9044	0.1460	3884
hyperlight_mappo	TRAIN	68	248.0619	0.000086	-3.8744	1.2935	0.1311	3974
hyperlight_mappo	TRAIN	69	243.3424	0.000003	-3.2770	1.1388	0.1286	3887
hyperlight_mappo	TRAIN	70	244.2060	0.000002	-3.5530	1.1747	0.1330	3947
hyperlight_mappo	TEST	70	241.2393	0.000002	-3.3600	1.1024	0.1269	3745
hyperlight_mappo	TRAIN	71	245.1041	0.000002	-3.6467	1.2052	0.1290	3901
hyperlight_mappo	TRAIN	72	302.1178	0.000281	-6.4071	1.9434	0.1478	3658
hyperlight_mappo	TRAIN	73	263.6679	0.000098	-4.7103	1.4302	0.1329	3827
hyperlight_mappo	TRAIN	74	242.8405	-0.000001	-3.2736	1.1032	0.1275	3905
hyperlight_mappo	TRAIN	75	245.4415	0.000017	-3.1288	1.0833	0.1282	3898
hyperlight_mappo	TEST	75	268.6106	0.000017	-4.8890	1.5397	0.1433	3683
hyperlight_mappo	TRAIN	76	255.7311	0.000131	-4.5800	1.4065	0.1328	3849
hyperlight_mappo	TRAIN	77	249.2130	0.000005	-3.5768	1.1840	0.1311	3996
hyperlight_mappo	TRAIN	78	282.5290	0.000047	-4.3125	1.3493	0.1360	3964
hyperlight_mappo	TRAIN	79	252.4375	0.000121	-4.7118	1.4680	0.1361	3929
hyperlight_mappo	TRAIN	80	248.8794	-0.000008	-3.1394	1.0906	0.1297	4004
hyperlight_mappo	TEST	80	255.8238	-0.000008	-3.9627	1.2622	0.1400	3694
hyperlight_mappo	TRAIN	81	258.6004	0.000067	-4.0974	1.3097	0.1349	3839
hyperlight_mappo	TRAIN	82	238.8688	-0.000003	-3.2832	1.1017	0.1287	3994
hyperlight_mappo	TRAIN	83	243.0696	0.000004	-3.0930	1.0767	0.1289	3951
hyperlight_mappo	TRAIN	84	246.9574	0.000002	-3.0892	1.0724	0.1270	3946
hyperlight_mappo	TRAIN	85	248.4954	0.000003	-3.1320	1.0870	0.1276	4005
hyperlight_mappo	TEST	85	237.2252	0.000003	-3.1668	1.0552	0.1267	3721
hyperlight_mappo	TRAIN	86	238.2061	0.000000	-2.9525	1.0198	0.1232	3920
hyperlight_mappo	TRAIN	87	265.6771	0.000091	-4.3696	1.3495	0.1322	3939
hyperlight_mappo	TRAIN	88	259.2790	0.000118	-4.2771	1.3278	0.1316	3954
hyperlight_mappo	TRAIN	89	269.7426	0.000124	-4.6221	1.4679	0.1354	3932
hyperlight_mappo	TRAIN	90	251.7893	0.000005	-3.4561	1.1460	0.1317	4049
hyperlight_mappo	TEST	90	279.8884	0.000005	-5.6655	1.5599	0.1417	3585
hyperlight_mappo	TRAIN	91	246.7677	0.000089	-3.8479	1.2796	0.1296	3896
hyperlight_mappo	TRAIN	92	259.6484	0.000019	-3.7296	1.2365	0.1361	4016
hyperlight_mappo	TRAIN	93	237.6450	0.000003	-2.8665	1.0253	0.1248	3952
hyperlight_mappo	TRAIN	94	258.0455	0.000069	-3.7574	1.2640	0.1302	3915
hyperlight_mappo	TRAIN	95	255.0337	0.000231	-5.0923	1.5852	0.1316	3769
hyperlight_mappo	TEST	95	287.6568	0.000231	-6.7503	1.9913	0.1524	3444
hyperlight_mappo	TRAIN	96	246.5511	0.000009	-3.2959	1.1185	0.1272	3961
hyperlight_mappo	TRAIN	97	249.4848	0.000006	-3.2584	1.0966	0.1285	3911
hyperlight_mappo	TRAIN	98	259.9318	0.000001	-3.4645	1.1384	0.1273	3899
hyperlight_mappo	TRAIN	99	261.6748	0.000324	-6.0373	1.6020	0.1355	3586
hyperlight_mappo	TRAIN	100	250.0495	0.000001	-2.9600	1.0374	0.1272	3902
hyperlight_mappo	TEST	100	264.2625	0.000001	-5.6781	1.6950	0.1474	3501
hyperlight_mappo	TRAIN	101	299.6447	0.000358	-7.2836	1.9775	0.1495	3619
hyperlight_mappo	TRAIN	102	261.9352	0.000020	-3.6696	1.1985	0.1307	3920
hyperlight_mappo	TRAIN	103	259.3213	0.000005	-3.3875	1.1071	0.1289	3900
hyperlight_mappo	TRAIN	104	266.8064	0.000049	-4.4380	1.3606	0.1319	3823
hyperlight_mappo	TRAIN	105	266.6166	0.000153	-5.2764	1.5165	0.1321	3730
hyperlight_mappo	TEST	105	263.8583	0.000153	-5.6161	1.5861	0.1491	3634
hyperlight_mappo	TRAIN	106	253.7470	0.000020	-3.9035	1.2231	0.1307	3854
hyperlight_mappo	TRAIN	107	247.0520	0.000001	-3.1204	1.0409	0.1263	3886
hyperlight_mappo	TRAIN	108	264.7553	0.000008	-3.8315	1.2135	0.1327	3874
hyperlight_mappo	TRAIN	109	262.6330	0.000016	-4.1088	1.2890	0.1350	3905
hyperlight_mappo	TRAIN	110	238.3556	-0.000007	-3.4964	1.1226	0.1275	3872
hyperlight_mappo	TEST	110	257.1255	-0.000007	-3.8065	1.1583	0.1364	3713
hyperlight_mappo	TRAIN	111	282.9743	0.000044	-4.5423	1.3604	0.1347	3809
hyperlight_mappo	TRAIN	112	248.1512	0.000003	-3.3771	1.1099	0.1312	3928
hyperlight_mappo	TRAIN	113	268.4611	0.000079	-4.3183	1.3611	0.1320	3923
hyperlight_mappo	TRAIN	114	258.4955	0.000032	-4.1879	1.3026	0.1335	3867
hyperlight_mappo	TRAIN	115	309.0840	0.000218	-5.9259	1.6310	0.1423	3857
hyperlight_mappo	TEST	115	289.0511	0.000218	-6.9942	2.2717	0.1596	3442
hyperlight_mappo	TRAIN	116	309.7349	0.000189	-6.0501	1.6894	0.1443	3908
hyperlight_mappo	TRAIN	117	252.4804	0.000013	-3.2056	1.0642	0.1261	3913
hyperlight_mappo	TRAIN	118	232.7018	0.000001	-2.9341	1.0036	0.1223	3903
hyperlight_mappo	TRAIN	119	238.2424	0.000004	-3.2523	1.0700	0.1229	3931
hyperlight_mappo	TRAIN	120	257.8888	0.000002	-3.5356	1.1311	0.1297	3930
hyperlight_mappo	TEST	120	263.3829	0.000002	-3.7590	1.1556	0.1367	3695
hyperlight_mappo	TRAIN	121	240.0005	-0.000004	-3.0614	1.0478	0.1226	3885
hyperlight_mappo	TRAIN	122	265.8380	0.000093	-4.7940	1.3811	0.1321	3871
hyperlight_mappo	TRAIN	123	247.6791	0.000012	-3.4938	1.1267	0.1267	3958
hyperlight_mappo	TRAIN	124	283.8756	0.000017	-3.8700	1.2201	0.1308	3899
hyperlight_mappo	TRAIN	125	256.1766	0.000008	-3.5519	1.1495	0.1302	3963
hyperlight_mappo	TEST	125	259.0915	0.000008	-3.9066	1.1889	0.1371	3716
hyperlight_mappo	TRAIN	126	232.1002	0.000007	-2.7487	0.9854	0.1254	3922
hyperlight_mappo	TRAIN	127	243.2458	0.000017	-3.0301	1.0504	0.1242	3966
hyperlight_mappo	TRAIN	128	237.0747	0.000021	-3.0883	1.0779	0.1224	3974
hyperlight_mappo	TRAIN	129	243.6309	-0.000002	-2.9041	1.0140	0.1270	4053
hyperlight_mappo	TRAIN	130	256.5219	0.000000	-3.1627	1.0989	0.1298	3926
hyperlight_mappo	TEST	130	256.4672	0.000000	-3.9072	1.2279	0.1281	3752
hyperlight_mappo	TRAIN	131	234.3288	-0.000000	-2.7449	0.9915	0.1250	4000
hyperlight_mappo	TRAIN	132	248.6351	0.000008	-3.2641	1.1058	0.1275	4031
hyperlight_mappo	TRAIN	133	250.6333	0.000050	-3.8465	1.2560	0.1310	3883
hyperlight_mappo	TRAIN	134	244.3661	0.000002	-3.2092	1.0968	0.1287	3996
hyperlight_mappo	TRAIN	135	271.5794	0.000270	-5.6035	1.6442	0.1360	3804
hyperlight_mappo	TEST	135	259.2362	0.000270	-3.6732	1.1772	0.1333	3755
hyperlight_mappo	TRAIN	136	232.7911	0.000002	-2.8786	1.0448	0.1272	4017
hyperlight_mappo	TRAIN	137	248.6542	-0.000002	-3.0494	1.0554	0.1274	4043
hyperlight_mappo	TRAIN	138	245.0102	0.000002	-3.1334	1.0788	0.1284	4012
hyperlight_mappo	TRAIN	139	262.5088	0.000036	-3.7206	1.1837	0.1303	3960
hyperlight_mappo	TRAIN	140	250.0676	0.000075	-3.6117	1.2267	0.1293	3977
hyperlight_mappo	TEST	140	248.6988	0.000075	-4.1829	1.2251	0.1304	3626
hyperlight_mappo	TRAIN	141	279.9566	0.000048	-3.7580	1.2320	0.1330	3965
hyperlight_mappo	TRAIN	142	244.0023	0.000011	-3.4839	1.1272	0.1284	3943
hyperlight_mappo	TRAIN	143	234.4986	-0.000002	-2.6692	0.9581	0.1228	3875
hyperlight_mappo	TRAIN	144	251.4186	0.000004	-3.0602	1.0664	0.1261	3951
hyperlight_mappo	TRAIN	145	247.1433	0.000001	-3.0917	1.0425	0.1256	3971
hyperlight_mappo	TEST	145	249.1677	0.000001	-3.1762	1.0299	0.1294	3744
hyperlight_mappo	TRAIN	146	266.2464	0.000130	-4.6107	1.3448	0.1301	3872
hyperlight_mappo	TRAIN	147	256.1577	0.000006	-3.1793	1.0929	0.1266	3906
hyperlight_mappo	TRAIN	148	236.8409	0.000002	-2.6592	0.9880	0.1214	3871
hyperlight_mappo	TRAIN	149	259.9151	0.000046	-3.6910	1.1369	0.1251	3877
hyperlight_mappo	TRAIN	150	249.2992	0.000007	-3.3271	1.0997	0.1249	3924
hyperlight_mappo	TEST	150	260.3092	0.000007	-3.9846	1.2552	0.1331	3690
hyperlight_mappo	TRAIN	151	260.3686	0.000078	-3.9055	1.2603	0.1298	3985
hyperlight_mappo	TRAIN	152	253.4454	0.000014	-3.3878	1.1287	0.1259	3931
hyperlight_mappo	TRAIN	153	266.3250	0.000044	-3.7359	1.2345	0.1293	3908
hyperlight_mappo	TRAIN	154	291.5263	0.000153	-4.4478	1.3295	0.1264	3897
hyperlight_mappo	TRAIN	155	255.1856	-0.000004	-3.0587	1.0501	0.1264	3880
hyperlight_mappo	TEST	155	244.7280	-0.000004	-5.3881	1.5492	0.1326	3441
hyperlight_mappo	TRAIN	156	259.7571	0.000024	-3.5091	1.1632	0.1247	3932
hyperlight_mappo	TRAIN	157	268.9189	0.000132	-4.3911	1.3368	0.1270	3861
hyperlight_mappo	TRAIN	158	247.5725	0.000001	-2.9962	1.0485	0.1213	3911
hyperlight_mappo	TRAIN	159	247.9791	0.000008	-2.7047	0.9759	0.1206	3870
hyperlight_mappo	TRAIN	160	258.8789	0.000063	-3.6810	1.2108	0.1241	3873
hyperlight_mappo	TEST	160	248.1712	0.000063	-4.7527	1.4083	0.1312	3540
hyperlight_mappo	TRAIN	161	232.7267	0.000007	-2.4159	0.9147	0.1196	3878
hyperlight_mappo	TRAIN	162	251.9800	0.000002	-3.0938	1.0597	0.1251	3897
hyperlight_mappo	TRAIN	163	303.2022	0.000203	-5.3739	1.5940	0.1362	3827
hyperlight_mappo	TRAIN	164	231.6967	0.000003	-2.4656	0.9433	0.1202	3966
hyperlight_mappo	TRAIN	165	243.6621	-0.000002	-2.7073	0.9795	0.1223	3969
hyperlight_mappo	TEST	165	244.6246	-0.000002	-5.1681	1.6481	0.1262	3562
hyperlight_mappo	TRAIN	166	257.3486	0.000012	-3.1024	1.0567	0.1243	3873
hyperlight_mappo	TRAIN	167	251.5812	0.000005	-2.9828	1.0478	0.1250	3894
hyperlight_mappo	TRAIN	168	260.1360	0.000047	-3.8954	1.2655	0.1264	3890
hyperlight_mappo	TRAIN	169	256.2254	0.000012	-3.0957	1.0888	0.1246	4019
hyperlight_mappo	TRAIN	170	251.4669	0.000011	-3.1678	1.0983	0.1241	3947
hyperlight_mappo	TEST	170	247.1778	0.000011	-4.0194	1.2320	0.1250	3600
hyperlight_mappo	TRAIN	171	228.7231	0.000083	-3.4748	1.1755	0.1213	3954
hyperlight_mappo	TRAIN	172	282.1280	0.000165	-4.9194	1.5001	0.1378	3915
hyperlight_mappo	TRAIN	173	243.9611	0.000026	-3.1073	1.0991	0.1240	3983
hyperlight_mappo	TRAIN	174	229.6353	0.000001	-2.4270	0.9313	0.1184	3973
hyperlight_mappo	TRAIN	175	237.5266	0.000006	-2.9483	1.0948	0.1302	4035
hyperlight_mappo	TEST	175	261.0053	0.000006	-3.3865	1.1524	0.1257	3781
hyperlight_mappo	TRAIN	176	225.2941	-0.000007	-2.5204	0.9728	0.1223	4053
hyperlight_mappo	TRAIN	177	224.4888	0.000003	-2.8249	1.0595	0.1263	3961
hyperlight_mappo	TRAIN	178	238.1621	-0.000004	-2.7825	1.0269	0.1209	3941
hyperlight_mappo	TRAIN	179	232.2943	0.000000	-2.5251	0.9726	0.1237	4026
hyperlight_mappo	TRAIN	180	228.4244	-0.000002	-2.4562	0.9545	0.1208	3987
hyperlight_mappo	TEST	180	250.7240	-0.000002	-3.0063	1.0542	0.1251	3783
hyperlight_mappo	TRAIN	181	246.0561	0.000012	-2.9601	1.0657	0.1281	3993
hyperlight_mappo	TRAIN	182	248.7217	0.000004	-2.7502	1.0333	0.1263	4014
hyperlight_mappo	TRAIN	183	246.9360	0.000008	-2.9887	1.0706	0.1271	4046
hyperlight_mappo	TRAIN	184	245.5221	-0.000001	-2.9554	1.0616	0.1298	4026
hyperlight_mappo	TRAIN	185	236.7451	-0.000003	-2.5262	0.9594	0.1215	4037
hyperlight_mappo	TEST	185	236.0629	-0.000003	-2.6336	0.9589	0.1196	3765
hyperlight_mappo	TRAIN	186	229.8234	-0.000001	-2.5413	0.9660	0.1228	4032
hyperlight_mappo	TRAIN	187	228.7553	-0.000001	-2.3713	0.9284	0.1198	3956
hyperlight_mappo	TRAIN	188	243.1516	0.000002	-2.6393	0.9705	0.1212	3971
hyperlight_mappo	TRAIN	189	255.6679	0.000064	-3.8418	1.2124	0.1276	3999
hyperlight_mappo	TRAIN	190	235.5574	0.000006	-2.6715	0.9976	0.1234	3972
hyperlight_mappo	TEST	190	248.7020	0.000006	-6.0271	1.7188	0.1343	3591
hyperlight_mappo	TRAIN	191	241.0005	-0.000002	-2.6989	1.0108	0.1265	4015
hyperlight_mappo	TRAIN	192	229.8693	-0.000001	-2.7463	1.0310	0.1277	3986
hyperlight_mappo	TRAIN	193	238.7610	0.000004	-2.6897	0.9960	0.1224	3958
hyperlight_mappo	TRAIN	194	281.4302	0.000196	-4.8269	1.4903	0.1311	3984
hyperlight_mappo	TRAIN	195	236.9811	0.000009	-2.6860	0.9718	0.1211	3915
hyperlight_mappo	TEST	195	276.7353	0.000009	-4.8818	1.4208	0.1362	3608
hyperlight_mappo	TRAIN	196	239.1392	-0.000004	-2.4904	0.9269	0.1186	3902
hyperlight_mappo	TRAIN	197	254.4444	0.000042	-3.4446	1.1534	0.1257	3987
hyperlight_mappo	TRAIN	198	236.2990	0.000010	-2.8879	1.0499	0.1237	3980
hyperlight_mappo	TRAIN	199	252.9431	0.000009	-3.1623	1.0861	0.1242	3939
hyperlight_mappo	TRAIN	200	237.6454	0.000002	-2.5119	0.9381	0.1217	3971
hyperlight_mappo	TEST	200	266.9810	0.000002	-5.3618	1.5324	0.1351	3474
hyperlight_mappo	TRAIN	201	233.2452	-0.000002	-2.6534	0.9712	0.1219	3871
hyperlight_mappo	TRAIN	202	238.1163	-0.000004	-2.6271	0.9745	0.1202	3938
hyperlight_mappo	TRAIN	203	252.6778	0.000024	-3.2192	1.0669	0.1230	3858
hyperlight_mappo	TRAIN	204	245.0396	0.000003	-2.7909	0.9852	0.1222	3892
hyperlight_mappo	TRAIN	205	243.8430	0.000054	-3.4973	1.0960	0.1224	3791
hyperlight_mappo	TEST	205	241.7290	0.000054	-4.3296	1.2619	0.1276	3517
hyperlight_mappo	TRAIN	206	236.0514	0.000001	-2.7559	0.9845	0.1214	3928
hyperlight_mappo	TRAIN	207	237.1316	0.000003	-2.7378	0.9843	0.1224	3920
hyperlight_mappo	TRAIN	208	237.7479	0.000018	-2.8896	1.0357	0.1211	3975
hyperlight_mappo	TRAIN	209	227.6315	0.000003	-2.5371	0.9548	0.1207	3924
hyperlight_mappo	TRAIN	210	217.7278	-0.000000	-2.3913	0.9304	0.1187	3927
hyperlight_mappo	TEST	210	276.9581	-0.000000	-9.5506	2.4562	0.1556	3338
hyperlight_mappo	TRAIN	211	250.6816	0.000096	-3.6198	1.2437	0.1265	3935
hyperlight_mappo	TRAIN	212	225.3550	0.000010	-2.6206	0.9784	0.1209	4000
hyperlight_mappo	TRAIN	213	227.2916	-0.000001	-2.4322	0.9348	0.1203	3954
hyperlight_mappo	TRAIN	214	225.7964	-0.000002	-2.3527	0.9101	0.1176	3969
hyperlight_mappo	TRAIN	215	214.3866	-0.000007	-2.2959	0.9298	0.1213	4061
hyperlight_mappo	TEST	215	251.2121	-0.000007	-4.3348	1.3659	0.1313	3659
hyperlight_mappo	TRAIN	216	219.3739	0.000004	-2.8891	1.0675	0.1258	4071
hyperlight_mappo	TRAIN	217	243.5415	0.000072	-3.7689	1.2139	0.1278	4061
hyperlight_mappo	TRAIN	218	209.8997	-0.000006	-2.3422	0.9446	0.1204	4047
hyperlight_mappo	TRAIN	219	234.6423	0.000000	-3.1385	1.1257	0.1299	4037
hyperlight_mappo	TRAIN	220	228.8291	-0.000006	-3.0021	1.0767	0.1272	4062
hyperlight_mappo	TEST	220	223.6604	-0.000006	-2.3947	0.8947	0.1166	3884
hyperlight_mappo	TRAIN	221	224.2640	-0.000001	-2.7924	1.0119	0.1225	4034
hyperlight_mappo	TRAIN	222	216.9790	0.000002	-2.5669	0.9807	0.1233	4043
hyperlight_mappo	TRAIN	223	225.6352	0.000013	-3.0980	1.1110	0.1267	4019
hyperlight_mappo	TRAIN	224	225.7008	-0.000006	-2.6725	1.0061	0.1258	4051
hyperlight_mappo	TRAIN	225	218.0461	0.000013	-3.2710	1.1529	0.1311	3819
hyperlight_mappo	TEST	225	234.5494	0.000013	-3.1795	1.0894	0.1268	3813
hyperlight_mappo	TRAIN	226	219.9111	-0.000009	-2.8049	1.0357	0.1281	4038
hyperlight_mappo	TRAIN	227	221.7368	-0.000003	-2.9905	1.0624	0.1256	4069
hyperlight_mappo	TRAIN	228	232.5062	0.000011	-3.1912	1.1561	0.1318	4028
hyperlight_mappo	TRAIN	229	220.4226	-0.000007	-2.5611	0.9567	0.1209	4018
hyperlight_mappo	TRAIN	230	218.6198	-0.000002	-2.8321	1.0115	0.1255	4035
hyperlight_mappo	TEST	230	214.6857	-0.000002	-2.6076	0.9565	0.1179	3827
hyperlight_mappo	TRAIN	231	212.1941	-0.000010	-2.4565	0.9251	0.1179	3890
hyperlight_mappo	TRAIN	232	214.5341	-0.000001	-2.5250	0.9431	0.1184	4007
hyperlight_mappo	TRAIN	233	225.3239	0.000066	-3.5172	1.2003	0.1243	3955
hyperlight_mappo	TRAIN	234	206.5473	-0.000008	-2.2836	0.8885	0.1177	3939
hyperlight_mappo	TRAIN	235	216.0248	0.000003	-2.5791	0.9390	0.1166	3955
hyperlight_mappo	TEST	235	212.5546	0.000003	-2.1716	0.8553	0.1132	3821
hyperlight_mappo	TRAIN	236	218.5960	-0.000004	-2.7574	0.9778	0.1193	3933
hyperlight_mappo	TRAIN	237	224.0469	-0.000004	-2.8323	1.0053	0.1221	3963
hyperlight_mappo	TRAIN	238	208.6264	-0.000006	-2.2651	0.9037	0.1164	3948
hyperlight_mappo	TRAIN	239	212.3479	-0.000006	-2.1372	0.8526	0.1139	3909
hyperlight_mappo	TRAIN	240	209.1730	-0.000009	-2.3355	0.8991	0.1189	3908
hyperlight_mappo	TEST	240	210.8171	-0.000009	-2.1168	0.8581	0.1139	3844
hyperlight_mappo	TRAIN	241	209.3203	-0.000007	-2.2618	0.8940	0.1175	4002
hyperlight_mappo	TRAIN	242	211.1162	-0.000004	-2.3253	0.9231	0.1204	3960
hyperlight_mappo	TRAIN	243	207.4852	-0.000008	-2.1481	0.8845	0.1185	3998
hyperlight_mappo	TRAIN	244	207.2491	-0.000008	-2.2663	0.9237	0.1219	4006
hyperlight_mappo	TRAIN	245	215.0321	-0.000008	-2.1268	0.8717	0.1167	3985
hyperlight_mappo	TEST	245	206.6260	-0.000008	-2.0650	0.8300	0.1125	3845
hyperlight_mappo	TRAIN	246	205.6766	-0.000010	-2.1757	0.8808	0.1174	3945
hyperlight_mappo	TRAIN	247	206.7298	-0.000014	-1.9534	0.8317	0.1154	3957
hyperlight_mappo	TRAIN	248	224.3599	0.000032	-3.0890	1.0209	0.1249	3959
hyperlight_mappo	TRAIN	249	217.9824	-0.000012	-2.5036	0.9307	0.1193	3981
hyperlight_mappo	TRAIN	250	242.0548	0.000003	-3.0092	1.0608	0.1249	3997
hyperlight_mappo	TEST	250	212.1994	0.000003	-2.0824	0.7921	0.1072	3827
hyperlight_mappo	TRAIN	251	214.7937	-0.000003	-2.2266	0.8753	0.1155	3985
hyperlight_mappo	TRAIN	252	222.3470	-0.000009	-2.4123	0.9188	0.1173	3925
hyperlight_mappo	TRAIN	253	212.8776	-0.000005	-2.2509	0.8799	0.1168	3963
hyperlight_mappo	TRAIN	254	252.6709	0.000002	-3.1612	1.0671	0.1241	3941
hyperlight_mappo	TRAIN	255	233.7411	0.000001	-2.8605	0.9878	0.1210	4001
hyperlight_mappo	TEST	255	251.0547	0.000001	-2.9233	0.9685	0.1163	3765
hyperlight_mappo	TRAIN	256	229.1644	-0.000001	-2.4724	0.8978	0.1155	3936
hyperlight_mappo	TRAIN	257	235.1300	-0.000004	-2.4275	0.8882	0.1166	3908
hyperlight_mappo	TRAIN	258	243.5643	0.000079	-3.7354	1.1549	0.1200	3849
hyperlight_mappo	TRAIN	259	223.9196	-0.000015	-2.3251	0.8673	0.1148	3880
hyperlight_mappo	TRAIN	260	239.5790	0.000049	-3.2912	1.0865	0.1197	3917
hyperlight_mappo	TEST	260	239.2369	0.000049	-2.4533	0.8743	0.1131	3790
hyperlight_mappo	TRAIN	261	245.3707	0.000140	-4.5557	1.2792	0.1288	3769
hyperlight_mappo	TRAIN	262	223.6097	-0.000002	-2.4506	0.9037	0.1159	3992
hyperlight_mappo	TRAIN	263	231.0597	-0.000002	-2.4471	0.9028	0.1161	3984
hyperlight_mappo	TRAIN	264	227.1556	-0.000003	-2.2527	0.8648	0.1156	3958
hyperlight_mappo	TRAIN	265	221.3850	-0.000007	-2.2818	0.8787	0.1166	4049
hyperlight_mappo	TEST	265	222.2376	-0.000007	-2.2115	0.8287	0.1087	3846
hyperlight_mappo	TRAIN	266	220.2433	-0.000004	-2.0931	0.8315	0.1120	3941
hyperlight_mappo	TRAIN	267	231.5380	0.000003	-2.6449	0.9524	0.1197	3987
hyperlight_mappo	TRAIN	268	219.7247	0.000000	-2.3511	0.8937	0.1147	4006
hyperlight_mappo	TRAIN	269	231.2884	0.000001	-2.4277	0.8978	0.1145	3922
hyperlight_mappo	TRAIN	270	234.1781	0.000020	-2.8723	0.9784	0.1186	3925
hyperlight_mappo	TEST	270	260.6777	0.000020	-2.7254	0.9037	0.1132	3779
hyperlight_mappo	TRAIN	271	247.9428	0.000003	-2.7883	0.9827	0.1189	3917
hyperlight_mappo	TRAIN	272	263.8001	0.000056	-3.5630	1.0917	0.1236	3892
hyperlight_mappo	TRAIN	273	245.4163	0.000014	-2.8448	1.0033	0.1188	3937
hyperlight_mappo	TRAIN	274	231.6468	-0.000003	-2.4642	0.8987	0.1150	3919
hyperlight_mappo	TRAIN	275	243.7809	0.000001	-2.6619	0.9241	0.1151	3912
hyperlight_mappo	TEST	275	247.4195	0.000001	-3.1433	1.0287	0.1168	3654
hyperlight_mappo	TRAIN	276	238.6501	0.000038	-2.9662	1.0255	0.1168	3870
hyperlight_mappo	TRAIN	277	233.7399	-0.000000	-2.3862	0.8906	0.1170	3903
hyperlight_mappo	TRAIN	278	231.0069	0.000001	-2.3324	0.8700	0.1137	3891
hyperlight_mappo	TRAIN	279	239.1086	-0.000005	-2.3225	0.8821	0.1155	3912
hyperlight_mappo	TRAIN	280	248.3476	0.000060	-3.3661	1.1075	0.1185	3869
hyperlight_mappo	TEST	280	260.7505	0.000060	-3.8354	1.1238	0.1161	3679
hyperlight_mappo	TRAIN	281	250.5935	0.000062	-3.3249	1.0827	0.1175	3926
hyperlight_mappo	TRAIN	282	265.2957	0.000170	-4.2980	1.2944	0.1220	3869
hyperlight_mappo	TRAIN	283	236.4598	-0.000005	-2.5017	0.9328	0.1198	3954
hyperlight_mappo	TRAIN	284	269.7946	0.000093	-3.7618	1.1767	0.1268	3992
hyperlight_mappo	TRAIN	285	259.3019	0.000133	-3.9206	1.2501	0.1248	3912
hyperlight_mappo	TEST	285	258.3254	0.000133	-3.8612	1.2392	0.1239	3635
hyperlight_mappo	TRAIN	286	241.0588	0.000007	-2.6378	0.9385	0.1170	3965
hyperlight_mappo	TRAIN	287	236.3149	0.000004	-2.7717	1.0033	0.1220	3938
hyperlight_mappo	TRAIN	288	236.7921	-0.000000	-2.6833	0.9485	0.1177	3886
hyperlight_mappo	TRAIN	289	246.1729	0.000009	-3.1373	1.0132	0.1194	3874
hyperlight_mappo	TRAIN	290	246.9854	0.000002	-2.7184	0.9376	0.1153	3902
hyperlight_mappo	TEST	290	278.9494	0.000002	-4.4757	1.2888	0.1279	3576
hyperlight_mappo	TRAIN	291	249.2660	0.000094	-3.8202	1.2123	0.1203	3763
hyperlight_mappo	TRAIN	292	243.8800	-0.000005	-2.9140	0.9808	0.1203	3883
hyperlight_mappo	TRAIN	293	248.3920	0.000002	-2.8200	0.9582	0.1185	3926
hyperlight_mappo	TRAIN	294	300.3090	0.000795	-7.8258	2.3560	0.1307	3540
hyperlight_mappo	TRAIN	295	276.6258	0.000066	-4.0401	1.2311	0.1276	3840
hyperlight_mappo	TEST	295	266.1016	0.000066	-6.6684	1.9763	0.1220	3532
hyperlight_mappo	TRAIN	296	248.0444	-0.000003	-2.7736	0.9440	0.1181	3893
hyperlight_mappo	TRAIN	297	249.1869	-0.000007	-2.8294	0.9656	0.1195	3922
hyperlight_mappo	TRAIN	298	237.9517	-0.000002	-2.5250	0.9034	0.1194	3893
hyperlight_mappo	TRAIN	299	242.3032	0.000138	-3.6166	1.1929	0.1174	3819
hyperlight_mappo	TRAIN	300	233.9712	0.000005	-2.8719	0.9889	0.1208	3889
hyperlight_mappo	TEST	300	262.5643	0.000005	-4.9947	1.5139	0.1205	3601
hyperlight_mappo	TRAIN	301	226.9868	0.000005	-2.4034	0.8930	0.1155	4000
hyperlight_mappo	TRAIN	302	246.9944	0.000013	-3.0074	1.0198	0.1183	3949
hyperlight_mappo	TRAIN	303	246.1773	0.000006	-3.0155	1.0397	0.1233	3887
hyperlight_mappo	TRAIN	304	245.8005	0.000009	-2.7995	0.9692	0.1218	3999
hyperlight_mappo	TRAIN	305	247.9348	-0.000002	-2.7692	0.9914	0.1207	3913
hyperlight_mappo	TEST	305	296.1968	-0.000002	-7.1916	1.8780	0.1340	3400
hyperlight_mappo	TRAIN	306	238.7577	-0.000005	-2.6298	0.9545	0.1225	3920
hyperlight_mappo	TRAIN	307	229.4742	-0.000003	-2.4536	0.9016	0.1175	3899
hyperlight_mappo	TRAIN	308	220.2274	-0.000010	-2.2527	0.8524	0.1159	3935
hyperlight_mappo	TRAIN	309	211.9290	-0.000004	-2.2764	0.8730	0.1155	3928
hyperlight_mappo	TRAIN	310	232.4833	0.000052	-3.0278	1.0366	0.1194	3948
hyperlight_mappo	TEST	310	225.5425	0.000052	-2.3967	0.8537	0.1128	3834
hyperlight_mappo	TRAIN	311	219.5899	0.000002	-2.4286	0.8861	0.1161	3897
hyperlight_mappo	TRAIN	312	225.0441	-0.000012	-2.3672	0.8716	0.1168	3949
hyperlight_mappo	TRAIN	313	219.4037	-0.000007	-2.2726	0.8579	0.1163	3901
hyperlight_mappo	TRAIN	314	216.5934	-0.000013	-2.1402	0.8189	0.1124	3876
hyperlight_mappo	TRAIN	315	216.1081	-0.000007	-2.1749	0.8377	0.1149	3951
hyperlight_mappo	TEST	315	275.2833	-0.000007	-4.9140	1.4025	0.1228	3597
hyperlight_mappo	TRAIN	316	222.6827	-0.000007	-2.2554	0.8480	0.1173	3902
hyperlight_mappo	TRAIN	317	217.7341	-0.000007	-2.2982	0.8585	0.1138	3904
hyperlight_mappo	TRAIN	318	231.1330	-0.000004	-2.3818	0.8914	0.1162	3924
hyperlight_mappo	TRAIN	319	229.0457	-0.000009	-2.2154	0.8402	0.1143	3896
hyperlight_mappo	TRAIN	320	222.9987	-0.000008	-2.3318	0.8628	0.1133	3922
hyperlight_mappo	TEST	320	243.4107	-0.000008	-3.4627	1.0918	0.1144	3669
hyperlight_mappo	TRAIN	321	262.0150	0.000057	-3.3010	1.1328	0.1222	3939
hyperlight_mappo	TRAIN	322	230.2833	-0.000003	-2.5386	0.9134	0.1188	3974
hyperlight_mappo	TRAIN	323	246.5369	-0.000001	-2.6100	0.9270	0.1180	3921
hyperlight_mappo	TRAIN	324	228.9803	-0.000002	-2.2841	0.8578	0.1156	3913
hyperlight_mappo	TRAIN	325	232.2223	-0.000003	-2.2300	0.8447	0.1132	3949
hyperlight_mappo	TEST	325	239.4378	-0.000003	-5.3484	1.6476	0.1167	3584
hyperlight_mappo	TRAIN	326	239.5228	-0.000002	-2.3930	0.8821	0.1154	3973
hyperlight_mappo	TRAIN	327	255.5667	0.000305	-4.8140	1.4401	0.1208	3704
hyperlight_mappo	TRAIN	328	345.8951	0.000178	-5.4237	1.5642	0.1374	3869
hyperlight_mappo	TRAIN	329	231.6480	-0.000010	-2.1736	0.8689	0.1178	3937
hyperlight_mappo	TRAIN	330	249.5141	0.000007	-2.8769	0.9890	0.1207	3842
hyperlight_mappo	TEST	330	259.0481	0.000007	-2.9920	0.9959	0.1228	3783
hyperlight_mappo	TRAIN	331	232.4412	0.000001	-2.3261	0.8788	0.1160	3919
hyperlight_mappo	TRAIN	332	229.8141	-0.000002	-2.2482	0.8581	0.1161	3894
hyperlight_mappo	TRAIN	333	242.8791	0.000026	-2.8573	0.9479	0.1167	3895
hyperlight_mappo	TRAIN	334	230.9554	-0.000000	-2.3191	0.8685	0.1157	3944
hyperlight_mappo	TRAIN	335	241.7360	-0.000006	-2.5223	0.9234	0.1196	3920
hyperlight_mappo	TEST	335	235.5672	-0.000006	-2.4527	0.8500	0.1096	3782
hyperlight_mappo	TRAIN	336	235.5162	-0.000003	-2.4020	0.8921	0.1161	3913
hyperlight_mappo	TRAIN	337	231.4240	-0.000004	-2.2983	0.8770	0.1154	3899
hyperlight_mappo	TRAIN	338	229.6711	-0.000005	-2.3527	0.8735	0.1144	3925
hyperlight_mappo	TRAIN	339	245.2413	0.000263	-4.2656	1.3394	0.1203	3788
hyperlight_mappo	TRAIN	340	238.6322	-0.000006	-2.1877	0.8455	0.1149	3923
hyperlight_mappo	TEST	340	243.6027	-0.000006	-2.6878	0.8967	0.1126	3801
hyperlight_mappo	TRAIN	341	239.8712	0.000099	-3.6957	1.1769	0.1229	3765
hyperlight_mappo	TRAIN	342	242.7338	0.000003	-2.5148	0.9044	0.1157	3948
hyperlight_mappo	TRAIN	343	246.1615	0.000005	-2.5727	0.9306	0.1188	3937
hyperlight_mappo	TRAIN	344	259.3981	0.000083	-3.3990	1.1312	0.1200	3914
hyperlight_mappo	TRAIN	345	246.6726	0.000009	-2.7691	0.9618	0.1181	3956
hyperlight_mappo	TEST	345	264.4136	0.000009	-3.1713	0.9964	0.1196	3769
hyperlight_mappo	TRAIN	346	241.9431	0.000002	-2.7177	0.9519	0.1178	3883
hyperlight_mappo	TRAIN	347	246.0661	0.000001	-2.5611	0.9038	0.1142	3917
hyperlight_mappo	TRAIN	348	246.7167	0.000051	-3.3040	1.0213	0.1175	3834
hyperlight_mappo	TRAIN	349	244.7122	0.000065	-2.9839	1.0294	0.1138	3884
hyperlight_mappo	TRAIN	350	248.3629	0.000003	-2.5926	0.9181	0.1158	3877
hyperlight_mappo	TEST	350	258.8715	0.000003	-3.0231	0.9824	0.1109	3775
hyperlight_mappo	TRAIN	351	248.9127	0.000076	-3.2986	1.0251	0.1160	3895
hyperlight_mappo	TRAIN	352	235.1839	0.000006	-2.3268	0.8731	0.1130	3959
hyperlight_mappo	TRAIN	353	242.1520	0.000037	-3.0008	1.0132	0.1158	3902
hyperlight_mappo	TRAIN	354	227.1617	0.000064	-3.0057	1.0513	0.1167	3883
hyperlight_mappo	TRAIN	355	214.1773	0.000003	-2.0754	0.8303	0.1136	4015
hyperlight_mappo	TEST	355	368.9972	0.000003	-21.1825	5.6275	0.1963	2520
hyperlight_mappo	TRAIN	356	214.2548	0.000004	-2.2030	0.8599	0.1144	3960
hyperlight_mappo	TRAIN	357	220.3876	-0.000000	-2.2704	0.8671	0.1159	3968
hyperlight_mappo	TRAIN	358	226.8328	-0.000008	-2.2570	0.8634	0.1147	4007
hyperlight_mappo	TRAIN	359	212.0884	-0.000014	-2.1226	0.8519	0.1130	3992
hyperlight_mappo	TRAIN	360	230.3384	0.000005	-2.4508	0.9344	0.1202	3969
hyperlight_mappo	TEST	360	256.2687	0.000005	-3.4793	1.0500	0.1132	3711
hyperlight_mappo	TRAIN	361	254.8126	0.000070	-3.3686	1.0602	0.1187	3911
hyperlight_mappo	TRAIN	362	228.5198	-0.000007	-2.3543	0.8714	0.1135	3957
hyperlight_mappo	TRAIN	363	239.4872	0.000049	-2.8218	1.0078	0.1176	4058
hyperlight_mappo	TRAIN	364	220.6780	0.000002	-2.3918	0.8866	0.1162	3966
hyperlight_mappo	TRAIN	365	222.1324	-0.000004	-2.1746	0.8501	0.1150	3959
hyperlight_mappo	TEST	365	236.6236	-0.000004	-2.8270	0.9542	0.1158	3820
hyperlight_mappo	TRAIN	366	216.5068	-0.000003	-2.3698	0.8750	0.1153	3966
hyperlight_mappo	TRAIN	367	213.9013	-0.000008	-2.2390	0.8488	0.1141	3960
hyperlight_mappo	TRAIN	368	231.2546	0.000007	-2.8820	1.0123	0.1199	3932
hyperlight_mappo	TRAIN	369	217.4607	0.000002	-2.2172	0.8520	0.1133	3957
hyperlight_mappo	TRAIN	370	221.3863	-0.000005	-2.4495	0.8951	0.1159	3935
hyperlight_mappo	TEST	370	239.9708	-0.000005	-2.6835	0.8910	0.1133	3768
hyperlight_mappo	TRAIN	371	223.5303	0.000002	-2.3507	0.8696	0.1147	3926
hyperlight_mappo	TRAIN	372	213.8431	-0.000007	-2.1392	0.8272	0.1129	3926
hyperlight_mappo	TRAIN	373	213.8203	-0.000003	-2.1639	0.8156	0.1120	3929
hyperlight_mappo	TRAIN	374	226.5522	0.000024	-2.7849	0.9071	0.1130	3966
hyperlight_mappo	TRAIN	375	216.6127	-0.000004	-2.2649	0.8548	0.1113	3932
hyperlight_mappo	TEST	375	246.2848	-0.000004	-2.8061	0.9090	0.1111	3767
hyperlight_mappo	TRAIN	376	210.4248	-0.000004	-2.2209	0.8378	0.1129	3964
hyperlight_mappo	TRAIN	377	237.4732	0.000053	-3.2720	1.0714	0.1185	3884
hyperlight_mappo	TRAIN	378	216.4005	-0.000010	-2.1773	0.8361	0.1126	3935
hyperlight_mappo	TRAIN	379	219.8242	-0.000007	-2.3730	0.8749	0.1155	3926
hyperlight_mappo	TRAIN	380	227.3249	-0.000004	-2.2631	0.8573	0.1147	3918
hyperlight_mappo	TEST	380	235.2870	-0.000004	-2.2279	0.8013	0.1069	3815
hyperlight_mappo	TRAIN	381	251.5055	0.000050	-3.2627	1.0880	0.1198	3915
hyperlight_mappo	TRAIN	382	224.6561	-0.000008	-2.3701	0.8799	0.1164	3995
hyperlight_mappo	TRAIN	383	216.9236	-0.000001	-2.2081	0.8669	0.1156	3951
hyperlight_mappo	TRAIN	384	234.3575	0.000000	-2.4984	0.9160	0.1170	3989
hyperlight_mappo	TRAIN	385	225.6550	-0.000007	-2.1718	0.8577	0.1153	4044
hyperlight_mappo	TEST	385	235.4039	-0.000007	-2.1225	0.7988	0.1085	3850
hyperlight_mappo	TRAIN	386	218.1325	-0.000000	-2.1042	0.8571	0.1148	4044
hyperlight_mappo	TRAIN	387	240.7786	0.000005	-2.6834	0.9505	0.1183	4015
hyperlight_mappo	TRAIN	388	239.5862	0.000047	-3.0031	0.9817	0.1190	3990
hyperlight_mappo	TRAIN	389	232.6509	-0.000001	-2.3995	0.9056	0.1185	4025
hyperlight_mappo	TRAIN	390	242.6807	0.000000	-2.6830	0.9946	0.1211	3981
hyperlight_mappo	TEST	390	257.7267	0.000000	-3.5237	1.0772	0.1183	3717
hyperlight_mappo	TRAIN	391	240.0909	-0.000001	-2.6000	0.9317	0.1198	3951
hyperlight_mappo	TRAIN	392	246.3982	-0.000002	-2.5411	0.9317	0.1166	3955
hyperlight_mappo	TRAIN	393	245.9833	-0.000001	-2.3929	0.8631	0.1134	3898
hyperlight_mappo	TRAIN	394	245.7953	-0.000006	-2.4467	0.8933	0.1141	3937
hyperlight_mappo	TRAIN	395	257.4912	0.000250	-4.7992	1.4706	0.1296	3884
hyperlight_mappo	TEST	395	311.9190	0.000250	-10.2657	2.9167	0.1335	3295
hyperlight_mappo	TRAIN	396	260.3920	0.000056	-3.6488	1.1389	0.1193	3923
hyperlight_mappo	TRAIN	397	237.8960	0.000005	-2.5166	0.9058	0.1134	3931
hyperlight_mappo	TRAIN	398	243.9767	-0.000003	-2.6273	0.8934	0.1160	3948
hyperlight_mappo	TRAIN	399	255.3710	0.000017	-3.0311	1.0250	0.1177	3970
hyperlight_mappo	TRAIN	400	280.8596	0.000040	-3.3007	1.0869	0.1201	3909
hyperlight_mappo	TEST	400	238.2792	0.000040	-2.5218	0.8798	0.1126	3771
hyperlight_mappo	TRAIN	401	252.3556	0.000043	-3.3728	1.0824	0.1225	3861
hyperlight_mappo	TRAIN	402	235.9717	0.000002	-2.4035	0.8790	0.1147	3993
hyperlight_mappo	TRAIN	403	247.4321	-0.000002	-2.7120	0.9401	0.1175	3969
hyperlight_mappo	TRAIN	404	269.7527	0.000028	-3.2660	1.1036	0.1243	3939
hyperlight_mappo	TRAIN	405	217.9232	-0.000002	-2.3205	0.8585	0.1136	3996
hyperlight_mappo	TEST	405	248.6266	-0.000002	-4.1490	1.2025	0.1167	3709
hyperlight_mappo	TRAIN	406	215.9381	0.000009	-2.4353	0.8819	0.1120	3912
hyperlight_mappo	TRAIN	407	232.1339	-0.000004	-2.4773	0.9165	0.1174	3943
hyperlight_mappo	TRAIN	408	230.9621	0.000020	-3.1156	1.0497	0.1187	3956
hyperlight_mappo	TRAIN	409	223.7234	0.000003	-2.3867	0.8854	0.1150	3940
hyperlight_mappo	TRAIN	410	226.0092	-0.000004	-2.2862	0.8622	0.1136	4006
hyperlight_mappo	TEST	410	270.1404	-0.000004	-3.4612	1.0180	0.1131	3703
hyperlight_mappo	TRAIN	411	237.6122	0.000079	-3.1293	1.0616	0.1167	3904
hyperlight_mappo	TRAIN	412	215.3209	-0.000001	-2.1369	0.8333	0.1118	3961
hyperlight_mappo	TRAIN	413	236.3422	0.000004	-2.7201	0.9951	0.1221	3983
hyperlight_mappo	TRAIN	414	216.2870	-0.000002	-2.2338	0.8562	0.1144	3944
hyperlight_mappo	TRAIN	415	235.1464	0.000001	-2.4652	0.8769	0.1141	3954
hyperlight_mappo	TEST	415	255.6842	0.000001	-2.8356	0.9181	0.1139	3737
hyperlight_mappo	TRAIN	416	230.4062	0.000000	-2.3245	0.8563	0.1135	3936
hyperlight_mappo	TRAIN	417	231.3947	-0.000009	-2.0892	0.8126	0.1118	3940
hyperlight_mappo	TRAIN	418	234.8481	0.000012	-2.5036	0.9103	0.1146	3951
hyperlight_mappo	TRAIN	419	232.4764	0.000001	-2.3131	0.8590	0.1151	4011
hyperlight_mappo	TRAIN	420	255.6818	0.000116	-3.8699	1.2156	0.1215	3944
hyperlight_mappo	TEST	420	260.2372	0.000116	-2.9329	0.9632	0.1132	3782
hyperlight_mappo	TRAIN	421	230.7254	-0.000002	-2.1867	0.8222	0.1109	3897
hyperlight_mappo	TRAIN	422	241.7452	0.000003	-2.6915	0.9950	0.1210	3999
hyperlight_mappo	TRAIN	423	226.4640	-0.000002	-2.1750	0.8357	0.1120	3989
hyperlight_mappo	TRAIN	424	231.8998	0.000004	-2.3246	0.8601	0.1128	3993
hyperlight_mappo	TRAIN	425	231.5370	-0.000006	-2.2685	0.8489	0.1115	3950
hyperlight_mappo	TEST	425	263.8195	-0.000006	-3.3390	1.0574	0.1102	3828
hyperlight_mappo	TRAIN	426	220.2153	-0.000005	-2.1597	0.8286	0.1120	3925
hyperlight_mappo	TRAIN	427	228.3920	0.000028	-2.7748	0.9156	0.1135	3842
hyperlight_mappo	TRAIN	428	234.4038	-0.000010	-2.3422	0.8595	0.1131	3923
hyperlight_mappo	TRAIN	429	252.8316	0.000190	-4.5290	1.2929	0.1212	3694
hyperlight_mappo	TRAIN	430	231.9483	-0.000001	-2.2323	0.8349	0.1110	3908
hyperlight_mappo	TEST	430	273.6807	-0.000001	-4.0791	1.1873	0.1208	3674
hyperlight_mappo	TRAIN	431	234.4586	-0.000003	-2.1995	0.8233	0.1084	3938
hyperlight_mappo	TRAIN	432	251.8842	-0.000004	-2.2228	0.8351	0.1125	3904
hyperlight_mappo	TRAIN	433	236.7423	-0.000004	-2.2493	0.8329	0.1092	3908
hyperlight_mappo	TRAIN	434	259.1462	0.000046	-2.9170	1.0188	0.1170	3926
hyperlight_mappo	TRAIN	435	238.2790	0.000004	-2.3562	0.8664	0.1143	3903
hyperlight_mappo	TEST	435	260.6779	0.000004	-3.4403	1.0852	0.1159	3688
hyperlight_mappo	TRAIN	436	243.4483	-0.000004	-2.2413	0.8381	0.1110	3946
hyperlight_mappo	TRAIN	437	243.0507	0.000003	-2.6410	0.9140	0.1158	3905
hyperlight_mappo	TRAIN	438	254.6282	0.000053	-3.1224	1.0392	0.1153	3927
hyperlight_mappo	TRAIN	439	243.6258	-0.000006	-2.3645	0.8780	0.1150	3910
hyperlight_mappo	TRAIN	440	296.8045	0.000190	-5.2806	1.4440	0.1299	3810
hyperlight_mappo	TEST	440	314.5007	0.000190	-5.3443	1.4694	0.1313	3619
hyperlight_mappo	TRAIN	441	230.3466	0.000003	-2.3206	0.8671	0.1133	3953
hyperlight_mappo	TRAIN	442	260.2894	0.000039	-3.2288	1.0496	0.1164	3811
hyperlight_mappo	TRAIN	443	275.0731	0.000279	-5.0300	1.4298	0.1205	3720
hyperlight_mappo	TRAIN	444	245.7381	0.000063	-2.9000	1.0118	0.1164	3902
hyperlight_mappo	TRAIN	445	240.9523	0.000048	-3.0491	1.0251	0.1164	3903
hyperlight_mappo	TEST	445	371.1206	0.000048	-9.7553	2.5098	0.1554	3409
hyperlight_mappo	TRAIN	446	233.5915	0.000005	-2.3227	0.8921	0.1160	3985
hyperlight_mappo	TRAIN	447	237.6273	-0.000005	-2.1379	0.8448	0.1131	3947
hyperlight_mappo	TRAIN	448	231.8077	-0.000000	-2.0882	0.8204	0.1125	3894
hyperlight_mappo	TRAIN	449	247.0805	0.000044	-3.4203	1.1685	0.1232	3816
hyperlight_mappo	TRAIN	450	261.1802	0.000141	-3.7138	1.1622	0.1169	3902
hyperlight_mappo	TEST	450	284.8942	0.000141	-4.2678	1.2705	0.1179	3648
hyperlight_mappo	TRAIN	451	219.5371	0.000001	-2.0229	0.8124	0.1092	3904
hyperlight_mappo	TRAIN	452	240.2465	0.000017	-2.7143	0.9734	0.1153	3891
hyperlight_mappo	TRAIN	453	235.0212	-0.000003	-2.2791	0.8467	0.1125	3915
hyperlight_mappo	TRAIN	454	235.2615	-0.000003	-2.3624	0.8885	0.1099	3870
hyperlight_mappo	TRAIN	455	229.7143	-0.000006	-2.1686	0.8341	0.1115	3875
hyperlight_mappo	TEST	455	257.8955	-0.000006	-4.3439	1.3417	0.1172	3626
hyperlight_mappo	TRAIN	456	256.8950	0.000033	-3.1834	1.0532	0.1197	3906
hyperlight_mappo	TRAIN	457	230.9455	-0.000000	-2.3250	0.8743	0.1130	3928
hyperlight_mappo	TRAIN	458	231.0753	-0.000008	-2.1637	0.8233	0.1123	3945
hyperlight_mappo	TRAIN	459	244.7772	0.000026	-2.6820	0.9373	0.1118	3882
hyperlight_mappo	TRAIN	460	232.9500	-0.000012	-2.0217	0.7967	0.1099	3902
hyperlight_mappo	TEST	460	296.1660	-0.000012	-6.7379	1.7267	0.1342	3519
hyperlight_mappo	TRAIN	461	273.9776	0.000136	-4.0335	1.2414	0.1233	3967
hyperlight_mappo	TRAIN	462	217.6942	0.000058	-2.5654	0.8937	0.1147	3878
hyperlight_mappo	TRAIN	463	224.8366	-0.000004	-2.0503	0.8123	0.1107	3966
hyperlight_mappo	TRAIN	464	233.6402	0.000004	-2.1444	0.8324	0.1140	3958
hyperlight_mappo	TRAIN	465	261.8937	0.000103	-3.3098	1.0516	0.1101	3915
hyperlight_mappo	TEST	465	275.2956	0.000103	-3.6540	1.0992	0.1151	3626
hyperlight_mappo	TRAIN	466	234.4529	0.000000	-2.4125	0.8501	0.1107	3895
hyperlight_mappo	TRAIN	467	244.5959	-0.000004	-2.5804	0.8929	0.1128	3922
hyperlight_mappo	TRAIN	468	255.9051	0.000033	-2.9710	0.9886	0.1142	3929
hyperlight_mappo	TRAIN	469	243.3302	0.000061	-2.9742	0.9464	0.1148	3870
hyperlight_mappo	TRAIN	470	241.6802	-0.000002	-2.3099	0.8357	0.1109	3906
hyperlight_mappo	TEST	470	258.1610	-0.000002	-2.7847	0.8677	0.1103	3746
hyperlight_mappo	TRAIN	471	230.4234	0.000002	-2.3050	0.8361	0.1116	3963
hyperlight_mappo	TRAIN	472	239.2107	0.000003	-2.5353	0.8954	0.1118	3953
hyperlight_mappo	TRAIN	473	277.2144	0.000135	-3.6222	1.1224	0.1161	3894
hyperlight_mappo	TRAIN	474	244.3909	0.000012	-2.8047	0.9192	0.1115	3891
hyperlight_mappo	TRAIN	475	271.1173	0.000064	-3.5636	1.1504	0.1176	4006
hyperlight_mappo	TEST	475	247.6778	0.000064	-4.7734	1.2858	0.1244	3504
hyperlight_mappo	TRAIN	476	237.6497	-0.000005	-2.3418	0.8704	0.1113	3965
hyperlight_mappo	TRAIN	477	248.3328	0.000005	-2.6028	0.8989	0.1146	3942
hyperlight_mappo	TRAIN	478	253.2338	0.000003	-2.8404	0.9233	0.1128	3900
hyperlight_mappo	TRAIN	479	252.0376	0.000013	-3.1063	0.9946	0.1172	3826
hyperlight_mappo	TRAIN	480	231.5532	0.000001	-2.2315	0.8210	0.1092	3897
hyperlight_mappo	TEST	480	247.7855	0.000001	-2.8022	0.8980	0.1116	3749
hyperlight_mappo	TRAIN	481	244.8985	0.000003	-2.5400	0.9046	0.1135	3883
hyperlight_mappo	TRAIN	482	257.9433	0.000005	-2.7131	0.9164	0.1122	3877
hyperlight_mappo	TRAIN	483	236.8272	-0.000009	-2.1180	0.8081	0.1101	3848
hyperlight_mappo	TRAIN	484	300.9587	0.000083	-3.5416	1.1462	0.1206	3924
hyperlight_mappo	TRAIN	485	256.7007	0.000099	-3.4723	1.1206	0.1142	3839
hyperlight_mappo	TEST	485	322.9315	0.000099	-5.1323	1.4013	0.1228	3634
hyperlight_mappo	TRAIN	486	245.5304	0.000004	-2.6430	0.9001	0.1122	3918
hyperlight_mappo	TRAIN	487	260.2605	0.000131	-3.9916	1.2087	0.1195	3958
hyperlight_mappo	TRAIN	488	227.8373	0.000007	-2.3894	0.8714	0.1115	3934
hyperlight_mappo	TRAIN	489	260.0065	0.000039	-3.5559	1.0396	0.1161	3819
hyperlight_mappo	TRAIN	490	261.3569	0.000015	-3.3523	1.0489	0.1197	3926
hyperlight_mappo	TEST	490	349.4386	0.000015	-9.4252	2.2242	0.1514	3231
hyperlight_mappo	TRAIN	491	286.3012	0.000171	-5.2146	1.5570	0.1332	3702
hyperlight_mappo	TRAIN	492	253.9384	-0.000005	-2.9760	0.9447	0.1152	3961
hyperlight_mappo	TRAIN	493	270.8818	0.000003	-3.1789	1.0126	0.1185	3876
hyperlight_mappo	TRAIN	494	278.9230	0.000250	-5.1639	1.5451	0.1205	3842
hyperlight_mappo	TRAIN	495	263.2291	0.000032	-3.4581	1.1134	0.1179	3920
hyperlight_mappo	TEST	495	330.0905	0.000032	-11.0504	3.1495	0.1256	3413
hyperlight_mappo	TRAIN	496	241.1690	0.000004	-2.8235	0.9376	0.1164	3888
hyperlight_mappo	TRAIN	497	256.0456	-0.000001	-3.0611	0.9874	0.1175	3925
hyperlight_mappo	TRAIN	498	272.5381	0.000050	-3.8669	1.1832	0.1200	3873
hyperlight_mappo	TRAIN	499	240.7666	0.000002	-2.9141	0.9450	0.1145	3916
