structural conditioning spec: structural_v1:in_lane_count,out_lane_count,in_degree,out_degree
structural features (min/mean/max): in_lane_count[4/7.43/14] out_lane_count[3/5.10/8] in_degree[3/3.19/4] out_degree[2/3.24/4]
step:3600/3600, q_loss:0.00022720492820048498, rewards:-11.137116432189941, queue:3.486375570297241, delay:0.2157001942396164, throughput:3832
episode:0/250, real avg travel time:303.47207724425886
Test step:0/250, travel time :597.7213836477987, rewards:-39.90880584716797, queue:11.676719665527344, delay:0.36350759863853455, throughput:1590
New best TEST travel time 597.7214 at episode 0, saved as best checkpoint
step:3600/3600, q_loss:0.0002268041011929098, rewards:-10.75851058959961, queue:3.2986772060394287, delay:0.20820225775241852, throughput:3968
episode:1/250, real avg travel time:286.273185483871
step:3600/3600, q_loss:0.0001348124416027632, rewards:-9.311718940734863, queue:2.9899470806121826, delay:0.19613780081272125, throughput:3948
episode:2/250, real avg travel time:293.4242654508612
step:3600/3600, q_loss:0.0001770955335814506, rewards:-10.105659484863281, queue:3.1838624477386475, delay:0.197054922580719, throughput:3966
episode:3/250, real avg travel time:292.8202218860313
step:3600/3600, q_loss:0.00011466283629286206, rewards:-8.850997924804688, queue:2.8615078926086426, delay:0.19073177874088287, throughput:3904
episode:4/250, real avg travel time:293.76306352459017
step:3600/3600, q_loss:7.119590364810494e-05, rewards:-7.633021354675293, queue:2.514417886734009, delay:0.18052984774112701, throughput:3972
episode:5/250, real avg travel time:268.21727089627393
Test step:5/250, travel time :251.95962490231832, rewards:-8.014278411865234, queue:2.8736772537231445, delay:0.1718371957540512, throughput:3839
New best TEST travel time 251.9596 at episode 5, saved as best checkpoint
step:3600/3600, q_loss:7.564740662928671e-05, rewards:-7.8525390625, queue:2.5728836059570312, delay:0.18191617727279663, throughput:3983
episode:6/250, real avg travel time:259.762992719056
step:3600/3600, q_loss:2.9555812620350883e-05, rewards:-6.60066032409668, queue:2.2025132179260254, delay:0.17360930144786835, throughput:3995
episode:7/250, real avg travel time:248.1817271589487
step:3600/3600, q_loss:5.295487030202316e-05, rewards:-7.298903465270996, queue:2.418121576309204, delay:0.17539721727371216, throughput:3995
episode:8/250, real avg travel time:258.8015018773467
step:3600/3600, q_loss:4.367639970344802e-05, rewards:-7.087823390960693, queue:2.4292328357696533, delay:0.1755952090024948, throughput:3994
episode:9/250, real avg travel time:266.17601402103156
step:3600/3600, q_loss:5.66487260382726e-05, rewards:-7.404759407043457, queue:2.4582011699676514, delay:0.17891928553581238, throughput:4010
episode:10/250, real avg travel time:257.68977556109724
Test step:10/250, travel time :251.95962490231832, rewards:-8.014278411865234, queue:2.8736772537231445, delay:0.1718371957540512, throughput:3839
step:3600/3600, q_loss:3.1916610249835586e-05, rewards:-6.9761576652526855, queue:2.32275128364563, delay:0.17198824882507324, throughput:4006
episode:11/250, real avg travel time:251.04018971542686
step:3600/3600, q_loss:5.635209284567585e-05, rewards:-7.190018653869629, queue:2.3996031284332275, delay:0.1706218123435974, throughput:4009
episode:12/250, real avg travel time:259.4816662509354
step:3600/3600, q_loss:5.5624280745784443e-05, rewards:-7.139092922210693, queue:2.429100513458252, delay:0.1703711748123169, throughput:3988
episode:13/250, real avg travel time:254.9350551654965
step:3600/3600, q_loss:0.00013291343461282345, rewards:-7.162345886230469, queue:2.3252644538879395, delay:0.16669361293315887, throughput:4001
episode:14/250, real avg travel time:257.7205698575356
step:3600/3600, q_loss:3.885510151222762e-05, rewards:-6.151203155517578, queue:2.0896825790405273, delay:0.1666955053806305, throughput:4053
episode:15/250, real avg travel time:247.35652603010115
Test step:15/250, travel time :251.95962490231832, rewards:-8.014278411865234, queue:2.8736772537231445, delay:0.1718371957540512, throughput:3839
step:3600/3600, q_loss:6.607548016796095e-05, rewards:-6.931118965148926, queue:2.3107142448425293, delay:0.1716165840625763, throughput:3984
episode:16/250, real avg travel time:250.09764056224898
step:3600/3600, q_loss:5.768004565551463e-05, rewards:-6.104877948760986, queue:2.17037034034729, delay:0.16784483194351196, throughput:4008
episode:17/250, real avg travel time:246.48527944111777
step:3600/3600, q_loss:6.0874634073115885e-05, rewards:-6.124654293060303, queue:2.152909994125366, delay:0.16643556952476501, throughput:4018
episode:18/250, real avg travel time:255.46839223494277
step:3600/3600, q_loss:6.76880044112396e-05, rewards:-6.561769008636475, queue:2.2411375045776367, delay:0.16923180222511292, throughput:4023
episode:19/250, real avg travel time:249.95650012428536
step:3600/3600, q_loss:4.149780126883545e-05, rewards:-5.877531051635742, queue:2.067857027053833, delay:0.16423702239990234, throughput:4013
episode:20/250, real avg travel time:239.81858958385249
Test step:20/250, travel time :251.95962490231832, rewards:-8.014278411865234, queue:2.8736772537231445, delay:0.1718371957540512, throughput:3839
step:3600/3600, q_loss:3.68400879475909e-05, rewards:-5.937294960021973, queue:2.067857027053833, delay:0.1656607836484909, throughput:4031
episode:21/250, real avg travel time:249.94393450756635
step:3600/3600, q_loss:2.6736509850403913e-05, rewards:-5.346928596496582, queue:1.9466930627822876, delay:0.16295018792152405, throughput:4035
episode:22/250, real avg travel time:252.92094175960347
step:3600/3600, q_loss:2.380601815982825e-05, rewards:-5.494124412536621, queue:1.9757936000823975, delay:0.1653098464012146, throughput:4029
episode:23/250, real avg travel time:242.1734921816828
step:3600/3600, q_loss:3.5082340602659514e-05, rewards:-5.492578983306885, queue:1.9682539701461792, delay:0.16361665725708008, throughput:4028
episode:24/250, real avg travel time:237.0345084409136
step:3600/3600, q_loss:3.705241203230495e-05, rewards:-5.250817775726318, queue:1.8835978507995605, delay:0.15781298279762268, throughput:4058
episode:25/250, real avg travel time:236.84080827994086
Test step:25/250, travel time :251.36268890046898, rewards:-8.16733169555664, queue:2.936772584915161, delay:0.17066101729869843, throughput:3838
New best TEST travel time 251.3627 at episode 25, saved as best checkpoint
step:3600/3600, q_loss:1.7520518708301502e-05, rewards:-5.112431049346924, queue:1.8236773014068604, delay:0.15965233743190765, throughput:4058
episode:26/250, real avg travel time:230.12124199112864
step:3600/3600, q_loss:2.5422229696737808e-05, rewards:-5.445124626159668, queue:1.8968254327774048, delay:0.16154152154922485, throughput:4042
episode:27/250, real avg travel time:231.87679366650173
step:3600/3600, q_loss:1.342958906510224e-05, rewards:-4.736450672149658, queue:1.6957671642303467, delay:0.1552187204360962, throughput:4019
episode:28/250, real avg travel time:226.57676038815626
step:3600/3600, q_loss:1.2504962635123067e-05, rewards:-5.00738525390625, queue:1.7841269969940186, delay:0.15657947957515717, throughput:4046
episode:29/250, real avg travel time:231.93475037073654
step:3600/3600, q_loss:1.0170491360541846e-05, rewards:-4.630832672119141, queue:1.6607142686843872, delay:0.15538789331912994, throughput:4049
episode:30/250, real avg travel time:223.14275129661644
Test step:30/250, travel time :232.2297331639136, rewards:-7.178680896759033, queue:2.5738096237182617, delay:0.15164363384246826, throughput:3935
New best TEST travel time 232.2297 at episode 30, saved as best checkpoint
step:3600/3600, q_loss:2.56680250458885e-05, rewards:-4.898073196411133, queue:1.7613756656646729, delay:0.15546800196170807, throughput:4054
episode:31/250, real avg travel time:223.60680809077454
step:3600/3600, q_loss:2.7274865472766882e-05, rewards:-4.786046981811523, queue:1.67037034034729, delay:0.1542721390724182, throughput:4056
episode:32/250, real avg travel time:224.564842209073
step:3600/3600, q_loss:8.190093002566654e-06, rewards:-4.767120838165283, queue:1.7000000476837158, delay:0.1563940942287445, throughput:4055
episode:33/250, real avg travel time:229.53193588162762
step:3600/3600, q_loss:2.109227344691236e-05, rewards:-4.631803512573242, queue:1.6424603462219238, delay:0.15421174466609955, throughput:4037
episode:34/250, real avg travel time:225.17513004706464
step:3600/3600, q_loss:1.01490449904102e-05, rewards:-4.482279300689697, queue:1.6333333253860474, delay:0.1508251428604126, throughput:4036
episode:35/250, real avg travel time:225.49554013875124
Test step:35/250, travel time :227.05329311211665, rewards:-7.155447006225586, queue:2.5546295642852783, delay:0.1581229865550995, throughput:3978
New best TEST travel time 227.0533 at episode 35, saved as best checkpoint
step:3600/3600, q_loss:1.044025242057008e-05, rewards:-4.438362121582031, queue:1.5793651342391968, delay:0.14922362565994263, throughput:4032
episode:36/250, real avg travel time:219.74181547619048
step:3600/3600, q_loss:1.0726421330926112e-05, rewards:-4.352526664733887, queue:1.6157407760620117, delay:0.15084299445152283, throughput:4055
episode:37/250, real avg travel time:225.1593094944513
step:3600/3600, q_loss:1.080927896610875e-05, rewards:-4.452742576599121, queue:1.592063546180725, delay:0.15078724920749664, throughput:4038
episode:38/250, real avg travel time:219.32565626547796
step:3600/3600, q_loss:1.8304239509032212e-05, rewards:-4.336258411407471, queue:1.5664020776748657, delay:0.15260446071624756, throughput:4064
episode:39/250, real avg travel time:212.0209153543307
step:3600/3600, q_loss:1.9593338866899205e-05, rewards:-4.328539848327637, queue:1.5970900058746338, delay:0.15180808305740356, throughput:4063
episode:40/250, real avg travel time:220.6539502830421
Test step:40/250, travel time :222.7363545317977, rewards:-6.934913635253906, queue:2.525529146194458, delay:0.16457068920135498, throughput:3994
New best TEST travel time 222.7364 at episode 40, saved as best checkpoint
step:3600/3600, q_loss:9.235779321493788e-06, rewards:-4.556817054748535, queue:1.6493386030197144, delay:0.1527252495288849, throughput:4062
episode:41/250, real avg travel time:221.47513540128017
step:3600/3600, q_loss:1.2168973383571331e-05, rewards:-4.156359672546387, queue:1.5132274627685547, delay:0.15429650247097015, throughput:4059
episode:42/250, real avg travel time:213.019955654102
step:3600/3600, q_loss:3.6991491813548944e-05, rewards:-4.48200798034668, queue:1.651719570159912, delay:0.15057867765426636, throughput:4073
episode:43/250, real avg travel time:215.55364596120796
step:3600/3600, q_loss:1.4003707070110572e-05, rewards:-4.222675323486328, queue:1.549735426902771, delay:0.15390607714653015, throughput:4057
episode:44/250, real avg travel time:215.53413852600443
step:3600/3600, q_loss:2.305480876303692e-05, rewards:-4.190459728240967, queue:1.5157407522201538, delay:0.14863790571689606, throughput:4060
episode:45/250, real avg travel time:212.58004926108376
Test step:45/250, travel time :221.41745635910223, rewards:-7.6110711097717285, queue:2.3839948177337646, delay:0.17024803161621094, throughput:4010
New best TEST travel time 221.4175 at episode 45, saved as best checkpoint
step:3600/3600, q_loss:5.691666673454973e-06, rewards:-4.19377326965332, queue:1.5439153909683228, delay:0.15393304824829102, throughput:4067
episode:46/250, real avg travel time:219.16056060978607
step:3600/3600, q_loss:2.1083706572729475e-05, rewards:-4.435231685638428, queue:1.6298941373825073, delay:0.14839069545269012, throughput:4047
episode:47/250, real avg travel time:214.1131702495676
step:3600/3600, q_loss:8.500551080538167e-06, rewards:-3.7755651473999023, queue:1.4195767641067505, delay:0.14527451992034912, throughput:4054
episode:48/250, real avg travel time:208.93438579181057
step:3600/3600, q_loss:1.850879012231922e-05, rewards:-4.071411609649658, queue:1.481349229812622, delay:0.1489003300666809, throughput:4052
episode:49/250, real avg travel time:212.36130306021718
step:3600/3600, q_loss:5.114365428906038e-05, rewards:-4.770047664642334, queue:1.6503968238830566, delay:0.15297292172908783, throughput:4048
episode:50/250, real avg travel time:212.3334980237154
Test step:50/250, travel time :211.3924650698603, rewards:-6.98804235458374, queue:2.150925874710083, delay:0.16635967791080475, throughput:4008
New best TEST travel time 211.3925 at episode 50, saved as best checkpoint
step:3600/3600, q_loss:2.369812532884276e-05, rewards:-4.00451135635376, queue:1.4578042030334473, delay:0.14766108989715576, throughput:4047
episode:51/250, real avg travel time:209.9476155176674
step:3600/3600, q_loss:2.6537454929590845e-05, rewards:-4.216097831726074, queue:1.5907407999038696, delay:0.1467229574918747, throughput:4049
episode:52/250, real avg travel time:211.26673252654976
step:3600/3600, q_loss:9.45063543945758e-06, rewards:-3.9658501148223877, queue:1.5010582208633423, delay:0.1484096646308899, throughput:4067
episode:53/250, real avg travel time:209.59404966806
step:3600/3600, q_loss:7.578209948001636e-06, rewards:-3.8809974193573, queue:1.4373016357421875, delay:0.1464989185333252, throughput:4057
episode:54/250, real avg travel time:209.72491989154548
step:3600/3600, q_loss:1.2078150515056526e-05, rewards:-4.004628658294678, queue:1.4801586866378784, delay:0.15057696402072906, throughput:4057
episode:55/250, real avg travel time:212.359378851368
Test step:55/250, travel time :216.43771626297578, rewards:-5.2213358879089355, queue:1.8711639642715454, delay:0.16169190406799316, throughput:4046
step:3600/3600, q_loss:9.550165446449279e-06, rewards:-3.9780728816986084, queue:1.4691798686981201, delay:0.14935451745986938, throughput:4054
episode:56/250, real avg travel time:208.02960039467192
step:3600/3600, q_loss:3.0499465275271277e-05, rewards:-4.419741630554199, queue:1.6507936716079712, delay:0.14852271974086761, throughput:4045
episode:57/250, real avg travel time:211.91075401730532
step:3600/3600, q_loss:2.9539674061298782e-06, rewards:-3.564859390258789, queue:1.3609788417816162, delay:0.14422553777694702, throughput:4066
episode:58/250, real avg travel time:207.21396950319723
step:3600/3600, q_loss:7.881537619848839e-05, rewards:-5.119139671325684, queue:1.5874338150024414, delay:0.15080277621746063, throughput:4040
episode:59/250, real avg travel time:209.77153465346535
step:3600/3600, q_loss:1.7376239217507342e-05, rewards:-4.091114521026611, queue:1.500925898551941, delay:0.14800520241260529, throughput:4060
episode:60/250, real avg travel time:216.93940886699508
Test step:60/250, travel time :332.16211519364447, rewards:-10.914045333862305, queue:3.811772584915161, delay:0.18717847764492035, throughput:4028
step:3600/3600, q_loss:1.9194292043620308e-05, rewards:-4.203640460968018, queue:1.5563491582870483, delay:0.14922232925891876, throughput:4064
episode:61/250, real avg travel time:215.45497047244095
step:3600/3600, q_loss:0.00015307123814838834, rewards:-4.837347507476807, queue:1.6944444179534912, delay:0.15279521048069, throughput:4057
episode:62/250, real avg travel time:224.4678333744146
step:3600/3600, q_loss:1.1564637437307587e-05, rewards:-3.8444037437438965, queue:1.451984167098999, delay:0.14472848176956177, throughput:4061
episode:63/250, real avg travel time:210.25584831322334
step:3600/3600, q_loss:3.193103313808226e-05, rewards:-4.4711384773254395, queue:1.560185194015503, delay:0.15271228551864624, throughput:4063
episode:64/250, real avg travel time:220.8968742308639
step:3600/3600, q_loss:2.824353295080881e-05, rewards:-3.853046417236328, queue:1.4695767164230347, delay:0.1443684697151184, throughput:4065
episode:65/250, real avg travel time:207.71168511685116
Test step:65/250, travel time :205.58357915437563, rewards:-4.110545635223389, queue:1.618915319442749, delay:0.1355687379837036, throughput:4068
New best TEST travel time 205.5836 at episode 65, saved as best checkpoint
step:3600/3600, q_loss:6.879055338989322e-06, rewards:-3.5749638080596924, queue:1.3928571939468384, delay:0.1409585177898407, throughput:4055
episode:66/250, real avg travel time:208.1154130702836
step:3600/3600, q_loss:8.965137951438213e-06, rewards:-3.765117645263672, queue:1.4453703165054321, delay:0.1442990005016327, throughput:4063
episode:67/250, real avg travel time:208.0551316761014
step:3600/3600, q_loss:9.50280373217538e-06, rewards:-3.4511303901672363, queue:1.334259271621704, delay:0.14031445980072021, throughput:4062
episode:68/250, real avg travel time:205.85918266863615
step:3600/3600, q_loss:1.2040442056281284e-05, rewards:-3.548962354660034, queue:1.3626984357833862, delay:0.1411837637424469, throughput:4067
episode:69/250, real avg travel time:211.4162773543152
step:3600/3600, q_loss:1.0959440785680069e-05, rewards:-3.6003801822662354, queue:1.3816137313842773, delay:0.14364118874073029, throughput:4055
episode:70/250, real avg travel time:209.44907521578298
Test step:70/250, travel time :205.88323500491643, rewards:-3.973489284515381, queue:1.5666667222976685, delay:0.1430450975894928, throughput:4068
step:3600/3600, q_loss:1.103095528378617e-05, rewards:-3.596848249435425, queue:1.3724868297576904, delay:0.14186856150627136, throughput:4058
episode:71/250, real avg travel time:209.13775258748151
step:3600/3600, q_loss:6.172188053218027e-06, rewards:-3.6511013507843018, queue:1.4141534566879272, delay:0.14561311900615692, throughput:4054
episode:72/250, real avg travel time:209.68993586581155
step:3600/3600, q_loss:4.7727357014082376e-06, rewards:-3.549807071685791, queue:1.3818782567977905, delay:0.14242197573184967, throughput:4059
episode:73/250, real avg travel time:210.85464400098547
step:3600/3600, q_loss:3.0924959800257865e-06, rewards:-3.437173366546631, queue:1.3469576835632324, delay:0.14038510620594025, throughput:4055
episode:74/250, real avg travel time:210.42860665844637
step:3600/3600, q_loss:7.696186633741794e-05, rewards:-4.6688642501831055, queue:1.5858465433120728, delay:0.1467110514640808, throughput:4062
episode:75/250, real avg travel time:224.25258493353027
Test step:75/250, travel time :212.9317733990148, rewards:-4.169788360595703, queue:1.6173280477523804, delay:0.15349170565605164, throughput:4060
step:3600/3600, q_loss:0.00016513457521796226, rewards:-4.572119235992432, queue:1.633994698524475, delay:0.1453745812177658, throughput:4050
episode:76/250, real avg travel time:225.64567901234568
step:3600/3600, q_loss:2.996646427264851e-05, rewards:-4.0007758140563965, queue:1.5056878328323364, delay:0.14632122218608856, throughput:4065
episode:77/250, real avg travel time:212.3409594095941
step:3600/3600, q_loss:1.549770782326555e-05, rewards:-3.8130478858947754, queue:1.392724871635437, delay:0.1445552259683609, throughput:4063
episode:78/250, real avg travel time:213.3947821806547
step:3600/3600, q_loss:2.128234741071032e-06, rewards:-3.5423319339752197, queue:1.3656084537506104, delay:0.14309093356132507, throughput:4062
episode:79/250, real avg travel time:210.60881339241752
step:3600/3600, q_loss:9.40608095131918e-06, rewards:-3.517030954360962, queue:1.3544973134994507, delay:0.14394058287143707, throughput:4057
episode:80/250, real avg travel time:207.19201380330293
Test step:80/250, travel time :207.8993865030675, rewards:-4.188175678253174, queue:1.4888888597488403, delay:0.15519165992736816, throughput:4075
step:3600/3600, q_loss:5.289446077464769e-06, rewards:-3.8342459201812744, queue:1.4330687522888184, delay:0.14838483929634094, throughput:4055
episode:81/250, real avg travel time:208.70135635018497
step:3600/3600, q_loss:3.180693036281607e-06, rewards:-3.607266664505005, queue:1.3642857074737549, delay:0.14497165381908417, throughput:4059
episode:82/250, real avg travel time:207.65163833456518
step:3600/3600, q_loss:4.360192704350791e-06, rewards:-3.6076314449310303, queue:1.3907407522201538, delay:0.14636893570423126, throughput:4057
episode:83/250, real avg travel time:209.2166625585408
step:3600/3600, q_loss:-1.928164581638864e-06, rewards:-3.7016875743865967, queue:1.3670635223388672, delay:0.1452343910932541, throughput:4058
episode:84/250, real avg travel time:211.60670280926564
step:3600/3600, q_loss:5.694099996213077e-06, rewards:-3.299243927001953, queue:1.2855820655822754, delay:0.14008277654647827, throughput:4061
episode:85/250, real avg travel time:208.88180251169663
Test step:85/250, travel time :251.39958049292082, rewards:-7.120985984802246, queue:2.152777671813965, delay:0.18696185946464539, throughput:3814
step:3600/3600, q_loss:4.0018856250551635e-06, rewards:-3.209149122238159, queue:1.2497354745864868, delay:0.1398596316576004, throughput:4067
episode:86/250, real avg travel time:207.3926727317433
step:3600/3600, q_loss:7.4345722775130225e-06, rewards:-3.88374662399292, queue:1.4400793313980103, delay:0.14726665616035461, throughput:4060
episode:87/250, real avg travel time:217.58399014778325
step:3600/3600, q_loss:9.792741265199665e-07, rewards:-3.270939350128174, queue:1.2821428775787354, delay:0.14132392406463623, throughput:4068
episode:88/250, real avg travel time:207.38938053097345
step:3600/3600, q_loss:6.932668919843208e-06, rewards:-3.5488698482513428, queue:1.3239418268203735, delay:0.14465105533599854, throughput:4062
episode:89/250, real avg travel time:211.23559822747416
step:3600/3600, q_loss:-1.9953081694742043e-06, rewards:-3.356606960296631, queue:1.2948412895202637, delay:0.1411258578300476, throughput:4065
episode:90/250, real avg travel time:206.1539975399754
Test step:90/250, travel time :207.45586427342022, rewards:-3.8340275287628174, queue:1.3312169313430786, delay:0.15117530524730682, throughput:4067
step:3600/3600, q_loss:2.9025309939040904e-05, rewards:-4.058230876922607, queue:1.500793695449829, delay:0.1475653052330017, throughput:4065
episode:91/250, real avg travel time:228.84329643296434
step:3600/3600, q_loss:1.0786415037323927e-05, rewards:-3.2393829822540283, queue:1.2768518924713135, delay:0.13723191618919373, throughput:4056
episode:92/250, real avg travel time:209.02465483234715
step:3600/3600, q_loss:4.5627974840398463e-07, rewards:-3.453713893890381, queue:1.3211640119552612, delay:0.14210325479507446, throughput:4055
episode:93/250, real avg travel time:207.68483353884093
step:3600/3600, q_loss:8.916948152343847e-06, rewards:-3.7943921089172363, queue:1.366798996925354, delay:0.14371813833713531, throughput:4058
episode:94/250, real avg travel time:213.76737309019222
step:3600/3600, q_loss:2.6308783465841166e-06, rewards:-3.2064762115478516, queue:1.249206304550171, delay:0.1382066011428833, throughput:4067
episode:95/250, real avg travel time:202.75829850012295
Test step:95/250, travel time :278.51828298887125, rewards:-9.12419319152832, queue:2.7497353553771973, delay:0.1968366950750351, throughput:3774
step:3600/3600, q_loss:3.071337212329834e-06, rewards:-3.304676055908203, queue:1.2484127283096313, delay:0.1376674920320511, throughput:4058
episode:96/250, real avg travel time:204.41892557910302
step:3600/3600, q_loss:-8.915079282208657e-07, rewards:-3.234205484390259, queue:1.2455025911331177, delay:0.13871625065803528, throughput:4054
episode:97/250, real avg travel time:207.19067587567835
step:3600/3600, q_loss:8.032724508666433e-06, rewards:-3.1297526359558105, queue:1.2216931581497192, delay:0.13962194323539734, throughput:4065
episode:98/250, real avg travel time:203.08142681426816
step:3600/3600, q_loss:5.36726357596409e-06, rewards:-3.327864646911621, queue:1.2641534805297852, delay:0.1423545926809311, throughput:4052
episode:99/250, real avg travel time:205.427690029615
step:3600/3600, q_loss:6.227412450243719e-06, rewards:-3.246612548828125, queue:1.2530423402786255, delay:0.13960999250411987, throughput:4066
episode:100/250, real avg travel time:203.88785046728972
Test step:100/250, travel time :260.93046875, rewards:-8.13632583618164, queue:2.4120371341705322, delay:0.1926058977842331, throughput:3840
step:3600/3600, q_loss:7.473883387218747e-06, rewards:-3.4575212001800537, queue:1.2804232835769653, delay:0.1421547532081604, throughput:4052
episode:101/250, real avg travel time:205.72137216189537
step:3600/3600, q_loss:4.848549053551526e-05, rewards:-4.074941635131836, queue:1.390211582183838, delay:0.1428230106830597, throughput:4071
episode:102/250, real avg travel time:218.9825595676738
step:3600/3600, q_loss:1.1696754477775863e-05, rewards:-3.3218016624450684, queue:1.2644180059432983, delay:0.13964520394802094, throughput:4069
episode:103/250, real avg travel time:210.15532071762104
step:3600/3600, q_loss:4.364792241378584e-06, rewards:-3.2914984226226807, queue:1.2645502090454102, delay:0.13824497163295746, throughput:4068
episode:104/250, real avg travel time:207.05973451327435
step:3600/3600, q_loss:3.675905164628704e-05, rewards:-4.006450653076172, queue:1.4058201313018799, delay:0.142705038189888, throughput:4061
episode:105/250, real avg travel time:218.65624230485102
Test step:105/250, travel time :273.4102909482759, rewards:-11.096123695373535, queue:3.2051587104797363, delay:0.19492091238498688, throughput:3712
step:3600/3600, q_loss:1.3410729055370514e-05, rewards:-3.478161573410034, queue:1.2674603462219238, delay:0.14290626347064972, throughput:4068
episode:106/250, real avg travel time:210.5995575221239
step:3600/3600, q_loss:0.00013256083249062713, rewards:-4.496718883514404, queue:1.5185185670852661, delay:0.1397797167301178, throughput:4071
episode:107/250, real avg travel time:222.13141734217638
step:3600/3600, q_loss:2.0533563252279742e-06, rewards:-3.2939696311950684, queue:1.2441798448562622, delay:0.13809676468372345, throughput:4066
episode:108/250, real avg travel time:210.9149040826365
step:3600/3600, q_loss:1.4138707289627443e-05, rewards:-3.413698434829712, queue:1.2908730506896973, delay:0.14035727083683014, throughput:4072
episode:109/250, real avg travel time:209.9852652259332
step:3600/3600, q_loss:1.1136809633980091e-05, rewards:-3.2180302143096924, queue:1.2461639642715454, delay:0.13930119574069977, throughput:4061
episode:110/250, real avg travel time:206.7951243536075
Test step:110/250, travel time :242.35822040398875, rewards:-6.021739482879639, queue:2.0207672119140625, delay:0.17522208392620087, throughput:3911
step:3600/3600, q_loss:-1.0240483890003006e-06, rewards:-3.122953176498413, queue:1.2281745672225952, delay:0.13672739267349243, throughput:4055
episode:111/250, real avg travel time:208.70382244143033
step:3600/3600, q_loss:4.306370505623312e-06, rewards:-3.224400043487549, queue:1.2521164417266846, delay:0.13924597203731537, throughput:4068
episode:112/250, real avg travel time:207.4070796460177
step:3600/3600, q_loss:9.189140174486157e-05, rewards:-3.9727470874786377, queue:1.4612433910369873, delay:0.14383302628993988, throughput:4064
episode:113/250, real avg travel time:217.7829724409449
step:3600/3600, q_loss:2.817557178786956e-05, rewards:-3.2528934478759766, queue:1.2350529432296753, delay:0.13602493703365326, throughput:4075
episode:114/250, real avg travel time:205.92490797546012
step:3600/3600, q_loss:4.7704067643887056e-05, rewards:-4.035590171813965, queue:1.4682539701461792, delay:0.14578644931316376, throughput:4074
episode:115/250, real avg travel time:221.2820324005891
Test step:115/250, travel time :265.4623356926188, rewards:-6.0780558586120605, queue:2.040079355239868, delay:0.16609835624694824, throughput:3956
step:3600/3600, q_loss:7.324492778732545e-06, rewards:-3.232966899871826, queue:1.2523809671401978, delay:0.13946038484573364, throughput:4064
episode:116/250, real avg travel time:206.28174212598427
step:3600/3600, q_loss:6.0985243180766705e-06, rewards:-2.972719669342041, queue:1.2015873193740845, delay:0.13564547896385193, throughput:4068
episode:117/250, real avg travel time:206.3468534906588
step:3600/3600, q_loss:6.666008589996232e-06, rewards:-3.0647051334381104, queue:1.2265872955322266, delay:0.13812172412872314, throughput:4058
episode:118/250, real avg travel time:204.67003449975357
step:3600/3600, q_loss:8.36395419254485e-06, rewards:-3.0443460941314697, queue:1.2115079164505005, delay:0.13700856268405914, throughput:4062
episode:119/250, real avg travel time:204.57680945347118
step:3600/3600, q_loss:7.729779301573419e-06, rewards:-3.155233383178711, queue:1.2264549732208252, delay:0.13733108341693878, throughput:4071
episode:120/250, real avg travel time:205.11962662736428
Test step:120/250, travel time :206.55839685271698, rewards:-3.34106707572937, queue:1.2613756656646729, delay:0.14630742371082306, throughput:4067
step:3600/3600, q_loss:1.727616698998544e-05, rewards:-3.1317999362945557, queue:1.2161375284194946, delay:0.13845226168632507, throughput:4076
episode:121/250, real avg travel time:206.83439646712463
step:3600/3600, q_loss:7.943584730835735e-06, rewards:-3.1348280906677246, queue:1.2275131940841675, delay:0.13585920631885529, throughput:4069
episode:122/250, real avg travel time:208.47874170557876
step:3600/3600, q_loss:2.6909011163904023e-06, rewards:-3.046041488647461, queue:1.1921957731246948, delay:0.13561397790908813, throughput:4066
episode:123/250, real avg travel time:207.79685194294146
step:3600/3600, q_loss:1.0332058081985451e-05, rewards:-3.0449397563934326, queue:1.1977512836456299, delay:0.1357833594083786, throughput:4068
episode:124/250, real avg travel time:206.56907571288102
step:3600/3600, q_loss:1.3303568711206835e-05, rewards:-3.1925039291381836, queue:1.2416666746139526, delay:0.1377934068441391, throughput:4067
episode:125/250, real avg travel time:205.22203098106712
Test step:125/250, travel time :213.34365020879392, rewards:-3.3299520015716553, queue:1.2486772537231445, delay:0.14065611362457275, throughput:4071
step:3600/3600, q_loss:1.234122614227494e-05, rewards:-3.02506160736084, queue:1.1989418268203735, delay:0.13366194069385529, throughput:4068
episode:126/250, real avg travel time:206.5263028515241
step:3600/3600, q_loss:3.196901161572896e-06, rewards:-2.954355478286743, queue:1.1608465909957886, delay:0.13487094640731812, throughput:4066
episode:127/250, real avg travel time:203.60723069355632
step:3600/3600, q_loss:5.299377234122302e-06, rewards:-2.930283546447754, queue:1.1605820655822754, delay:0.13496369123458862, throughput:4072
episode:128/250, real avg travel time:204.80476424361493
step:3600/3600, q_loss:1.6783290549129662e-06, rewards:-2.919053077697754, queue:1.1810846328735352, delay:0.13529305160045624, throughput:4069
episode:129/250, real avg travel time:203.21626935364955
step:3600/3600, q_loss:1.4138677579467185e-05, rewards:-2.9485225677490234, queue:1.1728836297988892, delay:0.1355513483285904, throughput:4064
episode:130/250, real avg travel time:204.8068405511811
Test step:130/250, travel time :203.81847211987227, rewards:-3.0537774562835693, queue:1.1727513074874878, delay:0.1397583931684494, throughput:4071
New best TEST travel time 203.8185 at episode 130, saved as best checkpoint
step:3600/3600, q_loss:1.2382206639611266e-05, rewards:-2.9004998207092285, queue:1.1697089672088623, delay:0.1350473016500473, throughput:4072
episode:131/250, real avg travel time:205.96979371316306
step:3600/3600, q_loss:2.124678928036398e-05, rewards:-2.9360241889953613, queue:1.1763226985931396, delay:0.1351148635149002, throughput:4063
episode:132/250, real avg travel time:204.88604479448682
step:3600/3600, q_loss:1.8248698567428315e-05, rewards:-2.840276002883911, queue:1.1554232835769653, delay:0.13522100448608398, throughput:4067
episode:133/250, real avg travel time:204.0477010081141
step:3600/3600, q_loss:6.992601362677912e-05, rewards:-3.7128584384918213, queue:1.525925874710083, delay:0.13881121575832367, throughput:4043
episode:134/250, real avg travel time:211.62107346030174
step:3600/3600, q_loss:7.753035687427554e-07, rewards:-2.938616991043091, queue:1.1908730268478394, delay:0.13606448471546173, throughput:4068
episode:135/250, real avg travel time:203.93289085545723
Test step:135/250, travel time :269.05516194331983, rewards:-6.814939975738525, queue:2.7391533851623535, delay:0.16768857836723328, throughput:3952
step:3600/3600, q_loss:4.9002107617626385e-06, rewards:-2.873861789703369, queue:1.197619080543518, delay:0.13509751856327057, throughput:4064
episode:136/250, real avg travel time:204.9896653543307
step:3600/3600, q_loss:8.306285922622516e-06, rewards:-2.8481228351593018, queue:1.1583333015441895, delay:0.1336696743965149, throughput:4068
episode:137/250, real avg travel time:204.78466076696165
step:3600/3600, q_loss:6.853516687341551e-06, rewards:-2.8029611110687256, queue:1.1425925493240356, delay:0.13399779796600342, throughput:4073
episode:138/250, real avg travel time:205.31303707341027
step:3600/3600, q_loss:2.0649720277611374e-06, rewards:-2.8203086853027344, queue:1.1361111402511597, delay:0.13525302708148956, throughput:4070
episode:139/250, real avg travel time:204.83538083538085
step:3600/3600, q_loss:2.4885566138740006e-06, rewards:-2.8551137447357178, queue:1.1468254327774048, delay:0.1348859965801239, throughput:4062
episode:140/250, real avg travel time:204.2407680945347
Test step:140/250, travel time :213.20171779141106, rewards:-3.107910394668579, queue:1.2001322507858276, delay:0.14025558531284332, throughput:4075
step:3600/3600, q_loss:-3.7588445896593234e-08, rewards:-2.8789329528808594, queue:1.168254017829895, delay:0.1346057802438736, throughput:4066
episode:141/250, real avg travel time:206.916133792425
step:3600/3600, q_loss:1.2590787567508718e-06, rewards:-2.84614634513855, queue:1.1537036895751953, delay:0.13671138882637024, throughput:4066
episode:142/250, real avg travel time:205.2919331037875
step:3600/3600, q_loss:5.107220325347347e-06, rewards:-2.8191182613372803, queue:1.139285683631897, delay:0.13412043452262878, throughput:4066
episode:143/250, real avg travel time:209.1817511067388
step:3600/3600, q_loss:7.861438280087896e-06, rewards:-3.055393695831299, queue:1.2034391164779663, delay:0.13703471422195435, throughput:4061
episode:144/250, real avg travel time:208.50036936715094
step:3600/3600, q_loss:9.59741955739446e-06, rewards:-3.128258228302002, queue:1.2080687284469604, delay:0.14047150313854218, throughput:4065
episode:145/250, real avg travel time:213.5239852398524
Test step:145/250, travel time :250.74721095334687, rewards:-5.774900913238525, queue:1.9556878805160522, delay:0.1782466173171997, throughput:3944
step:3600/3600, q_loss:3.965689029428177e-06, rewards:-3.1685171127319336, queue:1.2294973134994507, delay:0.13951772451400757, throughput:4070
episode:146/250, real avg travel time:217.76928746928746
step:3600/3600, q_loss:1.1140677088405937e-05, rewards:-3.088383913040161, queue:1.1896824836730957, delay:0.1387006789445877, throughput:4063
episode:147/250, real avg travel time:206.08515874969234
step:3600/3600, q_loss:1.6094396091325e-05, rewards:-3.154291868209839, queue:1.2043651342391968, delay:0.1361568123102188, throughput:4064
episode:148/250, real avg travel time:210.3693405511811
step:3600/3600, q_loss:7.70823907158855e-06, rewards:-3.246170997619629, queue:1.2373015880584717, delay:0.14132851362228394, throughput:4054
episode:149/250, real avg travel time:208.511100148002
step:3600/3600, q_loss:1.4419897585563982e-05, rewards:-3.176774740219116, queue:1.2216931581497192, delay:0.1404489278793335, throughput:4074
episode:150/250, real avg travel time:212.16887579774178
Test step:150/250, travel time :269.9380927291886, rewards:-7.755962371826172, queue:2.3695766925811768, delay:0.18625305593013763, throughput:3796
step:3600/3600, q_loss:1.9496779875933297e-05, rewards:-3.1599364280700684, queue:1.2202380895614624, delay:0.13787366449832916, throughput:4059
episode:151/250, real avg travel time:209.0990391722099
step:3600/3600, q_loss:5.916899236682285e-06, rewards:-2.9112675189971924, queue:1.1584656238555908, delay:0.13702179491519928, throughput:4059
episode:152/250, real avg travel time:206.5380635624538
step:3600/3600, q_loss:1.701290226871303e-05, rewards:-2.899127960205078, queue:1.1519840955734253, delay:0.1375425010919571, throughput:4067
episode:153/250, real avg travel time:203.46151954757806
step:3600/3600, q_loss:9.871015734259142e-06, rewards:-3.071824550628662, queue:1.1866402626037598, delay:0.1370813548564911, throughput:4066
episode:154/250, real avg travel time:215.25233644859813
step:3600/3600, q_loss:1.489799413118615e-05, rewards:-2.912971019744873, queue:1.12843918800354, delay:0.13439473509788513, throughput:4071
episode:155/250, real avg travel time:208.2476050110538
Test step:155/250, travel time :263.2017699115044, rewards:-5.757155418395996, queue:1.9629629850387573, delay:0.17010581493377686, throughput:3955
step:3600/3600, q_loss:1.0855626411891232e-05, rewards:-3.0734028816223145, queue:1.2134920358657837, delay:0.13789796829223633, throughput:4069
episode:156/250, real avg travel time:212.04202506758418
step:3600/3600, q_loss:4.478637371600295e-06, rewards:-2.9237825870513916, queue:1.1826719045639038, delay:0.1365944743156433, throughput:4067
episode:157/250, real avg travel time:209.51217113351365
step:3600/3600, q_loss:8.154086240716019e-05, rewards:-4.001557350158691, queue:1.6140211820602417, delay:0.13780485093593597, throughput:4001
episode:158/250, real avg travel time:210.5388652836791
step:3600/3600, q_loss:0.00015653713716245774, rewards:-5.288119316101074, queue:1.7748677730560303, delay:0.15194620192050934, throughput:4064
episode:159/250, real avg travel time:251.35531496062993
step:3600/3600, q_loss:1.6830392956358587e-05, rewards:-3.6954362392425537, queue:1.3998677730560303, delay:0.14077457785606384, throughput:4061
episode:160/250, real avg travel time:237.3784782073381
Test step:160/250, travel time :245.09540725704136, rewards:-5.769404888153076, queue:1.963624358177185, delay:0.1741793155670166, throughput:3941
step:3600/3600, q_loss:9.08708344569378e-06, rewards:-3.2627315521240234, queue:1.2542327642440796, delay:0.13810648024082184, throughput:4069
episode:161/250, real avg travel time:223.17055787662815
step:3600/3600, q_loss:1.517393401526432e-05, rewards:-3.2831716537475586, queue:1.2533068656921387, delay:0.1354195475578308, throughput:4055
episode:162/250, real avg travel time:214.46214549938347
step:3600/3600, q_loss:2.275353589437954e-05, rewards:-3.388946533203125, queue:1.2940475940704346, delay:0.13530470430850983, throughput:4064
episode:163/250, real avg travel time:223.69463582677164
step:3600/3600, q_loss:4.3355928412185876e-05, rewards:-4.331765174865723, queue:1.5738095045089722, delay:0.1490282565355301, throughput:3984
episode:164/250, real avg travel time:261.4513052208835
step:3600/3600, q_loss:4.840129226472022e-05, rewards:-4.492202281951904, queue:1.61984121799469, delay:0.1533467024564743, throughput:3989
episode:165/250, real avg travel time:265.55878666332416
Test step:165/250, travel time :249.5231719876416, rewards:-5.788565635681152, queue:2.0284390449523926, delay:0.17016330361366272, throughput:3884
step:3600/3600, q_loss:3.982395998415693e-05, rewards:-4.106900215148926, queue:1.5157407522201538, delay:0.14710529148578644, throughput:3977
episode:166/250, real avg travel time:250.51068644707067
step:3600/3600, q_loss:0.00014215802196607303, rewards:-5.365893840789795, queue:1.7576719522476196, delay:0.15714161098003387, throughput:3956
episode:167/250, real avg travel time:262.2704752275025
step:3600/3600, q_loss:2.3965875273764445e-05, rewards:-3.852590560913086, queue:1.4383597373962402, delay:0.14430391788482666, throughput:3984
episode:168/250, real avg travel time:248.57505020080322
step:3600/3600, q_loss:2.7271869475953282e-05, rewards:-3.736436605453491, queue:1.4190475940704346, delay:0.14194972813129425, throughput:3974
episode:169/250, real avg travel time:245.67237040764974
step:3600/3600, q_loss:2.2150337139868902e-05, rewards:-3.3310086727142334, queue:1.2425925731658936, delay:0.13749630749225616, throughput:4061
episode:170/250, real avg travel time:219.44447180497414
Test step:170/250, travel time :243.39516737981376, rewards:-4.968769073486328, queue:1.7843915224075317, delay:0.16769884526729584, throughput:3973
step:3600/3600, q_loss:2.2440506331299224e-05, rewards:-2.988076686859131, queue:1.1797618865966797, delay:0.13685104250907898, throughput:4067
episode:171/250, real avg travel time:209.1942463732481
step:3600/3600, q_loss:7.1317987425977155e-06, rewards:-2.8827199935913086, queue:1.1351852416992188, delay:0.13419406116008759, throughput:4072
episode:172/250, real avg travel time:205.26448919449902
step:3600/3600, q_loss:0.00012599124460798016, rewards:-4.2034759521484375, queue:1.438095211982727, delay:0.14138782024383545, throughput:3986
episode:173/250, real avg travel time:219.42097340692425
step:3600/3600, q_loss:1.3209719691076316e-05, rewards:-3.075505256652832, queue:1.185978889465332, delay:0.1354074329137802, throughput:4072
episode:174/250, real avg travel time:217.5930746561886
step:3600/3600, q_loss:1.7730985079348707e-05, rewards:-2.790557622909546, queue:1.1275131702423096, delay:0.13146179914474487, throughput:4066
episode:175/250, real avg travel time:203.04254795868175
Test step:175/250, travel time :221.29790897908978, rewards:-3.8104498386383057, queue:1.4092592000961304, delay:0.14870525896549225, throughput:4065
step:3600/3600, q_loss:3.542043486959301e-06, rewards:-2.7533483505249023, queue:1.1165343523025513, delay:0.13057157397270203, throughput:4074
episode:176/250, real avg travel time:203.93888070692194
step:3600/3600, q_loss:9.301822380317996e-06, rewards:-2.9243035316467285, queue:1.1654762029647827, delay:0.1337445080280304, throughput:4069
episode:177/250, real avg travel time:203.44777586630622
step:3600/3600, q_loss:1.4501355649877547e-05, rewards:-2.8583431243896484, queue:1.1490740776062012, delay:0.13333755731582642, throughput:4069
episode:178/250, real avg travel time:204.42393708527894
step:3600/3600, q_loss:9.50117060306689e-06, rewards:-2.8641357421875, queue:1.1316137313842773, delay:0.1302359700202942, throughput:4069
episode:179/250, real avg travel time:204.00049152125828
step:3600/3600, q_loss:1.0739150618772125e-05, rewards:-2.6895155906677246, queue:1.1014549732208252, delay:0.13281039893627167, throughput:4071
episode:180/250, real avg travel time:200.80569884549251
Test step:180/250, travel time :215.98350972188038, rewards:-3.0024349689483643, queue:1.1945767402648926, delay:0.13235805928707123, throughput:4063
step:3600/3600, q_loss:9.426580881053167e-06, rewards:-2.722677230834961, queue:1.108465552330017, delay:0.13229429721832275, throughput:4064
episode:181/250, real avg travel time:203.67470472440945
step:3600/3600, q_loss:7.733092328029064e-06, rewards:-2.647270679473877, queue:1.0974867343902588, delay:0.13044428825378418, throughput:4069
episode:182/250, real avg travel time:202.50872450233473
step:3600/3600, q_loss:8.212237783785289e-06, rewards:-2.794811248779297, queue:1.1187831163406372, delay:0.12996786832809448, throughput:4075
episode:183/250, real avg travel time:203.3842944785276
step:3600/3600, q_loss:6.210424665672084e-06, rewards:-2.8548011779785156, queue:1.120634913444519, delay:0.13100284337997437, throughput:4066
episode:184/250, real avg travel time:203.78947368421052
step:3600/3600, q_loss:9.332880573411886e-06, rewards:-2.6177124977111816, queue:1.0801587104797363, delay:0.12842978537082672, throughput:4066
episode:185/250, real avg travel time:200.76487948844073
Test step:185/250, travel time :199.48784082535005, rewards:-2.5014045238494873, queue:1.0400793552398682, delay:0.1262720823287964, throughput:4071
New best TEST travel time 199.4878 at episode 185, saved as best checkpoint
step:3600/3600, q_loss:3.7691884143795406e-06, rewards:-2.587087392807007, queue:1.0871692895889282, delay:0.12721864879131317, throughput:4065
episode:186/250, real avg travel time:202.52521525215252
step:3600/3600, q_loss:1.654010173095028e-05, rewards:-3.0570003986358643, queue:1.1687830686569214, delay:0.1330552101135254, throughput:4074
episode:187/250, real avg travel time:210.59180166912125
step:3600/3600, q_loss:3.6434827860729354e-06, rewards:-2.791951894760132, queue:1.1309523582458496, delay:0.13054363429546356, throughput:4068
episode:188/250, real avg travel time:205.41617502458212
step:3600/3600, q_loss:7.808809459675104e-06, rewards:-2.7031500339508057, queue:1.1216931343078613, delay:0.13244594633579254, throughput:4064
episode:189/250, real avg travel time:202.76968503937007
step:3600/3600, q_loss:8.719432581630017e-06, rewards:-2.7179243564605713, queue:1.1033068895339966, delay:0.13212186098098755, throughput:4071
episode:190/250, real avg travel time:202.83566691230655
Test step:190/250, travel time :199.5335463258786, rewards:-2.5624849796295166, queue:1.0818783044815063, delay:0.13266591727733612, throughput:4069
step:3600/3600, q_loss:-7.593010700980408e-07, rewards:-3.247239589691162, queue:1.3152116537094116, delay:0.1351591944694519, throughput:4076
episode:191/250, real avg travel time:210.099116781158
step:3600/3600, q_loss:2.4655637793734464e-06, rewards:-2.7134220600128174, queue:1.0988094806671143, delay:0.13016514480113983, throughput:4076
episode:192/250, real avg travel time:203.18302257114817
step:3600/3600, q_loss:5.9828462124439995e-06, rewards:-2.7241415977478027, queue:1.1208994388580322, delay:0.13004693388938904, throughput:4064
episode:193/250, real avg travel time:204.10260826771653
step:3600/3600, q_loss:1.1534507333029372e-05, rewards:-2.7196412086486816, queue:1.1105819940567017, delay:0.13214145600795746, throughput:4065
episode:194/250, real avg travel time:202.50947109471096
step:3600/3600, q_loss:2.9618365563995516e-06, rewards:-2.7961764335632324, queue:1.1312168836593628, delay:0.1321813315153122, throughput:4067
episode:195/250, real avg travel time:203.82222768625522
Test step:195/250, travel time :235.43449460255152, rewards:-3.3235995769500732, queue:1.282010555267334, delay:0.14422163367271423, throughput:4076
step:3600/3600, q_loss:8.504428034130897e-06, rewards:-2.6998586654663086, queue:1.07962965965271, delay:0.12841390073299408, throughput:4074
episode:196/250, real avg travel time:203.34167893961708
step:3600/3600, q_loss:1.0733293836690589e-05, rewards:-2.7708740234375, queue:1.1156084537506104, delay:0.13040873408317566, throughput:4068
episode:197/250, real avg travel time:206.36725663716814
step:3600/3600, q_loss:1.6290501621875187e-05, rewards:-2.8572466373443604, queue:1.12671959400177, delay:0.13404549658298492, throughput:4072
episode:198/250, real avg travel time:213.49214145383104
step:3600/3600, q_loss:1.506343885719414e-05, rewards:-2.7769908905029297, queue:1.1144180297851562, delay:0.12964582443237305, throughput:4071
episode:199/250, real avg travel time:205.79169737165316
step:3600/3600, q_loss:4.631083478064587e-06, rewards:-2.794654607772827, queue:1.1420634984970093, delay:0.131002739071846, throughput:4076
episode:200/250, real avg travel time:208.17296368989204
Test step:200/250, travel time :247.73674911660777, rewards:-4.984695911407471, queue:1.7539682388305664, delay:0.15428289771080017, throughput:3962
step:3600/3600, q_loss:6.8098393563155296e-06, rewards:-2.9035804271698, queue:1.1559523344039917, delay:0.12901096045970917, throughput:4065
episode:201/250, real avg travel time:210.86740467404675
step:3600/3600, q_loss:2.076736483205524e-06, rewards:-2.7157137393951416, queue:1.12156081199646, delay:0.13125790655612946, throughput:4069
episode:202/250, real avg travel time:205.53526665028264
step:3600/3600, q_loss:1.3605619056357277e-05, rewards:-2.935382127761841, queue:1.1787036657333374, delay:0.1335272341966629, throughput:4067
episode:203/250, real avg travel time:206.05335628227195
step:3600/3600, q_loss:1.330854291962977e-05, rewards:-3.027207136154175, queue:1.1719577312469482, delay:0.13528575003147125, throughput:4068
episode:204/250, real avg travel time:209.76130776794494
step:3600/3600, q_loss:-2.4042169469693264e-06, rewards:-2.8936071395874023, queue:1.1387566328048706, delay:0.13309261202812195, throughput:4076
episode:205/250, real avg travel time:206.39033366045143
Test step:205/250, travel time :256.55717202654415, rewards:-4.75505256652832, queue:1.6636242866516113, delay:0.15267129242420197, throughput:3918
step:3600/3600, q_loss:1.2164437470750676e-05, rewards:-2.727764129638672, queue:1.0953704118728638, delay:0.12968403100967407, throughput:4069
episode:206/250, real avg travel time:208.3482428115016
step:3600/3600, q_loss:2.913611024268903e-06, rewards:-2.7354164123535156, queue:1.1048941612243652, delay:0.13034950196743011, throughput:4066
episode:207/250, real avg travel time:206.9522872602066
step:3600/3600, q_loss:4.264115543466889e-06, rewards:-2.6770851612091064, queue:1.1054233312606812, delay:0.13078661262989044, throughput:4066
episode:208/250, real avg travel time:203.8536645351697
step:3600/3600, q_loss:8.012907548820497e-06, rewards:-2.511026382446289, queue:1.0637565851211548, delay:0.12947899103164673, throughput:4071
episode:209/250, real avg travel time:203.9783836895112
step:3600/3600, q_loss:5.799615044250256e-06, rewards:-2.6876134872436523, queue:1.1015872955322266, delay:0.1298089474439621, throughput:4061
episode:210/250, real avg travel time:203.54247722235903
Test step:210/250, travel time :202.81050564555719, rewards:-2.505356788635254, queue:1.0246031284332275, delay:0.12555472552776337, throughput:4074
step:3600/3600, q_loss:1.645608036698023e-05, rewards:-2.7509396076202393, queue:1.1104497909545898, delay:0.12923474609851837, throughput:4063
episode:211/250, real avg travel time:205.89539748953976
step:3600/3600, q_loss:9.020044874180005e-06, rewards:-2.9081501960754395, queue:1.1669312715530396, delay:0.13178370893001556, throughput:4066
episode:212/250, real avg travel time:210.00196753566158
step:3600/3600, q_loss:1.3914125762918653e-05, rewards:-2.8619275093078613, queue:1.1260582208633423, delay:0.13327698409557343, throughput:4068
episode:213/250, real avg travel time:211.44862340216324
step:3600/3600, q_loss:8.5648902111441e-06, rewards:-2.7482714653015137, queue:1.1227513551712036, delay:0.13302305340766907, throughput:4066
episode:214/250, real avg travel time:210.90727988194786
step:3600/3600, q_loss:1.1351547072990797e-05, rewards:-2.8549203872680664, queue:1.1227513551712036, delay:0.1343306005001068, throughput:4069
episode:215/250, real avg travel time:209.29786188252643
Test step:215/250, travel time :236.4601814516129, rewards:-3.7747418880462646, queue:1.361640214920044, delay:0.14705686271190643, throughput:3968
step:3600/3600, q_loss:6.712350558599509e-06, rewards:-2.6262080669403076, queue:1.0767195224761963, delay:0.12938974797725677, throughput:4071
episode:216/250, real avg travel time:205.8386145910096
step:3600/3600, q_loss:2.1105163573843634e-05, rewards:-2.8209547996520996, queue:1.1416666507720947, delay:0.12979453802108765, throughput:4078
episode:217/250, real avg travel time:210.2788131436979
step:3600/3600, q_loss:2.0513209872458698e-05, rewards:-2.7295076847076416, queue:1.0874338150024414, delay:0.12975487112998962, throughput:4071
episode:218/250, real avg travel time:203.43601080815523
step:3600/3600, q_loss:1.4212731972899443e-05, rewards:-2.902419090270996, queue:1.1518518924713135, delay:0.13279540836811066, throughput:4074
episode:219/250, real avg travel time:205.52822778595976
step:3600/3600, q_loss:4.378203415803404e-05, rewards:-3.1169848442077637, queue:1.2212963104248047, delay:0.13781721889972687, throughput:4061
episode:220/250, real avg travel time:211.44816547648364
Test step:220/250, travel time :227.10666666666665, rewards:-3.0503509044647217, queue:1.2050265073776245, delay:0.14090964198112488, throughput:4050
step:3600/3600, q_loss:2.012022430588129e-05, rewards:-3.099700927734375, queue:1.2224867343902588, delay:0.13694800436496735, throughput:4073
episode:221/250, real avg travel time:209.2079548244537
step:3600/3600, q_loss:2.2853878605625746e-05, rewards:-2.6364526748657227, queue:1.108994722366333, delay:0.13421547412872314, throughput:4062
episode:222/250, real avg travel time:205.08197932053176
step:3600/3600, q_loss:5.349035604417117e-06, rewards:-2.5863640308380127, queue:1.0716930627822876, delay:0.13073499500751495, throughput:4072
episode:223/250, real avg travel time:206.48919449901769
step:3600/3600, q_loss:1.4325035004326815e-05, rewards:-2.8503050804138184, queue:1.1493386030197144, delay:0.13222138583660126, throughput:4068
episode:224/250, real avg travel time:205.9515732546706
step:3600/3600, q_loss:2.2245464384064285e-05, rewards:-2.8029415607452393, queue:1.1062169075012207, delay:0.1282644271850586, throughput:4060
episode:225/250, real avg travel time:210.24137931034483
Test step:225/250, travel time :250.5301532377657, rewards:-3.722673177719116, queue:1.407804250717163, delay:0.15040665864944458, throughput:4046
step:3600/3600, q_loss:5.6018639750416494e-06, rewards:-2.684114694595337, queue:1.0978835821151733, delay:0.12901780009269714, throughput:4063
episode:226/250, real avg travel time:209.0671917302486
step:3600/3600, q_loss:1.0568040023725996e-05, rewards:-2.7103052139282227, queue:1.0887565612792969, delay:0.1299869567155838, throughput:4069
episode:227/250, real avg travel time:204.2890144998771
step:3600/3600, q_loss:3.656718399724923e-06, rewards:-2.9297749996185303, queue:1.1112433671951294, delay:0.1309184581041336, throughput:4054
episode:228/250, real avg travel time:216.7876171682289
step:3600/3600, q_loss:1.3615375387922137e-05, rewards:-2.769162654876709, queue:1.1239417791366577, delay:0.13194991648197174, throughput:4070
episode:229/250, real avg travel time:206.17739557739557
step:3600/3600, q_loss:9.40413620911487e-06, rewards:-2.8789191246032715, queue:1.1329364776611328, delay:0.13174422085285187, throughput:4070
episode:230/250, real avg travel time:207.26117936117936
Test step:230/250, travel time :246.8131025957973, rewards:-3.8344290256500244, queue:1.3911375999450684, delay:0.1490820199251175, throughput:4045
step:3600/3600, q_loss:9.060216891359434e-06, rewards:-3.0914156436920166, queue:1.1809524297714233, delay:0.13783711194992065, throughput:4048
episode:231/250, real avg travel time:211.27816205533597
step:3600/3600, q_loss:7.3224658586291805e-06, rewards:-2.730013370513916, queue:1.0794973373413086, delay:0.1277422457933426, throughput:4069
episode:232/250, real avg travel time:207.9646104694028
step:3600/3600, q_loss:1.7611393175482387e-05, rewards:-3.028477191925049, queue:1.1292327642440796, delay:0.1297910064458847, throughput:4071
episode:233/250, real avg travel time:212.63276836158192
step:3600/3600, q_loss:1.5689533979133962e-05, rewards:-3.0058178901672363, queue:1.1387566328048706, delay:0.13108675181865692, throughput:4063
episode:234/250, real avg travel time:218.49347772581837
step:3600/3600, q_loss:1.3871682414093004e-05, rewards:-2.970449209213257, queue:1.1510581970214844, delay:0.13217541575431824, throughput:4065
episode:235/250, real avg travel time:215.45092250922508
Test step:235/250, travel time :242.130014858841, rewards:-3.298856019973755, queue:1.2449735403060913, delay:0.13489548861980438, throughput:4038
step:3600/3600, q_loss:1.0331359145412635e-05, rewards:-2.844451904296875, queue:1.1260582208633423, delay:0.13149049878120422, throughput:4064
episode:236/250, real avg travel time:211.51845472440945
step:3600/3600, q_loss:1.280222847223437e-05, rewards:-2.8897624015808105, queue:1.1260582208633423, delay:0.1290091723203659, throughput:4071
episode:237/250, real avg travel time:212.31982313927782
step:3600/3600, q_loss:1.2665023091863582e-05, rewards:-2.9453423023223877, queue:1.1664021015167236, delay:0.13215875625610352, throughput:4058
episode:238/250, real avg travel time:213.23607688516512
step:3600/3600, q_loss:4.889333488083341e-05, rewards:-3.840233325958252, queue:1.3465608358383179, delay:0.1346096694469452, throughput:4047
episode:239/250, real avg travel time:230.42228811465282
step:3600/3600, q_loss:2.7631983620166366e-05, rewards:-3.4171319007873535, queue:1.2579364776611328, delay:0.13512279093265533, throughput:4056
episode:240/250, real avg travel time:221.9292406311637
Test step:240/250, travel time :237.59613478691773, rewards:-4.051750183105469, queue:1.4421957731246948, delay:0.143197700381279, throughput:4036
step:3600/3600, q_loss:4.0652653175736e-05, rewards:-3.451101303100586, queue:1.2485449314117432, delay:0.1304732710123062, throughput:4074
episode:241/250, real avg travel time:220.17353951890036
step:3600/3600, q_loss:1.4326928794616834e-05, rewards:-2.77996563911438, queue:1.0826719999313354, delay:0.12926314771175385, throughput:4075
episode:242/250, real avg travel time:210.63582822085888
step:3600/3600, q_loss:2.004442608772984e-05, rewards:-2.8895583152770996, queue:1.1279100179672241, delay:0.131371408700943, throughput:4062
episode:243/250, real avg travel time:211.5773018217627
step:3600/3600, q_loss:2.3026104746451085e-05, rewards:-3.2032809257507324, queue:1.2169312238693237, delay:0.13442440330982208, throughput:4070
episode:244/250, real avg travel time:214.0238329238329
step:3600/3600, q_loss:3.959478488266339e-05, rewards:-3.7661612033843994, queue:1.3785713911056519, delay:0.13428336381912231, throughput:4047
episode:245/250, real avg travel time:230.19471213244378
Test step:245/250, travel time :207.48743842364533, rewards:-2.8542230129241943, queue:1.1003968715667725, delay:0.12866024672985077, throughput:4060
step:3600/3600, q_loss:2.2428429454319284e-05, rewards:-3.0005109310150146, queue:1.1298941373825073, delay:0.12915757298469543, throughput:4072
episode:246/250, real avg travel time:211.83742632612967
step:3600/3600, q_loss:1.8104344740600533e-05, rewards:-2.84354305267334, queue:1.0980159044265747, delay:0.12811779975891113, throughput:4060
episode:247/250, real avg travel time:207.4677339901478
step:3600/3600, q_loss:0.00013319509048920333, rewards:-4.267210006713867, queue:1.4145503044128418, delay:0.14009888470172882, throughput:4068
episode:248/250, real avg travel time:233.04744346116027
step:3600/3600, q_loss:3.585335851110156e-05, rewards:-3.5894367694854736, queue:1.3064814805984497, delay:0.13799263536930084, throughput:4068
episode:249/250, real avg travel time:219.24901671583086
Hyperparameters saved to: data/output_data/tsc/sumo_hyperlight_mappo/sumo1x21/struct4_sumo1x21_seed0/hyperparameters.json
Loaded best checkpoint for final evaluation
Final Travel Time is 199.4878, mean rewards: -2.5014, queue: 1.0401, delay: 0.1263, throughput: 4071
Total time taken: 18743.408410072327
