hyperlight_mappo	TRAIN	0	303.4721	0.000227	-11.1371	3.4864	0.2157	3832
hyperlight_mappo	TEST	0	597.7214	0.000227	-39.9088	11.6767	0.3635	1590
hyperlight_mappo	TRAIN	1	286.2732	0.000227	-10.7585	3.2987	0.2082	3968
hyperlight_mappo	TRAIN	2	293.4243	0.000135	-9.3117	2.9899	0.1961	3948
hyperlight_mappo	TRAIN	3	292.8202	0.000177	-10.1057	3.1839	0.1971	3966
hyperlight_mappo	TRAIN	4	293.7631	0.000115	-8.8510	2.8615	0.1907	3904
hyperlight_mappo	TRAIN	5	268.2173	0.000071	-7.6330	2.5144	0.1805	3972
hyperlight_mappo	TEST	5	251.9596	0.000071	-8.0143	2.8737	0.1718	3839
hyperlight_mappo	TRAIN	6	259.7630	0.000076	-7.8525	2.5729	0.1819	3983
hyperlight_mappo	TRAIN	7	248.1817	0.000030	-6.6007	2.2025	0.1736	3995
hyperlight_mappo	TRAIN	8	258.8015	0.000053	-7.2989	2.4181	0.1754	3995
hyperlight_mappo	TRAIN	9	266.1760	0.000044	-7.0878	2.4292	0.1756	3994
hyperlight_mappo	TRAIN	10	257.6898	0.000057	-7.4048	2.4582	0.1789	4010
hyperlight_mappo	TEST	10	251.9596	0.000057	-8.0143	2.8737	0.1718	3839
hyperlight_mappo	TRAIN	11	251.0402	0.000032	-6.9762	2.3228	0.1720	4006
hyperlight_mappo	TRAIN	12	259.4817	0.000056	-7.1900	2.3996	0.1706	4009
hyperlight_mappo	TRAIN	13	254.9351	0.000056	-7.1391	2.4291	0.1704	3988
hyperlight_mappo	TRAIN	14	257.7206	0.000133	-7.1623	2.3253	0.1667	4001
hyperlight_mappo	TRAIN	15	247.3565	0.000039	-6.1512	2.0897	0.1667	4053
hyperlight_mappo	TEST	15	251.9596	0.000039	-8.0143	2.8737	0.1718	3839
hyperlight_mappo	TRAIN	16	250.0976	0.000066	-6.9311	2.3107	0.1716	3984
hyperlight_mappo	TRAIN	17	246.4853	0.000058	-6.1049	2.1704	0.1678	4008
hyperlight_mappo	TRAIN	18	255.4684	0.000061	-6.1247	2.1529	0.1664	4018
hyperlight_mappo	TRAIN	19	249.9565	0.000068	-6.5618	2.2411	0.1692	4023
hyperlight_mappo	TRAIN	20	239.8186	0.000041	-5.8775	2.0679	0.1642	4013
hyperlight_mappo	TEST	20	251.9596	0.000041	-8.0143	2.8737	0.1718	3839
hyperlight_mappo	TRAIN	21	249.9439	0.000037	-5.9373	2.0679	0.1657	4031
hyperlight_mappo	TRAIN	22	252.9209	0.000027	-5.3469	1.9467	0.1630	4035
hyperlight_mappo	TRAIN	23	242.1735	0.000024	-5.4941	1.9758	0.1653	4029
hyperlight_mappo	TRAIN	24	237.0345	0.000035	-5.4926	1.9683	0.1636	4028
hyperlight_mappo	TRAIN	25	236.8408	0.000037	-5.2508	1.8836	0.1578	4058
hyperlight_mappo	TEST	25	251.3627	0.000037	-8.1673	2.9368	0.1707	3838
hyperlight_mappo	TRAIN	26	230.1212	0.000018	-5.1124	1.8237	0.1597	4058
hyperlight_mappo	TRAIN	27	231.8768	0.000025	-5.4451	1.8968	0.1615	4042
hyperlight_mappo	TRAIN	28	226.5768	0.000013	-4.7365	1.6958	0.1552	4019
hyperlight_mappo	TRAIN	29	231.9348	0.000013	-5.0074	1.7841	0.1566	4046
hyperlight_mappo	TRAIN	30	223.1428	0.000010	-4.6308	1.6607	0.1554	4049
hyperlight_mappo	TEST	30	232.2297	0.000010	-7.1787	2.5738	0.1516	3935
hyperlight_mappo	TRAIN	31	223.6068	0.000026	-4.8981	1.7614	0.1555	4054
hyperlight_mappo	TRAIN	32	224.5648	0.000027	-4.7860	1.6704	0.1543	4056
hyperlight_mappo	TRAIN	33	229.5319	0.000008	-4.7671	1.7000	0.1564	4055
hyperlight_mappo	TRAIN	34	225.1751	0.000021	-4.6318	1.6425	0.1542	4037
hyperlight_mappo	TRAIN	35	225.4955	0.000010	-4.4823	1.6333	0.1508	4036
hyperlight_mappo	TEST	35	227.0533	0.000010	-7.1554	2.5546	0.1581	3978
hyperlight_mappo	TRAIN	36	219.7418	0.000010	-4.4384	1.5794	0.1492	4032
hyperlight_mappo	TRAIN	37	225.1593	0.000011	-4.3525	1.6157	0.1508	4055
hyperlight_mappo	TRAIN	38	219.3257	0.000011	-4.4527	1.5921	0.1508	4038
hyperlight_mappo	TRAIN	39	212.0209	0.000018	-4.3363	1.5664	0.1526	4064
hyperlight_mappo	TRAIN	40	220.6540	0.000020	-4.3285	1.5971	0.1518	4063
hyperlight_mappo	TEST	40	222.7364	0.000020	-6.9349	2.5255	0.1646	3994
hyperlight_mappo	TRAIN	41	221.4751	0.000009	-4.5568	1.6493	0.1527	4062
hyperlight_mappo	TRAIN	42	213.0200	0.000012	-4.1564	1.5132	0.1543	4059
hyperlight_mappo	TRAIN	43	215.5536	0.000037	-4.4820	1.6517	0.1506	4073
hyperlight_mappo	TRAIN	44	215.5341	0.000014	-4.2227	1.5497	0.1539	4057
hyperlight_mappo	TRAIN	45	212.5800	0.000023	-4.1905	1.5157	0.1486	4060
hyperlight_mappo	TEST	45	221.4175	0.000023	-7.6111	2.3840	0.1702	4010
hyperlight_mappo	TRAIN	46	219.1606	0.000006	-4.1938	1.5439	0.1539	4067
hyperlight_mappo	TRAIN	47	214.1132	0.000021	-4.4352	1.6299	0.1484	4047
hyperlight_mappo	TRAIN	48	208.9344	0.000009	-3.7756	1.4196	0.1453	4054
hyperlight_mappo	TRAIN	49	212.3613	0.000019	-4.0714	1.4813	0.1489	4052
hyperlight_mappo	TRAIN	50	212.3335	0.000051	-4.7700	1.6504	0.1530	4048
hyperlight_mappo	TEST	50	211.3925	0.000051	-6.9880	2.1509	0.1664	4008
hyperlight_mappo	TRAIN	51	209.9476	0.000024	-4.0045	1.4578	0.1477	4047
hyperlight_mappo	TRAIN	52	211.2667	0.000027	-4.2161	1.5907	0.1467	4049
hyperlight_mappo	TRAIN	53	209.5940	0.000009	-3.9659	1.5011	0.1484	4067
hyperlight_mappo	TRAIN	54	209.7249	0.000008	-3.8810	1.4373	0.1465	4057
hyperlight_mappo	TRAIN	55	212.3594	0.000012	-4.0046	1.4802	0.1506	4057
hyperlight_mappo	TEST	55	216.4377	0.000012	-5.2213	1.8712	0.1617	4046
hyperlight_mappo	TRAIN	56	208.0296	0.000010	-3.9781	1.4692	0.1494	4054
hyperlight_mappo	TRAIN	57	211.9108	0.000030	-4.4197	1.6508	0.1485	4045
hyperlight_mappo	TRAIN	58	207.2140	0.000003	-3.5649	1.3610	0.1442	4066
hyperlight_mappo	TRAIN	59	209.7715	0.000079	-5.1191	1.5874	0.1508	4040
hyperlight_mappo	TRAIN	60	216.9394	0.000017	-4.0911	1.5009	0.1480	4060
hyperlight_mappo	TEST	60	332.1621	0.000017	-10.9140	3.8118	0.1872	4028
hyperlight_mappo	TRAIN	61	215.4550	0.000019	-4.2036	1.5563	0.1492	4064
hyperlight_mappo	TRAIN	62	224.4678	0.000153	-4.8373	1.6944	0.1528	4057
hyperlight_mappo	TRAIN	63	210.2558	0.000012	-3.8444	1.4520	0.1447	4061
hyperlight_mappo	TRAIN	64	220.8969	0.000032	-4.4711	1.5602	0.1527	4063
hyperlight_mappo	TRAIN	65	207.7117	0.000028	-3.8530	1.4696	0.1444	4065
hyperlight_mappo	TEST	65	205.5836	0.000028	-4.1105	1.6189	0.1356	4068
hyperlight_mappo	TRAIN	66	208.1154	0.000007	-3.5750	1.3929	0.1410	4055
hyperlight_mappo	TRAIN	67	208.0551	0.000009	-3.7651	1.4454	0.1443	4063
hyperlight_mappo	TRAIN	68	205.8592	0.000010	-3.4511	1.3343	0.1403	4062
hyperlight_mappo	TRAIN	69	211.4163	0.000012	-3.5490	1.3627	0.1412	4067
hyperlight_mappo	TRAIN	70	209.4491	0.000011	-3.6004	1.3816	0.1436	4055
hyperlight_mappo	TEST	70	205.8832	0.000011	-3.9735	1.5667	0.1430	4068
hyperlight_mappo	TRAIN	71	209.1378	0.000011	-3.5968	1.3725	0.1419	4058
hyperlight_mappo	TRAIN	72	209.6899	0.000006	-3.6511	1.4142	0.1456	4054
hyperlight_mappo	TRAIN	73	210.8546	0.000005	-3.5498	1.3819	0.1424	4059
hyperlight_mappo	TRAIN	74	210.4286	0.000003	-3.4372	1.3470	0.1404	4055
hyperlight_mappo	TRAIN	75	224.2526	0.000077	-4.6689	1.5858	0.1467	4062
hyperlight_mappo	TEST	75	212.9318	0.000077	-4.1698	1.6173	0.1535	4060
hyperlight_mappo	TRAIN	76	225.6457	0.000165	-4.5721	1.6340	0.1454	4050
hyperlight_mappo	TRAIN	77	212.3410	0.000030	-4.0008	1.5057	0.1463	4065
hyperlight_mappo	TRAIN	78	213.3948	0.000015	-3.8130	1.3927	0.1446	4063
hyperlight_mappo	TRAIN	79	210.6088	0.000002	-3.5423	1.3656	0.1431	4062
hyperlight_mappo	TRAIN	80	207.1920	0.000009	-3.5170	1.3545	0.1439	4057
hyperlight_mappo	TEST	80	207.8994	0.000009	-4.1882	1.4889	0.1552	4075
hyperlight_mappo	TRAIN	81	208.7014	0.000005	-3.8342	1.4331	0.1484	4055
hyperlight_mappo	TRAIN	82	207.6516	0.000003	-3.6073	1.3643	0.1450	4059
hyperlight_mappo	TRAIN	83	209.2167	0.000004	-3.6076	1.3907	0.1464	4057
hyperlight_mappo	TRAIN	84	211.6067	-0.000002	-3.7017	1.3671	0.1452	4058
hyperlight_mappo	TRAIN	85	208.8818	0.000006	-3.2992	1.2856	0.1401	4061
hyperlight_mappo	TEST	85	251.3996	0.000006	-7.1210	2.1528	0.1870	3814
hyperlight_mappo	TRAIN	86	207.3927	0.000004	-3.2091	1.2497	0.1399	4067
hyperlight_mappo	TRAIN	87	217.5840	0.000007	-3.8837	1.4401	0.1473	4060
hyperlight_mappo	TRAIN	88	207.3894	0.000001	-3.2709	1.2821	0.1413	4068
hyperlight_mappo	TRAIN	89	211.2356	0.000007	-3.5489	1.3239	0.1447	4062
hyperlight_mappo	TRAIN	90	206.1540	-0.000002	-3.3566	1.2948	0.1411	4065
hyperlight_mappo	TEST	90	207.4559	-0.000002	-3.8340	1.3312	0.1512	4067
hyperlight_mappo	TRAIN	91	228.8433	0.000029	-4.0582	1.5008	0.1476	4065
hyperlight_mappo	TRAIN	92	209.0247	0.000011	-3.2394	1.2769	0.1372	4056
hyperlight_mappo	TRAIN	93	207.6848	0.000000	-3.4537	1.3212	0.1421	4055
hyperlight_mappo	TRAIN	94	213.7674	0.000009	-3.7944	1.3668	0.1437	4058
hyperlight_mappo	TRAIN	95	202.7583	0.000003	-3.2065	1.2492	0.1382	4067
hyperlight_mappo	TEST	95	278.5183	0.000003	-9.1242	2.7497	0.1968	3774
hyperlight_mappo	TRAIN	96	204.4189	0.000003	-3.3047	1.2484	0.1377	4058
hyperlight_mappo	TRAIN	97	207.1907	-0.000001	-3.2342	1.2455	0.1387	4054
hyperlight_mappo	TRAIN	98	203.0814	0.000008	-3.1298	1.2217	0.1396	4065
hyperlight_mappo	TRAIN	99	205.4277	0.000005	-3.3279	1.2642	0.1424	4052
hyperlight_mappo	TRAIN	100	203.8879	0.000006	-3.2466	1.2530	0.1396	4066
hyperlight_mappo	TEST	100	260.9305	0.000006	-8.1363	2.4120	0.1926	3840
hyperlight_mappo	TRAIN	101	205.7214	0.000007	-3.4575	1.2804	0.1422	4052
hyperlight_mappo	TRAIN	102	218.9826	0.000048	-4.0749	1.3902	0.1428	4071
hyperlight_mappo	TRAIN	103	210.1553	0.000012	-3.3218	1.2644	0.1396	4069
hyperlight_mappo	TRAIN	104	207.0597	0.000004	-3.2915	1.2646	0.1382	4068
hyperlight_mappo	TRAIN	105	218.6562	0.000037	-4.0065	1.4058	0.1427	4061
hyperlight_mappo	TEST	105	273.4103	0.000037	-11.0961	3.2052	0.1949	3712
hyperlight_mappo	TRAIN	106	210.5996	0.000013	-3.4782	1.2675	0.1429	4068
hyperlight_mappo	TRAIN	107	222.1314	0.000133	-4.4967	1.5185	0.1398	4071
hyperlight_mappo	TRAIN	108	210.9149	0.000002	-3.2940	1.2442	0.1381	4066
hyperlight_mappo	TRAIN	109	209.9853	0.000014	-3.4137	1.2909	0.1404	4072
hyperlight_mappo	TRAIN	110	206.7951	0.000011	-3.2180	1.2462	0.1393	4061
hyperlight_mappo	TEST	110	242.3582	0.000011	-6.0217	2.0208	0.1752	3911
hyperlight_mappo	TRAIN	111	208.7038	-0.000001	-3.1230	1.2282	0.1367	4055
hyperlight_mappo	TRAIN	112	207.4071	0.000004	-3.2244	1.2521	0.1392	4068
hyperlight_mappo	TRAIN	113	217.7830	0.000092	-3.9727	1.4612	0.1438	4064
hyperlight_mappo	TRAIN	114	205.9249	0.000028	-3.2529	1.2351	0.1360	4075
hyperlight_mappo	TRAIN	115	221.2820	0.000048	-4.0356	1.4683	0.1458	4074
hyperlight_mappo	TEST	115	265.4623	0.000048	-6.0781	2.0401	0.1661	3956
hyperlight_mappo	TRAIN	116	206.2817	0.000007	-3.2330	1.2524	0.1395	4064
hyperlight_mappo	TRAIN	117	206.3469	0.000006	-2.9727	1.2016	0.1356	4068
hyperlight_mappo	TRAIN	118	204.6700	0.000007	-3.0647	1.2266	0.1381	4058
hyperlight_mappo	TRAIN	119	204.5768	0.000008	-3.0443	1.2115	0.1370	4062
hyperlight_mappo	TRAIN	120	205.1196	0.000008	-3.1552	1.2265	0.1373	4071
hyperlight_mappo	TEST	120	206.5584	0.000008	-3.3411	1.2614	0.1463	4067
hyperlight_mappo	TRAIN	121	206.8344	0.000017	-3.1318	1.2161	0.1385	4076
hyperlight_mappo	TRAIN	122	208.4787	0.000008	-3.1348	1.2275	0.1359	4069
hyperlight_mappo	TRAIN	123	207.7969	0.000003	-3.0460	1.1922	0.1356	4066
hyperlight_mappo	TRAIN	124	206.5691	0.000010	-3.0449	1.1978	0.1358	4068
hyperlight_mappo	TRAIN	125	205.2220	0.000013	-3.1925	1.2417	0.1378	4067
hyperlight_mappo	TEST	125	213.3437	0.000013	-3.3300	1.2487	0.1407	4071
hyperlight_mappo	TRAIN	126	206.5263	0.000012	-3.0251	1.1989	0.1337	4068
hyperlight_mappo	TRAIN	127	203.6072	0.000003	-2.9544	1.1608	0.1349	4066
hyperlight_mappo	TRAIN	128	204.8048	0.000005	-2.9303	1.1606	0.1350	4072
hyperlight_mappo	TRAIN	129	203.2163	0.000002	-2.9191	1.1811	0.1353	4069
hyperlight_mappo	TRAIN	130	204.8068	0.000014	-2.9485	1.1729	0.1356	4064
hyperlight_mappo	TEST	130	203.8185	0.000014	-3.0538	1.1728	0.1398	4071
hyperlight_mappo	TRAIN	131	205.9698	0.000012	-2.9005	1.1697	0.1350	4072
hyperlight_mappo	TRAIN	132	204.8860	0.000021	-2.9360	1.1763	0.1351	4063
hyperlight_mappo	TRAIN	133	204.0477	0.000018	-2.8403	1.1554	0.1352	4067
hyperlight_mappo	TRAIN	134	211.6211	0.000070	-3.7129	1.5259	0.1388	4043
hyperlight_mappo	TRAIN	135	203.9329	0.000001	-2.9386	1.1909	0.1361	4068
hyperlight_mappo	TEST	135	269.0552	0.000001	-6.8149	2.7392	0.1677	3952
hyperlight_mappo	TRAIN	136	204.9897	0.000005	-2.8739	1.1976	0.1351	4064
hyperlight_mappo	TRAIN	137	204.7847	0.000008	-2.8481	1.1583	0.1337	4068
hyperlight_mappo	TRAIN	138	205.3130	0.000007	-2.8030	1.1426	0.1340	4073
hyperlight_mappo	TRAIN	139	204.8354	0.000002	-2.8203	1.1361	0.1353	4070
hyperlight_mappo	TRAIN	140	204.2408	0.000002	-2.8551	1.1468	0.1349	4062
hyperlight_mappo	TEST	140	213.2017	0.000002	-3.1079	1.2001	0.1403	4075
hyperlight_mappo	TRAIN	141	206.9161	-0.000000	-2.8789	1.1683	0.1346	4066
hyperlight_mappo	TRAIN	142	205.2919	0.000001	-2.8461	1.1537	0.1367	4066
hyperlight_mappo	TRAIN	143	209.1818	0.000005	-2.8191	1.1393	0.1341	4066
hyperlight_mappo	TRAIN	144	208.5004	0.000008	-3.0554	1.2034	0.1370	4061
hyperlight_mappo	TRAIN	145	213.5240	0.000010	-3.1283	1.2081	0.1405	4065
hyperlight_mappo	TEST	145	250.7472	0.000010	-5.7749	1.9557	0.1782	3944
hyperlight_mappo	TRAIN	146	217.7693	0.000004	-3.1685	1.2295	0.1395	4070
hyperlight_mappo	TRAIN	147	206.0852	0.000011	-3.0884	1.1897	0.1387	4063
hyperlight_mappo	TRAIN	148	210.3693	0.000016	-3.1543	1.2044	0.1362	4064
hyperlight_mappo	TRAIN	149	208.5111	0.000008	-3.2462	1.2373	0.1413	4054
hyperlight_mappo	TRAIN	150	212.1689	0.000014	-3.1768	1.2217	0.1404	4074
hyperlight_mappo	TEST	150	269.9381	0.000014	-7.7560	2.3696	0.1863	3796
hyperlight_mappo	TRAIN	151	209.0990	0.000019	-3.1599	1.2202	0.1379	4059
hyperlight_mappo	TRAIN	152	206.5381	0.000006	-2.9113	1.1585	0.1370	4059
hyperlight_mappo	TRAIN	153	203.4615	0.000017	-2.8991	1.1520	0.1375	4067
hyperlight_mappo	TRAIN	154	215.2523	0.000010	-3.0718	1.1866	0.1371	4066
hyperlight_mappo	TRAIN	155	208.2476	0.000015	-2.9130	1.1284	0.1344	4071
hyperlight_mappo	TEST	155	263.2018	0.000015	-5.7572	1.9630	0.1701	3955
hyperlight_mappo	TRAIN	156	212.0420	0.000011	-3.0734	1.2135	0.1379	4069
hyperlight_mappo	TRAIN	157	209.5122	0.000004	-2.9238	1.1827	0.1366	4067
hyperlight_mappo	TRAIN	158	210.5389	0.000082	-4.0016	1.6140	0.1378	4001
hyperlight_mappo	TRAIN	159	251.3553	0.000157	-5.2881	1.7749	0.1519	4064
hyperlight_mappo	TRAIN	160	237.3785	0.000017	-3.6954	1.3999	0.1408	4061
hyperlight_mappo	TEST	160	245.0954	0.000017	-5.7694	1.9636	0.1742	3941
hyperlight_mappo	TRAIN	161	223.1706	0.000009	-3.2627	1.2542	0.1381	4069
hyperlight_mappo	TRAIN	162	214.4621	0.000015	-3.2832	1.2533	0.1354	4055
hyperlight_mappo	TRAIN	163	223.6946	0.000023	-3.3889	1.2940	0.1353	4064
hyperlight_mappo	TRAIN	164	261.4513	0.000043	-4.3318	1.5738	0.1490	3984
hyperlight_mappo	TRAIN	165	265.5588	0.000048	-4.4922	1.6198	0.1533	3989
hyperlight_mappo	TEST	165	249.5232	0.000048	-5.7886	2.0284	0.1702	3884
hyperlight_mappo	TRAIN	166	250.5107	0.000040	-4.1069	1.5157	0.1471	3977
hyperlight_mappo	TRAIN	167	262.2705	0.000142	-5.3659	1.7577	0.1571	3956
hyperlight_mappo	TRAIN	168	248.5751	0.000024	-3.8526	1.4384	0.1443	3984
hyperlight_mappo	TRAIN	169	245.6724	0.000027	-3.7364	1.4190	0.1419	3974
hyperlight_mappo	TRAIN	170	219.4445	0.000022	-3.3310	1.2426	0.1375	4061
hyperlight_mappo	TEST	170	243.3952	0.000022	-4.9688	1.7844	0.1677	3973
hyperlight_mappo	TRAIN	171	209.1942	0.000022	-2.9881	1.1798	0.1369	4067
hyperlight_mappo	TRAIN	172	205.2645	0.000007	-2.8827	1.1352	0.1342	4072
hyperlight_mappo	TRAIN	173	219.4210	0.000126	-4.2035	1.4381	0.1414	3986
hyperlight_mappo	TRAIN	174	217.5931	0.000013	-3.0755	1.1860	0.1354	4072
hyperlight_mappo	TRAIN	175	203.0425	0.000018	-2.7906	1.1275	0.1315	4066
hyperlight_mappo	TEST	175	221.2979	0.000018	-3.8104	1.4093	0.1487	4065
hyperlight_mappo	TRAIN	176	203.9389	0.000004	-2.7533	1.1165	0.1306	4074
hyperlight_mappo	TRAIN	177	203.4478	0.000009	-2.9243	1.1655	0.1337	4069
hyperlight_mappo	TRAIN	178	204.4239	0.000015	-2.8583	1.1491	0.1333	4069
hyperlight_mappo	TRAIN	179	204.0005	0.000010	-2.8641	1.1316	0.1302	4069
hyperlight_mappo	TRAIN	180	200.8057	0.000011	-2.6895	1.1015	0.1328	4071
hyperlight_mappo	TEST	180	215.9835	0.000011	-3.0024	1.1946	0.1324	4063
hyperlight_mappo	TRAIN	181	203.6747	0.000009	-2.7227	1.1085	0.1323	4064
hyperlight_mappo	TRAIN	182	202.5087	0.000008	-2.6473	1.0975	0.1304	4069
hyperlight_mappo	TRAIN	183	203.3843	0.000008	-2.7948	1.1188	0.1300	4075
hyperlight_mappo	TRAIN	184	203.7895	0.000006	-2.8548	1.1206	0.1310	4066
hyperlight_mappo	TRAIN	185	200.7649	0.000009	-2.6177	1.0802	0.1284	4066
hyperlight_mappo	TEST	185	199.4878	0.000009	-2.5014	1.0401	0.1263	4071
hyperlight_mappo	TRAIN	186	202.5252	0.000004	-2.5871	1.0872	0.1272	4065
hyperlight_mappo	TRAIN	187	210.5918	0.000017	-3.0570	1.1688	0.1331	4074
hyperlight_mappo	TRAIN	188	205.4162	0.000004	-2.7920	1.1310	0.1305	4068
hyperlight_mappo	TRAIN	189	202.7697	0.000008	-2.7032	1.1217	0.1324	4064
hyperlight_mappo	TRAIN	190	202.8357	0.000009	-2.7179	1.1033	0.1321	4071
hyperlight_mappo	TEST	190	199.5335	0.000009	-2.5625	1.0819	0.1327	4069
hyperlight_mappo	TRAIN	191	210.0991	-0.000001	-3.2472	1.3152	0.1352	4076
hyperlight_mappo	TRAIN	192	203.1830	0.000002	-2.7134	1.0988	0.1302	4076
hyperlight_mappo	TRAIN	193	204.1026	0.000006	-2.7241	1.1209	0.1300	4064
hyperlight_mappo	TRAIN	194	202.5095	0.000012	-2.7196	1.1106	0.1321	4065
hyperlight_mappo	TRAIN	195	203.8222	0.000003	-2.7962	1.1312	0.1322	4067
hyperlight_mappo	TEST	195	235.4345	0.000003	-3.3236	1.2820	0.1442	4076
hyperlight_mappo	TRAIN	196	203.3417	0.000009	-2.6999	1.0796	0.1284	4074
hyperlight_mappo	TRAIN	197	206.3673	0.000011	-2.7709	1.1156	0.1304	4068
hyperlight_mappo	TRAIN	198	213.4921	0.000016	-2.8572	1.1267	0.1340	4072
hyperlight_mappo	TRAIN	199	205.7917	0.000015	-2.7770	1.1144	0.1296	4071
hyperlight_mappo	TRAIN	200	208.1730	0.000005	-2.7947	1.1421	0.1310	4076
hyperlight_mappo	TEST	200	247.7367	0.000005	-4.9847	1.7540	0.1543	3962
hyperlight_mappo	TRAIN	201	210.8674	0.000007	-2.9036	1.1560	0.1290	4065
hyperlight_mappo	TRAIN	202	205.5353	0.000002	-2.7157	1.1216	0.1313	4069
hyperlight_mappo	TRAIN	203	206.0534	0.000014	-2.9354	1.1787	0.1335	4067
hyperlight_mappo	TRAIN	204	209.7613	0.000013	-3.0272	1.1720	0.1353	4068
hyperlight_mappo	TRAIN	205	206.3903	-0.000002	-2.8936	1.1388	0.1331	4076
hyperlight_mappo	TEST	205	256.5572	-0.000002	-4.7551	1.6636	0.1527	3918
hyperlight_mappo	TRAIN	206	208.3482	0.000012	-2.7278	1.0954	0.1297	4069
hyperlight_mappo	TRAIN	207	206.9523	0.000003	-2.7354	1.1049	0.1303	4066
hyperlight_mappo	TRAIN	208	203.8537	0.000004	-2.6771	1.1054	0.1308	4066
hyperlight_mappo	TRAIN	209	203.9784	0.000008	-2.5110	1.0638	0.1295	4071
hyperlight_mappo	TRAIN	210	203.5425	0.000006	-2.6876	1.1016	0.1298	4061
hyperlight_mappo	TEST	210	202.8105	0.000006	-2.5054	1.0246	0.1256	4074
hyperlight_mappo	TRAIN	211	205.8954	0.000016	-2.7509	1.1104	0.1292	4063
hyperlight_mappo	TRAIN	212	210.0020	0.000009	-2.9082	1.1669	0.1318	4066
hyperlight_mappo	TRAIN	213	211.4486	0.000014	-2.8619	1.1261	0.1333	4068
hyperlight_mappo	TRAIN	214	210.9073	0.000009	-2.7483	1.1228	0.1330	4066
hyperlight_mappo	TRAIN	215	209.2979	0.000011	-2.8549	1.1228	0.1343	4069
hyperlight_mappo	TEST	215	236.4602	0.000011	-3.7747	1.3616	0.1471	3968
hyperlight_mappo	TRAIN	216	205.8386	0.000007	-2.6262	1.0767	0.1294	4071
hyperlight_mappo	TRAIN	217	210.2788	0.000021	-2.8210	1.1417	0.1298	4078
hyperlight_mappo	TRAIN	218	203.4360	0.000021	-2.7295	1.0874	0.1298	4071
hyperlight_mappo	TRAIN	219	205.5282	0.000014	-2.9024	1.1519	0.1328	4074
hyperlight_mappo	TRAIN	220	211.4482	0.000044	-3.1170	1.2213	0.1378	4061
hyperlight_mappo	TEST	220	227.1067	0.000044	-3.0504	1.2050	0.1409	4050
hyperlight_mappo	TRAIN	221	209.2080	0.000020	-3.0997	1.2225	0.1369	4073
hyperlight_mappo	TRAIN	222	205.0820	0.000023	-2.6365	1.1090	0.1342	4062
hyperlight_mappo	TRAIN	223	206.4892	0.000005	-2.5864	1.0717	0.1307	4072
hyperlight_mappo	TRAIN	224	205.9516	0.000014	-2.8503	1.1493	0.1322	4068
hyperlight_mappo	TRAIN	225	210.2414	0.000022	-2.8029	1.1062	0.1283	4060
hyperlight_mappo	TEST	225	250.5302	0.000022	-3.7227	1.4078	0.1504	4046
hyperlight_mappo	TRAIN	226	209.0672	0.000006	-2.6841	1.0979	0.1290	4063
hyperlight_mappo	TRAIN	227	204.2890	0.000011	-2.7103	1.0888	0.1300	4069
hyperlight_mappo	TRAIN	228	216.7876	0.000004	-2.9298	1.1112	0.1309	4054
hyperlight_mappo	TRAIN	229	206.1774	0.000014	-2.7692	1.1239	0.1319	4070
hyperlight_mappo	TRAIN	230	207.2612	0.000009	-2.8789	1.1329	0.1317	4070
hyperlight_mappo	TEST	230	246.8131	0.000009	-3.8344	1.3911	0.1491	4045
hyperlight_mappo	TRAIN	231	211.2782	0.000009	-3.0914	1.1810	0.1378	4048
hyperlight_mappo	TRAIN	232	207.9646	0.000007	-2.7300	1.0795	0.1277	4069
hyperlight_mappo	TRAIN	233	212.6328	0.000018	-3.0285	1.1292	0.1298	4071
hyperlight_mappo	TRAIN	234	218.4935	0.000016	-3.0058	1.1388	0.1311	4063
hyperlight_mappo	TRAIN	235	215.4509	0.000014	-2.9704	1.1511	0.1322	4065
hyperlight_mappo	TEST	235	242.1300	0.000014	-3.2989	1.2450	0.1349	4038
hyperlight_mappo	TRAIN	236	211.5185	0.000010	-2.8445	1.1261	0.1315	4064
hyperlight_mappo	TRAIN	237	212.3198	0.000013	-2.8898	1.1261	0.1290	4071
hyperlight_mappo	TRAIN	238	213.2361	0.000013	-2.9453	1.1664	0.1322	4058
hyperlight_mappo	TRAIN	239	230.4223	0.000049	-3.8402	1.3466	0.1346	4047
hyperlight_mappo	TRAIN	240	221.9292	0.000028	-3.4171	1.2579	0.1351	4056
hyperlight_mappo	TEST	240	237.5961	0.000028	-4.0518	1.4422	0.1432	4036
hyperlight_mappo	TRAIN	241	220.1735	0.000041	-3.4511	1.2485	0.1305	4074
hyperlight_mappo	TRAIN	242	210.6358	0.000014	-2.7800	1.0827	0.1293	4075
hyperlight_mappo	TRAIN	243	211.5773	0.000020	-2.8896	1.1279	0.1314	4062
hyperlight_mappo	TRAIN	244	214.0238	0.000023	-3.2033	1.2169	0.1344	4070
hyperlight_mappo	TRAIN	245	230.1947	0.000040	-3.7662	1.3786	0.1343	4047
hyperlight_mappo	TEST	245	207.4874	0.000040	-2.8542	1.1004	0.1287	4060
hyperlight_mappo	TRAIN	246	211.8374	0.000022	-3.0005	1.1299	0.1292	4072
hyperlight_mappo	TRAIN	247	207.4677	0.000018	-2.8435	1.0980	0.1281	4060
hyperlight_mappo	TRAIN	248	233.0474	0.000133	-4.2672	1.4146	0.1401	4068
hyperlight_mappo	TRAIN	249	219.2490	0.000036	-3.5894	1.3065	0.1380	4068
