step:3600/3600, q_loss:0.003151879013504511, rewards:-345.6163024902344, queue:21.183815002441406, delay:0.11307378858327866, throughput:6960
episode:0/250, real avg travel time:1617.1426770064938
Test step:0/250, travel time :1759.0213731794968, rewards:-378.30242919921875, queue:23.21068572998047, delay:0.11348233371973038, throughput:5637
New best TEST travel time 1759.0214 at episode 0, saved as best checkpoint
step:3600/3600, q_loss:0.0022764804639729937, rewards:-333.51409912109375, queue:20.44083023071289, delay:0.11207590997219086, throughput:7121
episode:1/250, real avg travel time:1594.741819557405
step:3600/3600, q_loss:0.0020652636405609453, rewards:-334.42755126953125, queue:20.496980667114258, delay:0.11072952300310135, throughput:7001
episode:2/250, real avg travel time:1591.282075531177
step:3600/3600, q_loss:0.0019948199264170534, rewards:-342.87255859375, queue:21.014795303344727, delay:0.11157074570655823, throughput:7227
episode:3/250, real avg travel time:1598.6138326713321
step:3600/3600, q_loss:0.0018711708388348789, rewards:-343.1424560546875, queue:21.031349182128906, delay:0.11310519278049469, throughput:7545
episode:4/250, real avg travel time:1583.665342664397
step:3600/3600, q_loss:0.001640993755570912, rewards:-338.88262939453125, queue:20.768381118774414, delay:0.11233993619680405, throughput:7619
episode:5/250, real avg travel time:1571.5493348464788
Test step:5/250, travel time :1703.7429544164934, rewards:-352.7964782714844, queue:21.63697624206543, delay:0.1160183921456337, throughput:6267
New best TEST travel time 1703.7430 at episode 5, saved as best checkpoint
step:3600/3600, q_loss:0.0014456075786492201, rewards:-333.91448974609375, queue:20.46088409423828, delay:0.11259985715150833, throughput:7693
episode:6/250, real avg travel time:1562.3958766786457
step:3600/3600, q_loss:0.0014635401157041391, rewards:-336.4136657714844, queue:20.61393165588379, delay:0.11548475921154022, throughput:7834
episode:7/250, real avg travel time:1557.58993758275
step:3600/3600, q_loss:0.0013946553877983128, rewards:-334.5245056152344, queue:20.496583938598633, delay:0.11251937597990036, throughput:7943
episode:8/250, real avg travel time:1558.0252190908518
step:3600/3600, q_loss:0.0013366944122812307, rewards:-337.5188293457031, queue:20.680286407470703, delay:0.1135600283741951, throughput:7995
episode:9/250, real avg travel time:1549.3634701469011
step:3600/3600, q_loss:0.0012822650394899724, rewards:-332.7430725097656, queue:20.384296417236328, delay:0.11466962844133377, throughput:8031
episode:10/250, real avg travel time:1536.294622028876
Test step:10/250, travel time :1644.4225458672215, rewards:-364.2875061035156, queue:22.330570220947266, delay:0.12597501277923584, throughput:7508
New best TEST travel time 1644.4225 at episode 10, saved as best checkpoint
step:3600/3600, q_loss:0.0011802177195707451, rewards:-332.0062255859375, queue:20.340476989746094, delay:0.11349519342184067, throughput:8099
episode:11/250, real avg travel time:1534.9650715591704
step:3600/3600, q_loss:0.0011332634157345941, rewards:-336.1423645019531, queue:20.59345245361328, delay:0.11613379418849945, throughput:8262
episode:12/250, real avg travel time:1535.7222117142676
step:3600/3600, q_loss:0.0008975233290169134, rewards:-334.21856689453125, queue:20.4746036529541, delay:0.1164308562874794, throughput:8195
episode:13/250, real avg travel time:1522.1768488745981
step:3600/3600, q_loss:0.0008400644022284396, rewards:-331.52386474609375, queue:20.310388565063477, delay:0.11453000456094742, throughput:8180
episode:14/250, real avg travel time:1521.477397389824
step:3600/3600, q_loss:0.0007180015960374824, rewards:-328.21502685546875, queue:20.103458404541016, delay:0.11432675272226334, throughput:8257
episode:15/250, real avg travel time:1510.1961414790997
Test step:15/250, travel time :1645.566420780531, rewards:-380.61700439453125, queue:23.335132598876953, delay:0.1290394514799118, throughput:7225
step:3600/3600, q_loss:0.0006285536455789604, rewards:-323.6057434082031, queue:19.82278823852539, delay:0.11268535256385803, throughput:8242
episode:16/250, real avg travel time:1500.1128554315617
step:3600/3600, q_loss:0.0005707377272178017, rewards:-323.5814208984375, queue:19.818580627441406, delay:0.11381980031728745, throughput:8338
episode:17/250, real avg travel time:1498.102389508858
step:3600/3600, q_loss:0.0005198588788101196, rewards:-321.87066650390625, queue:19.714214324951172, delay:0.11379159241914749, throughput:8363
episode:18/250, real avg travel time:1491.0125464976988
step:3600/3600, q_loss:0.0005452508294026448, rewards:-320.46600341796875, queue:19.62515640258789, delay:0.11142877489328384, throughput:8458
episode:19/250, real avg travel time:1481.213353508606
step:3600/3600, q_loss:0.000549763520564424, rewards:-319.2528991699219, queue:19.551998138427734, delay:0.11195743829011917, throughput:8443
episode:20/250, real avg travel time:1467.6885442279806
Test step:20/250, travel time :1635.4720383330182, rewards:-386.22674560546875, queue:23.681547164916992, delay:0.12685886025428772, throughput:7078
New best TEST travel time 1635.4720 at episode 20, saved as best checkpoint
step:3600/3600, q_loss:0.00044200402019074027, rewards:-315.1357727050781, queue:19.29859733581543, delay:0.11245156079530716, throughput:8425
episode:21/250, real avg travel time:1463.703864825673
step:3600/3600, q_loss:0.0004390381353858421, rewards:-313.1617736816406, queue:19.1766300201416, delay:0.10996338725090027, throughput:8603
episode:22/250, real avg travel time:1454.2934241220603
step:3600/3600, q_loss:0.00039281675668956456, rewards:-316.5202331542969, queue:19.380937576293945, delay:0.1109420657157898, throughput:8463
episode:23/250, real avg travel time:1465.6203896349537
step:3600/3600, q_loss:0.00037320847069718125, rewards:-322.7275085449219, queue:19.763874053955078, delay:0.11135169118642807, throughput:8546
episode:24/250, real avg travel time:1471.9764831977807
step:3600/3600, q_loss:0.0003252203986594844, rewards:-314.4752502441406, queue:19.256349563598633, delay:0.11116787791252136, throughput:8484
episode:25/250, real avg travel time:1456.766219027804
Test step:25/250, travel time :1571.601475316815, rewards:-368.7739562988281, queue:22.597761154174805, delay:0.12942226231098175, throughput:7760
New best TEST travel time 1571.6015 at episode 25, saved as best checkpoint
step:3600/3600, q_loss:0.0002928172062110892, rewards:-316.8631896972656, queue:19.402976989746094, delay:0.11178937554359436, throughput:8633
episode:26/250, real avg travel time:1457.6352058508292
step:3600/3600, q_loss:0.00027908015978971013, rewards:-319.0000305175781, queue:19.531831741333008, delay:0.11053542792797089, throughput:8509
episode:27/250, real avg travel time:1455.558161528277
step:3600/3600, q_loss:0.00029991474146322337, rewards:-316.4836730957031, queue:19.37848663330078, delay:0.11101464182138443, throughput:8538
episode:28/250, real avg travel time:1451.5717167896098
step:3600/3600, q_loss:0.00020907554476533408, rewards:-318.8559265136719, queue:19.52181053161621, delay:0.11005450040102005, throughput:8504
episode:29/250, real avg travel time:1458.0266061408486
step:3600/3600, q_loss:0.00026681174277644147, rewards:-316.6165771484375, queue:19.38605499267578, delay:0.10875427722930908, throughput:8588
episode:30/250, real avg travel time:1451.3067902402117
Test step:30/250, travel time :1543.748124330118, rewards:-366.6338195800781, queue:22.469955444335938, delay:0.12526379525661469, throughput:8079
New best TEST travel time 1543.7481 at episode 30, saved as best checkpoint
step:3600/3600, q_loss:0.00019278461965128643, rewards:-308.5083312988281, queue:18.88698959350586, delay:0.1070815771818161, throughput:8658
episode:31/250, real avg travel time:1432.466111846668
step:3600/3600, q_loss:0.00018041519905199056, rewards:-304.2027587890625, queue:18.621187210083008, delay:0.10657763481140137, throughput:8820
episode:32/250, real avg travel time:1420.021436227224
step:3600/3600, q_loss:0.0002574772930080301, rewards:-302.1240539550781, queue:18.496301651000977, delay:0.1059088408946991, throughput:8750
episode:33/250, real avg travel time:1421.129058697434
step:3600/3600, q_loss:0.00016148441367319866, rewards:-303.5245361328125, queue:18.580400466918945, delay:0.105840303003788, throughput:8709
episode:34/250, real avg travel time:1420.1345438496942
step:3600/3600, q_loss:0.00023223229374572704, rewards:-303.4472351074219, queue:18.578004837036133, delay:0.1044987365603447, throughput:8652
episode:35/250, real avg travel time:1420.6434651030831
Test step:35/250, travel time :1462.0498077044322, rewards:-330.47503662109375, queue:20.245309829711914, delay:0.11928901821374893, throughput:8429
New best TEST travel time 1462.0498 at episode 35, saved as best checkpoint
step:3600/3600, q_loss:0.00016664332696912166, rewards:-304.4784240722656, queue:18.638179779052734, delay:0.103411965072155, throughput:8734
episode:36/250, real avg travel time:1422.104785322489
step:3600/3600, q_loss:0.0002117011601961919, rewards:-303.26812744140625, queue:18.562231063842773, delay:0.10418832302093506, throughput:8733
episode:37/250, real avg travel time:1422.6822394552676
step:3600/3600, q_loss:0.0002240885178814355, rewards:-296.4677429199219, queue:18.144996643066406, delay:0.10203911364078522, throughput:8777
episode:38/250, real avg travel time:1403.046718365803
step:3600/3600, q_loss:0.00018547255765750178, rewards:-303.257568359375, queue:18.563705444335938, delay:0.10360217839479446, throughput:8857
episode:39/250, real avg travel time:1406.6518504507912
step:3600/3600, q_loss:0.0002303455984126489, rewards:-310.6094055175781, queue:19.017602920532227, delay:0.10367504507303238, throughput:8783
episode:40/250, real avg travel time:1418.718996280184
Test step:40/250, travel time :1520.8921883866087, rewards:-353.4857482910156, queue:21.65973663330078, delay:0.11679814755916595, throughput:8207
step:3600/3600, q_loss:0.0001858821396003075, rewards:-306.0789794921875, queue:18.738109588623047, delay:0.10375291109085083, throughput:8736
episode:41/250, real avg travel time:1411.8580795662317
step:3600/3600, q_loss:0.0001711960347659633, rewards:-308.8971862792969, queue:18.911989212036133, delay:0.10297933965921402, throughput:8827
episode:42/250, real avg travel time:1416.9416808524052
step:3600/3600, q_loss:0.00012200222734037075, rewards:-304.2476501464844, queue:18.628643035888672, delay:0.10297418385744095, throughput:8683
episode:43/250, real avg travel time:1407.6396822394552
step:3600/3600, q_loss:0.0001839915498154077, rewards:-300.1177978515625, queue:18.370847702026367, delay:0.10054749995470047, throughput:8840
episode:44/250, real avg travel time:1395.0836012861737
step:3600/3600, q_loss:0.00013027901121308842, rewards:-294.4242858886719, queue:18.020492553710938, delay:0.10051435977220535, throughput:8723
episode:45/250, real avg travel time:1377.9771136750521
Test step:45/250, travel time :1452.3364226719627, rewards:-344.51043701171875, queue:21.111408233642578, delay:0.11521109938621521, throughput:8621
New best TEST travel time 1452.3364 at episode 45, saved as best checkpoint
step:3600/3600, q_loss:0.00012870487788646127, rewards:-307.2353820800781, queue:18.807880401611328, delay:0.10075777769088745, throughput:8697
episode:46/250, real avg travel time:1407.1022003656767
step:3600/3600, q_loss:0.00015573692022978017, rewards:-296.4601135253906, queue:18.146272659301758, delay:0.10053891688585281, throughput:8929
episode:47/250, real avg travel time:1373.5263224260766
step:3600/3600, q_loss:0.00016395484280907607, rewards:-308.23907470703125, queue:18.869827270507812, delay:0.10056126862764359, throughput:8768
episode:48/250, real avg travel time:1414.0093310636153
step:3600/3600, q_loss:0.00013126065563999782, rewards:-299.12957763671875, queue:18.310970306396484, delay:0.10104425251483917, throughput:8818
episode:49/250, real avg travel time:1393.153016833743
step:3600/3600, q_loss:9.725827184422401e-05, rewards:-303.7481689453125, queue:18.595096588134766, delay:0.1017344668507576, throughput:8731
episode:50/250, real avg travel time:1400.04678141353
Test step:50/250, travel time :1479.2165058949624, rewards:-345.2694396972656, queue:21.153175354003906, delay:0.11538365483283997, throughput:8230
step:3600/3600, q_loss:0.00019019311471816358, rewards:-305.0745544433594, queue:18.67835807800293, delay:0.09948522597551346, throughput:8626
episode:51/250, real avg travel time:1404.73160582561
step:3600/3600, q_loss:0.0001881067326326889, rewards:-306.84454345703125, queue:18.7851619720459, delay:0.10102470964193344, throughput:8709
episode:52/250, real avg travel time:1397.3267133219847
step:3600/3600, q_loss:0.00014385274524461293, rewards:-302.7193298339844, queue:18.52936553955078, delay:0.09924117475748062, throughput:8638
episode:53/250, real avg travel time:1398.5036882920372
step:3600/3600, q_loss:0.00017245478062519664, rewards:-301.2626647949219, queue:18.440433502197266, delay:0.0994165688753128, throughput:8710
episode:54/250, real avg travel time:1399.8440199230818
step:3600/3600, q_loss:0.00012833312229989212, rewards:-306.15380859375, queue:18.741056442260742, delay:0.10001686960458755, throughput:8936
episode:55/250, real avg travel time:1393.6661622848496
Test step:55/250, travel time :1467.8828573229935, rewards:-345.56494140625, queue:21.1712589263916, delay:0.11198731511831284, throughput:8513
step:3600/3600, q_loss:0.00011802522769560003, rewards:-300.9964294433594, queue:18.427509307861328, delay:0.09861550480127335, throughput:8925
episode:56/250, real avg travel time:1384.370216253704
step:3600/3600, q_loss:0.00013133767538813206, rewards:-297.1270446777344, queue:18.19066047668457, delay:0.09918931126594543, throughput:8943
episode:57/250, real avg travel time:1380.4190782422293
step:3600/3600, q_loss:0.00017734292138620842, rewards:-307.92340087890625, queue:18.853416442871094, delay:0.09834614396095276, throughput:8854
episode:58/250, real avg travel time:1402.5963684509175
step:3600/3600, q_loss:0.00013240119341737877, rewards:-306.20782470703125, queue:18.74749183654785, delay:0.09944324940443039, throughput:8779
episode:59/250, real avg travel time:1400.217262467688
step:3600/3600, q_loss:8.402778407742765e-05, rewards:-304.4598388671875, queue:18.63748550415039, delay:0.09875942766666412, throughput:8889
episode:60/250, real avg travel time:1388.510938780657
Test step:60/250, travel time :1436.1019481747683, rewards:-326.3818664550781, queue:19.99227523803711, delay:0.10983113199472427, throughput:8630
New best TEST travel time 1436.1019 at episode 60, saved as best checkpoint
step:3600/3600, q_loss:0.0001526631497710449, rewards:-309.4247741699219, queue:18.944032669067383, delay:0.09868176281452179, throughput:8903
episode:61/250, real avg travel time:1405.9613517432697
step:3600/3600, q_loss:0.00011699811135415839, rewards:-303.3605651855469, queue:18.57293128967285, delay:0.09946645796298981, throughput:8778
episode:62/250, real avg travel time:1393.4146018536032
step:3600/3600, q_loss:0.00013370612644472585, rewards:-299.7261657714844, queue:18.346923828125, delay:0.09829603880643845, throughput:8885
episode:63/250, real avg travel time:1392.5990164554569
step:3600/3600, q_loss:7.233194930315087e-05, rewards:-295.4703674316406, queue:18.085756301879883, delay:0.09785670042037964, throughput:8883
episode:64/250, real avg travel time:1374.8213227413153
step:3600/3600, q_loss:0.00010794698489602816, rewards:-293.98291015625, queue:17.994203567504883, delay:0.09629024565219879, throughput:8887
episode:65/250, real avg travel time:1368.685833175714
Test step:65/250, travel time :1475.0455835067146, rewards:-343.66351318359375, queue:21.05701446533203, delay:0.11309131979942322, throughput:8469
step:3600/3600, q_loss:0.00012382154236547648, rewards:-304.0205383300781, queue:18.617034912109375, delay:0.09642618149518967, throughput:8760
episode:66/250, real avg travel time:1390.8290776117522
step:3600/3600, q_loss:0.00011402114057686341, rewards:-300.9123840332031, queue:18.423002243041992, delay:0.09634307026863098, throughput:8731
episode:67/250, real avg travel time:1383.9305214047033
step:3600/3600, q_loss:0.0001520282773762355, rewards:-289.2021789550781, queue:17.699787139892578, delay:0.09608597308397293, throughput:8849
episode:68/250, real avg travel time:1363.7430174642204
step:3600/3600, q_loss:0.00014239852656222258, rewards:-285.00604248046875, queue:17.446287155151367, delay:0.09439165890216827, throughput:8645
episode:69/250, real avg travel time:1362.0987327406847
step:3600/3600, q_loss:0.0001054797112980547, rewards:-298.0921936035156, queue:18.247051239013672, delay:0.09542331844568253, throughput:8731
episode:70/250, real avg travel time:1386.912741945653
Test step:70/250, travel time :1431.864636529853, rewards:-332.62615966796875, queue:20.378982543945312, delay:0.10409057885408401, throughput:8647
New best TEST travel time 1431.8646 at episode 70, saved as best checkpoint
step:3600/3600, q_loss:0.00015433568325623825, rewards:-304.0198974609375, queue:18.613691329956055, delay:0.09549941122531891, throughput:8610
episode:71/250, real avg travel time:1402.6389256667296
step:3600/3600, q_loss:0.00019081409617807186, rewards:-291.7506408691406, queue:17.861862182617188, delay:0.0935041606426239, throughput:8733
episode:72/250, real avg travel time:1363.5550091419204
step:3600/3600, q_loss:0.00013310997563638482, rewards:-285.0594482421875, queue:17.45011329650879, delay:0.09341777861118317, throughput:8892
episode:73/250, real avg travel time:1351.5685644032533
step:3600/3600, q_loss:0.00016433183487539214, rewards:-293.0030822753906, queue:17.936819076538086, delay:0.09337995201349258, throughput:8788
episode:74/250, real avg travel time:1370.3684509173445
step:3600/3600, q_loss:0.000174177109201318, rewards:-287.48388671875, queue:17.60021209716797, delay:0.09389212727546692, throughput:8831
episode:75/250, real avg travel time:1355.96683689553
Test step:75/250, travel time :1453.2977744152324, rewards:-333.3984069824219, queue:20.425552368164062, delay:0.1031731441617012, throughput:8373
step:3600/3600, q_loss:0.00011239629937695155, rewards:-282.9666748046875, queue:17.320903778076172, delay:0.09251482784748077, throughput:8998
episode:76/250, real avg travel time:1336.7273185801653
step:3600/3600, q_loss:0.00011204052662597623, rewards:-290.610107421875, queue:17.792587280273438, delay:0.09267661720514297, throughput:8878
episode:77/250, real avg travel time:1348.7704432255218
step:3600/3600, q_loss:0.00018805930524616054, rewards:-286.2845153808594, queue:17.528146743774414, delay:0.09214870631694794, throughput:8859
episode:78/250, real avg travel time:1357.891873147973
step:3600/3600, q_loss:0.00011194877333315319, rewards:-281.9527282714844, queue:17.2614803314209, delay:0.09376503527164459, throughput:9133
episode:79/250, real avg travel time:1328.6961099552361
step:3600/3600, q_loss:0.00011367338061344202, rewards:-284.6536560058594, queue:17.426204681396484, delay:0.09423859417438507, throughput:9133
episode:80/250, real avg travel time:1330.7615534959964
Test step:80/250, travel time :1417.8230880776748, rewards:-328.7093811035156, queue:20.14206314086914, delay:0.10320322960615158, throughput:8624
New best TEST travel time 1417.8231 at episode 80, saved as best checkpoint
step:3600/3600, q_loss:0.00013095494395662328, rewards:-286.50726318359375, queue:17.541099548339844, delay:0.09568312764167786, throughput:9173
episode:81/250, real avg travel time:1338.3712880650653
step:3600/3600, q_loss:0.00016187989071405343, rewards:-291.60626220703125, queue:17.85793685913086, delay:0.09467338770627975, throughput:8924
episode:82/250, real avg travel time:1355.1083159952084
step:3600/3600, q_loss:8.462499789419343e-05, rewards:-278.9866027832031, queue:17.077678680419922, delay:0.09456164389848709, throughput:9155
episode:83/250, real avg travel time:1319.785700775487
step:3600/3600, q_loss:0.00010933616183508462, rewards:-290.5370788574219, queue:17.789199829101562, delay:0.09337081015110016, throughput:8960
episode:84/250, real avg travel time:1353.8667171048485
step:3600/3600, q_loss:0.00010646502465803037, rewards:-278.5316467285156, queue:17.053457260131836, delay:0.0933738648891449, throughput:9198
episode:85/250, real avg travel time:1316.8418763003594
Test step:85/250, travel time :1408.2739423743774, rewards:-302.0998229980469, queue:18.50823402404785, delay:0.10142196714878082, throughput:8305
New best TEST travel time 1408.2739 at episode 85, saved as best checkpoint
step:3600/3600, q_loss:0.00011618361178854549, rewards:-281.67144775390625, queue:17.24288558959961, delay:0.09484045207500458, throughput:9140
episode:86/250, real avg travel time:1327.74522413467
step:3600/3600, q_loss:0.00012447356142572207, rewards:-281.5134582519531, queue:17.232921600341797, delay:0.09525478631258011, throughput:8988
episode:87/250, real avg travel time:1331.0122312590631
step:3600/3600, q_loss:0.00014281520917494263, rewards:-276.2679748535156, queue:16.91098403930664, delay:0.09585109353065491, throughput:9127
episode:88/250, real avg travel time:1320.0143118340584
step:3600/3600, q_loss:0.0001421000489233533, rewards:-273.6601867675781, queue:16.75286293029785, delay:0.0953475683927536, throughput:9084
episode:89/250, real avg travel time:1313.5669882100751
step:3600/3600, q_loss:0.0001930697044978539, rewards:-281.11083984375, queue:17.21133804321289, delay:0.09477946907281876, throughput:9453
episode:90/250, real avg travel time:1318.5900636782044
Test step:90/250, travel time :1375.9475442910284, rewards:-298.06658935546875, queue:18.265050888061523, delay:0.10021385550498962, throughput:8809
New best TEST travel time 1375.9475 at episode 90, saved as best checkpoint
step:3600/3600, q_loss:0.00011873029788271926, rewards:-278.6201477050781, queue:17.057950973510742, delay:0.09637252986431122, throughput:9339
episode:91/250, real avg travel time:1315.2397705062733
step:3600/3600, q_loss:0.0001724308806314869, rewards:-273.3771667480469, queue:16.735883712768555, delay:0.09268934279680252, throughput:9227
episode:92/250, real avg travel time:1302.1179622974591
step:3600/3600, q_loss:0.0001535954482042817, rewards:-279.163818359375, queue:17.0922908782959, delay:0.09624043852090836, throughput:9247
episode:93/250, real avg travel time:1328.8047411890802
step:3600/3600, q_loss:0.00015603627750497703, rewards:-274.927001953125, queue:16.82861328125, delay:0.09520817548036575, throughput:9375
episode:94/250, real avg travel time:1302.8233402685833
step:3600/3600, q_loss:0.00011654374123921756, rewards:-280.5142517089844, queue:17.171045303344727, delay:0.09607972949743271, throughput:9278
episode:95/250, real avg travel time:1314.4591765966836
Test step:95/250, travel time :1403.0554189521467, rewards:-322.3213195800781, queue:19.748016357421875, delay:0.10082322359085083, throughput:8815
step:3600/3600, q_loss:0.00010932352768263009, rewards:-270.11285400390625, queue:16.534055709838867, delay:0.09363162517547607, throughput:9327
episode:96/250, real avg travel time:1296.7937708845595
step:3600/3600, q_loss:0.00016096989751037462, rewards:-266.749755859375, queue:16.326658248901367, delay:0.09551229327917099, throughput:9581
episode:97/250, real avg travel time:1286.961982220541
step:3600/3600, q_loss:0.00010921229740581764, rewards:-256.6103210449219, queue:15.699801445007324, delay:0.09375858306884766, throughput:9372
episode:98/250, real avg travel time:1274.5280877624361
step:3600/3600, q_loss:0.00014036656441785003, rewards:-264.9202880859375, queue:16.21196174621582, delay:0.09449341148138046, throughput:9471
episode:99/250, real avg travel time:1273.3345312401489
step:3600/3600, q_loss:0.00010355258966655251, rewards:-258.2041931152344, queue:15.799546241760254, delay:0.09517090767621994, throughput:9566
episode:100/250, real avg travel time:1262.2920370720635
Test step:100/250, travel time :1354.112035811109, rewards:-297.0155334472656, queue:18.195266723632812, delay:0.09889045357704163, throughput:8959
New best TEST travel time 1354.1120 at episode 100, saved as best checkpoint
step:3600/3600, q_loss:0.00010213068317058555, rewards:-256.6800231933594, queue:15.70564079284668, delay:0.09275376051664352, throughput:9402
episode:101/250, real avg travel time:1272.6649643780343
step:3600/3600, q_loss:0.00014920028219039745, rewards:-255.06765747070312, queue:15.607015609741211, delay:0.09334754198789597, throughput:9428
episode:102/250, real avg travel time:1268.9324758842445
step:3600/3600, q_loss:0.00011196272049952919, rewards:-261.7115478515625, queue:16.01502227783203, delay:0.09330715239048004, throughput:9368
episode:103/250, real avg travel time:1279.0240842317635
step:3600/3600, q_loss:0.0001019817762605754, rewards:-254.9093780517578, queue:15.601034164428711, delay:0.09277698397636414, throughput:9508
episode:104/250, real avg travel time:1262.0119790681547
step:3600/3600, q_loss:9.73694494287311e-05, rewards:-261.15771484375, queue:15.984480857849121, delay:0.09434743970632553, throughput:9600
episode:105/250, real avg travel time:1274.053086186243
Test step:105/250, travel time :1335.2775991425508, rewards:-295.1955871582031, queue:18.086437225341797, delay:0.10010148584842682, throughput:9423
New best TEST travel time 1335.2776 at episode 105, saved as best checkpoint
step:3600/3600, q_loss:0.00011608889166561796, rewards:-263.2053527832031, queue:16.108928680419922, delay:0.092461958527565, throughput:9307
episode:106/250, real avg travel time:1290.3390706765022
step:3600/3600, q_loss:0.00011364315386019349, rewards:-255.7639923095703, queue:15.652437210083008, delay:0.09251623600721359, throughput:9559
episode:107/250, real avg travel time:1259.758905491457
step:3600/3600, q_loss:0.0001232343870660658, rewards:-258.7790832519531, queue:15.838605880737305, delay:0.09144596010446548, throughput:9417
episode:108/250, real avg travel time:1281.9183531933675
step:3600/3600, q_loss:0.00012752724594772898, rewards:-260.7519836425781, queue:15.960643768310547, delay:0.09149695932865143, throughput:9528
episode:109/250, real avg travel time:1281.9193619570015
step:3600/3600, q_loss:0.00018815262994820964, rewards:-266.3760986328125, queue:16.305683135986328, delay:0.09315142780542374, throughput:9483
episode:110/250, real avg travel time:1290.7591576823656
Test step:110/250, travel time :1379.1779206859592, rewards:-306.5803527832031, queue:18.78595542907715, delay:0.09775786101818085, throughput:8847
step:3600/3600, q_loss:0.00011442545170818146, rewards:-263.78753662109375, queue:16.147689819335938, delay:0.09268157184123993, throughput:9482
episode:111/250, real avg travel time:1287.104217892945
step:3600/3600, q_loss:0.00015944949238788175, rewards:-263.0721435546875, queue:16.102495193481445, delay:0.09318496286869049, throughput:9685
episode:112/250, real avg travel time:1283.9110396570204
step:3600/3600, q_loss:9.426765954466882e-05, rewards:-265.7702331542969, queue:16.269132614135742, delay:0.09292919188737869, throughput:9541
episode:113/250, real avg travel time:1278.8489376457978
step:3600/3600, q_loss:8.320580640833618e-05, rewards:-268.27081298828125, queue:16.425992965698242, delay:0.09294959157705307, throughput:9708
episode:114/250, real avg travel time:1282.0663262089402
step:3600/3600, q_loss:0.0002021473260771736, rewards:-283.184326171875, queue:17.342771530151367, delay:0.09296903014183044, throughput:9377
episode:115/250, real avg travel time:1304.6680537166635
Test step:115/250, travel time :1355.177353256415, rewards:-297.0453796386719, queue:18.196569442749023, delay:0.0963980108499527, throughput:9048
step:3600/3600, q_loss:0.0001140234348030738, rewards:-265.45159912109375, queue:16.249319076538086, delay:0.09218472242355347, throughput:9594
episode:116/250, real avg travel time:1272.0440703612635
step:3600/3600, q_loss:0.00023658380933166308, rewards:-282.5000305175781, queue:17.29906463623047, delay:0.09272666275501251, throughput:9403
episode:117/250, real avg travel time:1302.9891557909336
step:3600/3600, q_loss:0.00015763099092262924, rewards:-270.42303466796875, queue:16.557723999023438, delay:0.09168166667222977, throughput:9601
episode:118/250, real avg travel time:1277.8964125843263
step:3600/3600, q_loss:0.00021198511198752294, rewards:-278.9625244140625, queue:17.08204460144043, delay:0.09271598607301712, throughput:9329
episode:119/250, real avg travel time:1317.1329046087887
step:3600/3600, q_loss:0.0001952710122022387, rewards:-278.6254577636719, queue:17.059425354003906, delay:0.09408126026391983, throughput:9544
episode:120/250, real avg travel time:1310.278103524368
Test step:120/250, travel time :1362.963369270538, rewards:-304.0091247558594, queue:18.626049041748047, delay:0.09571288526058197, throughput:8844
step:3600/3600, q_loss:0.00012141524035811285, rewards:-269.34423828125, queue:16.48993682861328, delay:0.09226401895284653, throughput:9611
episode:121/250, real avg travel time:1288.4138452808777
step:3600/3600, q_loss:0.00015786502066206327, rewards:-258.9513854980469, queue:15.849688529968262, delay:0.09251819550991058, throughput:9761
episode:122/250, real avg travel time:1264.7509614778387
step:3600/3600, q_loss:0.00013526639465262746, rewards:-260.11700439453125, queue:15.924744606018066, delay:0.09117432683706284, throughput:9622
episode:123/250, real avg travel time:1271.5402559737722
step:3600/3600, q_loss:0.00011678366994781329, rewards:-260.59588623046875, queue:15.952239036560059, delay:0.09036387503147125, throughput:9581
episode:124/250, real avg travel time:1269.48912426707
step:3600/3600, q_loss:0.00013327406969763637, rewards:-262.71527099609375, queue:16.082115173339844, delay:0.09082918614149094, throughput:9514
episode:125/250, real avg travel time:1275.4804236807263
Test step:125/250, travel time :1349.9287560683438, rewards:-294.8837890625, queue:18.06706428527832, delay:0.09990845620632172, throughput:9165
step:3600/3600, q_loss:8.612733271783562e-05, rewards:-261.9669189453125, queue:16.036479949951172, delay:0.09262724220752716, throughput:9545
episode:126/250, real avg travel time:1272.5004098102263
step:3600/3600, q_loss:0.00012579118002229082, rewards:-263.572998046875, queue:16.133176803588867, delay:0.09315621852874756, throughput:9512
episode:127/250, real avg travel time:1284.9146964251938
step:3600/3600, q_loss:0.00011128122044474255, rewards:-259.0043029785156, queue:15.85677433013916, delay:0.09112280607223511, throughput:9546
episode:128/250, real avg travel time:1274.0986696929576
step:3600/3600, q_loss:0.00013752292511470178, rewards:-256.515380859375, queue:15.70226764678955, delay:0.09105011820793152, throughput:9603
episode:129/250, real avg travel time:1273.3837715150369
step:3600/3600, q_loss:0.0001453342719612942, rewards:-273.48681640625, queue:16.74749183654785, delay:0.09226659685373306, throughput:9612
episode:130/250, real avg travel time:1296.205535590442
Test step:130/250, travel time :1318.279490574365, rewards:-287.519775390625, queue:17.617530822753906, delay:0.09947097301483154, throughput:9452
New best TEST travel time 1318.2795 at episode 130, saved as best checkpoint
step:3600/3600, q_loss:0.00012304826832180957, rewards:-255.40232849121094, queue:15.631263732910156, delay:0.0915275439620018, throughput:9551
episode:131/250, real avg travel time:1264.0685328793897
step:3600/3600, q_loss:0.00014444837859762765, rewards:-260.2127685546875, queue:15.9293794631958, delay:0.09004420787096024, throughput:9446
episode:132/250, real avg travel time:1289.8005800390895
step:3600/3600, q_loss:0.00015621811374633883, rewards:-249.29965209960938, queue:15.257893562316895, delay:0.09167901426553726, throughput:9559
episode:133/250, real avg travel time:1251.9403568501355
step:3600/3600, q_loss:0.00011998636654885716, rewards:-258.37054443359375, queue:15.816680908203125, delay:0.09028105437755585, throughput:9449
episode:134/250, real avg travel time:1266.0484206544354
step:3600/3600, q_loss:0.00013324746074813224, rewards:-257.3512268066406, queue:15.750524520874023, delay:0.09169870615005493, throughput:9584
episode:135/250, real avg travel time:1266.4489628648887
Test step:135/250, travel time :1323.995649706828, rewards:-289.8180236816406, queue:17.757156372070312, delay:0.09745245426893234, throughput:9480
step:3600/3600, q_loss:0.00011741712473456483, rewards:-256.02899169921875, queue:15.669940948486328, delay:0.09143625199794769, throughput:9561
episode:136/250, real avg travel time:1264.8575751844146
step:3600/3600, q_loss:6.140613039872138e-05, rewards:-250.47117614746094, queue:15.32915210723877, delay:0.09046517312526703, throughput:9542
episode:137/250, real avg travel time:1247.375007880966
step:3600/3600, q_loss:0.0001058310228989195, rewards:-246.76397705078125, queue:15.100056648254395, delay:0.09233108162879944, throughput:9705
episode:138/250, real avg travel time:1244.6866527961668
step:3600/3600, q_loss:0.00012118820002932033, rewards:-254.4986572265625, queue:15.57711124420166, delay:0.09201659262180328, throughput:9528
episode:139/250, real avg travel time:1269.5893071054788
step:3600/3600, q_loss:0.0001391549434629269, rewards:-269.1709289550781, queue:16.477975845336914, delay:0.09512165933847427, throughput:9622
episode:140/250, real avg travel time:1294.0232646113107
Test step:140/250, travel time :1330.4289136876616, rewards:-294.42633056640625, queue:18.038776397705078, delay:0.09818432480096817, throughput:9378
step:3600/3600, q_loss:0.00010060612651243531, rewards:-247.94705200195312, queue:15.172335624694824, delay:0.09257017821073532, throughput:9756
episode:141/250, real avg travel time:1242.8712565412018
step:3600/3600, q_loss:0.00010501670936427228, rewards:-258.584716796875, queue:15.827224731445312, delay:0.09279360622167587, throughput:9612
episode:142/250, real avg travel time:1265.9535338251055
step:3600/3600, q_loss:9.3520579828714e-05, rewards:-263.7455139160156, queue:16.148086547851562, delay:0.0926746055483818, throughput:9536
episode:143/250, real avg travel time:1275.2412206039971
step:3600/3600, q_loss:8.307043188122204e-05, rewards:-250.50303649902344, queue:15.331335067749023, delay:0.09238883852958679, throughput:9739
episode:144/250, real avg travel time:1251.0367568249164
step:3600/3600, q_loss:0.0001307434284194361, rewards:-267.0908203125, queue:16.351078033447266, delay:0.0923503190279007, throughput:9747
episode:145/250, real avg travel time:1270.5695101191602
Test step:145/250, travel time :1334.3786646491394, rewards:-290.46826171875, queue:17.792970657348633, delay:0.09568655490875244, throughput:9187
step:3600/3600, q_loss:0.00010736569144941269, rewards:-259.5188903808594, queue:15.884438514709473, delay:0.09395463019609451, throughput:9627
episode:146/250, real avg travel time:1278.6441586280814
step:3600/3600, q_loss:9.70684963294282e-05, rewards:-258.9101867675781, queue:15.847916603088379, delay:0.09185925126075745, throughput:9578
episode:147/250, real avg travel time:1271.055545047601
step:3600/3600, q_loss:0.00012224334576684567, rewards:-253.30052185058594, queue:15.50094985961914, delay:0.09108301252126694, throughput:9569
episode:148/250, real avg travel time:1262.7945905050124
step:3600/3600, q_loss:0.00013577351544230578, rewards:-256.6692810058594, queue:15.709962844848633, delay:0.09082243591547012, throughput:9563
episode:149/250, real avg travel time:1264.8203770254083
step:3600/3600, q_loss:0.00012725147585396048, rewards:-247.75990295410156, queue:15.162428855895996, delay:0.092973992228508, throughput:9625
episode:150/250, real avg travel time:1257.5164869806445
Test step:150/250, travel time :1359.2037072063551, rewards:-306.76025390625, queue:18.79322624206543, delay:0.09642304480075836, throughput:9070
step:3600/3600, q_loss:7.71660942664761e-05, rewards:-257.9457702636719, queue:15.791879653930664, delay:0.09206856042146683, throughput:9665
episode:151/250, real avg travel time:1262.7734064686967
step:3600/3600, q_loss:0.0001246006440739205, rewards:-250.86563110351562, queue:15.355611801147461, delay:0.09248872846364975, throughput:9674
episode:152/250, real avg travel time:1258.4488998171616
step:3600/3600, q_loss:0.0001026318479871182, rewards:-259.347900390625, queue:15.876190185546875, delay:0.09212659299373627, throughput:9689
episode:153/250, real avg travel time:1268.191475947292
step:3600/3600, q_loss:0.0001295781313487685, rewards:-255.7960968017578, queue:15.657156944274902, delay:0.09140437841415405, throughput:9498
episode:154/250, real avg travel time:1267.9162726183722
step:3600/3600, q_loss:9.928190016064126e-05, rewards:-253.91041564941406, queue:15.540122032165527, delay:0.09102369099855423, throughput:9626
episode:155/250, real avg travel time:1272.2687094130256
Test step:155/250, travel time :1338.8408044889982, rewards:-292.3890075683594, queue:17.913959503173828, delay:0.09317371249198914, throughput:9045
step:3600/3600, q_loss:8.373983209035761e-05, rewards:-246.8857879638672, queue:15.110302925109863, delay:0.09007389098405838, throughput:9641
episode:156/250, real avg travel time:1248.084294811172
step:3600/3600, q_loss:0.00011130510182637308, rewards:-248.2556915283203, queue:15.194062232971191, delay:0.08936406672000885, throughput:9580
episode:157/250, real avg travel time:1251.4823781602672
step:3600/3600, q_loss:9.52414187737798e-05, rewards:-237.4027557373047, queue:14.526885032653809, delay:0.08920291066169739, throughput:9683
episode:158/250, real avg travel time:1234.3291091356157
step:3600/3600, q_loss:0.00012119907388509607, rewards:-246.2206573486328, queue:15.068424224853516, delay:0.08924482762813568, throughput:9764
episode:159/250, real avg travel time:1243.7757392346007
step:3600/3600, q_loss:8.987426507375837e-05, rewards:-248.67054748535156, queue:15.220450401306152, delay:0.09076035767793655, throughput:9649
episode:160/250, real avg travel time:1262.101822079314
Test step:160/250, travel time :1310.5656011600781, rewards:-279.584228515625, queue:17.124759674072266, delay:0.09435872733592987, throughput:9356
New best TEST travel time 1310.5656 at episode 160, saved as best checkpoint
step:3600/3600, q_loss:0.0001422778492718705, rewards:-253.87254333496094, queue:15.537812232971191, delay:0.09147116541862488, throughput:9566
episode:161/250, real avg travel time:1259.6878507029821
step:3600/3600, q_loss:0.00011148395485325177, rewards:-245.45948791503906, queue:15.019614219665527, delay:0.09089384227991104, throughput:9547
episode:162/250, real avg travel time:1259.3533825105606
step:3600/3600, q_loss:9.367823651790573e-05, rewards:-246.26779174804688, queue:15.069713592529297, delay:0.0902722030878067, throughput:9754
episode:163/250, real avg travel time:1250.4808650148161
step:3600/3600, q_loss:0.0001152381437462697, rewards:-245.83358764648438, queue:15.044288635253906, delay:0.09161411225795746, throughput:9858
episode:164/250, real avg travel time:1243.323434840174
step:3600/3600, q_loss:0.00011965278074372398, rewards:-258.63116455078125, queue:15.831037521362305, delay:0.09139195084571838, throughput:9836
episode:165/250, real avg travel time:1263.5083538238446
Test step:165/250, travel time :1331.1839732677638, rewards:-288.60101318359375, queue:17.681617736816406, delay:0.09507713466882706, throughput:9236
step:3600/3600, q_loss:0.00011719569963055236, rewards:-245.37310791015625, queue:15.01689338684082, delay:0.09059084206819534, throughput:9734
episode:166/250, real avg travel time:1241.8712565412018
step:3600/3600, q_loss:0.00011039453689411374, rewards:-253.64366149902344, queue:15.524149894714355, delay:0.09010370820760727, throughput:9595
episode:167/250, real avg travel time:1263.8582056616858
step:3600/3600, q_loss:9.068873041542246e-05, rewards:-254.80313110351562, queue:15.595309257507324, delay:0.08940694481134415, throughput:9534
episode:168/250, real avg travel time:1264.1856755563963
step:3600/3600, q_loss:0.00015859239291684288, rewards:-261.8232421875, queue:16.027082443237305, delay:0.09054219722747803, throughput:9652
episode:169/250, real avg travel time:1284.8515226026102
step:3600/3600, q_loss:0.00010466638301789509, rewards:-256.7386169433594, queue:15.715036392211914, delay:0.09045683592557907, throughput:9783
episode:170/250, real avg travel time:1260.9416178046781
Test step:170/250, travel time :1288.3593089969106, rewards:-274.99261474609375, queue:16.84408950805664, delay:0.09616938978433609, throughput:9621
New best TEST travel time 1288.3593 at episode 170, saved as best checkpoint
step:3600/3600, q_loss:9.772731429598306e-05, rewards:-265.7330627441406, queue:16.26957130432129, delay:0.09128362685441971, throughput:9510
episode:171/250, real avg travel time:1276.8583317571401
step:3600/3600, q_loss:0.00017520947779606406, rewards:-273.3945617675781, queue:16.738691329956055, delay:0.09071462601423264, throughput:9473
episode:172/250, real avg travel time:1302.3821322741314
step:3600/3600, q_loss:0.00019135802605528568, rewards:-271.5910949707031, queue:16.628217697143555, delay:0.09109657257795334, throughput:9323
episode:173/250, real avg travel time:1294.024840804489
step:3600/3600, q_loss:0.0001480730513130878, rewards:-265.8626708984375, queue:16.276460647583008, delay:0.09230712056159973, throughput:9397
episode:174/250, real avg travel time:1282.5615030578147
step:3600/3600, q_loss:0.00024372770035650904, rewards:-247.11209106445312, queue:15.123766899108887, delay:0.08864171802997589, throughput:9398
episode:175/250, real avg travel time:1250.9013303070424
Test step:175/250, travel time :1321.4128365172435, rewards:-287.0111999511719, queue:17.58283805847168, delay:0.09368956834077835, throughput:9186
step:3600/3600, q_loss:0.0001003610693136759, rewards:-256.94085693359375, queue:15.725467681884766, delay:0.09019885212182999, throughput:9275
episode:176/250, real avg travel time:1278.983418447765
step:3600/3600, q_loss:0.00023790428348109818, rewards:-279.3941650390625, queue:17.1049747467041, delay:0.09247618168592453, throughput:9087
episode:177/250, real avg travel time:1313.0889603429796
step:3600/3600, q_loss:0.00015896638581546505, rewards:-250.93917846679688, queue:15.354506492614746, delay:0.09026270359754562, throughput:9248
episode:178/250, real avg travel time:1267.3100056742956
step:3600/3600, q_loss:0.0001254390028878805, rewards:-257.8795166015625, queue:15.77959156036377, delay:0.09056692570447922, throughput:9300
episode:179/250, real avg travel time:1272.9120484206544
step:3600/3600, q_loss:0.00011026630924373613, rewards:-269.0077819824219, queue:16.463987350463867, delay:0.09139689058065414, throughput:9239
episode:180/250, real avg travel time:1304.9368261774164
Test step:180/250, travel time :1279.5720950759726, rewards:-261.04248046875, queue:15.984453201293945, delay:0.09058364480733871, throughput:9287
New best TEST travel time 1279.5721 at episode 180, saved as best checkpoint
step:3600/3600, q_loss:8.449776201971727e-05, rewards:-263.83099365234375, queue:16.14756202697754, delay:0.09073081612586975, throughput:9404
episode:181/250, real avg travel time:1292.875354643465
step:3600/3600, q_loss:0.00013035354278133723, rewards:-259.0469970703125, queue:15.853344917297363, delay:0.090288907289505, throughput:9318
episode:182/250, real avg travel time:1285.9445810478533
step:3600/3600, q_loss:0.00019137340283055824, rewards:-269.1358947753906, queue:16.474037170410156, delay:0.08920334279537201, throughput:9058
episode:183/250, real avg travel time:1296.952272870563
step:3600/3600, q_loss:9.579344695350614e-05, rewards:-263.5622863769531, queue:16.132949829101562, delay:0.09143560379743576, throughput:9259
episode:184/250, real avg travel time:1294.802660614085
step:3600/3600, q_loss:0.00011886363063240424, rewards:-247.17774963378906, queue:15.122137069702148, delay:0.08913924545049667, throughput:9483
episode:185/250, real avg travel time:1250.1069289452116
Test step:185/250, travel time :1295.3946157241032, rewards:-265.2357482910156, queue:16.24338150024414, delay:0.09242571145296097, throughput:9110
step:3600/3600, q_loss:0.00012784013168938045, rewards:-248.99969482421875, queue:15.234651565551758, delay:0.08970867842435837, throughput:9430
episode:186/250, real avg travel time:1259.1024525565854
step:3600/3600, q_loss:0.00013868339804581792, rewards:-254.4709014892578, queue:15.57253360748291, delay:0.09065406769514084, throughput:9419
episode:187/250, real avg travel time:1258.7704432255218
step:3600/3600, q_loss:0.00011587250502751336, rewards:-241.62570190429688, queue:14.781434059143066, delay:0.09071879088878632, throughput:9493
episode:188/250, real avg travel time:1244.15396254965
step:3600/3600, q_loss:0.00012899106844503684, rewards:-245.97177124023438, queue:15.049064636230469, delay:0.0891919881105423, throughput:9601
episode:189/250, real avg travel time:1245.3328289515164
step:3600/3600, q_loss:0.00012239223909506826, rewards:-250.89459228515625, queue:15.352140426635742, delay:0.0907444953918457, throughput:9510
episode:190/250, real avg travel time:1249.9194250047285
Test step:190/250, travel time :1367.145640249669, rewards:-305.06976318359375, queue:18.689455032348633, delay:0.09580501168966293, throughput:8875
step:3600/3600, q_loss:0.00011626768149047469, rewards:-248.18594360351562, queue:15.18883228302002, delay:0.09071582555770874, throughput:9485
episode:191/250, real avg travel time:1259.1510623542022
step:3600/3600, q_loss:0.00015440280344423458, rewards:-241.6746063232422, queue:14.787996292114258, delay:0.08861123770475388, throughput:9546
episode:192/250, real avg travel time:1246.2141731290587
step:3600/3600, q_loss:0.00011795522585111658, rewards:-245.13771057128906, queue:14.999560356140137, delay:0.08859792351722717, throughput:9407
episode:193/250, real avg travel time:1259.2825799129942
step:3600/3600, q_loss:8.565364689364984e-05, rewards:-254.10443115234375, queue:15.554691314697266, delay:0.09062439203262329, throughput:9546
episode:194/250, real avg travel time:1264.8326082844712
step:3600/3600, q_loss:0.00012133259559409509, rewards:-250.53433227539062, queue:15.335204124450684, delay:0.08907537162303925, throughput:9354
episode:195/250, real avg travel time:1269.3844650400354
Test step:195/250, travel time :1360.2680789357544, rewards:-296.9230651855469, queue:18.192787170410156, delay:0.09549117833375931, throughput:8789
step:3600/3600, q_loss:0.00018711991261052726, rewards:-258.1037902832031, queue:15.799886703491211, delay:0.09001874178647995, throughput:9232
episode:196/250, real avg travel time:1293.3144190151945
step:3600/3600, q_loss:0.0001594567775617089, rewards:-256.4484558105469, queue:15.698030471801758, delay:0.09034577757120132, throughput:9696
episode:197/250, real avg travel time:1268.0641825862178
step:3600/3600, q_loss:8.188012804488226e-05, rewards:-244.73904418945312, queue:14.977153778076172, delay:0.08925514668226242, throughput:9630
episode:198/250, real avg travel time:1240.8526574616985
step:3600/3600, q_loss:0.00010445305476120363, rewards:-254.1769561767578, queue:15.5581636428833, delay:0.08934373408555984, throughput:9533
episode:199/250, real avg travel time:1265.3222999810857
step:3600/3600, q_loss:0.00017466823342989233, rewards:-268.020263671875, queue:16.41004753112793, delay:0.09082647413015366, throughput:9360
episode:200/250, real avg travel time:1292.0269844272113
Test step:200/250, travel time :1362.1934934745602, rewards:-310.7712707519531, queue:19.04339599609375, delay:0.09803422540426254, throughput:8873
step:3600/3600, q_loss:0.00017257197052211626, rewards:-263.7149658203125, queue:16.145252227783203, delay:0.08997049927711487, throughput:9387
episode:201/250, real avg travel time:1280.052140470336
step:3600/3600, q_loss:0.00012341144638075666, rewards:-261.68951416015625, queue:16.01909065246582, delay:0.09020230919122696, throughput:9379
episode:202/250, real avg travel time:1277.9568753546434
step:3600/3600, q_loss:0.0001804119969659232, rewards:-263.47735595703125, queue:16.129337310791016, delay:0.09114991128444672, throughput:9631
episode:203/250, real avg travel time:1273.7938969800139
step:3600/3600, q_loss:0.00010928838581341193, rewards:-254.97225952148438, queue:15.606902122497559, delay:0.08941837400197983, throughput:9550
episode:204/250, real avg travel time:1266.762877498266
step:3600/3600, q_loss:9.383066468599058e-05, rewards:-250.31533813476562, queue:15.321287155151367, delay:0.08858826011419296, throughput:9485
episode:205/250, real avg travel time:1265.1585650337306
Test step:205/250, travel time :1250.6062669440767, rewards:-248.55642700195312, queue:15.213789939880371, delay:0.09098061919212341, throughput:9629
New best TEST travel time 1250.6063 at episode 205, saved as best checkpoint
step:3600/3600, q_loss:0.0001020164344313175, rewards:-243.3497772216797, queue:14.893806457519531, delay:0.08716703206300735, throughput:9552
episode:206/250, real avg travel time:1248.5887396759347
step:3600/3600, q_loss:6.230191367514501e-05, rewards:-251.57083129882812, queue:15.397675514221191, delay:0.08773700147867203, throughput:9419
episode:207/250, real avg travel time:1265.5442910283084
step:3600/3600, q_loss:7.446454297161926e-05, rewards:-247.6888427734375, queue:15.159112930297852, delay:0.08736614882946014, throughput:9590
episode:208/250, real avg travel time:1247.4563394489628
step:3600/3600, q_loss:0.0001289677185137227, rewards:-245.8848114013672, queue:15.049574851989746, delay:0.08573582023382187, throughput:9427
episode:209/250, real avg travel time:1249.4703990921128
step:3600/3600, q_loss:0.00014333193081525947, rewards:-261.23284912109375, queue:15.991127967834473, delay:0.08936069160699844, throughput:9513
episode:210/250, real avg travel time:1283.7171678960974
Test step:210/250, travel time :1277.20887711998, rewards:-265.8912048339844, queue:16.283079147338867, delay:0.09297104179859161, throughput:9383
step:3600/3600, q_loss:4.7339975203669136e-05, rewards:-242.9636993408203, queue:14.86680793762207, delay:0.08871592581272125, throughput:9547
episode:211/250, real avg travel time:1239.6924531870627
step:3600/3600, q_loss:9.925904088038491e-05, rewards:-255.92628479003906, queue:15.665448188781738, delay:0.08996472507715225, throughput:9424
episode:212/250, real avg travel time:1274.852909652607
step:3600/3600, q_loss:0.00011719637861213773, rewards:-251.4148712158203, queue:15.387103080749512, delay:0.08695154637098312, throughput:9328
episode:213/250, real avg travel time:1262.7108631233843
step:3600/3600, q_loss:0.00012320090770824915, rewards:-255.99485778808594, queue:15.668891906738281, delay:0.0881756991147995, throughput:9327
episode:214/250, real avg travel time:1285.3134102515605
step:3600/3600, q_loss:0.00012999383134790408, rewards:-250.6781463623047, queue:15.338889122009277, delay:0.08819960057735443, throughput:9413
episode:215/250, real avg travel time:1270.9375197024146
Test step:215/250, travel time :1321.8941428661497, rewards:-282.26898193359375, queue:17.288166046142578, delay:0.09456124156713486, throughput:9361
step:3600/3600, q_loss:0.00017822931657536647, rewards:-265.9800720214844, queue:16.285146713256836, delay:0.08853358030319214, throughput:9103
episode:216/250, real avg travel time:1297.9675304205284
step:3600/3600, q_loss:0.00013586568535107224, rewards:-250.99888610839844, queue:15.361620903015137, delay:0.08836433291435242, throughput:9285
episode:217/250, real avg travel time:1273.37513397642
step:3600/3600, q_loss:7.707540365870191e-05, rewards:-250.67877197265625, queue:15.341694831848145, delay:0.08677728474140167, throughput:9343
episode:218/250, real avg travel time:1273.412521278608
step:3600/3600, q_loss:7.472008728655055e-05, rewards:-241.51779174804688, queue:14.779095649719238, delay:0.0855124443769455, throughput:9467
episode:219/250, real avg travel time:1247.5346447260576
step:3600/3600, q_loss:0.0001053320721473062, rewards:-245.950927734375, queue:15.050212860107422, delay:0.08683297038078308, throughput:9403
episode:220/250, real avg travel time:1273.2077422608916
Test step:220/250, travel time :1255.9887775045709, rewards:-245.20118713378906, queue:15.006930351257324, delay:0.08770965039730072, throughput:9345
step:3600/3600, q_loss:0.00012000886330677105, rewards:-233.27040100097656, queue:14.269983291625977, delay:0.08617059886455536, throughput:9338
episode:221/250, real avg travel time:1237.7911859277474
step:3600/3600, q_loss:9.820268745965289e-05, rewards:-241.40924072265625, queue:14.772647857666016, delay:0.08558609336614609, throughput:9406
episode:222/250, real avg travel time:1251.3091860538427
step:3600/3600, q_loss:5.2298334399152e-05, rewards:-235.01239013671875, queue:14.377480506896973, delay:0.08637436479330063, throughput:9406
episode:223/250, real avg travel time:1245.2100119790682
step:3600/3600, q_loss:0.00011060199753113988, rewards:-233.3080291748047, queue:14.270946502685547, delay:0.08613266795873642, throughput:9367
episode:224/250, real avg travel time:1234.1944391904672
step:3600/3600, q_loss:8.125165364213495e-05, rewards:-240.1793670654297, queue:14.69744873046875, delay:0.08814096450805664, throughput:9296
episode:225/250, real avg travel time:1249.6103019986128
Test step:225/250, travel time :1214.7445306096715, rewards:-224.11410522460938, queue:13.713095664978027, delay:0.0851341113448143, throughput:9444
New best TEST travel time 1214.7445 at episode 225, saved as best checkpoint
step:3600/3600, q_loss:3.653874476713324e-05, rewards:-236.55416870117188, queue:14.473356246948242, delay:0.08729352056980133, throughput:9484
episode:226/250, real avg travel time:1241.817729020869
step:3600/3600, q_loss:0.00010609284792825535, rewards:-238.99835205078125, queue:14.620280265808105, delay:0.08833047747612, throughput:9447
episode:227/250, real avg travel time:1246.3028812811299
step:3600/3600, q_loss:4.34942870655235e-05, rewards:-233.6652374267578, queue:14.298356056213379, delay:0.08641770482063293, throughput:9431
episode:228/250, real avg travel time:1224.6553811235106
step:3600/3600, q_loss:9.51742957292964e-05, rewards:-242.650390625, queue:14.850339889526367, delay:0.08827763795852661, throughput:9528
episode:229/250, real avg travel time:1250.1366244246894
step:3600/3600, q_loss:6.898592995482577e-05, rewards:-232.89442443847656, queue:14.249022483825684, delay:0.08621474355459213, throughput:9566
episode:230/250, real avg travel time:1226.2953786016014
Test step:230/250, travel time :1276.6555072189647, rewards:-267.6343688964844, queue:16.38981056213379, delay:0.091872937977314, throughput:9592
step:3600/3600, q_loss:0.00015584722863378026, rewards:-254.29188537597656, queue:15.568253517150879, delay:0.08873482048511505, throughput:9410
episode:231/250, real avg travel time:1267.3806191286803
step:3600/3600, q_loss:6.134249974203147e-05, rewards:-233.31996154785156, queue:14.27413558959961, delay:0.08731556683778763, throughput:9507
episode:232/250, real avg travel time:1229.9571275455519
step:3600/3600, q_loss:7.380852736259615e-05, rewards:-233.97703552246094, queue:14.315518379211426, delay:0.08655399829149246, throughput:9375
episode:233/250, real avg travel time:1239.10081331568
step:3600/3600, q_loss:0.00013032079637294959, rewards:-239.10874938964844, queue:14.630002975463867, delay:0.0896352082490921, throughput:9642
episode:234/250, real avg travel time:1247.5262593783493
step:3600/3600, q_loss:6.522780525380239e-05, rewards:-237.5228729248047, queue:14.533234596252441, delay:0.08765431493520737, throughput:9446
episode:235/250, real avg travel time:1240.3573545173697
Test step:235/250, travel time :1268.4618876489503, rewards:-267.2392272949219, queue:16.36550521850586, delay:0.09190742671489716, throughput:9667
step:3600/3600, q_loss:6.750174302228346e-05, rewards:-243.54615783691406, queue:14.904265403747559, delay:0.0887656956911087, throughput:9415
episode:236/250, real avg travel time:1249.0027740999938
step:3600/3600, q_loss:0.00011261193218991666, rewards:-242.14048767089844, queue:14.818182945251465, delay:0.08717069029808044, throughput:9477
episode:237/250, real avg travel time:1239.2016266313599
step:3600/3600, q_loss:6.830514474041806e-05, rewards:-236.74208068847656, queue:14.485713958740234, delay:0.08920551091432571, throughput:9511
episode:238/250, real avg travel time:1240.8191160708657
step:3600/3600, q_loss:5.764702058693302e-05, rewards:-223.3628692626953, queue:13.659722328186035, delay:0.08713072538375854, throughput:9472
episode:239/250, real avg travel time:1213.328730849253
step:3600/3600, q_loss:0.0001648099922875437, rewards:-232.77842712402344, queue:14.240972518920898, delay:0.08609915524721146, throughput:9550
episode:240/250, real avg travel time:1228.102326461131
Test step:240/250, travel time :1211.5427148351303, rewards:-222.7695770263672, queue:13.628231048583984, delay:0.08863816410303116, throughput:9287
New best TEST travel time 1211.5427 at episode 240, saved as best checkpoint
step:3600/3600, q_loss:8.199580096751795e-05, rewards:-223.0802764892578, queue:13.642091751098633, delay:0.08666841685771942, throughput:9709
episode:241/250, real avg travel time:1207.4149170922387
step:3600/3600, q_loss:9.191961827677858e-05, rewards:-228.81739807128906, queue:13.995918273925781, delay:0.08615300059318542, throughput:9447
episode:242/250, real avg travel time:1221.926045016077
step:3600/3600, q_loss:6.229209758191841e-05, rewards:-230.75430297851562, queue:14.115900993347168, delay:0.08733031153678894, throughput:9401
episode:243/250, real avg travel time:1232.2134796040602
step:3600/3600, q_loss:7.272433787066903e-05, rewards:-225.41253662109375, queue:13.788761138916016, delay:0.0859530046582222, throughput:9348
episode:244/250, real avg travel time:1223.056427715781
step:3600/3600, q_loss:7.849322298877977e-05, rewards:-231.26576232910156, queue:14.1482572555542, delay:0.08675067126750946, throughput:9523
episode:245/250, real avg travel time:1225.9616039341781
Test step:245/250, travel time :1211.9841119727635, rewards:-232.5814208984375, queue:14.23364543914795, delay:0.08710535615682602, throughput:9731
step:3600/3600, q_loss:9.760442380304737e-05, rewards:-240.78634643554688, queue:14.734112739562988, delay:0.08688107877969742, throughput:9534
episode:246/250, real avg travel time:1239.746232898304
step:3600/3600, q_loss:7.211577169163107e-05, rewards:-242.2338104248047, queue:14.824361801147461, delay:0.0878015011548996, throughput:9518
episode:247/250, real avg travel time:1246.9286299728894
step:3600/3600, q_loss:0.00010907084100454309, rewards:-239.42044067382812, queue:14.649065017700195, delay:0.08797193318605423, throughput:9559
episode:248/250, real avg travel time:1240.2904608788854
step:3600/3600, q_loss:0.0001107394717918295, rewards:-228.78541564941406, queue:13.99525260925293, delay:0.08649551123380661, throughput:9460
episode:249/250, real avg travel time:1222.6599205598638
Hyperparameters saved to: data/output_data/tsc/cityflow_hyperlight_mappo/cityflow7x28/c8_7x28_seed2/hyperparameters.json
Loaded best checkpoint for final evaluation
Final Travel Time is 1211.5427, mean rewards: -222.7696, queue: 13.6282, delay: 0.0886, throughput: 9287
Total time taken: 151469.50762224197
