structural conditioning spec: structural_v1:in_lane_count,out_lane_count
structural features (min/mean/max): in_lane_count[4/7.43/14] out_lane_count[3/5.10/8]
step:3600/3600, q_loss:0.000393066103828864, rewards:-12.974650382995605, queue:4.093650817871094, delay:0.2190139889717102, throughput:3842
episode:0/250, real avg travel time:335.93440916189485
Test step:0/250, travel time :597.7213836477987, rewards:-39.90880584716797, queue:11.676719665527344, delay:0.36350759863853455, throughput:1590
New best TEST travel time 597.7214 at episode 0, saved as best checkpoint
step:3600/3600, q_loss:0.0001894563151937392, rewards:-10.598443984985352, queue:3.3244709968566895, delay:0.2095125913619995, throughput:3978
episode:1/250, real avg travel time:300.50879839115134
step:3600/3600, q_loss:0.000253204762056056, rewards:-10.502276420593262, queue:3.26031756401062, delay:0.1987312138080597, throughput:3988
episode:2/250, real avg travel time:284.8262286860582
step:3600/3600, q_loss:0.00019833843818762236, rewards:-10.02302360534668, queue:3.261375665664673, delay:0.19197167456150055, throughput:3949
episode:3/250, real avg travel time:300.1651050898962
step:3600/3600, q_loss:0.00012515474049400332, rewards:-9.360956192016602, queue:3.0551586151123047, delay:0.19365333020687103, throughput:3959
episode:4/250, real avg travel time:283.3180095983834
step:3600/3600, q_loss:9.450120754384746e-05, rewards:-8.482799530029297, queue:2.73968243598938, delay:0.18687504529953003, throughput:3927
episode:5/250, real avg travel time:271.454290807232
Test step:5/250, travel time :597.7213836477987, rewards:-39.90880584716797, queue:11.676719665527344, delay:0.36350759863853455, throughput:1590
step:3600/3600, q_loss:8.78138199267495e-05, rewards:-8.034832954406738, queue:2.6376984119415283, delay:0.1834481656551361, throughput:3928
episode:6/250, real avg travel time:281.5598268839104
step:3600/3600, q_loss:0.00022065408282085427, rewards:-8.589072227478027, queue:2.678439140319824, delay:0.17889554798603058, throughput:3961
episode:7/250, real avg travel time:280.5642514516536
step:3600/3600, q_loss:8.12788309607034e-05, rewards:-8.127585411071777, queue:2.7308201789855957, delay:0.18045251071453094, throughput:3963
episode:8/250, real avg travel time:269.1556901337371
step:3600/3600, q_loss:3.723532346258354e-05, rewards:-7.4375128746032715, queue:2.499603271484375, delay:0.17771463096141815, throughput:3986
episode:9/250, real avg travel time:260.12343201204214
step:3600/3600, q_loss:4.714520311810904e-05, rewards:-7.430240154266357, queue:2.465343952178955, delay:0.17868980765342712, throughput:4016
episode:10/250, real avg travel time:254.10956175298804
Test step:10/250, travel time :251.95962490231832, rewards:-8.014278411865234, queue:2.8736772537231445, delay:0.1718371957540512, throughput:3839
New best TEST travel time 251.9596 at episode 10, saved as best checkpoint
step:3600/3600, q_loss:2.4415018722518452e-05, rewards:-6.710715293884277, queue:2.23968243598938, delay:0.1702452450990677, throughput:3996
episode:11/250, real avg travel time:257.1288788788789
step:3600/3600, q_loss:1.9644710765634147e-05, rewards:-6.407409191131592, queue:2.206878423690796, delay:0.1675586998462677, throughput:3993
episode:12/250, real avg travel time:252.45103931880791
step:3600/3600, q_loss:3.308569592061556e-05, rewards:-6.803752422332764, queue:2.2924602031707764, delay:0.1722749024629593, throughput:4032
episode:13/250, real avg travel time:258.6512896825397
step:3600/3600, q_loss:3.153991727029077e-05, rewards:-6.068396091461182, queue:2.075132369995117, delay:0.16516265273094177, throughput:3994
episode:14/250, real avg travel time:244.61867801702553
step:3600/3600, q_loss:4.349548350243519e-05, rewards:-6.292392253875732, queue:2.1447091102600098, delay:0.16975294053554535, throughput:4041
episode:15/250, real avg travel time:238.10492452363277
Test step:15/250, travel time :251.95962490231832, rewards:-8.014278411865234, queue:2.8736772537231445, delay:0.1718371957540512, throughput:3839
step:3600/3600, q_loss:3.284481192369842e-05, rewards:-5.619740962982178, queue:1.9539682865142822, delay:0.15791915357112885, throughput:4030
episode:16/250, real avg travel time:240.95483870967743
step:3600/3600, q_loss:2.305277432444402e-05, rewards:-5.157464504241943, queue:1.8326719999313354, delay:0.1606265753507614, throughput:4022
episode:17/250, real avg travel time:230.51864743908504
step:3600/3600, q_loss:2.0307635390458422e-05, rewards:-5.063435077667236, queue:1.782936453819275, delay:0.16251544654369354, throughput:4053
episode:18/250, real avg travel time:229.42709104367137
step:3600/3600, q_loss:4.184677317324612e-05, rewards:-5.475845813751221, queue:1.9067460298538208, delay:0.1607925146818161, throughput:4057
episode:19/250, real avg travel time:233.7626324870594
step:3600/3600, q_loss:3.2485708167466025e-05, rewards:-5.450191020965576, queue:1.9530422687530518, delay:0.15859074890613556, throughput:4025
episode:20/250, real avg travel time:233.0695652173913
Test step:20/250, travel time :236.10137412496758, rewards:-8.064221382141113, queue:2.8576719760894775, delay:0.17632758617401123, throughput:3857
New best TEST travel time 236.1014 at episode 20, saved as best checkpoint
step:3600/3600, q_loss:7.821945982868783e-05, rewards:-5.79011344909668, queue:1.9201058149337769, delay:0.15784533321857452, throughput:4046
episode:21/250, real avg travel time:244.52224419179436
step:3600/3600, q_loss:2.977622409364105e-05, rewards:-5.186836242675781, queue:1.890211582183838, delay:0.1614590287208557, throughput:4030
episode:22/250, real avg travel time:236.58784119106699
step:3600/3600, q_loss:4.689920541649271e-05, rewards:-5.089081287384033, queue:1.7998677492141724, delay:0.15487219393253326, throughput:4056
episode:23/250, real avg travel time:232.1972386587771
step:3600/3600, q_loss:4.015361458489982e-05, rewards:-5.247845649719238, queue:1.886640191078186, delay:0.15947604179382324, throughput:4023
episode:24/250, real avg travel time:229.56599552572706
step:3600/3600, q_loss:6.203564617963921e-05, rewards:-5.499327182769775, queue:1.8449735641479492, delay:0.1588875949382782, throughput:4058
episode:25/250, real avg travel time:229.252587481518
Test step:25/250, travel time :238.23721881390594, rewards:-7.535280227661133, queue:2.7489418983459473, delay:0.16951477527618408, throughput:3912
step:3600/3600, q_loss:4.177315657014131e-05, rewards:-5.233781814575195, queue:1.7722222805023193, delay:0.15550537407398224, throughput:4057
episode:26/250, real avg travel time:227.42913482869116
step:3600/3600, q_loss:7.069134719333508e-05, rewards:-5.571182727813721, queue:1.9062169790267944, delay:0.1598820984363556, throughput:4023
episode:27/250, real avg travel time:238.1324881928909
step:3600/3600, q_loss:4.048541555271691e-05, rewards:-4.679596424102783, queue:1.7224867343902588, delay:0.15395116806030273, throughput:4047
episode:28/250, real avg travel time:219.27328885594267
step:3600/3600, q_loss:2.6528064174474112e-05, rewards:-4.661108493804932, queue:1.6980159282684326, delay:0.1530650109052658, throughput:4054
episode:29/250, real avg travel time:222.3396645288604
step:3600/3600, q_loss:2.4060554521080726e-05, rewards:-4.489131450653076, queue:1.6121692657470703, delay:0.1519288420677185, throughput:4041
episode:30/250, real avg travel time:221.20861172976987
Test step:30/250, travel time :235.89335708831763, rewards:-7.321114540100098, queue:2.61044979095459, delay:0.16130129992961884, throughput:3929
New best TEST travel time 235.8934 at episode 30, saved as best checkpoint
step:3600/3600, q_loss:2.127385313441563e-05, rewards:-4.57842493057251, queue:1.7034391164779663, delay:0.15269728004932404, throughput:4038
episode:31/250, real avg travel time:223.16047548291235
step:3600/3600, q_loss:1.3690002621539558e-05, rewards:-4.357607841491699, queue:1.6231482028961182, delay:0.1509251743555069, throughput:4056
episode:32/250, real avg travel time:218.15212031558187
step:3600/3600, q_loss:0.00013697255490114913, rewards:-5.275663375854492, queue:1.8240740299224854, delay:0.1543722152709961, throughput:4060
episode:33/250, real avg travel time:230.62783251231528
step:3600/3600, q_loss:1.345456993375491e-05, rewards:-4.290266036987305, queue:1.552380919456482, delay:0.1511005163192749, throughput:4058
episode:34/250, real avg travel time:218.8782651552489
step:3600/3600, q_loss:2.911178356346985e-05, rewards:-4.2908501625061035, queue:1.5550264120101929, delay:0.14742246270179749, throughput:4054
episode:35/250, real avg travel time:217.40256536753824
Test step:35/250, travel time :230.1992583436341, rewards:-5.425517559051514, queue:2.054497241973877, delay:0.1561441719532013, throughput:4045
New best TEST travel time 230.1993 at episode 35, saved as best checkpoint
step:3600/3600, q_loss:2.0207915966036832e-05, rewards:-4.15355110168457, queue:1.5621693134307861, delay:0.14946472644805908, throughput:4053
episode:36/250, real avg travel time:217.9319022945966
step:3600/3600, q_loss:2.9746601244874505e-05, rewards:-4.242753982543945, queue:1.5543650388717651, delay:0.14709506928920746, throughput:4055
episode:37/250, real avg travel time:214.44044389642417
step:3600/3600, q_loss:7.754813284716672e-06, rewards:-3.7583858966827393, queue:1.4293650388717651, delay:0.14257465302944183, throughput:4060
episode:38/250, real avg travel time:211.4475369458128
step:3600/3600, q_loss:1.2399921494458492e-05, rewards:-4.154685974121094, queue:1.558465600013733, delay:0.14895950257778168, throughput:4068
episode:39/250, real avg travel time:216.07128810226155
step:3600/3600, q_loss:1.3559116147613774e-05, rewards:-4.056193828582764, queue:1.5574073791503906, delay:0.14954671263694763, throughput:4046
episode:40/250, real avg travel time:214.61270390509145
Test step:40/250, travel time :281.1217070600632, rewards:-7.078120231628418, queue:2.2158730030059814, delay:0.1767011433839798, throughput:3796
step:3600/3600, q_loss:1.206755639739438e-05, rewards:-4.21781063079834, queue:1.5828042030334473, delay:0.14967039227485657, throughput:4062
episode:41/250, real avg travel time:217.0354505169867
step:3600/3600, q_loss:1.5328342528341133e-05, rewards:-4.242741584777832, queue:1.5829365253448486, delay:0.15145039558410645, throughput:4057
episode:42/250, real avg travel time:216.00295785062855
step:3600/3600, q_loss:1.2538965448685404e-05, rewards:-3.9461629390716553, queue:1.483068823814392, delay:0.1456989049911499, throughput:4059
episode:43/250, real avg travel time:212.64252278886426
step:3600/3600, q_loss:1.8885976088414383e-05, rewards:-4.007381916046143, queue:1.4977513551712036, delay:0.1493014246225357, throughput:4057
episode:44/250, real avg travel time:214.82425437515406
step:3600/3600, q_loss:2.327330892310581e-05, rewards:-4.210871696472168, queue:1.5603175163269043, delay:0.14979417622089386, throughput:4051
episode:45/250, real avg travel time:220.45346827943717
Test step:45/250, travel time :231.5135814889336, rewards:-5.923608303070068, queue:1.9727513790130615, delay:0.16378527879714966, throughput:3976
step:3600/3600, q_loss:9.105858771363273e-06, rewards:-3.9279608726501465, queue:1.4833333492279053, delay:0.1463838815689087, throughput:4051
episode:46/250, real avg travel time:213.1382374722291
step:3600/3600, q_loss:6.29733517093377e-06, rewards:-3.8206536769866943, queue:1.448544979095459, delay:0.14817990362644196, throughput:4051
episode:47/250, real avg travel time:213.57121698346089
step:3600/3600, q_loss:2.8427594871674146e-06, rewards:-3.9807472229003906, queue:1.4875661134719849, delay:0.1507817953824997, throughput:4055
episode:48/250, real avg travel time:214.2162762022195
step:3600/3600, q_loss:6.935553715771271e-06, rewards:-3.9375882148742676, queue:1.470105767250061, delay:0.14907796680927277, throughput:4047
episode:49/250, real avg travel time:211.73659500864838
step:3600/3600, q_loss:-2.8004295826475654e-06, rewards:-3.4692654609680176, queue:1.3547619581222534, delay:0.14364542067050934, throughput:4059
episode:50/250, real avg travel time:210.8928307464893
Test step:50/250, travel time :270.1356425171867, rewards:-6.04484748840332, queue:1.8267195224761963, delay:0.15917374193668365, throughput:3782
step:3600/3600, q_loss:9.493207714209955e-06, rewards:-3.7546939849853516, queue:1.3906084299087524, delay:0.14593571424484253, throughput:4059
episode:51/250, real avg travel time:213.33924611973393
step:3600/3600, q_loss:2.1452460754921454e-05, rewards:-4.040048599243164, queue:1.5042327642440796, delay:0.15175117552280426, throughput:4066
episode:52/250, real avg travel time:216.08952287260206
step:3600/3600, q_loss:1.1728593785341622e-05, rewards:-3.6317050457000732, queue:1.3882274627685547, delay:0.1452445238828659, throughput:4056
episode:53/250, real avg travel time:213.99432938856015
step:3600/3600, q_loss:8.381866427953355e-06, rewards:-3.5574889183044434, queue:1.3686507940292358, delay:0.14361001551151276, throughput:4063
episode:54/250, real avg travel time:211.65739601279842
step:3600/3600, q_loss:6.9563127504402976e-06, rewards:-3.5780727863311768, queue:1.3813492059707642, delay:0.1426398605108261, throughput:4047
episode:55/250, real avg travel time:215.2876204595997
Test step:55/250, travel time :262.3923984272608, rewards:-3.8982815742492676, queue:1.4961639642715454, delay:0.14078959822654724, throughput:3815
step:3600/3600, q_loss:4.1555563156079085e-06, rewards:-3.40415096282959, queue:1.3359788656234741, delay:0.1413913071155548, throughput:4056
episode:56/250, real avg travel time:209.42357001972385
step:3600/3600, q_loss:8.053380507691245e-06, rewards:-3.5406806468963623, queue:1.350000023841858, delay:0.14005495607852936, throughput:4069
episode:57/250, real avg travel time:210.49324158269846
step:3600/3600, q_loss:0.00011526056478032843, rewards:-4.75832462310791, queue:1.6615079641342163, delay:0.15151359140872955, throughput:4066
episode:58/250, real avg travel time:224.2454500737826
step:3600/3600, q_loss:7.198182235394294e-06, rewards:-3.555424213409424, queue:1.3876984119415283, delay:0.1459941416978836, throughput:4054
episode:59/250, real avg travel time:209.22175629008387
step:3600/3600, q_loss:2.529427325094326e-06, rewards:-3.345902442932129, queue:1.307010531425476, delay:0.1407346874475479, throughput:4066
episode:60/250, real avg travel time:209.29463846532218
Test step:60/250, travel time :206.87605145967342, rewards:-5.397906303405762, queue:1.6538360118865967, delay:0.15234310925006866, throughput:4042
New best TEST travel time 206.8761 at episode 60, saved as best checkpoint
step:3600/3600, q_loss:1.650937330042426e-05, rewards:-3.4703972339630127, queue:1.3462963104248047, delay:0.14420421421527863, throughput:4054
episode:61/250, real avg travel time:206.68450912678836
step:3600/3600, q_loss:2.613782594885884e-05, rewards:-4.07891321182251, queue:1.5154762268066406, delay:0.14750786125659943, throughput:4066
episode:62/250, real avg travel time:226.21372356123956
step:3600/3600, q_loss:1.6652305768932112e-05, rewards:-3.8026790618896484, queue:1.467063546180725, delay:0.14638188481330872, throughput:4055
episode:63/250, real avg travel time:219.55314426633785
step:3600/3600, q_loss:1.103749649094728e-05, rewards:-3.33105731010437, queue:1.2865079641342163, delay:0.140865296125412, throughput:4072
episode:64/250, real avg travel time:208.55058939096267
step:3600/3600, q_loss:6.61059428643461e-05, rewards:-4.378722667694092, queue:1.5101852416992188, delay:0.145403191447258, throughput:4056
episode:65/250, real avg travel time:221.8491124260355
Test step:65/250, travel time :215.63223243109013, rewards:-4.461619853973389, queue:1.6291005611419678, delay:0.15820956230163574, throughput:4027
step:3600/3600, q_loss:5.401955099336596e-06, rewards:-3.394484519958496, queue:1.3216930627822876, delay:0.1411764770746231, throughput:4053
episode:66/250, real avg travel time:213.38835430545276
step:3600/3600, q_loss:6.46435441416947e-06, rewards:-3.4026079177856445, queue:1.330820083618164, delay:0.14175032079219818, throughput:4073
episode:67/250, real avg travel time:207.3849742204763
step:3600/3600, q_loss:3.581674375002169e-06, rewards:-3.4631402492523193, queue:1.3324073553085327, delay:0.14074461162090302, throughput:4061
episode:68/250, real avg travel time:207.24427480916032
step:3600/3600, q_loss:8.62617376292797e-06, rewards:-3.4173552989959717, queue:1.3623015880584717, delay:0.14318090677261353, throughput:4061
episode:69/250, real avg travel time:206.845850775671
step:3600/3600, q_loss:1.1821287545090956e-06, rewards:-3.4163544178009033, queue:1.332275152206421, delay:0.14109262824058533, throughput:4064
episode:70/250, real avg travel time:207.85826771653544
Test step:70/250, travel time :233.5364271457086, rewards:-6.541909217834473, queue:1.9838624000549316, delay:0.1689269095659256, throughput:4008
step:3600/3600, q_loss:1.746373099093843e-05, rewards:-3.7473013401031494, queue:1.4416667222976685, delay:0.14041496813297272, throughput:4059
episode:71/250, real avg travel time:208.55186006405518
step:3600/3600, q_loss:9.01543058312705e-06, rewards:-3.630662441253662, queue:1.3751323223114014, delay:0.14262865483760834, throughput:4053
episode:72/250, real avg travel time:216.24623735504565
step:3600/3600, q_loss:2.0287876193631542e-05, rewards:-3.476398468017578, queue:1.359920620918274, delay:0.1441846340894699, throughput:4059
episode:73/250, real avg travel time:216.12835673811284
step:3600/3600, q_loss:1.092500476968578e-06, rewards:-3.268416404724121, queue:1.2546296119689941, delay:0.13848678767681122, throughput:4056
episode:74/250, real avg travel time:206.76282051282053
step:3600/3600, q_loss:7.828951816514342e-06, rewards:-3.3921587467193604, queue:1.2919312715530396, delay:0.14152419567108154, throughput:4077
episode:75/250, real avg travel time:210.52882021093941
Test step:75/250, travel time :258.007763586276, rewards:-6.941946983337402, queue:2.122751235961914, delay:0.1659138947725296, throughput:3993
step:3600/3600, q_loss:8.565720377696885e-06, rewards:-2.914006471633911, queue:1.1724867820739746, delay:0.1344064474105835, throughput:4074
episode:76/250, real avg travel time:206.21256750122728
step:3600/3600, q_loss:2.9201175493653865e-06, rewards:-3.1703667640686035, queue:1.25515878200531, delay:0.1394963413476944, throughput:4066
episode:77/250, real avg travel time:206.9628627643876
step:3600/3600, q_loss:1.2575557573452696e-05, rewards:-3.1392109394073486, queue:1.237830638885498, delay:0.13573862612247467, throughput:4061
episode:78/250, real avg travel time:208.0970204383157
step:3600/3600, q_loss:7.999927927610568e-06, rewards:-3.213285207748413, queue:1.2388888597488403, delay:0.13850854337215424, throughput:4068
episode:79/250, real avg travel time:208.79228121927238
step:3600/3600, q_loss:2.7718910698442617e-05, rewards:-3.650862693786621, queue:1.3375661373138428, delay:0.1454007476568222, throughput:4064
episode:80/250, real avg travel time:216.09891732283464
Test step:80/250, travel time :296.79391714735186, rewards:-9.945826530456543, queue:2.894444465637207, delay:0.2011030614376068, throughput:3814
step:3600/3600, q_loss:8.078997347587978e-05, rewards:-4.800820350646973, queue:1.5117725133895874, delay:0.1490776240825653, throughput:4042
episode:81/250, real avg travel time:215.6296387926769
step:3600/3600, q_loss:1.5465212103057033e-05, rewards:-3.7382328510284424, queue:1.454100489616394, delay:0.14448563754558563, throughput:4061
episode:82/250, real avg travel time:219.0795370598375
step:3600/3600, q_loss:5.655177422643949e-06, rewards:-3.2565088272094727, queue:1.3015873432159424, delay:0.14210808277130127, throughput:4055
episode:83/250, real avg travel time:212.22860665844635
step:3600/3600, q_loss:0.000163139056854157, rewards:-4.884444713592529, queue:1.6428571939468384, delay:0.1503620743751526, throughput:4058
episode:84/250, real avg travel time:238.10128141941843
step:3600/3600, q_loss:6.474118142957902e-06, rewards:-3.460545539855957, queue:1.334259271621704, delay:0.14353953301906586, throughput:4043
episode:85/250, real avg travel time:211.71506307197626
Test step:85/250, travel time :245.4938240483993, rewards:-5.530528545379639, queue:1.8968254327774048, delay:0.17334233224391937, throughput:3967
step:3600/3600, q_loss:4.33942987001501e-06, rewards:-3.205950975418091, queue:1.2449735403060913, delay:0.13696807622909546, throughput:4060
episode:86/250, real avg travel time:211.74926108374385
step:3600/3600, q_loss:3.730123878792963e-06, rewards:-3.4804728031158447, queue:1.3388888835906982, delay:0.1446532905101776, throughput:4063
episode:87/250, real avg travel time:215.61309377307407
step:3600/3600, q_loss:9.346441543635188e-06, rewards:-3.413597583770752, queue:1.3167989253997803, delay:0.14349482953548431, throughput:4055
episode:88/250, real avg travel time:212.0276202219482
step:3600/3600, q_loss:4.73470253281347e-06, rewards:-3.2534453868865967, queue:1.2792328596115112, delay:0.13968251645565033, throughput:4050
episode:89/250, real avg travel time:208.34246913580247
step:3600/3600, q_loss:8.198378135501925e-06, rewards:-3.247143507003784, queue:1.250793695449829, delay:0.14040042459964752, throughput:4049
episode:90/250, real avg travel time:209.440849592492
Test step:90/250, travel time :282.00508776392775, rewards:-5.808223247528076, queue:1.952380895614624, delay:0.17745833098888397, throughput:3931
step:3600/3600, q_loss:8.145109475460937e-06, rewards:-3.3526082038879395, queue:1.2734127044677734, delay:0.1404702067375183, throughput:4062
episode:91/250, real avg travel time:209.82127031019203
step:3600/3600, q_loss:6.689666447022723e-06, rewards:-3.3267996311187744, queue:1.2875661849975586, delay:0.13854321837425232, throughput:4048
episode:92/250, real avg travel time:209.4048913043478
step:3600/3600, q_loss:3.5993438763802667e-07, rewards:-3.3316802978515625, queue:1.306746006011963, delay:0.14172904193401337, throughput:4063
episode:93/250, real avg travel time:211.1038641397982
step:3600/3600, q_loss:3.599769398634736e-06, rewards:-3.0279338359832764, queue:1.2260582447052002, delay:0.13927415013313293, throughput:4056
episode:94/250, real avg travel time:208.21597633136093
step:3600/3600, q_loss:8.499285387289193e-07, rewards:-3.0927274227142334, queue:1.24828040599823, delay:0.13873142004013062, throughput:4063
episode:95/250, real avg travel time:208.43022397243416
Test step:95/250, travel time :259.37858555885265, rewards:-4.133524417877197, queue:1.5324074029922485, delay:0.15173469483852386, throughput:4044
step:3600/3600, q_loss:1.1196280077759486e-05, rewards:-3.2868192195892334, queue:1.282936453819275, delay:0.13853766024112701, throughput:4049
episode:96/250, real avg travel time:209.49543097061002
step:3600/3600, q_loss:8.532899098807118e-07, rewards:-3.131329298019409, queue:1.217195749282837, delay:0.13512656092643738, throughput:4061
episode:97/250, real avg travel time:208.31962570795372
step:3600/3600, q_loss:2.3798672676396867e-06, rewards:-3.144548177719116, queue:1.2238094806671143, delay:0.13780035078525543, throughput:4063
episode:98/250, real avg travel time:207.22200344572977
step:3600/3600, q_loss:7.545187973947678e-06, rewards:-2.9319097995758057, queue:1.1899471282958984, delay:0.1328740119934082, throughput:4064
episode:99/250, real avg travel time:210.62081692913387
step:3600/3600, q_loss:3.392011421965435e-07, rewards:-3.1677355766296387, queue:1.2542327642440796, delay:0.13930700719356537, throughput:4065
episode:100/250, real avg travel time:212.86838868388685
Test step:100/250, travel time :248.53904092392668, rewards:-4.483017444610596, queue:1.5534391403198242, delay:0.1509246677160263, throughput:3983
step:3600/3600, q_loss:5.0480453218268746e-05, rewards:-4.037966728210449, queue:1.5158730745315552, delay:0.14677228033542633, throughput:3769
episode:101/250, real avg travel time:220.92703634916424
step:3600/3600, q_loss:1.7130386469135474e-06, rewards:-2.9906561374664307, queue:1.2112433910369873, delay:0.13591676950454712, throughput:4063
episode:102/250, real avg travel time:212.32906719173025
step:3600/3600, q_loss:4.635008978463399e-06, rewards:-3.246971607208252, queue:1.2702380418777466, delay:0.13962329924106598, throughput:4052
episode:103/250, real avg travel time:209.81490621915103
step:3600/3600, q_loss:7.471572300548562e-06, rewards:-3.015881299972534, queue:1.2329365015029907, delay:0.13629338145256042, throughput:4057
episode:104/250, real avg travel time:215.37145674143457
step:3600/3600, q_loss:0.0002423804162794517, rewards:-7.643158435821533, queue:3.03082013130188, delay:0.1629236936569214, throughput:3780
episode:105/250, real avg travel time:280.67116402116403
Test step:105/250, travel time :241.74844797616092, rewards:-3.4152157306671143, queue:1.3158730268478394, delay:0.14119112491607666, throughput:4027
step:3600/3600, q_loss:7.718902230004055e-06, rewards:-3.3571157455444336, queue:1.345105767250061, delay:0.13953253626823425, throughput:4043
episode:106/250, real avg travel time:230.30769230769232
step:3600/3600, q_loss:5.311587139860624e-06, rewards:-3.3109917640686035, queue:1.302380919456482, delay:0.14098569750785828, throughput:4059
episode:107/250, real avg travel time:226.34860803153487
step:3600/3600, q_loss:8.692558427962164e-06, rewards:-3.84945011138916, queue:1.4613757133483887, delay:0.15067073702812195, throughput:3985
episode:108/250, real avg travel time:242.63287327478042
step:3600/3600, q_loss:7.1164742419366825e-06, rewards:-3.264293670654297, queue:1.282010555267334, delay:0.13978905975818634, throughput:4038
episode:109/250, real avg travel time:227.6087171867261
step:3600/3600, q_loss:-1.0093349879348858e-07, rewards:-3.3056225776672363, queue:1.3056877851486206, delay:0.142931267619133, throughput:4055
episode:110/250, real avg travel time:228.74278668310728
Test step:110/250, travel time :372.4270032930845, rewards:-11.134081840515137, queue:3.1974868774414062, delay:0.19009383022785187, throughput:3644
step:3600/3600, q_loss:1.878969326046192e-06, rewards:-3.2400095462799072, queue:1.2977513074874878, delay:0.1433590203523636, throughput:4050
episode:111/250, real avg travel time:219.47975308641975
step:3600/3600, q_loss:2.2421471981538665e-05, rewards:-4.087479591369629, queue:1.4743386507034302, delay:0.1510944664478302, throughput:4051
episode:112/250, real avg travel time:260.39002715378916
step:3600/3600, q_loss:1.8985753801340858e-05, rewards:-3.2961862087249756, queue:1.2739417552947998, delay:0.13979780673980713, throughput:4061
episode:113/250, real avg travel time:217.44003939916277
step:3600/3600, q_loss:1.3382039186480041e-05, rewards:-3.088545322418213, queue:1.2268518209457397, delay:0.1339864432811737, throughput:4040
episode:114/250, real avg travel time:217.5967821782178
step:3600/3600, q_loss:1.646325161143775e-05, rewards:-3.6024675369262695, queue:1.3398147821426392, delay:0.14561766386032104, throughput:4034
episode:115/250, real avg travel time:227.0825483391175
Test step:115/250, travel time :281.3443890274314, rewards:-4.219006538391113, queue:1.4958994388580322, delay:0.1461147964000702, throughput:4010
step:3600/3600, q_loss:2.7893550981793345e-05, rewards:-3.476177215576172, queue:1.3343915939331055, delay:0.14185895025730133, throughput:4049
episode:116/250, real avg travel time:229.57322795752037
step:3600/3600, q_loss:2.8047650630469434e-05, rewards:-4.081295967102051, queue:1.491798996925354, delay:0.1465703547000885, throughput:3965
episode:117/250, real avg travel time:247.03076923076924
step:3600/3600, q_loss:4.757121092148332e-05, rewards:-4.197954177856445, queue:1.4776455163955688, delay:0.14471080899238586, throughput:3919
episode:118/250, real avg travel time:258.03189589180914
step:3600/3600, q_loss:2.769689833965256e-06, rewards:-3.063394784927368, queue:1.2326719760894775, delay:0.13740232586860657, throughput:4054
episode:119/250, real avg travel time:221.2520966946226
step:3600/3600, q_loss:2.6835780671616602e-06, rewards:-2.932501792907715, queue:1.196825385093689, delay:0.13431087136268616, throughput:4036
episode:120/250, real avg travel time:212.77452923686818
Test step:120/250, travel time :256.80774925962487, rewards:-4.00468635559082, queue:1.449338674545288, delay:0.138184055685997, throughput:4052
step:3600/3600, q_loss:1.3443341231322847e-05, rewards:-3.405576467514038, queue:1.2945767641067505, delay:0.13907046616077423, throughput:4053
episode:121/250, real avg travel time:224.47150259067357
step:3600/3600, q_loss:9.973070619808925e-06, rewards:-3.322751760482788, queue:1.2687830924987793, delay:0.13997095823287964, throughput:4066
episode:122/250, real avg travel time:222.13994097393015
step:3600/3600, q_loss:7.682474501456858e-06, rewards:-3.2182464599609375, queue:1.2588623762130737, delay:0.13802562654018402, throughput:4050
episode:123/250, real avg travel time:217.96123456790124
step:3600/3600, q_loss:2.057931107831084e-05, rewards:-3.5489487648010254, queue:1.338624358177185, delay:0.13838253915309906, throughput:4053
episode:124/250, real avg travel time:228.6474216629657
step:3600/3600, q_loss:1.0531255611567758e-05, rewards:-3.6538541316986084, queue:1.3802909851074219, delay:0.14448882639408112, throughput:4025
episode:125/250, real avg travel time:240.0904347826087
Test step:125/250, travel time :252.20119521912352, rewards:-5.319148540496826, queue:1.6030423641204834, delay:0.15025979280471802, throughput:4016
step:3600/3600, q_loss:1.0919995879198217e-05, rewards:-3.2037136554718018, queue:1.2518517971038818, delay:0.1370088756084442, throughput:4045
episode:126/250, real avg travel time:223.4875154511743
step:3600/3600, q_loss:1.899557977998888e-05, rewards:-3.6653571128845215, queue:1.359788417816162, delay:0.14127297699451447, throughput:4055
episode:127/250, real avg travel time:226.41085080147965
step:3600/3600, q_loss:1.3250479484365012e-05, rewards:-3.1852471828460693, queue:1.233068823814392, delay:0.13770635426044464, throughput:4057
episode:128/250, real avg travel time:216.640621148632
step:3600/3600, q_loss:1.2181333376146439e-05, rewards:-2.9903838634490967, queue:1.1835979223251343, delay:0.13423535227775574, throughput:4049
episode:129/250, real avg travel time:213.35761916522597
step:3600/3600, q_loss:8.615423947857278e-05, rewards:-4.684439659118652, queue:1.4474867582321167, delay:0.14393676817417145, throughput:4042
episode:130/250, real avg travel time:214.35774369124195
Test step:130/250, travel time :213.45459020428254, rewards:-3.041787624359131, queue:1.1772487163543701, delay:0.13421496748924255, throughput:4063
step:3600/3600, q_loss:1.2219215123978858e-05, rewards:-3.4502224922180176, queue:1.3178571462631226, delay:0.14086058735847473, throughput:4061
episode:131/250, real avg travel time:218.27702536321104
step:3600/3600, q_loss:8.032680925680324e-05, rewards:-4.371246814727783, queue:1.3611111640930176, delay:0.13938534259796143, throughput:4039
episode:132/250, real avg travel time:211.49220103986136
step:3600/3600, q_loss:1.339568067730094e-05, rewards:-3.166116714477539, queue:1.2268518209457397, delay:0.13472998142242432, throughput:4051
episode:133/250, real avg travel time:210.64551962478401
step:3600/3600, q_loss:8.687196613108325e-06, rewards:-3.2959954738616943, queue:1.2458994388580322, delay:0.13488005101680756, throughput:4057
episode:134/250, real avg travel time:213.0956371703229
step:3600/3600, q_loss:2.5201511016348376e-05, rewards:-3.49417781829834, queue:1.3186508417129517, delay:0.1385221630334854, throughput:4062
episode:135/250, real avg travel time:222.0763170851797
Test step:135/250, travel time :227.34216390195593, rewards:-3.367307186126709, queue:1.2564815282821655, delay:0.13599751889705658, throughput:4039
step:3600/3600, q_loss:5.030218110025291e-05, rewards:-3.680954694747925, queue:1.3027777671813965, delay:0.1373865157365799, throughput:4041
episode:136/250, real avg travel time:220.08067310071763
step:3600/3600, q_loss:8.928667981914866e-06, rewards:-3.075342893600464, queue:1.1948412656784058, delay:0.13223275542259216, throughput:4056
episode:137/250, real avg travel time:211.3464003944773
step:3600/3600, q_loss:1.5056659807063018e-05, rewards:-3.2583134174346924, queue:1.2097883224487305, delay:0.1367715448141098, throughput:4059
episode:138/250, real avg travel time:208.78024143877803
step:3600/3600, q_loss:8.751780789882307e-05, rewards:-4.036903381347656, queue:1.4239418506622314, delay:0.13974745571613312, throughput:4055
episode:139/250, real avg travel time:220.65622688039457
step:3600/3600, q_loss:9.698441297385013e-06, rewards:-2.9129936695098877, queue:1.1724867820739746, delay:0.13540495932102203, throughput:4061
episode:140/250, real avg travel time:210.91849298202413
Test step:140/250, travel time :244.11070201276388, rewards:-3.7395291328430176, queue:1.3001322746276855, delay:0.13640648126602173, throughput:4074
step:3600/3600, q_loss:7.81912098722791e-06, rewards:-2.8844363689422607, queue:1.1530423164367676, delay:0.13397666811943054, throughput:4069
episode:141/250, real avg travel time:208.64905382157778
step:3600/3600, q_loss:2.3973637548301162e-05, rewards:-3.1879045963287354, queue:1.2186508178710938, delay:0.13307271897792816, throughput:4063
episode:142/250, real avg travel time:216.5235047994093
step:3600/3600, q_loss:1.346352053385797e-05, rewards:-3.135852336883545, queue:1.217195749282837, delay:0.13604143261909485, throughput:4037
episode:143/250, real avg travel time:210.11741392122863
step:3600/3600, q_loss:5.2583510195189676e-06, rewards:-2.948809862136841, queue:1.1744709014892578, delay:0.13273225724697113, throughput:4062
episode:144/250, real avg travel time:213.0024618414574
step:3600/3600, q_loss:1.8300651613066698e-05, rewards:-3.529158592224121, queue:1.313624382019043, delay:0.14070482552051544, throughput:4045
episode:145/250, real avg travel time:241.48257107540172
Test step:145/250, travel time :252.71981155467395, rewards:-4.032349109649658, queue:1.4194444417953491, delay:0.13904982805252075, throughput:4033
step:3600/3600, q_loss:1.5336480444400674e-05, rewards:-3.2469749450683594, queue:1.25, delay:0.13667720556259155, throughput:4056
episode:146/250, real avg travel time:224.95882642998026
step:3600/3600, q_loss:8.27273009538961e-06, rewards:-3.092038869857788, queue:1.1925926208496094, delay:0.13768506050109863, throughput:4065
episode:147/250, real avg travel time:212.01377613776137
step:3600/3600, q_loss:6.255134697615479e-06, rewards:-2.8880534172058105, queue:1.1632275581359863, delay:0.12955313920974731, throughput:4054
episode:148/250, real avg travel time:214.26591021213616
step:3600/3600, q_loss:3.535412761266343e-05, rewards:-3.464160442352295, queue:1.3037036657333374, delay:0.13590507209300995, throughput:4053
episode:149/250, real avg travel time:219.65901801134962
step:3600/3600, q_loss:6.554535462378731e-06, rewards:-3.1544599533081055, queue:1.2108465433120728, delay:0.13711832463741302, throughput:4067
episode:150/250, real avg travel time:216.75018441111385
Test step:150/250, travel time :223.6104507181773, rewards:-2.798107147216797, queue:1.1458994150161743, delay:0.13268747925758362, throughput:4038
step:3600/3600, q_loss:1.0874430235061381e-05, rewards:-2.902081251144409, queue:1.1493386030197144, delay:0.13199231028556824, throughput:4055
episode:151/250, real avg travel time:213.21948212083848
step:3600/3600, q_loss:9.154908548225649e-06, rewards:-3.1115431785583496, queue:1.2186508178710938, delay:0.13519461452960968, throughput:4049
episode:152/250, real avg travel time:210.68041491726353
step:3600/3600, q_loss:3.1100767955649645e-06, rewards:-2.8248534202575684, queue:1.1387566328048706, delay:0.1322917938232422, throughput:4056
episode:153/250, real avg travel time:209.8464003944773
step:3600/3600, q_loss:1.1067703235312365e-05, rewards:-2.906400442123413, queue:1.1584656238555908, delay:0.1345576047897339, throughput:4072
episode:154/250, real avg travel time:207.17583497053045
step:3600/3600, q_loss:7.936272191323547e-06, rewards:-2.868400812149048, queue:1.1302909851074219, delay:0.13265113532543182, throughput:4071
episode:155/250, real avg travel time:209.68361581920905
Test step:155/250, travel time :217.2258064516129, rewards:-2.864997625350952, queue:1.1416666507720947, delay:0.13137251138687134, throughput:4061
step:3600/3600, q_loss:5.357492449952083e-06, rewards:-2.842233896255493, queue:1.140079379081726, delay:0.13265185058116913, throughput:4048
episode:156/250, real avg travel time:211.81002964426878
step:3600/3600, q_loss:1.1748058588839033e-05, rewards:-2.997596263885498, queue:1.1670634746551514, delay:0.13381491601467133, throughput:4064
episode:157/250, real avg travel time:209.62376968503938
step:3600/3600, q_loss:4.8639689501012776e-05, rewards:-3.5966105461120605, queue:1.2859787940979004, delay:0.1367655098438263, throughput:4048
episode:158/250, real avg travel time:218.5560770750988
step:3600/3600, q_loss:1.0561872436988375e-05, rewards:-3.02010440826416, queue:1.2103174924850464, delay:0.1353784203529358, throughput:4061
episode:159/250, real avg travel time:208.19354838709677
step:3600/3600, q_loss:1.002463909066541e-05, rewards:-3.1202080249786377, queue:1.188624382019043, delay:0.1341160535812378, throughput:4058
episode:160/250, real avg travel time:212.76811237062591
Test step:160/250, travel time :228.9321033210332, rewards:-2.833559274673462, queue:1.1227513551712036, delay:0.129912868142128, throughput:4065
step:3600/3600, q_loss:4.6289559880582e-06, rewards:-2.8083176612854004, queue:1.1169312000274658, delay:0.13065779209136963, throughput:4041
episode:161/250, real avg travel time:208.01138332096016
step:3600/3600, q_loss:-1.6938137479074713e-06, rewards:-2.9110684394836426, queue:1.1546295881271362, delay:0.13324038684368134, throughput:4058
episode:162/250, real avg travel time:206.27624445539675
step:3600/3600, q_loss:1.4793029509342483e-05, rewards:-3.0014119148254395, queue:1.1812169551849365, delay:0.13479499518871307, throughput:4067
episode:163/250, real avg travel time:210.05581509712317
step:3600/3600, q_loss:8.04869519520758e-06, rewards:-2.744105100631714, queue:1.1054233312606812, delay:0.1301148682832718, throughput:4062
episode:164/250, real avg travel time:203.70433284096504
step:3600/3600, q_loss:1.1129492728893334e-05, rewards:-3.2022879123687744, queue:1.2326719760894775, delay:0.13734546303749084, throughput:4051
episode:165/250, real avg travel time:217.7151320661565
Test step:165/250, travel time :209.63844449913856, rewards:-2.5210702419281006, queue:1.0526454448699951, delay:0.12866900861263275, throughput:4063
step:3600/3600, q_loss:4.180756150162779e-06, rewards:-2.890472650527954, queue:1.1326719522476196, delay:0.13318020105361938, throughput:4050
episode:166/250, real avg travel time:207.40123456790124
step:3600/3600, q_loss:3.0834618761825065e-05, rewards:-3.8834402561187744, queue:1.4244709014892578, delay:0.1400419920682907, throughput:3818
episode:167/250, real avg travel time:225.2221058145626
step:3600/3600, q_loss:5.093073693084686e-05, rewards:-3.7398478984832764, queue:1.394444465637207, delay:0.14296695590019226, throughput:4064
episode:168/250, real avg travel time:231.93061023622047
step:3600/3600, q_loss:1.438453707831084e-06, rewards:-3.0451464653015137, queue:1.2268518209457397, delay:0.14070285856723785, throughput:4060
episode:169/250, real avg travel time:234.8731527093596
step:3600/3600, q_loss:-1.8763241920775423e-06, rewards:-2.918198347091675, queue:1.1821428537368774, delay:0.1359366774559021, throughput:4047
episode:170/250, real avg travel time:215.0207561156412
Test step:170/250, travel time :255.15135542168676, rewards:-4.212154388427734, queue:1.4195767641067505, delay:0.13835474848747253, throughput:3984
step:3600/3600, q_loss:1.4573737442131258e-05, rewards:-3.2902090549468994, queue:1.2522486448287964, delay:0.13943618535995483, throughput:4056
episode:171/250, real avg travel time:226.41050295857988
step:3600/3600, q_loss:-8.588963181763473e-07, rewards:-3.282285213470459, queue:1.2564815282821655, delay:0.14160840213298798, throughput:4052
episode:172/250, real avg travel time:245.0705824284304
step:3600/3600, q_loss:-2.1976512572210695e-06, rewards:-2.8581387996673584, queue:1.1439152956008911, delay:0.1367550492286682, throughput:4059
episode:173/250, real avg travel time:217.69623059866962
step:3600/3600, q_loss:-5.039520167176508e-06, rewards:-2.9887399673461914, queue:1.1788359880447388, delay:0.136636883020401, throughput:4047
episode:174/250, real avg travel time:216.00765999505808
step:3600/3600, q_loss:1.5609014856939514e-06, rewards:-2.8632733821868896, queue:1.1727513074874878, delay:0.13483008742332458, throughput:4056
episode:175/250, real avg travel time:213.4171597633136
Test step:175/250, travel time :236.425241755517, rewards:-3.078038215637207, queue:1.189814805984497, delay:0.13755200803279877, throughput:4033
step:3600/3600, q_loss:2.6530137903238127e-06, rewards:-2.7761690616607666, queue:1.115476131439209, delay:0.13256317377090454, throughput:4051
episode:176/250, real avg travel time:210.06566279930883
step:3600/3600, q_loss:5.310444571983276e-07, rewards:-3.08109974861145, queue:1.2035714387893677, delay:0.13625313341617584, throughput:4032
episode:177/250, real avg travel time:219.8581349206349
step:3600/3600, q_loss:4.71721937679427e-06, rewards:-2.942845344543457, queue:1.1603174209594727, delay:0.13337711989879608, throughput:4042
episode:178/250, real avg travel time:216.33374567046016
step:3600/3600, q_loss:9.26447315982336e-05, rewards:-4.438711166381836, queue:1.3329365253448486, delay:0.13791485130786896, throughput:4024
episode:179/250, real avg travel time:209.74950298210734
step:3600/3600, q_loss:4.207002954596343e-06, rewards:-2.8100290298461914, queue:1.1244709491729736, delay:0.13278008997440338, throughput:4065
episode:180/250, real avg travel time:204.05830258302584
Test step:180/250, travel time :225.44230769230768, rewards:-2.8165366649627686, queue:1.133730173110962, delay:0.1349477916955948, throughput:4004
step:3600/3600, q_loss:1.1693493676527094e-05, rewards:-3.054760694503784, queue:1.1960316896438599, delay:0.13714903593063354, throughput:4059
episode:181/250, real avg travel time:213.2517861542252
step:3600/3600, q_loss:9.07402459738983e-08, rewards:-2.810304880142212, queue:1.124206304550171, delay:0.13338910043239594, throughput:4072
episode:182/250, real avg travel time:209.31188605108056
step:3600/3600, q_loss:2.154771451993535e-06, rewards:-2.8922972679138184, queue:1.1329364776611328, delay:0.13176049292087555, throughput:4072
episode:183/250, real avg travel time:209.94572691552062
step:3600/3600, q_loss:5.640074272782335e-06, rewards:-2.7654263973236084, queue:1.1207672357559204, delay:0.13383325934410095, throughput:4058
episode:184/250, real avg travel time:207.857565303105
step:3600/3600, q_loss:3.7244917216917706e-06, rewards:-2.662407398223877, queue:1.098280429840088, delay:0.13328416645526886, throughput:4072
episode:185/250, real avg travel time:206.88433202357564
Test step:185/250, travel time :206.0369367150948, rewards:-2.5319693088531494, queue:1.0731481313705444, delay:0.13131745159626007, throughput:4061
New best TEST travel time 206.0369 at episode 185, saved as best checkpoint
step:3600/3600, q_loss:6.914145261463191e-07, rewards:-2.592625141143799, queue:1.0783069133758545, delay:0.13152368366718292, throughput:4061
episode:186/250, real avg travel time:204.87244521053927
step:3600/3600, q_loss:7.5574954583620036e-06, rewards:-2.7380802631378174, queue:1.1087301969528198, delay:0.13127180933952332, throughput:4051
episode:187/250, real avg travel time:205.95038262157493
step:3600/3600, q_loss:1.6264971216312714e-05, rewards:-2.8142056465148926, queue:1.1226190328598022, delay:0.13124001026153564, throughput:4049
episode:188/250, real avg travel time:205.64657940232155
step:3600/3600, q_loss:2.74296164409154e-07, rewards:-2.7235665321350098, queue:1.1185184717178345, delay:0.13080160319805145, throughput:4057
episode:189/250, real avg travel time:208.7468572837072
step:3600/3600, q_loss:1.3686541529346465e-05, rewards:-2.6942381858825684, queue:1.0949735641479492, delay:0.13238567113876343, throughput:4051
episode:190/250, real avg travel time:206.12120464082943
Test step:190/250, travel time :204.5567541063986, rewards:-2.3556926250457764, queue:1.010449767112732, delay:0.12622950971126556, throughput:4079
New best TEST travel time 204.5568 at episode 190, saved as best checkpoint
step:3600/3600, q_loss:-1.3816157055164999e-06, rewards:-2.591444969177246, queue:1.0628306865692139, delay:0.12873846292495728, throughput:4047
episode:191/250, real avg travel time:204.41438102298
step:3600/3600, q_loss:1.0420615985316948e-06, rewards:-2.5895562171936035, queue:1.0730159282684326, delay:0.12898296117782593, throughput:4038
episode:192/250, real avg travel time:206.75383853392768
step:3600/3600, q_loss:1.5273989225129804e-05, rewards:-2.927536964416504, queue:1.1809524297714233, delay:0.13343675434589386, throughput:4060
episode:193/250, real avg travel time:213.24729064039408
step:3600/3600, q_loss:5.396041928583549e-06, rewards:-2.7377350330352783, queue:1.0980159044265747, delay:0.1295720785856247, throughput:4064
episode:194/250, real avg travel time:208.7876476377953
step:3600/3600, q_loss:2.482986338792317e-05, rewards:-3.3060669898986816, queue:1.4178571701049805, delay:0.1358117163181305, throughput:3930
episode:195/250, real avg travel time:207.82722646310432
Test step:195/250, travel time :218.9997521685254, rewards:-3.0138986110687256, queue:1.1538360118865967, delay:0.13087809085845947, throughput:4035
step:3600/3600, q_loss:4.5456414308217873e-05, rewards:-3.09124755859375, queue:1.1992063522338867, delay:0.13176940381526947, throughput:4069
episode:196/250, real avg travel time:216.02383878102728
step:3600/3600, q_loss:1.0863674065654374e-05, rewards:-2.62841796875, queue:1.0923280715942383, delay:0.13198547065258026, throughput:4068
episode:197/250, real avg travel time:207.3559488692232
step:3600/3600, q_loss:5.999057854448134e-06, rewards:-2.7866196632385254, queue:1.1067460775375366, delay:0.12994015216827393, throughput:4071
episode:198/250, real avg travel time:216.52542372881356
step:3600/3600, q_loss:4.366412395029329e-06, rewards:-2.7327117919921875, queue:1.101719617843628, delay:0.13207069039344788, throughput:4044
episode:199/250, real avg travel time:209.8311078140455
step:3600/3600, q_loss:4.399140379973687e-06, rewards:-2.7533578872680664, queue:1.1100529432296753, delay:0.13083197176456451, throughput:4039
episode:200/250, real avg travel time:207.63679128497154
Test step:200/250, travel time :224.840383669454, rewards:-3.1269290447235107, queue:1.1961640119552612, delay:0.13335293531417847, throughput:4066
step:3600/3600, q_loss:7.716293479865675e-05, rewards:-4.334012031555176, queue:1.7742063999176025, delay:0.14355680346488953, throughput:3920
episode:201/250, real avg travel time:234.86479591836735
step:3600/3600, q_loss:6.200837075690895e-05, rewards:-3.3158528804779053, queue:1.1874338388442993, delay:0.13408932089805603, throughput:4060
episode:202/250, real avg travel time:216.47118226600986
step:3600/3600, q_loss:1.0648797211211381e-05, rewards:-2.660135269165039, queue:1.0928571224212646, delay:0.13114042580127716, throughput:4059
episode:203/250, real avg travel time:207.52968711505298
step:3600/3600, q_loss:3.3125091350585637e-06, rewards:-2.6237616539001465, queue:1.0833333730697632, delay:0.1309061497449875, throughput:4055
episode:204/250, real avg travel time:215.34722564734895
step:3600/3600, q_loss:1.7462685476251258e-05, rewards:-3.126634359359741, queue:1.2097883224487305, delay:0.13717716932296753, throughput:4060
episode:205/250, real avg travel time:218.63103448275862
Test step:205/250, travel time :217.6709422792304, rewards:-2.834994077682495, queue:1.1358466148376465, delay:0.13141955435276031, throughput:4054
step:3600/3600, q_loss:8.316586495816914e-05, rewards:-3.878473997116089, queue:1.3335978984832764, delay:0.13917188346385956, throughput:4055
episode:206/250, real avg travel time:224.79235511713932
step:3600/3600, q_loss:1.5179200798027321e-05, rewards:-3.1403417587280273, queue:1.2181216478347778, delay:0.1366504430770874, throughput:4056
episode:207/250, real avg travel time:218.0189842209073
step:3600/3600, q_loss:5.3922470720458985e-06, rewards:-2.92425537109375, queue:1.1452380418777466, delay:0.1353197544813156, throughput:4067
episode:208/250, real avg travel time:210.5800344234079
step:3600/3600, q_loss:7.551058883513583e-05, rewards:-3.550225257873535, queue:1.2818783521652222, delay:0.134368434548378, throughput:4065
episode:209/250, real avg travel time:220.32127921279212
step:3600/3600, q_loss:-4.405260066657017e-07, rewards:-2.8702409267425537, queue:1.1511905193328857, delay:0.13553963601589203, throughput:4058
episode:210/250, real avg travel time:213.4009364218827
Test step:210/250, travel time :214.63491668739118, rewards:-2.6341702938079834, queue:1.0620369911193848, delay:0.12924844026565552, throughput:4021
step:3600/3600, q_loss:-1.4215131361399674e-06, rewards:-2.775918483734131, queue:1.1157407760620117, delay:0.13242071866989136, throughput:4048
episode:211/250, real avg travel time:210.47084980237153
step:3600/3600, q_loss:3.053293767152354e-06, rewards:-2.8524692058563232, queue:1.1064814329147339, delay:0.13346587121486664, throughput:4041
episode:212/250, real avg travel time:209.58401385795594
step:3600/3600, q_loss:1.6729574175163482e-06, rewards:-2.6220366954803467, queue:1.0632275342941284, delay:0.13125059008598328, throughput:4051
episode:213/250, real avg travel time:205.4036040483831
step:3600/3600, q_loss:1.5324367268476636e-07, rewards:-2.9562320709228516, queue:1.164285659790039, delay:0.13465040922164917, throughput:4058
episode:214/250, real avg travel time:215.69024149827501
step:3600/3600, q_loss:5.415453213370508e-07, rewards:-2.8409335613250732, queue:1.1067460775375366, delay:0.13183464109897614, throughput:4055
episode:215/250, real avg travel time:215.22145499383478
Test step:215/250, travel time :226.58019216555803, rewards:-2.9831831455230713, queue:1.1009259223937988, delay:0.1264331042766571, throughput:4059
step:3600/3600, q_loss:7.379664263377587e-08, rewards:-2.7327158451080322, queue:1.0875661373138428, delay:0.13122984766960144, throughput:4067
episode:216/250, real avg travel time:205.5534792230145
step:3600/3600, q_loss:2.362306796486438e-05, rewards:-3.089627504348755, queue:1.1656084060668945, delay:0.13204264640808105, throughput:4048
episode:217/250, real avg travel time:215.10177865612647
step:3600/3600, q_loss:5.873940366048676e-06, rewards:-2.91759991645813, queue:1.1047619581222534, delay:0.13088533282279968, throughput:4043
episode:218/250, real avg travel time:216.14914667326244
step:3600/3600, q_loss:1.2552232429799106e-05, rewards:-3.2281270027160645, queue:1.1706348657608032, delay:0.13347849249839783, throughput:4041
episode:219/250, real avg travel time:218.12026726057906
step:3600/3600, q_loss:1.647201618955781e-07, rewards:-2.837280035018921, queue:1.1031745672225952, delay:0.13075225055217743, throughput:4039
episode:220/250, real avg travel time:210.31567219608814
Test step:220/250, travel time :224.047454275828, rewards:-3.078300714492798, queue:1.1335978507995605, delay:0.13206970691680908, throughput:4046
step:3600/3600, q_loss:3.4543844554314596e-05, rewards:-3.699100971221924, queue:1.34246027469635, delay:0.14041054248809814, throughput:4072
episode:221/250, real avg travel time:228.69032416502947
step:3600/3600, q_loss:9.019719962250544e-06, rewards:-2.798593759536743, queue:1.0958994626998901, delay:0.13037113845348358, throughput:4033
episode:222/250, real avg travel time:215.34763203570543
step:3600/3600, q_loss:2.245431314804591e-05, rewards:-3.152620792388916, queue:1.1623015403747559, delay:0.13200289011001587, throughput:4042
episode:223/250, real avg travel time:223.00667986145473
step:3600/3600, q_loss:9.260707681985676e-06, rewards:-2.8496639728546143, queue:1.0996031761169434, delay:0.13124066591262817, throughput:4024
episode:224/250, real avg travel time:212.76391650099404
step:3600/3600, q_loss:1.3231404025443932e-05, rewards:-3.06644868850708, queue:1.1296296119689941, delay:0.13259200751781464, throughput:4051
episode:225/250, real avg travel time:216.46556405825723
Test step:225/250, travel time :222.71728914172644, rewards:-3.1240642070770264, queue:1.1362433433532715, delay:0.13118813931941986, throughput:4043
step:3600/3600, q_loss:7.059860428044986e-05, rewards:-3.7841193675994873, queue:1.3236773014068604, delay:0.13820374011993408, throughput:4062
episode:226/250, real avg travel time:235.46061053668143
step:3600/3600, q_loss:1.9045173151729006e-05, rewards:-3.0615434646606445, queue:1.1724867820739746, delay:0.13500167429447174, throughput:4039
episode:227/250, real avg travel time:217.39489972765537
step:3600/3600, q_loss:7.645436441331792e-05, rewards:-4.666604995727539, queue:1.7358465194702148, delay:0.1468525528907776, throughput:3935
episode:228/250, real avg travel time:234.19212198221092
step:3600/3600, q_loss:3.878113234855442e-05, rewards:-3.267158269882202, queue:1.2382274866104126, delay:0.1353309452533722, throughput:4043
episode:229/250, real avg travel time:215.5300519416275
step:3600/3600, q_loss:2.088533146888949e-05, rewards:-2.6828935146331787, queue:1.0582010746002197, delay:0.12823210656642914, throughput:4048
episode:230/250, real avg travel time:210.8016304347826
Test step:230/250, travel time :215.03705533596838, rewards:-2.478759527206421, queue:1.016931176185608, delay:0.12536531686782837, throughput:4048
step:3600/3600, q_loss:8.319551852764562e-06, rewards:-2.4915547370910645, queue:1.0134921073913574, delay:0.1278197318315506, throughput:4048
episode:231/250, real avg travel time:205.96343873517787
step:3600/3600, q_loss:1.1374720674616078e-05, rewards:-2.5865607261657715, queue:1.0428571701049805, delay:0.1268048882484436, throughput:4048
episode:232/250, real avg travel time:211.36264822134387
step:3600/3600, q_loss:3.277393827577018e-05, rewards:-3.4650774002075195, queue:1.2538360357284546, delay:0.13417544960975647, throughput:4069
episode:233/250, real avg travel time:232.49004669451955
step:3600/3600, q_loss:5.75437293769533e-06, rewards:-2.7777929306030273, queue:1.0728836059570312, delay:0.1287945806980133, throughput:4026
episode:234/250, real avg travel time:214.26378539493294
step:3600/3600, q_loss:1.2833243494646416e-06, rewards:-2.67342209815979, queue:1.0645502805709839, delay:0.1285979449748993, throughput:4043
episode:235/250, real avg travel time:212.64036606480337
Test step:235/250, travel time :246.9316892725031, rewards:-4.496243000030518, queue:1.508730173110962, delay:0.13476192951202393, throughput:4055
step:3600/3600, q_loss:4.192054903897871e-06, rewards:-2.956491708755493, queue:1.116005301475525, delay:0.13187448680400848, throughput:4063
episode:236/250, real avg travel time:218.34703421117402
step:3600/3600, q_loss:3.374641528353095e-06, rewards:-2.6890830993652344, queue:1.0666667222976685, delay:0.12794816493988037, throughput:4046
episode:237/250, real avg travel time:209.50988630746417
step:3600/3600, q_loss:2.0845777544309386e-05, rewards:-3.2063870429992676, queue:1.1904761791229248, delay:0.13683709502220154, throughput:4007
episode:238/250, real avg travel time:228.81108060893436
step:3600/3600, q_loss:1.4667968369192547e-05, rewards:-2.789708375930786, queue:1.0777777433395386, delay:0.13157083094120026, throughput:4068
episode:239/250, real avg travel time:214.72468043264504
step:3600/3600, q_loss:9.643503492245347e-06, rewards:-2.6056442260742188, queue:1.0653438568115234, delay:0.13112305104732513, throughput:4044
episode:240/250, real avg travel time:209.3971315529179
Test step:240/250, travel time :241.42828435066565, rewards:-3.511003017425537, queue:1.2419312000274658, delay:0.13405562937259674, throughput:3981
step:3600/3600, q_loss:-3.421626994774366e-07, rewards:-2.658555030822754, queue:1.0529100894927979, delay:0.12614485621452332, throughput:4043
episode:241/250, real avg travel time:210.83106604006926
step:3600/3600, q_loss:9.761815494534353e-06, rewards:-2.882540464401245, queue:1.1019841432571411, delay:0.12973885238170624, throughput:4060
episode:242/250, real avg travel time:224.94704433497537
step:3600/3600, q_loss:2.8974480179992194e-05, rewards:-3.2788891792297363, queue:1.211904764175415, delay:0.13536319136619568, throughput:4072
episode:243/250, real avg travel time:232.01620825147347
step:3600/3600, q_loss:1.9751305484937298e-05, rewards:-3.1418514251708984, queue:1.1546295881271362, delay:0.13158833980560303, throughput:4058
episode:244/250, real avg travel time:224.033267619517
step:3600/3600, q_loss:0.00011199910958465706, rewards:-4.365306854248047, queue:1.4763227701187134, delay:0.14072547852993011, throughput:4065
episode:245/250, real avg travel time:247.75621156211562
Test step:245/250, travel time :226.6789667896679, rewards:-2.958817481994629, queue:1.0628306865692139, delay:0.12495837360620499, throughput:4065
step:3600/3600, q_loss:1.113152684411034e-05, rewards:-2.900491952896118, queue:1.1001322269439697, delay:0.13067349791526794, throughput:4055
episode:246/250, real avg travel time:214.35117139334156
step:3600/3600, q_loss:3.1560255148279894e-05, rewards:-3.27417254447937, queue:1.1761904954910278, delay:0.13282188773155212, throughput:4048
episode:247/250, real avg travel time:234.55212450592884
step:3600/3600, q_loss:3.004656868546994e-05, rewards:-3.2500417232513428, queue:1.1649470329284668, delay:0.1280817836523056, throughput:4057
episode:248/250, real avg travel time:226.9632733546956
step:3600/3600, q_loss:8.98890850496375e-06, rewards:-2.994115114212036, queue:1.084259271621704, delay:0.1281425505876541, throughput:4031
episode:249/250, real avg travel time:226.17142148350285
Hyperparameters saved to: data/output_data/tsc/sumo_hyperlight_mappo/sumo1x21/lanecount2_sumo1x21_seed1/hyperparameters.json
Loaded best checkpoint for final evaluation
Final Travel Time is 204.5568, mean rewards: -2.3557, queue: 1.0104, delay: 0.1262, throughput: 4079
Total time taken: 7408.482979059219
