transfer from best_0.pt (16 -> 48 intersections) | actor_hypernet=4/4 | value_hypernet=4/4 | differs=node_count,phase_lengths
  not transferred: agent_embeddings (per-intersection index table has no meaning in a different network)
  not transferred: optimizer (Adam moments belong to the source task)
step:3600/3600, q_loss:5.653838290729456e-05, rewards:-11.429237365722656, queue:2.7815394401550293, delay:0.08049594610929489, throughput:2716
episode:0/50, real avg travel time:399.6671388101983
Test step:0/50, travel time :288.36720963172803, rewards:-5.724259376525879, queue:1.3520255088806152, delay:0.06375275552272797, throughput:2805
New best TEST travel time 288.3672 at episode 0, saved as best checkpoint
step:3600/3600, q_loss:0.00014241640836885775, rewards:-11.848937034606934, queue:2.8845486640930176, delay:0.07889668643474579, throughput:2716
episode:1/50, real avg travel time:407.7415014164306
step:3600/3600, q_loss:0.00020949588341201528, rewards:-12.726829528808594, queue:3.107754707336426, delay:0.07926875352859497, throughput:2707
episode:2/50, real avg travel time:419.62606232294615
step:3600/3600, q_loss:0.00011238337172494257, rewards:-11.351736068725586, queue:2.762789249420166, delay:0.07590099424123764, throughput:2709
episode:3/50, real avg travel time:396.02337110481585
step:3600/3600, q_loss:9.946018273447767e-05, rewards:-11.62476921081543, queue:2.8310184478759766, delay:0.07666236907243729, throughput:2692
episode:4/50, real avg travel time:406.38562322946177
step:3600/3600, q_loss:3.6163479420298964e-05, rewards:-10.476064682006836, queue:2.539583444595337, delay:0.07561469823122025, throughput:2718
episode:5/50, real avg travel time:381.189447592068
Test step:5/50, travel time :264.3385269121813, rewards:-4.55212926864624, queue:1.0520254373550415, delay:0.05842268094420433, throughput:2811
New best TEST travel time 264.3385 at episode 5, saved as best checkpoint
step:3600/3600, q_loss:1.2276026515152167e-05, rewards:-9.888772010803223, queue:2.38611102104187, delay:0.07345108687877655, throughput:2721
episode:6/50, real avg travel time:371.84915014164307
step:3600/3600, q_loss:2.422173691476569e-05, rewards:-10.574698448181152, queue:2.561168909072876, delay:0.0745375007390976, throughput:2723
episode:7/50, real avg travel time:378.11473087818695
step:3600/3600, q_loss:2.117922988053365e-05, rewards:-10.529537200927734, queue:2.5590856075286865, delay:0.07346419245004654, throughput:2711
episode:8/50, real avg travel time:379.7992209631728
step:3600/3600, q_loss:-1.647579066892281e-05, rewards:-8.240925788879395, queue:1.9741319417953491, delay:0.06843144446611404, throughput:2742
episode:9/50, real avg travel time:337.08781869688386
step:3600/3600, q_loss:-2.60886063951608e-05, rewards:-7.3401618003845215, queue:1.7498842477798462, delay:0.06517733633518219, throughput:2777
episode:10/50, real avg travel time:309.9075779036827
Test step:10/50, travel time :223.7684135977337, rewards:-2.808171033859253, queue:0.6223958134651184, delay:0.04724248871207237, throughput:2809
New best TEST travel time 223.7684 at episode 10, saved as best checkpoint
step:3600/3600, q_loss:-4.663659740429095e-05, rewards:-5.656944274902344, queue:1.331365704536438, delay:0.06223297119140625, throughput:2798
episode:11/50, real avg travel time:276.4603399433428
step:3600/3600, q_loss:-4.784769894566709e-05, rewards:-5.1420135498046875, queue:1.201562523841858, delay:0.059362538158893585, throughput:2800
episode:12/50, real avg travel time:267.15686968838526
step:3600/3600, q_loss:-4.877051321306714e-05, rewards:-5.244189262390137, queue:1.2221064567565918, delay:0.05887017026543617, throughput:2802
episode:13/50, real avg travel time:269.5924220963173
step:3600/3600, q_loss:-4.542402378398419e-05, rewards:-4.021272659301758, queue:0.9185763597488403, delay:0.054773956537246704, throughput:2804
episode:14/50, real avg travel time:248.07046742209633
step:3600/3600, q_loss:-4.6752909425485096e-05, rewards:-3.6679165363311768, queue:0.8295717835426331, delay:0.052349578589200974, throughput:2808
episode:15/50, real avg travel time:240.85623229461757
Test step:15/50, travel time :204.11720963172806, rewards:-1.9189814329147339, queue:0.4071180522441864, delay:0.035813555121421814, throughput:2811
New best TEST travel time 204.1172 at episode 15, saved as best checkpoint
step:3600/3600, q_loss:-5.0475851152621115e-05, rewards:-3.3845367431640625, queue:0.7558448910713196, delay:0.050786092877388, throughput:2808
episode:16/50, real avg travel time:235.7315864022663
step:3600/3600, q_loss:-4.966532686483805e-05, rewards:-3.29236102104187, queue:0.737442135810852, delay:0.04992617294192314, throughput:2805
episode:17/50, real avg travel time:233.32790368271955
step:3600/3600, q_loss:-4.7417838100550904e-05, rewards:-2.9945597648620605, queue:0.6588541865348816, delay:0.048598989844322205, throughput:2809
episode:18/50, real avg travel time:226.50177053824362
step:3600/3600, q_loss:-4.592924224310496e-05, rewards:-2.922407388687134, queue:0.6417824029922485, delay:0.047933269292116165, throughput:2809
episode:19/50, real avg travel time:225.42386685552407
step:3600/3600, q_loss:-5.1875066487865954e-05, rewards:-2.743865728378296, queue:0.5959490537643433, delay:0.04658691957592964, throughput:2806
episode:20/50, real avg travel time:221.84383852691218
Test step:20/50, travel time :195.71140226628896, rewards:-1.6425001621246338, queue:0.35034722089767456, delay:0.031792689114809036, throughput:2811
New best TEST travel time 195.7114 at episode 20, saved as best checkpoint
step:3600/3600, q_loss:-4.209660178332095e-05, rewards:-2.664721965789795, queue:0.5816550850868225, delay:0.045476000756025314, throughput:2807
episode:21/50, real avg travel time:220.12712464589234
step:3600/3600, q_loss:-5.1489202478141697e-05, rewards:-2.5934720039367676, queue:0.5604166388511658, delay:0.04514043778181076, throughput:2810
episode:22/50, real avg travel time:218.46706798866856
step:3600/3600, q_loss:-4.6982704036593156e-05, rewards:-2.3769443035125732, queue:0.5082754492759705, delay:0.043339021503925323, throughput:2808
episode:23/50, real avg travel time:213.29001416430594
step:3600/3600, q_loss:-4.3943586664412304e-05, rewards:-2.3813655376434326, queue:0.516377329826355, delay:0.04294111952185631, throughput:2809
episode:24/50, real avg travel time:213.22804532577905
step:3600/3600, q_loss:-4.7894013056784494e-05, rewards:-2.16585636138916, queue:0.4644675850868225, delay:0.041099563241004944, throughput:2809
episode:25/50, real avg travel time:208.07330028328613
Test step:25/50, travel time :189.11898016997168, rewards:-1.430578589439392, queue:0.3012152910232544, delay:0.029511522501707077, throughput:2810
New best TEST travel time 189.1190 at episode 25, saved as best checkpoint
step:3600/3600, q_loss:-4.532003461205067e-05, rewards:-2.1277313232421875, queue:0.4585069417953491, delay:0.04003863036632538, throughput:2809
episode:26/50, real avg travel time:206.72662889518415
step:3600/3600, q_loss:-4.305812145042935e-05, rewards:-2.0132174491882324, queue:0.42835646867752075, delay:0.03930137678980827, throughput:2807
episode:27/50, real avg travel time:203.82223796033995
step:3600/3600, q_loss:-4.107147443717645e-05, rewards:-1.9802778959274292, queue:0.4227430522441864, delay:0.03869475796818733, throughput:2811
episode:28/50, real avg travel time:203.04851274787535
step:3600/3600, q_loss:-3.747840693657413e-05, rewards:-1.8747453689575195, queue:0.40150463581085205, delay:0.03703624755144119, throughput:2808
episode:29/50, real avg travel time:200.17315864022663
step:3600/3600, q_loss:-4.3322942701145366e-05, rewards:-1.767615556716919, queue:0.3765046298503876, delay:0.03607212379574776, throughput:2811
episode:30/50, real avg travel time:197.69830028328613
Test step:30/50, travel time :186.45856940509915, rewards:-1.3597685098648071, queue:0.28877314925193787, delay:0.02858237735927105, throughput:2811
New best TEST travel time 186.4586 at episode 30, saved as best checkpoint
step:3600/3600, q_loss:-4.274565801973006e-05, rewards:-1.6782406568527222, queue:0.35549768805503845, delay:0.03465178608894348, throughput:2809
episode:31/50, real avg travel time:195.44723796033995
step:3600/3600, q_loss:-3.539429471632581e-05, rewards:-1.6335418224334717, queue:0.3461805582046509, delay:0.03363307565450668, throughput:2809
episode:32/50, real avg travel time:194.14412181303115
step:3600/3600, q_loss:-2.844809729858865e-05, rewards:-1.554444432258606, queue:0.33304399251937866, delay:0.03272326663136482, throughput:2811
episode:33/50, real avg travel time:192.02266288951841
step:3600/3600, q_loss:-3.07804909189818e-05, rewards:-1.552430272102356, queue:0.33038192987442017, delay:0.03268905356526375, throughput:2808
episode:34/50, real avg travel time:191.53328611898016
step:3600/3600, q_loss:-3.770626301698985e-05, rewards:-1.4932174682617188, queue:0.31811341643333435, delay:0.03180437162518501, throughput:2810
episode:35/50, real avg travel time:190.2457507082153
Test step:35/50, travel time :183.37854107648724, rewards:-1.2141433954238892, queue:0.25318285822868347, delay:0.026481131091713905, throughput:2811
New best TEST travel time 183.3785 at episode 35, saved as best checkpoint
step:3600/3600, q_loss:-3.1607689114609435e-05, rewards:-1.4676388502120972, queue:0.3116319477558136, delay:0.030963515862822533, throughput:2810
episode:36/50, real avg travel time:189.51168555240793
step:3600/3600, q_loss:-3.266359160562264e-05, rewards:-1.4609025716781616, queue:0.3096643388271332, delay:0.0311223603785038, throughput:2810
episode:37/50, real avg travel time:189.30205382436262
step:3600/3600, q_loss:-2.4661994043358223e-05, rewards:-1.3984259366989136, queue:0.2976273000240326, delay:0.03006695583462715, throughput:2808
episode:38/50, real avg travel time:187.625
step:3600/3600, q_loss:-2.9108323656988366e-05, rewards:-1.378309965133667, queue:0.29282405972480774, delay:0.02959088422358036, throughput:2810
episode:39/50, real avg travel time:187.032223796034
step:3600/3600, q_loss:-3.203101442511665e-05, rewards:-1.332106351852417, queue:0.2822916805744171, delay:0.029147235676646233, throughput:2810
episode:40/50, real avg travel time:186.09206798866856
Test step:40/50, travel time :180.6179178470255, rewards:-1.1001620292663574, queue:0.23026619851589203, delay:0.02486969158053398, throughput:2811
New best TEST travel time 180.6179 at episode 40, saved as best checkpoint
step:3600/3600, q_loss:-2.896754086566629e-05, rewards:-1.3342361450195312, queue:0.27991896867752075, delay:0.028955185785889626, throughput:2810
episode:41/50, real avg travel time:186.01876770538243
step:3600/3600, q_loss:-3.1591521110385654e-05, rewards:-1.304004430770874, queue:0.27384260296821594, delay:0.028459923341870308, throughput:2811
episode:42/50, real avg travel time:185.5237252124646
step:3600/3600, q_loss:-2.4794528863024842e-05, rewards:-1.2697453498840332, queue:0.26591435074806213, delay:0.027953777462244034, throughput:2811
episode:43/50, real avg travel time:185.16076487252124
step:3600/3600, q_loss:-2.1123999002516085e-05, rewards:-1.2886803150177002, queue:0.270717591047287, delay:0.028477756306529045, throughput:2810
episode:44/50, real avg travel time:185.51487252124645
step:3600/3600, q_loss:-1.7694564123729958e-05, rewards:-1.2340044975280762, queue:0.26001158356666565, delay:0.02752044051885605, throughput:2810
episode:45/50, real avg travel time:184.65828611898016
Test step:45/50, travel time :180.49079320113316, rewards:-1.063726782798767, queue:0.2195023149251938, delay:0.024228066205978394, throughput:2810
New best TEST travel time 180.4908 at episode 45, saved as best checkpoint
step:3600/3600, q_loss:-2.093592929556092e-05, rewards:-1.2699768543243408, queue:0.26776620745658875, delay:0.027852876111865044, throughput:2810
episode:46/50, real avg travel time:184.99964589235128
step:3600/3600, q_loss:-2.825035640673804e-05, rewards:-1.2152082920074463, queue:0.2535879611968994, delay:0.027270179241895676, throughput:2810
episode:47/50, real avg travel time:183.67599150141643
step:3600/3600, q_loss:-2.1904165444056288e-05, rewards:-1.2187267541885376, queue:0.25405094027519226, delay:0.027045410126447678, throughput:2810
episode:48/50, real avg travel time:183.56550991501416
step:3600/3600, q_loss:-1.9056842134932032e-05, rewards:-1.2033331394195557, queue:0.2500578761100769, delay:0.027136649936437607, throughput:2810
episode:49/50, real avg travel time:183.29036827195466
Hyperparameters saved to: data/output_data/tsc/cityflow_hyperlight_mappo/cityflow16x3/ft_learned_4x4to16x3_seed2/hyperparameters.json
Loaded best checkpoint for final evaluation
Final Travel Time is 180.4908, mean rewards: -1.0637, queue: 0.2195, delay: 0.0242, throughput: 2810
Total time taken: 6232.341596841812
