structural conditioning spec: structural_v1:in_degree,lanes_per_in_road
structural features (min/mean/max): in_degree[3/3.19/4] lanes_per_in_road[1.33333/2.33/4]
step:3600/3600, q_loss:0.00014874948117519831, rewards:-10.190668106079102, queue:3.1925926208496094, delay:0.20840786397457123, throughput:3927
episode:0/250, real avg travel time:285.57142857142856
Test step:0/250, travel time :562.7993119266055, rewards:-33.35626983642578, queue:9.65317440032959, delay:0.34613001346588135, throughput:1744
New best TEST travel time 562.7993 at episode 0, saved as best checkpoint
step:3600/3600, q_loss:0.00020603142264816497, rewards:-10.505836486816406, queue:3.1952381134033203, delay:0.20409417152404785, throughput:3985
episode:1/250, real avg travel time:282.32070263488083
step:3600/3600, q_loss:0.00012482725255217195, rewards:-8.966087341308594, queue:2.896296262741089, delay:0.19056718051433563, throughput:3973
episode:2/250, real avg travel time:286.1799647621445
step:3600/3600, q_loss:0.000166377244103286, rewards:-9.351272583007812, queue:3.0093915462493896, delay:0.18965895473957062, throughput:3984
episode:3/250, real avg travel time:277.0760542168675
step:3600/3600, q_loss:8.618814608780667e-05, rewards:-7.8402581214904785, queue:2.590343952178955, delay:0.18144436180591583, throughput:3962
episode:4/250, real avg travel time:279.291519434629
step:3600/3600, q_loss:0.00012508836128593732, rewards:-8.269277572631836, queue:2.57619047164917, delay:0.18276096880435944, throughput:3921
episode:5/250, real avg travel time:283.8087222647284
Test step:5/250, travel time :251.95962490231832, rewards:-8.014278411865234, queue:2.8736772537231445, delay:0.1718371957540512, throughput:3839
New best TEST travel time 251.9596 at episode 5, saved as best checkpoint
step:3600/3600, q_loss:4.021196687568186e-05, rewards:-6.575634956359863, queue:2.1883597373962402, delay:0.1719914972782135, throughput:3996
episode:6/250, real avg travel time:246.4044044044044
step:3600/3600, q_loss:2.3114439520415745e-05, rewards:-6.206454277038574, queue:2.133465528488159, delay:0.17102985084056854, throughput:4017
episode:7/250, real avg travel time:261.68284789644014
step:3600/3600, q_loss:6.662027541703234e-05, rewards:-6.659412860870361, queue:2.208465576171875, delay:0.16635964810848236, throughput:3970
episode:8/250, real avg travel time:254.99219143576826
step:3600/3600, q_loss:3.769378171354118e-05, rewards:-6.364757061004639, queue:2.23888897895813, delay:0.1628829538822174, throughput:3984
episode:9/250, real avg travel time:271.2361947791165
step:3600/3600, q_loss:4.805211776531198e-05, rewards:-6.5099406242370605, queue:2.2650792598724365, delay:0.16495051980018616, throughput:4037
episode:10/250, real avg travel time:252.44587565023534
Test step:10/250, travel time :251.95962490231832, rewards:-8.014278411865234, queue:2.8736772537231445, delay:0.1718371957540512, throughput:3839
step:3600/3600, q_loss:8.825238069726361e-05, rewards:-7.282367706298828, queue:2.3981480598449707, delay:0.16886791586875916, throughput:4009
episode:11/250, real avg travel time:260.0359191818409
step:3600/3600, q_loss:5.4214551023000645e-05, rewards:-6.735088348388672, queue:2.2863757610321045, delay:0.169959157705307, throughput:3995
episode:12/250, real avg travel time:266.070337922403
step:3600/3600, q_loss:5.658686269372184e-05, rewards:-6.263235092163086, queue:2.187830686569214, delay:0.16120512783527374, throughput:3942
episode:13/250, real avg travel time:256.60502283105023
step:3600/3600, q_loss:4.74900384789281e-05, rewards:-5.83820915222168, queue:2.0428571701049805, delay:0.15942542254924774, throughput:4031
episode:14/250, real avg travel time:247.53386256512033
step:3600/3600, q_loss:5.8836264765381606e-05, rewards:-5.926797866821289, queue:2.0416667461395264, delay:0.16035307943820953, throughput:4021
episode:15/250, real avg travel time:247.37527978114898
Test step:15/250, travel time :251.95962490231832, rewards:-8.014278411865234, queue:2.8736772537231445, delay:0.1718371957540512, throughput:3839
step:3600/3600, q_loss:4.631319728408319e-05, rewards:-5.459961414337158, queue:1.9214285612106323, delay:0.16044539213180542, throughput:4027
episode:16/250, real avg travel time:237.53811770548796
step:3600/3600, q_loss:3.7353551387140115e-05, rewards:-5.409072399139404, queue:1.9193121194839478, delay:0.16069452464580536, throughput:4014
episode:17/250, real avg travel time:232.21300448430495
step:3600/3600, q_loss:4.4757038267562166e-05, rewards:-5.664032936096191, queue:2.00343918800354, delay:0.15847846865653992, throughput:4043
episode:18/250, real avg travel time:241.77368290873113
step:3600/3600, q_loss:4.953441020916216e-05, rewards:-5.447887420654297, queue:1.9074074029922485, delay:0.15649209916591644, throughput:4014
episode:19/250, real avg travel time:233.93522670652715
step:3600/3600, q_loss:3.852334961670244e-05, rewards:-5.12431001663208, queue:1.7882275581359863, delay:0.1536502093076706, throughput:4050
episode:20/250, real avg travel time:229.7353086419753
Test step:20/250, travel time :235.0194887370286, rewards:-7.730057239532471, queue:2.7626984119415283, delay:0.16476929187774658, throughput:3951
New best TEST travel time 235.0195 at episode 20, saved as best checkpoint
step:3600/3600, q_loss:3.112867852905765e-05, rewards:-5.165855884552002, queue:1.866005301475525, delay:0.15596067905426025, throughput:4035
episode:21/250, real avg travel time:242.34894671623297
step:3600/3600, q_loss:2.931536623186225e-05, rewards:-4.976387023925781, queue:1.8082010746002197, delay:0.1560075283050537, throughput:4043
episode:22/250, real avg travel time:228.11179816967598
step:3600/3600, q_loss:2.284584673664843e-05, rewards:-4.836477756500244, queue:1.7702380418777466, delay:0.15705616772174835, throughput:4031
episode:23/250, real avg travel time:231.97221533118332
step:3600/3600, q_loss:7.288219583440675e-05, rewards:-6.0728020668029785, queue:2.0649471282958984, delay:0.16224858164787292, throughput:4010
episode:24/250, real avg travel time:249.085536159601
step:3600/3600, q_loss:3.6611421172791676e-05, rewards:-4.88875675201416, queue:1.767724871635437, delay:0.15049929916858673, throughput:4050
episode:25/250, real avg travel time:228.59358024691358
Test step:25/250, travel time :247.41506922257722, rewards:-8.757244110107422, queue:3.08730149269104, delay:0.1750534027814865, throughput:3756
step:3600/3600, q_loss:2.245992574090552e-05, rewards:-4.804520130157471, queue:1.7394180297851562, delay:0.1509392112493515, throughput:4039
episode:26/250, real avg travel time:226.5585540975489
step:3600/3600, q_loss:0.00018174331489717588, rewards:-6.341104984283447, queue:2.052645444869995, delay:0.16232626140117645, throughput:4051
episode:27/250, real avg travel time:257.3001727968403
step:3600/3600, q_loss:2.7802451546045227e-05, rewards:-4.70253849029541, queue:1.666534423828125, delay:0.15247389674186707, throughput:4030
episode:28/250, real avg travel time:224.99330024813895
step:3600/3600, q_loss:1.3331298881287997e-05, rewards:-4.793036460876465, queue:1.7190476655960083, delay:0.15317539870738983, throughput:4032
episode:29/250, real avg travel time:227.0577876984127
step:3600/3600, q_loss:1.688936390564777e-05, rewards:-4.615013122558594, queue:1.6464285850524902, delay:0.1545395404100418, throughput:4044
episode:30/250, real avg travel time:224.95870425321465
Test step:30/250, travel time :239.4784263959391, rewards:-7.782843112945557, queue:2.78849196434021, delay:0.1649516522884369, throughput:3940
step:3600/3600, q_loss:3.380786430271756e-05, rewards:-5.010422229766846, queue:1.7265872955322266, delay:0.1542123407125473, throughput:4058
episode:31/250, real avg travel time:222.9369147363233
step:3600/3600, q_loss:4.663068054166312e-05, rewards:-5.326396465301514, queue:1.8346561193466187, delay:0.15726536512374878, throughput:4052
episode:32/250, real avg travel time:218.36377097729516
step:3600/3600, q_loss:1.1086138288697436e-05, rewards:-4.500202655792236, queue:1.6302909851074219, delay:0.1547432243824005, throughput:4046
episode:33/250, real avg travel time:229.6636183885319
step:3600/3600, q_loss:1.8219262953304374e-05, rewards:-4.427119731903076, queue:1.5843915939331055, delay:0.15093448758125305, throughput:4049
episode:34/250, real avg travel time:227.09385033341565
step:3600/3600, q_loss:4.1540692715595164e-05, rewards:-5.2597455978393555, queue:1.8962962627410889, delay:0.1555231213569641, throughput:4049
episode:35/250, real avg travel time:224.20647073351444
Test step:35/250, travel time :229.85944584382872, rewards:-6.839717388153076, queue:2.3980159759521484, delay:0.162961944937706, throughput:3970
New best TEST travel time 229.8594 at episode 35, saved as best checkpoint
step:3600/3600, q_loss:3.382943250471726e-05, rewards:-4.9407639503479, queue:1.693253993988037, delay:0.15624715387821198, throughput:4050
episode:36/250, real avg travel time:229.99061728395063
step:3600/3600, q_loss:1.4861979111123623e-05, rewards:-4.640025615692139, queue:1.667724847793579, delay:0.1546734720468521, throughput:4062
episode:37/250, real avg travel time:225.41974396848843
step:3600/3600, q_loss:1.656727690715343e-05, rewards:-4.557031154632568, queue:1.635449767112732, delay:0.15341725945472717, throughput:4044
episode:38/250, real avg travel time:220.39935707220573
step:3600/3600, q_loss:1.4110180523453488e-05, rewards:-4.574288368225098, queue:1.648809552192688, delay:0.15587382018566132, throughput:4060
episode:39/250, real avg travel time:220.43743842364532
step:3600/3600, q_loss:0.0001763388465203914, rewards:-6.325050354003906, queue:2.3062169551849365, delay:0.16243109107017517, throughput:4051
episode:40/250, real avg travel time:240.10565292520366
Test step:40/250, travel time :212.58366336633662, rewards:-6.199100971221924, queue:1.8525131940841675, delay:0.15485148131847382, throughput:4040
New best TEST travel time 212.5837 at episode 40, saved as best checkpoint
step:3600/3600, q_loss:2.139388218185761e-05, rewards:-4.711225986480713, queue:1.6330687999725342, delay:0.15598461031913757, throughput:4046
episode:41/250, real avg travel time:222.21601581809193
step:3600/3600, q_loss:1.8437781303267305e-05, rewards:-4.3987226486206055, queue:1.5597883462905884, delay:0.15382525324821472, throughput:4044
episode:42/250, real avg travel time:215.95178041543028
step:3600/3600, q_loss:1.8814545668040714e-05, rewards:-4.656031608581543, queue:1.634523868560791, delay:0.15449625253677368, throughput:4053
episode:43/250, real avg travel time:222.2913890944979
step:3600/3600, q_loss:1.5060567157989782e-05, rewards:-4.546734809875488, queue:1.5814814567565918, delay:0.15762902796268463, throughput:4049
episode:44/250, real avg travel time:221.8663867621635
step:3600/3600, q_loss:2.7420229323777475e-05, rewards:-4.689499855041504, queue:1.5997354984283447, delay:0.1580570936203003, throughput:4051
episode:45/250, real avg travel time:222.8178227598124
Test step:45/250, travel time :255.77744360902255, rewards:-8.476271629333496, queue:2.3751323223114014, delay:0.18415327370166779, throughput:3990
step:3600/3600, q_loss:0.00010473540371296824, rewards:-6.296632766723633, queue:1.8267195224761963, delay:0.16377031803131104, throughput:4058
episode:46/250, real avg travel time:226.55815672745194
step:3600/3600, q_loss:1.8326864099233515e-05, rewards:-4.371905326843262, queue:1.519444465637207, delay:0.14963576197624207, throughput:4035
episode:47/250, real avg travel time:219.65551425030978
step:3600/3600, q_loss:1.3629457842196441e-05, rewards:-3.99957013130188, queue:1.4460316896438599, delay:0.15206442773342133, throughput:4051
episode:48/250, real avg travel time:212.98691681066404
step:3600/3600, q_loss:1.15063758534638e-05, rewards:-4.372968673706055, queue:1.5153439044952393, delay:0.15467458963394165, throughput:4052
episode:49/250, real avg travel time:215.65424481737415
step:3600/3600, q_loss:2.9837987353352624e-05, rewards:-4.419492721557617, queue:1.5620369911193848, delay:0.1518668830394745, throughput:4051
episode:50/250, real avg travel time:220.8785485065416
Test step:50/250, travel time :226.78831936914736, rewards:-4.402270317077637, queue:1.5595238208770752, delay:0.14612577855587006, throughput:4058
step:3600/3600, q_loss:0.0009427804810305437, rewards:-12.574724197387695, queue:4.4490742683410645, delay:0.1895672082901001, throughput:3441
episode:51/250, real avg travel time:256.2333623946527
step:3600/3600, q_loss:3.161913353121943e-05, rewards:-4.590466499328613, queue:1.608994722366333, delay:0.15900398790836334, throughput:4065
episode:52/250, real avg travel time:227.20442804428043
step:3600/3600, q_loss:1.305855007053146e-05, rewards:-4.051459789276123, queue:1.4861111640930176, delay:0.14794251322746277, throughput:4060
episode:53/250, real avg travel time:212.93522167487686
step:3600/3600, q_loss:1.8855375674320386e-05, rewards:-4.220513343811035, queue:1.5117725133895874, delay:0.15189211070537567, throughput:4059
episode:54/250, real avg travel time:223.04434589800442
step:3600/3600, q_loss:1.5484817494224342e-05, rewards:-4.067678451538086, queue:1.4787037372589111, delay:0.1466858685016632, throughput:4045
episode:55/250, real avg travel time:213.4716934487021
Test step:55/250, travel time :220.04905378486055, rewards:-6.375930309295654, queue:1.8962962627410889, delay:0.16926251351833344, throughput:4016
step:3600/3600, q_loss:1.660440628054655e-05, rewards:-4.073836326599121, queue:1.439021110534668, delay:0.14793075621128082, throughput:4062
episode:56/250, real avg travel time:215.80773018217627
step:3600/3600, q_loss:1.9071643489749273e-05, rewards:-4.023731231689453, queue:1.447619080543518, delay:0.14581604301929474, throughput:4062
episode:57/250, real avg travel time:217.13047759724273
step:3600/3600, q_loss:1.688237195291246e-05, rewards:-3.967991828918457, queue:1.4391534328460693, delay:0.14602164924144745, throughput:4054
episode:58/250, real avg travel time:213.9079921065614
step:3600/3600, q_loss:1.1093125390794335e-05, rewards:-3.841489553451538, queue:1.3882274627685547, delay:0.14553913474082947, throughput:4049
episode:59/250, real avg travel time:214.9572734008397
step:3600/3600, q_loss:9.58103830473394e-06, rewards:-3.5569770336151123, queue:1.3234126567840576, delay:0.14154967665672302, throughput:4064
episode:60/250, real avg travel time:214.02706692913387
Test step:60/250, travel time :212.50507300173226, rewards:-5.377607822418213, queue:1.6391534805297852, delay:0.14901864528656006, throughput:4041
New best TEST travel time 212.5051 at episode 60, saved as best checkpoint
step:3600/3600, q_loss:5.14536457356169e-06, rewards:-3.67926025390625, queue:1.3562169075012207, delay:0.14425447583198547, throughput:4063
episode:61/250, real avg travel time:209.51169086881615
step:3600/3600, q_loss:9.391804390664522e-06, rewards:-3.578695774078369, queue:1.309259295463562, delay:0.13923266530036926, throughput:4045
episode:62/250, real avg travel time:209.0061804697157
step:3600/3600, q_loss:1.0888320846586592e-05, rewards:-3.6093342304229736, queue:1.3664021492004395, delay:0.14253126084804535, throughput:4054
episode:63/250, real avg travel time:217.666255550074
step:3600/3600, q_loss:1.1346393390946711e-05, rewards:-3.5751044750213623, queue:1.332539677619934, delay:0.14248915016651154, throughput:4061
episode:64/250, real avg travel time:216.50258557005662
step:3600/3600, q_loss:1.528865614091046e-05, rewards:-3.6539313793182373, queue:1.3498677015304565, delay:0.14320611953735352, throughput:4063
episode:65/250, real avg travel time:209.27418163918287
Test step:65/250, travel time :211.57132262051917, rewards:-5.239890098571777, queue:1.6111111640930176, delay:0.1536831110715866, throughput:4045
New best TEST travel time 211.5713 at episode 65, saved as best checkpoint
step:3600/3600, q_loss:1.7666060820273642e-05, rewards:-3.55804181098938, queue:1.3350529670715332, delay:0.1415558010339737, throughput:4054
episode:66/250, real avg travel time:212.48618648248643
step:3600/3600, q_loss:8.763098271123858e-05, rewards:-4.30030632019043, queue:1.5093915462493896, delay:0.1462719589471817, throughput:4054
episode:67/250, real avg travel time:220.02072027627034
step:3600/3600, q_loss:1.1555230432552182e-05, rewards:-3.6135685443878174, queue:1.3318783044815063, delay:0.14216633141040802, throughput:4052
episode:68/250, real avg travel time:210.26085883514313
step:3600/3600, q_loss:1.523837199783884e-05, rewards:-3.6369309425354004, queue:1.3480159044265747, delay:0.1438131034374237, throughput:4067
episode:69/250, real avg travel time:216.79198426358496
step:3600/3600, q_loss:1.887717379658069e-05, rewards:-3.810326099395752, queue:1.3911375999450684, delay:0.14143545925617218, throughput:4062
episode:70/250, real avg travel time:218.50123092072872
Test step:70/250, travel time :247.7842132239877, rewards:-7.75961446762085, queue:2.2047619819641113, delay:0.19044539332389832, throughput:3902
step:3600/3600, q_loss:1.6413697449024766e-05, rewards:-3.7801945209503174, queue:1.3768517971038818, delay:0.14589786529541016, throughput:4065
episode:71/250, real avg travel time:215.92841328413283
step:3600/3600, q_loss:3.71441112494924e-06, rewards:-3.391643524169922, queue:1.2792328596115112, delay:0.13877026736736298, throughput:4056
episode:72/250, real avg travel time:207.93293885601577
step:3600/3600, q_loss:6.557465530931949e-06, rewards:-3.3850927352905273, queue:1.2768518924713135, delay:0.14162279665470123, throughput:4067
episode:73/250, real avg travel time:211.02901401524466
step:3600/3600, q_loss:1.0549648302710718e-05, rewards:-3.4941015243530273, queue:1.3198412656784058, delay:0.14112676680088043, throughput:4065
episode:74/250, real avg travel time:214.82706027060271
step:3600/3600, q_loss:2.538492561951797e-05, rewards:-3.6641533374786377, queue:1.377645492553711, delay:0.1409969925880432, throughput:4059
episode:75/250, real avg travel time:214.72653362897265
Test step:75/250, travel time :232.4824695121951, rewards:-4.9319963455200195, queue:1.7169312238693237, delay:0.15827587246894836, throughput:3936
step:3600/3600, q_loss:9.81630404971333e-07, rewards:-3.1891937255859375, queue:1.248809576034546, delay:0.1361587941646576, throughput:4065
episode:76/250, real avg travel time:206.07724477244773
step:3600/3600, q_loss:5.3814398173320416e-05, rewards:-3.9252333641052246, queue:1.4117724895477295, delay:0.141341432929039, throughput:4072
episode:77/250, real avg travel time:216.81777996070727
step:3600/3600, q_loss:2.1720677129148195e-05, rewards:-3.690613031387329, queue:1.384523868560791, delay:0.1451633870601654, throughput:4064
episode:78/250, real avg travel time:218.58366141732284
step:3600/3600, q_loss:6.616594045125466e-06, rewards:-3.4307212829589844, queue:1.2944444417953491, delay:0.1420854777097702, throughput:4063
episode:79/250, real avg travel time:210.47797194191483
step:3600/3600, q_loss:8.897085515652886e-06, rewards:-3.271998405456543, queue:1.2437831163406372, delay:0.14097772538661957, throughput:4065
episode:80/250, real avg travel time:207.28093480934808
Test step:80/250, travel time :239.72192513368984, rewards:-6.26043701171875, queue:2.0649471282958984, delay:0.17456704378128052, throughput:3927
step:3600/3600, q_loss:3.442045110407182e-06, rewards:-3.1481096744537354, queue:1.2030422687530518, delay:0.13726629316806793, throughput:4061
episode:81/250, real avg travel time:207.38906673233194
step:3600/3600, q_loss:9.57051541061244e-06, rewards:-3.468881607055664, queue:1.2821428775787354, delay:0.1454852968454361, throughput:4055
episode:82/250, real avg travel time:210.23625154130704
step:3600/3600, q_loss:4.279701655226139e-06, rewards:-3.235567331314087, queue:1.2343915700912476, delay:0.13928668200969696, throughput:4062
episode:83/250, real avg travel time:209.73436730674544
step:3600/3600, q_loss:3.725625517997994e-05, rewards:-3.176628351211548, queue:1.2056878805160522, delay:0.1379278004169464, throughput:4061
episode:84/250, real avg travel time:206.53952228515143
step:3600/3600, q_loss:-2.2420325775682512e-07, rewards:-3.123051643371582, queue:1.2157407999038696, delay:0.1348419040441513, throughput:4077
episode:85/250, real avg travel time:209.1147902869757
Test step:85/250, travel time :208.53164245259788, rewards:-3.52300763130188, queue:1.308465600013733, delay:0.14097462594509125, throughput:4061
New best TEST travel time 208.5316 at episode 85, saved as best checkpoint
step:3600/3600, q_loss:6.243967113227376e-06, rewards:-2.997293472290039, queue:1.182539701461792, delay:0.13444800674915314, throughput:4066
episode:86/250, real avg travel time:208.93261190359075
step:3600/3600, q_loss:2.4501774249882955e-05, rewards:-3.603257656097412, queue:1.3583333492279053, delay:0.14057113230228424, throughput:4067
episode:87/250, real avg travel time:217.9786083107942
step:3600/3600, q_loss:1.9150937360892486e-05, rewards:-2.9668169021606445, queue:1.1757936477661133, delay:0.13369517028331757, throughput:4069
episode:88/250, real avg travel time:206.07004177930696
step:3600/3600, q_loss:3.9862559626473945e-05, rewards:-3.4615583419799805, queue:1.3091269731521606, delay:0.14267554879188538, throughput:4053
episode:89/250, real avg travel time:215.15568714532446
step:3600/3600, q_loss:5.9441244876426125e-05, rewards:-3.9621663093566895, queue:1.3588624000549316, delay:0.14052271842956543, throughput:4062
episode:90/250, real avg travel time:215.61964549483014
Test step:90/250, travel time :208.56763403836695, rewards:-3.37418794631958, queue:1.285449743270874, delay:0.141775980591774, throughput:4066
step:3600/3600, q_loss:1.3942772339861323e-05, rewards:-3.1356618404388428, queue:1.1947089433670044, delay:0.13493981957435608, throughput:4070
episode:91/250, real avg travel time:205.08009828009827
step:3600/3600, q_loss:3.510775984775844e-05, rewards:-3.6863160133361816, queue:1.3300265073776245, delay:0.14007924497127533, throughput:4068
episode:92/250, real avg travel time:212.38126843657818
step:3600/3600, q_loss:7.362475743219774e-06, rewards:-2.9506516456604004, queue:1.1428571939468384, delay:0.13385894894599915, throughput:4071
episode:93/250, real avg travel time:204.37091623679686
step:3600/3600, q_loss:2.8476667486959032e-05, rewards:-3.5245234966278076, queue:1.3175926208496094, delay:0.13994348049163818, throughput:4064
episode:94/250, real avg travel time:216.52140748031496
step:3600/3600, q_loss:8.042592687868617e-06, rewards:-3.068917751312256, queue:1.196825385093689, delay:0.13595044612884521, throughput:4064
episode:95/250, real avg travel time:205.96825787401573
Test step:95/250, travel time :212.06758756783424, rewards:-3.679006576538086, queue:1.3734127283096313, delay:0.146591916680336, throughput:4054
step:3600/3600, q_loss:1.0390739043941722e-05, rewards:-3.227882146835327, queue:1.210185170173645, delay:0.13658465445041656, throughput:4061
episode:96/250, real avg travel time:207.8670278256587
step:3600/3600, q_loss:1.529387534699506e-05, rewards:-3.2569711208343506, queue:1.281084656715393, delay:0.1365758776664734, throughput:4059
episode:97/250, real avg travel time:206.47844296624785
step:3600/3600, q_loss:9.450403255565714e-06, rewards:-3.191884756088257, queue:1.2161375284194946, delay:0.1362186074256897, throughput:4068
episode:98/250, real avg travel time:203.55137659783676
step:3600/3600, q_loss:9.749347373144702e-06, rewards:-3.1443233489990234, queue:1.1757936477661133, delay:0.13499994575977325, throughput:4070
episode:99/250, real avg travel time:204.1808353808354
step:3600/3600, q_loss:4.57252070999756e-06, rewards:-3.0218844413757324, queue:1.1534391641616821, delay:0.13527829945087433, throughput:4073
episode:100/250, real avg travel time:201.82052541124477
Test step:100/250, travel time :204.8945945945946, rewards:-3.5757484436035156, queue:1.2768518924713135, delay:0.14711500704288483, throughput:4070
New best TEST travel time 204.8946 at episode 100, saved as best checkpoint
step:3600/3600, q_loss:1.420643962369973e-05, rewards:-3.0739736557006836, queue:1.1870369911193848, delay:0.13176769018173218, throughput:4061
episode:101/250, real avg travel time:203.57941393745384
step:3600/3600, q_loss:8.535065959828596e-06, rewards:-3.1673014163970947, queue:1.189021110534668, delay:0.13626590371131897, throughput:4069
episode:102/250, real avg travel time:203.14868518063406
step:3600/3600, q_loss:8.937650434543481e-06, rewards:-2.8698339462280273, queue:1.1235449314117432, delay:0.13515442609786987, throughput:4054
episode:103/250, real avg travel time:204.67661568820918
step:3600/3600, q_loss:1.6235625743219216e-05, rewards:-3.916691780090332, queue:1.4289683103561401, delay:0.14001727104187012, throughput:4069
episode:104/250, real avg travel time:209.38559842713198
step:3600/3600, q_loss:5.029531045389982e-06, rewards:-3.238290786743164, queue:1.1992063522338867, delay:0.13678139448165894, throughput:4068
episode:105/250, real avg travel time:203.7760570304818
Test step:105/250, travel time :204.33398869501107, rewards:-3.4269988536834717, queue:1.2431217432022095, delay:0.14763981103897095, throughput:4069
New best TEST travel time 204.3340 at episode 105, saved as best checkpoint
step:3600/3600, q_loss:9.672808381664152e-06, rewards:-3.112534523010254, queue:1.1835979223251343, delay:0.13403765857219696, throughput:4070
episode:106/250, real avg travel time:204.31719901719902
step:3600/3600, q_loss:6.671379435121909e-05, rewards:-4.029986381530762, queue:1.6132274866104126, delay:0.1364695280790329, throughput:4005
episode:107/250, real avg travel time:206.34531835205993
step:3600/3600, q_loss:8.932584912852487e-06, rewards:-3.10313081741333, queue:1.1978836059570312, delay:0.13431262969970703, throughput:4072
episode:108/250, real avg travel time:207.66552062868368
step:3600/3600, q_loss:9.3017351456284e-05, rewards:-4.046568393707275, queue:1.3588624000549316, delay:0.13821858167648315, throughput:4064
episode:109/250, real avg travel time:225.1811023622047
step:3600/3600, q_loss:3.957363272396227e-06, rewards:-2.8397512435913086, queue:1.111640214920044, delay:0.13505861163139343, throughput:4067
episode:110/250, real avg travel time:208.1984263584952
Test step:110/250, travel time :239.9958220693045, rewards:-4.326451301574707, queue:1.4828041791915894, delay:0.15676374733448029, throughput:4069
step:3600/3600, q_loss:2.821124467623627e-05, rewards:-3.1924824714660645, queue:1.2208994626998901, delay:0.136114239692688, throughput:4074
episode:111/250, real avg travel time:208.02331860579284
step:3600/3600, q_loss:1.0805435845718925e-05, rewards:-2.85638689994812, queue:1.1178570985794067, delay:0.13056360185146332, throughput:4066
episode:112/250, real avg travel time:207.280127889818
step:3600/3600, q_loss:5.150090873939916e-06, rewards:-2.883572816848755, queue:1.12843918800354, delay:0.13195765018463135, throughput:4069
episode:113/250, real avg travel time:205.95723765052838
step:3600/3600, q_loss:5.681774321904717e-06, rewards:-2.7874248027801514, queue:1.109788417816162, delay:0.13017185032367706, throughput:4063
episode:114/250, real avg travel time:209.0898350972188
step:3600/3600, q_loss:9.29736460319772e-06, rewards:-2.923586130142212, queue:1.1564815044403076, delay:0.13391458988189697, throughput:4070
episode:115/250, real avg travel time:208.06953316953317
Test step:115/250, travel time :260.12549309664695, rewards:-4.024870872497559, queue:1.4543651342391968, delay:0.14938463270664215, throughput:4056
step:3600/3600, q_loss:1.849045183917042e-05, rewards:-2.9814774990081787, queue:1.1723544597625732, delay:0.13402874767780304, throughput:4068
episode:116/250, real avg travel time:210.0730088495575
step:3600/3600, q_loss:1.161506960569467e-05, rewards:-2.882397413253784, queue:1.1190476417541504, delay:0.12999944388866425, throughput:4070
episode:117/250, real avg travel time:205.7972972972973
step:3600/3600, q_loss:4.083522475816102e-06, rewards:-2.765408754348755, queue:1.07962965965271, delay:0.12653778493404388, throughput:4052
episode:118/250, real avg travel time:206.8215695952616
step:3600/3600, q_loss:1.678215675282344e-05, rewards:-2.591789960861206, queue:1.0658730268478394, delay:0.12969447672367096, throughput:4071
episode:119/250, real avg travel time:205.24220093343158
step:3600/3600, q_loss:1.6383836918976157e-05, rewards:-2.9019269943237305, queue:1.1277778148651123, delay:0.130672425031662, throughput:4063
episode:120/250, real avg travel time:203.23726310607924
Test step:120/250, travel time :220.409884435702, rewards:-3.737525463104248, queue:1.3670635223388672, delay:0.135776549577713, throughput:4067
step:3600/3600, q_loss:1.4524240800205412e-05, rewards:-2.9225735664367676, queue:1.1433862447738647, delay:0.1310442090034485, throughput:4072
episode:121/250, real avg travel time:212.9029960707269
step:3600/3600, q_loss:1.2091801181668416e-05, rewards:-2.788109064102173, queue:1.0859788656234741, delay:0.12859655916690826, throughput:4077
episode:122/250, real avg travel time:203.87024773117489
step:3600/3600, q_loss:7.527356016604851e-06, rewards:-2.800140619277954, queue:1.1140211820602417, delay:0.13227926194667816, throughput:4074
episode:123/250, real avg travel time:208.37800687285224
step:3600/3600, q_loss:8.635428659747251e-07, rewards:-2.764469623565674, queue:1.1039682626724243, delay:0.13025327026844025, throughput:4080
episode:124/250, real avg travel time:203.77622549019608
step:3600/3600, q_loss:1.0298339879631789e-05, rewards:-2.928703784942627, queue:1.1239417791366577, delay:0.12723909318447113, throughput:4070
episode:125/250, real avg travel time:207.34496314496315
Test step:125/250, travel time :214.11146811665841, rewards:-2.8780767917633057, queue:1.1593915224075317, delay:0.13504792749881744, throughput:4046
step:3600/3600, q_loss:1.2157563792748583e-05, rewards:-2.827789068222046, queue:1.1014549732208252, delay:0.12644235789775848, throughput:4059
episode:126/250, real avg travel time:206.1919191919192
step:3600/3600, q_loss:8.243749188194569e-06, rewards:-2.8776347637176514, queue:1.0875661373138428, delay:0.13053081929683685, throughput:4073
episode:127/250, real avg travel time:205.99214338325558
step:3600/3600, q_loss:1.605755011648095e-05, rewards:-3.2385590076446533, queue:1.234788417816162, delay:0.13737370073795319, throughput:4078
episode:128/250, real avg travel time:216.7685139774399
step:3600/3600, q_loss:4.574321388241111e-06, rewards:-2.861593246459961, queue:1.1126984357833862, delay:0.12857811152935028, throughput:4058
episode:129/250, real avg travel time:211.0823065549532
step:3600/3600, q_loss:1.540861404565577e-05, rewards:-2.9102041721343994, queue:1.1173280477523804, delay:0.1309853494167328, throughput:4067
episode:130/250, real avg travel time:207.95697074010326
Test step:130/250, travel time :225.80069152877255, rewards:-3.085106134414673, queue:1.2362433671951294, delay:0.1346552073955536, throughput:4049
step:3600/3600, q_loss:2.3987649183254688e-05, rewards:-2.9312729835510254, queue:1.1248676776885986, delay:0.12810908257961273, throughput:4045
episode:131/250, real avg travel time:208.9238566131026
step:3600/3600, q_loss:1.0862099669692623e-05, rewards:-3.1007962226867676, queue:1.1862434148788452, delay:0.13153934478759766, throughput:4046
episode:132/250, real avg travel time:210.07068709836875
step:3600/3600, q_loss:1.3724642728144925e-05, rewards:-3.03885555267334, queue:1.1629629135131836, delay:0.130435049533844, throughput:4074
episode:133/250, real avg travel time:209.3487972508591
step:3600/3600, q_loss:1.826569702340445e-05, rewards:-2.995823383331299, queue:1.1513227224349976, delay:0.13176970183849335, throughput:4059
episode:134/250, real avg travel time:208.53116531165313
step:3600/3600, q_loss:8.912876000977122e-06, rewards:-2.708554983139038, queue:1.0785714387893677, delay:0.1281723529100418, throughput:4051
episode:135/250, real avg travel time:208.3063441125648
Test step:135/250, travel time :222.42077857674187, rewards:-2.916948080062866, queue:1.1187831163406372, delay:0.13181306421756744, throughput:4033
step:3600/3600, q_loss:9.527973088552243e-06, rewards:-2.660684823989868, queue:1.0650793313980103, delay:0.1284436136484146, throughput:4034
episode:136/250, real avg travel time:206.0007436787308
step:3600/3600, q_loss:2.2731034308283902e-05, rewards:-3.3594560623168945, queue:1.2661375999450684, delay:0.13645358383655548, throughput:4066
episode:137/250, real avg travel time:227.44244958189867
step:3600/3600, q_loss:6.158800574161837e-06, rewards:-2.940868377685547, queue:1.1272486448287964, delay:0.13068892061710358, throughput:4045
episode:138/250, real avg travel time:207.88726823238565
step:3600/3600, q_loss:2.505853464956292e-06, rewards:-2.949488401412964, queue:1.141798973083496, delay:0.13162516057491302, throughput:4052
episode:139/250, real avg travel time:220.06194471865746
step:3600/3600, q_loss:1.9110780016894247e-05, rewards:-3.049410104751587, queue:1.1369047164916992, delay:0.12976136803627014, throughput:4067
episode:140/250, real avg travel time:221.34915170887632
Test step:140/250, travel time :235.48740118577075, rewards:-4.004745006561279, queue:1.3842592239379883, delay:0.13650207221508026, throughput:4048
step:3600/3600, q_loss:1.4692589401319208e-05, rewards:-3.1876885890960693, queue:1.1780422925949097, delay:0.13058266043663025, throughput:4052
episode:141/250, real avg travel time:222.0893385982231
step:3600/3600, q_loss:1.9402663262250523e-05, rewards:-3.162755012512207, queue:1.182010531425476, delay:0.13491486012935638, throughput:4059
episode:142/250, real avg travel time:221.68760778516875
step:3600/3600, q_loss:3.81924566883956e-05, rewards:-3.2979116439819336, queue:1.1843914985656738, delay:0.13172438740730286, throughput:4051
episode:143/250, real avg travel time:220.33966921747717
step:3600/3600, q_loss:2.3080628387914558e-05, rewards:-3.07538104057312, queue:1.1534391641616821, delay:0.13119764626026154, throughput:4039
episode:144/250, real avg travel time:215.52339688041593
step:3600/3600, q_loss:2.008924497608354e-05, rewards:-3.0959208011627197, queue:1.1343915462493896, delay:0.12815184891223907, throughput:4052
episode:145/250, real avg travel time:215.26011846001975
Test step:145/250, travel time :239.47788485297752, rewards:-4.000992298126221, queue:1.3328042030334473, delay:0.1358620524406433, throughput:4047
step:3600/3600, q_loss:7.693893150846836e-05, rewards:-4.398885726928711, queue:1.4658730030059814, delay:0.13992302119731903, throughput:3891
episode:146/250, real avg travel time:246.0077101002313
step:3600/3600, q_loss:2.62686728496596e-05, rewards:-3.339148998260498, queue:1.2039682865142822, delay:0.1351473331451416, throughput:4054
episode:147/250, real avg travel time:224.67883571780956
step:3600/3600, q_loss:2.8400763524890257e-05, rewards:-3.3976802825927734, queue:1.200264573097229, delay:0.13231730461120605, throughput:4030
episode:148/250, real avg travel time:223.4091811414392
step:3600/3600, q_loss:2.902651588859347e-05, rewards:-2.958055257797241, queue:1.1207672357559204, delay:0.1282869279384613, throughput:4058
episode:149/250, real avg travel time:217.45786101527847
step:3600/3600, q_loss:2.7767596273204416e-05, rewards:-3.47817325592041, queue:1.2298941612243652, delay:0.13134299218654633, throughput:4036
episode:150/250, real avg travel time:224.47621407333995
Test step:150/250, travel time :230.2070419042896, rewards:-3.8538784980773926, queue:1.2878307104110718, delay:0.13537508249282837, throughput:4033
step:3600/3600, q_loss:8.696655754142234e-05, rewards:-3.785356283187866, queue:1.3244708776474, delay:0.13561242818832397, throughput:4048
episode:151/250, real avg travel time:224.67243083003953
step:3600/3600, q_loss:3.184010897206867e-05, rewards:-3.6565215587615967, queue:1.3072751760482788, delay:0.13594090938568115, throughput:4070
episode:152/250, real avg travel time:233.71523341523343
step:3600/3600, q_loss:2.0211035371175966e-05, rewards:-3.0598998069763184, queue:1.1441799402236938, delay:0.1324630230665207, throughput:4035
episode:153/250, real avg travel time:211.7097893432466
step:3600/3600, q_loss:1.6807132528305777e-05, rewards:-3.222369432449341, queue:1.1644179821014404, delay:0.13352034986019135, throughput:4063
episode:154/250, real avg travel time:218.22520305193208
step:3600/3600, q_loss:1.74028172397003e-05, rewards:-3.031944751739502, queue:1.1294974088668823, delay:0.1308223456144333, throughput:4048
episode:155/250, real avg travel time:217.8727766798419
Test step:155/250, travel time :216.90478539713862, rewards:-2.866546869277954, queue:1.0846561193466187, delay:0.1233542338013649, throughput:4054
step:3600/3600, q_loss:8.043850135032294e-06, rewards:-2.9646413326263428, queue:1.1333333253860474, delay:0.1331542432308197, throughput:4068
episode:156/250, real avg travel time:216.65535889872174
step:3600/3600, q_loss:9.915856288797739e-06, rewards:-3.3361918926239014, queue:1.2026455402374268, delay:0.138596311211586, throughput:4045
episode:157/250, real avg travel time:209.70383189122373
step:3600/3600, q_loss:1.4257799193728715e-05, rewards:-3.155599594116211, queue:1.1653438806533813, delay:0.13344593346118927, throughput:4040
episode:158/250, real avg travel time:220.75816831683167
step:3600/3600, q_loss:5.767424105821798e-06, rewards:-2.981405735015869, queue:1.132804274559021, delay:0.13460326194763184, throughput:4071
episode:159/250, real avg travel time:213.35175632522723
step:3600/3600, q_loss:1.9833943790419855e-05, rewards:-3.179363250732422, queue:1.1809524297714233, delay:0.13228821754455566, throughput:4068
episode:160/250, real avg travel time:220.66642084562437
Test step:160/250, travel time :221.4240256536754, rewards:-3.2478902339935303, queue:1.1484127044677734, delay:0.13015097379684448, throughput:4054
step:3600/3600, q_loss:1.9146248167898093e-05, rewards:-3.5458085536956787, queue:1.2564815282821655, delay:0.13588838279247284, throughput:4046
episode:161/250, real avg travel time:223.52150271873455
step:3600/3600, q_loss:9.203543878457922e-06, rewards:-2.972816228866577, queue:1.1115078926086426, delay:0.13101939857006073, throughput:4044
episode:162/250, real avg travel time:217.07665677546984
step:3600/3600, q_loss:8.109855318454922e-06, rewards:-2.947540283203125, queue:1.1093915700912476, delay:0.1281001716852188, throughput:4051
episode:163/250, real avg travel time:218.11453961984697
step:3600/3600, q_loss:4.837847882299684e-06, rewards:-2.7209527492523193, queue:1.0633597373962402, delay:0.12642861902713776, throughput:4074
episode:164/250, real avg travel time:216.10726558664703
step:3600/3600, q_loss:2.1946799986633574e-05, rewards:-3.1204681396484375, queue:1.1814814805984497, delay:0.12920862436294556, throughput:4033
episode:165/250, real avg travel time:221.0141333994545
Test step:165/250, travel time :217.4588148512417, rewards:-2.643342971801758, queue:1.0338624715805054, delay:0.1228102296590805, throughput:4067
step:3600/3600, q_loss:5.965694880513992e-06, rewards:-2.8732173442840576, queue:1.0941798686981201, delay:0.12802754342556, throughput:4064
episode:166/250, real avg travel time:216.31225393700788
step:3600/3600, q_loss:1.0682360435667861e-05, rewards:-2.8501062393188477, queue:1.0792328119277954, delay:0.13059480488300323, throughput:4077
episode:167/250, real avg travel time:209.72455236693648
step:3600/3600, q_loss:2.0429575104369885e-05, rewards:-2.8906400203704834, queue:1.0984127521514893, delay:0.12870493531227112, throughput:4047
episode:168/250, real avg travel time:214.49023968371634
step:3600/3600, q_loss:6.035752165997918e-06, rewards:-2.9120965003967285, queue:1.1182539463043213, delay:0.12866656482219696, throughput:4045
episode:169/250, real avg travel time:214.2788627935723
step:3600/3600, q_loss:1.5221595579835897e-05, rewards:-3.1991162300109863, queue:1.141931176185608, delay:0.13210810720920563, throughput:4057
episode:170/250, real avg travel time:219.55336455508996
Test step:170/250, travel time :222.56109602567267, rewards:-2.863729476928711, queue:1.0670634508132935, delay:0.12490794062614441, throughput:4051
step:3600/3600, q_loss:1.4365992602607649e-05, rewards:-2.9049112796783447, queue:1.114550232887268, delay:0.13091258704662323, throughput:4067
episode:171/250, real avg travel time:212.05360216375706
step:3600/3600, q_loss:1.3620703005775189e-05, rewards:-3.0578646659851074, queue:1.1347883939743042, delay:0.12825152277946472, throughput:4073
episode:172/250, real avg travel time:222.89516327031671
step:3600/3600, q_loss:9.794122403642784e-06, rewards:-2.7674922943115234, queue:1.0481481552124023, delay:0.12756133079528809, throughput:4044
episode:173/250, real avg travel time:213.25865479723046
step:3600/3600, q_loss:1.2525347725992712e-05, rewards:-3.0109469890594482, queue:1.1093915700912476, delay:0.1288277506828308, throughput:4044
episode:174/250, real avg travel time:211.29624134520276
step:3600/3600, q_loss:1.4603115616612034e-05, rewards:-3.0467689037323, queue:1.1191798448562622, delay:0.13136997818946838, throughput:4034
episode:175/250, real avg travel time:215.71963311849282
Test step:175/250, travel time :243.53713298791018, rewards:-4.66943883895874, queue:1.5338624715805054, delay:0.13242009282112122, throughput:4053
step:3600/3600, q_loss:3.0366030235503178e-05, rewards:-3.253830909729004, queue:1.1902116537094116, delay:0.12997068464756012, throughput:4050
episode:176/250, real avg travel time:216.65555555555557
step:3600/3600, q_loss:3.3491955400677396e-05, rewards:-3.230790615081787, queue:1.1633597612380981, delay:0.12885281443595886, throughput:4049
episode:177/250, real avg travel time:211.81328723141516
step:3600/3600, q_loss:1.2331005968412177e-05, rewards:-3.079921245574951, queue:1.1373015642166138, delay:0.1303151249885559, throughput:4022
episode:178/250, real avg travel time:221.0435106911984
step:3600/3600, q_loss:1.0206023580394685e-05, rewards:-2.83022403717041, queue:1.0871692895889282, delay:0.127846360206604, throughput:4061
episode:179/250, real avg travel time:214.48362472297464
step:3600/3600, q_loss:2.5045259584051867e-05, rewards:-3.8682162761688232, queue:1.3306878805160522, delay:0.1388724446296692, throughput:4068
episode:180/250, real avg travel time:239.196656833825
Test step:180/250, travel time :225.3139246778989, rewards:-3.292945384979248, queue:1.1583333015441895, delay:0.13060002028942108, throughput:4036
step:3600/3600, q_loss:1.3099249837169837e-05, rewards:-2.953867197036743, queue:1.1130952835083008, delay:0.13284672796726227, throughput:4064
episode:181/250, real avg travel time:212.24286417322836
step:3600/3600, q_loss:9.807062613415635e-06, rewards:-2.8341281414031982, queue:1.0789682865142822, delay:0.1296171098947525, throughput:4068
episode:182/250, real avg travel time:219.8296460176991
step:3600/3600, q_loss:9.658719015230115e-06, rewards:-3.0326714515686035, queue:1.1326719522476196, delay:0.13405470550060272, throughput:4055
episode:183/250, real avg travel time:214.27595561035758
step:3600/3600, q_loss:1.5089732834086236e-05, rewards:-2.8891820907592773, queue:1.1164021492004395, delay:0.13256873190402985, throughput:4055
episode:184/250, real avg travel time:211.12700369913688
step:3600/3600, q_loss:1.077139353987554e-06, rewards:-2.904212713241577, queue:1.0989418029785156, delay:0.13283413648605347, throughput:4055
episode:185/250, real avg travel time:208.40147965474722
Test step:185/250, travel time :225.19990079365078, rewards:-2.87298321723938, queue:1.0919312238693237, delay:0.12894482910633087, throughput:4032
step:3600/3600, q_loss:4.6801581144488106e-06, rewards:-2.8922860622406006, queue:1.090343952178955, delay:0.12864936888217926, throughput:4044
episode:186/250, real avg travel time:213.8016815034619
step:3600/3600, q_loss:6.1847552893191785e-06, rewards:-2.867725372314453, queue:1.1005290746688843, delay:0.12977361679077148, throughput:4058
episode:187/250, real avg travel time:218.7991621488418
step:3600/3600, q_loss:8.934625333899426e-07, rewards:-3.0792453289031982, queue:1.1498677730560303, delay:0.1363256275653839, throughput:4060
episode:188/250, real avg travel time:214.11896551724138
step:3600/3600, q_loss:8.825678701719475e-06, rewards:-3.019801616668701, queue:1.1539682149887085, delay:0.13710768520832062, throughput:4068
episode:189/250, real avg travel time:212.39995083579154
step:3600/3600, q_loss:3.244388305271665e-06, rewards:-2.7387535572052, queue:1.0816137790679932, delay:0.12960681319236755, throughput:4035
episode:190/250, real avg travel time:211.84312267657992
Test step:190/250, travel time :221.8343195266272, rewards:-2.745563268661499, queue:1.0804232358932495, delay:0.1280389279127121, throughput:4056
step:3600/3600, q_loss:0.00013798280431526818, rewards:-4.205523490905762, queue:1.3728835582733154, delay:0.1390787810087204, throughput:4068
episode:191/250, real avg travel time:241.57890855457228
step:3600/3600, q_loss:6.97563470263655e-06, rewards:-2.879499912261963, queue:1.1007936000823975, delay:0.13291485607624054, throughput:4048
episode:192/250, real avg travel time:204.91057312252966
step:3600/3600, q_loss:-1.3739455931095614e-06, rewards:-2.7061707973480225, queue:1.0794973373413086, delay:0.1312301605939865, throughput:4048
episode:193/250, real avg travel time:211.2522233201581
step:3600/3600, q_loss:1.0877186489071594e-05, rewards:-2.8584954738616943, queue:1.1202380657196045, delay:0.1326596736907959, throughput:4074
episode:194/250, real avg travel time:210.68581246931763
step:3600/3600, q_loss:1.5935436143384626e-06, rewards:-2.8525540828704834, queue:1.0996031761169434, delay:0.13168436288833618, throughput:4051
episode:195/250, real avg travel time:213.38385583806468
Test step:195/250, travel time :214.310361923649, rewards:-2.701857089996338, queue:1.1043651103973389, delay:0.1294529139995575, throughput:4034
step:3600/3600, q_loss:6.84012350878523e-06, rewards:-2.946629762649536, queue:1.1326719522476196, delay:0.13388727605342865, throughput:4064
episode:196/250, real avg travel time:210.9761318897638
step:3600/3600, q_loss:1.2117507503717207e-05, rewards:-2.985813617706299, queue:1.1591269969940186, delay:0.13576972484588623, throughput:4055
episode:197/250, real avg travel time:215.803205918619
step:3600/3600, q_loss:7.605259896889846e-06, rewards:-2.9597415924072266, queue:1.1312168836593628, delay:0.13393786549568176, throughput:4057
episode:198/250, real avg travel time:210.1833867389697
step:3600/3600, q_loss:1.1379512620300779e-05, rewards:-2.8468496799468994, queue:1.116269826889038, delay:0.1344940960407257, throughput:4044
episode:199/250, real avg travel time:209.84495548961425
step:3600/3600, q_loss:-3.5829950421531167e-06, rewards:-2.8196849822998047, queue:1.1068782806396484, delay:0.13204005360603333, throughput:4042
episode:200/250, real avg travel time:209.64398812469074
Test step:200/250, travel time :223.24201930215293, rewards:-2.7414486408233643, queue:1.0552910566329956, delay:0.1280500590801239, throughput:4041
step:3600/3600, q_loss:2.0693752594524996e-05, rewards:-3.1643073558807373, queue:1.1957671642303467, delay:0.13198354840278625, throughput:4044
episode:201/250, real avg travel time:230.32096933728982
step:3600/3600, q_loss:-1.5763127723605269e-06, rewards:-2.79459285736084, queue:1.086111068725586, delay:0.13019303977489471, throughput:4025
episode:202/250, real avg travel time:210.20546583850933
step:3600/3600, q_loss:7.864151727214146e-06, rewards:-2.9311931133270264, queue:1.1074074506759644, delay:0.13076041638851166, throughput:4064
episode:203/250, real avg travel time:218.8939468503937
step:3600/3600, q_loss:6.193762237671762e-06, rewards:-2.8896396160125732, queue:1.0828042030334473, delay:0.12551738321781158, throughput:4057
episode:204/250, real avg travel time:215.31180675375893
step:3600/3600, q_loss:9.21249973341926e-06, rewards:-2.932204484939575, queue:1.0952380895614624, delay:0.12989689409732819, throughput:4059
episode:205/250, real avg travel time:218.97782705099777
Test step:205/250, travel time :238.43371118777722, rewards:-3.5864531993865967, queue:1.258994698524475, delay:0.13474120199680328, throughput:4058
step:3600/3600, q_loss:1.0114883803503794e-05, rewards:-2.8427741527557373, queue:1.0772486925125122, delay:0.1282573789358139, throughput:4040
episode:206/250, real avg travel time:217.18638613861387
step:3600/3600, q_loss:2.6215991561508014e-06, rewards:-2.7756693363189697, queue:1.0780422687530518, delay:0.13008010387420654, throughput:4056
episode:207/250, real avg travel time:211.32125246548324
step:3600/3600, q_loss:6.859221644440873e-06, rewards:-3.1341843605041504, queue:1.1502645015716553, delay:0.13436834514141083, throughput:4050
episode:208/250, real avg travel time:226.97753086419752
step:3600/3600, q_loss:4.0200802080410845e-06, rewards:-3.062793016433716, queue:1.1075396537780762, delay:0.1318318396806717, throughput:4075
episode:209/250, real avg travel time:219.89815950920246
step:3600/3600, q_loss:7.974541626430841e-06, rewards:-2.89001727104187, queue:1.095634937286377, delay:0.12828615307807922, throughput:4041
episode:210/250, real avg travel time:216.20762187577333
Test step:210/250, travel time :234.11264141662568, rewards:-3.116727590560913, queue:1.1748677492141724, delay:0.13122963905334473, throughput:4066
step:3600/3600, q_loss:1.0953530565732055e-05, rewards:-2.8703317642211914, queue:1.0830687284469604, delay:0.12594616413116455, throughput:4067
episode:211/250, real avg travel time:221.90041799852472
step:3600/3600, q_loss:1.67147551514467e-05, rewards:-3.1651313304901123, queue:1.140211582183838, delay:0.1293981820344925, throughput:4045
episode:212/250, real avg travel time:221.03139678615574
step:3600/3600, q_loss:6.209965067682788e-06, rewards:-2.8483076095581055, queue:1.0638889074325562, delay:0.12917156517505646, throughput:4029
episode:213/250, real avg travel time:215.93943906676594
step:3600/3600, q_loss:1.2358567619230599e-05, rewards:-2.9043362140655518, queue:1.0738095045089722, delay:0.1260463297367096, throughput:4043
episode:214/250, real avg travel time:217.78604996289883
step:3600/3600, q_loss:9.849067444318078e-06, rewards:-2.7429821491241455, queue:1.0543650388717651, delay:0.12840037047863007, throughput:4039
episode:215/250, real avg travel time:211.93166625402327
Test step:215/250, travel time :214.13410718695974, rewards:-2.4589619636535645, queue:1.0018517971038818, delay:0.1254444718360901, throughput:4049
step:3600/3600, q_loss:1.4533884596959171e-05, rewards:-2.9419288635253906, queue:1.1054233312606812, delay:0.12961122393608093, throughput:4057
episode:216/250, real avg travel time:219.82524032536358
step:3600/3600, q_loss:7.4140972881448555e-06, rewards:-2.6670079231262207, queue:1.0321428775787354, delay:0.12598322331905365, throughput:4053
episode:217/250, real avg travel time:222.46928201332346
step:3600/3600, q_loss:2.6754772989079355e-06, rewards:-2.8498244285583496, queue:1.0965608358383179, delay:0.13065743446350098, throughput:4062
episode:218/250, real avg travel time:220.21442639094042
step:3600/3600, q_loss:1.3386071562611809e-05, rewards:-3.061753273010254, queue:1.1734126806259155, delay:0.13179020583629608, throughput:4043
episode:219/250, real avg travel time:222.3415780361118
step:3600/3600, q_loss:3.095145439147018e-06, rewards:-2.8530611991882324, queue:1.1005290746688843, delay:0.131400465965271, throughput:4048
episode:220/250, real avg travel time:212.27173913043478
Test step:220/250, travel time :235.7944624594662, rewards:-2.7812366485595703, queue:1.1009259223937988, delay:0.13053475320339203, throughput:4009
step:3600/3600, q_loss:5.542107586128016e-06, rewards:-2.641188621520996, queue:1.066269874572754, delay:0.12976887822151184, throughput:4053
episode:221/250, real avg travel time:218.2208240809277
step:3600/3600, q_loss:1.8737960393385342e-06, rewards:-2.7708771228790283, queue:1.0775132179260254, delay:0.13174451887607574, throughput:4056
episode:222/250, real avg travel time:217.18219921104537
step:3600/3600, q_loss:2.0702807685463793e-07, rewards:-2.8797414302825928, queue:1.1289682388305664, delay:0.13281364738941193, throughput:4021
episode:223/250, real avg travel time:216.04625714996268
step:3600/3600, q_loss:4.763069591717795e-06, rewards:-2.9484124183654785, queue:1.1148147583007812, delay:0.13300490379333496, throughput:4039
episode:224/250, real avg travel time:221.3102253032929
step:3600/3600, q_loss:-8.341731396891797e-07, rewards:-2.7545621395111084, queue:1.0855820178985596, delay:0.1334337741136551, throughput:4056
episode:225/250, real avg travel time:215.7189349112426
Test step:225/250, travel time :212.45038356842366, rewards:-2.473357915878296, queue:1.0154762268066406, delay:0.1258961260318756, throughput:4041
step:3600/3600, q_loss:-6.810354453692626e-06, rewards:-2.7479844093322754, queue:1.0941798686981201, delay:0.13314299285411835, throughput:4054
episode:226/250, real avg travel time:209.61889491859893
step:3600/3600, q_loss:5.996984012502556e-05, rewards:-3.96059513092041, queue:1.4267195463180542, delay:0.1414969116449356, throughput:4070
episode:227/250, real avg travel time:239.1818181818182
step:3600/3600, q_loss:7.804063352523372e-06, rewards:-2.7569689750671387, queue:1.0760581493377686, delay:0.13171975314617157, throughput:4064
episode:228/250, real avg travel time:208.6156496062992
step:3600/3600, q_loss:1.0365906685668354e-05, rewards:-2.657707929611206, queue:1.0546296834945679, delay:0.12973731756210327, throughput:4070
episode:229/250, real avg travel time:208.23832923832924
step:3600/3600, q_loss:1.5743484497458363e-05, rewards:-3.170428514480591, queue:1.195899486541748, delay:0.13333846628665924, throughput:4054
episode:230/250, real avg travel time:222.0340404538727
Test step:230/250, travel time :223.18986402966627, rewards:-2.713095188140869, queue:1.0625661611557007, delay:0.12559427320957184, throughput:4045
step:3600/3600, q_loss:3.4559706465289412e-06, rewards:-2.6184704303741455, queue:1.040740728378296, delay:0.1251285970211029, throughput:4063
episode:231/250, real avg travel time:215.91262613832143
step:3600/3600, q_loss:2.5356632249895485e-06, rewards:-2.6603682041168213, queue:1.0366401672363281, delay:0.1250002235174179, throughput:4064
episode:232/250, real avg travel time:221.28198818897638
step:3600/3600, q_loss:8.017616184790515e-07, rewards:-2.590104103088379, queue:1.0248677730560303, delay:0.12461830675601959, throughput:4070
episode:233/250, real avg travel time:218.08746928746928
step:3600/3600, q_loss:9.517885498806007e-06, rewards:-2.603986978530884, queue:1.009920597076416, delay:0.12354011088609695, throughput:4050
episode:234/250, real avg travel time:215.30345679012345
step:3600/3600, q_loss:1.0326949349190625e-05, rewards:-2.712334632873535, queue:1.0517195463180542, delay:0.12440404295921326, throughput:4031
episode:235/250, real avg travel time:213.1431406598859
Test step:235/250, travel time :232.24748589649252, rewards:-3.3519036769866943, queue:1.180820107460022, delay:0.1297803819179535, throughput:4077
step:3600/3600, q_loss:6.24826756797524e-06, rewards:-2.936199903488159, queue:1.0890212059020996, delay:0.1277446299791336, throughput:4065
episode:236/250, real avg travel time:214.79458794587947
step:3600/3600, q_loss:2.3426051565264868e-05, rewards:-2.986668586730957, queue:1.0915343761444092, delay:0.1268947571516037, throughput:4048
episode:237/250, real avg travel time:217.55311264822134
step:3600/3600, q_loss:2.0179888856041038e-05, rewards:-2.8904011249542236, queue:1.0660053491592407, delay:0.12554167211055756, throughput:4052
episode:238/250, real avg travel time:222.08267522211253
step:3600/3600, q_loss:1.506445009403655e-05, rewards:-2.734614133834839, queue:1.0313491821289062, delay:0.1266976296901703, throughput:4050
episode:239/250, real avg travel time:210.14246913580246
step:3600/3600, q_loss:1.568543189528605e-05, rewards:-2.8501875400543213, queue:1.0669312477111816, delay:0.12821520864963531, throughput:4045
episode:240/250, real avg travel time:219.98244746600741
Test step:240/250, travel time :227.34189089113798, rewards:-3.060237407684326, queue:1.0957671403884888, delay:0.12592390179634094, throughput:4051
step:3600/3600, q_loss:1.3243824004247371e-05, rewards:-2.7093231678009033, queue:1.0492063760757446, delay:0.12644165754318237, throughput:4040
episode:241/250, real avg travel time:213.8581683168317
step:3600/3600, q_loss:2.2420624736696483e-05, rewards:-2.932014226913452, queue:1.0943121910095215, delay:0.1269303262233734, throughput:4040
episode:242/250, real avg travel time:219.40643564356435
step:3600/3600, q_loss:7.5114668612109705e-06, rewards:-2.704664707183838, queue:1.0489418506622314, delay:0.12659379839897156, throughput:4040
episode:243/250, real avg travel time:213.07029702970297
step:3600/3600, q_loss:1.1303477084665146e-05, rewards:-2.543356418609619, queue:1.0218254327774048, delay:0.12458160519599915, throughput:4046
episode:244/250, real avg travel time:215.76272862086012
step:3600/3600, q_loss:1.1916701462016337e-05, rewards:-2.6842477321624756, queue:1.0477513074874878, delay:0.1272875964641571, throughput:4029
episode:245/250, real avg travel time:216.78481012658227
Test step:245/250, travel time :234.9221483123922, rewards:-3.1960856914520264, queue:1.1533068418502808, delay:0.12728345394134521, throughput:4059
step:3600/3600, q_loss:4.754635827137261e-06, rewards:-2.7820372581481934, queue:1.0271164178848267, delay:0.12397656589746475, throughput:4033
episode:246/250, real avg travel time:219.9005702950657
step:3600/3600, q_loss:1.3172685268930056e-05, rewards:-3.088618755340576, queue:1.1191798448562622, delay:0.12929581105709076, throughput:4070
episode:247/250, real avg travel time:222.9044226044226
step:3600/3600, q_loss:2.069348936654731e-05, rewards:-3.1590278148651123, queue:1.163095235824585, delay:0.12866602838039398, throughput:4042
episode:248/250, real avg travel time:225.2577931716972
step:3600/3600, q_loss:1.4778443033315449e-05, rewards:-2.9379727840423584, queue:1.0989418029785156, delay:0.1309802532196045, throughput:4022
episode:249/250, real avg travel time:221.53804077573346
Hyperparameters saved to: data/output_data/tsc/sumo_hyperlight_mappo/sumo1x21/qr2_sumo1x21_seed0/hyperparameters.json
Loaded best checkpoint for final evaluation
Final Travel Time is 204.3340, mean rewards: -3.4270, queue: 1.2431, delay: 0.1476, throughput: 4069
Total time taken: 14223.23880648613
