structural conditioning spec: structural_v1:in_degree,lanes_per_in_road
structural features (min/mean/max): in_degree[3/3.19/4] lanes_per_in_road[1.33333/2.33/4]
step:3600/3600, q_loss:0.000201266990431274, rewards:-11.48699951171875, queue:3.4796295166015625, delay:0.21895867586135864, throughput:3988
episode:0/250, real avg travel time:292.64994984954865
Test step:0/250, travel time :597.7213836477987, rewards:-39.90880584716797, queue:11.676719665527344, delay:0.36350759863853455, throughput:1590
New best TEST travel time 597.7214 at episode 0, saved as best checkpoint
step:3600/3600, q_loss:0.00025839356110534734, rewards:-10.593509674072266, queue:3.32275128364563, delay:0.20900677144527435, throughput:4001
episode:1/250, real avg travel time:288.1574606348413
step:3600/3600, q_loss:0.0002175082387920055, rewards:-11.036388397216797, queue:3.375, delay:0.20681916177272797, throughput:4005
episode:2/250, real avg travel time:284.38102372034956
step:3600/3600, q_loss:0.0001333179770477323, rewards:-9.520903587341309, queue:2.9788360595703125, delay:0.19713446497917175, throughput:4005
episode:3/250, real avg travel time:275.28189762796507
step:3600/3600, q_loss:0.00017988906410108837, rewards:-9.329416275024414, queue:2.9841270446777344, delay:0.19019019603729248, throughput:3921
episode:4/250, real avg travel time:295.9979597041571
step:3600/3600, q_loss:8.503909662572874e-05, rewards:-8.981407165527344, queue:2.879629611968994, delay:0.19366200268268585, throughput:3989
episode:5/250, real avg travel time:271.9889696665831
Test step:5/250, travel time :251.95962490231832, rewards:-8.014278411865234, queue:2.8736772537231445, delay:0.1718371957540512, throughput:3839
New best TEST travel time 251.9596 at episode 5, saved as best checkpoint
step:3600/3600, q_loss:8.568690698464504e-05, rewards:-8.296245574951172, queue:2.6621692180633545, delay:0.18476128578186035, throughput:3980
episode:6/250, real avg travel time:284.54798994974874
step:3600/3600, q_loss:8.143342129187658e-05, rewards:-8.120222091674805, queue:2.678703784942627, delay:0.1826733946800232, throughput:4005
episode:7/250, real avg travel time:274.73283395755305
step:3600/3600, q_loss:5.9186519421119654e-05, rewards:-8.061623573303223, queue:2.660846471786499, delay:0.18452243506908417, throughput:3905
episode:8/250, real avg travel time:290.3134443021767
step:3600/3600, q_loss:3.583683719625697e-05, rewards:-7.042205333709717, queue:2.3838624954223633, delay:0.17776574194431305, throughput:3998
episode:9/250, real avg travel time:250.41320660330166
step:3600/3600, q_loss:2.0142808757049756e-05, rewards:-6.35057258605957, queue:2.1861112117767334, delay:0.16505758464336395, throughput:4021
episode:10/250, real avg travel time:254.91047003233027
Test step:10/250, travel time :251.95962490231832, rewards:-8.014278411865234, queue:2.8736772537231445, delay:0.1718371957540512, throughput:3839
step:3600/3600, q_loss:1.7077487589429237e-05, rewards:-5.885127544403076, queue:2.0677249431610107, delay:0.16262668371200562, throughput:4005
episode:11/250, real avg travel time:253.29812734082398
step:3600/3600, q_loss:7.457819366310206e-06, rewards:-5.1969499588012695, queue:1.8945766687393188, delay:0.15624238550662994, throughput:4021
episode:12/250, real avg travel time:245.68465555831884
step:3600/3600, q_loss:2.6847647515953415e-05, rewards:-5.6362996101379395, queue:1.9994709491729736, delay:0.1569926142692566, throughput:4024
episode:13/250, real avg travel time:250.99478131212723
step:3600/3600, q_loss:4.972942656927949e-05, rewards:-5.938453674316406, queue:2.0511903762817383, delay:0.15843798220157623, throughput:4006
episode:14/250, real avg travel time:247.9618072890664
step:3600/3600, q_loss:3.2313281634641397e-05, rewards:-5.26727819442749, queue:1.9179893732070923, delay:0.1553288996219635, throughput:4022
episode:15/250, real avg travel time:242.4669318746892
Test step:15/250, travel time :251.95962490231832, rewards:-8.014278411865234, queue:2.8736772537231445, delay:0.1718371957540512, throughput:3839
step:3600/3600, q_loss:3.4613615005380575e-05, rewards:-5.492833614349365, queue:1.9269840717315674, delay:0.15873338282108307, throughput:4028
episode:16/250, real avg travel time:247.57373386295927
step:3600/3600, q_loss:3.615522348102079e-05, rewards:-5.299195289611816, queue:1.92037034034729, delay:0.15540269017219543, throughput:4020
episode:17/250, real avg travel time:241.73805970149255
step:3600/3600, q_loss:3.838167047231562e-05, rewards:-5.421167850494385, queue:1.99828040599823, delay:0.15723252296447754, throughput:3964
episode:18/250, real avg travel time:266.1811301715439
step:3600/3600, q_loss:6.8992448440339e-05, rewards:-6.1262736320495605, queue:2.0440475940704346, delay:0.15860219299793243, throughput:4009
episode:19/250, real avg travel time:251.39660763282615
step:3600/3600, q_loss:3.548052077854259e-05, rewards:-5.196319103240967, queue:1.9059523344039917, delay:0.15488512814044952, throughput:4011
episode:20/250, real avg travel time:242.4420344053852
Test step:20/250, travel time :251.95962490231832, rewards:-8.014278411865234, queue:2.8736772537231445, delay:0.1718371957540512, throughput:3839
step:3600/3600, q_loss:3.938400518058592e-05, rewards:-5.328223705291748, queue:1.9603174924850464, delay:0.15252144634723663, throughput:4001
episode:21/250, real avg travel time:248.19495126218445
step:3600/3600, q_loss:3.6970998674708726e-05, rewards:-5.383965969085693, queue:1.941534399986267, delay:0.15967917442321777, throughput:4015
episode:22/250, real avg travel time:238.5813200498132
step:3600/3600, q_loss:3.361266822644716e-05, rewards:-5.2692341804504395, queue:1.834259271621704, delay:0.15651673078536987, throughput:4049
episode:23/250, real avg travel time:236.15510002469745
step:3600/3600, q_loss:3.161076997962987e-05, rewards:-5.127772331237793, queue:1.8125661611557007, delay:0.15534783899784088, throughput:4037
episode:24/250, real avg travel time:236.14416646024276
step:3600/3600, q_loss:3.826990723609924e-05, rewards:-5.291715621948242, queue:1.8089946508407593, delay:0.1545184850692749, throughput:4044
episode:25/250, real avg travel time:230.8862512363996
Test step:25/250, travel time :251.95962490231832, rewards:-8.014278411865234, queue:2.8736772537231445, delay:0.1718371957540512, throughput:3839
step:3600/3600, q_loss:2.0982848460941265e-05, rewards:-4.907278060913086, queue:1.7396825551986694, delay:0.15418508648872375, throughput:4020
episode:26/250, real avg travel time:226.9452736318408
step:3600/3600, q_loss:3.877565460344259e-05, rewards:-5.468419551849365, queue:1.887169361114502, delay:0.15809211134910583, throughput:4048
episode:27/250, real avg travel time:234.01284584980237
step:3600/3600, q_loss:2.3558742557522944e-05, rewards:-4.810269832611084, queue:1.7436507940292358, delay:0.1509416401386261, throughput:4038
episode:28/250, real avg travel time:232.8541357107479
step:3600/3600, q_loss:1.8802782223145995e-05, rewards:-4.572594165802002, queue:1.6452380418777466, delay:0.15155600011348724, throughput:4046
episode:29/250, real avg travel time:225.03213049925853
step:3600/3600, q_loss:2.0703300833702087e-05, rewards:-4.714747428894043, queue:1.6678571701049805, delay:0.15219298005104065, throughput:4053
episode:30/250, real avg travel time:220.8847767086109
Test step:30/250, travel time :243.5774251343742, rewards:-7.692418575286865, queue:2.7969577312469482, delay:0.16903246939182281, throughput:3907
New best TEST travel time 243.5774 at episode 30, saved as best checkpoint
step:3600/3600, q_loss:3.4553216472785504e-05, rewards:-5.05029296875, queue:1.8083332777023315, delay:0.1544649749994278, throughput:4056
episode:31/250, real avg travel time:225.7036489151874
step:3600/3600, q_loss:2.3917432069235172e-05, rewards:-4.408988952636719, queue:1.6271164417266846, delay:0.14984354376792908, throughput:4060
episode:32/250, real avg travel time:230.1741379310345
step:3600/3600, q_loss:3.706364788942867e-05, rewards:-5.371107578277588, queue:1.8764550685882568, delay:0.15875525772571564, throughput:3969
episode:33/250, real avg travel time:244.7243638196019
step:3600/3600, q_loss:1.1386982563029353e-05, rewards:-4.429351806640625, queue:1.642724871635437, delay:0.15117928385734558, throughput:4047
episode:34/250, real avg travel time:229.48085001235484
step:3600/3600, q_loss:1.6585060156002227e-05, rewards:-4.47827672958374, queue:1.6379629373550415, delay:0.1534808874130249, throughput:4048
episode:35/250, real avg travel time:227.3675889328063
Test step:35/250, travel time :241.6292534281361, rewards:-7.428004741668701, queue:2.2986772060394287, delay:0.17622734606266022, throughput:3938
New best TEST travel time 241.6293 at episode 35, saved as best checkpoint
step:3600/3600, q_loss:1.5424104801948285e-05, rewards:-4.4188385009765625, queue:1.6042327880859375, delay:0.1519872397184372, throughput:4042
episode:36/250, real avg travel time:226.69569520039585
step:3600/3600, q_loss:2.379270760381284e-05, rewards:-4.868229866027832, queue:1.7022486925125122, delay:0.15937091410160065, throughput:4054
episode:37/250, real avg travel time:232.09570794277258
step:3600/3600, q_loss:2.20268727086174e-05, rewards:-4.2992095947265625, queue:1.583465576171875, delay:0.15055474638938904, throughput:4043
episode:38/250, real avg travel time:223.3099183774425
step:3600/3600, q_loss:9.940229032913016e-05, rewards:-5.797862529754639, queue:1.730555534362793, delay:0.15820224583148956, throughput:4032
episode:39/250, real avg travel time:220.95362103174602
step:3600/3600, q_loss:1.2293321116077196e-05, rewards:-4.062440872192383, queue:1.504365086555481, delay:0.14924539625644684, throughput:4061
episode:40/250, real avg travel time:219.75055405072644
Test step:40/250, travel time :241.9054462934947, rewards:-7.783844470977783, queue:2.4156084060668945, delay:0.17048007249832153, throughput:3966
step:3600/3600, q_loss:9.79505421128124e-06, rewards:-4.02869176864624, queue:1.4652116298675537, delay:0.14659473299980164, throughput:4049
episode:41/250, real avg travel time:216.52284514694986
step:3600/3600, q_loss:9.654787014975833e-05, rewards:-5.674926280975342, queue:1.6974867582321167, delay:0.15342698991298676, throughput:4008
episode:42/250, real avg travel time:224.06686626746506
step:3600/3600, q_loss:2.6146487006270845e-05, rewards:-4.537712097167969, queue:1.643650770187378, delay:0.15224085748195648, throughput:4029
episode:43/250, real avg travel time:228.1059816331596
step:3600/3600, q_loss:1.0699842985357262e-05, rewards:-3.9825496673583984, queue:1.4683862924575806, delay:0.14580650627613068, throughput:4046
episode:44/250, real avg travel time:220.292140385566
step:3600/3600, q_loss:1.582443267883112e-05, rewards:-4.327072620391846, queue:1.5731481313705444, delay:0.15033331513404846, throughput:4032
episode:45/250, real avg travel time:224.7874503968254
Test step:45/250, travel time :244.6038354781731, rewards:-7.36160945892334, queue:2.2535715103149414, delay:0.17526397109031677, throughput:3963
step:3600/3600, q_loss:6.233431898484317e-05, rewards:-4.97634220123291, queue:1.5916666984558105, delay:0.1498909741640091, throughput:4045
episode:46/250, real avg travel time:221.28998763906057
step:3600/3600, q_loss:8.701974083022732e-06, rewards:-3.7562170028686523, queue:1.3989417552947998, delay:0.14223076403141022, throughput:4063
episode:47/250, real avg travel time:221.48584789564362
step:3600/3600, q_loss:9.692005066123481e-06, rewards:-4.051098823547363, queue:1.4903439283370972, delay:0.14766161143779755, throughput:4055
episode:48/250, real avg travel time:224.79728729963009
step:3600/3600, q_loss:1.693256183191099e-05, rewards:-3.996581792831421, queue:1.4527777433395386, delay:0.14424076676368713, throughput:4051
episode:49/250, real avg travel time:217.7252530239447
step:3600/3600, q_loss:5.287081067864266e-06, rewards:-3.937316656112671, queue:1.4034391641616821, delay:0.14454811811447144, throughput:4058
episode:50/250, real avg travel time:222.75234105470676
Test step:50/250, travel time :290.5558950853069, rewards:-8.855565071105957, queue:2.6224868297576904, delay:0.1848752200603485, throughput:3927
step:3600/3600, q_loss:1.2756464841206455e-05, rewards:-3.899042844772339, queue:1.443253993988037, delay:0.14343076944351196, throughput:4063
episode:51/250, real avg travel time:220.43293133152844
step:3600/3600, q_loss:2.64738004868074e-05, rewards:-4.2751641273498535, queue:1.5222222805023193, delay:0.15006299316883087, throughput:4066
episode:52/250, real avg travel time:229.77594687653715
step:3600/3600, q_loss:7.452318257290042e-06, rewards:-3.7653534412384033, queue:1.4072750806808472, delay:0.14383018016815186, throughput:4032
episode:53/250, real avg travel time:217.66046626984127
step:3600/3600, q_loss:9.493040140821702e-05, rewards:-5.51660680770874, queue:1.6346560716629028, delay:0.15195684134960175, throughput:4014
episode:54/250, real avg travel time:219.74514200298952
step:3600/3600, q_loss:6.563308286584086e-06, rewards:-3.6935839653015137, queue:1.3642857074737549, delay:0.1411140114068985, throughput:4041
episode:55/250, real avg travel time:219.70230141054193
Test step:55/250, travel time :223.31105013719133, rewards:-4.449423789978027, queue:1.6964285373687744, delay:0.15721860527992249, throughput:4009
New best TEST travel time 223.3111 at episode 55, saved as best checkpoint
step:3600/3600, q_loss:7.352000264088727e-06, rewards:-3.778378963470459, queue:1.3724868297576904, delay:0.1420190930366516, throughput:4043
episode:56/250, real avg travel time:212.7422705911452
step:3600/3600, q_loss:1.0424078128481698e-05, rewards:-3.837906837463379, queue:1.4333332777023315, delay:0.14002959430217743, throughput:4040
episode:57/250, real avg travel time:220.4717821782178
step:3600/3600, q_loss:2.848977633726059e-05, rewards:-4.12187385559082, queue:1.4724867343902588, delay:0.14393994212150574, throughput:4044
episode:58/250, real avg travel time:218.41592482690405
step:3600/3600, q_loss:7.816551725328382e-06, rewards:-3.6551852226257324, queue:1.3396825790405273, delay:0.14174872636795044, throughput:4060
episode:59/250, real avg travel time:215.19926108374383
step:3600/3600, q_loss:0.00038718930574961835, rewards:-9.055009841918945, queue:2.9308199882507324, delay:0.18015897274017334, throughput:4017
episode:60/250, real avg travel time:300.9897933781429
Test step:60/250, travel time :224.0436418359669, rewards:-4.603195667266846, queue:1.70634925365448, delay:0.1578913927078247, throughput:3987
step:3600/3600, q_loss:0.0008857613377687004, rewards:-12.991799354553223, queue:4.518253803253174, delay:0.1926572620868683, throughput:3376
episode:61/250, real avg travel time:267.67417061611377
step:3600/3600, q_loss:2.499514642598418e-05, rewards:-3.7725799083709717, queue:1.398809552192688, delay:0.1419888585805893, throughput:4064
episode:62/250, real avg travel time:230.89074803149606
step:3600/3600, q_loss:0.00030953465288298, rewards:-7.224903106689453, queue:2.7288360595703125, delay:0.1648530811071396, throughput:4060
episode:63/250, real avg travel time:271.6046798029557
step:3600/3600, q_loss:3.614938953736176e-05, rewards:-3.6748037338256836, queue:1.3804233074188232, delay:0.14245928823947906, throughput:4044
episode:64/250, real avg travel time:218.28066271018793
step:3600/3600, q_loss:2.5789391171808043e-05, rewards:-3.561765432357788, queue:1.3407407999038696, delay:0.13588495552539825, throughput:4048
episode:65/250, real avg travel time:221.62747035573122
Test step:65/250, travel time :270.5602913407068, rewards:-13.4064302444458, queue:4.4994707107543945, delay:0.17360910773277283, throughput:3707
step:3600/3600, q_loss:2.4740470608877433e-05, rewards:-3.422165870666504, queue:1.3312169313430786, delay:0.13891001045703888, throughput:4054
episode:66/250, real avg travel time:215.01085347804639
step:3600/3600, q_loss:3.6261957979554106e-05, rewards:-3.912590980529785, queue:1.452380895614624, delay:0.14291588962078094, throughput:4033
episode:67/250, real avg travel time:221.25762459707414
step:3600/3600, q_loss:3.685258747686425e-05, rewards:-3.8144516944885254, queue:1.4566137790679932, delay:0.1401570737361908, throughput:4049
episode:68/250, real avg travel time:220.86959743146457
step:3600/3600, q_loss:4.2759259102038214e-05, rewards:-4.454315185546875, queue:1.5748677253723145, delay:0.14645172655582428, throughput:4055
episode:69/250, real avg travel time:231.12700369913688
step:3600/3600, q_loss:1.618728145129151e-05, rewards:-3.456263542175293, queue:1.336111068725586, delay:0.1411067545413971, throughput:4059
episode:70/250, real avg travel time:217.4850948509485
Test step:70/250, travel time :259.67947395564727, rewards:-8.223169326782227, queue:2.76798939704895, delay:0.1805828958749771, throughput:3878
step:3600/3600, q_loss:1.7874952593249167e-05, rewards:-3.757951259613037, queue:1.3914021253585815, delay:0.14236147701740265, throughput:4043
episode:71/250, real avg travel time:215.61909473163493
step:3600/3600, q_loss:0.0001229097871045168, rewards:-4.698025703430176, queue:1.6457672119140625, delay:0.14683778584003448, throughput:4046
episode:72/250, real avg travel time:232.61764705882354
step:3600/3600, q_loss:8.538734174281772e-06, rewards:-3.4655978679656982, queue:1.3011904954910278, delay:0.1391049176454544, throughput:4064
episode:73/250, real avg travel time:211.54675196850394
step:3600/3600, q_loss:0.00012698175600639336, rewards:-5.547173976898193, queue:2.0379629135131836, delay:0.1540255844593048, throughput:4053
episode:74/250, real avg travel time:232.12311867752283
step:3600/3600, q_loss:2.5187453381173934e-05, rewards:-3.93036150932312, queue:1.4046295881271362, delay:0.14255502820014954, throughput:4074
episode:75/250, real avg travel time:210.95189003436425
Test step:75/250, travel time :242.30002536139995, rewards:-6.020407676696777, queue:2.108201026916504, delay:0.1715400516986847, throughput:3943
step:3600/3600, q_loss:3.3475208814100673e-06, rewards:-3.5604705810546875, queue:1.32619047164917, delay:0.1424579620361328, throughput:4053
episode:76/250, real avg travel time:209.35652603010115
step:3600/3600, q_loss:2.0182982552796602e-05, rewards:-3.936807632446289, queue:1.4251322746276855, delay:0.14509281516075134, throughput:4072
episode:77/250, real avg travel time:211.7021119842829
step:3600/3600, q_loss:1.0932923356045244e-05, rewards:-3.822253465652466, queue:1.375, delay:0.1446634978055954, throughput:4056
episode:78/250, real avg travel time:209.3905325443787
step:3600/3600, q_loss:1.2191538068388279e-05, rewards:-4.053516387939453, queue:1.4481481313705444, delay:0.14891113340854645, throughput:4067
episode:79/250, real avg travel time:222.57413326776495
step:3600/3600, q_loss:3.080580233169409e-05, rewards:-4.1464433670043945, queue:1.475264549255371, delay:0.14837440848350525, throughput:4059
episode:80/250, real avg travel time:222.79231337767922
Test step:80/250, travel time :248.12210796915167, rewards:-6.926544189453125, queue:2.3661375045776367, delay:0.1724940985441208, throughput:3890
step:3600/3600, q_loss:1.4199646425873247e-05, rewards:-3.555185317993164, queue:1.3332010507583618, delay:0.14101774990558624, throughput:4055
episode:81/250, real avg travel time:214.37139334155364
step:3600/3600, q_loss:4.657210148353544e-06, rewards:-3.4957730770111084, queue:1.3123016357421875, delay:0.14193719625473022, throughput:4064
episode:82/250, real avg travel time:217.92544291338584
step:3600/3600, q_loss:5.588704920632558e-05, rewards:-4.354135990142822, queue:1.5174603462219238, delay:0.14771240949630737, throughput:4037
episode:83/250, real avg travel time:225.94476096110972
step:3600/3600, q_loss:9.579974155510879e-06, rewards:-3.668408155441284, queue:1.3571428060531616, delay:0.14387895166873932, throughput:4070
episode:84/250, real avg travel time:214.71891891891892
step:3600/3600, q_loss:3.765651458201723e-05, rewards:-3.9705328941345215, queue:1.4333332777023315, delay:0.1414681375026703, throughput:4073
episode:85/250, real avg travel time:225.02283329241345
Test step:85/250, travel time :240.91114982578398, rewards:-6.612754821777344, queue:2.2592592239379883, delay:0.1447998583316803, throughput:4018
step:3600/3600, q_loss:1.025331156496476e-05, rewards:-3.500521183013916, queue:1.335185170173645, delay:0.1396152824163437, throughput:4050
episode:86/250, real avg travel time:212.16666666666666
step:3600/3600, q_loss:1.3529161757711941e-05, rewards:-3.458622455596924, queue:1.2801587581634521, delay:0.13697455823421478, throughput:4055
episode:87/250, real avg travel time:209.51023427866832
step:3600/3600, q_loss:1.5224996524112713e-05, rewards:-3.486600637435913, queue:1.3265873193740845, delay:0.1368616223335266, throughput:4067
episode:88/250, real avg travel time:212.2687484632407
step:3600/3600, q_loss:1.4157472226846343e-05, rewards:-3.6814401149749756, queue:1.3669312000274658, delay:0.1408003717660904, throughput:4049
episode:89/250, real avg travel time:213.6396641145962
step:3600/3600, q_loss:1.6342859614976786e-05, rewards:-3.5112483501434326, queue:1.3170634508132935, delay:0.13648207485675812, throughput:4032
episode:90/250, real avg travel time:219.84722222222223
Test step:90/250, travel time :278.80324264907944, rewards:-12.042402267456055, queue:4.0005292892456055, delay:0.16936148703098297, throughput:3639
step:3600/3600, q_loss:2.1333772181403926e-05, rewards:-3.6269540786743164, queue:1.3691798448562622, delay:0.1372862607240677, throughput:4067
episode:91/250, real avg travel time:217.61076960904845
step:3600/3600, q_loss:1.6532777630749883e-05, rewards:-3.426084280014038, queue:1.313624382019043, delay:0.1367831528186798, throughput:4060
episode:92/250, real avg travel time:211.43817733990147
step:3600/3600, q_loss:1.0247974407522836e-05, rewards:-3.2730190753936768, queue:1.2613756656646729, delay:0.13905802369117737, throughput:4062
episode:93/250, real avg travel time:213.52855736090595
step:3600/3600, q_loss:4.65262939946519e-05, rewards:-4.186741352081299, queue:1.543254017829895, delay:0.14433741569519043, throughput:4058
episode:94/250, real avg travel time:229.41720059142435
step:3600/3600, q_loss:6.777989134813348e-06, rewards:-3.5247304439544678, queue:1.3088624477386475, delay:0.13978391885757446, throughput:4057
episode:95/250, real avg travel time:211.1370470791225
Test step:95/250, travel time :256.76093070825874, rewards:-5.064802646636963, queue:1.78253972530365, delay:0.1542941778898239, throughput:3911
step:3600/3600, q_loss:8.132635088663341e-06, rewards:-3.319131851196289, queue:1.2552909851074219, delay:0.13812051713466644, throughput:4064
episode:96/250, real avg travel time:212.71530511811022
step:3600/3600, q_loss:9.463979586143978e-06, rewards:-3.379664421081543, queue:1.2948412895202637, delay:0.1376906931400299, throughput:4064
episode:97/250, real avg travel time:212.7748523622047
step:3600/3600, q_loss:1.0044521736239807e-05, rewards:-3.1808021068573, queue:1.235185146331787, delay:0.13275082409381866, throughput:4064
episode:98/250, real avg travel time:210.65674212598427
step:3600/3600, q_loss:6.590827130518543e-06, rewards:-3.1278700828552246, queue:1.2386243343353271, delay:0.13457487523555756, throughput:4056
episode:99/250, real avg travel time:208.7517258382643
step:3600/3600, q_loss:1.7075121650123038e-05, rewards:-3.322221517562866, queue:1.2547619342803955, delay:0.13600800931453705, throughput:4073
episode:100/250, real avg travel time:213.9734839184876
Test step:100/250, travel time :261.3256595964821, rewards:-7.697249412536621, queue:2.6751322746276855, delay:0.1569383293390274, throughput:3866
step:3600/3600, q_loss:1.1813901477984876e-05, rewards:-3.2232980728149414, queue:1.249074101448059, delay:0.13616183400154114, throughput:4061
episode:101/250, real avg travel time:215.0576212755479
step:3600/3600, q_loss:8.091588905598555e-06, rewards:-3.3607914447784424, queue:1.2748677730560303, delay:0.13889674842357635, throughput:4051
episode:102/250, real avg travel time:212.582078499136
step:3600/3600, q_loss:3.708377617941652e-06, rewards:-3.120107412338257, queue:1.2369047403335571, delay:0.13533250987529755, throughput:4050
episode:103/250, real avg travel time:211.01432098765432
step:3600/3600, q_loss:8.098094622255302e-06, rewards:-3.12315034866333, queue:1.242724895477295, delay:0.1340961903333664, throughput:4070
episode:104/250, real avg travel time:212.27272727272728
step:3600/3600, q_loss:6.469316576840356e-06, rewards:-3.0494778156280518, queue:1.176455020904541, delay:0.13293574750423431, throughput:4063
episode:105/250, real avg travel time:209.40438099926163
Test step:105/250, travel time :215.4639405204461, rewards:-3.2890124320983887, queue:1.279894232749939, delay:0.13731585443019867, throughput:4035
New best TEST travel time 215.4639 at episode 105, saved as best checkpoint
step:3600/3600, q_loss:1.274079768336378e-05, rewards:-3.254659414291382, queue:1.2546296119689941, delay:0.13486474752426147, throughput:4070
episode:106/250, real avg travel time:211.7791154791155
step:3600/3600, q_loss:4.68655535061973e-05, rewards:-3.772733211517334, queue:1.4185185432434082, delay:0.1352478414773941, throughput:4065
episode:107/250, real avg travel time:214.9008610086101
step:3600/3600, q_loss:8.818163365099786e-06, rewards:-3.148998975753784, queue:1.2191798686981201, delay:0.1350756287574768, throughput:4071
episode:108/250, real avg travel time:211.6816507000737
step:3600/3600, q_loss:4.802457462776349e-06, rewards:-3.019333839416504, queue:1.1697089672088623, delay:0.1328866332769394, throughput:4065
episode:109/250, real avg travel time:209.5451414514145
step:3600/3600, q_loss:2.233413356912529e-06, rewards:-3.1766011714935303, queue:1.2215608358383179, delay:0.13039050996303558, throughput:4062
episode:110/250, real avg travel time:208.9771048744461
Test step:110/250, travel time :220.30917159763314, rewards:-3.181818962097168, queue:1.2899470329284668, delay:0.13593928515911102, throughput:4056
step:3600/3600, q_loss:8.028040732218263e-06, rewards:-3.1931772232055664, queue:1.2556878328323364, delay:0.13464584946632385, throughput:4072
episode:111/250, real avg travel time:210.9081532416503
step:3600/3600, q_loss:4.281809742678888e-06, rewards:-3.1396024227142334, queue:1.223544955253601, delay:0.13284200429916382, throughput:4073
episode:112/250, real avg travel time:214.07390130125214
step:3600/3600, q_loss:4.191026043069238e-06, rewards:-3.2686376571655273, queue:1.2384920120239258, delay:0.13813108205795288, throughput:4045
episode:113/250, real avg travel time:209.30111248454884
step:3600/3600, q_loss:1.0064285985815028e-05, rewards:-3.252520799636841, queue:1.2556878328323364, delay:0.13482816517353058, throughput:4072
episode:114/250, real avg travel time:208.90397838899804
step:3600/3600, q_loss:0.0015052707193212377, rewards:-10.904678344726562, queue:3.332010507583618, delay:0.13940350711345673, throughput:3699
episode:115/250, real avg travel time:214.04649905379833
Test step:115/250, travel time :217.4293103448276, rewards:-3.7229976654052734, queue:1.363359808921814, delay:0.1499057114124298, throughput:4060
step:3600/3600, q_loss:6.236358846460158e-06, rewards:-3.207728147506714, queue:1.212830662727356, delay:0.13860133290290833, throughput:4054
episode:116/250, real avg travel time:209.31327084361124
step:3600/3600, q_loss:1.2695332609129966e-05, rewards:-3.488974094390869, queue:1.3038359880447388, delay:0.13599422574043274, throughput:4061
episode:117/250, real avg travel time:212.28219650332431
step:3600/3600, q_loss:1.0742358184264351e-05, rewards:-3.1140007972717285, queue:1.221825361251831, delay:0.13688796758651733, throughput:4073
episode:118/250, real avg travel time:207.9867419592438
step:3600/3600, q_loss:2.8610246469421933e-06, rewards:-3.3306922912597656, queue:1.2518517971038818, delay:0.13648508489131927, throughput:4051
episode:119/250, real avg travel time:211.26117008146136
step:3600/3600, q_loss:6.1778214229788215e-06, rewards:-3.2618675231933594, queue:1.2481482028961182, delay:0.13689684867858887, throughput:4065
episode:120/250, real avg travel time:207.2479704797048
Test step:120/250, travel time :208.9251047055925, rewards:-3.4215481281280518, queue:1.2746031284332275, delay:0.14422030746936798, throughput:4059
New best TEST travel time 208.9251 at episode 120, saved as best checkpoint
step:3600/3600, q_loss:1.122502435464412e-05, rewards:-3.3160152435302734, queue:1.2359788417816162, delay:0.1375371515750885, throughput:4062
episode:121/250, real avg travel time:210.94977843426884
step:3600/3600, q_loss:8.569145049679921e-06, rewards:-3.3079919815063477, queue:1.248809576034546, delay:0.1355629563331604, throughput:4070
episode:122/250, real avg travel time:210.70810810810812
step:3600/3600, q_loss:8.914073906554323e-06, rewards:-3.3252413272857666, queue:1.226190447807312, delay:0.1350945085287094, throughput:4067
episode:123/250, real avg travel time:209.71625276616672
step:3600/3600, q_loss:9.050745389281979e-05, rewards:-4.267096519470215, queue:1.4276454448699951, delay:0.1386544406414032, throughput:4074
episode:124/250, real avg travel time:219.01276386843398
step:3600/3600, q_loss:5.787847961376732e-06, rewards:-3.2222814559936523, queue:1.218915343284607, delay:0.13620245456695557, throughput:4049
episode:125/250, real avg travel time:208.5159298592245
Test step:125/250, travel time :202.49336935166994, rewards:-3.1219046115875244, queue:1.164285659790039, delay:0.1361168473958969, throughput:4072
New best TEST travel time 202.4934 at episode 125, saved as best checkpoint
step:3600/3600, q_loss:1.0583980878840924e-05, rewards:-3.099170684814453, queue:1.2117724418640137, delay:0.13484859466552734, throughput:4058
episode:126/250, real avg travel time:209.39600788565795
step:3600/3600, q_loss:1.7765203665476293e-06, rewards:-3.0320041179656982, queue:1.179894208908081, delay:0.1367495059967041, throughput:4075
episode:127/250, real avg travel time:206.39730061349692
step:3600/3600, q_loss:2.6516489419413523e-06, rewards:-3.0781805515289307, queue:1.1957671642303467, delay:0.13703186810016632, throughput:4069
episode:128/250, real avg travel time:204.59130007372818
step:3600/3600, q_loss:1.1643292317684325e-05, rewards:-3.4005401134490967, queue:1.274999976158142, delay:0.1381586343050003, throughput:4076
episode:129/250, real avg travel time:207.14254170755643
step:3600/3600, q_loss:1.7845376957363137e-05, rewards:-3.6009254455566406, queue:1.3630952835083008, delay:0.14035452902317047, throughput:4063
episode:130/250, real avg travel time:220.3937976864386
Test step:130/250, travel time :209.0093389039076, rewards:-3.0001986026763916, queue:1.216269850730896, delay:0.13804544508457184, throughput:4069
step:3600/3600, q_loss:6.92148921290128e-05, rewards:-4.039645195007324, queue:1.6298941373825073, delay:0.13987590372562408, throughput:4014
episode:131/250, real avg travel time:207.30418535127055
step:3600/3600, q_loss:4.859706758806068e-06, rewards:-3.1794562339782715, queue:1.2338624000549316, delay:0.13643985986709595, throughput:4057
episode:132/250, real avg travel time:207.85974858269657
step:3600/3600, q_loss:3.25193177559413e-06, rewards:-2.947561740875244, queue:1.1784391403198242, delay:0.13009421527385712, throughput:4075
episode:133/250, real avg travel time:205.48515337423314
step:3600/3600, q_loss:8.114703329435239e-07, rewards:-3.0683703422546387, queue:1.188095211982727, delay:0.13266722857952118, throughput:4062
episode:134/250, real avg travel time:206.76366322008863
step:3600/3600, q_loss:1.4586320887449095e-05, rewards:-3.097527027130127, queue:1.2034391164779663, delay:0.1354416012763977, throughput:4062
episode:135/250, real avg travel time:205.52732644017726
Test step:135/250, travel time :219.07823718742262, rewards:-3.9222803115844727, queue:1.433465600013733, delay:0.139204204082489, throughput:4039
step:3600/3600, q_loss:2.436626350067349e-05, rewards:-3.3997294902801514, queue:1.3015873432159424, delay:0.13624148070812225, throughput:4067
episode:136/250, real avg travel time:220.00958937791984
step:3600/3600, q_loss:1.0048300019762893e-05, rewards:-3.0130324363708496, queue:1.1854497194290161, delay:0.1324642151594162, throughput:4069
episode:137/250, real avg travel time:207.33964118948145
step:3600/3600, q_loss:3.4276126421496478e-06, rewards:-3.0365359783172607, queue:1.1911375522613525, delay:0.13674412667751312, throughput:4075
episode:138/250, real avg travel time:205.08613496932514
step:3600/3600, q_loss:8.819520897102646e-06, rewards:-3.1601407527923584, queue:1.2138888835906982, delay:0.13448123633861542, throughput:4075
episode:139/250, real avg travel time:210.039754601227
step:3600/3600, q_loss:1.392418990791258e-05, rewards:-3.3330366611480713, queue:1.2830687761306763, delay:0.13630498945713043, throughput:4065
episode:140/250, real avg travel time:211.24157441574417
Test step:140/250, travel time :228.25756457564574, rewards:-3.9520111083984375, queue:1.4150793552398682, delay:0.15015244483947754, throughput:4065
step:3600/3600, q_loss:6.495566695876833e-06, rewards:-3.090588331222534, queue:1.1962963342666626, delay:0.13395772874355316, throughput:4073
episode:141/250, real avg travel time:207.0935428431132
step:3600/3600, q_loss:7.66951363604878e-06, rewards:-3.3539605140686035, queue:1.2671958208084106, delay:0.1387852132320404, throughput:4066
episode:142/250, real avg travel time:209.65272995573045
step:3600/3600, q_loss:2.8603713265814196e-05, rewards:-3.574704885482788, queue:1.3363757133483887, delay:0.137964129447937, throughput:4058
episode:143/250, real avg travel time:216.32947264662394
step:3600/3600, q_loss:1.7973934275990663e-05, rewards:-3.4172916412353516, queue:1.2681217193603516, delay:0.13748624920845032, throughput:4065
episode:144/250, real avg travel time:213.63813038130382
step:3600/3600, q_loss:1.3759270020980491e-05, rewards:-3.2091665267944336, queue:1.2129629850387573, delay:0.1381833404302597, throughput:4074
episode:145/250, real avg travel time:205.19980363279333
Test step:145/250, travel time :218.04591210410018, rewards:-3.7785556316375732, queue:1.3371692895889282, delay:0.14572380483150482, throughput:4073
step:3600/3600, q_loss:1.3100685221919168e-05, rewards:-3.3601388931274414, queue:1.2451058626174927, delay:0.13893462717533112, throughput:4056
episode:146/250, real avg travel time:209.29166666666666
step:3600/3600, q_loss:5.472948719721494e-06, rewards:-3.20369029045105, queue:1.2308200597763062, delay:0.13655725121498108, throughput:4072
episode:147/250, real avg travel time:210.65250491159136
step:3600/3600, q_loss:2.1000190018740897e-05, rewards:-3.3087849617004395, queue:1.2472221851348877, delay:0.13477012515068054, throughput:4065
episode:148/250, real avg travel time:210.46420664206642
step:3600/3600, q_loss:1.6111496087331843e-05, rewards:-3.1207637786865234, queue:1.206745982170105, delay:0.13639569282531738, throughput:4053
episode:149/250, real avg travel time:206.2926227485813
step:3600/3600, q_loss:1.2532289636308431e-05, rewards:-3.1274194717407227, queue:1.211111068725586, delay:0.13254769146442413, throughput:4060
episode:150/250, real avg travel time:207.81699507389163
Test step:150/250, travel time :208.39138991389913, rewards:-3.414398431777954, queue:1.2675925493240356, delay:0.14436714351177216, throughput:4065
step:3600/3600, q_loss:1.3654734559370102e-05, rewards:-3.057307243347168, queue:1.1964285373687744, delay:0.1325569897890091, throughput:4069
episode:151/250, real avg travel time:205.24993855984272
step:3600/3600, q_loss:2.1918559933611605e-05, rewards:-3.4275505542755127, queue:1.3043650388717651, delay:0.13761024177074432, throughput:4068
episode:152/250, real avg travel time:215.12217305801377
step:3600/3600, q_loss:1.7261846005567348e-05, rewards:-3.153642416000366, queue:1.2141534090042114, delay:0.13045260310173035, throughput:4052
episode:153/250, real avg travel time:212.30923000987167
step:3600/3600, q_loss:6.62369720683071e-05, rewards:-4.192573070526123, queue:1.7034391164779663, delay:0.137458935379982, throughput:4027
episode:154/250, real avg travel time:218.6620312888006
step:3600/3600, q_loss:0.00012592614350271308, rewards:-4.235824108123779, queue:1.6702381372451782, delay:0.13745635747909546, throughput:3998
episode:155/250, real avg travel time:210.66633316658329
Test step:155/250, travel time :228.73503216229588, rewards:-3.727515697479248, queue:1.3132275342941284, delay:0.13246296346187592, throughput:4042
step:3600/3600, q_loss:4.235822230435184e-05, rewards:-3.6125497817993164, queue:1.311375617980957, delay:0.13615883886814117, throughput:4037
episode:156/250, real avg travel time:212.76219965320783
step:3600/3600, q_loss:3.296558008716804e-05, rewards:-3.7284111976623535, queue:1.3355820178985596, delay:0.13687589764595032, throughput:4062
episode:157/250, real avg travel time:219.8456425406204
step:3600/3600, q_loss:5.828216954897572e-05, rewards:-3.949816942214966, queue:1.4171957969665527, delay:0.13758347928524017, throughput:4066
episode:158/250, real avg travel time:224.08927693064436
step:3600/3600, q_loss:2.690474882708966e-05, rewards:-3.2875773906707764, queue:1.2226190567016602, delay:0.13158266246318817, throughput:4053
episode:159/250, real avg travel time:212.63977300764864
step:3600/3600, q_loss:8.763808194392672e-05, rewards:-4.473135948181152, queue:1.7234127521514893, delay:0.136620432138443, throughput:3978
episode:160/250, real avg travel time:217.64002011060833
Test step:160/250, travel time :244.77844311377245, rewards:-5.345653057098389, queue:1.7575396299362183, delay:0.13918018341064453, throughput:4008
step:3600/3600, q_loss:2.4215845688660113e-05, rewards:-3.384693145751953, queue:1.2537037134170532, delay:0.13248278200626373, throughput:4035
episode:161/250, real avg travel time:216.2728624535316
step:3600/3600, q_loss:3.01353770838533e-05, rewards:-3.7284162044525146, queue:1.3509259223937988, delay:0.137153759598732, throughput:4055
episode:162/250, real avg travel time:218.16054254007398
step:3600/3600, q_loss:5.031343987664311e-05, rewards:-3.7372210025787354, queue:1.3321428298950195, delay:0.13518096506595612, throughput:4070
episode:163/250, real avg travel time:223.23857493857494
step:3600/3600, q_loss:5.888714396052011e-05, rewards:-4.22825813293457, queue:1.5035713911056519, delay:0.14430734515190125, throughput:4052
episode:164/250, real avg travel time:240.2495064165844
step:3600/3600, q_loss:3.8839571627451935e-05, rewards:-3.6250057220458984, queue:1.3202381134033203, delay:0.1360691487789154, throughput:4063
episode:165/250, real avg travel time:223.95742062515382
Test step:165/250, travel time :272.8540580789278, rewards:-5.45585298538208, queue:1.7944444417953491, delay:0.15974292159080505, throughput:4029
step:3600/3600, q_loss:2.620544562685407e-05, rewards:-3.0592145919799805, queue:1.179100513458252, delay:0.13128703832626343, throughput:4048
episode:166/250, real avg travel time:210.1183300395257
step:3600/3600, q_loss:2.2689386241836473e-05, rewards:-3.4274511337280273, queue:1.2785714864730835, delay:0.1354106217622757, throughput:4047
episode:167/250, real avg travel time:212.55399061032864
step:3600/3600, q_loss:3.2168866325971776e-05, rewards:-3.5319809913635254, queue:1.308465600013733, delay:0.1373370885848999, throughput:4065
episode:168/250, real avg travel time:219.60984009840098
step:3600/3600, q_loss:7.984003459569067e-05, rewards:-4.553321838378906, queue:1.6003968715667725, delay:0.14585067331790924, throughput:4048
episode:169/250, real avg travel time:246.2971837944664
step:3600/3600, q_loss:2.6324380208582927e-05, rewards:-3.4225382804870605, queue:1.2525131702423096, delay:0.13640695810317993, throughput:4055
episode:170/250, real avg travel time:216.33193588162763
Test step:170/250, travel time :240.9782983970407, rewards:-4.246331214904785, queue:1.5101852416992188, delay:0.14187215268611908, throughput:4055
step:3600/3600, q_loss:2.8633771499799977e-05, rewards:-3.56415057182312, queue:1.2730158567428589, delay:0.13574156165122986, throughput:4039
episode:171/250, real avg travel time:225.59940579351326
step:3600/3600, q_loss:3.639513249961763e-05, rewards:-3.7037947177886963, queue:1.3533068895339966, delay:0.13966359198093414, throughput:4059
episode:172/250, real avg travel time:225.97634885439763
step:3600/3600, q_loss:3.629956950640513e-05, rewards:-3.5333197116851807, queue:1.3007936477661133, delay:0.13616545498371124, throughput:4055
episode:173/250, real avg travel time:216.48508014796548
step:3600/3600, q_loss:3.628608351896724e-05, rewards:-3.2704899311065674, queue:1.2115079164505005, delay:0.13547223806381226, throughput:4060
episode:174/250, real avg travel time:212.56995073891625
step:3600/3600, q_loss:1.6522281010919767e-05, rewards:-3.3305366039276123, queue:1.2461639642715454, delay:0.13765384256839752, throughput:4068
episode:175/250, real avg travel time:216.47713864306786
Test step:175/250, travel time :238.83160237388725, rewards:-4.387498378753662, queue:1.464550256729126, delay:0.14833801984786987, throughput:4044
step:3600/3600, q_loss:2.301209048406842e-05, rewards:-3.75295352935791, queue:1.3695766925811768, delay:0.14101625978946686, throughput:4074
episode:176/250, real avg travel time:231.25208640157095
step:3600/3600, q_loss:2.9988758615218104e-05, rewards:-3.7430260181427, queue:1.3537037372589111, delay:0.1404237151145935, throughput:4066
episode:177/250, real avg travel time:218.26930644367928
step:3600/3600, q_loss:1.9227938658635442e-05, rewards:-3.525710105895996, queue:1.3080687522888184, delay:0.13816234469413757, throughput:4060
episode:178/250, real avg travel time:214.43793103448274
step:3600/3600, q_loss:2.057365539561336e-05, rewards:-3.3321373462677, queue:1.2302910089492798, delay:0.135060116648674, throughput:4066
episode:179/250, real avg travel time:218.07943925233644
step:3600/3600, q_loss:1.5499663762360192e-05, rewards:-3.186396360397339, queue:1.218915343284607, delay:0.13229623436927795, throughput:4062
episode:180/250, real avg travel time:215.22131954702118
Test step:180/250, travel time :240.06699507389163, rewards:-4.493309497833252, queue:1.539814829826355, delay:0.1496221125125885, throughput:4060
step:3600/3600, q_loss:2.3476376372855157e-05, rewards:-3.243889093399048, queue:1.2251322269439697, delay:0.13602817058563232, throughput:4059
episode:181/250, real avg travel time:213.06430155210643
step:3600/3600, q_loss:3.66687085867549e-05, rewards:-3.87512469291687, queue:1.4125661849975586, delay:0.13904759287834167, throughput:4071
episode:182/250, real avg travel time:223.94227462539916
step:3600/3600, q_loss:1.8265560841731108e-05, rewards:-3.1482675075531006, queue:1.2039682865142822, delay:0.13250744342803955, throughput:4066
episode:183/250, real avg travel time:212.0511559272012
step:3600/3600, q_loss:1.9144432088877592e-05, rewards:-3.2171974182128906, queue:1.2239418029785156, delay:0.13405728340148926, throughput:4070
episode:184/250, real avg travel time:215.66535626535625
step:3600/3600, q_loss:1.5238459390174183e-05, rewards:-3.571246385574341, queue:1.3285714387893677, delay:0.13699126243591309, throughput:4056
episode:185/250, real avg travel time:214.30029585798817
Test step:185/250, travel time :252.3308568598316, rewards:-5.400462627410889, queue:1.7682539224624634, delay:0.1450929492712021, throughput:4038
step:3600/3600, q_loss:4.189107041586087e-05, rewards:-3.724949836730957, queue:1.3250000476837158, delay:0.13698580861091614, throughput:4061
episode:186/250, real avg travel time:226.10834769761144
step:3600/3600, q_loss:6.021383063246806e-05, rewards:-3.9565508365631104, queue:1.3863756656646729, delay:0.13930678367614746, throughput:4042
episode:187/250, real avg travel time:224.6843146956952
step:3600/3600, q_loss:4.837429094348206e-05, rewards:-4.023859977722168, queue:1.4199734926223755, delay:0.14418429136276245, throughput:4067
episode:188/250, real avg travel time:228.18244406196214
step:3600/3600, q_loss:2.4951301182025214e-05, rewards:-3.5797994136810303, queue:1.2917989492416382, delay:0.13519303500652313, throughput:4053
episode:189/250, real avg travel time:221.9518874907476
step:3600/3600, q_loss:4.6080667703386606e-05, rewards:-3.8991875648498535, queue:1.3896825313568115, delay:0.13924235105514526, throughput:4046
episode:190/250, real avg travel time:222.25284231339594
Test step:190/250, travel time :242.56345679012347, rewards:-4.976187229156494, queue:1.6541005373001099, delay:0.14287187159061432, throughput:4050
step:3600/3600, q_loss:2.6164417310307423e-05, rewards:-3.701490640640259, queue:1.3455026149749756, delay:0.14069046080112457, throughput:4065
episode:191/250, real avg travel time:218.17859778597787
step:3600/3600, q_loss:5.109486883156933e-05, rewards:-4.08016300201416, queue:1.390079379081726, delay:0.14001235365867615, throughput:4056
episode:192/250, real avg travel time:228.72781065088756
step:3600/3600, q_loss:3.2468701020762735e-05, rewards:-3.402885913848877, queue:1.2411376237869263, delay:0.13303887844085693, throughput:4070
episode:193/250, real avg travel time:216.31646191646192
step:3600/3600, q_loss:5.885487626073882e-05, rewards:-4.017502307891846, queue:1.3985450267791748, delay:0.13750559091567993, throughput:4046
episode:194/250, real avg travel time:230.05931784478497
step:3600/3600, q_loss:7.54506732240164e-05, rewards:-4.2044501304626465, queue:1.425264596939087, delay:0.14201129972934723, throughput:4066
episode:195/250, real avg travel time:231.08878504672896
Test step:195/250, travel time :237.56752693560512, rewards:-4.703220844268799, queue:1.5444444417953491, delay:0.14198173582553864, throughput:3991
step:3600/3600, q_loss:2.526161107299332e-05, rewards:-3.4133543968200684, queue:1.2484127283096313, delay:0.13387861847877502, throughput:4057
episode:196/250, real avg travel time:214.82622627557308
step:3600/3600, q_loss:3.9761792949219755e-05, rewards:-3.846099615097046, queue:1.372354507446289, delay:0.13690954446792603, throughput:4032
episode:197/250, real avg travel time:224.03621031746033
step:3600/3600, q_loss:3.0108174946184994e-05, rewards:-3.816384792327881, queue:1.3406084775924683, delay:0.14061817526817322, throughput:4043
episode:198/250, real avg travel time:223.55058125154588
step:3600/3600, q_loss:5.2906434333029514e-05, rewards:-4.195899963378906, queue:1.4211640357971191, delay:0.13801085948944092, throughput:4038
episode:199/250, real avg travel time:230.60648836057453
step:3600/3600, q_loss:6.859330145137695e-05, rewards:-4.300389766693115, queue:1.4703704118728638, delay:0.14288829267024994, throughput:4049
episode:200/250, real avg travel time:245.46628797233885
Test step:200/250, travel time :257.281172379533, rewards:-4.800045967102051, queue:1.6330687999725342, delay:0.15164496004581451, throughput:4026
step:3600/3600, q_loss:2.898331157565634e-05, rewards:-3.2637033462524414, queue:1.2324074506759644, delay:0.13046739995479584, throughput:4028
episode:201/250, real avg travel time:218.8421052631579
step:3600/3600, q_loss:2.580373580308838e-05, rewards:-3.3517956733703613, queue:1.2484127283096313, delay:0.13266490399837494, throughput:4044
episode:202/250, real avg travel time:221.69510385756678
step:3600/3600, q_loss:2.6568587782094254e-05, rewards:-3.449143886566162, queue:1.2992063760757446, delay:0.13964270055294037, throughput:4053
episode:203/250, real avg travel time:226.43646681470517
step:3600/3600, q_loss:3.881141043772611e-05, rewards:-3.8263189792633057, queue:1.3891534805297852, delay:0.1414380520582199, throughput:4065
episode:204/250, real avg travel time:236.50922509225092
step:3600/3600, q_loss:2.4895524095174755e-05, rewards:-3.2442803382873535, queue:1.2293651103973389, delay:0.1321394145488739, throughput:4047
episode:205/250, real avg travel time:218.91302199159873
Test step:205/250, travel time :243.28448063163088, rewards:-4.500855922698975, queue:1.5326719284057617, delay:0.14018447697162628, throughput:4053
step:3600/3600, q_loss:3.182969909782211e-05, rewards:-3.7077789306640625, queue:1.3091269731521606, delay:0.13914361596107483, throughput:4056
episode:206/250, real avg travel time:226.70463510848126
step:3600/3600, q_loss:2.7754431357607245e-05, rewards:-3.231929302215576, queue:1.2216931581497192, delay:0.13402166962623596, throughput:4058
episode:207/250, real avg travel time:216.80088713652046
step:3600/3600, q_loss:2.4294815618001545e-05, rewards:-3.240183115005493, queue:1.2112433910369873, delay:0.13595886528491974, throughput:4064
episode:208/250, real avg travel time:214.1902066929134
step:3600/3600, q_loss:4.667216465653231e-05, rewards:-3.865572214126587, queue:1.3661376237869263, delay:0.13870282471179962, throughput:4072
episode:209/250, real avg travel time:223.52873280943027
step:3600/3600, q_loss:5.1286065637315105e-05, rewards:-3.9542667865753174, queue:1.425661325454712, delay:0.14244994521141052, throughput:4067
episode:210/250, real avg travel time:231.7882960413081
Test step:210/250, travel time :241.5040831477357, rewards:-3.663857936859131, queue:1.28253972530365, delay:0.1327296793460846, throughput:4041
step:3600/3600, q_loss:3.0320868568701877e-05, rewards:-3.385725259780884, queue:1.2533068656921387, delay:0.13573488593101501, throughput:4061
episode:211/250, real avg travel time:216.59492735779364
step:3600/3600, q_loss:0.00012679644148900278, rewards:-4.451730728149414, queue:1.4711639881134033, delay:0.14154617488384247, throughput:4052
episode:212/250, real avg travel time:227.7699901283317
step:3600/3600, q_loss:9.492222404029841e-05, rewards:-4.6161909103393555, queue:1.6066137552261353, delay:0.14833153784275055, throughput:3757
episode:213/250, real avg travel time:221.70561618312485
step:3600/3600, q_loss:3.747346410010424e-05, rewards:-3.0273165702819824, queue:1.1671957969665527, delay:0.13294120132923126, throughput:4067
episode:214/250, real avg travel time:210.40226210966316
step:3600/3600, q_loss:3.074354115394979e-05, rewards:-3.2511444091796875, queue:1.239550232887268, delay:0.13314922153949738, throughput:4067
episode:215/250, real avg travel time:213.516842881731
Test step:215/250, travel time :221.01580531861515, rewards:-4.103249549865723, queue:1.6394180059432983, delay:0.13464556634426117, throughput:3986
step:3600/3600, q_loss:2.0002992015280243e-05, rewards:-3.038541555404663, queue:1.1847883462905884, delay:0.13027624785900116, throughput:4063
episode:216/250, real avg travel time:213.63106079251784
step:3600/3600, q_loss:1.2060541323282653e-05, rewards:-2.9282772541046143, queue:1.1298941373825073, delay:0.1317417025566101, throughput:4064
episode:217/250, real avg travel time:211.54625984251967
step:3600/3600, q_loss:7.838795136194676e-06, rewards:-3.260972499847412, queue:1.2373015880584717, delay:0.13492828607559204, throughput:4061
episode:218/250, real avg travel time:216.14380694410244
step:3600/3600, q_loss:2.1241828492040643e-05, rewards:-3.5084235668182373, queue:1.2896825075149536, delay:0.13634257018566132, throughput:4067
episode:219/250, real avg travel time:214.57757560855669
step:3600/3600, q_loss:2.262047354532923e-05, rewards:-3.534024477005005, queue:1.3029100894927979, delay:0.13379092514514923, throughput:4060
episode:220/250, real avg travel time:222.55369458128078
Test step:220/250, travel time :219.28716049382717, rewards:-3.316208600997925, queue:1.257804274559021, delay:0.1303645819425583, throughput:4050
step:3600/3600, q_loss:2.003921965499305e-05, rewards:-3.5575249195098877, queue:1.3013226985931396, delay:0.13598960638046265, throughput:4062
episode:221/250, real avg travel time:218.79074347612013
step:3600/3600, q_loss:2.021216779313464e-05, rewards:-3.3766865730285645, queue:1.2554233074188232, delay:0.13559512794017792, throughput:4044
episode:222/250, real avg travel time:214.9574678536103
step:3600/3600, q_loss:7.5448299564110735e-06, rewards:-3.095676898956299, queue:1.1988095045089722, delay:0.13571211695671082, throughput:4075
episode:223/250, real avg travel time:215.59018404907977
step:3600/3600, q_loss:1.2588265801443615e-05, rewards:-3.2866759300231934, queue:1.2329365015029907, delay:0.13501404225826263, throughput:4049
episode:224/250, real avg travel time:213.09607310447024
step:3600/3600, q_loss:2.2697940666047442e-05, rewards:-3.246049404144287, queue:1.230555534362793, delay:0.13163970410823822, throughput:4054
episode:225/250, real avg travel time:215.93265910212136
Test step:225/250, travel time :225.4473102431835, rewards:-3.5349810123443604, queue:1.2859787940979004, delay:0.13080638647079468, throughput:4071
step:3600/3600, q_loss:4.642975141501261e-06, rewards:-2.9619100093841553, queue:1.1673280000686646, delay:0.1309644728899002, throughput:4065
episode:226/250, real avg travel time:210.28880688806888
step:3600/3600, q_loss:7.425520420333164e-06, rewards:-2.8145368099212646, queue:1.119444489479065, delay:0.12833859026432037, throughput:4070
episode:227/250, real avg travel time:208.85380835380835
step:3600/3600, q_loss:1.4427529094973579e-05, rewards:-3.3497514724731445, queue:1.2539682388305664, delay:0.13080869615077972, throughput:4049
episode:228/250, real avg travel time:219.72808100765621
step:3600/3600, q_loss:1.3168600788857374e-05, rewards:-3.363880157470703, queue:1.2657407522201538, delay:0.13226957619190216, throughput:4033
episode:229/250, real avg travel time:218.25142573766428
step:3600/3600, q_loss:0.00010197964794416395, rewards:-3.9892001152038574, queue:1.4548941850662231, delay:0.13634909689426422, throughput:4054
episode:230/250, real avg travel time:225.81277750370006
Test step:230/250, travel time :225.7771188534717, rewards:-4.023377895355225, queue:1.414285659790039, delay:0.1318514347076416, throughput:4047
step:3600/3600, q_loss:9.13424292876799e-06, rewards:-2.88403582572937, queue:1.146164059638977, delay:0.12761837244033813, throughput:4030
episode:231/250, real avg travel time:213.67642679900743
step:3600/3600, q_loss:1.1325632456444307e-05, rewards:-3.1860530376434326, queue:1.2273809909820557, delay:0.12955449521541595, throughput:4064
episode:232/250, real avg travel time:220.92027559055117
step:3600/3600, q_loss:6.967490238215153e-06, rewards:-2.9801411628723145, queue:1.1857142448425293, delay:0.12850691378116608, throughput:4043
episode:233/250, real avg travel time:214.88374969082363
step:3600/3600, q_loss:6.0371613572998385e-06, rewards:-2.8108084201812744, queue:1.1391534805297852, delay:0.1281043142080307, throughput:4055
episode:234/250, real avg travel time:210.7304562268804
step:3600/3600, q_loss:9.070144127084253e-06, rewards:-2.9401798248291016, queue:1.1761904954910278, delay:0.13066115975379944, throughput:4053
episode:235/250, real avg travel time:213.27214409079693
Test step:235/250, travel time :210.55459699285186, rewards:-2.5686938762664795, queue:1.0534391403198242, delay:0.11855993419885635, throughput:4057
step:3600/3600, q_loss:7.577726783994068e-06, rewards:-2.8940913677215576, queue:1.1480158567428589, delay:0.12937027215957642, throughput:4055
episode:236/250, real avg travel time:212.80665844636252
step:3600/3600, q_loss:7.882710876098524e-06, rewards:-2.8296334743499756, queue:1.1173280477523804, delay:0.1300453543663025, throughput:4063
episode:237/250, real avg travel time:208.73837066207236
step:3600/3600, q_loss:6.14016191522953e-06, rewards:-3.0515007972717285, queue:1.1937830448150635, delay:0.13060078024864197, throughput:4038
episode:238/250, real avg travel time:218.69960376423973
step:3600/3600, q_loss:4.176379904189768e-06, rewards:-2.835355043411255, queue:1.133730173110962, delay:0.12879283726215363, throughput:4069
episode:239/250, real avg travel time:209.61169820594742
step:3600/3600, q_loss:6.991962153632711e-06, rewards:-2.868574380874634, queue:1.132804274559021, delay:0.12862397730350494, throughput:4070
episode:240/250, real avg travel time:215.4928746928747
Test step:240/250, travel time :223.46113989637306, rewards:-2.7741587162017822, queue:1.1780422925949097, delay:0.12517954409122467, throughput:4053
step:3600/3600, q_loss:9.344352292828262e-06, rewards:-2.9944043159484863, queue:1.1533068418502808, delay:0.12540295720100403, throughput:4043
episode:241/250, real avg travel time:219.22433836260203
step:3600/3600, q_loss:4.745847723420916e-06, rewards:-2.8316166400909424, queue:1.1285713911056519, delay:0.12752696871757507, throughput:4039
episode:242/250, real avg travel time:218.518445159693
step:3600/3600, q_loss:2.64455318554408e-06, rewards:-2.7121527194976807, queue:1.083465576171875, delay:0.12483809888362885, throughput:4036
episode:243/250, real avg travel time:212.30302279484638
step:3600/3600, q_loss:6.577629149736216e-06, rewards:-3.01768159866333, queue:1.1906085014343262, delay:0.12900656461715698, throughput:4037
episode:244/250, real avg travel time:218.30220460738173
step:3600/3600, q_loss:7.151259544318438e-06, rewards:-3.0685744285583496, queue:1.214550256729126, delay:0.1324719339609146, throughput:4044
episode:245/250, real avg travel time:229.5937190900099
Test step:245/250, travel time :244.85581745235706, rewards:-3.794151544570923, queue:1.4366402626037598, delay:0.13402630388736725, throughput:3988
step:3600/3600, q_loss:1.3369368712624741e-05, rewards:-2.967885732650757, queue:1.1821428537368774, delay:0.12780947983264923, throughput:4056
episode:246/250, real avg travel time:219.14595660749507
step:3600/3600, q_loss:1.4974476855261149e-05, rewards:-3.258580446243286, queue:1.2452380657196045, delay:0.1309254765510559, throughput:4039
episode:247/250, real avg travel time:218.8710076751671
step:3600/3600, q_loss:1.1087997174601898e-05, rewards:-2.745468854904175, queue:1.109920620918274, delay:0.1255185306072235, throughput:4047
episode:248/250, real avg travel time:214.2876204595997
step:3600/3600, q_loss:5.283394178453212e-06, rewards:-2.805756092071533, queue:1.1271164417266846, delay:0.1287868767976761, throughput:4068
episode:249/250, real avg travel time:215.2030481809243
Hyperparameters saved to: data/output_data/tsc/sumo_hyperlight_mappo/sumo1x21/qr2_sumo1x21_seed2/hyperparameters.json
Loaded best checkpoint for final evaluation
Final Travel Time is 202.4934, mean rewards: -3.1219, queue: 1.1643, delay: 0.1361, throughput: 4072
Total time taken: 14384.811444997787
