hyperlight_mappo	TRAIN	0	1588.8743	0.003578	-351.6685	21.5503	0.1177	7721
hyperlight_mappo	TEST	0	1748.4761	0.003578	-288.4365	17.6933	0.0736	2568
hyperlight_mappo	TRAIN	1	1591.8020	0.003403	-353.1049	21.6378	0.1168	7625
hyperlight_mappo	TRAIN	2	1600.7455	0.003355	-353.8032	21.6827	0.1160	7526
hyperlight_mappo	TRAIN	3	1591.4389	0.003186	-349.4658	21.4148	0.1162	7570
hyperlight_mappo	TRAIN	4	1572.3230	0.002836	-338.1437	20.7220	0.1149	7732
hyperlight_mappo	TRAIN	5	1565.4375	0.002748	-337.1806	20.6604	0.1143	7800
hyperlight_mappo	TEST	5	1737.9170	0.002748	-280.5912	17.2117	0.0685	2145
hyperlight_mappo	TRAIN	6	1554.6178	0.002674	-336.0864	20.5966	0.1132	7868
hyperlight_mappo	TRAIN	7	1555.9988	0.002482	-335.1469	20.5344	0.1143	7864
hyperlight_mappo	TRAIN	8	1547.5341	0.002228	-325.8024	19.9633	0.1118	7991
hyperlight_mappo	TRAIN	9	1544.4135	0.002152	-327.3366	20.0537	0.1129	7903
hyperlight_mappo	TRAIN	10	1546.2498	0.002215	-331.6674	20.3210	0.1144	7948
hyperlight_mappo	TEST	10	1735.1921	0.002215	-354.9485	21.7773	0.0905	4142
hyperlight_mappo	TRAIN	11	1537.4272	0.002078	-327.5215	20.0653	0.1136	8094
hyperlight_mappo	TRAIN	12	1521.2414	0.001872	-320.6688	19.6441	0.1137	8131
hyperlight_mappo	TRAIN	13	1520.9936	0.001830	-318.9262	19.5407	0.1123	8143
hyperlight_mappo	TRAIN	14	1526.0839	0.001771	-324.2008	19.8598	0.1129	8055
hyperlight_mappo	TRAIN	15	1518.5244	0.001722	-318.5736	19.5208	0.1096	8154
hyperlight_mappo	TEST	15	1710.8695	0.001722	-344.3645	21.1274	0.0902	4338
hyperlight_mappo	TRAIN	16	1516.1699	0.001498	-318.7697	19.5273	0.1112	8056
hyperlight_mappo	TRAIN	17	1524.2872	0.001573	-325.2488	19.9262	0.1125	8166
hyperlight_mappo	TRAIN	18	1502.8436	0.001368	-317.1253	19.4281	0.1098	8207
hyperlight_mappo	TRAIN	19	1503.9408	0.001244	-314.7878	19.2831	0.1074	8290
hyperlight_mappo	TRAIN	20	1494.1286	0.001176	-314.2399	19.2506	0.1091	8182
hyperlight_mappo	TEST	20	1715.3658	0.001176	-349.7630	21.4591	0.1005	5001
hyperlight_mappo	TRAIN	21	1487.5350	0.001059	-314.3979	19.2572	0.1085	8289
hyperlight_mappo	TRAIN	22	1472.0497	0.001056	-308.7251	18.9122	0.1097	8361
hyperlight_mappo	TRAIN	23	1481.7684	0.001034	-318.6096	19.5151	0.1111	8478
hyperlight_mappo	TRAIN	24	1458.2584	0.000891	-308.5705	18.8989	0.1079	8462
hyperlight_mappo	TRAIN	25	1460.4327	0.000878	-306.5674	18.7777	0.1085	8444
hyperlight_mappo	TEST	25	1702.7629	0.000878	-383.7987	23.5468	0.1145	6169
hyperlight_mappo	TRAIN	26	1468.9025	0.000914	-314.0387	19.2364	0.1093	8399
hyperlight_mappo	TRAIN	27	1439.3621	0.000679	-301.2247	18.4497	0.1093	8619
hyperlight_mappo	TRAIN	28	1466.0701	0.000678	-308.2062	18.8775	0.1073	8246
hyperlight_mappo	TRAIN	29	1446.0340	0.000551	-300.5237	18.4027	0.1078	8387
hyperlight_mappo	TRAIN	30	1436.6152	0.000550	-301.2541	18.4485	0.1072	8462
hyperlight_mappo	TEST	30	1635.6829	0.000550	-353.8687	21.7049	0.1237	7082
hyperlight_mappo	TRAIN	31	1433.6648	0.000457	-297.9331	18.2426	0.1066	8601
hyperlight_mappo	TRAIN	32	1443.6106	0.000488	-302.9963	18.5579	0.1053	8563
hyperlight_mappo	TRAIN	33	1433.1245	0.000469	-297.7303	18.2305	0.1046	8401
hyperlight_mappo	TRAIN	34	1417.8567	0.000403	-296.6056	18.1600	0.1067	8655
hyperlight_mappo	TRAIN	35	1423.8366	0.000400	-294.5896	18.0359	0.1055	8614
hyperlight_mappo	TEST	35	1633.7621	0.000400	-365.1172	22.3906	0.1279	7520
hyperlight_mappo	TRAIN	36	1430.8447	0.000348	-296.0874	18.1304	0.1056	8511
hyperlight_mappo	TRAIN	37	1416.1122	0.000374	-296.8982	18.1794	0.1041	8626
hyperlight_mappo	TRAIN	38	1402.1888	0.000320	-290.3956	17.7807	0.1046	8709
hyperlight_mappo	TRAIN	39	1407.8398	0.000313	-294.4802	18.0308	0.1051	8749
hyperlight_mappo	TRAIN	40	1404.5184	0.000324	-292.2624	17.8971	0.1040	8745
hyperlight_mappo	TEST	40	1542.9286	0.000324	-342.2283	20.9828	0.1258	7711
hyperlight_mappo	TRAIN	41	1386.6548	0.000307	-283.2281	17.3410	0.1050	8750
hyperlight_mappo	TRAIN	42	1406.3748	0.000272	-291.4104	17.8466	0.1026	8552
hyperlight_mappo	TRAIN	43	1386.7355	0.000254	-284.1018	17.3931	0.1053	8873
hyperlight_mappo	TRAIN	44	1401.4532	0.000292	-293.2247	17.9592	0.1045	8521
hyperlight_mappo	TRAIN	45	1395.1979	0.000291	-293.2047	17.9550	0.1070	8930
hyperlight_mappo	TEST	45	1567.1811	0.000291	-352.1094	21.5886	0.1255	7957
hyperlight_mappo	TRAIN	46	1417.5639	0.000288	-304.6211	18.6567	0.1067	8715
hyperlight_mappo	TRAIN	47	1395.9202	0.000281	-298.7474	18.2956	0.1061	8825
hyperlight_mappo	TRAIN	48	1393.2724	0.000211	-296.2355	18.1396	0.1054	8855
hyperlight_mappo	TRAIN	49	1377.9789	0.000209	-289.9085	17.7516	0.1058	8793
hyperlight_mappo	TRAIN	50	1386.0628	0.000203	-297.4370	18.2148	0.1045	8895
hyperlight_mappo	TEST	50	1547.3321	0.000203	-367.4049	22.5251	0.1290	8403
hyperlight_mappo	TRAIN	51	1386.1199	0.000190	-300.0863	18.3775	0.1058	8988
hyperlight_mappo	TRAIN	52	1385.9730	0.000189	-298.1537	18.2570	0.1052	9037
hyperlight_mappo	TRAIN	53	1360.7355	0.000159	-289.8728	17.7518	0.1041	9038
hyperlight_mappo	TRAIN	54	1357.9255	0.000150	-286.9489	17.5696	0.1034	8916
hyperlight_mappo	TRAIN	55	1350.8607	0.000150	-288.0644	17.6416	0.1031	8953
hyperlight_mappo	TEST	55	1552.7194	0.000150	-366.1995	22.4502	0.1315	8248
hyperlight_mappo	TRAIN	56	1384.1315	0.000191	-301.5355	18.4700	0.1042	8954
hyperlight_mappo	TRAIN	57	1353.2644	0.000127	-289.8146	17.7476	0.1032	9045
hyperlight_mappo	TRAIN	58	1340.0981	0.000185	-282.5396	17.3013	0.1029	9216
hyperlight_mappo	TRAIN	59	1359.2533	0.000141	-291.0464	17.8244	0.1019	9013
hyperlight_mappo	TRAIN	60	1359.4413	0.000163	-291.7418	17.8688	0.1020	8989
hyperlight_mappo	TEST	60	1497.9414	0.000163	-340.9943	20.9022	0.1216	8336
hyperlight_mappo	TRAIN	61	1370.7483	0.000169	-294.3593	18.0290	0.1013	9016
hyperlight_mappo	TRAIN	62	1355.2683	0.000137	-287.3081	17.5915	0.1003	9038
hyperlight_mappo	TRAIN	63	1368.2277	0.000198	-294.1599	18.0167	0.1006	8965
hyperlight_mappo	TRAIN	64	1340.4432	0.000164	-287.5999	17.6127	0.0986	9060
hyperlight_mappo	TRAIN	65	1360.5498	0.000145	-291.6543	17.8641	0.1007	8922
hyperlight_mappo	TEST	65	1439.9370	0.000145	-321.4796	19.6961	0.1176	8650
hyperlight_mappo	TRAIN	66	1367.9540	0.000184	-299.4098	18.3362	0.1018	9087
hyperlight_mappo	TRAIN	67	1334.3291	0.000131	-282.6347	17.3059	0.0995	9158
hyperlight_mappo	TRAIN	68	1343.9888	0.000170	-289.5453	17.7318	0.1031	9064
hyperlight_mappo	TRAIN	69	1344.8025	0.000135	-287.1194	17.5821	0.1003	9053
hyperlight_mappo	TRAIN	70	1341.4181	0.000163	-286.2248	17.5297	0.0996	9088
hyperlight_mappo	TEST	70	1449.8380	0.000163	-326.0217	19.9796	0.1223	8757
hyperlight_mappo	TRAIN	71	1333.0289	0.000160	-281.0217	17.2067	0.1004	9321
hyperlight_mappo	TRAIN	72	1324.9758	0.000128	-276.6893	16.9423	0.0987	9185
hyperlight_mappo	TRAIN	73	1356.7820	0.000198	-291.5543	17.8553	0.0988	8982
hyperlight_mappo	TRAIN	74	1331.2953	0.000122	-282.0041	17.2694	0.0984	9202
hyperlight_mappo	TRAIN	75	1346.9298	0.000141	-287.3418	17.5958	0.0972	9029
hyperlight_mappo	TEST	75	1368.4083	0.000141	-280.9694	17.2060	0.1164	8779
hyperlight_mappo	TRAIN	76	1330.4728	0.000153	-280.1819	17.1546	0.0976	9106
hyperlight_mappo	TRAIN	77	1324.8838	0.000153	-272.7544	16.6994	0.0970	9114
hyperlight_mappo	TRAIN	78	1300.0983	0.000116	-266.4343	16.3110	0.0985	9105
hyperlight_mappo	TRAIN	79	1322.7656	0.000157	-273.7646	16.7612	0.0989	9132
hyperlight_mappo	TRAIN	80	1302.1163	0.000149	-263.8840	16.1536	0.0961	9115
hyperlight_mappo	TEST	80	1371.2755	0.000149	-298.3008	18.2735	0.1115	8860
hyperlight_mappo	TRAIN	81	1295.4572	0.000101	-263.6571	16.1408	0.0948	9316
hyperlight_mappo	TRAIN	82	1303.3115	0.000166	-272.6408	16.6899	0.0945	9111
hyperlight_mappo	TRAIN	83	1319.1514	0.000123	-276.2923	16.9166	0.0955	9071
hyperlight_mappo	TRAIN	84	1347.7010	0.000152	-288.5076	17.6704	0.0944	8955
hyperlight_mappo	TRAIN	85	1322.8311	0.000124	-280.1545	17.1546	0.0931	8943
hyperlight_mappo	TEST	85	1400.9535	0.000124	-310.6000	19.0318	0.1138	9109
hyperlight_mappo	TRAIN	86	1361.2662	0.000129	-295.5543	18.1008	0.0963	8938
hyperlight_mappo	TRAIN	87	1306.4011	0.000105	-268.8272	16.4591	0.0942	9169
hyperlight_mappo	TRAIN	88	1337.1137	0.000095	-281.1441	17.2152	0.0959	9055
hyperlight_mappo	TRAIN	89	1343.7935	0.000114	-286.1488	17.5232	0.0963	9029
hyperlight_mappo	TRAIN	90	1315.9825	0.000077	-274.7361	16.8212	0.0960	9075
hyperlight_mappo	TEST	90	1368.6012	0.000077	-288.6865	17.6847	0.1060	8983
hyperlight_mappo	TRAIN	91	1316.0792	0.000131	-275.8283	16.8874	0.0942	9277
hyperlight_mappo	TRAIN	92	1333.0774	0.000090	-281.8644	17.2615	0.0948	8997
hyperlight_mappo	TRAIN	93	1323.1892	0.000129	-275.1006	16.8438	0.0938	9002
hyperlight_mappo	TRAIN	94	1298.7804	0.000065	-266.3748	16.3072	0.0936	9181
hyperlight_mappo	TRAIN	95	1314.9214	0.000155	-269.9882	16.5281	0.0955	9283
hyperlight_mappo	TEST	95	1342.2769	0.000155	-288.1084	17.6505	0.1023	9122
hyperlight_mappo	TRAIN	96	1325.3872	0.000111	-278.0722	17.0258	0.0958	9284
hyperlight_mappo	TRAIN	97	1295.9971	0.000117	-262.5873	16.0725	0.0946	9273
hyperlight_mappo	TRAIN	98	1288.0061	0.000102	-261.3062	15.9947	0.0926	9455
hyperlight_mappo	TRAIN	99	1316.4405	0.000096	-273.4623	16.7420	0.0948	9208
hyperlight_mappo	TRAIN	100	1340.7792	0.000134	-282.4230	17.2942	0.0958	8995
hyperlight_mappo	TEST	100	1348.6235	0.000134	-288.5437	17.6749	0.1029	9108
hyperlight_mappo	TRAIN	101	1297.9786	0.000096	-266.0997	16.2900	0.0949	9256
hyperlight_mappo	TRAIN	102	1307.2399	0.000115	-272.8051	16.7030	0.0948	9220
hyperlight_mappo	TRAIN	103	1320.8379	0.000122	-278.7240	17.0669	0.0949	9203
hyperlight_mappo	TRAIN	104	1318.8563	0.000091	-274.9573	16.8327	0.0951	9221
hyperlight_mappo	TRAIN	105	1307.6779	0.000108	-274.9231	16.8307	0.0936	9205
hyperlight_mappo	TEST	105	1340.9553	0.000108	-286.4351	17.5475	0.1050	9073
hyperlight_mappo	TRAIN	106	1318.1441	0.000071	-279.1469	17.0904	0.0938	9174
hyperlight_mappo	TRAIN	107	1322.1837	0.000115	-276.5753	16.9314	0.0936	9145
hyperlight_mappo	TRAIN	108	1314.9088	0.000134	-275.7585	16.8827	0.0937	9075
hyperlight_mappo	TRAIN	109	1293.1855	0.000091	-265.6873	16.2658	0.0931	9318
hyperlight_mappo	TRAIN	110	1309.9792	0.000129	-273.3780	16.7362	0.0946	9352
hyperlight_mappo	TEST	110	1333.3232	0.000129	-289.4791	17.7299	0.1046	9118
hyperlight_mappo	TRAIN	111	1319.0783	0.000125	-279.6883	17.1245	0.0944	9190
hyperlight_mappo	TRAIN	112	1319.7793	0.000134	-277.7425	17.0051	0.0946	9243
hyperlight_mappo	TRAIN	113	1316.7988	0.000100	-280.0052	17.1450	0.0932	9232
hyperlight_mappo	TRAIN	114	1308.8736	0.000088	-274.4627	16.8061	0.0929	9173
hyperlight_mappo	TRAIN	115	1326.4879	0.000126	-284.7750	17.4378	0.0922	9102
hyperlight_mappo	TEST	115	1408.6230	0.000126	-322.0825	19.7365	0.1065	8886
hyperlight_mappo	TRAIN	116	1296.4092	0.000103	-268.0730	16.4119	0.0924	9399
hyperlight_mappo	TRAIN	117	1287.3752	0.000066	-267.7789	16.3929	0.0925	9282
hyperlight_mappo	TRAIN	118	1332.0473	0.000145	-285.4076	17.4780	0.0940	9098
hyperlight_mappo	TRAIN	119	1296.5475	0.000096	-270.1705	16.5435	0.0929	9215
hyperlight_mappo	TRAIN	120	1282.5963	0.000093	-265.8414	16.2758	0.0912	9222
hyperlight_mappo	TEST	120	1352.8491	0.000093	-296.8646	18.1898	0.1045	9312
hyperlight_mappo	TRAIN	121	1276.7198	0.000103	-261.5648	16.0161	0.0938	9482
hyperlight_mappo	TRAIN	122	1292.6193	0.000092	-266.4276	16.3130	0.0927	9259
hyperlight_mappo	TRAIN	123	1316.1449	0.000124	-278.0011	17.0251	0.0939	9323
hyperlight_mappo	TRAIN	124	1253.6776	0.000084	-250.3847	15.3242	0.0914	9540
hyperlight_mappo	TRAIN	125	1265.7953	0.000145	-254.3069	15.5671	0.0922	9320
hyperlight_mappo	TEST	125	1324.8540	0.000145	-277.8138	17.0170	0.1003	9098
hyperlight_mappo	TRAIN	126	1259.3516	0.000099	-256.3902	15.6936	0.0925	9569
hyperlight_mappo	TRAIN	127	1266.9706	0.000067	-258.8511	15.8434	0.0924	9483
hyperlight_mappo	TRAIN	128	1268.4875	0.000075	-260.5750	15.9504	0.0933	9427
hyperlight_mappo	TRAIN	129	1261.7517	0.000051	-255.9526	15.6660	0.0918	9582
hyperlight_mappo	TRAIN	130	1278.4378	0.000102	-263.1095	16.1087	0.0943	9555
hyperlight_mappo	TEST	130	1356.3814	0.000102	-306.6515	18.7952	0.1047	8948
hyperlight_mappo	TRAIN	131	1259.8454	0.000069	-255.0362	15.6124	0.0913	9518
hyperlight_mappo	TRAIN	132	1260.1443	0.000086	-254.2579	15.5627	0.0916	9515
hyperlight_mappo	TRAIN	133	1273.8842	0.000087	-259.9602	15.9139	0.0934	9551
hyperlight_mappo	TRAIN	134	1251.1999	0.000068	-249.7851	15.2894	0.0928	9682
hyperlight_mappo	TRAIN	135	1263.4146	0.000096	-256.5119	15.7025	0.0925	9576
hyperlight_mappo	TEST	135	1329.6689	0.000096	-291.0634	17.8299	0.0999	9209
hyperlight_mappo	TRAIN	136	1251.7568	0.000082	-251.7558	15.4099	0.0919	9727
hyperlight_mappo	TRAIN	137	1268.8129	0.000084	-258.3419	15.8138	0.0914	9503
hyperlight_mappo	TRAIN	138	1283.6177	0.000127	-261.4725	16.0084	0.0916	9425
hyperlight_mappo	TRAIN	139	1288.4590	0.000059	-268.6250	16.4432	0.0929	9466
hyperlight_mappo	TRAIN	140	1257.6561	0.000072	-254.9374	15.6072	0.0910	9594
hyperlight_mappo	TEST	140	1369.6689	0.000072	-305.9652	18.7454	0.1015	9161
hyperlight_mappo	TRAIN	141	1283.9181	0.000130	-269.3596	16.4919	0.0927	9474
hyperlight_mappo	TRAIN	142	1268.9016	0.000075	-260.3771	15.9410	0.0914	9469
hyperlight_mappo	TRAIN	143	1302.4870	0.000212	-274.9783	16.8366	0.0921	9226
hyperlight_mappo	TRAIN	144	1304.7312	0.000139	-279.1786	17.0966	0.0931	9294
hyperlight_mappo	TRAIN	145	1304.1655	0.000178	-281.5161	17.2422	0.0925	9386
hyperlight_mappo	TEST	145	1369.4445	0.000178	-306.6379	18.7861	0.0999	8867
hyperlight_mappo	TRAIN	146	1305.0330	0.000113	-272.9735	16.7134	0.0924	9287
hyperlight_mappo	TRAIN	147	1274.2636	0.000086	-257.8267	15.7802	0.0903	9456
hyperlight_mappo	TRAIN	148	1295.1216	0.000088	-268.5038	16.4402	0.0910	9369
hyperlight_mappo	TRAIN	149	1251.6788	0.000066	-249.6144	15.2748	0.0919	9667
hyperlight_mappo	TRAIN	150	1268.4174	0.000056	-258.4699	15.8215	0.0900	9628
hyperlight_mappo	TEST	150	1346.3830	0.000056	-294.1479	18.0205	0.0987	9121
hyperlight_mappo	TRAIN	151	1306.3703	0.000137	-275.0708	16.8452	0.0932	9491
hyperlight_mappo	TRAIN	152	1291.2548	0.000105	-267.8849	16.4025	0.0915	9413
hyperlight_mappo	TRAIN	153	1268.6257	0.000100	-256.0121	15.6746	0.0904	9610
hyperlight_mappo	TRAIN	154	1287.5529	0.000109	-262.8576	16.0939	0.0916	9374
hyperlight_mappo	TRAIN	155	1269.9395	0.000065	-258.9413	15.8535	0.0907	9572
hyperlight_mappo	TEST	155	1338.1935	0.000065	-285.4527	17.4859	0.0991	8964
hyperlight_mappo	TRAIN	156	1289.4079	0.000129	-271.5272	16.6280	0.0928	9558
hyperlight_mappo	TRAIN	157	1245.6768	0.000077	-252.3255	15.4453	0.0913	9758
hyperlight_mappo	TRAIN	158	1269.9278	0.000101	-266.1397	16.2956	0.0927	9622
hyperlight_mappo	TRAIN	159	1290.4924	0.000140	-275.1286	16.8476	0.0917	9620
hyperlight_mappo	TRAIN	160	1263.1827	0.000097	-261.8255	16.0284	0.0908	9627
hyperlight_mappo	TEST	160	1337.2358	0.000097	-294.5920	18.0543	0.0967	8867
hyperlight_mappo	TRAIN	161	1260.7074	0.000057	-259.6681	15.8978	0.0907	9597
hyperlight_mappo	TRAIN	162	1296.9045	0.000154	-273.0636	16.7220	0.0926	9372
hyperlight_mappo	TRAIN	163	1286.3963	0.000102	-273.8231	16.7666	0.0922	9591
hyperlight_mappo	TRAIN	164	1288.8518	0.000096	-269.7318	16.5152	0.0922	9556
hyperlight_mappo	TRAIN	165	1292.1118	0.000113	-273.6180	16.7547	0.0903	9476
hyperlight_mappo	TEST	165	1318.2924	0.000113	-282.5692	17.3077	0.0939	9100
hyperlight_mappo	TRAIN	166	1258.6629	0.000056	-258.8833	15.8495	0.0897	9740
hyperlight_mappo	TRAIN	167	1310.5399	0.000157	-281.0089	17.2103	0.0898	9226
hyperlight_mappo	TRAIN	168	1283.7298	0.000071	-262.8103	16.0920	0.0882	9332
hyperlight_mappo	TRAIN	169	1263.8966	0.000112	-254.3007	15.5656	0.0886	9469
hyperlight_mappo	TRAIN	170	1254.8575	0.000125	-251.6770	15.4028	0.0882	9570
hyperlight_mappo	TEST	170	1292.8089	0.000125	-272.5620	16.6986	0.0931	9380
hyperlight_mappo	TRAIN	171	1269.0851	0.000086	-253.5092	15.5196	0.0891	9521
hyperlight_mappo	TRAIN	172	1268.1935	0.000075	-259.1886	15.8676	0.0899	9600
hyperlight_mappo	TRAIN	173	1263.5593	0.000078	-255.9016	15.6660	0.0885	9591
hyperlight_mappo	TRAIN	174	1262.6077	0.000062	-254.9393	15.6094	0.0879	9524
hyperlight_mappo	TRAIN	175	1292.0100	0.000102	-266.5279	16.3187	0.0909	9530
hyperlight_mappo	TEST	175	1333.8386	0.000102	-294.4442	18.0406	0.0946	9050
hyperlight_mappo	TRAIN	176	1264.4808	0.000095	-253.4695	15.5191	0.0889	9547
hyperlight_mappo	TRAIN	177	1230.3490	0.000180	-229.1762	14.0210	0.0875	9410
hyperlight_mappo	TRAIN	178	1254.1581	0.000097	-243.1734	14.8822	0.0891	9619
hyperlight_mappo	TRAIN	179	1248.2307	0.000111	-241.6558	14.7898	0.0881	9614
hyperlight_mappo	TRAIN	180	1210.6890	0.000129	-228.8926	14.0066	0.0880	9842
hyperlight_mappo	TEST	180	1351.9102	0.000129	-298.3838	18.2792	0.0967	8994
hyperlight_mappo	TRAIN	181	1231.8336	0.000097	-240.7722	14.7346	0.0891	9874
hyperlight_mappo	TRAIN	182	1233.4177	0.000053	-243.1745	14.8832	0.0900	9692
hyperlight_mappo	TRAIN	183	1235.5096	0.000098	-238.3512	14.5822	0.0892	9693
hyperlight_mappo	TRAIN	184	1242.2837	0.000139	-243.4589	14.8974	0.0914	10022
hyperlight_mappo	TRAIN	185	1235.5771	0.000081	-243.4603	14.8991	0.0903	9686
hyperlight_mappo	TEST	185	1365.9602	0.000081	-312.7918	19.1714	0.0968	8687
hyperlight_mappo	TRAIN	186	1278.6165	0.000119	-258.2944	15.8121	0.0903	9612
hyperlight_mappo	TRAIN	187	1278.9215	0.000062	-261.2737	15.9950	0.0920	9646
hyperlight_mappo	TRAIN	188	1252.1017	0.000141	-241.3697	14.7705	0.0901	9534
hyperlight_mappo	TRAIN	189	1215.8085	0.000042	-231.9213	14.1861	0.0889	9692
hyperlight_mappo	TRAIN	190	1228.7390	0.000114	-235.4560	14.4061	0.0901	9884
hyperlight_mappo	TEST	190	1299.1036	0.000114	-281.7783	17.2607	0.0944	9414
hyperlight_mappo	TRAIN	191	1230.5246	0.000067	-234.5191	14.3473	0.0902	9643
hyperlight_mappo	TRAIN	192	1240.4853	0.000102	-241.3587	14.7695	0.0903	9605
hyperlight_mappo	TRAIN	193	1219.6897	0.000100	-229.2031	14.0214	0.0897	9873
hyperlight_mappo	TRAIN	194	1222.4640	0.000068	-234.1647	14.3272	0.0888	9821
hyperlight_mappo	TRAIN	195	1219.5563	0.000064	-230.9353	14.1288	0.0879	9657
hyperlight_mappo	TEST	195	1253.5286	0.000064	-258.4099	15.8229	0.0922	9759
hyperlight_mappo	TRAIN	196	1236.6501	0.000064	-237.3408	14.5239	0.0910	9705
hyperlight_mappo	TRAIN	197	1229.2072	0.000054	-238.6066	14.6027	0.0892	9689
hyperlight_mappo	TRAIN	198	1227.9953	0.000116	-238.0581	14.5658	0.0890	9689
hyperlight_mappo	TRAIN	199	1232.9409	0.000133	-240.6789	14.7284	0.0886	9532
hyperlight_mappo	TRAIN	200	1236.9325	0.000120	-242.0753	14.8146	0.0896	9515
hyperlight_mappo	TEST	200	1224.2437	0.000120	-237.1866	14.5188	0.0909	9410
hyperlight_mappo	TRAIN	201	1250.9873	0.000110	-245.8412	15.0485	0.0903	9641
hyperlight_mappo	TRAIN	202	1215.6097	0.000069	-231.2281	14.1490	0.0892	9656
hyperlight_mappo	TRAIN	203	1204.1002	0.000102	-227.1168	13.8964	0.0896	9798
hyperlight_mappo	TRAIN	204	1215.5456	0.000141	-232.6279	14.2369	0.0887	9687
hyperlight_mappo	TRAIN	205	1200.3338	0.000075	-225.0408	13.7645	0.0889	9762
hyperlight_mappo	TEST	205	1221.8579	0.000075	-236.5877	14.4835	0.0887	9650
hyperlight_mappo	TRAIN	206	1246.0259	0.000087	-244.2341	14.9521	0.0894	9560
hyperlight_mappo	TRAIN	207	1222.5479	0.000056	-232.3334	14.2132	0.0901	9582
hyperlight_mappo	TRAIN	208	1229.4725	0.000096	-239.3990	14.6514	0.0894	9787
hyperlight_mappo	TRAIN	209	1215.4786	0.000061	-230.9142	14.1291	0.0883	9734
hyperlight_mappo	TRAIN	210	1207.2697	0.000107	-228.0821	13.9539	0.0886	9959
hyperlight_mappo	TEST	210	1229.5649	0.000107	-236.2934	14.4619	0.0892	9607
hyperlight_mappo	TRAIN	211	1255.1635	0.000094	-249.6712	15.2823	0.0897	9568
hyperlight_mappo	TRAIN	212	1222.3883	0.000048	-234.1999	14.3302	0.0896	9668
hyperlight_mappo	TRAIN	213	1234.3827	0.000072	-238.6550	14.6060	0.0902	9657
hyperlight_mappo	TRAIN	214	1202.2587	0.000078	-225.7896	13.8129	0.0860	9666
hyperlight_mappo	TRAIN	215	1211.2793	0.000104	-229.4288	14.0376	0.0885	9733
hyperlight_mappo	TEST	215	1226.8555	0.000104	-232.2035	14.2120	0.0900	9764
hyperlight_mappo	TRAIN	216	1222.6469	0.000090	-232.3318	14.2134	0.0895	9680
hyperlight_mappo	TRAIN	217	1222.8429	0.000060	-229.1953	14.0201	0.0891	9581
hyperlight_mappo	TRAIN	218	1204.9090	0.000080	-225.4057	13.7867	0.0894	9806
hyperlight_mappo	TRAIN	219	1221.3442	0.000092	-230.4029	14.0990	0.0901	9645
hyperlight_mappo	TRAIN	220	1211.0488	0.000079	-225.1275	13.7733	0.0893	9642
hyperlight_mappo	TEST	220	1195.0998	0.000079	-216.4218	13.2410	0.0864	9450
hyperlight_mappo	TRAIN	221	1200.0155	0.000050	-220.1470	13.4648	0.0903	9708
hyperlight_mappo	TRAIN	222	1205.0785	0.000095	-221.4777	13.5477	0.0895	9622
hyperlight_mappo	TRAIN	223	1207.1603	0.000087	-220.3506	13.4802	0.0904	9630
hyperlight_mappo	TRAIN	224	1195.8513	0.000081	-218.1415	13.3411	0.0904	9655
hyperlight_mappo	TRAIN	225	1217.0716	0.000077	-226.7233	13.8699	0.0910	9614
hyperlight_mappo	TEST	225	1208.6933	0.000077	-220.6598	13.4995	0.0891	9405
hyperlight_mappo	TRAIN	226	1205.7869	0.000075	-221.4996	13.5472	0.0902	9645
hyperlight_mappo	TRAIN	227	1240.7310	0.000102	-235.1216	14.3847	0.0904	9634
hyperlight_mappo	TRAIN	228	1228.8155	0.000067	-234.1714	14.3284	0.0909	9521
hyperlight_mappo	TRAIN	229	1243.3378	0.000165	-240.8318	14.7372	0.0919	9595
hyperlight_mappo	TRAIN	230	1222.2111	0.000131	-232.1036	14.1995	0.0911	9696
hyperlight_mappo	TEST	230	1174.5591	0.000131	-205.1310	12.5453	0.0871	9703
hyperlight_mappo	TRAIN	231	1209.6481	0.000068	-225.6933	13.8065	0.0914	9740
hyperlight_mappo	TRAIN	232	1219.0661	0.000078	-232.0006	14.1935	0.0907	9550
hyperlight_mappo	TRAIN	233	1231.2572	0.000108	-237.7201	14.5466	0.0909	9579
hyperlight_mappo	TRAIN	234	1232.2299	0.000142	-244.7043	14.9756	0.0898	9453
hyperlight_mappo	TRAIN	235	1226.7496	0.000080	-237.1348	14.5104	0.0902	9654
hyperlight_mappo	TEST	235	1200.0217	0.000080	-221.8442	13.5729	0.0881	9492
hyperlight_mappo	TRAIN	236	1240.7194	0.000184	-246.0166	15.0593	0.0898	9409
hyperlight_mappo	TRAIN	237	1249.1441	0.000132	-252.1240	15.4319	0.0911	9754
hyperlight_mappo	TRAIN	238	1244.9542	0.000081	-249.2856	15.2574	0.0933	9614
hyperlight_mappo	TRAIN	239	1235.2284	0.000204	-247.3366	15.1416	0.0936	9507
hyperlight_mappo	TRAIN	240	1281.9612	0.000127	-263.0468	16.1043	0.0929	9373
hyperlight_mappo	TEST	240	1195.1535	0.000127	-216.3984	13.2397	0.0909	9500
hyperlight_mappo	TRAIN	241	1221.9905	0.000054	-240.4058	14.7120	0.0896	9592
hyperlight_mappo	TRAIN	242	1255.0501	0.000130	-253.1472	15.4952	0.0921	9611
hyperlight_mappo	TRAIN	243	1262.2782	0.000116	-256.6050	15.7095	0.0903	9471
hyperlight_mappo	TRAIN	244	1283.8638	0.000116	-266.9767	16.3426	0.0929	9412
hyperlight_mappo	TRAIN	245	1299.1907	0.000119	-275.7254	16.8858	0.0920	9249
hyperlight_mappo	TEST	245	1254.8371	0.000119	-247.3772	15.1430	0.0904	8934
hyperlight_mappo	TRAIN	246	1323.3350	0.000119	-284.2475	17.4064	0.0932	9191
hyperlight_mappo	TRAIN	247	1316.8609	0.000157	-281.0164	17.2107	0.0944	9346
hyperlight_mappo	TRAIN	248	1295.2644	0.000126	-271.1477	16.6035	0.0922	9421
hyperlight_mappo	TRAIN	249	1246.2386	0.000081	-245.0497	14.9990	0.0908	9508
