transfer from best_0.pt (16 -> 48 intersections) | actor_hypernet=4/4 | value_hypernet=4/4 | differs=node_count,phase_lengths
  not transferred: agent_embeddings (per-intersection index table has no meaning in a different network)
  not transferred: optimizer (Adam moments belong to the source task)
step:3600/3600, q_loss:0.000282621100820877, rewards:-16.321413040161133, queue:4.016782283782959, delay:0.09033101052045822, throughput:2708
episode:0/50, real avg travel time:477.096671388102
Test step:0/50, travel time :310.0980878186969, rewards:-6.964583873748779, queue:1.6510416269302368, delay:0.07220233231782913, throughput:2806
New best TEST travel time 310.0981 at episode 0, saved as best checkpoint
step:3600/3600, q_loss:0.00019845628477115597, rewards:-14.865857124328613, queue:3.6559605598449707, delay:0.08772868663072586, throughput:2713
episode:1/50, real avg travel time:458.91784702549575
step:3600/3600, q_loss:0.00020869203503990984, rewards:-15.294096946716309, queue:3.7613425254821777, delay:0.08741944283246994, throughput:2723
episode:2/50, real avg travel time:458.0499291784703
step:3600/3600, q_loss:0.00017411015657593069, rewards:-14.575276374816895, queue:3.5809028148651123, delay:0.08541340380907059, throughput:2692
episode:3/50, real avg travel time:455.91501416430594
step:3600/3600, q_loss:0.0002793885040223415, rewards:-16.63057518005371, queue:4.095312595367432, delay:0.08748558908700943, throughput:2633
episode:4/50, real avg travel time:493.4663597733711
step:3600/3600, q_loss:0.0002231087367464271, rewards:-16.297454833984375, queue:4.0075812339782715, delay:0.08760573714971542, throughput:2646
episode:5/50, real avg travel time:486.2942634560907
Test step:5/50, travel time :264.0492209631728, rewards:-4.656064987182617, queue:1.0660879611968994, delay:0.06215553358197212, throughput:2808
New best TEST travel time 264.0492 at episode 5, saved as best checkpoint
step:3600/3600, q_loss:0.00016644419757304367, rewards:-15.719696998596191, queue:3.8671295642852783, delay:0.08678539842367172, throughput:2652
episode:6/50, real avg travel time:474.63810198300285
step:3600/3600, q_loss:8.183467075412656e-05, rewards:-14.742545127868652, queue:3.6190972328186035, delay:0.08441221714019775, throughput:2661
episode:7/50, real avg travel time:456.90509915014167
step:3600/3600, q_loss:3.916261254890282e-05, rewards:-14.413355827331543, queue:3.5346643924713135, delay:0.08453630656003952, throughput:2665
episode:8/50, real avg travel time:448.65226628895186
step:3600/3600, q_loss:1.2329877656022156e-05, rewards:-12.457290649414062, queue:3.047743082046509, delay:0.0803067684173584, throughput:2707
episode:9/50, real avg travel time:416.5630311614731
step:3600/3600, q_loss:2.1602064557948415e-05, rewards:-12.983170509338379, queue:3.176851749420166, delay:0.08075462281703949, throughput:2643
episode:10/50, real avg travel time:411.60977337110484
Test step:10/50, travel time :246.2655807365439, rewards:-3.747360944747925, queue:0.8432870507240295, delay:0.056483905762434006, throughput:2805
New best TEST travel time 246.2656 at episode 10, saved as best checkpoint
step:3600/3600, q_loss:-7.4806604836205085e-06, rewards:-9.82372760772705, queue:2.3770833015441895, delay:0.07435552030801773, throughput:2732
episode:11/50, real avg travel time:372.0279745042493
step:3600/3600, q_loss:-1.2366807793933945e-05, rewards:-8.702800750732422, queue:2.091898202896118, delay:0.07113825529813766, throughput:2778
episode:12/50, real avg travel time:335.70184135977337
step:3600/3600, q_loss:-3.636503393796307e-05, rewards:-7.51164436340332, queue:1.7917245626449585, delay:0.06661298125982285, throughput:2783
episode:13/50, real avg travel time:311.90403682719545
step:3600/3600, q_loss:-4.770241503138095e-05, rewards:-5.44979190826416, queue:1.2773147821426392, delay:0.062473226338624954, throughput:2800
episode:14/50, real avg travel time:275.1150849858357
step:3600/3600, q_loss:-4.9397256009763595e-05, rewards:-4.684097766876221, queue:1.085127353668213, delay:0.06005408614873886, throughput:2806
episode:15/50, real avg travel time:261.0775495750708
Test step:15/50, travel time :202.36862606232296, rewards:-2.0234720706939697, queue:0.4373842477798462, delay:0.0393078550696373, throughput:2809
New best TEST travel time 202.3686 at episode 15, saved as best checkpoint
step:3600/3600, q_loss:-4.537702163675639e-05, rewards:-4.030949115753174, queue:0.9191551208496094, delay:0.05672779306769371, throughput:2809
episode:16/50, real avg travel time:247.3834985835694
step:3600/3600, q_loss:-4.66524319001761e-05, rewards:-3.5773377418518066, queue:0.8081018328666687, delay:0.053737856447696686, throughput:2808
episode:17/50, real avg travel time:237.35339943342777
step:3600/3600, q_loss:-5.481482438892586e-05, rewards:-3.498379945755005, queue:0.782870352268219, delay:0.053915198892354965, throughput:2807
episode:18/50, real avg travel time:236.32542492917847
step:3600/3600, q_loss:-5.2082086129999367e-05, rewards:-3.2284491062164307, queue:0.7197916507720947, delay:0.05178553983569145, throughput:2808
episode:19/50, real avg travel time:231.24220963172806
step:3600/3600, q_loss:-5.236741070589626e-05, rewards:-3.01027774810791, queue:0.668055534362793, delay:0.04939587041735649, throughput:2805
episode:20/50, real avg travel time:225.23406515580737
Test step:20/50, travel time :192.7330028328612, rewards:-1.6550694704055786, queue:0.3568286895751953, delay:0.03363162279129028, throughput:2809
New best TEST travel time 192.7330 at episode 20, saved as best checkpoint
step:3600/3600, q_loss:-4.3752890246931787e-05, rewards:-2.8195602893829346, queue:0.6239004731178284, delay:0.04821254685521126, throughput:2806
episode:21/50, real avg travel time:220.6699716713881
step:3600/3600, q_loss:-4.117017968293325e-05, rewards:-2.704328775405884, queue:0.5938657522201538, delay:0.04751318320631981, throughput:2811
episode:22/50, real avg travel time:218.11048158640227
step:3600/3600, q_loss:-4.655541280819173e-05, rewards:-2.544074058532715, queue:0.5555555820465088, delay:0.045502834022045135, throughput:2807
episode:23/50, real avg travel time:214.64412181303115
step:3600/3600, q_loss:-4.6310429590650734e-05, rewards:-2.4371988773345947, queue:0.5298032164573669, delay:0.044176820665597916, throughput:2806
episode:24/50, real avg travel time:212.25070821529744
step:3600/3600, q_loss:-4.713942579217945e-05, rewards:-2.382338047027588, queue:0.5155671238899231, delay:0.043600570410490036, throughput:2810
episode:25/50, real avg travel time:211.143059490085
Test step:25/50, travel time :188.07365439093485, rewards:-1.4462733268737793, queue:0.30868056416511536, delay:0.029992718249559402, throughput:2810
New best TEST travel time 188.0737 at episode 25, saved as best checkpoint
step:3600/3600, q_loss:-3.6256249424897965e-05, rewards:-2.24381947517395, queue:0.48651620745658875, delay:0.04198294132947922, throughput:2808
episode:26/50, real avg travel time:207.8877478753541
step:3600/3600, q_loss:-4.1390370748603694e-05, rewards:-2.123865842819214, queue:0.4565393626689911, delay:0.040535006672143936, throughput:2807
episode:27/50, real avg travel time:204.43378186968837
step:3600/3600, q_loss:-4.775382784614915e-05, rewards:-2.0256941318511963, queue:0.4368055462837219, delay:0.03969563916325569, throughput:2810
episode:28/50, real avg travel time:202.4932719546742
step:3600/3600, q_loss:-4.452327895121948e-05, rewards:-1.9366204738616943, queue:0.42060184478759766, delay:0.03853581100702286, throughput:2808
episode:29/50, real avg travel time:200.31763456090653
step:3600/3600, q_loss:-4.5052143374319986e-05, rewards:-1.8482404947280884, queue:0.39646992087364197, delay:0.03708203509449959, throughput:2810
episode:30/50, real avg travel time:198.16820113314446
Test step:30/50, travel time :185.30949008498584, rewards:-1.3596526384353638, queue:0.2925347089767456, delay:0.029646294191479683, throughput:2810
New best TEST travel time 185.3095 at episode 30, saved as best checkpoint
step:3600/3600, q_loss:-4.4780236957767225e-05, rewards:-1.7787731885910034, queue:0.3820023238658905, delay:0.036188267171382904, throughput:2810
episode:31/50, real avg travel time:196.16324362606233
step:3600/3600, q_loss:-4.462764316732869e-05, rewards:-1.7372219562530518, queue:0.37193286418914795, delay:0.03590098023414612, throughput:2811
episode:32/50, real avg travel time:194.99220963172806
step:3600/3600, q_loss:-3.830822296785536e-05, rewards:-1.670046329498291, queue:0.3576388955116272, delay:0.034304436296224594, throughput:2810
episode:33/50, real avg travel time:193.71388101983004
step:3600/3600, q_loss:-4.433969256358888e-05, rewards:-1.6417592763900757, queue:0.3534722328186035, delay:0.03395765274763107, throughput:2809
episode:34/50, real avg travel time:192.42740793201133
step:3600/3600, q_loss:-3.441671965166605e-05, rewards:-1.6048611402511597, queue:0.3444444537162781, delay:0.03381010890007019, throughput:2809
episode:35/50, real avg travel time:191.96246458923514
Test step:35/50, travel time :182.49645892351276, rewards:-1.2097454071044922, queue:0.2544560134410858, delay:0.027123592793941498, throughput:2810
New best TEST travel time 182.4965 at episode 35, saved as best checkpoint
step:3600/3600, q_loss:-3.4736907167107236e-05, rewards:-1.555115818977356, queue:0.3331018388271332, delay:0.03299286589026451, throughput:2810
episode:36/50, real avg travel time:190.94546742209633
step:3600/3600, q_loss:-3.328325067370854e-05, rewards:-1.5297685861587524, queue:0.330844908952713, delay:0.032904356718063354, throughput:2810
episode:37/50, real avg travel time:190.39553824362605
step:3600/3600, q_loss:-2.917403069232809e-05, rewards:-1.504884123802185, queue:0.32170137763023376, delay:0.03201986849308014, throughput:2810
episode:38/50, real avg travel time:189.54249291784703
step:3600/3600, q_loss:-3.0515170555538786e-05, rewards:-1.4169673919677734, queue:0.29994213581085205, delay:0.03053971752524376, throughput:2810
episode:39/50, real avg travel time:188.04390934844193
step:3600/3600, q_loss:-3.062412142753601e-05, rewards:-1.383634090423584, queue:0.2951388955116272, delay:0.030238483101129532, throughput:2811
episode:40/50, real avg travel time:187.2471671388102
Test step:40/50, travel time :181.02974504249292, rewards:-1.140717625617981, queue:0.23940971493721008, delay:0.025911498814821243, throughput:2810
New best TEST travel time 181.0297 at episode 40, saved as best checkpoint
step:3600/3600, q_loss:-3.175964057273059e-05, rewards:-1.3838889598846436, queue:0.29374998807907104, delay:0.03042891062796116, throughput:2810
episode:41/50, real avg travel time:186.92492917847025
step:3600/3600, q_loss:-2.6725335901798566e-05, rewards:-1.370578646659851, queue:0.2908564805984497, delay:0.030006168410182, throughput:2811
episode:42/50, real avg travel time:185.99681303116148
step:3600/3600, q_loss:-1.4979535401913763e-05, rewards:-1.3494443893432617, queue:0.28784722089767456, delay:0.02955777198076248, throughput:2810
episode:43/50, real avg travel time:186.06161473087818
step:3600/3600, q_loss:-3.308207493700823e-05, rewards:-1.3414583206176758, queue:0.28420138359069824, delay:0.029716406017541885, throughput:2810
episode:44/50, real avg travel time:186.0828611898017
step:3600/3600, q_loss:-2.5042486348315887e-05, rewards:-1.376319408416748, queue:0.29461807012557983, delay:0.030178161337971687, throughput:2810
episode:45/50, real avg travel time:186.231940509915
Test step:45/50, travel time :181.04284702549575, rewards:-1.156180500984192, queue:0.24456018209457397, delay:0.02599831484258175, throughput:2810
step:3600/3600, q_loss:-1.4078603298575791e-05, rewards:-1.3031481504440308, queue:0.2768518626689911, delay:0.029199350625276566, throughput:2809
episode:46/50, real avg travel time:184.81975920679886
step:3600/3600, q_loss:-1.691932618232835e-05, rewards:-1.2713193893432617, queue:0.2699074149131775, delay:0.028539035469293594, throughput:2809
episode:47/50, real avg travel time:184.12322946175638
step:3600/3600, q_loss:-2.275032830643065e-05, rewards:-1.2573611736297607, queue:0.26788192987442017, delay:0.0281940009444952, throughput:2811
episode:48/50, real avg travel time:183.72237960339945
step:3600/3600, q_loss:-3.115272064647281e-05, rewards:-1.2568519115447998, queue:0.26446759700775146, delay:0.028174417093396187, throughput:2810
episode:49/50, real avg travel time:184.29178470254956
Hyperparameters saved to: data/output_data/tsc/cityflow_hyperlight_mappo/cityflow16x3/ft_learned_4x4to16x3_seed1/hyperparameters.json
Loaded best checkpoint for final evaluation
Final Travel Time is 181.0297, mean rewards: -1.1407, queue: 0.2394, delay: 0.0259, throughput: 2810
Total time taken: 6242.038042068481
