Resumed training from episode 25; continuing through episode 249
step:3600/3600, q_loss:0.00010333213650472002, rewards:-54.072410583496094, queue:13.521932601928711, delay:0.12559323012828827, throughput:1818
episode:25/250, real avg travel time:1092.0375354107648
Test step:25/250, travel time :1529.271954674221, rewards:-84.16484069824219, queue:21.07094955444336, delay:0.17596633732318878, throughput:1424
New best TEST travel time 1529.2720 at episode 25, saved as best checkpoint
step:3600/3600, q_loss:0.0001954665391277226, rewards:-57.458106994628906, queue:14.364294052124023, delay:0.1260886937379837, throughput:1681
episode:26/250, real avg travel time:1152.859773371105
step:3600/3600, q_loss:7.743184673197475e-05, rewards:-55.35618591308594, queue:13.839583396911621, delay:0.124730184674263, throughput:1799
episode:27/250, real avg travel time:1109.543909348442
step:3600/3600, q_loss:2.3434015657798744e-05, rewards:-50.88496017456055, queue:12.722222328186035, delay:0.12077481299638748, throughput:1842
episode:28/250, real avg travel time:1047.1600566572238
step:3600/3600, q_loss:1.891169202640469e-05, rewards:-53.221553802490234, queue:13.307175636291504, delay:0.12206495553255081, throughput:1794
episode:29/250, real avg travel time:1081.441926345609
step:3600/3600, q_loss:3.493266556710925e-05, rewards:-52.62007522583008, queue:13.155902862548828, delay:0.12281432002782822, throughput:1850
episode:30/250, real avg travel time:1063.095254957507
Test step:30/250, travel time :1398.0577195467422, rewards:-78.02861785888672, queue:19.539236068725586, delay:0.17217622697353363, throughput:1616
New best TEST travel time 1398.0577 at episode 30, saved as best checkpoint
step:3600/3600, q_loss:9.80885170492125e-05, rewards:-50.14741897583008, queue:12.536689758300781, delay:0.1237693801522255, throughput:1819
episode:31/250, real avg travel time:1044.0432011331445
step:3600/3600, q_loss:2.39456998023354e-05, rewards:-51.42333984375, queue:12.855902671813965, delay:0.12281974405050278, throughput:1836
episode:32/250, real avg travel time:1068.8611898016998
step:3600/3600, q_loss:1.1545206552348386e-05, rewards:-51.67028045654297, queue:12.919791221618652, delay:0.12390775233507156, throughput:1876
episode:33/250, real avg travel time:1051.7089235127478
step:3600/3600, q_loss:0.00010769657760479108, rewards:-51.614540100097656, queue:12.907581329345703, delay:0.12395191937685013, throughput:1854
episode:34/250, real avg travel time:1042.9617563739378
step:3600/3600, q_loss:1.2593241954613247e-05, rewards:-47.13951873779297, queue:11.782638549804688, delay:0.11836713552474976, throughput:1892
episode:35/250, real avg travel time:987.2871813031162
Test step:35/250, travel time :1284.551699716714, rewards:-68.2528076171875, queue:17.086688995361328, delay:0.1480761170387268, throughput:1611
New best TEST travel time 1284.5517 at episode 35, saved as best checkpoint
step:3600/3600, q_loss:8.184352679821996e-05, rewards:-52.19599151611328, queue:13.050983428955078, delay:0.12149225920438766, throughput:1827
episode:36/250, real avg travel time:1060.7907223796035
step:3600/3600, q_loss:3.3040984280775356e-05, rewards:-47.68291091918945, queue:11.920254707336426, delay:0.11916789412498474, throughput:1914
episode:37/250, real avg travel time:991.4050991501416
step:3600/3600, q_loss:1.3878187567087604e-05, rewards:-49.508060455322266, queue:12.381365776062012, delay:0.1183045282959938, throughput:1869
episode:38/250, real avg travel time:1006.5453257790368
step:3600/3600, q_loss:1.437089565485992e-05, rewards:-46.69190979003906, queue:11.663541793823242, delay:0.11987150460481644, throughput:1898
episode:39/250, real avg travel time:977.2418555240794
step:3600/3600, q_loss:2.242107818156113e-05, rewards:-47.11324691772461, queue:11.77795124053955, delay:0.11913346499204636, throughput:1889
episode:40/250, real avg travel time:987.2418555240794
Test step:40/250, travel time :1151.9851274787536, rewards:-59.011165618896484, queue:14.764814376831055, delay:0.1407652646303177, throughput:1821
New best TEST travel time 1151.9851 at episode 40, saved as best checkpoint
step:3600/3600, q_loss:3.310286736023831e-05, rewards:-44.15504455566406, queue:11.033217430114746, delay:0.11728130280971527, throughput:1930
episode:41/250, real avg travel time:941.0297450424929
step:3600/3600, q_loss:2.574778383275793e-05, rewards:-48.73017501831055, queue:12.18304443359375, delay:0.11802268028259277, throughput:1850
episode:42/250, real avg travel time:1009.7673512747875
