step:3600/3600, q_loss:0.0036575700478329335, rewards:-346.5532531738281, queue:21.23971176147461, delay:0.11208989471197128, throughput:7433
episode:0/250, real avg travel time:1579.294180694786
Test step:0/250, travel time :1751.6464913939853, rewards:-366.03094482421875, queue:22.450014114379883, delay:0.11517259478569031, throughput:4954
New best TEST travel time 1751.6465 at episode 0, saved as best checkpoint
step:3600/3600, q_loss:0.002983386994247543, rewards:-342.03173828125, queue:20.964059829711914, delay:0.11087008565664291, throughput:7500
episode:1/250, real avg travel time:1564.4038837399912
step:3600/3600, q_loss:0.0027502753084847403, rewards:-339.33966064453125, queue:20.796527862548828, delay:0.11407443135976791, throughput:7618
episode:2/250, real avg travel time:1560.812937393607
step:3600/3600, q_loss:0.0026032215562062683, rewards:-337.9388122558594, queue:20.709524154663086, delay:0.11188002675771713, throughput:7523
episode:3/250, real avg travel time:1561.869365109388
step:3600/3600, q_loss:0.0023598080661929683, rewards:-331.8931884765625, queue:20.33727264404297, delay:0.11144033074378967, throughput:7633
episode:4/250, real avg travel time:1550.4911417943383
step:3600/3600, q_loss:0.002277462038730363, rewards:-327.04052734375, queue:20.037429809570312, delay:0.11211632192134857, throughput:7883
episode:5/250, real avg travel time:1535.0875732929828
Test step:5/250, travel time :1747.7078998802094, rewards:-332.0249938964844, queue:20.36789894104004, delay:0.09976404160261154, throughput:3883
New best TEST travel time 1747.7079 at episode 5, saved as best checkpoint
step:3600/3600, q_loss:0.0022339100432064796, rewards:-328.40203857421875, queue:20.12470245361328, delay:0.11235294491052628, throughput:7753
episode:6/250, real avg travel time:1539.391085051384
step:3600/3600, q_loss:0.0021406853183483085, rewards:-330.77294921875, queue:20.26688003540039, delay:0.11223958432674408, throughput:7837
episode:7/250, real avg travel time:1535.7259945778956
step:3600/3600, q_loss:0.00189553383194531, rewards:-322.38421630859375, queue:19.750099182128906, delay:0.11447138339281082, throughput:8129
episode:8/250, real avg travel time:1506.1979698631865
step:3600/3600, q_loss:0.001840863388641105, rewards:-321.996826171875, queue:19.72739601135254, delay:0.11331811547279358, throughput:8116
episode:9/250, real avg travel time:1512.070172120295
step:3600/3600, q_loss:0.0016381916255879872, rewards:-315.2677917480469, queue:19.316028594970703, delay:0.11171822249889374, throughput:8281
episode:10/250, real avg travel time:1498.4673728012106
Test step:10/250, travel time :1695.9656389887145, rewards:-366.26031494140625, queue:22.469629287719727, delay:0.11105558276176453, throughput:5441
New best TEST travel time 1695.9656 at episode 10, saved as best checkpoint
step:3600/3600, q_loss:0.001544203279528445, rewards:-312.9890441894531, queue:19.175283432006836, delay:0.11109598726034164, throughput:8314
episode:11/250, real avg travel time:1488.0088897295252
step:3600/3600, q_loss:0.001575878260363997, rewards:-317.6635437011719, queue:19.461593627929688, delay:0.11230320483446121, throughput:8327
episode:12/250, real avg travel time:1487.1424878633125
step:3600/3600, q_loss:0.0013666500084470084, rewards:-309.16192626953125, queue:18.93579864501953, delay:0.11179301887750626, throughput:8308
episode:13/250, real avg travel time:1475.7044953029442
step:3600/3600, q_loss:0.001186810439541637, rewards:-305.10992431640625, queue:18.690746307373047, delay:0.11189395189285278, throughput:8369
episode:14/250, real avg travel time:1469.7677321732551
step:3600/3600, q_loss:0.0011367460704167132, rewards:-307.1737365722656, queue:18.817829132080078, delay:0.11260524392127991, throughput:8400
episode:15/250, real avg travel time:1463.0178425067777
Test step:15/250, travel time :1644.0041611499905, rewards:-337.1946105957031, queue:20.685997009277344, delay:0.11305180191993713, throughput:6417
New best TEST travel time 1644.0042 at episode 15, saved as best checkpoint
step:3600/3600, q_loss:0.0010596380538499717, rewards:-302.3096618652344, queue:18.519657135009766, delay:0.11224544793367386, throughput:8526
episode:16/250, real avg travel time:1455.7459176596683
step:3600/3600, q_loss:0.001109523943590897, rewards:-306.88818359375, queue:18.798255920410156, delay:0.11098843067884445, throughput:8503
episode:17/250, real avg travel time:1449.929890927432
step:3600/3600, q_loss:0.0009440130248190088, rewards:-300.1653747558594, queue:18.384679794311523, delay:0.11029207706451416, throughput:8395
episode:18/250, real avg travel time:1450.4932854170606
step:3600/3600, q_loss:0.0008688881340613416, rewards:-307.0091247558594, queue:18.803159713745117, delay:0.11111447215080261, throughput:8536
episode:19/250, real avg travel time:1453.5967467372802
step:3600/3600, q_loss:0.0008889609153733164, rewards:-310.2546081542969, queue:19.005598068237305, delay:0.1104988381266594, throughput:8524
episode:20/250, real avg travel time:1460.5204589874536
Test step:20/250, travel time :1549.7969863186431, rewards:-352.1430969238281, queue:21.59991455078125, delay:0.12544162571430206, throughput:8159
New best TEST travel time 1549.7970 at episode 20, saved as best checkpoint
step:3600/3600, q_loss:0.0008421624233848473, rewards:-308.0904541015625, queue:18.869699478149414, delay:0.11005736887454987, throughput:8549
episode:21/250, real avg travel time:1441.3518693651095
step:3600/3600, q_loss:0.0008396908061300048, rewards:-304.8758239746094, queue:18.67342758178711, delay:0.10970373451709747, throughput:8552
episode:22/250, real avg travel time:1443.2354202131014
step:3600/3600, q_loss:0.0008110609994073008, rewards:-314.8165588378906, queue:19.2855167388916, delay:0.11313191056251526, throughput:8510
episode:23/250, real avg travel time:1449.9580102137318
step:3600/3600, q_loss:0.0006723646903274017, rewards:-303.8802795410156, queue:18.61272621154785, delay:0.11057065427303314, throughput:8561
episode:24/250, real avg travel time:1434.5712754555198
step:3600/3600, q_loss:0.0004902600360866118, rewards:-293.439453125, queue:17.969572067260742, delay:0.10970677435398102, throughput:8727
episode:25/250, real avg travel time:1400.3547695605573
Test step:25/250, travel time :1487.497383519324, rewards:-328.58343505859375, queue:20.153671264648438, delay:0.11922911554574966, throughput:8447
New best TEST travel time 1487.4974 at episode 25, saved as best checkpoint
step:3600/3600, q_loss:0.0005033767231155107, rewards:-298.05322265625, queue:18.250524520874023, delay:0.11118727177381516, throughput:8611
episode:26/250, real avg travel time:1411.9165878570077
step:3600/3600, q_loss:0.0004374803637476339, rewards:-292.3899841308594, queue:17.905216217041016, delay:0.1097940132021904, throughput:8784
episode:27/250, real avg travel time:1394.2944328856945
step:3600/3600, q_loss:0.00048402119379413006, rewards:-299.3795166015625, queue:18.334453582763672, delay:0.10833294689655304, throughput:8503
episode:28/250, real avg travel time:1418.8942059138767
step:3600/3600, q_loss:0.00045088474995551493, rewards:-289.2716064453125, queue:17.71339225769043, delay:0.10865642875432968, throughput:8768
episode:29/250, real avg travel time:1399.317571401551
step:3600/3600, q_loss:0.00045180118516630806, rewards:-291.9581298828125, queue:17.878599166870117, delay:0.11142105609178543, throughput:8786
episode:30/250, real avg travel time:1389.8482441207993
Test step:30/250, travel time :1493.5015446693146, rewards:-333.2813415527344, queue:20.440248489379883, delay:0.11888846009969711, throughput:8074
step:3600/3600, q_loss:0.00041925358978735374, rewards:-291.68603515625, queue:17.861225128173828, delay:0.10994380712509155, throughput:8902
episode:31/250, real avg travel time:1385.7781350482314
step:3600/3600, q_loss:0.0003937634781008747, rewards:-294.72991943359375, queue:18.04957389831543, delay:0.10917941480875015, throughput:8726
episode:32/250, real avg travel time:1392.8075152890738
step:3600/3600, q_loss:0.00027581459995686873, rewards:-282.0752258300781, queue:17.27243423461914, delay:0.10771031677722931, throughput:8824
episode:33/250, real avg travel time:1370.3038269970368
step:3600/3600, q_loss:0.0003518089242811303, rewards:-296.26983642578125, queue:18.143749237060547, delay:0.10761488974094391, throughput:8787
episode:34/250, real avg travel time:1389.9822835886766
step:3600/3600, q_loss:0.00030867106476683675, rewards:-287.2576599121094, queue:17.59026336669922, delay:0.10785968601703644, throughput:8903
episode:35/250, real avg travel time:1381.7580228232773
Test step:35/250, travel time :1426.7845028686716, rewards:-322.4219970703125, queue:19.770139694213867, delay:0.12479516863822937, throughput:8904
New best TEST travel time 1426.7845 at episode 35, saved as best checkpoint
step:3600/3600, q_loss:0.00028626225821538773, rewards:-289.895751953125, queue:17.75300407409668, delay:0.10957860946655273, throughput:8979
episode:36/250, real avg travel time:1380.5317445306096
step:3600/3600, q_loss:0.00023242126171905432, rewards:-274.5155334472656, queue:16.80462074279785, delay:0.10747285932302475, throughput:9008
episode:37/250, real avg travel time:1351.1364983292353
step:3600/3600, q_loss:0.00028743253827503203, rewards:-277.5158386230469, queue:16.99022102355957, delay:0.10740610957145691, throughput:9042
episode:38/250, real avg travel time:1349.4819368261774
step:3600/3600, q_loss:0.00026326063820261535, rewards:-278.06622314453125, queue:17.023469924926758, delay:0.1057610958814621, throughput:9036
episode:39/250, real avg travel time:1354.5574049555514
step:3600/3600, q_loss:0.0001829333757344967, rewards:-268.08441162109375, queue:16.41143798828125, delay:0.10567539930343628, throughput:9195
episode:40/250, real avg travel time:1323.738036693777
Test step:40/250, travel time :1406.9134354706514, rewards:-318.4572448730469, queue:19.52239227294922, delay:0.12320742011070251, throughput:9051
New best TEST travel time 1406.9134 at episode 40, saved as best checkpoint
step:3600/3600, q_loss:0.00024443876708248334, rewards:-280.45465087890625, queue:17.168792724609375, delay:0.10595884174108505, throughput:9142
episode:41/250, real avg travel time:1354.4233654876741
step:3600/3600, q_loss:0.0002407175068381346, rewards:-274.2904968261719, queue:16.790292739868164, delay:0.10368840396404266, throughput:9018
episode:42/250, real avg travel time:1347.396507155917
step:3600/3600, q_loss:0.00018193988321006964, rewards:-280.2178955078125, queue:17.15308952331543, delay:0.10357630252838135, throughput:8923
episode:43/250, real avg travel time:1349.2953786016014
step:3600/3600, q_loss:0.00027198087805623396, rewards:-272.5977783203125, queue:16.685941696166992, delay:0.1031806617975235, throughput:8866
episode:44/250, real avg travel time:1343.7746674232394
step:3600/3600, q_loss:0.00014876088107372692, rewards:-269.5770263671875, queue:16.49842643737793, delay:0.10383971780538559, throughput:9157
episode:45/250, real avg travel time:1329.4971943761427
Test step:45/250, travel time :1376.6942185234223, rewards:-297.4150695800781, queue:18.22600555419922, delay:0.11867814511060715, throughput:9451
New best TEST travel time 1376.6942 at episode 45, saved as best checkpoint
step:3600/3600, q_loss:0.0002753191836139498, rewards:-279.3580322265625, queue:17.103784561157227, delay:0.10321653634309769, throughput:8950
episode:46/250, real avg travel time:1345.4309312149296
step:3600/3600, q_loss:0.00016591281998028725, rewards:-267.2242736816406, queue:16.355867385864258, delay:0.10242226719856262, throughput:9126
episode:47/250, real avg travel time:1325.2210453313157
step:3600/3600, q_loss:0.00017158762543939378, rewards:-285.41180419921875, queue:17.47157096862793, delay:0.10315494984388351, throughput:8990
episode:48/250, real avg travel time:1357.7138263665595
step:3600/3600, q_loss:0.00014191560744003244, rewards:-282.4752197265625, queue:17.292999267578125, delay:0.10199351608753204, throughput:8992
episode:49/250, real avg travel time:1353.8103524367946
step:3600/3600, q_loss:0.00011730981230043037, rewards:-280.1163024902344, queue:17.149276733398438, delay:0.10101335495710373, throughput:9058
episode:50/250, real avg travel time:1345.533888153332
Test step:50/250, travel time :1442.7785763823215, rewards:-333.66680908203125, queue:20.45280647277832, delay:0.11601603776216507, throughput:8788
step:3600/3600, q_loss:9.131131634075931e-05, rewards:-276.2186279296875, queue:16.908658981323242, delay:0.10143513977527618, throughput:9149
episode:51/250, real avg travel time:1324.604060273627
step:3600/3600, q_loss:0.00014818729135713735, rewards:-285.3927307128906, queue:17.474149703979492, delay:0.10012592375278473, throughput:9018
episode:52/250, real avg travel time:1345.9266754933485
step:3600/3600, q_loss:0.00017043961329532234, rewards:-297.50811767578125, queue:18.218395233154297, delay:0.10117602348327637, throughput:8947
episode:53/250, real avg travel time:1375.4243742513083
step:3600/3600, q_loss:0.00011187853883767937, rewards:-280.4819641113281, queue:17.174589157104492, delay:0.0994073748588562, throughput:8727
episode:54/250, real avg travel time:1344.4980770443226
step:3600/3600, q_loss:0.00012541921217537795, rewards:-278.75299072265625, queue:17.067007064819336, delay:0.09949306398630142, throughput:8884
episode:55/250, real avg travel time:1333.2250173381249
Test step:55/250, travel time :1407.171489817792, rewards:-316.7588806152344, queue:19.41319465637207, delay:0.1157696321606636, throughput:8790
step:3600/3600, q_loss:0.00014271930840662622, rewards:-284.7012939453125, queue:17.432525634765625, delay:0.10011765360832214, throughput:8903
episode:56/250, real avg travel time:1352.305907572032
step:3600/3600, q_loss:0.0001536060546102278, rewards:-285.95458984375, queue:17.508716583251953, delay:0.0993240550160408, throughput:8990
episode:57/250, real avg travel time:1357.366748628712
step:3600/3600, q_loss:8.437880679582718e-05, rewards:-271.8468017578125, queue:16.644628524780273, delay:0.09760794788599014, throughput:9045
episode:58/250, real avg travel time:1326.0636151566737
step:3600/3600, q_loss:9.683490837536131e-05, rewards:-272.79925537109375, queue:16.701034545898438, delay:0.09925905615091324, throughput:9297
episode:59/250, real avg travel time:1329.9691696614336
step:3600/3600, q_loss:0.00011723488051858213, rewards:-283.7644348144531, queue:17.37550926208496, delay:0.09846260398626328, throughput:8843
episode:60/250, real avg travel time:1347.4119538490638
Test step:60/250, travel time :1409.7618687346321, rewards:-316.6766357421875, queue:19.409467697143555, delay:0.11429338157176971, throughput:8741
step:3600/3600, q_loss:0.00023266895922809192, rewards:-285.21533203125, queue:17.4654483795166, delay:0.10208341479301453, throughput:9364
episode:61/250, real avg travel time:1343.470525187567
step:3600/3600, q_loss:0.00011570219458569484, rewards:-280.818603515625, queue:17.19569206237793, delay:0.0986679419875145, throughput:9168
episode:62/250, real avg travel time:1334.2939285038774
step:3600/3600, q_loss:0.0001336988467143929, rewards:-281.3912658691406, queue:17.233049392700195, delay:0.09900505840778351, throughput:9160
episode:63/250, real avg travel time:1329.0585713385033
step:3600/3600, q_loss:0.00010743041369736333, rewards:-277.9599304199219, queue:17.019813537597656, delay:0.10008541494607925, throughput:9117
episode:64/250, real avg travel time:1333.0387113044574
step:3600/3600, q_loss:0.00015297613766354818, rewards:-295.45391845703125, queue:18.095138549804688, delay:0.10040596127510071, throughput:8982
episode:65/250, real avg travel time:1371.0452052203518
Test step:65/250, travel time :1445.1866212723032, rewards:-333.86163330078125, queue:20.465845108032227, delay:0.11805909872055054, throughput:8710
step:3600/3600, q_loss:0.0003213047959524161, rewards:-296.8914794921875, queue:18.185373306274414, delay:0.09982606768608093, throughput:8910
episode:66/250, real avg travel time:1367.2578021562322
step:3600/3600, q_loss:0.00013143429678166285, rewards:-275.1324157714844, queue:16.845975875854492, delay:0.09874258935451508, throughput:9238
episode:67/250, real avg travel time:1320.2523800516992
step:3600/3600, q_loss:0.00016467739696065424, rewards:-287.0096130371094, queue:17.575298309326172, delay:0.10112380981445312, throughput:9394
episode:68/250, real avg travel time:1332.5043187693084
step:3600/3600, q_loss:9.351050034582179e-05, rewards:-276.74267578125, queue:16.9445858001709, delay:0.09916253387928009, throughput:9261
episode:69/250, real avg travel time:1314.2653048357606
step:3600/3600, q_loss:0.00014800969491508663, rewards:-294.1800231933594, queue:18.01642608642578, delay:0.10172723233699799, throughput:9202
episode:70/250, real avg travel time:1357.4478280058004
Test step:70/250, travel time :1393.10718113612, rewards:-312.2803649902344, queue:19.140886306762695, delay:0.11850667744874954, throughput:9240
step:3600/3600, q_loss:9.990361038405723e-05, rewards:-271.5223083496094, queue:16.625709533691406, delay:0.09986182302236557, throughput:9324
episode:71/250, real avg travel time:1295.9884622659354
step:3600/3600, q_loss:0.00011428139561623403, rewards:-273.8321228027344, queue:16.766807556152344, delay:0.09974218159914017, throughput:9442
episode:72/250, real avg travel time:1310.7268772460752
step:3600/3600, q_loss:0.00015397270301351163, rewards:-286.6621398925781, queue:17.556419372558594, delay:0.10037460178136826, throughput:9304
episode:73/250, real avg travel time:1333.283021247084
step:3600/3600, q_loss:0.00023457560286552497, rewards:-297.7171936035156, queue:18.236677169799805, delay:0.10015718638896942, throughput:9122
episode:74/250, real avg travel time:1351.7092238824791
step:3600/3600, q_loss:0.00014041672907352885, rewards:-277.3442687988281, queue:16.98377227783203, delay:0.10067783296108246, throughput:9483
episode:75/250, real avg travel time:1314.224512956308
Test step:75/250, travel time :1422.7517180505643, rewards:-325.35943603515625, queue:19.94681167602539, delay:0.1188366562128067, throughput:9189
step:3600/3600, q_loss:0.0001264879052070211, rewards:-282.14117431640625, queue:17.279874801635742, delay:0.10015953332185745, throughput:9414
episode:76/250, real avg travel time:1326.3956875354643
step:3600/3600, q_loss:0.00011321188505440032, rewards:-279.6022644042969, queue:17.1232852935791, delay:0.0994240939617157, throughput:9522
episode:77/250, real avg travel time:1322.4605636466806
step:3600/3600, q_loss:0.0001535948394491613, rewards:-262.9101257324219, queue:16.100496292114258, delay:0.09898880869150162, throughput:9528
episode:78/250, real avg travel time:1285.2456969926234
step:3600/3600, q_loss:0.00010822470990486766, rewards:-272.464599609375, queue:16.685871124267578, delay:0.099309541285038, throughput:9420
episode:79/250, real avg travel time:1304.062417249858
step:3600/3600, q_loss:0.00012199982749600032, rewards:-272.1761474609375, queue:16.665788650512695, delay:0.098994180560112, throughput:9609
episode:80/250, real avg travel time:1299.7507092869303
Test step:80/250, travel time :1356.2452556585336, rewards:-297.376220703125, queue:18.231916427612305, delay:0.11117199063301086, throughput:9291
New best TEST travel time 1356.2453 at episode 80, saved as best checkpoint
step:3600/3600, q_loss:0.00011967601713416869, rewards:-264.1132507324219, queue:16.173213958740234, delay:0.09944912046194077, throughput:9581
episode:81/250, real avg travel time:1292.6544354076036
step:3600/3600, q_loss:0.0001320498752232388, rewards:-266.1453857421875, queue:16.295974731445312, delay:0.09876679629087448, throughput:9602
episode:82/250, real avg travel time:1294.5852720509426
step:3600/3600, q_loss:0.00011238138705928936, rewards:-279.81884765625, queue:17.13871955871582, delay:0.09947367757558823, throughput:9613
episode:83/250, real avg travel time:1313.2154340836014
step:3600/3600, q_loss:0.00010671034494104484, rewards:-265.5018310546875, queue:16.256717681884766, delay:0.09967447817325592, throughput:9614
episode:84/250, real avg travel time:1283.661370657588
step:3600/3600, q_loss:0.00015253029534820307, rewards:-290.561279296875, queue:17.79593276977539, delay:0.09976328164339066, throughput:9504
episode:85/250, real avg travel time:1331.8176029254146
Test step:85/250, travel time :1384.2874976357102, rewards:-314.66156005859375, queue:19.287004470825195, delay:0.10538340359926224, throughput:9025
step:3600/3600, q_loss:0.0001618006203415585, rewards:-291.602294921875, queue:17.861324310302734, delay:0.09934262931346893, throughput:9414
episode:86/250, real avg travel time:1333.8374629594603
step:3600/3600, q_loss:0.00017584122855354237, rewards:-285.05938720703125, queue:17.459482192993164, delay:0.09806117415428162, throughput:9494
episode:87/250, real avg travel time:1316.835886766282
step:3600/3600, q_loss:0.00011944590841727561, rewards:-285.6612854003906, queue:17.497888565063477, delay:0.09998442977666855, throughput:9642
episode:88/250, real avg travel time:1323.8473614526197
step:3600/3600, q_loss:0.00010964394463326804, rewards:-288.8473815917969, queue:17.692588806152344, delay:0.09832201898097992, throughput:9228
episode:89/250, real avg travel time:1332.614715339512
step:3600/3600, q_loss:0.00017502861592220143, rewards:-291.3654479980469, queue:17.84896469116211, delay:0.10065556317567825, throughput:9200
episode:90/250, real avg travel time:1338.8887207616165
Test step:90/250, travel time :1328.0366937771894, rewards:-289.66845703125, queue:17.75015640258789, delay:0.10492601245641708, throughput:9376
New best TEST travel time 1328.0367 at episode 90, saved as best checkpoint
step:3600/3600, q_loss:0.00016860334546862883, rewards:-303.0599060058594, queue:18.562557220458984, delay:0.09972427785396576, throughput:9154
episode:91/250, real avg travel time:1364.086627577076
step:3600/3600, q_loss:9.079140290850774e-05, rewards:-281.07794189453125, queue:17.21245765686035, delay:0.09973817318677902, throughput:9314
episode:92/250, real avg travel time:1305.619570014501
step:3600/3600, q_loss:0.0001168766231448562, rewards:-289.0771789550781, queue:17.703670501708984, delay:0.09865438938140869, throughput:9362
episode:93/250, real avg travel time:1325.5436605510372
step:3600/3600, q_loss:0.00013892231839651495, rewards:-294.8651123046875, queue:18.06142234802246, delay:0.09951569139957428, throughput:9272
episode:94/250, real avg travel time:1347.5690687850704
step:3600/3600, q_loss:8.585429700079983e-05, rewards:-283.9091796875, queue:17.386919021606445, delay:0.09615391492843628, throughput:9311
episode:95/250, real avg travel time:1329.0195447954102
Test step:95/250, travel time :1317.6694407666603, rewards:-293.6397399902344, queue:17.99543571472168, delay:0.10275239497423172, throughput:9517
New best TEST travel time 1317.6694 at episode 95, saved as best checkpoint
step:3600/3600, q_loss:0.00010817045438244227, rewards:-272.4147033691406, queue:16.679861068725586, delay:0.09882137179374695, throughput:9542
episode:96/250, real avg travel time:1309.2312590631109
step:3600/3600, q_loss:0.00010614960072102187, rewards:-274.0973205566406, queue:16.783843994140625, delay:0.09635847806930542, throughput:9450
episode:97/250, real avg travel time:1316.880272366181
step:3600/3600, q_loss:0.00012893846684658647, rewards:-285.82647705078125, queue:17.503585815429688, delay:0.09892428666353226, throughput:9440
episode:98/250, real avg travel time:1343.2757707584642
step:3600/3600, q_loss:0.00010061130681460332, rewards:-283.84661865234375, queue:17.382638931274414, delay:0.09848985821008682, throughput:9451
episode:99/250, real avg travel time:1337.38238446504
step:3600/3600, q_loss:0.00013297301881305622, rewards:-274.2253112792969, queue:16.791736602783203, delay:0.09796034544706345, throughput:9234
episode:100/250, real avg travel time:1312.1098291406595
Test step:100/250, travel time :1387.066704495303, rewards:-313.89306640625, queue:19.236167907714844, delay:0.10089808702468872, throughput:8774
step:3600/3600, q_loss:7.467678788313527e-05, rewards:-271.57073974609375, queue:16.626049041748047, delay:0.09792295098304749, throughput:9396
episode:101/250, real avg travel time:1306.003341529538
step:3600/3600, q_loss:0.00010631169066017057, rewards:-273.898193359375, queue:16.769145965576172, delay:0.09672857075929642, throughput:9278
episode:102/250, real avg travel time:1315.3094382447512
step:3600/3600, q_loss:8.094816721607874e-05, rewards:-275.9017639160156, queue:16.89080238342285, delay:0.09933087229728699, throughput:9373
episode:103/250, real avg travel time:1311.606456087258
step:3600/3600, q_loss:0.00013774769942284803, rewards:-273.1943054199219, queue:16.72854232788086, delay:0.09739410877227783, throughput:9351
episode:104/250, real avg travel time:1301.8890360002522
step:3600/3600, q_loss:0.00010600303336374323, rewards:-272.3309020996094, queue:16.6740779876709, delay:0.09760013222694397, throughput:9358
episode:105/250, real avg travel time:1309.4196456717734
Test step:105/250, travel time :1338.5464346510307, rewards:-302.1829833984375, queue:18.519344329833984, delay:0.10073715448379517, throughput:9075
step:3600/3600, q_loss:9.309332735152386e-05, rewards:-274.1268310546875, queue:16.783971786499023, delay:0.09719868004322052, throughput:9444
episode:106/250, real avg travel time:1306.4134039467876
step:3600/3600, q_loss:0.00014213711241789072, rewards:-293.01873779296875, queue:17.94615936279297, delay:0.09721358865499496, throughput:9187
episode:107/250, real avg travel time:1338.1162600088267
step:3600/3600, q_loss:7.959469198177419e-05, rewards:-266.70391845703125, queue:16.328855514526367, delay:0.09480683505535126, throughput:9675
episode:108/250, real avg travel time:1279.2404640312716
step:3600/3600, q_loss:8.764094910239456e-05, rewards:-280.3773193359375, queue:17.16947364807129, delay:0.09636003524065018, throughput:9577
episode:109/250, real avg travel time:1305.5227917533573
step:3600/3600, q_loss:7.125055674322662e-05, rewards:-273.1583557128906, queue:16.723909378051758, delay:0.09651809185743332, throughput:9487
episode:110/250, real avg travel time:1300.7065758779397
Test step:110/250, travel time :1300.0568060021437, rewards:-283.14306640625, queue:17.348398208618164, delay:0.09854283183813095, throughput:9383
New best TEST travel time 1300.0568 at episode 110, saved as best checkpoint
step:3600/3600, q_loss:5.485312535318281e-05, rewards:-279.1990966796875, queue:17.09467124938965, delay:0.09781413525342941, throughput:9201
episode:111/250, real avg travel time:1316.7683626505263
step:3600/3600, q_loss:9.333250660055466e-05, rewards:-282.9026794433594, queue:17.323936462402344, delay:0.09537817537784576, throughput:9441
episode:112/250, real avg travel time:1318.2556585335099
step:3600/3600, q_loss:9.248856736065383e-05, rewards:-272.0897521972656, queue:16.65939712524414, delay:0.09602426737546921, throughput:9436
episode:113/250, real avg travel time:1297.4211588172248
step:3600/3600, q_loss:0.00010868039732744319, rewards:-272.22760009765625, queue:16.666751861572266, delay:0.09597121924161911, throughput:9536
episode:114/250, real avg travel time:1297.3226152197212
step:3600/3600, q_loss:0.0001411221956835634, rewards:-284.5343322753906, queue:17.422534942626953, delay:0.09595371782779694, throughput:9481
episode:115/250, real avg travel time:1323.272303133472
Test step:115/250, travel time :1331.7075215938466, rewards:-299.01080322265625, queue:18.323923110961914, delay:0.10078775137662888, throughput:9428
step:3600/3600, q_loss:9.395905301825683e-05, rewards:-276.6988525390625, queue:16.943012237548828, delay:0.09747956693172455, throughput:9533
episode:116/250, real avg travel time:1306.7012798688606
step:3600/3600, q_loss:0.00012717650686591909, rewards:-288.8132019042969, queue:17.687145233154297, delay:0.09635435789823532, throughput:9367
episode:117/250, real avg travel time:1324.6851396507157
step:3600/3600, q_loss:0.0001268628342788563, rewards:-280.71783447265625, queue:17.187685012817383, delay:0.09646855294704437, throughput:9313
episode:118/250, real avg travel time:1317.408170985436
step:3600/3600, q_loss:8.302798338757576e-05, rewards:-278.6834716796875, queue:17.06359100341797, delay:0.09650581330060959, throughput:9527
episode:119/250, real avg travel time:1307.849946409432
step:3600/3600, q_loss:7.328625510081672e-05, rewards:-280.35235595703125, queue:17.168041229248047, delay:0.09648191183805466, throughput:9540
episode:120/250, real avg travel time:1308.0640564907635
Test step:120/250, travel time :1315.1801273564088, rewards:-287.41790771484375, queue:17.612825393676758, delay:0.09716594964265823, throughput:9342
step:3600/3600, q_loss:7.688377588271611e-05, rewards:-291.7928771972656, queue:17.8716983795166, delay:0.09738121181726456, throughput:9324
episode:121/250, real avg travel time:1333.7089086438434
step:3600/3600, q_loss:0.0001381361213718242, rewards:-289.6275939941406, queue:17.7403621673584, delay:0.09518720209598541, throughput:9222
episode:122/250, real avg travel time:1325.924531870626
step:3600/3600, q_loss:0.00013628732880152026, rewards:-286.54241943359375, queue:17.54924964904785, delay:0.0937887653708458, throughput:9261
episode:123/250, real avg travel time:1321.791501166383
step:3600/3600, q_loss:0.00010902717173096643, rewards:-276.86456298828125, queue:16.95344352722168, delay:0.09430859982967377, throughput:9366
episode:124/250, real avg travel time:1305.5758779396003
step:3600/3600, q_loss:9.23196086300721e-05, rewards:-282.5623474121094, queue:17.304052352905273, delay:0.09684954583644867, throughput:9349
episode:125/250, real avg travel time:1323.3118340583821
Test step:125/250, travel time :1351.3393228674106, rewards:-295.1470947265625, queue:18.085132598876953, delay:0.09613918513059616, throughput:9000
step:3600/3600, q_loss:8.791838273158826e-05, rewards:-282.6688537597656, queue:17.30938148498535, delay:0.0948282852768898, throughput:9484
episode:126/250, real avg travel time:1316.3873021877562
step:3600/3600, q_loss:5.850556342830927e-05, rewards:-280.5057373046875, queue:17.175622940063477, delay:0.09549474716186523, throughput:9486
episode:127/250, real avg travel time:1307.7899249732047
step:3600/3600, q_loss:0.00010876319102402547, rewards:-262.4701843261719, queue:16.06910514831543, delay:0.09337946772575378, throughput:9481
episode:128/250, real avg travel time:1275.359372044638
step:3600/3600, q_loss:0.00011191718708968113, rewards:-261.6778564453125, queue:16.015859603881836, delay:0.09374751895666122, throughput:9471
episode:129/250, real avg travel time:1275.8213227413153
step:3600/3600, q_loss:0.00013289533623416598, rewards:-269.9533386230469, queue:16.52871322631836, delay:0.09312630444765091, throughput:9425
episode:130/250, real avg travel time:1283.1743269655128
Test step:130/250, travel time :1328.3238131265368, rewards:-291.2491760253906, queue:17.848285675048828, delay:0.09349152445793152, throughput:9057
step:3600/3600, q_loss:0.00012901087270339627, rewards:-267.69744873046875, queue:16.390037536621094, delay:0.09402839839458466, throughput:9538
episode:131/250, real avg travel time:1286.0986066452303
step:3600/3600, q_loss:6.471996877937474e-05, rewards:-266.4971008300781, queue:16.317941665649414, delay:0.0938168615102768, throughput:9590
episode:132/250, real avg travel time:1281.8799571275456
step:3600/3600, q_loss:9.756715377910568e-05, rewards:-266.40325927734375, queue:16.313875198364258, delay:0.09325414896011353, throughput:9446
episode:133/250, real avg travel time:1287.2949372675116
step:3600/3600, q_loss:8.294388567770107e-05, rewards:-272.0751647949219, queue:16.6614933013916, delay:0.09433981031179428, throughput:9583
episode:134/250, real avg travel time:1288.104659227035
step:3600/3600, q_loss:0.00015079916613305815, rewards:-266.8246154785156, queue:16.340333938598633, delay:0.09316369146108627, throughput:9676
episode:135/250, real avg travel time:1272.2567303448711
Test step:135/250, travel time :1293.311203581111, rewards:-277.22283935546875, queue:16.988916397094727, delay:0.09280987828969955, throughput:9334
New best TEST travel time 1293.3112 at episode 135, saved as best checkpoint
step:3600/3600, q_loss:0.0001534507927710455, rewards:-269.1388854980469, queue:16.480329513549805, delay:0.09167887270450592, throughput:9408
episode:136/250, real avg travel time:1281.6528592144252
step:3600/3600, q_loss:8.24867092887871e-05, rewards:-268.64306640625, queue:16.44695281982422, delay:0.09278670698404312, throughput:9403
episode:137/250, real avg travel time:1285.930899691066
step:3600/3600, q_loss:9.827173473442801e-05, rewards:-274.0135498046875, queue:16.77841567993164, delay:0.09431219100952148, throughput:9561
episode:138/250, real avg travel time:1296.7040539688544
step:3600/3600, q_loss:8.640141879570566e-05, rewards:-273.7330627441406, queue:16.762584686279297, delay:0.09370853751897812, throughput:9603
episode:139/250, real avg travel time:1295.5577832419142
step:3600/3600, q_loss:0.00010931012544056608, rewards:-260.8437805175781, queue:15.968565940856934, delay:0.09332168102264404, throughput:9486
episode:140/250, real avg travel time:1279.14078557468
Test step:140/250, travel time :1354.7255532438055, rewards:-292.2752685546875, queue:17.909467697143555, delay:0.09289897978305817, throughput:8685
step:3600/3600, q_loss:0.00014453026759625058, rewards:-268.86737060546875, queue:16.462329864501953, delay:0.09261934459209442, throughput:9379
episode:141/250, real avg travel time:1280.6033037009015
step:3600/3600, q_loss:0.00010847499844529033, rewards:-272.77044677734375, queue:16.701770782470703, delay:0.09287711977958679, throughput:9491
episode:142/250, real avg travel time:1290.0285606203897
step:3600/3600, q_loss:7.670276089036768e-05, rewards:-272.49273681640625, queue:16.68433952331543, delay:0.0937366709113121, throughput:9496
episode:143/250, real avg travel time:1284.6835634575373
step:3600/3600, q_loss:9.957644948304666e-05, rewards:-276.2601623535156, queue:16.915943145751953, delay:0.09472214430570602, throughput:9469
episode:144/250, real avg travel time:1295.4352815081015
step:3600/3600, q_loss:0.00010182604982006008, rewards:-277.3141784667969, queue:16.9818172454834, delay:0.09316550195217133, throughput:9490
episode:145/250, real avg travel time:1287.1605195132715
Test step:145/250, travel time :1332.0424941680853, rewards:-287.5284423828125, queue:17.618778228759766, delay:0.09168465435504913, throughput:9010
step:3600/3600, q_loss:9.76093797003103e-05, rewards:-280.6668701171875, queue:17.187541961669922, delay:0.09405547380447388, throughput:9392
episode:146/250, real avg travel time:1315.5478847487548
step:3600/3600, q_loss:7.536375484095864e-05, rewards:-278.84893798828125, queue:17.07453155517578, delay:0.09362292289733887, throughput:9148
episode:147/250, real avg travel time:1314.6850135552613
step:3600/3600, q_loss:6.096391314511291e-05, rewards:-257.76605224609375, queue:15.780130386352539, delay:0.09244895726442337, throughput:9790
episode:148/250, real avg travel time:1258.8784439820945
step:3600/3600, q_loss:8.650120957840785e-05, rewards:-277.01251220703125, queue:16.96133804321289, delay:0.0931045413017273, throughput:9612
episode:149/250, real avg travel time:1298.4205283399533
step:3600/3600, q_loss:7.44935446152935e-05, rewards:-279.4118347167969, queue:17.110204696655273, delay:0.09495976567268372, throughput:9436
episode:150/250, real avg travel time:1304.4159889036
Test step:150/250, travel time :1317.7879074459365, rewards:-285.9413757324219, queue:17.520606994628906, delay:0.09499794244766235, throughput:9164
step:3600/3600, q_loss:7.751747767475467e-05, rewards:-276.8922424316406, queue:16.95867347717285, delay:0.09276220947504044, throughput:9427
episode:151/250, real avg travel time:1295.2154340836014
step:3600/3600, q_loss:7.051894510233844e-05, rewards:-273.1388854980469, queue:16.726573944091797, delay:0.09310558438301086, throughput:9522
episode:152/250, real avg travel time:1291.313725490196
step:3600/3600, q_loss:8.678547024761361e-05, rewards:-274.73193359375, queue:16.8238525390625, delay:0.09326299279928207, throughput:9345
episode:153/250, real avg travel time:1291.6324947985624
step:3600/3600, q_loss:6.734474519351038e-05, rewards:-268.3391418457031, queue:16.431703567504883, delay:0.09263025224208832, throughput:9546
episode:154/250, real avg travel time:1281.9680978500726
step:3600/3600, q_loss:7.178327526802334e-05, rewards:-271.3723449707031, queue:16.6173038482666, delay:0.0930437371134758, throughput:9579
episode:155/250, real avg travel time:1281.9793833932288
Test step:155/250, travel time :1283.3791059832292, rewards:-274.0155334472656, queue:16.786876678466797, delay:0.09303301572799683, throughput:9589
New best TEST travel time 1283.3791 at episode 155, saved as best checkpoint
step:3600/3600, q_loss:4.8477606819856364e-05, rewards:-262.66326904296875, queue:16.081348419189453, delay:0.09161151200532913, throughput:9581
episode:156/250, real avg travel time:1259.7546812937394
step:3600/3600, q_loss:9.109458431923463e-05, rewards:-266.5367736816406, queue:16.3177433013916, delay:0.0916321873664856, throughput:9482
episode:157/250, real avg travel time:1270.6796544984554
step:3600/3600, q_loss:7.688893144662826e-05, rewards:-265.41949462890625, queue:16.252408981323242, delay:0.09130105376243591, throughput:9809
episode:158/250, real avg travel time:1265.3941743900132
step:3600/3600, q_loss:3.933535389714288e-05, rewards:-274.0882263183594, queue:16.783092498779297, delay:0.09168405085802078, throughput:9550
episode:159/250, real avg travel time:1284.4713448080197
step:3600/3600, q_loss:7.280417079146215e-05, rewards:-260.76422119140625, queue:15.96479606628418, delay:0.09052062034606934, throughput:9558
episode:160/250, real avg travel time:1268.0897169157051
Test step:160/250, travel time :1295.1534581678332, rewards:-277.2187805175781, queue:16.98282241821289, delay:0.09251633286476135, throughput:9439
step:3600/3600, q_loss:7.724733471677834e-05, rewards:-265.2988586425781, queue:16.24366569519043, delay:0.09066223353147507, throughput:9580
episode:161/250, real avg travel time:1273.5968728327343
step:3600/3600, q_loss:8.635787006947614e-05, rewards:-268.4703674316406, queue:16.439640045166016, delay:0.09067484736442566, throughput:9547
episode:162/250, real avg travel time:1276.456906878507
step:3600/3600, q_loss:0.00010093710333882129, rewards:-275.2098693847656, queue:16.854520797729492, delay:0.09114594757556915, throughput:9540
episode:163/250, real avg travel time:1293.5477586533007
step:3600/3600, q_loss:5.5290594298886945e-05, rewards:-263.3376770019531, queue:16.12483024597168, delay:0.09137579798698425, throughput:9621
episode:164/250, real avg travel time:1268.8771830275518
step:3600/3600, q_loss:7.717917390515522e-05, rewards:-262.66290283203125, queue:16.082653045654297, delay:0.09306884557008743, throughput:9519
episode:165/250, real avg travel time:1272.2450034676249
Test step:165/250, travel time :1332.882542084358, rewards:-290.6083679199219, queue:17.804351806640625, delay:0.09255675226449966, throughput:8941
step:3600/3600, q_loss:9.181315153348548e-05, rewards:-275.137451171875, queue:16.849489212036133, delay:0.09099359065294266, throughput:9480
episode:166/250, real avg travel time:1285.4789735830022
step:3600/3600, q_loss:0.0001055839892805922, rewards:-281.8119201660156, queue:17.25932502746582, delay:0.0927940309047699, throughput:9433
episode:167/250, real avg travel time:1303.3627135741756
step:3600/3600, q_loss:8.06361482655457e-05, rewards:-272.0487060546875, queue:16.657100677490234, delay:0.09196310490369797, throughput:9382
episode:168/250, real avg travel time:1285.4229872013113
step:3600/3600, q_loss:4.281775014802675e-05, rewards:-263.8103332519531, queue:16.15450668334961, delay:0.09043966978788376, throughput:9524
episode:169/250, real avg travel time:1270.55721581237
step:3600/3600, q_loss:8.806642951561643e-05, rewards:-270.06378173828125, queue:16.538604736328125, delay:0.09189893305301666, throughput:9584
episode:170/250, real avg travel time:1288.7186810415485
Test step:170/250, travel time :1305.0161402181452, rewards:-262.2411804199219, queue:16.061111450195312, delay:0.09157858788967133, throughput:9277
step:3600/3600, q_loss:0.00011744997232367663, rewards:-263.9162902832031, queue:16.161067962646484, delay:0.08995663374662399, throughput:9702
episode:171/250, real avg travel time:1275.3717293991551
step:3600/3600, q_loss:0.00010498967285794034, rewards:-281.45245361328125, queue:17.237102508544922, delay:0.09297619760036469, throughput:9398
episode:172/250, real avg travel time:1318.306853287939
step:3600/3600, q_loss:8.56403958657469e-05, rewards:-272.4033508300781, queue:16.679691314697266, delay:0.09376736730337143, throughput:9511
episode:173/250, real avg travel time:1297.9617930773595
step:3600/3600, q_loss:5.987738532209654e-05, rewards:-266.92510986328125, queue:16.344770431518555, delay:0.09210802614688873, throughput:9544
episode:174/250, real avg travel time:1289.4996532375008
step:3600/3600, q_loss:5.727615347563255e-05, rewards:-263.99273681640625, queue:16.164228439331055, delay:0.09254427254199982, throughput:9476
episode:175/250, real avg travel time:1286.0220036567682
Test step:175/250, travel time :1291.2343484017401, rewards:-275.7741394042969, queue:16.89221954345703, delay:0.09372832626104355, throughput:9435
step:3600/3600, q_loss:3.013799096713486e-05, rewards:-267.5392150878906, queue:16.38303565979004, delay:0.0912335067987442, throughput:9544
episode:176/250, real avg travel time:1278.8774352184603
step:3600/3600, q_loss:9.451485533600696e-05, rewards:-267.3274230957031, queue:16.368976593017578, delay:0.09160993993282318, throughput:9773
episode:177/250, real avg travel time:1278.6734127734694
step:3600/3600, q_loss:7.062883259668188e-05, rewards:-282.43670654296875, queue:17.299362182617188, delay:0.09252095222473145, throughput:9382
episode:178/250, real avg travel time:1308.8944581047854
step:3600/3600, q_loss:6.233670376528652e-05, rewards:-271.60479736328125, queue:16.632427215576172, delay:0.09202796220779419, throughput:9501
episode:179/250, real avg travel time:1288.023327659038
step:3600/3600, q_loss:6.317220817616118e-05, rewards:-265.7600402832031, queue:16.272676467895508, delay:0.09242995083332062, throughput:9489
episode:180/250, real avg travel time:1280.9003215434084
Test step:180/250, travel time :1300.877750457096, rewards:-267.3108825683594, queue:16.37212371826172, delay:0.09237989038228989, throughput:9308
step:3600/3600, q_loss:6.186651855701419e-05, rewards:-266.6054382324219, queue:16.32448959350586, delay:0.09293996542692184, throughput:9612
episode:181/250, real avg travel time:1280.7645797868986
step:3600/3600, q_loss:4.637288003311964e-05, rewards:-276.7490234375, queue:16.949460983276367, delay:0.09206540137529373, throughput:9522
episode:182/250, real avg travel time:1301.0123573545175
step:3600/3600, q_loss:8.803323054266519e-05, rewards:-272.3327331542969, queue:16.678926467895508, delay:0.09061780571937561, throughput:9415
episode:183/250, real avg travel time:1299.0865645293486
step:3600/3600, q_loss:0.00020643273511481827, rewards:-278.4690856933594, queue:17.053712844848633, delay:0.09060288220643997, throughput:9073
episode:184/250, real avg travel time:1304.649832923523
step:3600/3600, q_loss:5.098987296352991e-05, rewards:-269.10479736328125, queue:16.476856231689453, delay:0.09180600941181183, throughput:9494
episode:185/250, real avg travel time:1288.8399848685456
Test step:185/250, travel time :1324.7470525187566, rewards:-286.3036804199219, queue:17.53928565979004, delay:0.09474575519561768, throughput:9144
step:3600/3600, q_loss:8.643952799805751e-05, rewards:-286.7792663574219, queue:17.565872192382812, delay:0.09180932492017746, throughput:9278
episode:186/250, real avg travel time:1329.284534392535
step:3600/3600, q_loss:0.000144803032917143, rewards:-285.2472839355469, queue:17.470848083496094, delay:0.09114585071802139, throughput:9237
episode:187/250, real avg travel time:1312.0767290839165
step:3600/3600, q_loss:5.872219417928316e-05, rewards:-274.5966491699219, queue:16.816694259643555, delay:0.09093289077281952, throughput:9385
episode:188/250, real avg travel time:1301.238761742639
step:3600/3600, q_loss:0.00011366696869825116, rewards:-288.24591064453125, queue:17.65558433532715, delay:0.09095244854688644, throughput:9228
episode:189/250, real avg travel time:1322.4984553306854
step:3600/3600, q_loss:0.00013397303526649067, rewards:-293.808349609375, queue:17.996273040771484, delay:0.09227747470140457, throughput:9269
episode:190/250, real avg travel time:1337.8940167706953
Test step:190/250, travel time :1319.3188323560935, rewards:-287.62615966796875, queue:17.6229305267334, delay:0.09582028537988663, throughput:9184
step:3600/3600, q_loss:7.134869441039355e-05, rewards:-275.5369873046875, queue:16.874008178710938, delay:0.09037794917821884, throughput:9380
episode:191/250, real avg travel time:1286.1643023768993
step:3600/3600, q_loss:0.00011196276564639706, rewards:-289.1856689453125, queue:17.714370727539062, delay:0.09090995788574219, throughput:9269
episode:192/250, real avg travel time:1326.3766471218712
step:3600/3600, q_loss:5.880008287437513e-05, rewards:-273.0058898925781, queue:16.7208194732666, delay:0.0906524509191513, throughput:9437
episode:193/250, real avg travel time:1289.0212470840427
step:3600/3600, q_loss:5.236578681994873e-05, rewards:-270.6006164550781, queue:16.572534561157227, delay:0.09019377082586288, throughput:9406
episode:194/250, real avg travel time:1286.3497887901142
step:3600/3600, q_loss:8.610339866186503e-05, rewards:-284.28997802734375, queue:17.413406372070312, delay:0.0932580903172493, throughput:9303
episode:195/250, real avg travel time:1318.73885631423
Test step:195/250, travel time :1371.2018157745413, rewards:-301.84228515625, queue:18.494884490966797, delay:0.09486996382474899, throughput:8925
step:3600/3600, q_loss:0.00013872183477405437, rewards:-280.8136291503906, queue:17.197717666625977, delay:0.09131529927253723, throughput:9234
episode:196/250, real avg travel time:1326.3091860538427
step:3600/3600, q_loss:8.717771645787713e-05, rewards:-276.0243835449219, queue:16.903060913085938, delay:0.09056021273136139, throughput:9291
episode:197/250, real avg travel time:1302.3583632810037
step:3600/3600, q_loss:9.49243618064721e-05, rewards:-282.73492431640625, queue:17.31850814819336, delay:0.09143839031457901, throughput:9354
episode:198/250, real avg travel time:1320.1579345564592
step:3600/3600, q_loss:9.948784333831963e-05, rewards:-275.0918273925781, queue:16.8460750579834, delay:0.09031781554222107, throughput:9413
episode:199/250, real avg travel time:1304.2856692516234
step:3600/3600, q_loss:0.00012110950210401904, rewards:-268.3150939941406, queue:16.429279327392578, delay:0.09118437767028809, throughput:9217
episode:200/250, real avg travel time:1297.3587415673665
Test step:200/250, travel time :1355.2176407540508, rewards:-304.9335632324219, queue:18.68638038635254, delay:0.09597755968570709, throughput:9087
step:3600/3600, q_loss:8.534760606751122e-05, rewards:-273.03656005859375, queue:16.721372604370117, delay:0.09071722626686096, throughput:9511
episode:201/250, real avg travel time:1299.6699451484774
step:3600/3600, q_loss:6.159937837776256e-05, rewards:-263.9881591796875, queue:16.164724349975586, delay:0.09074032306671143, throughput:9464
episode:202/250, real avg travel time:1277.7468003278482
step:3600/3600, q_loss:0.00011323853746203153, rewards:-264.58636474609375, queue:16.199745178222656, delay:0.09047096222639084, throughput:9304
episode:203/250, real avg travel time:1291.5679969737091
step:3600/3600, q_loss:8.136849247859101e-05, rewards:-272.7440490722656, queue:16.701828002929688, delay:0.09116584807634354, throughput:9406
episode:204/250, real avg travel time:1296.7994451800012
step:3600/3600, q_loss:7.60650548963221e-05, rewards:-272.4648742675781, queue:16.681093215942383, delay:0.09156481176614761, throughput:9303
episode:205/250, real avg travel time:1298.4133408990606
Test step:205/250, travel time :1311.3152386356471, rewards:-289.2187194824219, queue:17.71984100341797, delay:0.0953141301870346, throughput:9351
step:3600/3600, q_loss:0.00013497337209560943, rewards:-279.43511962890625, queue:17.11077117919922, delay:0.09286889433860779, throughput:9374
episode:206/250, real avg travel time:1308.9153899501923
step:3600/3600, q_loss:8.317658932445525e-05, rewards:-271.1108093261719, queue:16.59978675842285, delay:0.09276736527681351, throughput:9352
episode:207/250, real avg travel time:1302.2032658722653
step:3600/3600, q_loss:8.689094436165221e-05, rewards:-270.3489074707031, queue:16.550708770751953, delay:0.09192756563425064, throughput:9419
episode:208/250, real avg travel time:1290.8397957253642
step:3600/3600, q_loss:7.531822286833675e-05, rewards:-272.1808776855469, queue:16.663930892944336, delay:0.09353701025247574, throughput:9381
episode:209/250, real avg travel time:1305.3129058697434
step:3600/3600, q_loss:7.252730750751878e-05, rewards:-264.3324279785156, queue:16.181392669677734, delay:0.09165588766336441, throughput:9511
episode:210/250, real avg travel time:1270.8958451547821
Test step:210/250, travel time :1318.118340583822, rewards:-283.3986511230469, queue:17.358928680419922, delay:0.09070504456758499, throughput:8943
step:3600/3600, q_loss:6.640354831800738e-05, rewards:-270.19921875, queue:16.542261123657227, delay:0.09238945692777634, throughput:9350
episode:211/250, real avg travel time:1297.0658848748503
step:3600/3600, q_loss:9.472229560035178e-05, rewards:-266.42803955078125, queue:16.31203269958496, delay:0.09076599031686783, throughput:9428
episode:212/250, real avg travel time:1282.0127986886073
step:3600/3600, q_loss:0.00015211465603594357, rewards:-277.7669677734375, queue:17.00739860534668, delay:0.09259388595819473, throughput:9361
episode:213/250, real avg travel time:1308.530042241977
step:3600/3600, q_loss:6.502912276320987e-05, rewards:-257.3401184082031, queue:15.752693176269531, delay:0.09182451665401459, throughput:9519
episode:214/250, real avg travel time:1272.8814072252696
step:3600/3600, q_loss:0.0002665423365585782, rewards:-279.9786682128906, queue:17.146215438842773, delay:0.09329735487699509, throughput:9078
episode:215/250, real avg travel time:1323.884559611626
Test step:215/250, travel time :1295.9731416682428, rewards:-274.90582275390625, queue:16.83649444580078, delay:0.09524773806333542, throughput:9407
step:3600/3600, q_loss:0.00010559669299479457, rewards:-268.78729248046875, queue:16.453584671020508, delay:0.09288419038057327, throughput:9522
episode:216/250, real avg travel time:1283.5146585965576
step:3600/3600, q_loss:9.846199357042802e-05, rewards:-261.72802734375, queue:16.02159881591797, delay:0.09225594252347946, throughput:9654
episode:217/250, real avg travel time:1269.0793140407288
step:3600/3600, q_loss:0.00011418292066800971, rewards:-265.59844970703125, queue:16.25945281982422, delay:0.09410707652568817, throughput:9585
episode:218/250, real avg travel time:1285.9055545047602
step:3600/3600, q_loss:6.678578232552994e-05, rewards:-275.8852844238281, queue:16.892290115356445, delay:0.0930328443646431, throughput:9345
episode:219/250, real avg travel time:1305.8053716663514
step:3600/3600, q_loss:0.00010938181460656824, rewards:-277.9430236816406, queue:17.018665313720703, delay:0.09321511536836624, throughput:9405
episode:220/250, real avg travel time:1306.615598007692
Test step:220/250, travel time :1263.849442027615, rewards:-262.7913513183594, queue:16.0931396484375, delay:0.09410645067691803, throughput:9368
New best TEST travel time 1263.8494 at episode 220, saved as best checkpoint
step:3600/3600, q_loss:8.946408486758347e-05, rewards:-267.9397277832031, queue:16.4056396484375, delay:0.09362047165632248, throughput:9528
episode:221/250, real avg travel time:1289.528024714709
step:3600/3600, q_loss:0.00010619726106395118, rewards:-268.4517517089844, queue:16.43450927734375, delay:0.09282158315181732, throughput:9532
episode:222/250, real avg travel time:1283.9581993569132
step:3600/3600, q_loss:0.00010618988178773886, rewards:-252.91107177734375, queue:15.481221199035645, delay:0.09178491681814194, throughput:9492
episode:223/250, real avg travel time:1258.1506840678394
step:3600/3600, q_loss:7.68943172002809e-05, rewards:-259.51190185546875, queue:15.885869979858398, delay:0.09283885359764099, throughput:9580
episode:224/250, real avg travel time:1262.0379547317318
step:3600/3600, q_loss:0.00011232222091222619, rewards:-265.10284423828125, queue:16.226545333862305, delay:0.0934423878788948, throughput:9372
episode:225/250, real avg travel time:1283.9690435659795
Test step:225/250, travel time :1300.8847487548073, rewards:-280.579833984375, queue:17.185558319091797, delay:0.0962851494550705, throughput:9418
step:3600/3600, q_loss:7.838436830314566e-05, rewards:-268.95654296875, queue:16.466751098632812, delay:0.09422291815280914, throughput:9533
episode:226/250, real avg travel time:1291.5296009078872
step:3600/3600, q_loss:5.8579191592102293e-05, rewards:-263.20526123046875, queue:16.112003326416016, delay:0.09456811845302582, throughput:9497
episode:227/250, real avg travel time:1284.18075783368
step:3600/3600, q_loss:0.00010336872120531574, rewards:-259.3826599121094, queue:15.87712574005127, delay:0.09346630424261093, throughput:9620
episode:228/250, real avg travel time:1271.0157619317824
step:3600/3600, q_loss:0.00011391617829500364, rewards:-263.1642150878906, queue:16.109949111938477, delay:0.09393172711133957, throughput:9434
episode:229/250, real avg travel time:1291.7519071937456
step:3600/3600, q_loss:7.476559786246745e-05, rewards:-262.5183410644531, queue:16.06975555419922, delay:0.09278767555952072, throughput:9431
episode:230/250, real avg travel time:1276.3523106991993
Test step:230/250, travel time :1314.0121051636088, rewards:-285.71038818359375, queue:17.500141143798828, delay:0.0974157452583313, throughput:9521
step:3600/3600, q_loss:5.7216461824776354e-05, rewards:-258.9889831542969, queue:15.853543281555176, delay:0.09306618571281433, throughput:9690
episode:231/250, real avg travel time:1261.5751213668748
step:3600/3600, q_loss:9.865863334939436e-05, rewards:-261.81573486328125, queue:16.02351188659668, delay:0.09450794756412506, throughput:9660
episode:232/250, real avg travel time:1278.3417817287686
step:3600/3600, q_loss:6.806259848361399e-05, rewards:-261.7765197753906, queue:16.025041580200195, delay:0.09188523888587952, throughput:9484
episode:233/250, real avg travel time:1278.3641006241726
step:3600/3600, q_loss:0.00015139922553193355, rewards:-242.646484375, queue:14.846528053283691, delay:0.0899253785610199, throughput:9523
episode:234/250, real avg travel time:1256.0663892566672
step:3600/3600, q_loss:6.650907029167829e-05, rewards:-253.59500122070312, queue:15.519798278808594, delay:0.09153971076011658, throughput:9536
episode:235/250, real avg travel time:1266.9636214614463
Test step:235/250, travel time :1309.7774415232332, rewards:-273.7459411621094, queue:16.762571334838867, delay:0.09369192272424698, throughput:9249
step:3600/3600, q_loss:0.00012481271565595732, rewards:-246.6378631591797, queue:15.094402313232422, delay:0.09020218253135681, throughput:9569
episode:236/250, real avg travel time:1253.3189584515478
step:3600/3600, q_loss:0.0001061719487080592, rewards:-249.0802764892578, queue:15.242077827453613, delay:0.09052079170942307, throughput:9471
episode:237/250, real avg travel time:1257.2349788790114
step:3600/3600, q_loss:6.227189934392816e-05, rewards:-251.87290954589844, queue:15.415221214294434, delay:0.09042975306510925, throughput:9463
episode:238/250, real avg travel time:1253.8793896980014
step:3600/3600, q_loss:6.666106488455064e-05, rewards:-254.9102020263672, queue:15.60036849975586, delay:0.09018824249505997, throughput:9549
episode:239/250, real avg travel time:1266.3203455015446
step:3600/3600, q_loss:9.878317489185267e-05, rewards:-254.81277465820312, queue:15.59737777709961, delay:0.09037591516971588, throughput:9450
episode:240/250, real avg travel time:1276.0497446567051
Test step:240/250, travel time :1309.1867473677573, rewards:-283.78125, queue:17.38228416442871, delay:0.09302163124084473, throughput:9371
step:3600/3600, q_loss:6.803693461812527e-05, rewards:-265.0048522949219, queue:16.22270393371582, delay:0.09290970116853714, throughput:9403
episode:241/250, real avg travel time:1285.3917155286551
step:3600/3600, q_loss:9.036774611974388e-05, rewards:-275.3567199707031, queue:16.857994079589844, delay:0.09186164289712906, throughput:9416
episode:242/250, real avg travel time:1304.3310636151566
step:3600/3600, q_loss:0.00015468247817616542, rewards:-284.2857971191406, queue:17.406986236572266, delay:0.09184423834085464, throughput:9237
episode:243/250, real avg travel time:1318.599079503184
step:3600/3600, q_loss:5.1500094766343405e-05, rewards:-270.8056335449219, queue:16.578004837036133, delay:0.09164471179246902, throughput:9410
episode:244/250, real avg travel time:1291.77113675052
step:3600/3600, q_loss:5.787561762931377e-05, rewards:-268.6435546875, queue:16.44537925720215, delay:0.09163043648004532, throughput:9307
episode:245/250, real avg travel time:1291.8803984616354
Test step:245/250, travel time :1354.8452808776244, rewards:-297.11468505859375, queue:18.202054977416992, delay:0.09221957623958588, throughput:8677
step:3600/3600, q_loss:8.340011621009052e-05, rewards:-274.59613037109375, queue:16.81312370300293, delay:0.09062253683805466, throughput:9235
episode:246/250, real avg travel time:1303.1819557404956
step:3600/3600, q_loss:7.006301883073455e-05, rewards:-269.6161804199219, queue:16.50644874572754, delay:0.09169336408376694, throughput:9548
episode:247/250, real avg travel time:1297.0646869680347
step:3600/3600, q_loss:5.3078296431196554e-05, rewards:-258.6227111816406, queue:15.831816673278809, delay:0.09059620648622513, throughput:9454
episode:248/250, real avg travel time:1275.036063299918
step:3600/3600, q_loss:5.90193891297037e-05, rewards:-249.6084442138672, queue:15.279605865478516, delay:0.09027112275362015, throughput:9510
episode:249/250, real avg travel time:1256.2942437425131
Hyperparameters saved to: data/output_data/tsc/cityflow_hyperlight_mappo/cityflow7x28/hyperIRU_chunked_c8_seed2/hyperparameters.json
Loaded best checkpoint for final evaluation
Final Travel Time is 1263.8494, mean rewards: -262.7914, queue: 16.0931, delay: 0.0941, throughput: 9368
Total time taken: 160772.42168736458
