step:3600/3600, q_loss:0.003039067569706175, rewards:-21.55518341064453, queue:16.097047805786133, delay:0.12458524852991104, throughput:2400
episode:0/250, real avg travel time:741.9849145155883
Test step:0/250, travel time :1165.7294669795508, rewards:-66.03555297851562, queue:49.64323043823242, delay:0.28254106640815735, throughput:2202
New best TEST travel time 1165.7295 at episode 0, saved as best checkpoint
step:3600/3600, q_loss:0.002376734851687043, rewards:-20.10205841064453, queue:14.985763549804688, delay:0.12521114945411682, throughput:2492
episode:1/250, real avg travel time:675.0217901441501
step:3600/3600, q_loss:0.002311594301351795, rewards:-20.581178665161133, queue:15.345833778381348, delay:0.1271257847547531, throughput:2544
episode:2/250, real avg travel time:675.4790479383171
step:3600/3600, q_loss:0.002446986872840811, rewards:-22.361825942993164, queue:16.69184112548828, delay:0.1265261471271515, throughput:2540
episode:3/250, real avg travel time:691.4549111632584
step:3600/3600, q_loss:0.0013935842999705562, rewards:-18.34185028076172, queue:13.656597137451172, delay:0.13619185984134674, throughput:2747
episode:4/250, real avg travel time:590.7888032182367
step:3600/3600, q_loss:0.0013809181266912706, rewards:-19.888376235961914, queue:14.816493034362793, delay:0.13259580731391907, throughput:2658
episode:5/250, real avg travel time:644.5574924572578
Test step:5/250, travel time :1165.7294669795508, rewards:-66.03555297851562, queue:49.64323043823242, delay:0.28254106640815735, throughput:2202
step:3600/3600, q_loss:0.0010363557134513502, rewards:-17.040395736694336, queue:12.681596755981445, delay:0.12635987997055054, throughput:2670
episode:6/250, real avg travel time:597.7435467650017
step:3600/3600, q_loss:0.000578520981663907, rewards:-14.753518104553223, queue:10.96180534362793, delay:0.12934769690036774, throughput:2780
episode:7/250, real avg travel time:536.6272209185383
step:3600/3600, q_loss:0.0004364243898264788, rewards:-14.152894020080566, queue:10.514583587646484, delay:0.12880223989486694, throughput:2761
episode:8/250, real avg travel time:544.990948709353
step:3600/3600, q_loss:0.00021722061188753558, rewards:-11.90516185760498, queue:8.806596755981445, delay:0.12867435812950134, throughput:2842
episode:9/250, real avg travel time:484.30975527991956
step:3600/3600, q_loss:0.0001380741376326316, rewards:-10.754074096679688, queue:7.939930438995361, delay:0.1330479085445404, throughput:2907
episode:10/250, real avg travel time:464.6389540730808
Test step:10/250, travel time :1165.7294669795508, rewards:-66.03555297851562, queue:49.64323043823242, delay:0.28254106640815735, throughput:2202
step:3600/3600, q_loss:2.10705377092516e-05, rewards:-8.286295890808105, queue:6.081076622009277, delay:0.129646435379982, throughput:2923
episode:11/250, real avg travel time:426.6071069393228
step:3600/3600, q_loss:-9.115420161160055e-06, rewards:-7.11944580078125, queue:5.206597328186035, delay:0.12814904749393463, throughput:2911
episode:12/250, real avg travel time:407.39792155548105
step:3600/3600, q_loss:-2.3819085564119395e-05, rewards:-6.317592144012451, queue:4.599305629730225, delay:0.1244974210858345, throughput:2911
episode:13/250, real avg travel time:393.83640630238017
step:3600/3600, q_loss:-4.288016201893764e-05, rewards:-6.349768161773682, queue:4.628298759460449, delay:0.12765897810459137, throughput:2905
episode:14/250, real avg travel time:390.83640630238017
step:3600/3600, q_loss:-4.2045959573308075e-05, rewards:-6.335810661315918, queue:4.621701240539551, delay:0.1254444271326065, throughput:2909
episode:15/250, real avg travel time:389.71237009721756
Test step:15/250, travel time :997.7076768354005, rewards:-52.894351959228516, queue:39.75034713745117, delay:0.2891397178173065, throughput:2556
New best TEST travel time 997.7077 at episode 15, saved as best checkpoint
step:3600/3600, q_loss:-4.661344164223583e-05, rewards:-5.371365547180176, queue:3.886284828186035, delay:0.12512695789337158, throughput:2910
episode:16/250, real avg travel time:375.325846463292
step:3600/3600, q_loss:-5.011350407989489e-05, rewards:-5.205162048339844, queue:3.7713541984558105, delay:0.12550471723079681, throughput:2906
episode:17/250, real avg travel time:371.4981562185719
step:3600/3600, q_loss:-3.61545302439481e-05, rewards:-5.0576395988464355, queue:3.655381917953491, delay:0.12809905409812927, throughput:2912
episode:18/250, real avg travel time:371.135769359705
step:3600/3600, q_loss:-3.52930437118091e-05, rewards:-6.235949516296387, queue:4.548264026641846, delay:0.1302495151758194, throughput:2899
episode:19/250, real avg travel time:386.74354676500167
step:3600/3600, q_loss:-3.5194242028174577e-05, rewards:-5.044837951660156, queue:3.651909828186035, delay:0.1243581548333168, throughput:2924
episode:20/250, real avg travel time:373.2044921220248
Test step:20/250, travel time :816.0385517934965, rewards:-39.95962905883789, queue:29.999479293823242, delay:0.2605375647544861, throughput:2680
New best TEST travel time 816.0386 at episode 20, saved as best checkpoint
step:3600/3600, q_loss:-3.87297585365121e-05, rewards:-4.620462894439697, queue:3.3190972805023193, delay:0.1200767531991005, throughput:2926
episode:21/250, real avg travel time:364.5471002346631
step:3600/3600, q_loss:-4.652597751744368e-05, rewards:-4.52432918548584, queue:3.2637152671813965, delay:0.12116874009370804, throughput:2923
episode:22/250, real avg travel time:363.1424740194435
step:3600/3600, q_loss:-4.9705021471406026e-05, rewards:-4.622732162475586, queue:3.3225693702697754, delay:0.11730332672595978, throughput:2922
episode:23/250, real avg travel time:364.61917532685214
step:3600/3600, q_loss:-5.556048687409472e-05, rewards:-4.209769248962402, queue:3.0170137882232666, delay:0.11873495578765869, throughput:2920
episode:24/250, real avg travel time:357.76131411330874
step:3600/3600, q_loss:-5.210331205658063e-05, rewards:-4.153172016143799, queue:2.9751737117767334, delay:0.11363676190376282, throughput:2922
episode:25/250, real avg travel time:357.7046597385183
Test step:25/250, travel time :751.7110291652699, rewards:-35.19698715209961, queue:26.391319274902344, delay:0.25826385617256165, throughput:2733
New best TEST travel time 751.7110 at episode 25, saved as best checkpoint
step:3600/3600, q_loss:-4.379512953434002e-05, rewards:-3.9562039375305176, queue:2.8265624046325684, delay:0.11421750485897064, throughput:2927
episode:26/250, real avg travel time:355.61045926919206
step:3600/3600, q_loss:-4.92704079348456e-05, rewards:-3.778773307800293, queue:2.6855902671813965, delay:0.11025042831897736, throughput:2924
episode:27/250, real avg travel time:352.0013409319477
step:3600/3600, q_loss:-4.827810917049646e-05, rewards:-4.281620502471924, queue:3.0600695610046387, delay:0.11761956661939621, throughput:2922
episode:28/250, real avg travel time:359.27824337914853
step:3600/3600, q_loss:-4.832272426466699e-05, rewards:-3.873866081237793, queue:2.761631965637207, delay:0.11109233647584915, throughput:2910
episode:29/250, real avg travel time:352.63090848139456
step:3600/3600, q_loss:-4.689300074931924e-05, rewards:-3.621018409729004, queue:2.573437452316284, delay:0.11223936825990677, throughput:2923
episode:30/250, real avg travel time:349.37076768354007
Test step:30/250, travel time :686.1237009721757, rewards:-30.344398498535156, queue:22.73177146911621, delay:0.24189621210098267, throughput:2768
New best TEST travel time 686.1237 at episode 30, saved as best checkpoint
step:3600/3600, q_loss:-5.26850568820481e-05, rewards:-3.6436574459075928, queue:2.5805554389953613, delay:0.10997604578733444, throughput:2930
episode:31/250, real avg travel time:350.54006034193765
step:3600/3600, q_loss:-5.0354414593635335e-05, rewards:-3.806875228881836, queue:2.7098958492279053, delay:0.11360295861959457, throughput:2926
episode:32/250, real avg travel time:352.5072075092189
step:3600/3600, q_loss:-5.954418728059088e-05, rewards:-3.4770376682281494, queue:2.4508681297302246, delay:0.1064947322010994, throughput:2926
episode:33/250, real avg travel time:347.89440160911835
step:3600/3600, q_loss:-5.5047830877204736e-05, rewards:-3.4240047931671143, queue:2.4208333492279053, delay:0.10488850623369217, throughput:2931
episode:34/250, real avg travel time:347.8903788132752
step:3600/3600, q_loss:-5.0387926037526796e-05, rewards:-3.24381947517395, queue:2.281770944595337, delay:0.10520496219396591, throughput:2922
episode:35/250, real avg travel time:344.3442842775729
Test step:35/250, travel time :620.5350318471337, rewards:-25.178586959838867, queue:18.8371524810791, delay:0.2262309193611145, throughput:2794
New best TEST travel time 620.5350 at episode 35, saved as best checkpoint
step:3600/3600, q_loss:-4.444002169529321e-05, rewards:-3.23671293258667, queue:2.274305582046509, delay:0.10780137032270432, throughput:2931
episode:36/250, real avg travel time:344.3325511230305
step:3600/3600, q_loss:-4.639095816485308e-05, rewards:-3.1809027194976807, queue:2.2357637882232666, delay:0.10156558454036713, throughput:2927
episode:37/250, real avg travel time:343.90412336573917
step:3600/3600, q_loss:-4.708380136569893e-05, rewards:-3.168750762939453, queue:2.2248263359069824, delay:0.09822268784046173, throughput:2929
episode:38/250, real avg travel time:343.47066711364397
step:3600/3600, q_loss:-4.8274765248168956e-05, rewards:-3.1636111736297607, queue:2.2243056297302246, delay:0.09998304396867752, throughput:2930
episode:39/250, real avg travel time:343.77438819979886
step:3600/3600, q_loss:-4.5629058904186995e-05, rewards:-3.0840277671813965, queue:2.156770944595337, delay:0.10072067379951477, throughput:2928
episode:40/250, real avg travel time:342.07308079114983
Test step:40/250, travel time :540.225947033188, rewards:-18.549837112426758, queue:13.8359375, delay:0.2076699435710907, throughput:2866
New best TEST travel time 540.2259 at episode 40, saved as best checkpoint
step:3600/3600, q_loss:-5.891411673036163e-05, rewards:-3.006967544555664, queue:2.1034722328186035, delay:0.09586282074451447, throughput:2932
episode:41/250, real avg travel time:340.6030841434797
step:3600/3600, q_loss:-5.2525180271240294e-05, rewards:-3.072847604751587, queue:2.1508679389953613, delay:0.09876883029937744, throughput:2933
episode:42/250, real avg travel time:342.80657056654377
step:3600/3600, q_loss:-5.019101199987172e-05, rewards:-3.0443291664123535, queue:2.1303820610046387, delay:0.0970383733510971, throughput:2929
episode:43/250, real avg travel time:342.6443178008716
step:3600/3600, q_loss:-5.169710967931206e-05, rewards:-2.769930601119995, queue:1.9253472089767456, delay:0.09219983220100403, throughput:2934
episode:44/250, real avg travel time:338.12772376801877
step:3600/3600, q_loss:-5.103931266435042e-05, rewards:-2.7834954261779785, queue:1.9350694417953491, delay:0.09326773881912231, throughput:2928
episode:45/250, real avg travel time:338.0107274555816
Test step:45/250, travel time :478.98524974857526, rewards:-13.555577278137207, queue:10.058854103088379, delay:0.18587349355220795, throughput:2903
New best TEST travel time 478.9852 at episode 45, saved as best checkpoint
step:3600/3600, q_loss:-5.1422922061411324e-05, rewards:-2.666388511657715, queue:1.8494791984558105, delay:0.09216009080410004, throughput:2925
episode:46/250, real avg travel time:336.6091183372444
step:3600/3600, q_loss:-5.177487597662818e-05, rewards:-3.1083102226257324, queue:2.1824653148651123, delay:0.09757614135742188, throughput:2930
episode:47/250, real avg travel time:343.3131076097888
step:3600/3600, q_loss:-4.801803626361544e-05, rewards:-2.893449306488037, queue:2.01111102104187, delay:0.09405884146690369, throughput:2924
episode:48/250, real avg travel time:340.14649681528664
step:3600/3600, q_loss:-3.907143879957773e-05, rewards:-2.6700692176818848, queue:1.851388931274414, delay:0.09013130515813828, throughput:2931
episode:49/250, real avg travel time:336.6392893060677
step:3600/3600, q_loss:-5.4845787127743716e-05, rewards:-2.6478006839752197, queue:1.8354166746139526, delay:0.09049728512763977, throughput:2933
episode:50/250, real avg travel time:336.5511230305062
Test step:50/250, travel time :403.9071404626215, rewards:-7.7941670417785645, queue:5.718229293823242, delay:0.1571958214044571, throughput:2914
New best TEST travel time 403.9071 at episode 50, saved as best checkpoint
step:3600/3600, q_loss:-4.364623908056981e-05, rewards:-2.688981294631958, queue:1.8671875, delay:0.09192381054162979, throughput:2930
episode:51/250, real avg travel time:336.5574924572578
step:3600/3600, q_loss:-4.8105045506316754e-05, rewards:-2.642476797103882, queue:1.8315972089767456, delay:0.08931045234203339, throughput:2929
episode:52/250, real avg travel time:335.8994301039222
step:3600/3600, q_loss:-5.5171714888678654e-05, rewards:-2.634305715560913, queue:1.8315972089767456, delay:0.09060251712799072, throughput:2931
episode:53/250, real avg travel time:335.6962789138451
step:3600/3600, q_loss:-4.506063457854368e-05, rewards:-2.600463390350342, queue:1.7935763597488403, delay:0.08738064020872116, throughput:2932
episode:54/250, real avg travel time:335.465973851827
step:3600/3600, q_loss:-4.547013452759496e-05, rewards:-2.52405047416687, queue:1.7428818941116333, delay:0.08750536292791367, throughput:2930
episode:55/250, real avg travel time:334.3623868588669
Test step:55/250, travel time :364.7412001340932, rewards:-4.854397773742676, queue:3.5107638835906982, delay:0.13033725321292877, throughput:2918
New best TEST travel time 364.7412 at episode 55, saved as best checkpoint
step:3600/3600, q_loss:-3.607065871754592e-05, rewards:-2.50233793258667, queue:1.7270833253860474, delay:0.08445537090301514, throughput:2925
episode:56/250, real avg travel time:333.940998994301
step:3600/3600, q_loss:-4.0176836989337094e-05, rewards:-2.5448148250579834, queue:1.7586805820465088, delay:0.08534408360719681, throughput:2932
episode:57/250, real avg travel time:335.18840093865236
step:3600/3600, q_loss:-4.209691779343066e-05, rewards:-2.487846851348877, queue:1.7114583253860474, delay:0.08597870171070099, throughput:2932
episode:58/250, real avg travel time:333.9017767348307
step:3600/3600, q_loss:-4.944903431115327e-05, rewards:-2.38527774810791, queue:1.6520832777023315, delay:0.0829770490527153, throughput:2932
episode:59/250, real avg travel time:332.773717733825
step:3600/3600, q_loss:-3.8654414648017676e-05, rewards:-2.414073944091797, queue:1.6616319417953491, delay:0.0838439017534256, throughput:2930
episode:60/250, real avg travel time:332.963794837412
Test step:60/250, travel time :356.312101910828, rewards:-4.203425884246826, queue:3.018749952316284, delay:0.12197158485651016, throughput:2929
New best TEST travel time 356.3121 at episode 60, saved as best checkpoint
step:3600/3600, q_loss:-3.445430408680329e-05, rewards:-2.4377315044403076, queue:1.6814236640930176, delay:0.08367816358804703, throughput:2934
episode:61/250, real avg travel time:333.5866577271203
step:3600/3600, q_loss:-4.529654764121881e-05, rewards:-2.3272688388824463, queue:1.5961805582046509, delay:0.08174499869346619, throughput:2934
episode:62/250, real avg travel time:331.63794837412
step:3600/3600, q_loss:-4.286730653364901e-05, rewards:-2.270625114440918, queue:1.5593750476837158, delay:0.07955779880285263, throughput:2933
episode:63/250, real avg travel time:330.5346966141468
step:3600/3600, q_loss:-3.905507026636904e-05, rewards:-2.285278081893921, queue:1.5670138597488403, delay:0.07697181403636932, throughput:2932
episode:64/250, real avg travel time:331.0791149849145
step:3600/3600, q_loss:-4.218023494575862e-05, rewards:-2.288726806640625, queue:1.5697916746139526, delay:0.07864264398813248, throughput:2928
episode:65/250, real avg travel time:331.51961112973515
Test step:65/250, travel time :342.2024807241032, rewards:-3.1496996879577637, queue:2.230381965637207, delay:0.10292623192071915, throughput:2932
New best TEST travel time 342.2025 at episode 65, saved as best checkpoint
step:3600/3600, q_loss:-3.41988867148757e-05, rewards:-2.2587497234344482, queue:1.5512152910232544, delay:0.07882850617170334, throughput:2931
episode:66/250, real avg travel time:330.62956754944685
step:3600/3600, q_loss:-4.720079251220105e-05, rewards:-2.2334721088409424, queue:1.5359375476837158, delay:0.0793355330824852, throughput:2933
episode:67/250, real avg travel time:330.1954408313778
step:3600/3600, q_loss:-3.846870493833665e-05, rewards:-2.2059485912323, queue:1.5102430582046509, delay:0.07919053733348846, throughput:2931
episode:68/250, real avg travel time:329.69192088501507
step:3600/3600, q_loss:-3.584959453696178e-05, rewards:-2.2437496185302734, queue:1.5473958253860474, delay:0.07921992987394333, throughput:2929
episode:69/250, real avg travel time:330.0301709688233
step:3600/3600, q_loss:-3.5423377778864014e-05, rewards:-2.1139118671417236, queue:1.4446181058883667, delay:0.07643871754407883, throughput:2930
episode:70/250, real avg travel time:328.28930606771706
Test step:70/250, travel time :339.7656721421388, rewards:-2.982893466949463, queue:2.108854055404663, delay:0.10176094621419907, throughput:2930
New best TEST travel time 339.7657 at episode 70, saved as best checkpoint
step:3600/3600, q_loss:-2.9132344341767883e-05, rewards:-2.140486001968384, queue:1.4690972566604614, delay:0.07581068575382233, throughput:2931
episode:71/250, real avg travel time:328.484076433121
step:3600/3600, q_loss:-4.248077144708346e-05, rewards:-2.134653091430664, queue:1.4638888835906982, delay:0.07849819213151932, throughput:2933
episode:72/250, real avg travel time:328.7264498826685
step:3600/3600, q_loss:-3.5568668627766546e-05, rewards:-2.052337884902954, queue:1.3991318941116333, delay:0.07482010871171951, throughput:2932
episode:73/250, real avg travel time:327.3147837747234
step:3600/3600, q_loss:-3.560071032821994e-05, rewards:-2.0961570739746094, queue:1.4345486164093018, delay:0.07743482291698456, throughput:2931
episode:74/250, real avg travel time:328.0184378142809
step:3600/3600, q_loss:-3.1021847260288065e-05, rewards:-1.9894673824310303, queue:1.357812523841858, delay:0.07353536039590836, throughput:2931
episode:75/250, real avg travel time:326.38954073080794
Test step:75/250, travel time :330.03687562856186, rewards:-2.287893772125244, queue:1.5907986164093018, delay:0.09000615030527115, throughput:2932
New best TEST travel time 330.0369 at episode 75, saved as best checkpoint
step:3600/3600, q_loss:-3.6353761485467356e-05, rewards:-2.0308101177215576, queue:1.390451431274414, delay:0.0753159299492836, throughput:2930
episode:76/250, real avg travel time:327.05732484076435
step:3600/3600, q_loss:-4.1295468583013174e-05, rewards:-1.9968054294586182, queue:1.3664931058883667, delay:0.07507055997848511, throughput:2931
episode:77/250, real avg travel time:326.44921220248074
step:3600/3600, q_loss:-3.813310004598289e-05, rewards:-1.9979397058486938, queue:1.3657985925674438, delay:0.07568523287773132, throughput:2932
episode:78/250, real avg travel time:326.35769359704994
step:3600/3600, q_loss:-3.222858962275226e-05, rewards:-1.9748841524124146, queue:1.3486111164093018, delay:0.07344882935285568, throughput:2930
episode:79/250, real avg travel time:326.08749580958767
step:3600/3600, q_loss:-3.386026062933659e-05, rewards:-1.9022217988967896, queue:1.3029513359069824, delay:0.0716346800327301, throughput:2933
episode:80/250, real avg travel time:325.2561180020114
Test step:80/250, travel time :324.86624203821657, rewards:-1.9247455596923828, queue:1.3244792222976685, delay:0.07746823877096176, throughput:2930
New best TEST travel time 324.8662 at episode 80, saved as best checkpoint
step:3600/3600, q_loss:-2.2669305865376913e-05, rewards:-1.8705556392669678, queue:1.2746527194976807, delay:0.0700230598449707, throughput:2932
episode:81/250, real avg travel time:324.60006704659736
step:3600/3600, q_loss:-3.512284763726509e-05, rewards:-1.8545138835906982, queue:1.257986068725586, delay:0.07063156366348267, throughput:2933
episode:82/250, real avg travel time:324.20918538384177
step:3600/3600, q_loss:-3.2252889165344335e-05, rewards:-1.8176389932632446, queue:1.2262152433395386, delay:0.06862607598304749, throughput:2933
episode:83/250, real avg travel time:323.8186389540731
step:3600/3600, q_loss:-3.419470093730423e-05, rewards:-1.8115274906158447, queue:1.2300347089767456, delay:0.07030345499515533, throughput:2934
episode:84/250, real avg travel time:323.52732148843444
step:3600/3600, q_loss:-3.163171985997232e-05, rewards:-1.853124976158142, queue:1.2564235925674438, delay:0.07209217548370361, throughput:2933
episode:85/250, real avg travel time:324.2313107609789
Test step:85/250, travel time :324.9480388870265, rewards:-1.9244674444198608, queue:1.3177083730697632, delay:0.07904113829135895, throughput:2931
step:3600/3600, q_loss:-4.303136730514881e-05, rewards:-1.85611093044281, queue:1.2598958015441895, delay:0.07117266952991486, throughput:2932
episode:86/250, real avg travel time:324.24404961448204
step:3600/3600, q_loss:-3.017753263487032e-05, rewards:-1.7401621341705322, queue:1.1723958253860474, delay:0.06765740364789963, throughput:2933
episode:87/250, real avg travel time:322.65269862554476
step:3600/3600, q_loss:-3.541628474421385e-05, rewards:-1.7969677448272705, queue:1.2128472328186035, delay:0.06943580508232117, throughput:2934
episode:88/250, real avg travel time:323.4502179014415
step:3600/3600, q_loss:-1.6677674958137453e-05, rewards:-1.824698567390442, queue:1.2380207777023315, delay:0.06987427175045013, throughput:2933
episode:89/250, real avg travel time:323.8511565538049
step:3600/3600, q_loss:-2.6963493803998938e-05, rewards:-1.7764811515808105, queue:1.2024306058883667, delay:0.06719030439853668, throughput:2930
episode:90/250, real avg travel time:323.2018102581294
Test step:90/250, travel time :323.45088836741536, rewards:-1.823217749595642, queue:1.2447916269302368, delay:0.07616806030273438, throughput:2931
New best TEST travel time 323.4509 at episode 90, saved as best checkpoint
step:3600/3600, q_loss:-3.006525393747897e-05, rewards:-1.7640974521636963, queue:1.1953125, delay:0.06980730593204498, throughput:2934
episode:91/250, real avg travel time:322.9168622192424
step:3600/3600, q_loss:-3.018354613299447e-05, rewards:-1.7554165124893188, queue:1.1916667222976685, delay:0.06776458770036697, throughput:2932
episode:92/250, real avg travel time:322.6862219242374
step:3600/3600, q_loss:-2.8201296528870306e-05, rewards:-1.7221527099609375, queue:1.1595486402511597, delay:0.06682378053665161, throughput:2931
episode:93/250, real avg travel time:322.36004022795845
step:3600/3600, q_loss:-3.4086159818495316e-05, rewards:-1.6647913455963135, queue:1.1204861402511597, delay:0.06489608436822891, throughput:2932
episode:94/250, real avg travel time:321.41937646664434
step:3600/3600, q_loss:-2.6795214378378456e-05, rewards:-1.7372220754623413, queue:1.173437476158142, delay:0.06807366758584976, throughput:2932
episode:95/250, real avg travel time:322.73047267851155
Test step:95/250, travel time :319.7901441501844, rewards:-1.5590274333953857, queue:1.0458333492279053, delay:0.06453786790370941, throughput:2932
New best TEST travel time 319.7901 at episode 95, saved as best checkpoint
step:3600/3600, q_loss:-3.4571563096337575e-05, rewards:-1.6906015872955322, queue:1.1317708492279053, delay:0.06450339406728745, throughput:2931
episode:96/250, real avg travel time:322.1099564197117
step:3600/3600, q_loss:-2.800914829734851e-05, rewards:-1.6318284273147583, queue:1.0963541269302368, delay:0.0627928078174591, throughput:2932
episode:97/250, real avg travel time:321.2413677505867
step:3600/3600, q_loss:-1.68580043396947e-05, rewards:-1.6496063470840454, queue:1.113194465637207, delay:0.06398317217826843, throughput:2932
episode:98/250, real avg travel time:321.2936640965471
step:3600/3600, q_loss:-1.9229615335697654e-05, rewards:-1.6248610019683838, queue:1.0932291746139526, delay:0.06336227804422379, throughput:2931
episode:99/250, real avg travel time:320.85216225276565
step:3600/3600, q_loss:-2.4216846105884073e-05, rewards:-1.6491899490356445, queue:1.1074652671813965, delay:0.06201171875, throughput:2933
episode:100/250, real avg travel time:321.5165940328528
Test step:100/250, travel time :319.99329534026145, rewards:-1.5739349126815796, queue:1.0536458492279053, delay:0.06208040565252304, throughput:2932
step:3600/3600, q_loss:-2.5878367294488408e-05, rewards:-1.6345138549804688, queue:1.0968749523162842, delay:0.063128262758255, throughput:2931
episode:101/250, real avg travel time:320.96547100234665
step:3600/3600, q_loss:-3.96231098824905e-05, rewards:-1.616180419921875, queue:1.0845485925674438, delay:0.061230022460222244, throughput:2931
episode:102/250, real avg travel time:320.8286959436809
step:3600/3600, q_loss:-3.075216696338935e-05, rewards:-1.6644443273544312, queue:1.1161458492279053, delay:0.06267403066158295, throughput:2932
episode:103/250, real avg travel time:321.4539054642977
step:3600/3600, q_loss:-1.0464979870313848e-05, rewards:-1.6470601558685303, queue:1.1052082777023315, delay:0.06191887706518173, throughput:2932
episode:104/250, real avg travel time:321.4824002681864
step:3600/3600, q_loss:-2.010612903783719e-05, rewards:-1.6494442224502563, queue:1.1083333492279053, delay:0.06372018158435822, throughput:2932
episode:105/250, real avg travel time:321.0204492122025
Test step:105/250, travel time :319.7582970164264, rewards:-1.5548144578933716, queue:1.0321180820465088, delay:0.062203485518693924, throughput:2932
New best TEST travel time 319.7583 at episode 105, saved as best checkpoint
step:3600/3600, q_loss:-3.765049019690465e-05, rewards:-1.656943917274475, queue:1.1157985925674438, delay:0.06452279537916183, throughput:2932
episode:106/250, real avg travel time:321.4559168622192
step:3600/3600, q_loss:-2.9804064844803953e-05, rewards:-1.666736125946045, queue:1.1152777671813965, delay:0.0647939071059227, throughput:2929
episode:107/250, real avg travel time:321.56352665102247
step:3600/3600, q_loss:-3.253143395004035e-05, rewards:-1.6623378992080688, queue:1.1177083253860474, delay:0.06430142372846603, throughput:2931
episode:108/250, real avg travel time:321.44820650351994
step:3600/3600, q_loss:-2.2634237797723875e-05, rewards:-1.6241899728775024, queue:1.0814236402511597, delay:0.06164439395070076, throughput:2931
episode:109/250, real avg travel time:320.9792155548106
step:3600/3600, q_loss:-3.19097057433316e-05, rewards:-1.644351840019226, queue:1.1050347089767456, delay:0.06344440579414368, throughput:2931
episode:110/250, real avg travel time:321.1713040563191
Test step:110/250, travel time :319.4971505196111, rewards:-1.535069227218628, queue:1.0263888835906982, delay:0.06126204505562782, throughput:2932
New best TEST travel time 319.4972 at episode 110, saved as best checkpoint
step:3600/3600, q_loss:-2.603460819012037e-05, rewards:-1.6606943607330322, queue:1.1135417222976685, delay:0.0624227300286293, throughput:2931
episode:111/250, real avg travel time:321.6278913845122
step:3600/3600, q_loss:-2.080979692335758e-05, rewards:-1.6461338996887207, queue:1.1083333492279053, delay:0.06275128573179245, throughput:2930
episode:112/250, real avg travel time:321.3610459269192
step:3600/3600, q_loss:-3.5167100658226346e-05, rewards:-1.6211575269699097, queue:1.0824652910232544, delay:0.06111544370651245, throughput:2931
episode:113/250, real avg travel time:320.98122695273213
step:3600/3600, q_loss:-3.1712923966417154e-05, rewards:-1.6019212007522583, queue:1.0767360925674438, delay:0.061664968729019165, throughput:2931
episode:114/250, real avg travel time:320.5538048944016
step:3600/3600, q_loss:-2.6159485720132512e-05, rewards:-1.5962961912155151, queue:1.070486068725586, delay:0.0602748766541481, throughput:2931
episode:115/250, real avg travel time:320.6449882668455
Test step:115/250, travel time :318.75494468655717, rewards:-1.4701850414276123, queue:0.9730902910232544, delay:0.0566089004278183, throughput:2932
New best TEST travel time 318.7549 at episode 115, saved as best checkpoint
step:3600/3600, q_loss:-2.2395481829772947e-05, rewards:-1.6218054294586182, queue:1.085763931274414, delay:0.061023324728012085, throughput:2932
episode:116/250, real avg travel time:321.0103922225947
step:3600/3600, q_loss:-1.6647128332233815e-05, rewards:-1.5627080202102661, queue:1.0486111640930176, delay:0.058925844728946686, throughput:2932
episode:117/250, real avg travel time:320.2158900435803
step:3600/3600, q_loss:-2.6900583179667592e-05, rewards:-1.5721759796142578, queue:1.0529513359069824, delay:0.06050477549433708, throughput:2931
episode:118/250, real avg travel time:320.01240362051624
step:3600/3600, q_loss:-2.3606172827486362e-05, rewards:-1.5795135498046875, queue:1.0517361164093018, delay:0.05977211892604828, throughput:2930
episode:119/250, real avg travel time:320.16392893060674
step:3600/3600, q_loss:-3.2529899315839564e-05, rewards:-1.5966897010803223, queue:1.077951431274414, delay:0.060377947986125946, throughput:2932
episode:120/250, real avg travel time:320.7841099564197
Test step:120/250, travel time :318.8387529332886, rewards:-1.4756478071212769, queue:0.9833333492279053, delay:0.05683596432209015, throughput:2933
step:3600/3600, q_loss:-3.1038580669297113e-05, rewards:-1.552083134651184, queue:1.0378472805023193, delay:0.05826759338378906, throughput:2933
episode:121/250, real avg travel time:320.0087160576601
step:3600/3600, q_loss:-2.5299309938283703e-05, rewards:-1.5766664743423462, queue:1.0526041984558105, delay:0.060110509395599365, throughput:2931
episode:122/250, real avg travel time:320.27757291317465
step:3600/3600, q_loss:-2.6168836241898438e-05, rewards:-1.571967601776123, queue:1.048437476158142, delay:0.05865004286170006, throughput:2932
episode:123/250, real avg travel time:320.3851827019779
step:3600/3600, q_loss:-3.247214416559372e-05, rewards:-1.5489349365234375, queue:1.0324652194976807, delay:0.05768734589219093, throughput:2930
episode:124/250, real avg travel time:319.9624539054643
step:3600/3600, q_loss:-2.4820304760295484e-05, rewards:-1.541041612625122, queue:1.0333333015441895, delay:0.05828116089105606, throughput:2932
episode:125/250, real avg travel time:319.8699296010727
Test step:125/250, travel time :318.3131076097888, rewards:-1.4454630613327026, queue:0.9630208611488342, delay:0.05630769208073616, throughput:2930
New best TEST travel time 318.3131 at episode 125, saved as best checkpoint
step:3600/3600, q_loss:-3.8303918403538836e-05, rewards:-1.5495140552520752, queue:1.035243034362793, delay:0.058582477271556854, throughput:2931
episode:126/250, real avg travel time:320.09654710023466
step:3600/3600, q_loss:-2.9055253900070157e-05, rewards:-1.505833387374878, queue:0.9993055462837219, delay:0.05715804547071457, throughput:2934
episode:127/250, real avg travel time:319.38216560509557
step:3600/3600, q_loss:-2.640945097448787e-05, rewards:-1.4767591953277588, queue:0.980555534362793, delay:0.05585281550884247, throughput:2933
episode:128/250, real avg travel time:318.91485082132084
step:3600/3600, q_loss:-1.723311617280598e-05, rewards:-1.473726511001587, queue:0.9760416746139526, delay:0.0555642768740654, throughput:2932
episode:129/250, real avg travel time:318.9262487428763
step:3600/3600, q_loss:-2.6126952488320296e-05, rewards:-1.4631481170654297, queue:0.9701389074325562, delay:0.0561886727809906, throughput:2932
episode:130/250, real avg travel time:318.6765001676165
Test step:130/250, travel time :317.0338585316795, rewards:-1.3621989488601685, queue:0.9038194417953491, delay:0.0536058209836483, throughput:2933
New best TEST travel time 317.0339 at episode 130, saved as best checkpoint
step:3600/3600, q_loss:-2.7023488440102446e-05, rewards:-1.4712961912155151, queue:0.9776041507720947, delay:0.056681446731090546, throughput:2932
episode:131/250, real avg travel time:318.76231981226954
step:3600/3600, q_loss:-2.4006454515512345e-05, rewards:-1.4566203355789185, queue:0.9644097089767456, delay:0.0558435395359993, throughput:2933
episode:132/250, real avg travel time:318.52028159570904
step:3600/3600, q_loss:-3.103213686565006e-05, rewards:-1.4551849365234375, queue:0.9710069298744202, delay:0.055624108761548996, throughput:2932
episode:133/250, real avg travel time:318.5243043915521
step:3600/3600, q_loss:-2.3483503523662132e-05, rewards:-1.428078532218933, queue:0.956944465637207, delay:0.054954592138528824, throughput:2932
episode:134/250, real avg travel time:318.03553469661415
step:3600/3600, q_loss:-2.1747889264521226e-05, rewards:-1.490023136138916, queue:0.9909722208976746, delay:0.0569891519844532, throughput:2933
episode:135/250, real avg travel time:318.95675494468657
Test step:135/250, travel time :316.9396580623533, rewards:-1.3634028434753418, queue:0.9006944298744202, delay:0.05403914302587509, throughput:2934
New best TEST travel time 316.9397 at episode 135, saved as best checkpoint
step:3600/3600, q_loss:-1.596820635583114e-05, rewards:-1.4198379516601562, queue:0.9475694298744202, delay:0.05482639744877815, throughput:2932
episode:136/250, real avg travel time:317.7502514247402
step:3600/3600, q_loss:-2.0015335434840786e-05, rewards:-1.4282639026641846, queue:0.9449653029441833, delay:0.05511409789323807, throughput:2933
episode:137/250, real avg travel time:317.98659068052297
step:3600/3600, q_loss:-2.296975969026486e-05, rewards:-1.411064624786377, queue:0.9357638955116272, delay:0.054672300815582275, throughput:2933
episode:138/250, real avg travel time:317.56721421387863
step:3600/3600, q_loss:-2.5703690092389782e-05, rewards:-1.4252312183380127, queue:0.9515625238418579, delay:0.05455318093299866, throughput:2931
episode:139/250, real avg travel time:317.83104257458933
step:3600/3600, q_loss:-1.3805603979293395e-05, rewards:-1.4478007555007935, queue:0.9666666388511658, delay:0.055905841290950775, throughput:2931
episode:140/250, real avg travel time:318.44988266845456
Test step:140/250, travel time :316.018102581294, rewards:-1.3143752813339233, queue:0.871006965637207, delay:0.05168192833662033, throughput:2933
New best TEST travel time 316.0181 at episode 140, saved as best checkpoint
step:3600/3600, q_loss:-2.4617295410415092e-05, rewards:-1.431944489479065, queue:0.9506944417953491, delay:0.05557551980018616, throughput:2931
episode:141/250, real avg travel time:317.99564197116996
step:3600/3600, q_loss:-2.7024572719474907e-05, rewards:-1.4065278768539429, queue:0.9309027791023254, delay:0.054746512323617935, throughput:2933
episode:142/250, real avg travel time:317.4891049279249
step:3600/3600, q_loss:-2.9540448923836705e-05, rewards:-1.476712942123413, queue:0.9847221970558167, delay:0.05648140236735344, throughput:2932
episode:143/250, real avg travel time:318.6161582299698
step:3600/3600, q_loss:-2.9895288645531296e-05, rewards:-1.4399534463882446, queue:0.964062511920929, delay:0.05558948963880539, throughput:2932
episode:144/250, real avg travel time:317.94233992624874
step:3600/3600, q_loss:-2.4715948772306243e-05, rewards:-1.422129511833191, queue:0.9489583373069763, delay:0.05483223497867584, throughput:2932
episode:145/250, real avg travel time:317.8679182031512
Test step:145/250, travel time :316.14649681528664, rewards:-1.317638874053955, queue:0.8784722089767456, delay:0.052371278405189514, throughput:2933
step:3600/3600, q_loss:-2.152505460091763e-05, rewards:-1.4168978929519653, queue:0.9423611164093018, delay:0.05592897906899452, throughput:2933
episode:146/250, real avg travel time:317.84177003017095
step:3600/3600, q_loss:-1.7835275934043306e-05, rewards:-1.4299534559249878, queue:0.9585069417953491, delay:0.0561528317630291, throughput:2932
episode:147/250, real avg travel time:317.7596379483741
step:3600/3600, q_loss:-1.9543914068317797e-05, rewards:-1.425694227218628, queue:0.9532986283302307, delay:0.05582896247506142, throughput:2931
episode:148/250, real avg travel time:317.79081461615823
step:3600/3600, q_loss:-2.5801654987002687e-05, rewards:-1.4148610830307007, queue:0.9402777552604675, delay:0.05496660992503166, throughput:2932
episode:149/250, real avg travel time:317.828025477707
step:3600/3600, q_loss:-2.5617124736998917e-05, rewards:-1.418217420578003, queue:0.9420138597488403, delay:0.05520377680659294, throughput:2932
episode:150/250, real avg travel time:317.7582970164264
Test step:150/250, travel time :315.6057660073751, rewards:-1.2897915840148926, queue:0.863194465637207, delay:0.05200495198369026, throughput:2933
New best TEST travel time 315.6058 at episode 150, saved as best checkpoint
step:3600/3600, q_loss:-2.0305123568202057e-05, rewards:-1.4323148727416992, queue:0.9579861164093018, delay:0.055503666400909424, throughput:2932
episode:151/250, real avg travel time:317.9798860207844
step:3600/3600, q_loss:-2.257581498404896e-05, rewards:-1.3863886594772339, queue:0.9185763597488403, delay:0.05480038747191429, throughput:2932
episode:152/250, real avg travel time:317.11632584646327
step:3600/3600, q_loss:-1.8049594493479363e-05, rewards:-1.4122451543807983, queue:0.9390624761581421, delay:0.05476740747690201, throughput:2933
episode:153/250, real avg travel time:317.66443178008717
step:3600/3600, q_loss:-2.8340284242639665e-05, rewards:-1.3887964487075806, queue:0.9177083373069763, delay:0.05477266386151314, throughput:2932
episode:154/250, real avg travel time:317.29936305732485
step:3600/3600, q_loss:-2.5647011999454765e-05, rewards:-1.3978701829910278, queue:0.9315972328186035, delay:0.05456717684864998, throughput:2930
episode:155/250, real avg travel time:317.4140127388535
Test step:155/250, travel time :316.14649681528664, rewards:-1.3251159191131592, queue:0.8817708492279053, delay:0.0522167831659317, throughput:2930
step:3600/3600, q_loss:-2.405828391029327e-05, rewards:-1.3681482076644897, queue:0.910243034362793, delay:0.053671445697546005, throughput:2932
episode:156/250, real avg travel time:316.9212202480724
step:3600/3600, q_loss:-7.611757825577149e-06, rewards:-1.39347243309021, queue:0.9270833134651184, delay:0.05531495437026024, throughput:2933
episode:157/250, real avg travel time:317.1833724438485
step:3600/3600, q_loss:-2.2395849831540278e-05, rewards:-1.3927778005599976, queue:0.9282985925674438, delay:0.054455652832984924, throughput:2932
episode:158/250, real avg travel time:317.3325511230305
step:3600/3600, q_loss:-2.1855616122829144e-05, rewards:-1.3704628944396973, queue:0.9057291746139526, delay:0.05431577190756798, throughput:2931
episode:159/250, real avg travel time:316.98759637948376
step:3600/3600, q_loss:-1.7434347170853503e-05, rewards:-1.4359029531478882, queue:0.9586805701255798, delay:0.055542077869176865, throughput:2932
episode:160/250, real avg travel time:318.0207844451894
Test step:160/250, travel time :315.3647334897754, rewards:-1.2936341762542725, queue:0.8616319298744202, delay:0.05218758061528206, throughput:2933
New best TEST travel time 315.3647 at episode 160, saved as best checkpoint
step:3600/3600, q_loss:-1.816309603681374e-05, rewards:-1.4040278196334839, queue:0.9373263716697693, delay:0.05498318746685982, throughput:2931
episode:161/250, real avg travel time:317.534026148173
step:3600/3600, q_loss:-2.2208367051832652e-05, rewards:-1.397685170173645, queue:0.926562488079071, delay:0.0556306317448616, throughput:2928
episode:162/250, real avg travel time:317.35903452899765
step:3600/3600, q_loss:-2.2590762711371537e-05, rewards:-1.40625, queue:0.940625011920929, delay:0.05545339733362198, throughput:2932
episode:163/250, real avg travel time:317.3848474689909
step:3600/3600, q_loss:-2.0684696802938426e-05, rewards:-1.394953966140747, queue:0.9293403029441833, delay:0.05395347625017166, throughput:2933
episode:164/250, real avg travel time:317.384512236004
step:3600/3600, q_loss:-2.4964691989158317e-05, rewards:-1.350393533706665, queue:0.901562511920929, delay:0.053865835070610046, throughput:2933
episode:165/250, real avg travel time:316.45993965806235
Test step:165/250, travel time :315.4864230640295, rewards:-1.2840509414672852, queue:0.8532986044883728, delay:0.0520009882748127, throughput:2933
step:3600/3600, q_loss:-1.4218318608106562e-05, rewards:-1.350254774093628, queue:0.8994791507720947, delay:0.05356437712907791, throughput:2930
episode:166/250, real avg travel time:316.5561515253101
step:3600/3600, q_loss:-2.3474597050894604e-05, rewards:-1.3711340427398682, queue:0.9133680462837219, delay:0.053952496498823166, throughput:2931
episode:167/250, real avg travel time:316.88467985249747
step:3600/3600, q_loss:-2.0977864861143408e-05, rewards:-1.3252081871032715, queue:0.8809027671813965, delay:0.05267982557415962, throughput:2931
episode:168/250, real avg travel time:316.1806905799531
step:3600/3600, q_loss:-2.10122209628699e-05, rewards:-1.3684258460998535, queue:0.9144096970558167, delay:0.054837048053741455, throughput:2933
episode:169/250, real avg travel time:317.02614817298024
step:3600/3600, q_loss:-2.6009172520220834e-05, rewards:-1.3377314805984497, queue:0.8911458253860474, delay:0.053495924919843674, throughput:2933
episode:170/250, real avg travel time:316.42876299027824
Test step:170/250, travel time :314.8484746899095, rewards:-1.2460880279541016, queue:0.8298611044883728, delay:0.050204481929540634, throughput:2933
New best TEST travel time 314.8485 at episode 170, saved as best checkpoint
step:3600/3600, q_loss:-3.2800147784183977e-05, rewards:-1.3755323886871338, queue:0.9163194298744202, delay:0.055055174976587296, throughput:2933
episode:171/250, real avg travel time:316.9262487428763
step:3600/3600, q_loss:-1.6833729481462527e-05, rewards:-1.2939120531082153, queue:0.8579860925674438, delay:0.052148330956697464, throughput:2933
episode:172/250, real avg travel time:315.73550117331547
step:3600/3600, q_loss:-2.429292642908102e-05, rewards:-1.329282522201538, queue:0.886805534362793, delay:0.05288500338792801, throughput:2932
episode:173/250, real avg travel time:316.32852832718737
step:3600/3600, q_loss:-2.818628541987251e-05, rewards:-1.3495138883590698, queue:0.8967013955116272, delay:0.053184449672698975, throughput:2932
episode:174/250, real avg travel time:316.73013744552463
step:3600/3600, q_loss:-2.000556969842701e-05, rewards:-1.319791555404663, queue:0.8736110925674438, delay:0.05236947908997536, throughput:2932
episode:175/250, real avg travel time:316.1645993965806
Test step:175/250, travel time :315.1599061347637, rewards:-1.251897931098938, queue:0.828125, delay:0.05060988664627075, throughput:2933
step:3600/3600, q_loss:-2.2714167910938463e-05, rewards:-1.3504860401153564, queue:0.894444465637207, delay:0.05355798453092575, throughput:2933
episode:176/250, real avg travel time:316.85316795172645
step:3600/3600, q_loss:-2.984300339853184e-05, rewards:-1.3146065473556519, queue:0.8708333373069763, delay:0.051953453570604324, throughput:2933
episode:177/250, real avg travel time:316.15957090177676
step:3600/3600, q_loss:-2.6967570280518244e-05, rewards:-1.3619908094406128, queue:0.9064236283302307, delay:0.054013557732105255, throughput:2931
episode:178/250, real avg travel time:316.88300368756285
step:3600/3600, q_loss:-1.5842402138298862e-05, rewards:-1.334213137626648, queue:0.8880208134651184, delay:0.05216754227876663, throughput:2933
episode:179/250, real avg travel time:316.5957090177674
step:3600/3600, q_loss:-2.673761531089743e-05, rewards:-1.3584258556365967, queue:0.9046875238418579, delay:0.05419053137302399, throughput:2932
episode:180/250, real avg travel time:316.81327522628226
Test step:180/250, travel time :315.2738853503185, rewards:-1.2678241729736328, queue:0.839756965637207, delay:0.05043588578701019, throughput:2932
step:3600/3600, q_loss:-1.9802084770398557e-05, rewards:-1.315902590751648, queue:0.8739583492279053, delay:0.052482955157756805, throughput:2931
episode:181/250, real avg travel time:316.2430439155213
step:3600/3600, q_loss:-1.3622879783657412e-05, rewards:-1.301203727722168, queue:0.8644097447395325, delay:0.0507395900785923, throughput:2933
episode:182/250, real avg travel time:316.1139792155548
step:3600/3600, q_loss:-2.183866907014615e-05, rewards:-1.26687490940094, queue:0.8387152552604675, delay:0.05011787265539169, throughput:2933
episode:183/250, real avg travel time:315.3633925578277
step:3600/3600, q_loss:-1.2384782678930573e-05, rewards:-1.3233100175857544, queue:0.8800347447395325, delay:0.052256833761930466, throughput:2932
episode:184/250, real avg travel time:316.3221589004358
step:3600/3600, q_loss:-2.281902868869818e-05, rewards:-1.3242130279541016, queue:0.8793402910232544, delay:0.0531529039144516, throughput:2932
episode:185/250, real avg travel time:316.18437814280924
Test step:185/250, travel time :314.7358364063024, rewards:-1.2333101034164429, queue:0.8149305582046509, delay:0.04956565052270889, throughput:2932
New best TEST travel time 314.7358 at episode 185, saved as best checkpoint
step:3600/3600, q_loss:-1.985594130086678e-05, rewards:-1.2980090379714966, queue:0.8654513955116272, delay:0.051680851727724075, throughput:2932
episode:186/250, real avg travel time:315.6885685551458
step:3600/3600, q_loss:-1.9469890415806462e-05, rewards:-1.298448920249939, queue:0.8567708134651184, delay:0.05107158422470093, throughput:2931
episode:187/250, real avg travel time:315.95139121689573
step:3600/3600, q_loss:-2.2278386502336984e-05, rewards:-1.3173609972000122, queue:0.8685764074325562, delay:0.05108105391263962, throughput:2933
episode:188/250, real avg travel time:316.4230640295005
step:3600/3600, q_loss:-2.7323112159070594e-05, rewards:-1.3086110353469849, queue:0.8682291507720947, delay:0.05191698670387268, throughput:2934
episode:189/250, real avg travel time:316.144820650352
step:3600/3600, q_loss:-2.148414706526738e-05, rewards:-1.3305093050003052, queue:0.8833333253860474, delay:0.051580000668764114, throughput:2933
episode:190/250, real avg travel time:316.524974857526
Test step:190/250, travel time :315.0281595709018, rewards:-1.2346991300582886, queue:0.8194444179534912, delay:0.048301372677087784, throughput:2932
step:3600/3600, q_loss:-2.163094975037017e-05, rewards:-1.3253471851348877, queue:0.878993034362793, delay:0.051775943487882614, throughput:2930
episode:191/250, real avg travel time:316.4656386188401
step:3600/3600, q_loss:-2.2384412241754707e-05, rewards:-1.3413423299789429, queue:0.8857638835906982, delay:0.05227033793926239, throughput:2932
episode:192/250, real avg travel time:316.57056654374793
step:3600/3600, q_loss:-2.3690835331325177e-05, rewards:-1.3189122676849365, queue:0.878125011920929, delay:0.051955271512269974, throughput:2931
episode:193/250, real avg travel time:316.35668789808915
step:3600/3600, q_loss:-1.606684899242181e-05, rewards:-1.3158332109451294, queue:0.8692708611488342, delay:0.051309939473867416, throughput:2932
episode:194/250, real avg travel time:316.28930606771706
step:3600/3600, q_loss:-1.1995526438113303e-05, rewards:-1.3162728548049927, queue:0.8774305582046509, delay:0.05082518234848976, throughput:2931
episode:195/250, real avg travel time:316.27723768018774
Test step:195/250, travel time :315.194435132417, rewards:-1.2543517351150513, queue:0.8324652910232544, delay:0.049814749509096146, throughput:2931
step:3600/3600, q_loss:-1.555271317354507e-05, rewards:-1.3010647296905518, queue:0.8619791865348816, delay:0.05026150867342949, throughput:2931
episode:196/250, real avg travel time:316.1592356687898
step:3600/3600, q_loss:-1.8948831927479693e-05, rewards:-1.2898610830307007, queue:0.8520833253860474, delay:0.0501410998404026, throughput:2932
episode:197/250, real avg travel time:315.950050284948
step:3600/3600, q_loss:-1.5775119956944965e-05, rewards:-1.2868752479553223, queue:0.8565972447395325, delay:0.05027954280376434, throughput:2932
episode:198/250, real avg travel time:315.7619845792826
step:3600/3600, q_loss:-1.9325330504216255e-05, rewards:-1.2927542924880981, queue:0.8550347089767456, delay:0.05063128098845482, throughput:2932
episode:199/250, real avg travel time:315.80120683875293
step:3600/3600, q_loss:-1.5595712250581494e-05, rewards:-1.3163655996322632, queue:0.8737847208976746, delay:0.051184602081775665, throughput:2931
episode:200/250, real avg travel time:316.31880657056655
Test step:200/250, travel time :315.0596714716728, rewards:-1.2442823648452759, queue:0.8237847089767456, delay:0.04932311549782753, throughput:2933
step:3600/3600, q_loss:-1.918125447075538e-05, rewards:-1.244999885559082, queue:0.8225694298744202, delay:0.04918511584401131, throughput:2931
episode:201/250, real avg travel time:315.07945021790147
step:3600/3600, q_loss:-1.1062506086158532e-05, rewards:-1.2787731885910034, queue:0.8460069298744202, delay:0.04962155967950821, throughput:2933
episode:202/250, real avg travel time:315.67851156553803
step:3600/3600, q_loss:-1.9761363337575283e-05, rewards:-1.305277705192566, queue:0.8678819537162781, delay:0.05040307715535164, throughput:2932
episode:203/250, real avg travel time:315.8977539389876
step:3600/3600, q_loss:-1.267300103791058e-05, rewards:-1.2629165649414062, queue:0.8374999761581421, delay:0.049239762127399445, throughput:2932
episode:204/250, real avg travel time:315.26483405967144
step:3600/3600, q_loss:-1.4253365332950597e-05, rewards:-1.2770369052886963, queue:0.8435763716697693, delay:0.04920925945043564, throughput:2932
episode:205/250, real avg travel time:315.5762655045256
Test step:205/250, travel time :314.97452229299364, rewards:-1.2369213104248047, queue:0.8222222328186035, delay:0.04818909987807274, throughput:2932
step:3600/3600, q_loss:-1.7192931220590792e-05, rewards:-1.265439748764038, queue:0.8451389074325562, delay:0.04993332922458649, throughput:2931
episode:206/250, real avg travel time:315.29165269862557
step:3600/3600, q_loss:-2.1281773202914606e-05, rewards:-1.3232173919677734, queue:0.878993034362793, delay:0.05131905898451805, throughput:2931
episode:207/250, real avg travel time:316.13778075762656
step:3600/3600, q_loss:-1.4292152115592249e-05, rewards:-1.2827775478363037, queue:0.8463541865348816, delay:0.04969079792499542, throughput:2930
episode:208/250, real avg travel time:315.7073416024137
step:3600/3600, q_loss:-1.881915851737614e-05, rewards:-1.2809258699417114, queue:0.8439236283302307, delay:0.049607254564762115, throughput:2931
episode:209/250, real avg travel time:315.78377472343277
step:3600/3600, q_loss:-1.9077124630307987e-05, rewards:-1.2613658905029297, queue:0.8286458253860474, delay:0.04933891445398331, throughput:2932
episode:210/250, real avg travel time:315.3627220918538
Test step:210/250, travel time :315.20516258799864, rewards:-1.2524304389953613, queue:0.8314236402511597, delay:0.04878772050142288, throughput:2932
step:3600/3600, q_loss:-1.4152718574257085e-05, rewards:-1.2988194227218628, queue:0.8574652671813965, delay:0.0504598394036293, throughput:2933
episode:211/250, real avg travel time:316.02681863895407
step:3600/3600, q_loss:-1.925873123885443e-05, rewards:-1.3047453165054321, queue:0.864062488079071, delay:0.050495412200689316, throughput:2932
episode:212/250, real avg travel time:315.92658397586325
step:3600/3600, q_loss:-1.5230778565940757e-05, rewards:-1.2634953260421753, queue:0.8333333134651184, delay:0.048619594424963, throughput:2931
episode:213/250, real avg travel time:315.50251424740196
step:3600/3600, q_loss:-1.5770521605628783e-05, rewards:-1.2872453927993774, queue:0.8442708253860474, delay:0.05024188756942749, throughput:2931
episode:214/250, real avg travel time:315.96413007039894
step:3600/3600, q_loss:-2.094212277033539e-05, rewards:-1.2707406282424927, queue:0.8402777910232544, delay:0.04934253543615341, throughput:2933
episode:215/250, real avg travel time:315.67247737177337
Test step:215/250, travel time :314.5960442507543, rewards:-1.2132405042648315, queue:0.8045138716697693, delay:0.04805195704102516, throughput:2932
New best TEST travel time 314.5960 at episode 215, saved as best checkpoint
step:3600/3600, q_loss:-1.5677178830460266e-05, rewards:-1.287222146987915, queue:0.8496527671813965, delay:0.050661735236644745, throughput:2931
episode:216/250, real avg travel time:315.706000670466
step:3600/3600, q_loss:-1.8863494538150176e-05, rewards:-1.2897452116012573, queue:0.8510416746139526, delay:0.0498712919652462, throughput:2931
episode:217/250, real avg travel time:315.9570901776735
step:3600/3600, q_loss:-2.223660552839714e-05, rewards:-1.2738655805587769, queue:0.8451389074325562, delay:0.049578141421079636, throughput:2931
episode:218/250, real avg travel time:315.6238685886691
step:3600/3600, q_loss:-1.1989401644785647e-05, rewards:-1.2494443655014038, queue:0.8236111402511597, delay:0.048239126801490784, throughput:2932
episode:219/250, real avg travel time:315.2735501173315
step:3600/3600, q_loss:-2.1417764515650492e-05, rewards:-1.3291200399398804, queue:0.8751736283302307, delay:0.050134286284446716, throughput:2933
episode:220/250, real avg travel time:316.7586322494133
Test step:220/250, travel time :314.58129399932955, rewards:-1.2003934383392334, queue:0.7857638597488403, delay:0.04691750183701515, throughput:2933
New best TEST travel time 314.5813 at episode 220, saved as best checkpoint
step:3600/3600, q_loss:-2.301309486264708e-05, rewards:-1.282638669013977, queue:0.8442708253860474, delay:0.049533821642398834, throughput:2933
episode:221/250, real avg travel time:315.990948709353
step:3600/3600, q_loss:-2.1094483263031753e-05, rewards:-1.2843981981277466, queue:0.8512153029441833, delay:0.05002161115407944, throughput:2933
episode:222/250, real avg travel time:315.7438819979886
step:3600/3600, q_loss:-2.2529427143227724e-05, rewards:-1.2873611450195312, queue:0.848437488079071, delay:0.04956173524260521, throughput:2933
episode:223/250, real avg travel time:316.00368756285616
step:3600/3600, q_loss:-1.9631796857100672e-05, rewards:-1.3056713342666626, queue:0.8621527552604675, delay:0.05075482279062271, throughput:2932
episode:224/250, real avg travel time:316.2906469996648
step:3600/3600, q_loss:-1.984012649498052e-05, rewards:-1.2950924634933472, queue:0.856249988079071, delay:0.05048215761780739, throughput:2934
episode:225/250, real avg travel time:316.0509554140127
Test step:225/250, travel time :314.44988266845456, rewards:-1.2011805772781372, queue:0.7920138835906982, delay:0.0477670282125473, throughput:2933
New best TEST travel time 314.4499 at episode 225, saved as best checkpoint
step:3600/3600, q_loss:-1.9883616025456123e-05, rewards:-1.3036112785339355, queue:0.8651041388511658, delay:0.050125863403081894, throughput:2931
episode:226/250, real avg travel time:316.2430439155213
step:3600/3600, q_loss:-2.642877419323971e-05, rewards:-1.301527976989746, queue:0.8565972447395325, delay:0.05139043182134628, throughput:2930
episode:227/250, real avg travel time:315.9899430103922
step:3600/3600, q_loss:-1.7153514717291626e-05, rewards:-1.289953589439392, queue:0.8565972447395325, delay:0.04990478605031967, throughput:2932
episode:228/250, real avg travel time:316.14817298022126
step:3600/3600, q_loss:-2.3195178127261226e-05, rewards:-1.237708330154419, queue:0.8185763955116272, delay:0.04821426421403885, throughput:2932
episode:229/250, real avg travel time:315.04726785115656
step:3600/3600, q_loss:-2.4598704314687187e-05, rewards:-1.275694489479065, queue:0.8409722447395325, delay:0.04899109899997711, throughput:2933
episode:230/250, real avg travel time:315.6681193429433
Test step:230/250, travel time :315.07844451894067, rewards:-1.243842601776123, queue:0.8284721970558167, delay:0.04899606853723526, throughput:2932
step:3600/3600, q_loss:-1.567405448036475e-05, rewards:-1.27891206741333, queue:0.8427083492279053, delay:0.04981619119644165, throughput:2932
episode:231/250, real avg travel time:315.82333221589005
step:3600/3600, q_loss:-5.51772057035662e-06, rewards:-1.2674535512924194, queue:0.8446180820465088, delay:0.05019155144691467, throughput:2932
episode:232/250, real avg travel time:315.36909151860544
step:3600/3600, q_loss:-2.4022350165372092e-05, rewards:-1.2619215250015259, queue:0.8342013955116272, delay:0.04986830800771713, throughput:2932
episode:233/250, real avg travel time:315.22058330539727
step:3600/3600, q_loss:-1.4928682314887367e-05, rewards:-1.3173381090164185, queue:0.8734375238418579, delay:0.050896305590867996, throughput:2932
episode:234/250, real avg travel time:316.3328863560174
step:3600/3600, q_loss:-2.4597476725897716e-05, rewards:-1.26972234249115, queue:0.8362846970558167, delay:0.0491817370057106, throughput:2932
episode:235/250, real avg travel time:315.615487763996
Test step:235/250, travel time :315.05263157894734, rewards:-1.2445368766784668, queue:0.8210069537162781, delay:0.0494009330868721, throughput:2932
step:3600/3600, q_loss:-1.4182462042232078e-05, rewards:-1.2762961387634277, queue:0.8374999761581421, delay:0.04964187368750572, throughput:2933
episode:236/250, real avg travel time:315.6483405967147
step:3600/3600, q_loss:-1.80141102410508e-05, rewards:-1.252060055732727, queue:0.8251736164093018, delay:0.048828836530447006, throughput:2933
episode:237/250, real avg travel time:315.27623198122694
step:3600/3600, q_loss:-1.4689275175677957e-05, rewards:-1.2856249809265137, queue:0.8526041507720947, delay:0.04920962080359459, throughput:2932
episode:238/250, real avg travel time:315.9694937981897
step:3600/3600, q_loss:-2.2164596615497162e-05, rewards:-1.2594212293624878, queue:0.8307291865348816, delay:0.049196116626262665, throughput:2933
episode:239/250, real avg travel time:315.4720080455917
step:3600/3600, q_loss:-2.306423395768636e-05, rewards:-1.2828935384750366, queue:0.8416666388511658, delay:0.049225181341171265, throughput:2931
episode:240/250, real avg travel time:315.7542742205833
Test step:240/250, travel time :314.3027153871941, rewards:-1.1945371627807617, queue:0.7829861044883728, delay:0.047215450555086136, throughput:2932
New best TEST travel time 314.3027 at episode 240, saved as best checkpoint
step:3600/3600, q_loss:-1.5852792852523703e-05, rewards:-1.2774304151535034, queue:0.8418402671813965, delay:0.04889844357967377, throughput:2932
episode:241/250, real avg travel time:315.72846128059
step:3600/3600, q_loss:-1.6984901352164648e-05, rewards:-1.2490973472595215, queue:0.8237847089767456, delay:0.048217784613370895, throughput:2932
episode:242/250, real avg travel time:315.32014750251426
step:3600/3600, q_loss:-1.9340322749620233e-05, rewards:-1.2738425731658936, queue:0.840624988079071, delay:0.049332279711961746, throughput:2932
episode:243/250, real avg travel time:315.6892390211197
step:3600/3600, q_loss:-2.264839314631428e-05, rewards:-1.2415276765823364, queue:0.8145833611488342, delay:0.04751076549291611, throughput:2933
episode:244/250, real avg travel time:315.2004693261817
step:3600/3600, q_loss:-2.4261598958185425e-05, rewards:-1.2904397249221802, queue:0.8536458611488342, delay:0.04944503679871559, throughput:2933
episode:245/250, real avg travel time:316.1203486423064
Test step:245/250, travel time :314.21890714046265, rewards:-1.1873377561569214, queue:0.777256965637207, delay:0.04644161835312843, throughput:2932
New best TEST travel time 314.2189 at episode 245, saved as best checkpoint
step:3600/3600, q_loss:-1.7651864079568812e-05, rewards:-1.290324330329895, queue:0.8519096970558167, delay:0.048861801624298096, throughput:2933
episode:246/250, real avg travel time:315.94334562520953
step:3600/3600, q_loss:-2.4879293266200912e-05, rewards:-1.2815278768539429, queue:0.8444444537162781, delay:0.04940168187022209, throughput:2933
episode:247/250, real avg travel time:315.8813275226282
step:3600/3600, q_loss:-2.2025991886578226e-05, rewards:-1.2999306917190552, queue:0.8534722328186035, delay:0.04992900416254997, throughput:2933
episode:248/250, real avg travel time:316.07676835400605
step:3600/3600, q_loss:-2.2835559772189567e-05, rewards:-1.2686110734939575, queue:0.8380208611488342, delay:0.04916359484195709, throughput:2932
episode:249/250, real avg travel time:315.48172980221256
Hyperparameters saved to: data/output_data/tsc/cityflow_hyperlight_mappo/cityflow4x4/awrf_4x4_seed1/hyperparameters.json
Loaded best checkpoint for final evaluation
Final Travel Time is 314.2189, mean rewards: -1.1873, queue: 0.7773, delay: 0.0464, throughput: 2932
Total time taken: 9921.60628938675
