hyperlight_mappo	TRAIN	25	1389.8390	0.001525	-293.7360	17.9841	0.1057	8890
hyperlight_mappo	TEST	25	1456.9931	0.001525	-344.1029	21.0959	0.1291	8754
hyperlight_mappo	TRAIN	26	1409.5874	0.001715	-305.4534	18.7068	0.1067	8858
hyperlight_mappo	TRAIN	27	1388.3882	0.001581	-294.7604	18.0467	0.1040	8853
hyperlight_mappo	TRAIN	28	1394.8996	0.001568	-301.8028	18.4804	0.1058	8862
hyperlight_mappo	TRAIN	29	1371.1095	0.001562	-290.6507	17.7930	0.1035	8965
hyperlight_mappo	TRAIN	30	1377.8522	0.001596	-294.2578	18.0167	0.1042	8947
hyperlight_mappo	TEST	30	1452.5691	0.001596	-347.7521	21.3123	0.1221	8891
hyperlight_mappo	TRAIN	31	1380.9419	0.001561	-298.7170	18.2903	0.1029	8928
hyperlight_mappo	TRAIN	32	1397.1216	0.001590	-305.7685	18.7223	0.1033	8818
hyperlight_mappo	TRAIN	33	1377.2188	0.001566	-296.3930	18.1462	0.1013	8799
hyperlight_mappo	TRAIN	34	1389.0004	0.001533	-297.0995	18.1868	0.1014	8755
hyperlight_mappo	TRAIN	35	1373.6737	0.001607	-296.1115	18.1305	0.1018	8909
hyperlight_mappo	TEST	35	1453.4083	0.001607	-341.1157	20.9028	0.1181	8588
hyperlight_mappo	TRAIN	36	1373.9122	0.001677	-297.4602	18.2118	0.1015	9044
hyperlight_mappo	TRAIN	37	1382.7232	0.001548	-302.0057	18.4915	0.1012	8800
hyperlight_mappo	TRAIN	38	1369.4797	0.001573	-293.9959	18.0001	0.1000	9001
hyperlight_mappo	TRAIN	39	1373.1113	0.001554	-303.1818	18.5684	0.0997	8891
hyperlight_mappo	TRAIN	40	1371.1678	0.001610	-297.8393	18.2383	0.1011	8961
hyperlight_mappo	TEST	40	1419.9417	0.001610	-337.6918	20.6938	0.1145	8759
hyperlight_mappo	TRAIN	41	1376.7270	0.001547	-300.2681	18.3872	0.0987	8909
hyperlight_mappo	TRAIN	42	1385.9946	0.001675	-300.5176	18.4019	0.0995	8616
hyperlight_mappo	TRAIN	43	1359.2324	0.001607	-290.3181	17.7763	0.0988	8789
hyperlight_mappo	TRAIN	44	1408.9393	0.001667	-312.6482	19.1493	0.1003	8761
hyperlight_mappo	TRAIN	45	1374.3713	0.001608	-302.8680	18.5462	0.0987	8906
hyperlight_mappo	TEST	45	1397.8484	0.001608	-318.8259	19.5344	0.1130	8716
hyperlight_mappo	TRAIN	46	1368.0175	0.001568	-291.6049	17.8537	0.0963	8746
hyperlight_mappo	TRAIN	47	1356.7696	0.001588	-291.7961	17.8679	0.0988	8876
hyperlight_mappo	TRAIN	48	1353.3075	0.001665	-286.7168	17.5514	0.0981	8978
hyperlight_mappo	TRAIN	49	1342.7205	0.001645	-283.7061	17.3676	0.0971	8992
hyperlight_mappo	TRAIN	50	1366.1038	0.001747	-297.5253	18.2200	0.0967	8947
hyperlight_mappo	TEST	50	1385.6227	0.001747	-314.4590	19.2662	0.1048	8625
hyperlight_mappo	TRAIN	51	1370.3164	0.001923	-292.4987	17.9118	0.0955	8854
hyperlight_mappo	TRAIN	52	1381.5951	0.001635	-300.5456	18.4052	0.0961	8694
hyperlight_mappo	TRAIN	53	1375.5075	0.001656	-299.7727	18.3573	0.0959	8740
hyperlight_mappo	TRAIN	54	1358.5019	0.001645	-287.3719	17.5953	0.0952	8804
hyperlight_mappo	TRAIN	55	1370.6691	0.001885	-293.0581	17.9465	0.0958	8798
hyperlight_mappo	TEST	55	1383.6177	0.001885	-313.4185	19.2026	0.1017	8737
hyperlight_mappo	TRAIN	56	1383.0757	0.001796	-299.0597	18.3137	0.0961	8747
hyperlight_mappo	TRAIN	57	1357.5700	0.001867	-291.4008	17.8413	0.0948	8840
hyperlight_mappo	TRAIN	58	1381.1341	0.001934	-299.2952	18.3287	0.0959	8800
hyperlight_mappo	TRAIN	59	1392.2856	0.002043	-304.8830	18.6724	0.0967	8640
hyperlight_mappo	TRAIN	60	1385.1250	0.002173	-298.4043	18.2717	0.0952	8817
hyperlight_mappo	TEST	60	1409.5273	0.002173	-327.8833	20.0908	0.1013	8620
hyperlight_mappo	TRAIN	61	1362.3249	0.001899	-290.2692	17.7747	0.0940	8792
hyperlight_mappo	TRAIN	62	1374.9501	0.001829	-296.8041	18.1744	0.0948	8771
hyperlight_mappo	TRAIN	63	1371.2862	0.001957	-291.7924	17.8653	0.0959	8739
hyperlight_mappo	TRAIN	64	1385.0958	0.001843	-297.4307	18.2136	0.0943	8611
hyperlight_mappo	TRAIN	65	1386.0885	0.001903	-299.6655	18.3497	0.0939	8438
hyperlight_mappo	TEST	65	1413.7428	0.001903	-319.8712	19.5977	0.1056	8523
hyperlight_mappo	TRAIN	66	1355.6834	0.002097	-286.8490	17.5625	0.0933	8682
hyperlight_mappo	TRAIN	67	1372.3789	0.002197	-296.6180	18.1649	0.0934	8718
hyperlight_mappo	TRAIN	68	1347.0830	0.002138	-287.0082	17.5699	0.0949	9008
hyperlight_mappo	TRAIN	69	1344.0359	0.002072	-286.0438	17.5112	0.0939	8946
hyperlight_mappo	TRAIN	70	1383.3540	0.002084	-304.0401	18.6182	0.0964	8774
hyperlight_mappo	TEST	70	1395.2516	0.002084	-323.4274	19.8187	0.1085	8768
hyperlight_mappo	TRAIN	71	1379.0595	0.002186	-298.5123	18.2770	0.0958	8862
hyperlight_mappo	TRAIN	72	1353.6951	0.002017	-286.8945	17.5644	0.0964	8785
hyperlight_mappo	TRAIN	73	1344.0754	0.002067	-283.6968	17.3689	0.0930	8669
hyperlight_mappo	TRAIN	74	1384.0316	0.002031	-305.5502	18.7094	0.0966	8730
hyperlight_mappo	TRAIN	75	1349.1303	0.001927	-291.0225	17.8168	0.0957	8856
hyperlight_mappo	TEST	75	1402.8640	0.001927	-330.3441	20.2426	0.1084	8886
hyperlight_mappo	TRAIN	76	1378.0488	0.001882	-301.1158	18.4402	0.0948	8699
hyperlight_mappo	TRAIN	77	1352.3659	0.001868	-291.8661	17.8670	0.0946	8863
hyperlight_mappo	TRAIN	78	1376.2357	0.001837	-302.7938	18.5400	0.0965	8951
hyperlight_mappo	TRAIN	79	1381.3009	0.001856	-302.7116	18.5373	0.0959	8764
hyperlight_mappo	TRAIN	80	1353.8897	0.002106	-288.1165	17.6387	0.0943	8936
hyperlight_mappo	TEST	80	1392.8824	0.002106	-312.3874	19.1417	0.1033	8720
hyperlight_mappo	TRAIN	81	1374.0092	0.001801	-302.1060	18.4991	0.0953	8797
hyperlight_mappo	TRAIN	82	1378.3853	0.001825	-303.8379	18.6055	0.0960	8804
hyperlight_mappo	TRAIN	83	1366.6957	0.001842	-299.6126	18.3443	0.0964	8850
hyperlight_mappo	TRAIN	84	1359.1437	0.002007	-293.9456	17.9976	0.0949	8916
hyperlight_mappo	TRAIN	85	1351.1345	0.001970	-288.4031	17.6553	0.0936	8781
hyperlight_mappo	TEST	85	1307.2884	0.001970	-282.7117	17.3187	0.1026	9257
hyperlight_mappo	TRAIN	86	1376.4538	0.001826	-304.7176	18.6616	0.0954	8877
hyperlight_mappo	TRAIN	87	1368.1997	0.002031	-294.6310	18.0427	0.0952	8832
hyperlight_mappo	TRAIN	88	1361.1912	0.001980	-298.7716	18.2949	0.0959	8809
hyperlight_mappo	TRAIN	89	1351.7252	0.001884	-295.4546	18.0924	0.0947	8862
hyperlight_mappo	TRAIN	90	1358.1898	0.001968	-298.3613	18.2702	0.0966	8954
hyperlight_mappo	TEST	90	1336.2560	0.001968	-296.9205	18.1881	0.1003	9051
hyperlight_mappo	TRAIN	91	1388.2589	0.001957	-299.3573	18.3280	0.0948	8580
hyperlight_mappo	TRAIN	92	1380.2510	0.002208	-296.9631	18.1815	0.0954	8710
hyperlight_mappo	TRAIN	93	1382.7977	0.002189	-303.2978	18.5723	0.0968	8761
hyperlight_mappo	TRAIN	94	1367.2335	0.001926	-292.0825	17.8845	0.0942	8749
hyperlight_mappo	TRAIN	95	1351.2650	0.002062	-288.7249	17.6757	0.0938	8994
hyperlight_mappo	TEST	95	1369.2263	0.002062	-301.6704	18.4797	0.1036	8637
hyperlight_mappo	TRAIN	96	1369.5394	0.001969	-294.3362	18.0216	0.0937	8684
hyperlight_mappo	TRAIN	97	1376.1171	0.001934	-298.7746	18.2933	0.0928	8609
hyperlight_mappo	TRAIN	98	1381.2432	0.001904	-298.3303	18.2667	0.0957	8747
hyperlight_mappo	TRAIN	99	1379.6766	0.001931	-299.2235	18.3208	0.0935	8788
hyperlight_mappo	TRAIN	100	1398.7931	0.001970	-305.2983	18.6956	0.0948	8703
hyperlight_mappo	TEST	100	1383.4324	0.001970	-303.5756	18.5979	0.0992	8572
hyperlight_mappo	TRAIN	101	1391.1577	0.001821	-303.9291	18.6132	0.0940	8630
hyperlight_mappo	TRAIN	102	1375.3311	0.001737	-295.0348	18.0653	0.0942	8630
hyperlight_mappo	TRAIN	103	1383.2084	0.001886	-291.6016	17.8493	0.0943	8714
hyperlight_mappo	TRAIN	104	1350.2350	0.002088	-287.2402	17.5864	0.0929	8909
hyperlight_mappo	TRAIN	105	1343.5928	0.002106	-281.2599	17.2155	0.0941	8889
hyperlight_mappo	TEST	105	1334.5189	0.002106	-286.9412	17.5793	0.0963	8886
hyperlight_mappo	TRAIN	106	1373.9348	0.002189	-292.3241	17.8949	0.0960	9070
hyperlight_mappo	TRAIN	107	1359.2549	0.001850	-288.6056	17.6713	0.0932	8747
hyperlight_mappo	TRAIN	108	1365.1969	0.001983	-288.8075	17.6808	0.0939	8739
hyperlight_mappo	TRAIN	109	1367.9709	0.002008	-280.8858	17.1951	0.0910	8694
hyperlight_mappo	TRAIN	110	1375.2432	0.001988	-294.1748	18.0124	0.0960	8830
hyperlight_mappo	TEST	110	1332.1494	0.001988	-277.7803	17.0165	0.0957	8820
hyperlight_mappo	TRAIN	111	1379.6069	0.002042	-295.5302	18.0949	0.0933	8767
hyperlight_mappo	TRAIN	112	1388.4005	0.001978	-297.2651	18.2020	0.0931	8642
hyperlight_mappo	TRAIN	113	1378.6230	0.001878	-293.0620	17.9456	0.0937	8773
hyperlight_mappo	TRAIN	114	1397.9734	0.002032	-303.0318	18.5593	0.0947	8709
hyperlight_mappo	TRAIN	115	1367.0656	0.002121	-287.8038	17.6228	0.0943	8832
hyperlight_mappo	TEST	115	1404.6273	0.002121	-295.5104	18.1063	0.0979	8111
hyperlight_mappo	TRAIN	116	1366.2941	0.002168	-290.2198	17.7695	0.0955	8911
hyperlight_mappo	TRAIN	117	1378.0388	0.001811	-294.9039	18.0581	0.0954	8635
hyperlight_mappo	TRAIN	118	1381.8284	0.001939	-299.3502	18.3298	0.0946	8738
hyperlight_mappo	TRAIN	119	1395.0699	0.001842	-302.8019	18.5435	0.0948	8585
hyperlight_mappo	TRAIN	120	1366.0422	0.001934	-287.9484	17.6306	0.0931	8645
hyperlight_mappo	TEST	120	1429.2936	0.001934	-310.2084	19.0050	0.0989	8274
hyperlight_mappo	TRAIN	121	1382.9310	0.001932	-291.8648	17.8720	0.0940	8709
hyperlight_mappo	TRAIN	122	1363.0699	0.001800	-291.8181	17.8671	0.0940	8636
hyperlight_mappo	TRAIN	123	1369.4834	0.001928	-294.4135	18.0289	0.0930	8736
hyperlight_mappo	TRAIN	124	1374.9637	0.001891	-292.0341	17.8813	0.0945	8726
hyperlight_mappo	TRAIN	125	1388.7884	0.001809	-299.6963	18.3526	0.0950	8711
hyperlight_mappo	TEST	125	1480.0659	0.001809	-325.9672	19.9718	0.0985	8087
hyperlight_mappo	TRAIN	126	1368.2405	0.001956	-288.4761	17.6655	0.0933	8634
hyperlight_mappo	TRAIN	127	1389.3456	0.001782	-294.2199	18.0159	0.0932	8521
hyperlight_mappo	TRAIN	128	1397.5572	0.001797	-294.4279	18.0284	0.0912	8367
hyperlight_mappo	TRAIN	129	1408.0482	0.001811	-298.8483	18.3008	0.0945	8495
hyperlight_mappo	TRAIN	130	1405.4457	0.001936	-297.2207	18.1972	0.0949	8618
hyperlight_mappo	TEST	130	1398.5206	0.001936	-297.8217	18.2425	0.0940	8359
hyperlight_mappo	TRAIN	131	1416.6050	0.001797	-302.5009	18.5242	0.0929	8334
hyperlight_mappo	TRAIN	132	1364.6727	0.002037	-286.7437	17.5579	0.0939	8865
hyperlight_mappo	TRAIN	133	1364.9775	0.001911	-289.1241	17.7020	0.0940	8719
hyperlight_mappo	TRAIN	134	1378.6912	0.001986	-288.6931	17.6784	0.0943	8684
hyperlight_mappo	TRAIN	135	1352.2111	0.001939	-284.7835	17.4336	0.0921	8748
hyperlight_mappo	TEST	135	1334.6974	0.001939	-271.2854	16.6172	0.0920	8808
hyperlight_mappo	TRAIN	136	1350.5983	0.001929	-284.2378	17.4040	0.0911	8762
hyperlight_mappo	TRAIN	137	1345.4878	0.001957	-281.5216	17.2341	0.0919	8794
hyperlight_mappo	TRAIN	138	1362.6061	0.001865	-284.8065	17.4408	0.0918	8685
hyperlight_mappo	TRAIN	139	1340.4338	0.001969	-272.7165	16.6971	0.0911	8887
hyperlight_mappo	TRAIN	140	1365.3782	0.001928	-296.7044	18.1686	0.0931	8739
hyperlight_mappo	TEST	140	1331.2378	0.001928	-284.0993	17.4006	0.0956	8814
hyperlight_mappo	TRAIN	141	1317.5156	0.002129	-273.9555	16.7717	0.0918	9124
hyperlight_mappo	TRAIN	142	1318.8683	0.002017	-272.4894	16.6794	0.0921	9046
hyperlight_mappo	TRAIN	143	1347.0310	0.001796	-280.7305	17.1864	0.0923	8726
hyperlight_mappo	TRAIN	144	1330.6987	0.001898	-274.5750	16.8096	0.0910	9107
hyperlight_mappo	TRAIN	145	1335.3313	0.001813	-275.3451	16.8535	0.0919	8752
hyperlight_mappo	TEST	145	1287.1522	0.001813	-262.3094	16.0638	0.0920	9235
hyperlight_mappo	TRAIN	146	1333.3419	0.001778	-273.3645	16.7355	0.0907	8980
hyperlight_mappo	TRAIN	147	1314.6869	0.001643	-268.8790	16.4589	0.0907	8985
hyperlight_mappo	TRAIN	148	1337.1753	0.001860	-274.2583	16.7895	0.0921	9059
hyperlight_mappo	TRAIN	149	1294.3164	0.001921	-260.5409	15.9476	0.0910	9518
hyperlight_mappo	TRAIN	150	1289.2843	0.001885	-263.2931	16.1169	0.0911	9360
hyperlight_mappo	TEST	150	1332.8629	0.001885	-280.2993	17.1681	0.0932	9208
hyperlight_mappo	TRAIN	151	1335.5514	0.002026	-284.8268	17.4402	0.0937	9207
hyperlight_mappo	TRAIN	152	1314.3761	0.002210	-270.5466	16.5599	0.0912	9258
hyperlight_mappo	TRAIN	153	1285.1395	0.002110	-256.5596	15.7009	0.0909	9357
hyperlight_mappo	TRAIN	154	1303.1245	0.002121	-269.5612	16.5003	0.0909	9148
hyperlight_mappo	TRAIN	155	1280.4831	0.002101	-252.2679	15.4361	0.0908	9641
hyperlight_mappo	TEST	155	1307.2804	0.002101	-267.9467	16.4086	0.0895	9238
hyperlight_mappo	TRAIN	156	1301.3348	0.002002	-265.0676	16.2248	0.0906	9268
hyperlight_mappo	TRAIN	157	1292.0844	0.002271	-265.5280	16.2527	0.0903	9408
hyperlight_mappo	TRAIN	158	1274.5409	0.002291	-255.6462	15.6468	0.0899	9549
hyperlight_mappo	TRAIN	159	1282.3712	0.002190	-260.4761	15.9442	0.0907	9417
hyperlight_mappo	TRAIN	160	1277.6505	0.002108	-256.6718	15.7109	0.0904	9615
hyperlight_mappo	TEST	160	1331.8632	0.002108	-280.4095	17.1770	0.0974	9392
hyperlight_mappo	TRAIN	161	1302.5832	0.002113	-269.5154	16.4992	0.0922	9608
hyperlight_mappo	TRAIN	162	1268.2456	0.002011	-254.5763	15.5783	0.0914	9549
hyperlight_mappo	TRAIN	163	1298.5681	0.002084	-267.7282	16.3885	0.0922	9512
hyperlight_mappo	TRAIN	164	1294.9541	0.002004	-265.9846	16.2804	0.0913	9398
hyperlight_mappo	TRAIN	165	1281.4797	0.002260	-256.7247	15.7117	0.0911	9476
hyperlight_mappo	TEST	165	1317.4321	0.002260	-278.8913	17.0818	0.0997	9335
hyperlight_mappo	TRAIN	166	1299.2285	0.002065	-271.0124	16.5918	0.0919	9441
hyperlight_mappo	TRAIN	167	1311.2081	0.002135	-273.6157	16.7513	0.0921	9315
hyperlight_mappo	TRAIN	168	1298.5844	0.002166	-269.4121	16.4949	0.0907	9190
hyperlight_mappo	TRAIN	169	1296.8631	0.001997	-269.6293	16.5080	0.0908	9361
hyperlight_mappo	TRAIN	170	1302.0267	0.002091	-272.8651	16.7066	0.0907	9313
hyperlight_mappo	TEST	170	1265.2144	0.002091	-253.9024	15.5482	0.0909	9869
hyperlight_mappo	TRAIN	171	1291.2734	0.001980	-270.2130	16.5408	0.0901	9250
hyperlight_mappo	TRAIN	172	1335.1517	0.002075	-283.8411	17.3817	0.0932	9332
hyperlight_mappo	TRAIN	173	1315.0552	0.001998	-280.9755	17.2051	0.0918	9264
hyperlight_mappo	TRAIN	174	1305.3927	0.002038	-273.5235	16.7442	0.0918	9493
hyperlight_mappo	TRAIN	175	1313.3469	0.002010	-280.8946	17.1980	0.0920	9296
hyperlight_mappo	TEST	175	1302.9071	0.002010	-278.5171	17.0581	0.0913	9308
hyperlight_mappo	TRAIN	176	1332.1026	0.002088	-286.3996	17.5378	0.0927	9335
hyperlight_mappo	TRAIN	177	1320.4248	0.002213	-281.6071	17.2407	0.0937	9293
hyperlight_mappo	TRAIN	178	1312.1874	0.002103	-273.8670	16.7681	0.0928	9439
hyperlight_mappo	TRAIN	179	1301.9708	0.002064	-274.1918	16.7841	0.0913	9479
