structural conditioning spec: structural_v1:in_lane_count,out_lane_count,in_degree,out_degree,node_degree,neighbor_count,phase_count,startlane_count,lanes_per_in_road,lanes_per_out_road,out_in_lane_ratio,controlled_neighbor_ratio
structural features (min/mean/max): in_lane_count[12/12.00/12] out_lane_count[12/12.00/12] in_degree[4/4.00/4] out_degree[4/4.00/4] node_degree[8/8.00/8] neighbor_count[2/3.64/4] phase_count[8/8.00/8] startlane_count[12/12.00/12] lanes_per_in_road[3/3.00/3] lanes_per_out_road[3/3.00/3] out_in_lane_ratio[1/1.00/1] controlled_neighbor_ratio[0.5/0.91/1]
Resumed training from episode 25; continuing through episode 249
step:3600/3600, q_loss:0.0015247530956396167, rewards:-293.7359924316406, queue:17.984113693237305, delay:0.10569991916418076, throughput:8890
episode:25/250, real avg travel time:1389.8390391526386
Test step:25/250, travel time :1456.993127797743, rewards:-344.1028747558594, queue:21.095890045166016, delay:0.12905272841453552, throughput:8754
New best TEST travel time 1456.9931 at episode 25, saved as best checkpoint
step:3600/3600, q_loss:0.0017146573793272385, rewards:-305.45343017578125, queue:18.706802368164062, delay:0.10672176629304886, throughput:8858
episode:26/250, real avg travel time:1409.587415673665
step:3600/3600, q_loss:0.0015814340308331596, rewards:-294.7604064941406, queue:18.04668426513672, delay:0.10404428094625473, throughput:8853
episode:27/250, real avg travel time:1388.3882479036631
step:3600/3600, q_loss:0.0015683167016156661, rewards:-301.8028259277344, queue:18.48041343688965, delay:0.10577137768268585, throughput:8862
episode:28/250, real avg travel time:1394.8995649706828
step:3600/3600, q_loss:0.001561790888692126, rewards:-290.6507263183594, queue:17.79295539855957, delay:0.10353148728609085, throughput:8965
episode:29/250, real avg travel time:1371.1095139020238
step:3600/3600, q_loss:0.00159623524185592, rewards:-294.2577819824219, queue:18.01673698425293, delay:0.10418400168418884, throughput:8947
episode:30/250, real avg travel time:1377.8522161276087
Test step:30/250, travel time :1452.5691318327974, rewards:-347.7520751953125, queue:21.312314987182617, delay:0.12210896611213684, throughput:8891
New best TEST travel time 1452.5691 at episode 30, saved as best checkpoint
step:3600/3600, q_loss:0.0015605428572284218, rewards:-298.71697998046875, queue:18.290348052978516, delay:0.10292378067970276, throughput:8928
episode:31/250, real avg travel time:1380.9419330433138
step:3600/3600, q_loss:0.0015900807193606906, rewards:-305.76849365234375, queue:18.722265243530273, delay:0.10330066084861755, throughput:8818
episode:32/250, real avg travel time:1397.1215560179055
step:3600/3600, q_loss:0.0015657016975851154, rewards:-296.39300537109375, queue:18.146230697631836, delay:0.1013428270816803, throughput:8799
episode:33/250, real avg travel time:1377.2188386608664
step:3600/3600, q_loss:0.0015331390072350149, rewards:-297.0994567871094, queue:18.18683433532715, delay:0.10144339501857758, throughput:8755
episode:34/250, real avg travel time:1389.0003782863628
step:3600/3600, q_loss:0.0016066032881492081, rewards:-296.11151123046875, queue:18.13048553466797, delay:0.10184608399868011, throughput:8909
episode:35/250, real avg travel time:1373.6737280121051
Test step:35/250, travel time :1453.4082970808902, rewards:-341.11566162109375, queue:20.90276336669922, delay:0.1180553063750267, throughput:8588
step:3600/3600, q_loss:0.0016774593961689575, rewards:-297.4601745605469, queue:18.211763381958008, delay:0.10150250792503357, throughput:9044
episode:36/250, real avg travel time:1373.9122375638358
step:3600/3600, q_loss:0.0015483707310286936, rewards:-302.0057373046875, queue:18.49148178100586, delay:0.10115063190460205, throughput:8800
episode:37/250, real avg travel time:1382.7232204779018
step:3600/3600, q_loss:0.0015731395578678744, rewards:-293.9958801269531, queue:18.000099182128906, delay:0.09997487813234329, throughput:9001
episode:38/250, real avg travel time:1369.4797301557278
step:3600/3600, q_loss:0.0015542482370855632, rewards:-303.1817932128906, queue:18.5683536529541, delay:0.09967085719108582, throughput:8891
episode:39/250, real avg travel time:1373.1112792383835
step:3600/3600, q_loss:0.0016096989831162823, rewards:-297.8393249511719, queue:18.23833656311035, delay:0.10111556202173233, throughput:8961
episode:40/250, real avg travel time:1371.1677700018915
Test step:40/250, travel time :1419.9416808524052, rewards:-337.69183349609375, queue:20.69383430480957, delay:0.11452672630548477, throughput:8759
New best TEST travel time 1419.9417 at episode 40, saved as best checkpoint
step:3600/3600, q_loss:0.0015474007229240219, rewards:-300.26812744140625, queue:18.387174606323242, delay:0.09874952584505081, throughput:8909
episode:41/250, real avg travel time:1376.7270033415296
step:3600/3600, q_loss:0.001675043718452439, rewards:-300.5176086425781, queue:18.401870727539062, delay:0.09946751594543457, throughput:8616
episode:42/250, real avg travel time:1385.9945778954668
step:3600/3600, q_loss:0.0016070573648184906, rewards:-290.3181457519531, queue:17.77633285522461, delay:0.09880954027175903, throughput:8789
episode:43/250, real avg travel time:1359.2323939221992
step:3600/3600, q_loss:0.0016665630732421522, rewards:-312.648193359375, queue:19.14934730529785, delay:0.10027869045734406, throughput:8761
episode:44/250, real avg travel time:1408.9392850387744
step:3600/3600, q_loss:0.0016075304881842047, rewards:-302.8680114746094, queue:18.54623031616211, delay:0.09874395281076431, throughput:8906
episode:45/250, real avg travel time:1374.3712880650653
Test step:45/250, travel time :1397.8483702162537, rewards:-318.8258972167969, queue:19.53436851501465, delay:0.11301834136247635, throughput:8716
New best TEST travel time 1397.8484 at episode 45, saved as best checkpoint
step:3600/3600, q_loss:0.0015676359600031082, rewards:-291.60491943359375, queue:17.853727340698242, delay:0.096250019967556, throughput:8746
episode:46/250, real avg travel time:1368.017464220415
step:3600/3600, q_loss:0.0015881410133047605, rewards:-291.79608154296875, queue:17.86792755126953, delay:0.09878420829772949, throughput:8876
episode:47/250, real avg travel time:1356.769623605069
step:3600/3600, q_loss:0.0016649454418155882, rewards:-286.716796875, queue:17.55144500732422, delay:0.09805751591920853, throughput:8978
episode:48/250, real avg travel time:1353.3075468129373
step:3600/3600, q_loss:0.001645358824343593, rewards:-283.7060852050781, queue:17.367630004882812, delay:0.09706956893205643, throughput:8992
episode:49/250, real avg travel time:1342.720509425635
step:3600/3600, q_loss:0.0017467540959011257, rewards:-297.5252685546875, queue:18.22002601623535, delay:0.09668075293302536, throughput:8947
episode:50/250, real avg travel time:1366.103776558855
Test step:50/250, travel time :1385.6227224008574, rewards:-314.4590148925781, queue:19.266157150268555, delay:0.10480819642543793, throughput:8625
New best TEST travel time 1385.6227 at episode 50, saved as best checkpoint
step:3600/3600, q_loss:0.001922842383062766, rewards:-292.4987487792969, queue:17.91177749633789, delay:0.09551353752613068, throughput:8854
episode:51/250, real avg travel time:1370.3163734947354
step:3600/3600, q_loss:0.0016345870962803377, rewards:-300.5456237792969, queue:18.405242919921875, delay:0.09614762663841248, throughput:8694
episode:52/250, real avg travel time:1381.5951074963748
step:3600/3600, q_loss:0.0016557915320183024, rewards:-299.7727355957031, queue:18.35731315612793, delay:0.09586023539304733, throughput:8740
episode:53/250, real avg travel time:1375.507534203392
step:3600/3600, q_loss:0.0016450800030365772, rewards:-287.3719482421875, queue:17.595294952392578, delay:0.09520367532968521, throughput:8804
episode:54/250, real avg travel time:1358.5019229556774
step:3600/3600, q_loss:0.001884916965148331, rewards:-293.0580749511719, queue:17.9465274810791, delay:0.09578769654035568, throughput:8798
episode:55/250, real avg travel time:1370.6690624802975
Test step:55/250, travel time :1383.6177416304142, rewards:-313.41851806640625, queue:19.202608108520508, delay:0.10167521238327026, throughput:8737
New best TEST travel time 1383.6177 at episode 55, saved as best checkpoint
step:3600/3600, q_loss:0.0017956262695844527, rewards:-299.0596923828125, queue:18.31374740600586, delay:0.09606442600488663, throughput:8747
episode:56/250, real avg travel time:1383.0756572725554
step:3600/3600, q_loss:0.0018667733089791404, rewards:-291.4008483886719, queue:17.841312408447266, delay:0.09476092457771301, throughput:8840
episode:57/250, real avg travel time:1357.56995145325
step:3600/3600, q_loss:0.0019337970935912044, rewards:-299.2951965332031, queue:18.328670501708984, delay:0.09586375206708908, throughput:8800
episode:58/250, real avg travel time:1381.1341025156044
step:3600/3600, q_loss:0.002043328864246975, rewards:-304.88299560546875, queue:18.672435760498047, delay:0.09668225049972534, throughput:8640
episode:59/250, real avg travel time:1392.2856062038964
step:3600/3600, q_loss:0.0021731548540202188, rewards:-298.4043273925781, queue:18.271656036376953, delay:0.09523577243089676, throughput:8817
episode:60/250, real avg travel time:1385.1250236428978
Test step:60/250, travel time :1409.5272681419835, rewards:-327.8832702636719, queue:20.090829849243164, delay:0.10126276314258575, throughput:8620
step:3600/3600, q_loss:0.0018993467811127137, rewards:-290.26922607421875, queue:17.774744033813477, delay:0.09398794919252396, throughput:8792
episode:61/250, real avg travel time:1362.3248849378979
step:3600/3600, q_loss:0.0018289925220112005, rewards:-296.8041076660156, queue:18.174419403076172, delay:0.09479308873414993, throughput:8771
episode:62/250, real avg travel time:1374.9500662001135
step:3600/3600, q_loss:0.001957239657870413, rewards:-291.79241943359375, queue:17.865262985229492, delay:0.0958939790725708, throughput:8739
episode:63/250, real avg travel time:1371.2861736334405
step:3600/3600, q_loss:0.0018429945642703476, rewards:-297.43072509765625, queue:18.213577270507812, delay:0.0942595824599266, throughput:8611
episode:64/250, real avg travel time:1385.0958325452368
step:3600/3600, q_loss:0.001902700800816586, rewards:-299.66546630859375, queue:18.349716186523438, delay:0.09385696053504944, throughput:8438
episode:65/250, real avg travel time:1386.0884559611627
Test step:65/250, travel time :1413.742828321039, rewards:-319.8712463378906, queue:19.5976619720459, delay:0.10560962557792664, throughput:8523
step:3600/3600, q_loss:0.0020972883489764767, rewards:-286.8489685058594, queue:17.562458038330078, delay:0.09332315623760223, throughput:8682
episode:66/250, real avg travel time:1355.683374314356
step:3600/3600, q_loss:0.0021972717412597972, rewards:-296.6180114746094, queue:18.16493797302246, delay:0.09343317896127701, throughput:8718
episode:67/250, real avg travel time:1372.3788537923208
step:3600/3600, q_loss:0.0021382843431683235, rewards:-287.0082092285156, queue:17.56989860534668, delay:0.09486916661262512, throughput:9008
episode:68/250, real avg travel time:1347.0829708089022
step:3600/3600, q_loss:0.002071521293233942, rewards:-286.04376220703125, queue:17.51120948791504, delay:0.09393032640218735, throughput:8946
episode:69/250, real avg travel time:1344.0359372044638
step:3600/3600, q_loss:0.0020842445324416514, rewards:-304.0400695800781, queue:18.618154525756836, delay:0.09640119224786758, throughput:8774
episode:70/250, real avg travel time:1383.3540129878318
Test step:70/250, travel time :1395.2515604312464, rewards:-323.4273986816406, queue:19.818708419799805, delay:0.10850656032562256, throughput:8768
step:3600/3600, q_loss:0.0021861786977100516, rewards:-298.5123291015625, queue:18.27701187133789, delay:0.09582086652517319, throughput:8862
episode:71/250, real avg travel time:1379.0594540066832
step:3600/3600, q_loss:0.0020172415410432917, rewards:-286.89453125, queue:17.56441307067871, delay:0.0964050441980362, throughput:8785
episode:72/250, real avg travel time:1353.6951011916021
step:3600/3600, q_loss:0.0020672959677967024, rewards:-283.69677734375, queue:17.368947982788086, delay:0.09297710657119751, throughput:8669
episode:73/250, real avg travel time:1344.0754050816467
step:3600/3600, q_loss:0.0020311374383990043, rewards:-305.5502014160156, queue:18.709354400634766, delay:0.09655269235372543, throughput:8730
episode:74/250, real avg travel time:1384.031586911292
step:3600/3600, q_loss:0.0019266523116118746, rewards:-291.02252197265625, queue:17.816822052001953, delay:0.09573405981063843, throughput:8856
episode:75/250, real avg travel time:1349.1303196519766
Test step:75/250, travel time :1402.8640060525818, rewards:-330.3441467285156, queue:20.242616653442383, delay:0.10835125297307968, throughput:8886
step:3600/3600, q_loss:0.0018824039872183842, rewards:-301.1157531738281, queue:18.44020652770996, delay:0.09477297216653824, throughput:8699
episode:76/250, real avg travel time:1378.0487989407982
step:3600/3600, q_loss:0.001868361187523898, rewards:-291.86614990234375, queue:17.86695098876953, delay:0.09464424848556519, throughput:8863
episode:77/250, real avg travel time:1352.3658659605321
step:3600/3600, q_loss:0.001837391583363951, rewards:-302.79376220703125, queue:18.540037155151367, delay:0.09653880447149277, throughput:8951
episode:78/250, real avg travel time:1376.2356724040098
step:3600/3600, q_loss:0.0018555862397921308, rewards:-302.7115783691406, queue:18.537302017211914, delay:0.09586957842111588, throughput:8764
episode:79/250, real avg travel time:1381.3008637538617
step:3600/3600, q_loss:0.002105523863761329, rewards:-288.1164855957031, queue:17.63873291015625, delay:0.09429734945297241, throughput:8936
episode:80/250, real avg travel time:1353.8897295252507
Test step:80/250, travel time :1392.8824159889036, rewards:-312.3874206542969, queue:19.141653060913086, delay:0.10333837568759918, throughput:8720
step:3600/3600, q_loss:0.0018010455522870208, rewards:-302.1059875488281, queue:18.499135971069336, delay:0.09525463730096817, throughput:8797
episode:81/250, real avg travel time:1374.009204968161
step:3600/3600, q_loss:0.0018248275020102292, rewards:-303.837890625, queue:18.60545539855957, delay:0.09596376121044159, throughput:8804
episode:82/250, real avg travel time:1378.385284660488
step:3600/3600, q_loss:0.0018419507494265282, rewards:-299.61260986328125, queue:18.344274520874023, delay:0.09639020264148712, throughput:8850
episode:83/250, real avg travel time:1366.6956686211463
step:3600/3600, q_loss:0.002007062429631198, rewards:-293.9455871582031, queue:17.99761962890625, delay:0.09494470059871674, throughput:8916
episode:84/250, real avg travel time:1359.143748817855
step:3600/3600, q_loss:0.0019702792265394956, rewards:-288.4031066894531, queue:17.655315399169922, delay:0.09355722367763519, throughput:8781
episode:85/250, real avg travel time:1351.1345438496942
Test step:85/250, travel time :1307.2884433516172, rewards:-282.7117004394531, queue:17.318721771240234, delay:0.102582648396492, throughput:9257
New best TEST travel time 1307.2884 at episode 85, saved as best checkpoint
step:3600/3600, q_loss:0.0018259563925963494, rewards:-304.71759033203125, queue:18.661579132080078, delay:0.09537333995103836, throughput:8877
episode:86/250, real avg travel time:1376.4538175398777
step:3600/3600, q_loss:0.002031412069329325, rewards:-294.63104248046875, queue:18.0427303314209, delay:0.09523899853229523, throughput:8832
episode:87/250, real avg travel time:1368.199672151819
step:3600/3600, q_loss:0.001980026565308188, rewards:-298.7716064453125, queue:18.294912338256836, delay:0.09588697552680969, throughput:8809
episode:88/250, real avg travel time:1361.1912237563836
step:3600/3600, q_loss:0.0018839591136777106, rewards:-295.4545593261719, queue:18.092445373535156, delay:0.0947488322854042, throughput:8862
episode:89/250, real avg travel time:1351.7251749574427
step:3600/3600, q_loss:0.0019680054156960528, rewards:-298.36126708984375, queue:18.27018165588379, delay:0.09663921594619751, throughput:8954
episode:90/250, real avg travel time:1358.1897736586595
Test step:90/250, travel time :1336.2559737721456, rewards:-296.9205322265625, queue:18.18813705444336, delay:0.10029301047325134, throughput:9051
step:3600/3600, q_loss:0.001956826980214244, rewards:-299.3572998046875, queue:18.32796287536621, delay:0.09479880332946777, throughput:8580
episode:91/250, real avg travel time:1388.2588739675934
step:3600/3600, q_loss:0.0022081673426990523, rewards:-296.963134765625, queue:18.18149185180664, delay:0.09542204439640045, throughput:8710
episode:92/250, real avg travel time:1380.2509930017022
step:3600/3600, q_loss:0.002188961383783155, rewards:-303.2978210449219, queue:18.57227897644043, delay:0.09680955111980438, throughput:8761
episode:93/250, real avg travel time:1382.7977428913687
step:3600/3600, q_loss:0.001925582154136565, rewards:-292.08245849609375, queue:17.88449478149414, delay:0.09418558329343796, throughput:8749
episode:94/250, real avg travel time:1367.2334657335603
step:3600/3600, q_loss:0.002062117177303191, rewards:-288.7249450683594, queue:17.675722122192383, delay:0.09377307444810867, throughput:8994
episode:95/250, real avg travel time:1351.2649895971251
Test step:95/250, travel time :1369.2263413403946, rewards:-301.67041015625, queue:18.479719161987305, delay:0.1035662591457367, throughput:8637
step:3600/3600, q_loss:0.0019688923383292594, rewards:-294.336181640625, queue:18.02159881591797, delay:0.0937078595161438, throughput:8684
episode:96/250, real avg travel time:1369.5394363533194
step:3600/3600, q_loss:0.0019338288028253083, rewards:-298.77459716796875, queue:18.29328155517578, delay:0.09281111508607864, throughput:8609
episode:97/250, real avg travel time:1376.1170796292793
step:3600/3600, q_loss:0.0019044663285675608, rewards:-298.33026123046875, queue:18.2667236328125, delay:0.09571660310029984, throughput:8747
episode:98/250, real avg travel time:1381.2432381312653
step:3600/3600, q_loss:0.001931104743508277, rewards:-299.2235107421875, queue:18.320791244506836, delay:0.09345164895057678, throughput:8788
episode:99/250, real avg travel time:1379.676565159826
step:3600/3600, q_loss:0.0019702654280182386, rewards:-305.2983093261719, queue:18.695606231689453, delay:0.09479626268148422, throughput:8703
episode:100/250, real avg travel time:1398.7930773595613
Test step:100/250, travel time :1383.4324443603807, rewards:-303.5755920410156, queue:18.597902297973633, delay:0.09917470812797546, throughput:8572
step:3600/3600, q_loss:0.0018210875152115836, rewards:-303.92913818359375, queue:18.61316680908203, delay:0.09401456266641617, throughput:8630
episode:101/250, real avg travel time:1391.1577454132778
step:3600/3600, q_loss:0.001737477840786731, rewards:-295.0347595214844, queue:18.06533432006836, delay:0.09415678679943085, throughput:8630
episode:102/250, real avg travel time:1375.331126662884
step:3600/3600, q_loss:0.0018856041213888446, rewards:-291.6015625, queue:17.849319458007812, delay:0.09426186233758926, throughput:8714
episode:103/250, real avg travel time:1383.2084357858898
step:3600/3600, q_loss:0.0020878054454554745, rewards:-287.2402038574219, queue:17.586421966552734, delay:0.09287232905626297, throughput:8909
episode:104/250, real avg travel time:1350.2350419267386
step:3600/3600, q_loss:0.002105704541490586, rewards:-281.2598571777344, queue:17.215490341186523, delay:0.09413499385118484, throughput:8889
episode:105/250, real avg travel time:1343.5928377781981
Test step:105/250, travel time :1334.5189458420025, rewards:-286.94122314453125, queue:17.579294204711914, delay:0.0963098332285881, throughput:8886
step:3600/3600, q_loss:0.0021887882670134674, rewards:-292.3241271972656, queue:17.894926071166992, delay:0.09599795937538147, throughput:9070
episode:106/250, real avg travel time:1373.9348086501482
step:3600/3600, q_loss:0.0018502574471503863, rewards:-288.6055908203125, queue:17.67127227783203, delay:0.09319114685058594, throughput:8747
episode:107/250, real avg travel time:1359.2549019607843
step:3600/3600, q_loss:0.001982524277596378, rewards:-288.8074951171875, queue:17.680753707885742, delay:0.09386300295591354, throughput:8739
episode:108/250, real avg travel time:1365.1968980518252
step:3600/3600, q_loss:0.0020075844968726604, rewards:-280.8857727050781, queue:17.195096969604492, delay:0.09098061174154282, throughput:8694
episode:109/250, real avg travel time:1367.9709349977934
step:3600/3600, q_loss:0.0019875135738402607, rewards:-294.1747741699219, queue:18.012401580810547, delay:0.0959746465086937, throughput:8830
episode:110/250, real avg travel time:1375.2431750835383
Test step:110/250, travel time :1332.1493600655697, rewards:-277.7803039550781, queue:17.016525268554688, delay:0.09565086662769318, throughput:8820
step:3600/3600, q_loss:0.002041740208450291, rewards:-295.5302429199219, queue:18.094926834106445, delay:0.09334929287433624, throughput:8767
episode:111/250, real avg travel time:1379.6068974213479
step:3600/3600, q_loss:0.001978310307970753, rewards:-297.2651062011719, queue:18.201955795288086, delay:0.09314367175102234, throughput:8642
episode:112/250, real avg travel time:1388.4004791627262
step:3600/3600, q_loss:0.0018781370448845403, rewards:-293.06201171875, queue:17.94557762145996, delay:0.09369071573019028, throughput:8773
episode:113/250, real avg travel time:1378.623037639493
step:3600/3600, q_loss:0.0020316062759562037, rewards:-303.0318298339844, queue:18.559253692626953, delay:0.09473341703414917, throughput:8709
episode:114/250, real avg travel time:1397.9733938591514
step:3600/3600, q_loss:0.0021207759559246494, rewards:-287.8038330078125, queue:17.622831344604492, delay:0.09426207095384598, throughput:8832
episode:115/250, real avg travel time:1367.0656326839417
Test step:115/250, travel time :1404.6272618372109, rewards:-295.51043701171875, queue:18.106292724609375, delay:0.09786467254161835, throughput:8111
step:3600/3600, q_loss:0.0021676781115892493, rewards:-290.21978759765625, queue:17.76954460144043, delay:0.09551496803760529, throughput:8911
episode:116/250, real avg travel time:1366.2940545993317
step:3600/3600, q_loss:0.0018105797118932745, rewards:-294.90386962890625, queue:18.058063507080078, delay:0.09544286131858826, throughput:8635
episode:117/250, real avg travel time:1378.0387743521846
step:3600/3600, q_loss:0.0019389932371537994, rewards:-299.3502197265625, queue:18.329776763916016, delay:0.09464206546545029, throughput:8738
episode:118/250, real avg travel time:1381.8283840867537
step:3600/3600, q_loss:0.001841707388513986, rewards:-302.8018798828125, queue:18.543537139892578, delay:0.09475898742675781, throughput:8585
episode:119/250, real avg travel time:1395.0699199293865
step:3600/3600, q_loss:0.0019336160766765661, rewards:-287.94842529296875, queue:17.630640029907227, delay:0.09314482659101486, throughput:8645
episode:120/250, real avg travel time:1366.0422419771767
Test step:120/250, travel time :1429.2935502175146, rewards:-310.2084045410156, queue:19.004974365234375, delay:0.09885720163583755, throughput:8274
step:3600/3600, q_loss:0.0019318054332455366, rewards:-291.86480712890625, queue:17.87200927734375, delay:0.0940086767077446, throughput:8709
episode:121/250, real avg travel time:1382.9310257865204
step:3600/3600, q_loss:0.0017996429465711116, rewards:-291.81805419921875, queue:17.86713409423828, delay:0.09404399245977402, throughput:8636
episode:122/250, real avg travel time:1363.0698568816595
step:3600/3600, q_loss:0.0019281748199352514, rewards:-294.4135437011719, queue:18.028940200805664, delay:0.09299886971712112, throughput:8736
episode:123/250, real avg travel time:1369.4834499716285
step:3600/3600, q_loss:0.0018911271568755677, rewards:-292.0341491699219, queue:17.88132095336914, delay:0.09448956698179245, throughput:8726
episode:124/250, real avg travel time:1374.9636845091734
step:3600/3600, q_loss:0.00180928240944114, rewards:-299.6963195800781, queue:18.35259437561035, delay:0.09501231461763382, throughput:8711
episode:125/250, real avg travel time:1388.7884118277536
Test step:125/250, travel time :1480.0658848748503, rewards:-325.9671936035156, queue:19.971797943115234, delay:0.09853078424930573, throughput:8087
step:3600/3600, q_loss:0.001956219257165988, rewards:-288.47607421875, queue:17.665546417236328, delay:0.09330226480960846, throughput:8634
episode:126/250, real avg travel time:1368.2404640312716
step:3600/3600, q_loss:0.0017816027143487225, rewards:-294.2198791503906, queue:18.015914916992188, delay:0.09316637367010117, throughput:8521
episode:127/250, real avg travel time:1389.3455645923964
step:3600/3600, q_loss:0.0017966463247797001, rewards:-294.42791748046875, queue:18.028400421142578, delay:0.09121550619602203, throughput:8367
episode:128/250, real avg travel time:1397.5571527646428
step:3600/3600, q_loss:0.001810940093487317, rewards:-298.8482666015625, queue:18.30082130432129, delay:0.09451285749673843, throughput:8495
episode:129/250, real avg travel time:1408.048168463527
step:3600/3600, q_loss:0.0019361586080013234, rewards:-297.2207336425781, queue:18.197193145751953, delay:0.0948774516582489, throughput:8618
episode:130/250, real avg travel time:1405.445747430805
Test step:130/250, travel time :1398.5205850829077, rewards:-297.8216857910156, queue:18.242460250854492, delay:0.09401363879442215, throughput:8359
step:3600/3600, q_loss:0.0017971421488457255, rewards:-302.5009460449219, queue:18.52417755126953, delay:0.09290238469839096, throughput:8334
episode:131/250, real avg travel time:1416.605005989534
step:3600/3600, q_loss:0.002037078740052235, rewards:-286.7436828613281, queue:17.557893753051758, delay:0.09386240690946579, throughput:8865
episode:132/250, real avg travel time:1364.6726562007439
step:3600/3600, q_loss:0.0019106904602391116, rewards:-289.1241455078125, queue:17.701969146728516, delay:0.09404052793979645, throughput:8719
episode:133/250, real avg travel time:1364.977491961415
step:3600/3600, q_loss:0.0019863486933855362, rewards:-288.693115234375, queue:17.678443908691406, delay:0.09429001063108444, throughput:8684
episode:134/250, real avg travel time:1378.69119223252
step:3600/3600, q_loss:0.0019385365378341555, rewards:-284.7835388183594, queue:17.433574676513672, delay:0.09207692742347717, throughput:8748
episode:135/250, real avg travel time:1352.2111468381565
Test step:135/250, travel time :1334.6973709097788, rewards:-271.2854309082031, queue:16.617219924926758, delay:0.09195566177368164, throughput:8808
step:3600/3600, q_loss:0.0019287615382101064, rewards:-284.2377624511719, queue:17.403968811035156, delay:0.09108417481184006, throughput:8762
episode:136/250, real avg travel time:1350.5983229304584
step:3600/3600, q_loss:0.001956811807129854, rewards:-281.5216064453125, queue:17.234127044677734, delay:0.0919228047132492, throughput:8794
episode:137/250, real avg travel time:1345.4878002648004
step:3600/3600, q_loss:0.0018653135700726214, rewards:-284.8065185546875, queue:17.44083023071289, delay:0.09184684604406357, throughput:8685
episode:138/250, real avg travel time:1362.6060778008953
step:3600/3600, q_loss:0.001968875467593287, rewards:-272.7165222167969, queue:16.697093963623047, delay:0.09109047800302505, throughput:8887
episode:139/250, real avg travel time:1340.4338314103777
step:3600/3600, q_loss:0.0019276270798097054, rewards:-296.7043762207031, queue:18.168622970581055, delay:0.09306410700082779, throughput:8739
episode:140/250, real avg travel time:1365.3781602673223
Test step:140/250, travel time :1331.237752979005, rewards:-284.0992736816406, queue:17.400623321533203, delay:0.0956263467669487, throughput:8814
step:3600/3600, q_loss:0.002128994644240097, rewards:-273.9554748535156, queue:16.771682739257812, delay:0.09175059199333191, throughput:9124
episode:141/250, real avg travel time:1317.5156043124646
step:3600/3600, q_loss:0.002016760159375859, rewards:-272.4894104003906, queue:16.679393768310547, delay:0.09213296324014664, throughput:9046
episode:142/250, real avg travel time:1318.8682932980266
step:3600/3600, q_loss:0.001796482136634029, rewards:-280.7304992675781, queue:17.18638038635254, delay:0.09232494980096817, throughput:8726
episode:143/250, real avg travel time:1347.0310194817478
step:3600/3600, q_loss:0.001898089344440787, rewards:-274.5750427246094, queue:16.809566497802734, delay:0.09099886566400528, throughput:9107
episode:144/250, real avg travel time:1330.6986949120485
step:3600/3600, q_loss:0.0018128192581144378, rewards:-275.3451232910156, queue:16.853515625, delay:0.09186242520809174, throughput:8752
episode:145/250, real avg travel time:1335.331252758338
Test step:145/250, travel time :1287.1521972132905, rewards:-262.30938720703125, queue:16.063804626464844, delay:0.09198477119207382, throughput:9235
New best TEST travel time 1287.1522 at episode 145, saved as best checkpoint
step:3600/3600, q_loss:0.0017776873428374529, rewards:-273.3645324707031, queue:16.73548698425293, delay:0.0906839445233345, throughput:8980
episode:146/250, real avg travel time:1333.341907824223
step:3600/3600, q_loss:0.001642857721351363, rewards:-268.8789978027344, queue:16.458885192871094, delay:0.09074888378381729, throughput:8985
episode:147/250, real avg travel time:1314.6869049870752
step:3600/3600, q_loss:0.0018601524827564942, rewards:-274.2582702636719, queue:16.78945541381836, delay:0.0921081155538559, throughput:9059
episode:148/250, real avg travel time:1337.175335729147
step:3600/3600, q_loss:0.0019210502798496574, rewards:-260.5408630371094, queue:15.94760513305664, delay:0.09099584817886353, throughput:9518
episode:149/250, real avg travel time:1294.3163734947354
step:3600/3600, q_loss:0.001884553241715939, rewards:-263.2930908203125, queue:16.11693572998047, delay:0.09112200140953064, throughput:9360
episode:150/250, real avg travel time:1289.2843452493537
Test step:150/250, travel time :1332.8629342412205, rewards:-280.29931640625, queue:17.16805648803711, delay:0.09317001700401306, throughput:9208
step:3600/3600, q_loss:0.0020255374388746276, rewards:-284.8268127441406, queue:17.44019317626953, delay:0.09374832361936569, throughput:9207
episode:151/250, real avg travel time:1335.551352373747
step:3600/3600, q_loss:0.0022097024491723673, rewards:-270.5466003417969, queue:16.559906005859375, delay:0.09117947518825531, throughput:9258
episode:152/250, real avg travel time:1314.376079692327
step:3600/3600, q_loss:0.002110081859346893, rewards:-256.5595703125, queue:15.700921058654785, delay:0.09094402194023132, throughput:9357
episode:153/250, real avg travel time:1285.1395246201375
step:3600/3600, q_loss:0.002121046695996214, rewards:-269.5611572265625, queue:16.50033950805664, delay:0.09090482443571091, throughput:9148
episode:154/250, real avg travel time:1303.1244562133536
step:3600/3600, q_loss:0.0021011621104898275, rewards:-252.26788330078125, queue:15.436097145080566, delay:0.09078512340784073, throughput:9641
episode:155/250, real avg travel time:1280.4830716852657
Test step:155/250, travel time :1307.2803732425446, rewards:-267.9467468261719, queue:16.408588409423828, delay:0.08954154700040817, throughput:9238
step:3600/3600, q_loss:0.0020018343767726128, rewards:-265.0675964355469, queue:16.22475814819336, delay:0.09056715667247772, throughput:9268
episode:156/250, real avg travel time:1301.3347834310573
step:3600/3600, q_loss:0.0022712702403005994, rewards:-265.5280456542969, queue:16.25270652770996, delay:0.09033708274364471, throughput:9408
episode:157/250, real avg travel time:1292.0843578588992
step:3600/3600, q_loss:0.0022908178916959854, rewards:-255.646240234375, queue:15.646782875061035, delay:0.08991082012653351, throughput:9549
episode:158/250, real avg travel time:1274.5409494987705
step:3600/3600, q_loss:0.002189874665144785, rewards:-260.47613525390625, queue:15.944231986999512, delay:0.0906899943947792, throughput:9417
episode:159/250, real avg travel time:1282.371225017338
step:3600/3600, q_loss:0.002107704763105254, rewards:-256.6718444824219, queue:15.710898399353027, delay:0.090388223528862, throughput:9615
episode:160/250, real avg travel time:1277.6505264485215
Test step:160/250, travel time :1331.8632494798562, rewards:-280.4094543457031, queue:17.176998138427734, delay:0.09737864881753922, throughput:9392
step:3600/3600, q_loss:0.002113315962071036, rewards:-269.51544189453125, queue:16.49920654296875, delay:0.09220463037490845, throughput:9608
episode:161/250, real avg travel time:1302.5831914759474
step:3600/3600, q_loss:0.002011475403919632, rewards:-254.57626342773438, queue:15.578259468078613, delay:0.09136402606964111, throughput:9549
episode:162/250, real avg travel time:1268.245570897169
step:3600/3600, q_loss:0.0020843981977920105, rewards:-267.72821044921875, queue:16.388534545898438, delay:0.09221870452165604, throughput:9512
episode:163/250, real avg travel time:1298.5681230691634
step:3600/3600, q_loss:0.0020041618162743103, rewards:-265.98455810546875, queue:16.280441284179688, delay:0.09125246852636337, throughput:9398
episode:164/250, real avg travel time:1294.9541012546497
step:3600/3600, q_loss:0.002260242802677331, rewards:-256.7247009277344, queue:15.711734771728516, delay:0.09105886518955231, throughput:9476
episode:165/250, real avg travel time:1281.4796671080007
Test step:165/250, travel time :1317.4321291217452, rewards:-278.8913269042969, queue:17.081844329833984, delay:0.09971363097429276, throughput:9335
step:3600/3600, q_loss:0.0020654069466723335, rewards:-271.0123596191406, queue:16.591751098632812, delay:0.09187524020671844, throughput:9441
episode:166/250, real avg travel time:1299.2285480108442
step:3600/3600, q_loss:0.002135404600635355, rewards:-273.61566162109375, queue:16.751304626464844, delay:0.09205958992242813, throughput:9315
episode:167/250, real avg travel time:1311.2081205472543
step:3600/3600, q_loss:0.002166139058492802, rewards:-269.4121398925781, queue:16.494869232177734, delay:0.09069320559501648, throughput:9190
episode:168/250, real avg travel time:1298.5843893827628
step:3600/3600, q_loss:0.001996976882794205, rewards:-269.6293029785156, queue:16.507965087890625, delay:0.0907726064324379, throughput:9361
episode:169/250, real avg travel time:1296.863123384402
step:3600/3600, q_loss:0.002091163557804661, rewards:-272.8651428222656, queue:16.706562042236328, delay:0.09069027006626129, throughput:9313
episode:170/250, real avg travel time:1302.026732236303
Test step:170/250, travel time :1265.2143622722401, rewards:-253.90235900878906, queue:15.548213958740234, delay:0.0908893495798111, throughput:9869
New best TEST travel time 1265.2144 at episode 170, saved as best checkpoint
step:3600/3600, q_loss:0.001980090379301045, rewards:-270.21295166015625, queue:16.540773391723633, delay:0.09010525792837143, throughput:9250
episode:171/250, real avg travel time:1291.2733749448332
step:3600/3600, q_loss:0.0020749897431628205, rewards:-283.8410949707031, queue:17.381689071655273, delay:0.09315073490142822, throughput:9332
episode:172/250, real avg travel time:1335.1516928314734
step:3600/3600, q_loss:0.001998011851798237, rewards:-280.9754638671875, queue:17.20514488220215, delay:0.09179174154996872, throughput:9264
episode:173/250, real avg travel time:1315.0551667612383
step:3600/3600, q_loss:0.002038396251629348, rewards:-273.5234680175781, queue:16.744216918945312, delay:0.09176222234964371, throughput:9493
episode:174/250, real avg travel time:1305.3927242922894
step:3600/3600, q_loss:0.002010486719922887, rewards:-280.8945617675781, queue:17.198015213012695, delay:0.09196289628744125, throughput:9296
episode:175/250, real avg travel time:1313.346888594666
Test step:175/250, travel time :1302.9071306979383, rewards:-278.5170593261719, queue:17.058107376098633, delay:0.09131640195846558, throughput:9308
step:3600/3600, q_loss:0.0020879631505612236, rewards:-286.3995666503906, queue:17.537797927856445, delay:0.09267424792051315, throughput:9335
episode:176/250, real avg travel time:1332.1026416997668
step:3600/3600, q_loss:0.0022134000217013156, rewards:-281.6071472167969, queue:17.240745544433594, delay:0.09374083578586578, throughput:9293
episode:177/250, real avg travel time:1320.4248155853982
step:3600/3600, q_loss:0.0021027939037684307, rewards:-273.8670349121094, queue:16.768098831176758, delay:0.0928056538105011, throughput:9439
episode:178/250, real avg travel time:1312.1873778450288
step:3600/3600, q_loss:0.002063958252561681, rewards:-274.1917724609375, queue:16.78412628173828, delay:0.0913390964269638, throughput:9479
episode:179/250, real avg travel time:1301.970808902339
