structural conditioning spec: structural_v1:in_lane_count,out_lane_count,in_degree,out_degree,node_degree,neighbor_count,phase_count,startlane_count,lanes_per_in_road,lanes_per_out_road,out_in_lane_ratio,controlled_neighbor_ratio
structural features (min/mean/max): in_lane_count[12/12.00/12] out_lane_count[12/12.00/12] in_degree[4/4.00/4] out_degree[4/4.00/4] node_degree[8/8.00/8] neighbor_count[2/3.64/4] phase_count[8/8.00/8] startlane_count[12/12.00/12] lanes_per_in_road[3/3.00/3] lanes_per_out_road[3/3.00/3] out_in_lane_ratio[1/1.00/1] controlled_neighbor_ratio[0.5/0.91/1]
Resumed training from episode 25; continuing through episode 249
step:3600/3600, q_loss:0.0016331976791268883, rewards:-312.11468505859375, queue:19.113435745239258, delay:0.10994759947061539, throughput:8678
episode:25/250, real avg travel time:1433.0139965954227
Test step:25/250, travel time :1558.2536410062417, rewards:-355.8722229003906, queue:21.825439453125, delay:0.1202055811882019, throughput:7228
New best TEST travel time 1558.2536 at episode 25, saved as best checkpoint
step:3600/3600, q_loss:0.0016579420397770995, rewards:-313.8062438964844, queue:19.215333938598633, delay:0.10781417042016983, throughput:8686
episode:26/250, real avg travel time:1430.272807515289
step:3600/3600, q_loss:0.0016692240038357767, rewards:-312.9948425292969, queue:19.167984008789062, delay:0.10769377648830414, throughput:8833
episode:27/250, real avg travel time:1428.3934178172876
step:3600/3600, q_loss:0.0015342367742567059, rewards:-308.7054748535156, queue:18.906518936157227, delay:0.10722437500953674, throughput:8723
episode:28/250, real avg travel time:1424.8667171048485
step:3600/3600, q_loss:0.0015644055814194825, rewards:-310.36444091796875, queue:19.007369995117188, delay:0.10836940258741379, throughput:8631
episode:29/250, real avg travel time:1430.1769749700522
step:3600/3600, q_loss:0.0016315454726371869, rewards:-312.47735595703125, queue:19.136423110961914, delay:0.1049182340502739, throughput:8691
episode:30/250, real avg travel time:1424.8785070298215
Test step:30/250, travel time :1498.0486097976168, rewards:-339.31243896484375, queue:20.803245544433594, delay:0.12039746344089508, throughput:8314
New best TEST travel time 1498.0486 at episode 30, saved as best checkpoint
step:3600/3600, q_loss:0.0015710168535372725, rewards:-309.81787109375, queue:18.97393798828125, delay:0.10496728122234344, throughput:8717
episode:31/250, real avg travel time:1410.9925603681988
step:3600/3600, q_loss:0.001640492934089752, rewards:-319.9944152832031, queue:19.598724365234375, delay:0.10608044266700745, throughput:8688
episode:32/250, real avg travel time:1441.0310194817478
step:3600/3600, q_loss:0.00162707096753343, rewards:-312.8032531738281, queue:19.156023025512695, delay:0.1053631529211998, throughput:8812
episode:33/250, real avg travel time:1412.0999306475
step:3600/3600, q_loss:0.0016081409773179962, rewards:-308.40386962890625, queue:18.887542724609375, delay:0.10522355139255524, throughput:8831
episode:34/250, real avg travel time:1407.3664964378033
step:3600/3600, q_loss:0.0015450033695540493, rewards:-309.5869140625, queue:18.958858489990234, delay:0.10414740443229675, throughput:8804
episode:35/250, real avg travel time:1408.654120168968
Test step:35/250, travel time :1465.1992938654562, rewards:-333.2031555175781, queue:20.425750732421875, delay:0.118026964366436, throughput:8457
New best TEST travel time 1465.1993 at episode 35, saved as best checkpoint
step:3600/3600, q_loss:0.0015364217830614911, rewards:-311.85211181640625, queue:19.097604751586914, delay:0.10460413992404938, throughput:8851
episode:36/250, real avg travel time:1414.656642078053
step:3600/3600, q_loss:0.0015461950192089985, rewards:-309.47222900390625, queue:18.95093536376953, delay:0.10684304684400558, throughput:8873
episode:37/250, real avg travel time:1405.0445747430806
step:3600/3600, q_loss:0.0015234451076981646, rewards:-317.8759460449219, queue:19.46829605102539, delay:0.105855792760849, throughput:8807
episode:38/250, real avg travel time:1427.2555954857828
step:3600/3600, q_loss:0.0015530789319862736, rewards:-312.2165832519531, queue:19.123695373535156, delay:0.10289331525564194, throughput:8683
episode:39/250, real avg travel time:1419.9481117205726
step:3600/3600, q_loss:0.0015235644684713561, rewards:-308.21795654296875, queue:18.873668670654297, delay:0.10239946842193604, throughput:8766
episode:40/250, real avg travel time:1408.8078935754365
Test step:40/250, travel time :1459.6554441712376, rewards:-339.3958740234375, queue:20.804336547851562, delay:0.12385035306215286, throughput:8413
New best TEST travel time 1459.6554 at episode 40, saved as best checkpoint
step:3600/3600, q_loss:0.0016271441829977212, rewards:-313.0771179199219, queue:19.17609214782715, delay:0.10380984842777252, throughput:8606
episode:41/250, real avg travel time:1421.118908013366
step:3600/3600, q_loss:0.0015983497735434843, rewards:-305.973388671875, queue:18.738563537597656, delay:0.10306409001350403, throughput:8815
episode:42/250, real avg travel time:1396.600529600908
step:3600/3600, q_loss:0.0015668889125349161, rewards:-299.4922180175781, queue:18.33980941772461, delay:0.10404451191425323, throughput:8915
episode:43/250, real avg travel time:1389.3616417628145
step:3600/3600, q_loss:0.0015980482952278336, rewards:-298.08489990234375, queue:18.251190185546875, delay:0.10206636786460876, throughput:8856
episode:44/250, real avg travel time:1386.4069730786205
step:3600/3600, q_loss:0.0016997936520909455, rewards:-314.58355712890625, queue:19.266510009765625, delay:0.10312380641698837, throughput:8691
episode:45/250, real avg travel time:1415.240590126726
Test step:45/250, travel time :1412.8049303322616, rewards:-323.79833984375, queue:19.840660095214844, delay:0.11266931891441345, throughput:8890
New best TEST travel time 1412.8049 at episode 45, saved as best checkpoint
step:3600/3600, q_loss:0.0017021710237051235, rewards:-297.71307373046875, queue:18.229917526245117, delay:0.10146794468164444, throughput:8948
episode:46/250, real avg travel time:1382.133472038333
step:3600/3600, q_loss:0.0017878361500477718, rewards:-302.96990966796875, queue:18.552635192871094, delay:0.10002751648426056, throughput:8985
episode:47/250, real avg travel time:1381.4044511695354
step:3600/3600, q_loss:0.0017816291386146604, rewards:-293.2737731933594, queue:17.957752227783203, delay:0.09951797872781754, throughput:8948
episode:48/250, real avg travel time:1363.968350040981
step:3600/3600, q_loss:0.0018278367627688028, rewards:-302.5091552734375, queue:18.523582458496094, delay:0.09996523708105087, throughput:8815
episode:49/250, real avg travel time:1394.8672214866654
step:3600/3600, q_loss:0.0019061341893249822, rewards:-301.3873596191406, queue:18.456844329833984, delay:0.10169315338134766, throughput:8732
episode:50/250, real avg travel time:1386.2515604312464
Test step:50/250, travel time :1395.81924216632, rewards:-323.9090576171875, queue:19.844812393188477, delay:0.11895369738340378, throughput:8910
New best TEST travel time 1395.8192 at episode 50, saved as best checkpoint
step:3600/3600, q_loss:0.0018653183974279665, rewards:-291.7969055175781, queue:17.865262985229492, delay:0.10114013403654099, throughput:8944
episode:51/250, real avg travel time:1367.3012420402245
step:3600/3600, q_loss:0.0019466897047320266, rewards:-298.19976806640625, queue:18.25853157043457, delay:0.09940629452466965, throughput:8787
episode:52/250, real avg travel time:1373.128176029254
step:3600/3600, q_loss:0.0019068484895943124, rewards:-299.7333679199219, queue:18.353302001953125, delay:0.10095705091953278, throughput:8840
episode:53/250, real avg travel time:1385.3461950696678
step:3600/3600, q_loss:0.0017545704678114918, rewards:-294.3166809082031, queue:18.019458770751953, delay:0.10128428786993027, throughput:9018
episode:54/250, real avg travel time:1358.2642330243996
step:3600/3600, q_loss:0.0019296324127756153, rewards:-294.6036376953125, queue:18.038747787475586, delay:0.09893790632486343, throughput:9015
episode:55/250, real avg travel time:1362.172939915516
Test step:55/250, travel time :1395.7497635710233, rewards:-311.35198974609375, queue:19.07573699951172, delay:0.11232110112905502, throughput:8728
New best TEST travel time 1395.7498 at episode 55, saved as best checkpoint
step:3600/3600, q_loss:0.001691640317325055, rewards:-289.38458251953125, queue:17.716283798217773, delay:0.0993475615978241, throughput:8919
episode:56/250, real avg travel time:1357.4064686968036
step:3600/3600, q_loss:0.0018051058203441862, rewards:-291.43572998046875, queue:17.845125198364258, delay:0.09929896891117096, throughput:9063
episode:57/250, real avg travel time:1348.9243427274446
step:3600/3600, q_loss:0.0019476506232433482, rewards:-297.8547668457031, queue:18.242233276367188, delay:0.09950472414493561, throughput:8978
episode:58/250, real avg travel time:1363.094508542967
step:3600/3600, q_loss:0.0018952232170390125, rewards:-282.77294921875, queue:17.313987731933594, delay:0.09921852499246597, throughput:8973
episode:59/250, real avg travel time:1341.3509866969296
step:3600/3600, q_loss:0.0017920009084735754, rewards:-296.5764465332031, queue:18.162343978881836, delay:0.09764403104782104, throughput:8991
episode:60/250, real avg travel time:1368.893323245697
Test step:60/250, travel time :1321.8820377025409, rewards:-287.0390930175781, queue:17.582313537597656, delay:0.10261189192533493, throughput:8877
New best TEST travel time 1321.8820 at episode 60, saved as best checkpoint
step:3600/3600, q_loss:0.0019347905882714708, rewards:-301.81402587890625, queue:18.48185920715332, delay:0.100265733897686, throughput:9039
episode:61/250, real avg travel time:1380.4290397831157
step:3600/3600, q_loss:0.0017875951847038522, rewards:-291.18475341796875, queue:17.82923698425293, delay:0.09846632927656174, throughput:8966
episode:62/250, real avg travel time:1359.31561692201
step:3600/3600, q_loss:0.0018765012009276283, rewards:-294.5572814941406, queue:18.036352157592773, delay:0.09873870015144348, throughput:8966
episode:63/250, real avg travel time:1358.4226719626758
step:3600/3600, q_loss:0.0017689052342586679, rewards:-292.9733581542969, queue:17.94036293029785, delay:0.1004868820309639, throughput:8881
episode:64/250, real avg travel time:1360.2592522539562
step:3600/3600, q_loss:0.0020976837391010776, rewards:-293.3356018066406, queue:17.95992088317871, delay:0.09889029711484909, throughput:8962
episode:65/250, real avg travel time:1362.5666099237123
Test step:65/250, travel time :1355.0001260954543, rewards:-297.8235168457031, queue:18.24794578552246, delay:0.10390118509531021, throughput:8924
step:3600/3600, q_loss:0.0019014784008448509, rewards:-294.3277893066406, queue:18.02256202697754, delay:0.09768033027648926, throughput:8863
episode:66/250, real avg travel time:1355.733118971061
step:3600/3600, q_loss:0.0018850659002998362, rewards:-296.3461608886719, queue:18.143877029418945, delay:0.09861578792333603, throughput:8971
episode:67/250, real avg travel time:1368.7697497005233
step:3600/3600, q_loss:0.0019278483177868672, rewards:-292.0409851074219, queue:17.881023406982422, delay:0.09882289171218872, throughput:8868
episode:68/250, real avg travel time:1364.1623478973584
step:3600/3600, q_loss:0.0020824201301568083, rewards:-293.73345947265625, queue:17.983787536621094, delay:0.0986916571855545, throughput:8785
episode:69/250, real avg travel time:1368.2110207427022
step:3600/3600, q_loss:0.002371220450480411, rewards:-282.63385009765625, queue:17.303770065307617, delay:0.09607122838497162, throughput:9046
episode:70/250, real avg travel time:1343.5622596305402
Test step:70/250, travel time :1352.6193178235924, rewards:-288.4925231933594, queue:17.670124053955078, delay:0.10307461768388748, throughput:8488
step:3600/3600, q_loss:0.0025119122175246843, rewards:-278.77215576171875, queue:17.061677932739258, delay:0.0984538123011589, throughput:9103
episode:71/250, real avg travel time:1338.2945589811488
step:3600/3600, q_loss:0.002358665125283562, rewards:-278.04241943359375, queue:17.019941329956055, delay:0.09607577323913574, throughput:8794
episode:72/250, real avg travel time:1346.7566357732803
step:3600/3600, q_loss:0.0024253484563051186, rewards:-263.2229309082031, queue:16.10935401916504, delay:0.0935540497303009, throughput:8798
episode:73/250, real avg travel time:1314.420339196772
step:3600/3600, q_loss:0.0023643494882609373, rewards:-276.24078369140625, queue:16.911649703979492, delay:0.09580789506435394, throughput:9154
episode:74/250, real avg travel time:1327.4772712943698
step:3600/3600, q_loss:0.002192365959930567, rewards:-277.741943359375, queue:17.00470542907715, delay:0.09424062073230743, throughput:8906
episode:75/250, real avg travel time:1335.0246516613076
Test step:75/250, travel time :1360.9272429228927, rewards:-284.4491882324219, queue:17.42664337158203, delay:0.1038576290011406, throughput:8728
step:3600/3600, q_loss:0.0022467217804795062, rewards:-284.7785339355469, queue:17.436054229736328, delay:0.09513387084007263, throughput:8852
episode:76/250, real avg travel time:1350.2741945652858
step:3600/3600, q_loss:0.0021622276060099216, rewards:-269.7282409667969, queue:16.509113311767578, delay:0.09521762281656265, throughput:9029
episode:77/250, real avg travel time:1318.615598007692
step:3600/3600, q_loss:0.002246079718073209, rewards:-279.46697998046875, queue:17.108205795288086, delay:0.09692308306694031, throughput:9025
episode:78/250, real avg travel time:1337.9180379547317
step:3600/3600, q_loss:0.0021011282091983304, rewards:-272.10711669921875, queue:16.65388298034668, delay:0.09710527211427689, throughput:8988
episode:79/250, real avg travel time:1321.9935691318328
step:3600/3600, q_loss:0.0022139819442398016, rewards:-272.3763122558594, queue:16.67185401916504, delay:0.09544625878334045, throughput:9026
episode:80/250, real avg travel time:1324.0170859340521
Test step:80/250, travel time :1300.0767290839165, rewards:-261.5274658203125, queue:16.01723289489746, delay:0.1023840680718422, throughput:9457
New best TEST travel time 1300.0767 at episode 80, saved as best checkpoint
step:3600/3600, q_loss:0.0022915077568204313, rewards:-271.0281982421875, queue:16.589258193969727, delay:0.09562516212463379, throughput:9111
episode:81/250, real avg travel time:1315.3255784628964
step:3600/3600, q_loss:0.0021451860965218074, rewards:-270.9634094238281, queue:16.58363151550293, delay:0.09521866589784622, throughput:8905
episode:82/250, real avg travel time:1324.9810856818613
step:3600/3600, q_loss:0.0022595877103783464, rewards:-278.15679931640625, queue:17.02414894104004, delay:0.09609068185091019, throughput:8944
episode:83/250, real avg travel time:1345.8800832229997
step:3600/3600, q_loss:0.002245265070670917, rewards:-265.77197265625, queue:16.262968063354492, delay:0.09554006159305573, throughput:9246
episode:84/250, real avg travel time:1306.7959775550091
step:3600/3600, q_loss:0.0021589921511433745, rewards:-286.9813232421875, queue:17.570436477661133, delay:0.09667570143938065, throughput:9039
episode:85/250, real avg travel time:1346.0348653931026
Test step:85/250, travel time :1339.8097850072504, rewards:-279.9075927734375, queue:17.148611068725586, delay:0.10569428652524948, throughput:9047
step:3600/3600, q_loss:0.0022890699406464894, rewards:-264.9533996582031, queue:16.21782875061035, delay:0.09292427450418472, throughput:8994
episode:86/250, real avg travel time:1320.232835256289
step:3600/3600, q_loss:0.002488995277909217, rewards:-279.18218994140625, queue:17.0942325592041, delay:0.0947798639535904, throughput:9125
episode:87/250, real avg travel time:1346.1730660109704
step:3600/3600, q_loss:0.0025109040746350347, rewards:-280.8339538574219, queue:17.193225860595703, delay:0.09616132080554962, throughput:9128
episode:88/250, real avg travel time:1345.567492591892
step:3600/3600, q_loss:0.002573817287698204, rewards:-273.35382080078125, queue:16.732908248901367, delay:0.09631307423114777, throughput:9301
episode:89/250, real avg travel time:1328.6559485530547
step:3600/3600, q_loss:0.0025775245712771093, rewards:-263.2215576171875, queue:16.110729217529297, delay:0.09575201570987701, throughput:9248
episode:90/250, real avg travel time:1317.995082277284
Test step:90/250, travel time :1342.5785259441398, rewards:-272.4836120605469, queue:16.693906784057617, delay:0.10581691563129425, throughput:8917
step:3600/3600, q_loss:0.0023670578984842624, rewards:-273.49212646484375, queue:16.745223999023438, delay:0.09590595215559006, throughput:9082
episode:91/250, real avg travel time:1331.3968223945526
step:3600/3600, q_loss:0.0024368463957935202, rewards:-279.6739807128906, queue:17.12454605102539, delay:0.0944114476442337, throughput:9092
episode:92/250, real avg travel time:1341.157241031461
step:3600/3600, q_loss:0.002494412844563708, rewards:-290.4366455078125, queue:17.782567977905273, delay:0.09770650416612625, throughput:8929
episode:93/250, real avg travel time:1372.2003026290902
step:3600/3600, q_loss:0.002454620362891827, rewards:-268.54345703125, queue:16.43861961364746, delay:0.09386014193296432, throughput:9113
episode:94/250, real avg travel time:1319.4543849694219
step:3600/3600, q_loss:0.0022769839445381987, rewards:-277.4910583496094, queue:16.987995147705078, delay:0.09393079578876495, throughput:9026
episode:95/250, real avg travel time:1338.7952840300106
Test step:95/250, travel time :1350.268898556207, rewards:-269.96929931640625, queue:16.541269302368164, delay:0.10448257625102997, throughput:8967
step:3600/3600, q_loss:0.0022795997675002354, rewards:-268.8780822753906, queue:16.459835052490234, delay:0.096110038459301, throughput:9226
episode:96/250, real avg travel time:1323.8326713321985
step:3600/3600, q_loss:0.00215855932874996, rewards:-285.03851318359375, queue:17.451786041259766, delay:0.09644148498773575, throughput:9028
episode:97/250, real avg travel time:1348.4657966080322
step:3600/3600, q_loss:0.0020679790250681066, rewards:-264.8688049316406, queue:16.212160110473633, delay:0.09576687216758728, throughput:9204
episode:98/250, real avg travel time:1321.4891873147974
step:3600/3600, q_loss:0.002119115845840654, rewards:-271.28057861328125, queue:16.606689453125, delay:0.0965704545378685, throughput:9402
episode:99/250, real avg travel time:1320.6509047348843
step:3600/3600, q_loss:0.002110711827782201, rewards:-268.96337890625, queue:16.463363647460938, delay:0.09653008729219437, throughput:9184
episode:100/250, real avg travel time:1320.4991488556836
Test step:100/250, travel time :1354.9570644978248, rewards:-282.8002014160156, queue:17.3277645111084, delay:0.10857095569372177, throughput:9135
step:3600/3600, q_loss:0.002058746785293391, rewards:-266.7930908203125, queue:16.33014488220215, delay:0.09669161587953568, throughput:9135
episode:101/250, real avg travel time:1320.455015446693
step:3600/3600, q_loss:0.0020518399349609274, rewards:-260.44793701171875, queue:15.941100120544434, delay:0.09603257477283478, throughput:9228
episode:102/250, real avg travel time:1292.7643275959902
step:3600/3600, q_loss:0.0021646073157036744, rewards:-277.73455810546875, queue:17.003231048583984, delay:0.09673482179641724, throughput:9161
episode:103/250, real avg travel time:1335.7918794527457
step:3600/3600, q_loss:0.002090092743804425, rewards:-269.48272705078125, queue:16.49699592590332, delay:0.09435798227787018, throughput:9160
episode:104/250, real avg travel time:1326.6734758211967
step:3600/3600, q_loss:0.002040648680571237, rewards:-277.542724609375, queue:16.993324279785156, delay:0.0958782434463501, throughput:9144
episode:105/250, real avg travel time:1333.1240148792635
Test step:105/250, travel time :1367.2059138768047, rewards:-286.3935852050781, queue:17.54763412475586, delay:0.10215699672698975, throughput:8710
step:3600/3600, q_loss:0.0019824275275531376, rewards:-257.2558288574219, queue:15.74708080291748, delay:0.09479320049285889, throughput:9255
episode:106/250, real avg travel time:1292.781350482315
step:3600/3600, q_loss:0.0020272249689348683, rewards:-266.954345703125, queue:16.34169578552246, delay:0.0945475697517395, throughput:9103
episode:107/250, real avg travel time:1301.8527205094256
step:3600/3600, q_loss:0.002037707788662778, rewards:-260.6126403808594, queue:15.950552940368652, delay:0.09553732722997665, throughput:9326
episode:108/250, real avg travel time:1297.366244246895
step:3600/3600, q_loss:0.001823884508009126, rewards:-272.03326416015625, queue:16.654279708862305, delay:0.09596190601587296, throughput:9188
episode:109/250, real avg travel time:1311.4961856125087
step:3600/3600, q_loss:0.002067562043206927, rewards:-256.3550720214844, queue:15.68662166595459, delay:0.0954575464129448, throughput:9184
episode:110/250, real avg travel time:1293.7000189143182
Test step:110/250, travel time :1303.5865960532124, rewards:-259.8232116699219, queue:15.919387817382812, delay:0.10124597698450089, throughput:9295
step:3600/3600, q_loss:0.002115059164525182, rewards:-259.3086242675781, queue:15.868197441101074, delay:0.09509161114692688, throughput:9231
episode:111/250, real avg travel time:1297.3528781287434
step:3600/3600, q_loss:0.0019633739272615423, rewards:-258.5842590332031, queue:15.8259916305542, delay:0.09450589120388031, throughput:9259
episode:112/250, real avg travel time:1296.952272870563
step:3600/3600, q_loss:0.002147704177754529, rewards:-247.6272735595703, queue:15.151728630065918, delay:0.09395617991685867, throughput:9406
episode:113/250, real avg travel time:1273.6360885190088
step:3600/3600, q_loss:0.0021109511684856298, rewards:-262.7382507324219, queue:16.07910919189453, delay:0.09560321271419525, throughput:9427
episode:114/250, real avg travel time:1288.3957505831916
step:3600/3600, q_loss:0.0022107849368986523, rewards:-258.7322998046875, queue:15.833999633789062, delay:0.09377314150333405, throughput:9336
episode:115/250, real avg travel time:1298.1594477019103
Test step:115/250, travel time :1331.8088392913435, rewards:-272.97320556640625, queue:16.716468811035156, delay:0.09824719280004501, throughput:9110
step:3600/3600, q_loss:0.0021666729155881905, rewards:-251.29466247558594, queue:15.37200927734375, delay:0.0949559211730957, throughput:9304
episode:116/250, real avg travel time:1285.974276527331
step:3600/3600, q_loss:0.0022072317791573797, rewards:-262.03997802734375, queue:16.036012649536133, delay:0.0949246808886528, throughput:8983
episode:117/250, real avg travel time:1323.117331820188
step:3600/3600, q_loss:0.002103948111381428, rewards:-257.8427734375, queue:15.779620170593262, delay:0.0936930924654007, throughput:9207
episode:118/250, real avg travel time:1294.352121556018
step:3600/3600, q_loss:0.002153897461377912, rewards:-270.10565185546875, queue:16.530895233154297, delay:0.0952642634510994, throughput:9262
episode:119/250, real avg travel time:1315.4619506966774
step:3600/3600, q_loss:0.002286655114342769, rewards:-271.60333251953125, queue:16.625383377075195, delay:0.09577114880084991, throughput:9358
episode:120/250, real avg travel time:1319.5413277851333
Test step:120/250, travel time :1358.1835319336737, rewards:-277.1344299316406, queue:16.97599220275879, delay:0.1021733209490776, throughput:8965
step:3600/3600, q_loss:0.002198783841765957, rewards:-274.5526123046875, queue:16.81044578552246, delay:0.09541644901037216, throughput:9296
episode:121/250, real avg travel time:1323.076413845281
step:3600/3600, q_loss:0.0021977540875934526, rewards:-263.1284484863281, queue:16.106603622436523, delay:0.09301097691059113, throughput:9217
episode:122/250, real avg travel time:1306.7907445936573
step:3600/3600, q_loss:0.0024610744168361027, rewards:-264.00634765625, queue:16.160146713256836, delay:0.09448212385177612, throughput:9435
episode:123/250, real avg travel time:1300.0311455772019
step:3600/3600, q_loss:0.0022932215800715817, rewards:-267.46307373046875, queue:16.372520446777344, delay:0.09439075738191605, throughput:9321
episode:124/250, real avg travel time:1308.4424059012672
step:3600/3600, q_loss:0.002185251174011716, rewards:-265.8927001953125, queue:16.273723602294922, delay:0.0949266329407692, throughput:9215
episode:125/250, real avg travel time:1303.9346825546938
Test step:125/250, travel time :1368.4469453376205, rewards:-282.3819580078125, queue:17.3011474609375, delay:0.10469844192266464, throughput:8750
step:3600/3600, q_loss:0.002238166177024444, rewards:-275.22296142578125, queue:16.851346969604492, delay:0.09555507451295853, throughput:9223
episode:126/250, real avg travel time:1335.2404640312716
step:3600/3600, q_loss:0.0019810082689847475, rewards:-270.3082580566406, queue:16.54846954345703, delay:0.09444042295217514, throughput:9067
episode:127/250, real avg travel time:1325.8200617867726
step:3600/3600, q_loss:0.0020056474068558513, rewards:-257.2037353515625, queue:15.737159729003906, delay:0.09554843604564667, throughput:9425
episode:128/250, real avg travel time:1292.8121177731543
step:3600/3600, q_loss:0.0020814929191988927, rewards:-249.77545166015625, queue:15.28479290008545, delay:0.09271058440208435, throughput:9356
episode:129/250, real avg travel time:1282.217703801778
step:3600/3600, q_loss:0.0019240915510849452, rewards:-256.10919189453125, queue:15.674546241760254, delay:0.09390381723642349, throughput:9476
episode:130/250, real avg travel time:1283.1162600088267
Test step:130/250, travel time :1352.0250929953975, rewards:-284.8976745605469, queue:17.453161239624023, delay:0.10094939917325974, throughput:8734
step:3600/3600, q_loss:0.002055857757129419, rewards:-260.02203369140625, queue:15.91398811340332, delay:0.09418343752622604, throughput:9325
episode:131/250, real avg travel time:1297.622028875859
step:3600/3600, q_loss:0.00207718006208723, rewards:-269.4079284667969, queue:16.49210548400879, delay:0.09623746573925018, throughput:9283
episode:132/250, real avg travel time:1316.119853729273
step:3600/3600, q_loss:0.0018323120074691596, rewards:-253.7722930908203, queue:15.529733657836914, delay:0.09430205821990967, throughput:9281
episode:133/250, real avg travel time:1284.1395876678646
step:3600/3600, q_loss:0.0018960194978403088, rewards:-271.0906982421875, queue:16.59373664855957, delay:0.0953497663140297, throughput:9161
episode:134/250, real avg travel time:1329.0460248408044
step:3600/3600, q_loss:0.001847146960251309, rewards:-245.9291229248047, queue:15.050141334533691, delay:0.0924677923321724, throughput:9415
episode:135/250, real avg travel time:1265.9438244751277
Test step:135/250, travel time :1348.8155853981464, rewards:-276.1531677246094, queue:16.91795539855957, delay:0.10086636990308762, throughput:8776
step:3600/3600, q_loss:0.0021191424098049787, rewards:-266.372802734375, queue:16.30633544921875, delay:0.09392689168453217, throughput:9070
episode:136/250, real avg travel time:1314.8232772208562
step:3600/3600, q_loss:0.0017774082329354167, rewards:-263.1966552734375, queue:16.10782241821289, delay:0.09414026141166687, throughput:9090
episode:137/250, real avg travel time:1298.5574049555514
step:3600/3600, q_loss:0.0019770463003006616, rewards:-275.6103210449219, queue:16.87029457092285, delay:0.09646064043045044, throughput:9356
episode:138/250, real avg travel time:1319.863690813946
step:3600/3600, q_loss:0.001756145741307625, rewards:-268.728271484375, queue:16.449745178222656, delay:0.09409613907337189, throughput:9033
episode:139/250, real avg travel time:1320.2661875039405
step:3600/3600, q_loss:0.0018446010330484973, rewards:-259.9713439941406, queue:15.91224479675293, delay:0.09397295862436295, throughput:9160
episode:140/250, real avg travel time:1303.346825546939
Test step:140/250, travel time :1310.9604690750898, rewards:-262.62066650390625, queue:16.086395263671875, delay:0.09786301851272583, throughput:9200
step:3600/3600, q_loss:0.0019172038089621951, rewards:-277.06756591796875, queue:16.962684631347656, delay:0.09510692954063416, throughput:9249
episode:141/250, real avg travel time:1327.0045394363533
step:3600/3600, q_loss:0.002061197045546623, rewards:-254.78639221191406, queue:15.59350872039795, delay:0.09301549941301346, throughput:9544
episode:142/250, real avg travel time:1280.5743647941492
step:3600/3600, q_loss:0.0019188668849061668, rewards:-267.4343566894531, queue:16.372604370117188, delay:0.09421183168888092, throughput:9343
episode:143/250, real avg travel time:1306.6850135552613
step:3600/3600, q_loss:0.0020815911277392764, rewards:-270.61236572265625, queue:16.56659507751465, delay:0.09498052299022675, throughput:8957
episode:144/250, real avg travel time:1326.7862682050313
step:3600/3600, q_loss:0.0019686515776463497, rewards:-263.0484924316406, queue:16.10542869567871, delay:0.09448981285095215, throughput:9556
episode:145/250, real avg travel time:1296.569005737343
Test step:145/250, travel time :1297.5620704873588, rewards:-264.42413330078125, queue:16.194969177246094, delay:0.1018248125910759, throughput:9318
New best TEST travel time 1297.5621 at episode 145, saved as best checkpoint
step:3600/3600, q_loss:0.001802302288742345, rewards:-272.1659851074219, queue:16.664697647094727, delay:0.09455759078264236, throughput:9119
episode:146/250, real avg travel time:1320.445243048988
step:3600/3600, q_loss:0.00214250274002552, rewards:-267.7890319824219, queue:16.394954681396484, delay:0.09359332174062729, throughput:9281
episode:147/250, real avg travel time:1305.7623731164492
step:3600/3600, q_loss:0.0020227038979898264, rewards:-274.6351013183594, queue:16.813846588134766, delay:0.09383850544691086, throughput:9188
episode:148/250, real avg travel time:1327.479225773911
step:3600/3600, q_loss:0.002017176864714718, rewards:-278.9065246582031, queue:17.078840255737305, delay:0.09462563693523407, throughput:9228
episode:149/250, real avg travel time:1335.5242418510813
step:3600/3600, q_loss:0.0018905947312574695, rewards:-271.1717529296875, queue:16.60198402404785, delay:0.09469972550868988, throughput:9191
episode:150/250, real avg travel time:1329.5598007691822
Test step:150/250, travel time :1296.1785511632306, rewards:-269.0565490722656, queue:16.483135223388672, delay:0.09764280915260315, throughput:9360
New best TEST travel time 1296.1786 at episode 150, saved as best checkpoint
step:3600/3600, q_loss:0.0019365286040637227, rewards:-263.8839111328125, queue:16.153600692749023, delay:0.09555553644895554, throughput:9284
episode:151/250, real avg travel time:1314.7538616732866
step:3600/3600, q_loss:0.002014526428171882, rewards:-269.0019836425781, queue:16.467588424682617, delay:0.09516695886850357, throughput:9522
episode:152/250, real avg travel time:1320.0900321543409
step:3600/3600, q_loss:0.001985966224499323, rewards:-269.6525573730469, queue:16.506759643554688, delay:0.09294886142015457, throughput:9353
episode:153/250, real avg travel time:1296.4606897421347
step:3600/3600, q_loss:0.001935102377247847, rewards:-278.6356201171875, queue:17.0604305267334, delay:0.09361154586076736, throughput:8916
episode:154/250, real avg travel time:1332.7350734506022
step:3600/3600, q_loss:0.0018161563346461383, rewards:-269.951416015625, queue:16.527862548828125, delay:0.09478805214166641, throughput:9145
episode:155/250, real avg travel time:1315.8255469390328
Test step:155/250, travel time :1294.2540823403317, rewards:-275.15509033203125, queue:16.85182762145996, delay:0.09875256568193436, throughput:9288
New best TEST travel time 1294.2541 at episode 155, saved as best checkpoint
step:3600/3600, q_loss:0.0018161766225311125, rewards:-265.08453369140625, queue:16.22648811340332, delay:0.0923888236284256, throughput:9355
episode:156/250, real avg travel time:1289.9353760796923
step:3600/3600, q_loss:0.001985134019941827, rewards:-266.0045471191406, queue:16.284481048583984, delay:0.09229856729507446, throughput:9300
episode:157/250, real avg travel time:1302.0027740999938
step:3600/3600, q_loss:0.002002383666227997, rewards:-286.8271179199219, queue:17.56549072265625, delay:0.09381239116191864, throughput:9117
episode:158/250, real avg travel time:1339.2416619380872
step:3600/3600, q_loss:0.0019549777708303784, rewards:-268.8192138671875, queue:16.45929718017578, delay:0.09563597291707993, throughput:9304
episode:159/250, real avg travel time:1309.5717167896098
step:3600/3600, q_loss:0.0020719620979816455, rewards:-286.5933532714844, queue:17.550411224365234, delay:0.09534581005573273, throughput:9130
episode:160/250, real avg travel time:1338.362902717357
Test step:160/250, travel time :1297.693146712061, rewards:-272.00152587890625, queue:16.66053009033203, delay:0.0964500680565834, throughput:8987
step:3600/3600, q_loss:0.0019995429633576194, rewards:-280.6981201171875, queue:17.188732147216797, delay:0.09496521949768066, throughput:9057
episode:161/250, real avg travel time:1337.404325074081
step:3600/3600, q_loss:0.002136687075512277, rewards:-273.6192626953125, queue:16.751544952392578, delay:0.09442991763353348, throughput:9154
episode:162/250, real avg travel time:1323.0853666225332
step:3600/3600, q_loss:0.0019646505100859536, rewards:-294.5719909667969, queue:18.04464340209961, delay:0.09580709040164948, throughput:9034
episode:163/250, real avg travel time:1363.7709476073387
step:3600/3600, q_loss:0.0022573077694777355, rewards:-282.01348876953125, queue:17.269855499267578, delay:0.0950351357460022, throughput:9180
episode:164/250, real avg travel time:1344.4294180694785
step:3600/3600, q_loss:0.002093440116049699, rewards:-281.8682861328125, queue:17.260770797729492, delay:0.09420119971036911, throughput:9177
episode:165/250, real avg travel time:1341.5470020805749
Test step:165/250, travel time :1300.7260576256226, rewards:-256.91253662109375, queue:15.735600471496582, delay:0.09311830997467041, throughput:9093
step:3600/3600, q_loss:0.0021829131346793825, rewards:-262.5354309082031, queue:16.071443557739258, delay:0.0921608954668045, throughput:9075
episode:166/250, real avg travel time:1298.8972322047791
step:3600/3600, q_loss:0.002140135415772229, rewards:-277.9808044433594, queue:17.022930145263672, delay:0.09547852724790573, throughput:9146
episode:167/250, real avg travel time:1327.3834562764011
step:3600/3600, q_loss:0.0019513446492729362, rewards:-293.3008117675781, queue:17.9650936126709, delay:0.09597856551408768, throughput:8833
episode:168/250, real avg travel time:1374.4518630603366
step:3600/3600, q_loss:0.0019273674995121028, rewards:-282.9602966308594, queue:17.329450607299805, delay:0.09608133882284164, throughput:9047
episode:169/250, real avg travel time:1349.269402938024
step:3600/3600, q_loss:0.0019496560407181581, rewards:-278.3209533691406, queue:17.043607711791992, delay:0.09475341439247131, throughput:9186
episode:170/250, real avg travel time:1327.2579282516865
Test step:170/250, travel time :1290.306916335666, rewards:-252.03968811035156, queue:15.438648223876953, delay:0.09575583040714264, throughput:9492
New best TEST travel time 1290.3069 at episode 170, saved as best checkpoint
step:3600/3600, q_loss:0.002242998904146162, rewards:-272.2127685546875, queue:16.670181274414062, delay:0.09396278858184814, throughput:9477
episode:171/250, real avg travel time:1311.178235924595
step:3600/3600, q_loss:0.00187186204402903, rewards:-309.1594543457031, queue:18.939102172851562, delay:0.09675421565771103, throughput:9027
episode:172/250, real avg travel time:1381.0750898430113
step:3600/3600, q_loss:0.0018935778649684823, rewards:-296.2332763671875, queue:18.144372940063477, delay:0.095108762383461, throughput:8789
episode:173/250, real avg travel time:1367.0187882226846
step:3600/3600, q_loss:0.002032799539903616, rewards:-284.0145263671875, queue:17.395719528198242, delay:0.09512701630592346, throughput:9168
episode:174/250, real avg travel time:1333.853855368514
step:3600/3600, q_loss:0.0020423410989252135, rewards:-287.09423828125, queue:17.582368850708008, delay:0.09565769135951996, throughput:9184
episode:175/250, real avg travel time:1345.3460689742135
Test step:175/250, travel time :1322.0054221045332, rewards:-284.85107421875, queue:17.455570220947266, delay:0.09840061515569687, throughput:9258
step:3600/3600, q_loss:0.0020868991996035166, rewards:-283.1240539550781, queue:17.33868980407715, delay:0.09513815492391586, throughput:9218
episode:176/250, real avg travel time:1320.503246957947
step:3600/3600, q_loss:0.002174418072365684, rewards:-286.77459716796875, queue:17.563322067260742, delay:0.09585129469633102, throughput:9119
episode:177/250, real avg travel time:1344.1253388815333
step:3600/3600, q_loss:0.002114846833901089, rewards:-280.15997314453125, queue:17.15799331665039, delay:0.09394364058971405, throughput:9237
episode:178/250, real avg travel time:1315.9831662568565
step:3600/3600, q_loss:0.0021982155360833365, rewards:-289.0221252441406, queue:17.703500747680664, delay:0.09287728369235992, throughput:9173
episode:179/250, real avg travel time:1334.0542210453314
step:3600/3600, q_loss:0.0022083944664049292, rewards:-279.322509765625, queue:17.106801986694336, delay:0.09367045015096664, throughput:9314
episode:180/250, real avg travel time:1317.6309186053843
