colight	TRAIN	0	370.9390	0.000000	-185.2556	4.5567	0.2460	3804
colight	TEST	0	1120.1550	0.000000	-587.3647	13.6421	0.5062	413
colight	TRAIN	1	350.4494	0.000000	-186.8493	4.6557	0.2425	3896
colight	TEST	1	1120.1550	0.000000	-587.3647	13.6421	0.5062	413
colight	TRAIN	2	334.3189	27.585133	-174.2041	4.1583	0.2364	3923
colight	TEST	2	597.7214	27.585133	-478.9056	11.6767	0.3635	1590
colight	TRAIN	3	325.6238	26.278059	-113.6144	3.0607	0.2023	3785
colight	TEST	3	668.4090	26.278059	-364.1559	9.1956	0.3556	1061
colight	TRAIN	4	333.9262	35.932091	-116.8630	3.1865	0.2039	3751
colight	TEST	4	707.0570	35.932091	-463.7541	12.1016	0.4240	1105
colight	TRAIN	5	503.0323	41.855782	-229.4188	6.1263	0.2946	3402
colight	TEST	5	748.6185	41.855782	-479.3072	11.9783	0.4242	755
colight	TRAIN	6	483.1887	36.624725	-197.7247	5.3168	0.2533	3465
colight	TEST	6	742.6773	36.624725	-337.8458	8.5290	0.3564	1097
colight	TRAIN	7	514.0220	43.114441	-191.3923	5.1332	0.2487	3087
colight	TEST	7	702.7613	43.114441	-332.1008	8.2653	0.3595	905
colight	TRAIN	8	467.9963	64.837914	-167.5031	4.5713	0.2435	3250
colight	TEST	8	768.9539	64.837914	-350.0125	8.8381	0.3630	998
colight	TRAIN	9	544.7148	52.057602	-218.4691	5.6410	0.2712	2696
colight	TEST	9	716.4902	52.057602	-379.9194	9.2607	0.3777	967
colight	TRAIN	10	658.1525	42.796989	-209.1717	5.4063	0.2768	2571
colight	TEST	10	735.6093	42.796989	-342.2626	8.5995	0.3542	1231
colight	TRAIN	11	730.5720	54.011318	-219.5480	5.6275	0.2823	2339
colight	TEST	11	686.2962	54.011318	-385.5804	9.1869	0.3686	1023
colight	TRAIN	12	664.2181	45.685570	-288.4695	7.4366	0.3305	2265
colight	TEST	12	891.1184	45.685570	-485.2128	11.7313	0.4552	752
colight	TRAIN	13	665.0668	48.989788	-386.0304	9.5667	0.3863	1977
colight	TEST	13	800.0864	48.989788	-499.7167	12.0753	0.4670	833
colight	TRAIN	14	910.3004	54.638348	-427.0782	10.5938	0.4162	1588
colight	TEST	14	1024.2187	54.638348	-529.0594	12.8897	0.4654	535
colight	TRAIN	15	930.6264	54.896484	-447.7989	11.1967	0.4160	1424
colight	TEST	15	1071.6742	54.896484	-509.3808	12.4499	0.4664	528
colight	TRAIN	16	766.6281	62.161068	-423.4921	10.4405	0.4115	1600
colight	TEST	16	1121.3174	62.161068	-502.7336	12.0907	0.4707	523
colight	TRAIN	17	817.1323	68.670364	-493.2296	12.5284	0.4296	1270
colight	TEST	17	750.9933	68.670364	-417.6008	10.5718	0.4237	1038
colight	TRAIN	18	646.4105	75.119469	-366.3080	9.9501	0.3852	1827
colight	TEST	18	691.5132	75.119469	-419.0926	10.8306	0.4213	1101
colight	TRAIN	19	713.1423	80.867134	-411.9195	10.2721	0.3976	1497
colight	TEST	19	680.7983	80.867134	-370.1767	9.4483	0.3971	1175
colight	TRAIN	20	726.9972	79.341415	-363.9269	9.7111	0.3921	1440
colight	TEST	20	668.1080	79.341415	-379.7801	9.5085	0.4076	1268
colight	TRAIN	21	790.3457	84.885750	-385.7731	9.9649	0.3860	1400
colight	TEST	21	705.3163	84.885750	-348.7878	9.1522	0.4097	1252
colight	TRAIN	22	582.1050	88.029282	-328.7345	8.6618	0.3321	2104
colight	TEST	22	467.1396	88.029282	-355.6321	8.8009	0.3366	2092
colight	TRAIN	23	479.0324	89.720741	-293.3087	7.6187	0.2963	2594
colight	TEST	23	380.7144	89.720741	-306.0429	7.8509	0.2934	2738
colight	TRAIN	24	437.7008	95.689728	-308.7020	7.9165	0.3025	2594
colight	TEST	24	442.4412	95.689728	-322.9260	8.1755	0.3055	2484
colight	TRAIN	25	486.8450	94.386742	-273.2086	6.9668	0.2796	2736
colight	TEST	25	418.3328	94.386742	-309.3113	7.9849	0.3013	2530
colight	TRAIN	26	465.5460	95.501884	-378.1116	9.3447	0.3174	1945
colight	TEST	26	476.3361	95.501884	-341.0637	8.5016	0.3197	2330
colight	TRAIN	27	601.1769	94.012779	-341.4446	8.0598	0.3330	1724
colight	TEST	27	658.9470	94.012779	-348.4716	8.5093	0.3371	1339
colight	TRAIN	28	723.8098	92.947159	-332.0363	8.0090	0.3373	1393
colight	TEST	28	676.4317	92.947159	-371.8539	9.8228	0.3412	1142
colight	TRAIN	29	679.8477	89.537308	-294.5924	7.5446	0.3215	1425
colight	TEST	29	653.9892	89.537308	-336.5837	8.7238	0.3320	1199
colight	TRAIN	30	759.7951	90.087349	-354.1962	8.6688	0.3436	1430
colight	TEST	30	680.8158	90.087349	-477.6190	11.5421	0.4316	1037
colight	TRAIN	31	729.0812	92.193794	-473.3910	11.4517	0.4282	1059
colight	TEST	31	758.0483	92.193794	-467.9571	11.3934	0.4415	911
colight	TRAIN	32	775.7943	93.628578	-442.0583	10.6870	0.4214	1162
colight	TEST	32	646.7131	93.628578	-453.2173	10.9798	0.4380	941
colight	TRAIN	33	680.2807	94.214233	-472.2072	11.3896	0.4213	1044
colight	TEST	33	634.6852	94.214233	-475.4533	11.4759	0.4242	1099
colight	TRAIN	34	639.2638	102.147224	-457.0319	11.2148	0.4226	1107
colight	TEST	34	710.7436	102.147224	-467.8609	11.6234	0.4410	932
colight	TRAIN	35	791.2425	105.564217	-489.9508	12.5090	0.4239	1241
colight	TEST	35	572.1176	105.564217	-362.9691	9.5214	0.4022	1548
colight	TRAIN	36	675.9093	116.806488	-325.8235	8.8922	0.3837	1510
colight	TEST	36	680.2514	116.806488	-355.3687	9.4534	0.3930	1062
colight	TRAIN	37	747.7071	130.803162	-429.2970	10.7586	0.4170	1113
colight	TEST	37	702.5333	130.803162	-365.2903	9.4327	0.4075	1142
colight	TRAIN	38	674.3625	120.480118	-340.9268	9.0075	0.3947	1360
colight	TEST	38	777.2526	120.480118	-403.2230	10.3673	0.4021	978
colight	TRAIN	39	685.9365	125.345581	-423.6367	10.9270	0.3909	1339
colight	TEST	39	794.7463	125.345581	-448.2797	11.5458	0.4105	871
colight	TRAIN	40	766.8083	114.340263	-429.3688	10.4888	0.3746	1184
colight	TEST	40	731.9255	114.340263	-336.3118	8.2286	0.3419	1262
colight	TRAIN	41	800.7813	109.336090	-287.0612	7.4356	0.3133	1500
colight	TEST	41	712.1998	109.336090	-352.2438	8.4717	0.3369	1166
colight	TRAIN	42	692.5000	111.444229	-323.6658	8.0340	0.3283	1324
colight	TEST	42	667.0529	111.444229	-331.5503	8.2784	0.3442	1267
colight	TRAIN	43	801.0575	101.061005	-333.2195	8.5690	0.3289	1252
colight	TEST	43	661.4521	101.061005	-327.8448	8.4229	0.3341	1232
colight	TRAIN	44	711.5488	105.911987	-319.3477	7.8231	0.3261	1179
colight	TEST	44	659.9902	105.911987	-353.1661	9.1200	0.3477	1128
colight	TRAIN	45	753.9266	107.017654	-310.5827	7.9077	0.3202	1295
colight	TEST	45	642.7600	107.017654	-328.2338	8.2993	0.3347	1200
colight	TRAIN	46	797.2032	104.086761	-342.0077	8.4413	0.3347	1201
colight	TEST	46	676.5729	104.086761	-314.7455	7.9628	0.3294	1283
colight	TRAIN	47	645.9970	109.491776	-308.8982	7.8413	0.3188	1355
colight	TEST	47	700.7481	109.491776	-338.1938	8.8664	0.3426	1052
colight	TRAIN	48	668.6353	107.737793	-301.0986	7.8571	0.3189	1319
colight	TEST	48	675.3180	107.737793	-339.5984	8.4000	0.3462	1063
colight	TRAIN	49	780.3352	110.342186	-271.1621	6.8320	0.3045	1453
colight	TEST	49	663.3125	110.342186	-309.8242	7.8321	0.3305	1251
colight	TRAIN	50	727.3935	120.170700	-316.9038	7.9893	0.3274	1413
colight	TEST	50	676.7628	120.170700	-376.3427	9.0398	0.3378	1037
colight	TRAIN	51	706.4440	113.895088	-312.6009	7.8519	0.3335	1358
colight	TEST	51	634.8848	113.895088	-341.5001	8.3103	0.3294	1345
colight	TRAIN	52	822.5795	109.471703	-312.0042	7.9721	0.3323	1415
colight	TEST	52	585.9272	109.471703	-355.8085	8.5153	0.3304	1428
colight	TRAIN	53	823.3886	117.754448	-353.4393	8.8901	0.3590	1374
colight	TEST	53	737.4851	117.754448	-460.1832	11.2438	0.4434	839
colight	TRAIN	54	751.7407	113.187111	-476.3918	12.6366	0.4205	914
colight	TEST	54	760.1400	113.187111	-436.6033	11.1546	0.4073	900
colight	TRAIN	55	806.9553	107.976334	-434.1836	11.1234	0.3952	1051
colight	TEST	55	764.1770	107.976334	-427.8433	11.1164	0.3907	1028
colight	TRAIN	56	724.9847	116.502136	-350.4230	8.8489	0.3503	1438
colight	TEST	56	756.5306	116.502136	-337.3872	8.2517	0.3305	1227
colight	TRAIN	57	672.9332	115.202171	-303.1627	7.7090	0.3153	1333
colight	TEST	57	700.5831	115.202171	-313.8700	8.0172	0.3320	1300
colight	TRAIN	58	689.1640	111.834114	-280.0522	7.2430	0.3081	1476
colight	TEST	58	727.6548	111.834114	-324.2863	8.2171	0.3267	1292
colight	TRAIN	59	696.6964	110.328537	-317.7097	7.9337	0.3278	1301
colight	TEST	59	702.3434	110.328537	-318.7323	8.2821	0.3331	1357
colight	TRAIN	60	700.8779	111.595314	-309.8744	7.7616	0.3221	1442
colight	TEST	60	667.5039	111.595314	-299.2373	7.9066	0.3233	1407
colight	TRAIN	61	737.4464	111.880013	-357.3629	9.1024	0.3352	1268
colight	TEST	61	743.0487	111.880013	-332.4039	8.0937	0.3404	1252
colight	TRAIN	62	710.5281	125.510536	-307.0945	7.4655	0.3153	1426
colight	TEST	62	695.7202	125.510536	-311.3959	7.9231	0.3135	1333
colight	TRAIN	63	603.7897	126.894920	-267.6468	7.0331	0.3023	1560
colight	TEST	63	669.7500	126.894920	-338.7896	8.5766	0.3169	1352
colight	TRAIN	64	681.2402	132.600159	-247.8969	6.5007	0.2982	1628
colight	TEST	64	646.4630	132.600159	-292.7094	7.5161	0.3054	1350
colight	TRAIN	65	666.3179	118.835312	-272.6961	6.9885	0.3041	1551
colight	TEST	65	620.7644	118.835312	-286.4866	7.4614	0.3257	1490
colight	TRAIN	66	734.3333	121.778343	-262.4223	6.8922	0.3026	1713
colight	TEST	66	630.6387	121.778343	-289.7604	7.6489	0.3162	1309
colight	TRAIN	67	709.6679	116.943382	-274.5999	7.2265	0.3119	1614
colight	TEST	67	643.4503	116.943382	-271.0343	6.9095	0.3066	1448
colight	TRAIN	68	589.3443	105.740723	-260.0628	6.8929	0.3027	1606
colight	TEST	68	584.6753	105.740723	-288.5529	7.2266	0.3339	1389
colight	TRAIN	69	604.5490	99.792786	-283.2892	7.0794	0.3115	1510
colight	TEST	69	567.2623	99.792786	-283.2247	7.0026	0.3376	1418
colight	TRAIN	70	610.7758	90.297318	-289.9659	7.3422	0.3190	1481
colight	TEST	70	705.8324	90.297318	-371.7146	9.2889	0.3393	1247
colight	TRAIN	71	670.5043	94.600105	-285.3613	7.1880	0.3115	1642
colight	TEST	71	567.8395	94.600105	-313.4648	7.8038	0.3363	1514
colight	TRAIN	72	701.0352	103.599693	-300.9374	7.8593	0.3177	1534
colight	TEST	72	678.0919	103.599693	-398.0452	9.7565	0.3285	1121
colight	TRAIN	73	595.3861	100.242027	-286.4846	7.4335	0.3020	1515
colight	TEST	73	630.4965	100.242027	-307.9085	7.6947	0.3350	1273
colight	TRAIN	74	662.8410	99.789467	-267.0663	6.9824	0.3143	1597
colight	TEST	74	585.4027	99.789467	-271.8304	7.1332	0.3167	1500
colight	TRAIN	75	768.2954	106.123871	-336.7263	9.2807	0.3363	1608
colight	TEST	75	636.8151	106.123871	-293.9256	7.6794	0.3069	1493
colight	TRAIN	76	668.2890	99.309181	-272.6536	7.0574	0.3109	1744
colight	TEST	76	634.7356	99.309181	-258.1397	6.7553	0.3171	1445
colight	TRAIN	77	647.4315	106.553253	-318.5959	7.5618	0.3068	1490
colight	TEST	77	593.8421	106.553253	-284.2896	7.2159	0.3094	1425
colight	TRAIN	78	586.7404	127.224098	-284.1687	6.9224	0.3082	1452
colight	TEST	78	598.1802	127.224098	-320.5303	8.0011	0.3265	1304
colight	TRAIN	79	679.1730	138.265488	-294.6026	7.3261	0.3146	1543
colight	TEST	79	683.4059	138.265488	-335.8309	8.5042	0.3250	1158
colight	TRAIN	80	621.1484	151.156906	-281.0371	7.4208	0.3005	1624
colight	TEST	80	684.2559	151.156906	-352.6272	8.5825	0.3298	1184
colight	TRAIN	81	876.0000	194.263672	-410.5424	10.2979	0.3927	1164
colight	TEST	81	661.2223	194.263672	-465.2465	11.5745	0.4321	985
colight	TRAIN	82	891.2973	251.331070	-428.6547	10.5716	0.3941	1463
colight	TEST	82	649.5968	251.331070	-301.1534	7.5266	0.3229	1317
colight	TRAIN	83	673.6086	298.883362	-335.5947	8.2943	0.3182	1367
colight	TEST	83	729.3111	298.883362	-330.2504	8.3430	0.3314	1199
colight	TRAIN	84	671.2055	294.003632	-285.8781	7.1265	0.3118	1504
colight	TEST	84	700.7970	294.003632	-380.8319	9.4313	0.3462	1118
colight	TRAIN	85	713.0641	279.265533	-321.1522	8.0012	0.3189	1466
colight	TEST	85	634.7028	279.265533	-330.9577	8.4038	0.3347	1299
colight	TRAIN	86	590.5128	234.385635	-299.9924	7.3185	0.3063	1519
colight	TEST	86	573.1002	234.385635	-272.2730	7.1447	0.3077	1318
colight	TRAIN	87	599.1595	260.072571	-335.2792	8.5172	0.3151	1498
colight	TEST	87	593.1605	260.072571	-291.2379	7.4354	0.3248	1539
colight	TRAIN	88	598.9505	278.228821	-263.3789	6.8304	0.2934	1615
colight	TEST	88	663.4560	278.228821	-338.2700	8.3078	0.3268	1307
colight	TRAIN	89	712.5893	269.860626	-270.1664	7.1343	0.2980	1741
colight	TEST	89	626.4377	269.860626	-290.4138	7.4167	0.3216	1380
colight	TRAIN	90	630.2093	259.858429	-288.6439	7.3251	0.3075	1400
colight	TEST	90	611.5675	259.858429	-291.0976	7.5224	0.3205	1452
colight	TRAIN	91	651.9044	223.850082	-307.0700	7.8385	0.3130	1402
colight	TEST	91	675.1533	223.850082	-322.6039	8.2130	0.3147	1331
colight	TRAIN	92	626.9225	216.084534	-280.0849	7.2548	0.3072	1549
colight	TEST	92	596.3402	216.084534	-286.7561	7.4052	0.3126	1461
colight	TRAIN	93	726.9928	180.362244	-333.4569	8.8881	0.3494	1657
colight	TEST	93	696.0189	180.362244	-432.2547	11.0987	0.4132	1112
colight	TRAIN	94	706.6434	162.004013	-282.6074	7.3825	0.3302	1559
colight	TEST	94	665.6338	162.004013	-291.3431	7.3810	0.3321	1398
colight	TRAIN	95	631.3052	141.908066	-287.2033	7.1430	0.3187	1517
colight	TEST	95	616.5462	141.908066	-330.8442	8.3827	0.3389	1419
colight	TRAIN	96	748.3786	159.132294	-271.3405	6.7680	0.3008	1664
colight	TEST	96	650.8003	159.132294	-349.3391	8.5163	0.3370	1167
colight	TRAIN	97	676.5474	135.299042	-276.8029	6.9425	0.3093	1425
colight	TEST	97	680.1892	135.299042	-314.9335	7.9229	0.3239	1395
colight	TRAIN	98	609.7702	128.226578	-305.1852	7.5899	0.3100	1436
colight	TEST	98	631.3207	128.226578	-327.7337	7.9997	0.3218	1132
colight	TRAIN	99	631.1956	134.358871	-256.8864	6.7964	0.2976	1421
colight	TEST	99	682.3563	134.358871	-310.0029	7.9364	0.3281	1381
colight	TRAIN	100	683.6852	138.820312	-250.1047	6.6283	0.2850	1493
colight	TEST	100	636.1717	138.820312	-303.0965	7.5639	0.3140	1421
colight	TRAIN	101	665.0060	157.941956	-245.4724	6.3452	0.2886	1669
colight	TEST	101	629.2968	157.941956	-288.1854	7.2530	0.3158	1331
colight	TRAIN	102	584.5644	123.679024	-315.3450	7.8717	0.3210	1515
colight	TEST	102	645.1032	123.679024	-302.1532	7.4505	0.3362	1337
colight	TRAIN	103	651.0854	118.740395	-296.3277	7.3217	0.3030	1440
colight	TEST	103	652.2679	118.740395	-294.3293	7.4231	0.3137	1310
colight	TRAIN	104	670.9062	171.740250	-289.5590	7.3091	0.3067	1407
colight	TEST	104	650.0820	171.740250	-326.0879	8.2914	0.3329	1219
colight	TRAIN	105	644.4042	185.649551	-305.4995	7.6394	0.3093	1477
colight	TEST	105	655.2537	185.649551	-320.3181	7.9377	0.3252	1277
colight	TRAIN	106	576.9286	176.813248	-285.6017	7.2620	0.3041	1274
colight	TEST	106	603.9831	176.813248	-284.8555	7.4909	0.3084	1420
colight	TRAIN	107	658.7545	190.078827	-261.1251	6.6507	0.3030	1625
colight	TEST	107	640.8006	190.078827	-312.0042	7.8542	0.3222	1369
colight	TRAIN	108	622.4618	225.702911	-271.0605	7.1595	0.2887	1583
colight	TEST	108	651.1309	225.702911	-275.9162	7.2683	0.2972	1390
colight	TRAIN	109	677.9614	172.243622	-290.8226	7.0999	0.3029	1682
colight	TEST	109	680.5165	172.243622	-296.4875	7.5267	0.3053	1396
colight	TRAIN	110	615.2839	213.993301	-476.5406	12.3012	0.3991	1187
colight	TEST	110	742.1830	213.993301	-466.4435	11.6083	0.4045	1257
colight	TRAIN	111	759.3249	205.620224	-430.9822	10.8164	0.4091	1262
colight	TEST	111	766.5768	205.620224	-464.1554	11.5603	0.4351	768
colight	TRAIN	112	669.6220	207.102280	-386.6774	9.6104	0.3332	1529
colight	TEST	112	626.6451	207.102280	-331.3428	8.2507	0.3202	1254
colight	TRAIN	113	599.7596	207.394104	-284.1353	7.4079	0.3036	1556
colight	TEST	113	591.9403	207.394104	-313.0940	7.7347	0.3247	1457
colight	TRAIN	114	607.2821	211.174530	-279.8895	7.0344	0.3163	1379
colight	TEST	114	571.7611	211.174530	-266.0881	6.9593	0.3068	1603
colight	TRAIN	115	590.4809	213.798279	-242.8868	6.1817	0.3053	1491
colight	TEST	115	612.2230	213.798279	-287.8369	7.4413	0.3323	1435
colight	TRAIN	116	591.7578	202.007660	-250.8036	6.6183	0.3064	1734
colight	TEST	116	616.9379	202.007660	-322.5975	7.8140	0.3331	1239
colight	TRAIN	117	669.1131	209.155472	-298.7859	7.0890	0.3115	1415
colight	TEST	117	667.6577	209.155472	-323.3258	8.2368	0.3381	1303
colight	TRAIN	118	578.2846	188.349716	-284.0248	7.1704	0.3046	1525
colight	TEST	118	635.5116	188.349716	-308.8823	7.4960	0.3307	1292
colight	TRAIN	119	641.6646	220.671921	-298.5256	7.1693	0.3060	1425
colight	TEST	119	626.9799	220.671921	-286.0158	7.3775	0.3102	1391
colight	TRAIN	120	607.7748	232.512329	-263.7258	6.7343	0.3044	1643
colight	TEST	120	660.3445	232.512329	-339.8222	8.2132	0.3384	1280
colight	TRAIN	121	628.5699	225.913391	-276.1014	6.7218	0.3015	1537
colight	TEST	121	710.2130	225.913391	-334.2776	8.9434	0.3229	1235
colight	TRAIN	122	600.5664	230.087830	-299.5560	7.6234	0.3024	1499
colight	TEST	122	614.5275	230.087830	-272.9214	6.9004	0.3155	1566
colight	TRAIN	123	650.9266	201.348694	-297.7000	7.3698	0.3239	1404
colight	TEST	123	636.9625	201.348694	-307.8742	7.5142	0.3395	1279
colight	TRAIN	124	727.8150	194.211777	-275.7329	6.9594	0.2974	1551
colight	TEST	124	620.7945	194.211777	-285.7143	7.1243	0.3280	1392
colight	TRAIN	125	640.9563	174.215927	-281.8002	7.3423	0.3124	1601
colight	TEST	125	614.1532	174.215927	-321.0926	7.7640	0.3387	1266
colight	TRAIN	126	589.5414	152.139694	-233.6069	6.1943	0.2849	1520
colight	TEST	126	572.4747	152.139694	-265.2692	6.9132	0.3130	1601
colight	TRAIN	127	648.0347	120.028236	-263.0891	6.6333	0.3090	1526
colight	TEST	127	563.6685	120.028236	-301.1565	7.4545	0.3229	1472
colight	TRAIN	128	600.5161	105.210938	-282.0897	7.0086	0.3087	1492
colight	TEST	128	550.6257	105.210938	-280.7882	7.1788	0.3177	1579
colight	TRAIN	129	639.8288	113.657234	-233.2216	6.0675	0.2874	1589
colight	TEST	129	611.8711	113.657234	-270.5068	6.9661	0.3195	1466
colight	TRAIN	130	668.6573	108.188728	-259.0049	6.8079	0.2977	1631
colight	TEST	130	591.9979	108.188728	-274.6693	6.9052	0.3161	1420
colight	TRAIN	131	578.8942	102.751045	-262.3543	6.7578	0.2848	1645
colight	TEST	131	661.5236	102.751045	-327.1359	8.0417	0.3215	1379
colight	TRAIN	132	660.3599	100.910133	-305.8442	7.5402	0.3205	1406
colight	TEST	132	619.3001	100.910133	-325.9680	7.9635	0.3404	1233
colight	TRAIN	133	729.9255	105.332291	-279.3686	7.3365	0.3036	1865
colight	TEST	133	659.0000	105.332291	-414.3243	10.8238	0.3949	1208
colight	TRAIN	134	890.2286	106.939011	-364.5629	9.3774	0.3656	1483
colight	TEST	134	617.2991	106.939011	-298.0887	7.6311	0.3161	1371
colight	TRAIN	135	678.5009	124.509811	-280.2177	7.2197	0.3005	1669
colight	TEST	135	627.8203	124.509811	-279.3246	7.1160	0.3261	1419
colight	TRAIN	136	550.2916	101.067451	-233.5167	6.1407	0.3045	1646
colight	TEST	136	572.2223	101.067451	-304.8373	7.3329	0.3296	1345
colight	TRAIN	137	613.4741	99.066170	-288.1542	7.3661	0.3172	1466
colight	TEST	137	575.0915	99.066170	-321.6577	8.1693	0.3251	1465
colight	TRAIN	138	643.2413	95.109940	-320.2146	8.1378	0.3221	1343
colight	TEST	138	628.4702	95.109940	-290.8161	7.4329	0.3188	1478
colight	TRAIN	139	619.1307	104.740372	-300.1417	7.5930	0.3109	1530
colight	TEST	139	637.6424	104.740372	-294.9097	7.3967	0.3260	1426
colight	TRAIN	140	617.7121	120.974739	-252.3317	6.4509	0.2935	1643
colight	TEST	140	614.9868	120.974739	-321.1631	8.0458	0.3282	1361
colight	TRAIN	141	651.4502	107.640137	-333.3185	8.6509	0.3184	1386
colight	TEST	141	627.3655	107.640137	-303.1717	7.5878	0.3260	1338
colight	TRAIN	142	593.6072	129.031769	-261.9973	6.8214	0.2987	1744
colight	TEST	142	590.0098	129.031769	-284.6347	7.4319	0.3134	1534
colight	TRAIN	143	635.1866	131.683548	-272.6048	6.5955	0.3016	1463
colight	TEST	143	636.2061	131.683548	-305.4677	7.5858	0.3188	1286
colight	TRAIN	144	636.5254	149.818817	-244.9153	6.3306	0.2989	1675
colight	TEST	144	516.6943	149.818817	-253.7739	6.6036	0.3174	1737
colight	TRAIN	145	662.8760	125.091797	-279.9256	7.0098	0.3058	1452
colight	TEST	145	609.7100	125.091797	-282.8593	7.2824	0.3339	1431
colight	TRAIN	146	637.1647	118.964386	-262.4331	6.8946	0.3088	1706
colight	TEST	146	664.0462	118.964386	-320.8300	8.0437	0.3215	1342
colight	TRAIN	147	644.6984	120.441338	-256.4635	6.5354	0.2986	1658
colight	TEST	147	584.0958	120.441338	-283.9091	7.3620	0.3051	1430
colight	TRAIN	148	848.3861	125.313042	-338.5288	9.3097	0.3376	1629
colight	TEST	148	574.1015	125.313042	-270.1180	6.8581	0.3088	1694
colight	TRAIN	149	708.1655	130.554855	-258.6658	6.5677	0.2920	1770
colight	TEST	149	646.9082	130.554855	-303.1161	7.9142	0.3205	1373
colight	TRAIN	150	621.1318	109.730164	-312.2525	7.6688	0.3160	1495
colight	TEST	150	622.1769	109.730164	-344.7214	8.7324	0.3349	1334
colight	TRAIN	151	611.3067	123.168991	-283.1309	7.1704	0.3096	1402
colight	TEST	151	662.9133	123.168991	-324.3500	8.1566	0.3153	1315
colight	TRAIN	152	607.8683	135.027695	-303.9753	7.3521	0.2994	1473
colight	TEST	152	598.7075	135.027695	-307.7503	7.4250	0.3223	1282
colight	TRAIN	153	626.9525	140.744843	-274.4626	7.0685	0.3040	1411
colight	TEST	153	646.1297	140.744843	-277.2448	7.2931	0.3096	1650
colight	TRAIN	154	591.1865	148.497299	-246.7680	6.4079	0.3011	1491
colight	TEST	154	637.4613	148.497299	-287.6599	7.3943	0.3063	1435
colight	TRAIN	155	644.8324	139.347565	-272.0619	7.0276	0.2917	1641
colight	TEST	155	620.6029	139.347565	-298.8274	7.6061	0.3124	1302
colight	TRAIN	156	601.6665	115.195190	-264.0436	6.8336	0.3010	1679
colight	TEST	156	647.4201	115.195190	-280.5004	7.0857	0.3071	1540
colight	TRAIN	157	659.6563	116.276604	-294.4716	7.4262	0.3303	1417
colight	TEST	157	689.8579	116.276604	-327.7791	8.4967	0.3229	1323
colight	TRAIN	158	619.4130	135.534576	-315.5947	7.4058	0.3195	1540
colight	TEST	158	566.4430	135.534576	-291.9435	7.5228	0.3064	1648
colight	TRAIN	159	629.3645	136.537689	-263.6455	6.9889	0.3107	1421
colight	TEST	159	605.3459	136.537689	-282.9716	7.3648	0.3101	1642
colight	TRAIN	160	616.5581	137.895462	-263.7545	6.5082	0.2989	1532
colight	TEST	160	571.4538	137.895462	-281.9688	7.0581	0.3113	1547
colight	TRAIN	161	590.0841	121.299034	-269.3302	6.8743	0.3085	1355
colight	TEST	161	597.0971	121.299034	-311.4568	7.6819	0.3204	1431
colight	TRAIN	162	592.2607	136.909546	-256.0845	6.7147	0.3026	1795
colight	TEST	162	638.5944	136.909546	-293.9749	7.7978	0.3235	1504
colight	TRAIN	163	609.8921	105.714912	-252.9703	6.1680	0.2948	1640
colight	TEST	163	617.8754	105.714912	-295.9390	7.4127	0.3189	1356
colight	TRAIN	164	629.3898	118.673103	-245.0808	6.4480	0.2976	1516
colight	TEST	164	623.5470	118.673103	-344.7194	8.6591	0.3286	1382
colight	TRAIN	165	658.2466	114.362389	-289.3251	7.4595	0.2933	1602
colight	TEST	165	572.6770	114.362389	-251.5416	6.5882	0.3069	1712
colight	TRAIN	166	605.7117	126.449135	-268.8896	6.7812	0.3004	1526
colight	TEST	166	592.7478	126.449135	-303.4053	7.7118	0.3273	1475
colight	TRAIN	167	559.7774	118.205933	-275.2010	7.1659	0.2896	1568
colight	TEST	167	631.9006	118.205933	-311.1194	8.0017	0.3235	1378
colight	TRAIN	168	604.0176	122.526703	-263.8723	6.8886	0.3103	1702
colight	TEST	168	577.5281	122.526703	-298.5328	7.7845	0.3217	1532
colight	TRAIN	169	622.1972	118.074532	-271.8455	6.8673	0.3056	1704
colight	TEST	169	610.9755	118.074532	-248.4102	6.6004	0.3054	1470
colight	TRAIN	170	611.4282	107.015259	-245.0227	6.1854	0.2974	1644
colight	TEST	170	570.5421	107.015259	-259.1820	6.6455	0.3169	1461
colight	TRAIN	171	603.6348	112.422676	-242.8430	6.2913	0.2977	1936
colight	TEST	171	567.7610	112.422676	-318.1928	7.8377	0.3229	1456
colight	TRAIN	172	644.6556	98.638062	-311.1740	7.9865	0.3138	1603
colight	TEST	172	594.8577	98.638062	-333.6908	8.7001	0.3290	1293
colight	TRAIN	173	571.4594	98.301521	-304.0147	7.3652	0.3190	1380
colight	TEST	173	596.0000	98.301521	-256.7918	6.5635	0.3008	1564
colight	TRAIN	174	609.8494	103.372810	-311.4912	8.1153	0.3158	1381
colight	TEST	174	575.5017	103.372810	-284.6214	7.5016	0.3108	1449
colight	TRAIN	175	618.0440	101.042580	-375.4303	10.0656	0.3405	1294
colight	TEST	175	692.8575	101.042580	-492.3213	12.3640	0.3960	1130
colight	TRAIN	176	548.4900	115.825577	-224.5637	5.7466	0.2840	1906
colight	TEST	176	712.2843	115.825577	-367.3310	9.5447	0.3212	1238
colight	TRAIN	177	594.4659	115.935135	-280.8591	7.2627	0.2954	1599
colight	TEST	177	646.3248	115.935135	-293.2401	7.7499	0.3165	1444
colight	TRAIN	178	633.8754	111.096268	-279.7453	7.2310	0.2988	1773
colight	TEST	178	574.1994	111.096268	-293.1402	7.3786	0.3099	1389
colight	TRAIN	179	640.2720	127.959290	-257.1795	6.5074	0.2961	1691
colight	TEST	179	641.9843	127.959290	-326.8506	8.2329	0.3227	1334
colight	TRAIN	180	569.7831	113.564064	-296.5673	7.0820	0.3126	1397
colight	TEST	180	554.6206	113.564064	-272.2310	7.1058	0.3082	1592
colight	TRAIN	181	625.0209	123.908356	-266.4327	7.0078	0.2985	1580
colight	TEST	181	612.7578	123.908356	-290.8318	7.1205	0.2968	1408
colight	TRAIN	182	652.8652	111.468254	-265.8279	6.6776	0.3014	1521
colight	TEST	182	576.3955	111.468254	-280.2509	7.2152	0.3133	1565
colight	TRAIN	183	652.1779	102.782326	-292.2042	7.4098	0.3156	1411
colight	TEST	183	564.0795	102.782326	-285.7960	7.4124	0.3277	1471
colight	TRAIN	184	609.3479	113.122269	-289.0925	7.2030	0.3047	1598
colight	TEST	184	616.7078	113.122269	-266.3792	6.8429	0.3140	1434
colight	TRAIN	185	624.9425	124.131226	-291.2950	7.4571	0.3085	1443
colight	TEST	185	606.5766	124.131226	-274.9787	7.1563	0.3079	1561
colight	TRAIN	186	574.6154	117.358353	-246.5195	6.4343	0.2904	1495
colight	TEST	186	569.7265	117.358353	-284.9142	7.1940	0.3048	1466
colight	TRAIN	187	629.6951	121.736717	-272.9857	7.0017	0.3012	1620
colight	TEST	187	622.3701	121.736717	-282.7002	7.3419	0.3054	1424
colight	TRAIN	188	611.5849	133.384521	-371.3824	8.9978	0.3491	1549
colight	TEST	188	582.8120	133.384521	-289.6965	7.5278	0.3079	1601
colight	TRAIN	189	654.9860	125.099457	-281.9768	7.3451	0.3046	1430
colight	TEST	189	688.0914	125.099457	-298.7573	7.5210	0.3236	1302
colight	TRAIN	190	713.7951	133.429672	-258.3264	6.6749	0.3184	1415
colight	TEST	190	598.5792	133.429672	-304.4594	7.6410	0.3363	1364
colight	TRAIN	191	647.1683	113.015648	-273.3607	6.9406	0.3038	1646
colight	TEST	191	548.3747	113.015648	-319.3204	7.7307	0.3248	1460
colight	TRAIN	192	678.5593	118.325562	-299.1826	7.3892	0.3138	1484
colight	TEST	192	616.1900	118.325562	-318.5144	7.8470	0.3419	1279
colight	TRAIN	193	623.0073	111.690300	-292.1054	7.0970	0.2976	1639
colight	TEST	193	628.4947	111.690300	-310.9433	7.5693	0.3430	1312
colight	TRAIN	194	682.1341	122.877342	-262.0982	6.7279	0.2960	1700
colight	TEST	194	599.2715	122.877342	-286.5912	7.4565	0.3150	1418
colight	TRAIN	195	633.1857	127.231186	-267.7938	6.8491	0.2968	1589
colight	TEST	195	629.8165	127.231186	-302.0145	7.7071	0.3133	1259
colight	TRAIN	196	708.4894	122.431335	-323.5379	8.1413	0.3205	1412
colight	TEST	196	575.1371	122.431335	-312.7394	7.7229	0.3135	1422
colight	TRAIN	197	650.7275	125.962280	-251.9563	6.5384	0.2839	1633
colight	TEST	197	588.2782	125.962280	-269.0858	7.0204	0.3200	1621
colight	TRAIN	198	663.0641	132.804138	-299.2112	7.3854	0.3148	1467
colight	TEST	198	660.3552	132.804138	-304.0203	7.7762	0.3130	1329
colight	TRAIN	199	678.7422	133.050201	-302.7091	7.1546	0.3055	1505
colight	TEST	199	652.0522	133.050201	-280.0466	7.2939	0.3061	1455
colight	TRAIN	200	579.4737	142.753510	-289.5529	7.0403	0.2988	1501
colight	TEST	200	618.2257	142.753510	-286.9564	7.4693	0.3087	1453
colight	TRAIN	201	592.7852	142.461929	-258.3520	6.8005	0.2987	1704
colight	TEST	201	645.2594	142.461929	-247.5293	6.5598	0.2966	1384
colight	TRAIN	202	562.0365	122.030403	-273.6048	6.7302	0.3046	1451
colight	TEST	202	665.7982	122.030403	-328.1858	8.6090	0.3246	1363
colight	TRAIN	203	612.4376	138.613007	-298.0148	7.8323	0.3053	1643
colight	TEST	203	617.0236	138.613007	-303.6074	7.7132	0.3232	1570
colight	TRAIN	204	562.4390	129.254898	-286.4500	6.8753	0.3033	1574
colight	TEST	204	672.8608	129.254898	-311.1474	7.9630	0.3224	1466
colight	TRAIN	205	683.4366	122.721703	-243.7830	6.3320	0.2886	1617
colight	TEST	205	606.5477	122.721703	-297.9969	7.6648	0.3243	1415
colight	TRAIN	206	586.7043	114.736481	-245.6405	6.3626	0.2882	1640
colight	TEST	206	562.8725	114.736481	-273.3528	7.0889	0.3186	1459
colight	TRAIN	207	575.6694	130.366470	-259.0520	6.5661	0.2961	1582
colight	TEST	207	609.6681	130.366470	-301.3138	7.4767	0.3208	1588
colight	TRAIN	208	663.7467	124.714119	-267.7429	6.8550	0.2992	1646
colight	TEST	208	607.7867	124.714119	-437.7383	10.9730	0.4311	1116
colight	TRAIN	209	592.0221	135.528229	-269.8970	6.9065	0.2950	1537
colight	TEST	209	699.4881	135.528229	-312.7620	7.6964	0.3261	1381
colight	TRAIN	210	616.6210	135.084534	-312.9956	7.5061	0.3133	1422
colight	TEST	210	542.4492	135.084534	-307.0589	7.3925	0.3264	1467
colight	TRAIN	211	678.7495	132.547348	-290.4100	7.3238	0.3137	1461
colight	TEST	211	578.6212	132.547348	-306.6201	7.7955	0.3173	1357
colight	TRAIN	212	607.6510	152.729340	-266.1315	7.0110	0.3113	1381
colight	TEST	212	619.2848	152.729340	-296.4969	7.4403	0.3322	1489
colight	TRAIN	213	596.4818	132.600296	-257.4044	6.5783	0.3001	1515
colight	TEST	213	576.0239	132.600296	-264.0748	6.7136	0.3118	1630
colight	TRAIN	214	687.0040	111.734634	-253.1924	6.5327	0.2984	1772
colight	TEST	214	600.6015	111.734634	-279.8103	7.2878	0.3243	1556
colight	TRAIN	215	583.3580	108.836845	-275.6801	7.2321	0.3072	1578
colight	TEST	215	642.0054	108.836845	-282.1509	7.3374	0.2975	1485
colight	TRAIN	216	619.2811	106.263031	-267.7170	7.0399	0.2989	1647
colight	TEST	216	624.1868	106.263031	-312.8280	7.6569	0.3269	1306
colight	TRAIN	217	622.6438	108.878387	-251.4627	6.6668	0.2943	1746
colight	TEST	217	562.9158	108.878387	-321.1593	7.7532	0.3316	1389
colight	TRAIN	218	589.0885	100.210503	-255.0369	6.6152	0.2963	1639
colight	TEST	218	611.2182	100.210503	-291.2013	7.3622	0.3115	1535
colight	TRAIN	219	609.9552	97.576523	-293.4621	6.9368	0.3098	1628
colight	TEST	219	659.6586	97.576523	-287.1025	7.3173	0.3071	1438
colight	TRAIN	220	592.5585	102.646637	-259.4340	6.5127	0.2961	1710
colight	TEST	220	623.1723	102.646637	-293.9309	7.7496	0.3157	1457
colight	TRAIN	221	635.5770	107.303429	-265.7135	6.9430	0.3119	1409
colight	TEST	221	569.0882	107.303429	-290.1841	7.3530	0.3216	1554
colight	TRAIN	222	581.7652	91.216492	-266.1077	6.7470	0.2872	1499
colight	TEST	222	653.7708	91.216492	-354.2749	8.2735	0.3372	1348
colight	TRAIN	223	629.6910	108.570084	-282.7955	7.2798	0.3038	1505
colight	TEST	223	592.6461	108.570084	-321.0972	7.9193	0.3314	1458
colight	TRAIN	224	599.8050	99.768097	-251.5889	6.6540	0.3020	1549
colight	TEST	224	545.3336	99.768097	-285.2976	7.1848	0.3040	1478
colight	TRAIN	225	627.8353	94.936798	-277.1491	6.9602	0.2931	1530
colight	TEST	225	609.5647	94.936798	-294.4595	7.3997	0.3122	1399
colight	TRAIN	226	652.3942	99.459763	-304.2084	7.4054	0.3092	1456
colight	TEST	226	644.8967	99.459763	-290.5457	7.3481	0.3149	1442
colight	TRAIN	227	632.0918	101.390556	-237.9521	6.2710	0.2917	1678
colight	TEST	227	606.1037	101.390556	-284.1243	7.3152	0.3250	1494
colight	TRAIN	228	613.2514	100.703949	-261.8639	6.7541	0.2948	1655
colight	TEST	228	624.5569	100.703949	-320.1816	8.4687	0.3130	1354
colight	TRAIN	229	636.4299	96.777115	-288.6097	7.4212	0.3054	1556
colight	TEST	229	551.7708	96.777115	-292.0539	7.2788	0.3207	1623
colight	TRAIN	230	672.4450	103.285088	-261.3543	6.6384	0.2976	1591
colight	TEST	230	622.3012	103.285088	-295.2157	7.6815	0.3096	1494
colight	TRAIN	231	634.3388	114.100426	-226.7808	6.0003	0.2816	1780
colight	TEST	231	641.5596	114.100426	-283.5676	7.4107	0.3060	1335
colight	TRAIN	232	739.9936	99.881531	-287.6229	7.1803	0.3083	1563
colight	TEST	232	697.7987	99.881531	-320.2367	8.3854	0.3167	1277
colight	TRAIN	233	708.9539	107.005722	-253.3295	6.4717	0.2958	1627
colight	TEST	233	560.9058	107.005722	-284.9783	7.3357	0.3159	1624
colight	TRAIN	234	593.7070	107.490494	-257.1405	6.6042	0.2985	1894
colight	TEST	234	695.4048	107.490494	-285.7545	7.3067	0.3032	1366
colight	TRAIN	235	629.5759	103.752213	-273.5767	6.8914	0.2874	1712
colight	TEST	235	605.2897	103.752213	-322.7076	8.1254	0.3076	1460
colight	TRAIN	236	648.5404	106.337151	-273.8641	7.0599	0.3050	1684
colight	TEST	236	545.6288	106.337151	-273.6853	6.9431	0.3144	1592
colight	TRAIN	237	600.3268	109.213097	-271.6924	7.0897	0.3003	1671
colight	TEST	237	598.5366	109.213097	-338.2167	8.3389	0.3294	1310
colight	TRAIN	238	671.9291	100.355820	-314.9417	7.8685	0.3095	1621
colight	TEST	238	632.6445	100.355820	-349.4166	9.0553	0.3343	1291
colight	TRAIN	239	579.3646	89.316483	-254.8931	6.6787	0.2935	1695
colight	TEST	239	628.5311	89.316483	-295.6919	7.8033	0.3041	1350
colight	TRAIN	240	593.2819	94.520988	-279.4232	6.9376	0.2857	1550
colight	TEST	240	585.0616	94.520988	-310.3237	7.7856	0.3157	1444
colight	TRAIN	241	614.2088	97.157578	-236.3241	6.1221	0.2896	1906
colight	TEST	241	607.5131	97.157578	-319.3310	7.6358	0.3204	1339
colight	TRAIN	242	551.2386	89.543434	-250.8799	6.4620	0.2873	1618
colight	TEST	242	614.9056	89.543434	-287.3436	7.4034	0.3155	1356
colight	TRAIN	243	724.1789	89.709122	-264.4226	6.5433	0.2997	1632
colight	TEST	243	637.8211	89.709122	-306.1264	7.6665	0.3074	1325
colight	TRAIN	244	659.1170	92.444817	-269.9060	6.8709	0.3040	1632
colight	TEST	244	643.2443	92.444817	-302.5107	7.7824	0.3163	1408
colight	TRAIN	245	611.7565	93.170944	-275.9310	7.0231	0.2991	1511
colight	TEST	245	621.9006	93.170944	-323.2806	8.0060	0.3350	1288
colight	TRAIN	246	552.2760	93.308136	-260.3046	6.6366	0.2949	1594
colight	TEST	246	607.5585	93.308136	-301.0390	7.5722	0.3220	1615
colight	TRAIN	247	599.9150	86.003464	-263.5572	6.7808	0.2970	1964
colight	TEST	247	618.7786	86.003464	-329.9763	8.3405	0.3282	1260
colight	TRAIN	248	656.2758	87.571640	-301.1081	7.5869	0.3165	1461
colight	TEST	248	628.6200	87.571640	-301.5594	7.4378	0.3143	1429
colight	TRAIN	249	657.1417	89.911613	-262.3210	6.6374	0.2975	1560
colight	TEST	249	623.7701	89.911613	-314.1506	7.7278	0.3187	1370
