hyperlight_mappo	TRAIN	0	1599.4009	0.003795	-354.2270	21.7098	0.1180	7596
hyperlight_mappo	TEST	0	1738.6828	0.003795	-280.6313	17.2141	0.0680	2068
hyperlight_mappo	TRAIN	1	1589.3326	0.003615	-352.4468	21.5979	0.1165	7601
hyperlight_mappo	TRAIN	2	1584.4300	0.003296	-345.4678	21.1697	0.1155	7584
hyperlight_mappo	TRAIN	3	1582.9957	0.003228	-342.5481	20.9915	0.1152	7671
hyperlight_mappo	TRAIN	4	1569.8709	0.003084	-339.6774	20.8160	0.1145	7628
hyperlight_mappo	TRAIN	5	1559.1797	0.002948	-337.6692	20.6891	0.1133	7824
hyperlight_mappo	TEST	5	1749.0983	0.002948	-366.5850	22.4906	0.1054	5095
hyperlight_mappo	TRAIN	6	1548.1952	0.002996	-336.4600	20.6185	0.1127	7775
hyperlight_mappo	TRAIN	7	1546.4309	0.002749	-334.8527	20.5169	0.1142	7815
hyperlight_mappo	TRAIN	8	1528.6325	0.002546	-325.5495	19.9440	0.1126	7966
hyperlight_mappo	TRAIN	9	1529.5341	0.002567	-327.9874	20.0951	0.1138	8039
hyperlight_mappo	TRAIN	10	1506.8298	0.002354	-320.6280	19.6388	0.1142	8243
hyperlight_mappo	TEST	10	1626.7279	0.002354	-306.6171	18.8137	0.1039	6091
hyperlight_mappo	TRAIN	11	1506.5266	0.002323	-321.6159	19.6996	0.1125	8256
hyperlight_mappo	TRAIN	12	1490.6720	0.002090	-308.3057	18.8796	0.1112	8334
hyperlight_mappo	TRAIN	13	1484.0982	0.002174	-313.5317	19.2039	0.1108	8163
hyperlight_mappo	TRAIN	14	1464.2773	0.001905	-302.8154	18.5424	0.1095	8450
hyperlight_mappo	TRAIN	15	1482.4417	0.002005	-314.3536	19.2511	0.1089	8340
hyperlight_mappo	TEST	15	1554.7723	0.002005	-279.9311	17.1741	0.1058	6555
hyperlight_mappo	TRAIN	16	1434.1784	0.001869	-295.7192	18.1062	0.1092	8583
hyperlight_mappo	TRAIN	17	1423.6769	0.001657	-289.8959	17.7512	0.1090	8653
hyperlight_mappo	TRAIN	18	1393.7670	0.001486	-280.2273	17.1560	0.1075	8722
hyperlight_mappo	TRAIN	19	1401.5729	0.001653	-287.4409	17.5977	0.1057	8720
hyperlight_mappo	TRAIN	20	1390.2083	0.001578	-284.2370	17.4005	0.1069	8899
hyperlight_mappo	TEST	20	1415.5046	0.001578	-288.2444	17.6656	0.1261	8962
hyperlight_mappo	TRAIN	21	1390.8637	0.001565	-286.6844	17.5505	0.1045	8777
hyperlight_mappo	TRAIN	22	1373.1437	0.001439	-274.1791	16.7799	0.1053	8822
hyperlight_mappo	TRAIN	23	1367.3357	0.001422	-277.0884	16.9609	0.1050	8876
hyperlight_mappo	TRAIN	24	1364.9962	0.001491	-279.9258	17.1351	0.1054	9037
hyperlight_mappo	TRAIN	25	1351.1200	0.001420	-276.3598	16.9165	0.1044	8953
hyperlight_mappo	TEST	25	1422.9810	0.001420	-315.8545	19.3572	0.1234	8696
hyperlight_mappo	TRAIN	26	1350.3844	0.001452	-277.3900	16.9799	0.1039	9104
hyperlight_mappo	TRAIN	27	1362.4022	0.001519	-280.6493	17.1824	0.1045	9149
hyperlight_mappo	TRAIN	28	1356.5661	0.001448	-282.7334	17.3081	0.1048	9180
hyperlight_mappo	TRAIN	29	1349.4408	0.001472	-280.9703	17.2015	0.1041	8934
hyperlight_mappo	TRAIN	30	1348.3869	0.001475	-280.1901	17.1517	0.1020	9023
hyperlight_mappo	TEST	30	1386.4143	0.001475	-307.8228	18.8645	0.1254	9319
hyperlight_mappo	TRAIN	31	1344.2540	0.001401	-278.1180	17.0222	0.1021	9041
hyperlight_mappo	TRAIN	32	1340.7185	0.001409	-276.0748	16.9002	0.1012	8967
hyperlight_mappo	TRAIN	33	1321.5178	0.001429	-270.1131	16.5314	0.1008	9173
hyperlight_mappo	TRAIN	34	1331.0524	0.001367	-273.8976	16.7626	0.1008	9037
hyperlight_mappo	TRAIN	35	1351.0151	0.001489	-282.6548	17.3039	0.1003	9072
hyperlight_mappo	TEST	35	1379.0536	0.001489	-304.8354	18.6778	0.1158	8959
hyperlight_mappo	TRAIN	36	1344.0072	0.001573	-283.7279	17.3716	0.1018	9115
hyperlight_mappo	TRAIN	37	1329.7327	0.001429	-274.3360	16.7913	0.1006	9039
hyperlight_mappo	TRAIN	38	1334.8877	0.001447	-278.3215	17.0401	0.1007	9040
hyperlight_mappo	TRAIN	39	1331.3234	0.001446	-275.7879	16.8820	0.0999	9010
hyperlight_mappo	TRAIN	40	1350.0364	0.001507	-282.2039	17.2746	0.0985	8895
hyperlight_mappo	TEST	40	1326.2847	0.001507	-285.6661	17.4985	0.1199	9618
hyperlight_mappo	TRAIN	41	1358.4350	0.001602	-285.2116	17.4597	0.0989	8982
hyperlight_mappo	TRAIN	42	1347.8266	0.001599	-284.8834	17.4436	0.0985	9097
hyperlight_mappo	TRAIN	43	1362.1502	0.001647	-291.3051	17.8401	0.0997	8979
hyperlight_mappo	TRAIN	44	1333.5917	0.001612	-277.4271	16.9821	0.0999	9165
hyperlight_mappo	TRAIN	45	1341.6643	0.001687	-287.2090	17.5833	0.0983	9156
hyperlight_mappo	TEST	45	1378.5932	0.001687	-317.6422	19.4615	0.1145	9018
hyperlight_mappo	TRAIN	46	1332.2134	0.001692	-281.3871	17.2296	0.0984	9111
hyperlight_mappo	TRAIN	47	1297.8204	0.001719	-265.5512	16.2513	0.0972	9310
hyperlight_mappo	TRAIN	48	1315.0389	0.001672	-265.4656	16.2465	0.0967	9099
hyperlight_mappo	TRAIN	49	1320.8704	0.001604	-272.6292	16.6873	0.0967	9140
