step:3600/3600, q_loss:0.002840937876407011, rewards:-67.67781829833984, queue:16.931249618530273, delay:0.14018861949443817, throughput:1651
episode:0/250, real avg travel time:1314.6823654390935
Test step:0/250, travel time :1751.0846317280452, rewards:-88.43474578857422, queue:22.155324935913086, delay:0.1565956324338913, throughput:769
New best TEST travel time 1751.0846 at episode 0, saved as best checkpoint
step:3600/3600, q_loss:0.0020408422835631137, rewards:-68.85728454589844, queue:17.22743034362793, delay:0.13890019059181213, throughput:1597
episode:1/250, real avg travel time:1331.512747875354
step:3600/3600, q_loss:0.0020173870900898803, rewards:-66.39572143554688, queue:16.609838485717773, delay:0.13677941262722015, throughput:1677
episode:2/250, real avg travel time:1320.9249291784702
step:3600/3600, q_loss:0.001749981758127242, rewards:-67.2558364868164, queue:16.825057983398438, delay:0.13846571743488312, throughput:1698
episode:3/250, real avg travel time:1297.632790368272
step:3600/3600, q_loss:0.0014717142040162911, rewards:-64.10977935791016, queue:16.038137435913086, delay:0.1362248957157135, throughput:1739
episode:4/250, real avg travel time:1252.5187677053825
step:3600/3600, q_loss:0.0014612118288138767, rewards:-66.28540802001953, queue:16.58194351196289, delay:0.13913890719413757, throughput:1624
episode:5/250, real avg travel time:1299.3140934844193
Test step:5/250, travel time :1713.6026912181303, rewards:-89.6156005859375, queue:22.453588485717773, delay:0.1437315046787262, throughput:612
New best TEST travel time 1713.6027 at episode 5, saved as best checkpoint
step:3600/3600, q_loss:0.0012513233532692178, rewards:-65.44519805908203, queue:16.369850158691406, delay:0.1341981142759323, throughput:1643
episode:6/250, real avg travel time:1293.6837818696883
step:3600/3600, q_loss:0.0011487767721215885, rewards:-62.61363983154297, queue:15.663483619689941, delay:0.13307319581508636, throughput:1725
episode:7/250, real avg travel time:1239.617209631728
step:3600/3600, q_loss:0.0010322011995738671, rewards:-63.96213150024414, queue:15.999594688415527, delay:0.13069403171539307, throughput:1726
episode:8/250, real avg travel time:1250.4288243626063
step:3600/3600, q_loss:0.0007865515209872413, rewards:-61.676273345947266, queue:15.426156997680664, delay:0.1340378075838089, throughput:1694
episode:9/250, real avg travel time:1205.4879603399434
step:3600/3600, q_loss:0.0007070908802963886, rewards:-61.148338317871094, queue:15.293923377990723, delay:0.1355239897966385, throughput:1817
episode:10/250, real avg travel time:1196.7563739376772
Test step:10/250, travel time :1692.9844192634562, rewards:-95.12491607666016, queue:23.833274841308594, delay:0.1556030511856079, throughput:899
New best TEST travel time 1692.9844 at episode 10, saved as best checkpoint
step:3600/3600, q_loss:0.0008543686147917199, rewards:-61.61919021606445, queue:15.411284446716309, delay:0.13655683398246765, throughput:1774
episode:11/250, real avg travel time:1210.5350566572238
step:3600/3600, q_loss:0.0005386900110745136, rewards:-56.93622970581055, queue:14.236747741699219, delay:0.13224098086357117, throughput:1821
episode:12/250, real avg travel time:1139.5481586402266
step:3600/3600, q_loss:0.0006254956896566315, rewards:-58.36745834350586, queue:14.599478721618652, delay:0.13278651237487793, throughput:1748
episode:13/250, real avg travel time:1141.5538243626063
step:3600/3600, q_loss:0.0005485160006095229, rewards:-57.35636520385742, queue:14.343865394592285, delay:0.13134318590164185, throughput:1761
episode:14/250, real avg travel time:1140.853045325779
step:3600/3600, q_loss:0.0005147691922446275, rewards:-60.57685470581055, queue:15.153414726257324, delay:0.13208429515361786, throughput:1746
episode:15/250, real avg travel time:1203.0265580736543
Test step:15/250, travel time :1669.9104107648725, rewards:-93.72933959960938, queue:23.4844913482666, delay:0.1561891734600067, throughput:912
New best TEST travel time 1669.9104 at episode 15, saved as best checkpoint
step:3600/3600, q_loss:0.0004730474956931523, rewards:-58.834510803222656, queue:14.711631774902344, delay:0.1298818588256836, throughput:1724
episode:16/250, real avg travel time:1151.4617563739378
step:3600/3600, q_loss:0.0004780520374576251, rewards:-57.981204986572266, queue:14.500173568725586, delay:0.1338820904493332, throughput:1801
episode:17/250, real avg travel time:1153.8459631728044
step:3600/3600, q_loss:0.00040984043282353213, rewards:-60.351322174072266, queue:15.096643447875977, delay:0.1332109272480011, throughput:1791
episode:18/250, real avg travel time:1186.7436260623228
step:3600/3600, q_loss:0.00034728514398505654, rewards:-56.748287200927734, queue:14.182928085327148, delay:0.13232606649398804, throughput:1827
episode:19/250, real avg travel time:1126.745042492918
step:3600/3600, q_loss:0.00036578724810416684, rewards:-55.25322341918945, queue:13.812673568725586, delay:0.1330132931470871, throughput:1855
episode:20/250, real avg travel time:1112.48335694051
Test step:20/250, travel time :1663.9783994334277, rewards:-88.97926330566406, queue:22.291839599609375, delay:0.1718991994857788, throughput:1280
New best TEST travel time 1663.9784 at episode 20, saved as best checkpoint
step:3600/3600, q_loss:0.0003763111417446239, rewards:-60.33572006225586, queue:15.091435432434082, delay:0.13469642400741577, throughput:1789
episode:21/250, real avg travel time:1182.0308073654392
step:3600/3600, q_loss:0.0002596578884145452, rewards:-55.555301666259766, queue:13.888657569885254, delay:0.13219217956066132, throughput:1811
episode:22/250, real avg travel time:1108.9815864022662
step:3600/3600, q_loss:0.000225702231824628, rewards:-58.10009765625, queue:14.535069465637207, delay:0.13497763872146606, throughput:1795
episode:23/250, real avg travel time:1168.7276912181303
step:3600/3600, q_loss:0.00020101162587740905, rewards:-53.861915588378906, queue:13.464119911193848, delay:0.12845677137374878, throughput:1835
episode:24/250, real avg travel time:1083.5938385269121
step:3600/3600, q_loss:0.00018404946377914813, rewards:-58.150489807128906, queue:14.547859191894531, delay:0.1307634860277176, throughput:1795
episode:25/250, real avg travel time:1154.791430594901
Test step:25/250, travel time :1725.9596317280452, rewards:-89.70225524902344, queue:22.47089195251465, delay:0.1679369956254959, throughput:1186
step:3600/3600, q_loss:0.00016849963339390578, rewards:-56.99629592895508, queue:14.253414154052734, delay:0.1297737956047058, throughput:1791
episode:26/250, real avg travel time:1136.004957507082
step:3600/3600, q_loss:0.0001480110439494896, rewards:-55.068111419677734, queue:13.769559860229492, delay:0.12912017107009888, throughput:1795
episode:27/250, real avg travel time:1115.996104815864
step:3600/3600, q_loss:0.0001289092027294783, rewards:-54.82167053222656, queue:13.709896087646484, delay:0.12411809712648392, throughput:1809
episode:28/250, real avg travel time:1089.3374645892352
step:3600/3600, q_loss:0.00012863294586516272, rewards:-54.8281364440918, queue:13.711111068725586, delay:0.12777340412139893, throughput:1830
episode:29/250, real avg travel time:1096.5502832861189
step:3600/3600, q_loss:0.00019121586523352215, rewards:-58.14437484741211, queue:14.542708396911621, delay:0.12635190784931183, throughput:1727
episode:30/250, real avg travel time:1145.4004957507082
Test step:30/250, travel time :1403.7043201133145, rewards:-76.55172729492188, queue:19.171411514282227, delay:0.15930184721946716, throughput:1486
New best TEST travel time 1403.7043 at episode 30, saved as best checkpoint
step:3600/3600, q_loss:0.00011809165172715798, rewards:-54.8029670715332, queue:13.705439567565918, delay:0.1265643984079361, throughput:1838
episode:31/250, real avg travel time:1085.063385269122
step:3600/3600, q_loss:0.00015907093758959278, rewards:-54.294124603271484, queue:13.580382347106934, delay:0.12792018055915833, throughput:1801
episode:32/250, real avg travel time:1077.015226628895
step:3600/3600, q_loss:8.347745895684685e-05, rewards:-50.61458206176758, queue:12.65179443359375, delay:0.12263315171003342, throughput:1886
episode:33/250, real avg travel time:1021.5690509915014
step:3600/3600, q_loss:0.00010413219764207801, rewards:-53.03379821777344, queue:13.258217811584473, delay:0.12500731647014618, throughput:1867
episode:34/250, real avg travel time:1065.5665722379604
step:3600/3600, q_loss:8.439952981899734e-05, rewards:-54.6176872253418, queue:13.657291412353516, delay:0.1243656575679779, throughput:1759
episode:35/250, real avg travel time:1098.0995042492918
Test step:35/250, travel time :1442.379957507082, rewards:-73.51045989990234, queue:18.410995483398438, delay:0.15667644143104553, throughput:1533
step:3600/3600, q_loss:0.00010265143096653952, rewards:-53.68475341796875, queue:13.421064376831055, delay:0.12794029712677002, throughput:1837
episode:36/250, real avg travel time:1085.8073654390935
step:3600/3600, q_loss:5.85242939170128e-05, rewards:-47.60860061645508, queue:11.896585464477539, delay:0.11887574195861816, throughput:1869
episode:37/250, real avg travel time:990.0563031161473
step:3600/3600, q_loss:5.121653695464318e-05, rewards:-51.579383850097656, queue:12.89508056640625, delay:0.12497225403785706, throughput:1857
episode:38/250, real avg travel time:1052.9157223796035
step:3600/3600, q_loss:6.627829337239634e-05, rewards:-49.975345611572266, queue:12.493171691894531, delay:0.12407694011926651, throughput:1865
episode:39/250, real avg travel time:1037.6094192634562
step:3600/3600, q_loss:6.613477455153142e-05, rewards:-50.25032424926758, queue:12.55891227722168, delay:0.1257982850074768, throughput:1893
episode:40/250, real avg travel time:1036.1788243626063
Test step:40/250, travel time :1382.6529745042492, rewards:-75.15663146972656, queue:18.81707191467285, delay:0.1523161381483078, throughput:1561
New best TEST travel time 1382.6530 at episode 40, saved as best checkpoint
step:3600/3600, q_loss:4.623916810723366e-05, rewards:-45.83540725708008, queue:11.448264122009277, delay:0.1200178936123848, throughput:1898
episode:41/250, real avg travel time:966.9259915014164
step:3600/3600, q_loss:5.263341116477494e-05, rewards:-50.80051040649414, queue:12.699073791503906, delay:0.12531571090221405, throughput:1841
episode:42/250, real avg travel time:1034.2053824362606
step:3600/3600, q_loss:4.896014989181249e-05, rewards:-47.986568450927734, queue:11.993171691894531, delay:0.12237794697284698, throughput:1896
episode:43/250, real avg travel time:997.2004249291784
step:3600/3600, q_loss:3.846911483524758e-05, rewards:-50.26543426513672, queue:12.562962532043457, delay:0.12333732843399048, throughput:1878
episode:44/250, real avg travel time:1041.984773371105
step:3600/3600, q_loss:3.832990726180099e-05, rewards:-50.504634857177734, queue:12.624711036682129, delay:0.12335965037345886, throughput:1868
episode:45/250, real avg travel time:1036.598087818697
Test step:45/250, travel time :1134.8250708215298, rewards:-62.032264709472656, queue:15.533622741699219, delay:0.13561756908893585, throughput:1916
New best TEST travel time 1134.8251 at episode 45, saved as best checkpoint
step:3600/3600, q_loss:2.3880511030761732e-05, rewards:-46.85715103149414, queue:11.707176208496094, delay:0.1199306771159172, throughput:1874
episode:46/250, real avg travel time:971.2124645892351
step:3600/3600, q_loss:5.453576399933225e-05, rewards:-44.11130142211914, queue:11.017824172973633, delay:0.11486294865608215, throughput:1886
episode:47/250, real avg travel time:947.3856232294618
step:3600/3600, q_loss:4.30305246953611e-05, rewards:-42.25564956665039, queue:10.552141189575195, delay:0.12079063802957535, throughput:2018
episode:48/250, real avg travel time:905.6859065155808
step:3600/3600, q_loss:5.108770989111544e-05, rewards:-41.65437316894531, queue:10.400404930114746, delay:0.11937461048364639, throughput:1977
episode:49/250, real avg travel time:889.3477337110481
step:3600/3600, q_loss:3.7657241423234894e-05, rewards:-42.799110412597656, queue:10.691434860229492, delay:0.11792395263910294, throughput:1937
episode:50/250, real avg travel time:897.1593484419263
Test step:50/250, travel time :1341.871104815864, rewards:-70.75933074951172, queue:17.719270706176758, delay:0.14143463969230652, throughput:1658
step:3600/3600, q_loss:1.8828478066917555e-05, rewards:-45.464115142822266, queue:11.359953880310059, delay:0.12057772278785706, throughput:1919
episode:51/250, real avg travel time:939.6515580736544
step:3600/3600, q_loss:2.449186947081744e-05, rewards:-41.1572380065918, queue:10.273263931274414, delay:0.11788509786128998, throughput:1970
episode:52/250, real avg travel time:898.271954674221
step:3600/3600, q_loss:5.411832797467524e-05, rewards:-41.98286819458008, queue:10.485185623168945, delay:0.11903197318315506, throughput:1983
episode:53/250, real avg travel time:906.1012747875354
step:3600/3600, q_loss:2.8959094736449146e-05, rewards:-42.06352615356445, queue:10.502083778381348, delay:0.11483555287122726, throughput:1932
episode:54/250, real avg travel time:903.6749291784703
step:3600/3600, q_loss:2.467683049344262e-05, rewards:-40.75127029418945, queue:10.175289154052734, delay:0.11264901608228683, throughput:1974
episode:55/250, real avg travel time:878.6381019830028
Test step:55/250, travel time :1254.4985835694051, rewards:-62.143558502197266, queue:15.559491157531738, delay:0.1278320848941803, throughput:1631
step:3600/3600, q_loss:2.169110352334417e-05, rewards:-41.54685974121094, queue:10.372395515441895, delay:0.11258082836866379, throughput:1902
episode:56/250, real avg travel time:908.5389518413598
step:3600/3600, q_loss:6.487929394445669e-05, rewards:-41.02713394165039, queue:10.242823600769043, delay:0.10666386783123016, throughput:1909
episode:57/250, real avg travel time:876.9844192634561
step:3600/3600, q_loss:3.2020841055423204e-05, rewards:-38.554996490478516, queue:9.62743091583252, delay:0.10654795169830322, throughput:1946
episode:58/250, real avg travel time:858.310552407932
step:3600/3600, q_loss:2.2026872690652072e-05, rewards:-39.358219146728516, queue:9.827546119689941, delay:0.10583434253931046, throughput:1873
episode:59/250, real avg travel time:865.5070821529745
step:3600/3600, q_loss:2.812080992167287e-05, rewards:-40.862911224365234, queue:10.206539154052734, delay:0.10589739680290222, throughput:1850
episode:60/250, real avg travel time:881.5177053824362
Test step:60/250, travel time :1077.8385269121814, rewards:-50.541107177734375, queue:12.648205757141113, delay:0.10927622765302658, throughput:1677
New best TEST travel time 1077.8385 at episode 60, saved as best checkpoint
step:3600/3600, q_loss:9.980808259390387e-06, rewards:-37.25139617919922, queue:9.290220260620117, delay:0.10349062830209732, throughput:1916
episode:61/250, real avg travel time:833.5587818696883
step:3600/3600, q_loss:3.011639576324802e-05, rewards:-40.012691497802734, queue:9.990046501159668, delay:0.10378340631723404, throughput:1834
episode:62/250, real avg travel time:865.5453257790368
step:3600/3600, q_loss:5.0651214953603934e-05, rewards:-38.98796081542969, queue:9.734606742858887, delay:0.10350047051906586, throughput:1893
episode:63/250, real avg travel time:872.1334985835693
step:3600/3600, q_loss:3.694086105643231e-06, rewards:-39.072227478027344, queue:9.755786895751953, delay:0.10120595246553421, throughput:1857
episode:64/250, real avg travel time:861.2946175637394
step:3600/3600, q_loss:1.7083205647743594e-05, rewards:-37.63052749633789, queue:9.396528244018555, delay:0.09778209030628204, throughput:1850
episode:65/250, real avg travel time:826.9847733711048
Test step:65/250, travel time :1098.4514872521247, rewards:-50.913150787353516, queue:12.740335464477539, delay:0.11198671907186508, throughput:1639
step:3600/3600, q_loss:1.2026361712932955e-06, rewards:-38.57991027832031, queue:9.630903244018555, delay:0.09934456646442413, throughput:1851
episode:66/250, real avg travel time:848.4121813031162
step:3600/3600, q_loss:-2.7258473701407145e-06, rewards:-37.733638763427734, queue:9.41678237915039, delay:0.0989718958735466, throughput:1908
episode:67/250, real avg travel time:840.9624645892351
step:3600/3600, q_loss:2.2868531825089896e-05, rewards:-40.005348205566406, queue:9.994271278381348, delay:0.10580457746982574, throughput:1920
episode:68/250, real avg travel time:890.3052407932012
step:3600/3600, q_loss:1.9643411908390714e-06, rewards:-36.071006774902344, queue:9.002025604248047, delay:0.09434337168931961, throughput:1889
episode:69/250, real avg travel time:809.3792492917847
step:3600/3600, q_loss:-1.0106031334510556e-05, rewards:-38.13031768798828, queue:9.518113136291504, delay:0.10018404573202133, throughput:1901
episode:70/250, real avg travel time:839.719192634561
Test step:70/250, travel time :1063.8109065155807, rewards:-48.78968048095703, queue:12.207870483398438, delay:0.10585165023803711, throughput:1690
New best TEST travel time 1063.8109 at episode 70, saved as best checkpoint
step:3600/3600, q_loss:2.9310992959150928e-06, rewards:-36.48637771606445, queue:9.10694408416748, delay:0.09734105318784714, throughput:1920
episode:71/250, real avg travel time:815.7032577903683
step:3600/3600, q_loss:4.03150398698118e-06, rewards:-37.127174377441406, queue:9.270659446716309, delay:0.09581750631332397, throughput:1856
episode:72/250, real avg travel time:823.7542492917847
step:3600/3600, q_loss:1.3197488352702355e-06, rewards:-37.32762145996094, queue:9.318171501159668, delay:0.0937686339020729, throughput:1880
episode:73/250, real avg travel time:813.4054532577903
step:3600/3600, q_loss:-9.457736756123694e-06, rewards:-36.55379104614258, queue:9.123900413513184, delay:0.09535857290029526, throughput:1922
episode:74/250, real avg travel time:813.3356940509915
step:3600/3600, q_loss:-2.6671923725739304e-06, rewards:-37.695045471191406, queue:9.416146278381348, delay:0.09318196028470993, throughput:1877
episode:75/250, real avg travel time:815.8689801699717
Test step:75/250, travel time :859.6568696883853, rewards:-35.29874038696289, queue:8.82569408416748, delay:0.10110398381948471, throughput:1856
New best TEST travel time 859.6569 at episode 75, saved as best checkpoint
step:3600/3600, q_loss:-1.2595715995786e-06, rewards:-35.016971588134766, queue:8.738309860229492, delay:0.09514562040567398, throughput:1951
episode:76/250, real avg travel time:804.3562322946176
step:3600/3600, q_loss:3.431911758480617e-06, rewards:-36.278926849365234, queue:9.058391571044922, delay:0.09309866279363632, throughput:1933
episode:77/250, real avg travel time:800.247521246459
step:3600/3600, q_loss:1.3808559922409462e-05, rewards:-36.63437271118164, queue:9.148032188415527, delay:0.09220210462808609, throughput:1925
episode:78/250, real avg travel time:790.9971671388103
step:3600/3600, q_loss:-1.377422573838245e-05, rewards:-34.90701675415039, queue:8.709664344787598, delay:0.09160476922988892, throughput:1929
episode:79/250, real avg travel time:794.6193342776204
step:3600/3600, q_loss:-1.4274196705010569e-05, rewards:-36.51288986206055, queue:9.118402481079102, delay:0.09281517565250397, throughput:1880
episode:80/250, real avg travel time:821.5963172804533
Test step:80/250, travel time :899.3360481586402, rewards:-38.525550842285156, queue:9.637499809265137, delay:0.0984371080994606, throughput:1780
step:3600/3600, q_loss:1.1381474941577992e-05, rewards:-36.661197662353516, queue:9.154745101928711, delay:0.09118790179491043, throughput:1889
episode:81/250, real avg travel time:804.4529036827196
step:3600/3600, q_loss:-5.288930957631012e-06, rewards:-34.78620147705078, queue:8.68298625946045, delay:0.09171231836080551, throughput:1929
episode:82/250, real avg travel time:775.5545325779037
step:3600/3600, q_loss:-8.482025953492632e-06, rewards:-35.22475051879883, queue:8.788830757141113, delay:0.09068039804697037, throughput:1977
episode:83/250, real avg travel time:768.2818696883853
step:3600/3600, q_loss:-1.830010233665414e-05, rewards:-35.031246185302734, queue:8.741087913513184, delay:0.089963898062706, throughput:1961
episode:84/250, real avg travel time:771.4036827195467
step:3600/3600, q_loss:-6.166300707623179e-06, rewards:-34.846717834472656, queue:8.692939758300781, delay:0.09144338220357895, throughput:1987
episode:85/250, real avg travel time:762.4245750708216
Test step:85/250, travel time :932.728045325779, rewards:-40.36419677734375, queue:10.09826374053955, delay:0.09679074585437775, throughput:1751
step:3600/3600, q_loss:-1.985749307398995e-05, rewards:-34.78106689453125, queue:8.680266380310059, delay:0.0881451815366745, throughput:1954
episode:86/250, real avg travel time:766.1242917847026
step:3600/3600, q_loss:9.375417319034445e-05, rewards:-30.878076553344727, queue:7.698958396911621, delay:0.0889921709895134, throughput:2038
episode:87/250, real avg travel time:709.9440509915014
step:3600/3600, q_loss:4.1507363224540046e-05, rewards:-30.812896728515625, queue:7.681365966796875, delay:0.08823796361684799, throughput:2019
episode:88/250, real avg travel time:720.9107648725212
step:3600/3600, q_loss:7.262045695779869e-06, rewards:-27.751758575439453, queue:6.918229103088379, delay:0.08443808555603027, throughput:2016
episode:89/250, real avg travel time:693.635269121813
step:3600/3600, q_loss:4.0931360405168415e-05, rewards:-30.525808334350586, queue:7.611863613128662, delay:0.08874986320734024, throughput:1983
episode:90/250, real avg travel time:735.1200424929178
Test step:90/250, travel time :955.0637393767705, rewards:-47.98956298828125, queue:12.009027481079102, delay:0.11555352807044983, throughput:1765
step:3600/3600, q_loss:3.1653007946586535e-05, rewards:-26.7838191986084, queue:6.66707181930542, delay:0.08541493117809296, throughput:2127
episode:91/250, real avg travel time:660.8417138810198
step:3600/3600, q_loss:7.331326767733251e-05, rewards:-23.497591018676758, queue:5.8428239822387695, delay:0.08585797250270844, throughput:2242
episode:92/250, real avg travel time:591.2315864022663
step:3600/3600, q_loss:4.1552733868521485e-05, rewards:-29.039813995361328, queue:7.23258113861084, delay:0.08845573663711548, throughput:2091
episode:93/250, real avg travel time:693.3512747875354
step:3600/3600, q_loss:5.276822089792494e-05, rewards:-20.84060287475586, queue:5.169444561004639, delay:0.08434208482503891, throughput:2313
episode:94/250, real avg travel time:574.0931303116147
step:3600/3600, q_loss:4.641078125087567e-05, rewards:-23.547452926635742, queue:5.8546295166015625, delay:0.0903661772608757, throughput:2289
episode:95/250, real avg travel time:613.0021246458923
Test step:95/250, travel time :743.9426345609065, rewards:-35.36650848388672, queue:8.838772773742676, delay:0.10083603858947754, throughput:2170
New best TEST travel time 743.9426 at episode 95, saved as best checkpoint
step:3600/3600, q_loss:9.23224798127733e-05, rewards:-25.240093231201172, queue:6.274768352508545, delay:0.09367445856332779, throughput:2294
episode:96/250, real avg travel time:626.3353399433428
step:3600/3600, q_loss:2.6353897403258783e-05, rewards:-14.13439655303955, queue:3.470717668533325, delay:0.0768018290400505, throughput:2578
episode:97/250, real avg travel time:472.57684135977337
step:3600/3600, q_loss:5.960324434218583e-05, rewards:-24.592151641845703, queue:6.115161895751953, delay:0.0950743779540062, throughput:2392
episode:98/250, real avg travel time:597.4086402266289
step:3600/3600, q_loss:4.473104095661346e-05, rewards:-16.45513916015625, queue:4.0577545166015625, delay:0.0826047882437706, throughput:2511
episode:99/250, real avg travel time:510.51522662889516
step:3600/3600, q_loss:8.48708741142656e-05, rewards:-17.676668167114258, queue:4.367708206176758, delay:0.08451827615499496, throughput:2405
episode:100/250, real avg travel time:514.989730878187
Test step:100/250, travel time :520.3739376770538, rewards:-21.355724334716797, queue:5.301215171813965, delay:0.08305072039365768, throughput:2596
New best TEST travel time 520.3739 at episode 100, saved as best checkpoint
step:3600/3600, q_loss:2.6671681193818833e-05, rewards:-14.594051361083984, queue:3.5927083492279053, delay:0.08076561987400055, throughput:2616
episode:101/250, real avg travel time:452.53186968838526
step:3600/3600, q_loss:2.2889737235267223e-05, rewards:-12.075324058532715, queue:2.9557292461395264, delay:0.07494305074214935, throughput:2617
episode:102/250, real avg travel time:432.8087818696884
step:3600/3600, q_loss:3.4749644440541296e-06, rewards:-10.826294898986816, queue:2.6375579833984375, delay:0.07398322969675064, throughput:2687
episode:103/250, real avg travel time:383.84313031161474
step:3600/3600, q_loss:3.3132309585602746e-05, rewards:-10.818426132202148, queue:2.640798568725586, delay:0.07766739279031754, throughput:2720
episode:104/250, real avg travel time:382.3558781869688
step:3600/3600, q_loss:-4.8401618209656004e-06, rewards:-11.707015037536621, queue:2.858680486679077, delay:0.0770464688539505, throughput:2683
episode:105/250, real avg travel time:394.3006373937677
Test step:105/250, travel time :482.0492209631728, rewards:-17.7714786529541, queue:4.40625, delay:0.08120278269052505, throughput:2584
New best TEST travel time 482.0492 at episode 105, saved as best checkpoint
step:3600/3600, q_loss:9.728133618072779e-06, rewards:-10.754236221313477, queue:2.62170147895813, delay:0.07750758528709412, throughput:2696
episode:106/250, real avg travel time:393.1366855524079
step:3600/3600, q_loss:3.9797095167968006e-07, rewards:-12.48486042022705, queue:3.05798602104187, delay:0.07626375555992126, throughput:2668
episode:107/250, real avg travel time:419.82896600566573
step:3600/3600, q_loss:-1.6590731684118508e-05, rewards:-12.141736030578613, queue:2.973090171813965, delay:0.0795411691069603, throughput:2690
episode:108/250, real avg travel time:418.07400849858357
step:3600/3600, q_loss:-1.2324781036349357e-05, rewards:-11.103866577148438, queue:2.7126736640930176, delay:0.07554741948843002, throughput:2707
episode:109/250, real avg travel time:388.5350566572238
step:3600/3600, q_loss:-2.8645738177461388e-05, rewards:-11.396529197692871, queue:2.7825231552124023, delay:0.07605839520692825, throughput:2696
episode:110/250, real avg travel time:404.6080028328612
Test step:110/250, travel time :449.721671388102, rewards:-17.17451286315918, queue:4.255671501159668, delay:0.08286209404468536, throughput:2624
New best TEST travel time 449.7217 at episode 110, saved as best checkpoint
step:3600/3600, q_loss:2.4047398215366733e-05, rewards:-23.42279815673828, queue:5.818749904632568, delay:0.09027015417814255, throughput:2374
episode:111/250, real avg travel time:574.332507082153
step:3600/3600, q_loss:-1.699682533522539e-05, rewards:-13.988981246948242, queue:3.4455440044403076, delay:0.07965794205665588, throughput:2591
episode:112/250, real avg travel time:444.49220963172803
step:3600/3600, q_loss:-8.268556686946087e-06, rewards:-12.545323371887207, queue:3.0673611164093018, delay:0.07753285765647888, throughput:2681
episode:113/250, real avg travel time:404.81550991501416
step:3600/3600, q_loss:-2.5523747971430882e-05, rewards:-9.549907684326172, queue:2.321122646331787, delay:0.07119716703891754, throughput:2712
episode:114/250, real avg travel time:358.22273371104814
step:3600/3600, q_loss:2.939650044420067e-05, rewards:-7.40949010848999, queue:1.7791666984558105, delay:0.06828511506319046, throughput:2720
episode:115/250, real avg travel time:329.3997875354108
Test step:115/250, travel time :307.82330028328613, rewards:-9.356110572814941, queue:2.293229103088379, delay:0.07162028551101685, throughput:2743
New best TEST travel time 307.8233 at episode 115, saved as best checkpoint
step:3600/3600, q_loss:2.7078956460442254e-05, rewards:-6.61706018447876, queue:1.5772569179534912, delay:0.06806200742721558, throughput:2733
episode:116/250, real avg travel time:305.04001416430594
step:3600/3600, q_loss:1.4509284584265617e-05, rewards:-6.1377081871032715, queue:1.458622694015503, delay:0.06561067700386047, throughput:2741
episode:117/250, real avg travel time:291.9249291784703
step:3600/3600, q_loss:1.7851530459284048e-05, rewards:-6.218518257141113, queue:1.4810185432434082, delay:0.06762136518955231, throughput:2732
episode:118/250, real avg travel time:296.4075779036827
step:3600/3600, q_loss:1.7829643516444865e-05, rewards:-5.52865743637085, queue:1.302372694015503, delay:0.06711956858634949, throughput:2791
episode:119/250, real avg travel time:266.5860481586402
step:3600/3600, q_loss:1.119299932601459e-05, rewards:-5.267569541931152, queue:1.2368055582046509, delay:0.06589572876691818, throughput:2790
episode:120/250, real avg travel time:262.5169971671388
Test step:120/250, travel time :296.73123229461754, rewards:-8.1875, queue:2.00300931930542, delay:0.06628838181495667, throughput:2724
New best TEST travel time 296.7312 at episode 120, saved as best checkpoint
step:3600/3600, q_loss:1.656214705162486e-05, rewards:-4.918796062469482, queue:1.1517361402511597, delay:0.06444979459047318, throughput:2799
episode:121/250, real avg travel time:255.7878895184136
step:3600/3600, q_loss:8.168695408299013e-06, rewards:-4.770717144012451, queue:1.1090856790542603, delay:0.06352192908525467, throughput:2798
episode:122/250, real avg travel time:254.2893059490085
step:3600/3600, q_loss:-1.040239671797112e-06, rewards:-4.898934841156006, queue:1.1419559717178345, delay:0.06486909836530685, throughput:2797
episode:123/250, real avg travel time:257.0421388101983
step:3600/3600, q_loss:-8.646061753187282e-06, rewards:-4.982592582702637, queue:1.1673611402511597, delay:0.06447383761405945, throughput:2795
episode:124/250, real avg travel time:257.53009915014167
step:3600/3600, q_loss:-1.4053644248813298e-05, rewards:-4.83875036239624, queue:1.1293402910232544, delay:0.062239740043878555, throughput:2790
episode:125/250, real avg travel time:254.65828611898016
Test step:125/250, travel time :257.550283286119, rewards:-5.915232181549072, queue:1.423553228378296, delay:0.059496328234672546, throughput:2739
New best TEST travel time 257.5503 at episode 125, saved as best checkpoint
step:3600/3600, q_loss:-9.139412101415663e-06, rewards:-4.317476749420166, queue:0.9978588223457336, delay:0.06076055392622948, throughput:2789
episode:126/250, real avg travel time:244.35623229461757
step:3600/3600, q_loss:-1.3425416761526354e-05, rewards:-4.240717887878418, queue:0.9826967716217041, delay:0.059515368193387985, throughput:2794
episode:127/250, real avg travel time:242.75531161473089
step:3600/3600, q_loss:-1.535191700828296e-05, rewards:-4.377685070037842, queue:1.013368010520935, delay:0.060436494648456573, throughput:2803
episode:128/250, real avg travel time:246.12464589235128
step:3600/3600, q_loss:-1.9321519088138034e-05, rewards:-4.261504650115967, queue:0.9807870388031006, delay:0.060453202575445175, throughput:2799
episode:129/250, real avg travel time:242.5350566572238
step:3600/3600, q_loss:-2.406832088722077e-05, rewards:-4.138842582702637, queue:0.9539930820465088, delay:0.05956292897462845, throughput:2797
episode:130/250, real avg travel time:240.11012747875355
Test step:130/250, travel time :233.11189801699717, rewards:-4.47131872177124, queue:1.0704282522201538, delay:0.05343750864267349, throughput:2783
New best TEST travel time 233.1119 at episode 130, saved as best checkpoint
step:3600/3600, q_loss:-2.1876629914823965e-05, rewards:-4.004699230194092, queue:0.9210069179534912, delay:0.059219006448984146, throughput:2797
episode:131/250, real avg travel time:238.28257790368272
step:3600/3600, q_loss:-2.6637269076201376e-05, rewards:-4.023379325866699, queue:0.9212384223937988, delay:0.05835661292076111, throughput:2800
episode:132/250, real avg travel time:238.16926345609065
step:3600/3600, q_loss:-3.067033572329415e-05, rewards:-3.853726625442505, queue:0.8810763955116272, delay:0.05751055106520653, throughput:2796
episode:133/250, real avg travel time:235.43378186968837
step:3600/3600, q_loss:-2.576231555495825e-05, rewards:-3.69726824760437, queue:0.8419560194015503, delay:0.05643068626523018, throughput:2800
episode:134/250, real avg travel time:232.2779745042493
step:3600/3600, q_loss:-2.3400607622332044e-05, rewards:-3.622476577758789, queue:0.8265625238418579, delay:0.05561693012714386, throughput:2802
episode:135/250, real avg travel time:230.80807365439094
Test step:135/250, travel time :213.14093484419263, rewards:-3.193472385406494, queue:0.7508102059364319, delay:0.04633837193250656, throughput:2790
New best TEST travel time 213.1409 at episode 135, saved as best checkpoint
step:3600/3600, q_loss:-2.2279985254791416e-05, rewards:-3.547060251235962, queue:0.8075810074806213, delay:0.05548064038157463, throughput:2799
episode:136/250, real avg travel time:228.86437677053826
step:3600/3600, q_loss:-3.1748193569113444e-05, rewards:-3.512800693511963, queue:0.7962384223937988, delay:0.054102230817079544, throughput:2796
episode:137/250, real avg travel time:228.1349150141643
step:3600/3600, q_loss:-3.1341721352626696e-05, rewards:-3.512082815170288, queue:0.7993634343147278, delay:0.053288742899894714, throughput:2802
episode:138/250, real avg travel time:227.29815864022663
step:3600/3600, q_loss:-2.8870345767368967e-05, rewards:-3.351226806640625, queue:0.7612268328666687, delay:0.05331958457827568, throughput:2804
episode:139/250, real avg travel time:224.82896600566573
step:3600/3600, q_loss:-2.8318026603234036e-05, rewards:-3.324652671813965, queue:0.7572916746139526, delay:0.05162382870912552, throughput:2801
episode:140/250, real avg travel time:223.80417847025495
Test step:140/250, travel time :203.68271954674222, rewards:-2.5119214057922363, queue:0.5748263597488403, delay:0.038273412734270096, throughput:2797
New best TEST travel time 203.6827 at episode 140, saved as best checkpoint
step:3600/3600, q_loss:-2.7904021417158712e-05, rewards:-3.2178473472595215, queue:0.7285301089286804, delay:0.051020387560129166, throughput:2804
episode:141/250, real avg travel time:222.54178470254956
step:3600/3600, q_loss:-3.411468139268964e-05, rewards:-3.183865785598755, queue:0.721122682094574, delay:0.05002370476722717, throughput:2801
episode:142/250, real avg travel time:221.89235127478753
step:3600/3600, q_loss:-3.296289974564893e-05, rewards:-3.115346908569336, queue:0.7031828761100769, delay:0.04823211953043938, throughput:2799
episode:143/250, real avg travel time:220.14837110481585
step:3600/3600, q_loss:-3.0504860254119575e-05, rewards:-3.01812481880188, queue:0.6832754611968994, delay:0.048010874539613724, throughput:2803
episode:144/250, real avg travel time:217.59065155807366
step:3600/3600, q_loss:-3.240011056833383e-05, rewards:-2.922407388687134, queue:0.6611111164093018, delay:0.04734785854816437, throughput:2799
episode:145/250, real avg travel time:215.3707507082153
Test step:145/250, travel time :198.93980169971672, rewards:-2.2470366954803467, queue:0.5133101940155029, delay:0.034598588943481445, throughput:2797
New best TEST travel time 198.9398 at episode 145, saved as best checkpoint
step:3600/3600, q_loss:-2.9744853101739728e-05, rewards:-2.6301157474517822, queue:0.5894097089767456, delay:0.04534834250807762, throughput:2805
episode:146/250, real avg travel time:211.66076487252124
step:3600/3600, q_loss:-2.7209442118930133e-05, rewards:-2.643263816833496, queue:0.5917245149612427, delay:0.044701576232910156, throughput:2799
episode:147/250, real avg travel time:211.0421388101983
step:3600/3600, q_loss:-2.613934780971182e-05, rewards:-2.6378703117370605, queue:0.5964698791503906, delay:0.04406416043639183, throughput:2800
episode:148/250, real avg travel time:209.25212464589234
step:3600/3600, q_loss:-2.8516053916300064e-05, rewards:-2.558009624481201, queue:0.5769675970077515, delay:0.04338240996003151, throughput:2802
episode:149/250, real avg travel time:207.5771954674221
step:3600/3600, q_loss:-2.981416674842483e-05, rewards:-2.4951846599578857, queue:0.5631365776062012, delay:0.04255485534667969, throughput:2806
episode:150/250, real avg travel time:206.72839943342777
Test step:150/250, travel time :197.1728045325779, rewards:-2.257291316986084, queue:0.5221643447875977, delay:0.03310984745621681, throughput:2791
New best TEST travel time 197.1728 at episode 150, saved as best checkpoint
step:3600/3600, q_loss:-3.458329718588725e-05, rewards:-2.4167592525482178, queue:0.5436342358589172, delay:0.04197489470243454, throughput:2803
episode:151/250, real avg travel time:204.90828611898016
step:3600/3600, q_loss:-3.282715240205971e-05, rewards:-2.352707862854004, queue:0.5318865776062012, delay:0.04119165986776352, throughput:2806
episode:152/250, real avg travel time:203.69830028328613
step:3600/3600, q_loss:-3.561952139141705e-05, rewards:-2.351898193359375, queue:0.5298032164573669, delay:0.04161373898386955, throughput:2803
episode:153/250, real avg travel time:203.93094900849857
step:3600/3600, q_loss:-2.8443769774583663e-05, rewards:-2.2335879802703857, queue:0.49780091643333435, delay:0.04054924473166466, throughput:2807
episode:154/250, real avg travel time:201.83640226628896
step:3600/3600, q_loss:-3.525548766188922e-05, rewards:-2.210462808609009, queue:0.4975694417953491, delay:0.03950852155685425, throughput:2806
episode:155/250, real avg travel time:201.04036827195466
Test step:155/250, travel time :190.84950424929178, rewards:-1.8450926542282104, queue:0.4157986044883728, delay:0.032560158520936966, throughput:2802
New best TEST travel time 190.8495 at episode 155, saved as best checkpoint
step:3600/3600, q_loss:-2.823524514103975e-05, rewards:-2.167731761932373, queue:0.4877893626689911, delay:0.03919663652777672, throughput:2806
episode:156/250, real avg travel time:200.12429178470256
step:3600/3600, q_loss:-2.5254648529499033e-05, rewards:-2.1295135021209717, queue:0.48130786418914795, delay:0.03916887938976288, throughput:2806
episode:157/250, real avg travel time:198.74114730878188
step:3600/3600, q_loss:-2.8293982886904738e-05, rewards:-2.035555362701416, queue:0.45711806416511536, delay:0.037240758538246155, throughput:2810
episode:158/250, real avg travel time:197.42705382436262
step:3600/3600, q_loss:-3.1003853799142864e-05, rewards:-2.0509722232818604, queue:0.4583333432674408, delay:0.03753851354122162, throughput:2809
episode:159/250, real avg travel time:197.67492917847025
step:3600/3600, q_loss:-2.5716819297407328e-05, rewards:-2.072638750076294, queue:0.466377317905426, delay:0.03794488683342934, throughput:2809
episode:160/250, real avg travel time:197.95007082152975
Test step:160/250, travel time :188.16466005665723, rewards:-1.6538424491882324, queue:0.3706018626689911, delay:0.03087988868355751, throughput:2810
New best TEST travel time 188.1647 at episode 160, saved as best checkpoint
step:3600/3600, q_loss:-2.583221688343465e-05, rewards:-2.008333444595337, queue:0.44820600748062134, delay:0.036330997943878174, throughput:2808
episode:161/250, real avg travel time:196.9762747875354
step:3600/3600, q_loss:-3.5551431686559944e-05, rewards:-1.9912731647491455, queue:0.4460648000240326, delay:0.0362003855407238, throughput:2806
episode:162/250, real avg travel time:197.13385269121812
step:3600/3600, q_loss:-3.259097187158962e-05, rewards:-1.9148379564285278, queue:0.4259837865829468, delay:0.035387299954891205, throughput:2810
episode:163/250, real avg travel time:194.7457507082153
step:3600/3600, q_loss:-2.92209770033182e-05, rewards:-1.960439920425415, queue:0.439872682094574, delay:0.03601766377687454, throughput:2810
episode:164/250, real avg travel time:196.0014164305949
step:3600/3600, q_loss:-2.7398412679264575e-05, rewards:-1.8700463771820068, queue:0.41793981194496155, delay:0.034515537321567535, throughput:2807
episode:165/250, real avg travel time:193.81267705382436
Test step:165/250, travel time :186.03824362606233, rewards:-1.5286110639572144, queue:0.34155091643333435, delay:0.028868721798062325, throughput:2810
New best TEST travel time 186.0382 at episode 165, saved as best checkpoint
step:3600/3600, q_loss:-2.3954488063248356e-05, rewards:-1.828958511352539, queue:0.4090277850627899, delay:0.03458818420767784, throughput:2805
episode:166/250, real avg travel time:193.24398016997168
step:3600/3600, q_loss:-3.025908260979908e-05, rewards:-1.7713658809661865, queue:0.3931713104248047, delay:0.033849701285362244, throughput:2811
episode:167/250, real avg travel time:192.48406515580737
step:3600/3600, q_loss:-2.7716464476579408e-05, rewards:-1.8091434240341187, queue:0.40133100748062134, delay:0.03392798826098442, throughput:2809
episode:168/250, real avg travel time:192.68130311614732
step:3600/3600, q_loss:-2.109951959106565e-05, rewards:-1.793889045715332, queue:0.3967013955116272, delay:0.03433138132095337, throughput:2807
episode:169/250, real avg travel time:193.06126062322946
step:3600/3600, q_loss:-2.587106268217695e-05, rewards:-1.763726830482483, queue:0.39126157760620117, delay:0.03398458659648895, throughput:2809
episode:170/250, real avg travel time:192.53576487252124
Test step:170/250, travel time :184.69865439093485, rewards:-1.4025695323944092, queue:0.30931714177131653, delay:0.02800026908516884, throughput:2811
New best TEST travel time 184.6987 at episode 170, saved as best checkpoint
step:3600/3600, q_loss:-2.3711892132313903e-05, rewards:-1.751597285270691, queue:0.38599535822868347, delay:0.033601634204387665, throughput:2808
episode:171/250, real avg travel time:192.22131728045326
step:3600/3600, q_loss:-2.102748358645189e-05, rewards:-1.7547917366027832, queue:0.3890046179294586, delay:0.03381512314081192, throughput:2807
episode:172/250, real avg travel time:191.8806657223796
step:3600/3600, q_loss:-2.305396614426655e-05, rewards:-1.715277910232544, queue:0.3810763955116272, delay:0.03315766528248787, throughput:2808
episode:173/250, real avg travel time:191.2106940509915
step:3600/3600, q_loss:-2.965099199094384e-05, rewards:-1.679235816001892, queue:0.37372684478759766, delay:0.032978177070617676, throughput:2810
episode:174/250, real avg travel time:190.42174220963173
step:3600/3600, q_loss:-2.5637199229813743e-05, rewards:-1.6434260606765747, queue:0.3645254671573639, delay:0.032160721719264984, throughput:2809
episode:175/250, real avg travel time:189.46600566572238
Test step:175/250, travel time :182.82507082152975, rewards:-1.3556945323944092, queue:0.29832175374031067, delay:0.027402350679039955, throughput:2810
New best TEST travel time 182.8251 at episode 175, saved as best checkpoint
step:3600/3600, q_loss:-2.863095418613312e-05, rewards:-1.6021298170089722, queue:0.3530671298503876, delay:0.031609173864126205, throughput:2809
episode:176/250, real avg travel time:189.07330028328613
step:3600/3600, q_loss:-2.3188939918821423e-05, rewards:-1.6115046739578247, queue:0.3548611104488373, delay:0.031779754906892776, throughput:2807
episode:177/250, real avg travel time:188.9086402266289
step:3600/3600, q_loss:-2.3722250221504104e-05, rewards:-1.5344675779342651, queue:0.3395254611968994, delay:0.031010599806904793, throughput:2811
episode:178/250, real avg travel time:187.24362606232296
step:3600/3600, q_loss:-2.8760227292810603e-05, rewards:-1.603819489479065, queue:0.3568286895751953, delay:0.03136414289474487, throughput:2808
episode:179/250, real avg travel time:189.16218130311614
step:3600/3600, q_loss:-2.044447761296329e-05, rewards:-1.6104629039764404, queue:0.35636574029922485, delay:0.03187214210629463, throughput:2810
episode:180/250, real avg travel time:188.80240793201133
Test step:180/250, travel time :182.1444759206799, rewards:-1.328356385231018, queue:0.2931712865829468, delay:0.027155473828315735, throughput:2810
New best TEST travel time 182.1445 at episode 180, saved as best checkpoint
step:3600/3600, q_loss:-2.8169717220014628e-05, rewards:-1.5699998140335083, queue:0.3481481373310089, delay:0.031335506588220596, throughput:2811
episode:181/250, real avg travel time:187.97237960339945
step:3600/3600, q_loss:-1.2426227288044713e-05, rewards:-1.6237964630126953, queue:0.3629050850868225, delay:0.03209417313337326, throughput:2806
episode:182/250, real avg travel time:189.13668555240793
step:3600/3600, q_loss:-2.8382692727501748e-05, rewards:-1.5983797311782837, queue:0.3534722328186035, delay:0.031109647825360298, throughput:2810
episode:183/250, real avg travel time:188.80488668555242
step:3600/3600, q_loss:-2.2476650867898616e-05, rewards:-1.5247453451156616, queue:0.33472222089767456, delay:0.030839743092656136, throughput:2810
episode:184/250, real avg travel time:187.51168555240793
step:3600/3600, q_loss:-2.2661848134579666e-05, rewards:-1.5140970945358276, queue:0.33206018805503845, delay:0.030522657558321953, throughput:2810
episode:185/250, real avg travel time:187.04143059490085
Test step:185/250, travel time :182.80488668555242, rewards:-1.3289583921432495, queue:0.2907407283782959, delay:0.027347996830940247, throughput:2808
step:3600/3600, q_loss:-3.171873248015519e-05, rewards:-1.5002083778381348, queue:0.3281828761100769, delay:0.030282292515039444, throughput:2810
episode:186/250, real avg travel time:187.01451841359773
step:3600/3600, q_loss:-1.9832379594272762e-05, rewards:-1.4906713962554932, queue:0.32609954476356506, delay:0.02975725196301937, throughput:2809
episode:187/250, real avg travel time:186.66395184135976
step:3600/3600, q_loss:-2.6576796508491915e-05, rewards:-1.5381251573562622, queue:0.34056714177131653, delay:0.030361294746398926, throughput:2809
episode:188/250, real avg travel time:187.30736543909347
step:3600/3600, q_loss:-2.2977306834496786e-05, rewards:-1.5563888549804688, queue:0.34577545523643494, delay:0.03050556220114231, throughput:2808
episode:189/250, real avg travel time:187.32507082152975
step:3600/3600, q_loss:-1.982132804344328e-05, rewards:-1.4638888835906982, queue:0.3220486044883728, delay:0.029718343168497086, throughput:2808
episode:190/250, real avg travel time:185.67103399433427
Test step:190/250, travel time :182.0407223796034, rewards:-1.3148611783981323, queue:0.28848379850387573, delay:0.027151362970471382, throughput:2810
New best TEST travel time 182.0407 at episode 190, saved as best checkpoint
step:3600/3600, q_loss:-2.172927014288251e-05, rewards:-1.4628010988235474, queue:0.32071760296821594, delay:0.029981829226017, throughput:2808
episode:191/250, real avg travel time:185.67740793201133
step:3600/3600, q_loss:-4.34186033628605e-06, rewards:-1.4532177448272705, queue:0.3220486044883728, delay:0.029816245660185814, throughput:2808
episode:192/250, real avg travel time:185.45007082152975
step:3600/3600, q_loss:-2.1243962728027486e-05, rewards:-1.4712963104248047, queue:0.32604166865348816, delay:0.030293093994259834, throughput:2811
episode:193/250, real avg travel time:185.7623937677054
step:3600/3600, q_loss:-2.1461095753626e-05, rewards:-1.4347686767578125, queue:0.3157986104488373, delay:0.02946123108267784, throughput:2810
episode:194/250, real avg travel time:185.45467422096317
step:3600/3600, q_loss:-1.4677576711372599e-05, rewards:-1.4752546548843384, queue:0.32760417461395264, delay:0.030224235728383064, throughput:2810
episode:195/250, real avg travel time:185.87145892351276
Test step:195/250, travel time :183.30453257790367, rewards:-1.3766436576843262, queue:0.30271992087364197, delay:0.028622040525078773, throughput:2809
step:3600/3600, q_loss:-1.948090308966736e-05, rewards:-1.4879628419876099, queue:0.3271411955356598, delay:0.030437804758548737, throughput:2810
episode:196/250, real avg travel time:185.96529745042494
step:3600/3600, q_loss:-2.4000433166540103e-05, rewards:-1.4963195323944092, queue:0.3322916626930237, delay:0.03006042167544365, throughput:2810
episode:197/250, real avg travel time:186.06055240793202
step:3600/3600, q_loss:-2.0950149516948716e-05, rewards:-1.4418749809265137, queue:0.31637731194496155, delay:0.02978665754199028, throughput:2809
episode:198/250, real avg travel time:185.15934844192634
step:3600/3600, q_loss:-1.7238160836751815e-05, rewards:-1.5433332920074463, queue:0.34432870149612427, delay:0.030792901292443275, throughput:2809
episode:199/250, real avg travel time:186.40191218130312
step:3600/3600, q_loss:-2.2275481652612165e-05, rewards:-1.4809027910232544, queue:0.3270833194255829, delay:0.0300254225730896, throughput:2805
episode:200/250, real avg travel time:186.03399433427762
Test step:200/250, travel time :181.65793201133144, rewards:-1.3048146963119507, queue:0.2854166626930237, delay:0.02758072130382061, throughput:2809
New best TEST travel time 181.6579 at episode 200, saved as best checkpoint
step:3600/3600, q_loss:-1.5405127146269806e-05, rewards:-1.4420603513717651, queue:0.3196180462837219, delay:0.029365897178649902, throughput:2808
episode:201/250, real avg travel time:184.9663597733711
step:3600/3600, q_loss:-2.216509008711135e-05, rewards:-1.4904862642288208, queue:0.3300347328186035, delay:0.03044384904205799, throughput:2808
episode:202/250, real avg travel time:185.68130311614732
step:3600/3600, q_loss:-2.3380179751526424e-05, rewards:-1.4148147106170654, queue:0.31383103132247925, delay:0.02960779145359993, throughput:2809
episode:203/250, real avg travel time:184.40545325779036
step:3600/3600, q_loss:-1.9654568843830975e-05, rewards:-1.4007868766784668, queue:0.30873844027519226, delay:0.028521018102765083, throughput:2809
episode:204/250, real avg travel time:184.2595609065156
step:3600/3600, q_loss:-1.8315950252638875e-05, rewards:-1.4361572265625, queue:0.31458333134651184, delay:0.02961614914238453, throughput:2809
episode:205/250, real avg travel time:185.31338526912182
Test step:205/250, travel time :180.9985835694051, rewards:-1.2564120292663574, queue:0.27563658356666565, delay:0.02677253447473049, throughput:2811
New best TEST travel time 180.9986 at episode 205, saved as best checkpoint
step:3600/3600, q_loss:-1.612256416177124e-05, rewards:-1.4022221565246582, queue:0.3083912134170532, delay:0.029158815741539, throughput:2806
episode:206/250, real avg travel time:184.67563739376772
step:3600/3600, q_loss:-2.0192201586330977e-05, rewards:-1.380138874053955, queue:0.30000001192092896, delay:0.028806172311306, throughput:2806
episode:207/250, real avg travel time:184.21175637393767
step:3600/3600, q_loss:-1.5976212388421928e-05, rewards:-1.3511805534362793, queue:0.2951967716217041, delay:0.02836710587143898, throughput:2808
episode:208/250, real avg travel time:184.34206798866856
step:3600/3600, q_loss:-1.7250730242166255e-05, rewards:-1.4093515872955322, queue:0.3108796179294586, delay:0.02912384271621704, throughput:2808
episode:209/250, real avg travel time:184.88385269121812
step:3600/3600, q_loss:-1.9828638943619334e-05, rewards:-1.3844444751739502, queue:0.30353009700775146, delay:0.028647202998399734, throughput:2807
episode:210/250, real avg travel time:184.39412181303115
Test step:210/250, travel time :180.078611898017, rewards:-1.1760648488998413, queue:0.25219908356666565, delay:0.02581806108355522, throughput:2809
New best TEST travel time 180.0786 at episode 210, saved as best checkpoint
step:3600/3600, q_loss:-1.694101011696743e-05, rewards:-1.3642361164093018, queue:0.29739582538604736, delay:0.028866291046142578, throughput:2808
episode:211/250, real avg travel time:184.8551699716714
step:3600/3600, q_loss:-1.8199908052697593e-05, rewards:-1.310509204864502, queue:0.28611111640930176, delay:0.027863383293151855, throughput:2809
episode:212/250, real avg travel time:183.43024079320114
step:3600/3600, q_loss:-1.807908694989933e-05, rewards:-1.3394442796707153, queue:0.29114583134651184, delay:0.02834777534008026, throughput:2808
episode:213/250, real avg travel time:183.9185552407932
step:3600/3600, q_loss:-1.8798797765033848e-05, rewards:-1.3341435194015503, queue:0.29299768805503845, delay:0.028274519369006157, throughput:2806
episode:214/250, real avg travel time:183.64412181303115
step:3600/3600, q_loss:-1.669474360015657e-05, rewards:-1.336782455444336, queue:0.29218751192092896, delay:0.027986152097582817, throughput:2807
episode:215/250, real avg travel time:183.84631728045326
Test step:215/250, travel time :180.69936260623228, rewards:-1.190555453300476, queue:0.25653934478759766, delay:0.025686774402856827, throughput:2810
step:3600/3600, q_loss:-2.0195018783223206e-05, rewards:-1.307754635810852, queue:0.2820601761341095, delay:0.027818867936730385, throughput:2807
episode:216/250, real avg travel time:183.83746458923514
step:3600/3600, q_loss:-2.6170713223378965e-05, rewards:-1.3207870721817017, queue:0.28501155972480774, delay:0.027695782482624054, throughput:2809
episode:217/250, real avg travel time:184.0941926345609
step:3600/3600, q_loss:-1.529287101332972e-05, rewards:-1.3257406949996948, queue:0.28952544927597046, delay:0.027903197333216667, throughput:2808
episode:218/250, real avg travel time:184.0109773371105
step:3600/3600, q_loss:-1.5625162524412626e-05, rewards:-1.4057869911193848, queue:0.3083333373069763, delay:0.028142109513282776, throughput:2805
episode:219/250, real avg travel time:185.87181303116148
step:3600/3600, q_loss:-2.7626043869711367e-05, rewards:-1.3249999284744263, queue:0.28871527314186096, delay:0.027692537754774094, throughput:2810
episode:220/250, real avg travel time:184.76628895184135
Test step:220/250, travel time :180.157223796034, rewards:-1.1585415601730347, queue:0.2507523000240326, delay:0.025386868044734, throughput:2809
step:3600/3600, q_loss:-1.390958068328967e-05, rewards:-1.3204165697097778, queue:0.28501155972480774, delay:0.028017239645123482, throughput:2809
episode:221/250, real avg travel time:184.3820821529745
step:3600/3600, q_loss:-2.0041642009918752e-05, rewards:-1.3528704643249512, queue:0.29461807012557983, delay:0.028678758069872856, throughput:2809
episode:222/250, real avg travel time:184.95892351274787
step:3600/3600, q_loss:-1.632919356106194e-05, rewards:-1.341481328010559, queue:0.29033565521240234, delay:0.028491657227277756, throughput:2806
episode:223/250, real avg travel time:184.73264872521247
step:3600/3600, q_loss:-1.3887737180612246e-05, rewards:-1.2847222089767456, queue:0.2803819477558136, delay:0.027185093611478806, throughput:2807
episode:224/250, real avg travel time:183.1349150141643
step:3600/3600, q_loss:-8.38152298927997e-06, rewards:-1.2956249713897705, queue:0.2810764014720917, delay:0.027682216838002205, throughput:2810
episode:225/250, real avg travel time:183.14553824362605
Test step:225/250, travel time :180.74256373937678, rewards:-1.2050461769104004, queue:0.2612847089767456, delay:0.02619139663875103, throughput:2807
step:3600/3600, q_loss:-1.7225671969900298e-05, rewards:-1.350555419921875, queue:0.2944444417953491, delay:0.028320860117673874, throughput:2810
episode:226/250, real avg travel time:184.51876770538243
step:3600/3600, q_loss:-2.4053605253963422e-05, rewards:-1.2919443845748901, queue:0.2795717716217041, delay:0.027502834796905518, throughput:2810
episode:227/250, real avg travel time:183.09525495750708
step:3600/3600, q_loss:-1.926707006117076e-05, rewards:-1.3079630136489868, queue:0.2846064865589142, delay:0.027562834322452545, throughput:2810
episode:228/250, real avg travel time:183.54709631728045
step:3600/3600, q_loss:-1.0782829342111026e-05, rewards:-1.3667824268341064, queue:0.29901620745658875, delay:0.027450857684016228, throughput:2808
episode:229/250, real avg travel time:185.40545325779036
step:3600/3600, q_loss:-1.2656563158537963e-05, rewards:-1.2629398107528687, queue:0.27222222089767456, delay:0.02667856588959694, throughput:2810
episode:230/250, real avg travel time:182.85198300283287
Test step:230/250, travel time :179.66466005665723, rewards:-1.1414121389389038, queue:0.24612268805503845, delay:0.02467353455722332, throughput:2809
New best TEST travel time 179.6647 at episode 230, saved as best checkpoint
step:3600/3600, q_loss:-1.3986467434104853e-05, rewards:-1.3191434144973755, queue:0.2862847149372101, delay:0.027111435309052467, throughput:2809
episode:231/250, real avg travel time:184.143059490085
step:3600/3600, q_loss:-2.6206209476646264e-05, rewards:-1.2577545642852783, queue:0.27048611640930176, delay:0.026805005967617035, throughput:2810
episode:232/250, real avg travel time:182.61898016997168
step:3600/3600, q_loss:-1.876761006438576e-05, rewards:-1.3025463819503784, queue:0.28530094027519226, delay:0.027291538193821907, throughput:2808
episode:233/250, real avg travel time:183.41182719546742
step:3600/3600, q_loss:-1.8590540311839662e-05, rewards:-1.2672452926635742, queue:0.27482637763023376, delay:0.02702643722295761, throughput:2810
episode:234/250, real avg travel time:182.36898016997168
step:3600/3600, q_loss:-1.8952235404867678e-05, rewards:-1.2653241157531738, queue:0.27285879850387573, delay:0.02697860263288021, throughput:2806
episode:235/250, real avg travel time:182.44192634560906
Test step:235/250, travel time :179.43449008498584, rewards:-1.154652714729309, queue:0.25196757912635803, delay:0.025029931217432022, throughput:2810
New best TEST travel time 179.4345 at episode 235, saved as best checkpoint
step:3600/3600, q_loss:-1.626785853187795e-05, rewards:-1.2281019687652588, queue:0.26365742087364197, delay:0.026527294889092445, throughput:2809
episode:236/250, real avg travel time:181.63385269121812
step:3600/3600, q_loss:-2.305796826229557e-05, rewards:-1.2388888597488403, queue:0.2674768567085266, delay:0.02653234265744686, throughput:2807
episode:237/250, real avg travel time:182.0095609065156
step:3600/3600, q_loss:-1.6549317310650452e-05, rewards:-1.2606713771820068, queue:0.2751157283782959, delay:0.026719707995653152, throughput:2810
episode:238/250, real avg travel time:182.42209631728045
step:3600/3600, q_loss:-2.066299328609243e-05, rewards:-1.3028240203857422, queue:0.28524306416511536, delay:0.026706339791417122, throughput:2810
episode:239/250, real avg travel time:182.95715297450425
step:3600/3600, q_loss:-1.9487404238639607e-05, rewards:-1.2707406282424927, queue:0.27633100748062134, delay:0.02683485485613346, throughput:2808
episode:240/250, real avg travel time:183.0042492917847
Test step:240/250, travel time :179.3778328611898, rewards:-1.1277084350585938, queue:0.24334490299224854, delay:0.024366647005081177, throughput:2809
New best TEST travel time 179.3778 at episode 240, saved as best checkpoint
step:3600/3600, q_loss:-2.5534153183674966e-05, rewards:-1.2420603036880493, queue:0.26880785822868347, delay:0.026501351967453957, throughput:2808
episode:241/250, real avg travel time:182.56161473087818
step:3600/3600, q_loss:-2.3344786529412013e-05, rewards:-1.2424304485321045, queue:0.2682870328426361, delay:0.026580169796943665, throughput:2809
episode:242/250, real avg travel time:182.58038243626063
step:3600/3600, q_loss:-1.2655506815249675e-05, rewards:-1.247175931930542, queue:0.26938655972480774, delay:0.026723943650722504, throughput:2809
episode:243/250, real avg travel time:183.10729461756375
step:3600/3600, q_loss:-1.3621987984803172e-05, rewards:-1.2477316856384277, queue:0.2699074149131775, delay:0.026855429634451866, throughput:2810
episode:244/250, real avg travel time:182.96246458923514
step:3600/3600, q_loss:-2.259171844882615e-05, rewards:-1.2229629755020142, queue:0.26348379254341125, delay:0.02639741078019142, throughput:2810
episode:245/250, real avg travel time:182.9592776203966
Test step:245/250, travel time :179.77903682719545, rewards:-1.123009204864502, queue:0.24085648357868195, delay:0.024647684767842293, throughput:2808
step:3600/3600, q_loss:-1.9269408679705252e-05, rewards:-1.2342592477798462, queue:0.26452547311782837, delay:0.026760902255773544, throughput:2810
episode:246/250, real avg travel time:182.61579320113316
step:3600/3600, q_loss:-1.6762432570419744e-05, rewards:-1.231458306312561, queue:0.2648148238658905, delay:0.026610082015395164, throughput:2808
episode:247/250, real avg travel time:182.79107648725213
step:3600/3600, q_loss:-1.734966639627668e-05, rewards:-1.1960879564285278, queue:0.2568286955356598, delay:0.026242315769195557, throughput:2809
episode:248/250, real avg travel time:181.83923512747876
step:3600/3600, q_loss:-1.8741134561333852e-05, rewards:-1.1908797025680542, queue:0.2571180462837219, delay:0.026132505387067795, throughput:2809
episode:249/250, real avg travel time:181.61579320113316
Hyperparameters saved to: data/output_data/tsc/cityflow_hyperlight_mappo/cityflow16x3/hyperIRU_chunked_c8_seed1/hyperparameters.json
Loaded best checkpoint for final evaluation
Final Travel Time is 179.3778, mean rewards: -1.1277, queue: 0.2433, delay: 0.0244, throughput: 2809
Total time taken: 12778.053713560104
