structural conditioning spec: structural_v1:in_lane_count,out_lane_count,in_degree,out_degree,node_degree,neighbor_count,phase_count,startlane_count,lanes_per_in_road,lanes_per_out_road,out_in_lane_ratio,controlled_neighbor_ratio
structural features (min/mean/max): in_lane_count[4/7.43/14] out_lane_count[3/5.10/8] in_degree[3/3.19/4] out_degree[2/3.24/4] node_degree[5/6.43/8] neighbor_count[0/0.38/2] phase_count[2/3.19/4] startlane_count[4/7.43/14] lanes_per_in_road[1.33333/2.33/4] lanes_per_out_road[1/1.59/2.33333] out_in_lane_ratio[0.5/0.70/1] controlled_neighbor_ratio[0/0.13/0.666667]
dynamic conditioning spec: dynamic_v1:hl60:ema_queue,ema_occupancy,ema_pressure,ema_imbalance,ema_queue_slope (alpha=0.01149, scale=1)
step:3600/3600, q_loss:0.0003333681651080648, rewards:-13.470247268676758, queue:3.9945766925811768, delay:0.2338818460702896, throughput:3895
episode:0/250, real avg travel time:312.4860077021823
Test step:0/250, travel time :597.7213836477987, rewards:-39.90880584716797, queue:11.676719665527344, delay:0.36350759863853455, throughput:1590
New best TEST travel time 597.7214 at episode 0, saved as best checkpoint
step:3600/3600, q_loss:0.00023731035568440954, rewards:-11.562204360961914, queue:3.597486734390259, delay:0.2184680849313736, throughput:3962
episode:1/250, real avg travel time:297.81171125694095
step:3600/3600, q_loss:0.00023352828381272654, rewards:-11.209885597229004, queue:3.5021164417266846, delay:0.21002957224845886, throughput:3951
episode:2/250, real avg travel time:298.0926347760061
step:3600/3600, q_loss:0.00015598594278950866, rewards:-10.027542114257812, queue:3.1248676776885986, delay:0.19720417261123657, throughput:3975
episode:3/250, real avg travel time:290.34691823899374
step:3600/3600, q_loss:0.00014206116805629183, rewards:-9.605305671691895, queue:3.123148202896118, delay:0.1983710080385208, throughput:3858
episode:4/250, real avg travel time:305.63400725764643
step:3600/3600, q_loss:7.608588946621038e-05, rewards:-8.36732006072998, queue:2.7414021492004395, delay:0.18716631829738617, throughput:3976
episode:5/250, real avg travel time:276.39059356136823
Test step:5/250, travel time :251.95962490231832, rewards:-8.014278411865234, queue:2.8736772537231445, delay:0.1718371957540512, throughput:3839
New best TEST travel time 251.9596 at episode 5, saved as best checkpoint
step:3600/3600, q_loss:5.146752664586529e-05, rewards:-7.492020606994629, queue:2.4642856121063232, delay:0.1777559518814087, throughput:4004
episode:6/250, real avg travel time:265.7197802197802
step:3600/3600, q_loss:5.4520571009359424e-05, rewards:-7.436788082122803, queue:2.4593915939331055, delay:0.17578773200511932, throughput:3987
episode:7/250, real avg travel time:266.26887383997996
step:3600/3600, q_loss:2.745709288218576e-05, rewards:-6.753788471221924, queue:2.2982804775238037, delay:0.17342603206634521, throughput:4024
episode:8/250, real avg travel time:251.6486083499006
step:3600/3600, q_loss:3.66805050159908e-05, rewards:-6.589439392089844, queue:2.2215609550476074, delay:0.16708822548389435, throughput:4014
episode:9/250, real avg travel time:244.8796711509716
step:3600/3600, q_loss:7.958192145451904e-06, rewards:-5.955215930938721, queue:2.0763227939605713, delay:0.16406011581420898, throughput:4043
episode:10/250, real avg travel time:246.10685134800892
Test step:10/250, travel time :251.95962490231832, rewards:-8.014278411865234, queue:2.8736772537231445, delay:0.1718371957540512, throughput:3839
step:3600/3600, q_loss:2.7467372193415133e-05, rewards:-6.002675533294678, queue:2.0702381134033203, delay:0.1614101529121399, throughput:4002
episode:11/250, real avg travel time:244.35882058970515
step:3600/3600, q_loss:1.649068686270362e-05, rewards:-5.499244689941406, queue:1.9224867820739746, delay:0.1598532646894455, throughput:4025
episode:12/250, real avg travel time:237.96869565217392
step:3600/3600, q_loss:1.4749199181096628e-05, rewards:-5.546081066131592, queue:1.914285659790039, delay:0.1588667780160904, throughput:4038
episode:13/250, real avg travel time:243.9898464586429
step:3600/3600, q_loss:2.650529325668079e-05, rewards:-5.691120624542236, queue:2.0370371341705322, delay:0.15776537358760834, throughput:4037
episode:14/250, real avg travel time:245.0210552390389
step:3600/3600, q_loss:2.119216709009682e-05, rewards:-5.030627250671387, queue:1.839550256729126, delay:0.1527184098958969, throughput:4050
episode:15/250, real avg travel time:240.83382716049383
Test step:15/250, travel time :274.5476513711648, rewards:-12.67762565612793, queue:4.119973659515381, delay:0.19748526811599731, throughput:3683
step:3600/3600, q_loss:2.4853322328352886e-05, rewards:-5.252722263336182, queue:1.8931217193603516, delay:0.15666545927524567, throughput:4041
episode:16/250, real avg travel time:239.82454837911408
step:3600/3600, q_loss:3.0292058929464675e-05, rewards:-5.344186782836914, queue:1.8928571939468384, delay:0.15573036670684814, throughput:4048
episode:17/250, real avg travel time:237.42514822134387
step:3600/3600, q_loss:4.0563077264879314e-05, rewards:-5.627722263336182, queue:1.940740704536438, delay:0.1562088429927826, throughput:4044
episode:18/250, real avg travel time:245.9371909000989
step:3600/3600, q_loss:3.7443359097879796e-05, rewards:-4.99931001663208, queue:1.8310846090316772, delay:0.1538146287202835, throughput:4005
episode:19/250, real avg travel time:246.80749063670413
step:3600/3600, q_loss:2.746135400634052e-05, rewards:-5.215237140655518, queue:1.8387565612792969, delay:0.15454283356666565, throughput:4045
episode:20/250, real avg travel time:240.73003708281828
Test step:20/250, travel time :290.6756009947499, rewards:-17.59242820739746, queue:5.712963104248047, delay:0.21220538020133972, throughput:3619
step:3600/3600, q_loss:4.329770898847427e-05, rewards:-5.350253105163574, queue:1.876190423965454, delay:0.15614497661590576, throughput:4030
episode:21/250, real avg travel time:234.65856079404466
step:3600/3600, q_loss:5.8167355180355824e-05, rewards:-5.550004482269287, queue:1.9578042030334473, delay:0.158505380153656, throughput:3981
episode:22/250, real avg travel time:245.08565687013314
step:3600/3600, q_loss:1.7341778503679154e-05, rewards:-4.511263847351074, queue:1.643650770187378, delay:0.15068115293979645, throughput:4059
episode:23/250, real avg travel time:232.09756097560975
step:3600/3600, q_loss:1.9696849792833543e-05, rewards:-4.775276184082031, queue:1.6628307104110718, delay:0.15043093264102936, throughput:4033
episode:24/250, real avg travel time:233.94668980907514
step:3600/3600, q_loss:1.5925708511430356e-05, rewards:-4.732145309448242, queue:1.7007936239242554, delay:0.15101562440395355, throughput:4046
episode:25/250, real avg travel time:226.023727137914
Test step:25/250, travel time :278.5, rewards:-15.04256820678711, queue:4.93055534362793, delay:0.18610534071922302, throughput:3680
step:3600/3600, q_loss:7.434331039096125e-06, rewards:-4.638476848602295, queue:1.6833332777023315, delay:0.15172700583934784, throughput:4040
episode:26/250, real avg travel time:231.7289603960396
step:3600/3600, q_loss:2.1844285705204432e-05, rewards:-4.579158782958984, queue:1.649735450744629, delay:0.14817596971988678, throughput:4041
episode:27/250, real avg travel time:228.27369463004206
step:3600/3600, q_loss:3.0348416476044805e-05, rewards:-4.79340934753418, queue:1.7156084775924683, delay:0.15173237025737762, throughput:4030
episode:28/250, real avg travel time:227.63995037220843
step:3600/3600, q_loss:1.8876895046560095e-05, rewards:-4.358173370361328, queue:1.5833333730697632, delay:0.14474326372146606, throughput:4039
episode:29/250, real avg travel time:225.72369398365933
step:3600/3600, q_loss:1.683373783533979e-05, rewards:-4.090399265289307, queue:1.5085978507995605, delay:0.14566820859909058, throughput:4040
episode:30/250, real avg travel time:218.89034653465347
Test step:30/250, travel time :247.10019990004997, rewards:-6.798511505126953, queue:2.4292328357696533, delay:0.15600182116031647, throughput:4002
New best TEST travel time 247.1002 at episode 30, saved as best checkpoint
step:3600/3600, q_loss:6.676063316667246e-06, rewards:-4.068011283874512, queue:1.4666666984558105, delay:0.14564236998558044, throughput:4066
episode:31/250, real avg travel time:218.9508116084604
step:3600/3600, q_loss:2.0505112236908946e-05, rewards:-4.145829677581787, queue:1.5161375999450684, delay:0.1448553204536438, throughput:4053
episode:32/250, real avg travel time:223.34813718233409
step:3600/3600, q_loss:2.492787356863523e-05, rewards:-4.442443370819092, queue:1.5633597373962402, delay:0.14740340411663055, throughput:4054
episode:33/250, real avg travel time:218.7893438579181
step:3600/3600, q_loss:1.8848685916357984e-06, rewards:-3.9418790340423584, queue:1.4301587343215942, delay:0.14373302459716797, throughput:4042
episode:34/250, real avg travel time:214.9213260761999
step:3600/3600, q_loss:2.5598049008597932e-05, rewards:-4.351456642150879, queue:1.502645492553711, delay:0.1459757685661316, throughput:4057
episode:35/250, real avg travel time:218.61128912989895
Test step:35/250, travel time :250.073980875692, rewards:-7.205901622772217, queue:2.2985448837280273, delay:0.18053287267684937, throughput:3974
step:3600/3600, q_loss:1.6255859130372603e-05, rewards:-3.9586806297302246, queue:1.445105791091919, delay:0.1469094604253769, throughput:4054
episode:36/250, real avg travel time:221.03798717316232
step:3600/3600, q_loss:2.1933676584416793e-05, rewards:-4.262571334838867, queue:1.5119047164916992, delay:0.14508479833602905, throughput:4045
episode:37/250, real avg travel time:216.95179233621755
step:3600/3600, q_loss:1.1285799296779765e-05, rewards:-3.960505247116089, queue:1.443386197090149, delay:0.1445315182209015, throughput:4050
episode:38/250, real avg travel time:214.34864197530865
step:3600/3600, q_loss:2.7238306211074813e-05, rewards:-4.57130765914917, queue:1.5265872478485107, delay:0.1498430371284485, throughput:4063
episode:39/250, real avg travel time:213.3440807285257
step:3600/3600, q_loss:1.9473054918408808e-05, rewards:-3.743368148803711, queue:1.3956348896026611, delay:0.14261063933372498, throughput:4056
episode:40/250, real avg travel time:207.9595660749507
Test step:40/250, travel time :203.3799115913556, rewards:-3.4636003971099854, queue:1.3846560716629028, delay:0.13687841594219208, throughput:4072
New best TEST travel time 203.3799 at episode 40, saved as best checkpoint
step:3600/3600, q_loss:7.784501455413799e-06, rewards:-3.6795599460601807, queue:1.3760582208633423, delay:0.14172668755054474, throughput:4066
episode:41/250, real avg travel time:206.55361534677817
step:3600/3600, q_loss:1.3582790739342777e-05, rewards:-3.726903200149536, queue:1.3755290508270264, delay:0.14246626198291779, throughput:4060
episode:42/250, real avg travel time:208.22389162561575
step:3600/3600, q_loss:2.0214065282036446e-05, rewards:-4.065667152404785, queue:1.5284391641616821, delay:0.14350976049900055, throughput:4041
episode:43/250, real avg travel time:214.4469190794358
step:3600/3600, q_loss:7.6659399686226e-06, rewards:-3.745922803878784, queue:1.3685184717178345, delay:0.14548824727535248, throughput:4064
episode:44/250, real avg travel time:205.8968996062992
step:3600/3600, q_loss:1.2531239109294904e-05, rewards:-3.893071174621582, queue:1.4411375522613525, delay:0.14406166970729828, throughput:4060
episode:45/250, real avg travel time:207.385960591133
Test step:45/250, travel time :223.14870530209618, rewards:-4.064260482788086, queue:1.4695767164230347, delay:0.15009358525276184, throughput:4055
step:3600/3600, q_loss:4.296017303002171e-06, rewards:-3.9061903953552246, queue:1.3802909851074219, delay:0.14457568526268005, throughput:4060
episode:46/250, real avg travel time:211.44630541871922
step:3600/3600, q_loss:7.085873544888778e-06, rewards:-3.609513998031616, queue:1.3297618627548218, delay:0.1411675661802292, throughput:4062
episode:47/250, real avg travel time:206.30034465780403
step:3600/3600, q_loss:1.263473839369706e-05, rewards:-3.7936322689056396, queue:1.4101852178573608, delay:0.14452239871025085, throughput:4060
episode:48/250, real avg travel time:204.87857142857143
step:3600/3600, q_loss:4.7947679478157725e-06, rewards:-3.4245426654815674, queue:1.2859787940979004, delay:0.1396406888961792, throughput:4056
episode:49/250, real avg travel time:203.92702169625247
step:3600/3600, q_loss:7.217461178596649e-06, rewards:-3.507683038711548, queue:1.2939153909683228, delay:0.1386900544166565, throughput:4065
episode:50/250, real avg travel time:204.28462484624848
Test step:50/250, travel time :234.00715695952616, rewards:-4.445086479187012, queue:1.5809524059295654, delay:0.15476170182228088, throughput:4052
step:3600/3600, q_loss:1.134752164944075e-05, rewards:-3.4704627990722656, queue:1.3019840717315674, delay:0.1394183337688446, throughput:4067
episode:51/250, real avg travel time:205.70789279567248
step:3600/3600, q_loss:7.496752611283834e-06, rewards:-3.2911264896392822, queue:1.2597883939743042, delay:0.13608789443969727, throughput:4064
episode:52/250, real avg travel time:204.83095472440945
step:3600/3600, q_loss:4.673950146146429e-06, rewards:-3.212148666381836, queue:1.2304233312606812, delay:0.13599427044391632, throughput:4065
episode:53/250, real avg travel time:205.13259532595325
step:3600/3600, q_loss:7.828009580003305e-07, rewards:-3.4033992290496826, queue:1.28253972530365, delay:0.1361881047487259, throughput:4067
episode:54/250, real avg travel time:205.74625030735186
step:3600/3600, q_loss:3.899078526754035e-06, rewards:-3.2595176696777344, queue:1.25171959400177, delay:0.13862411677837372, throughput:4066
episode:55/250, real avg travel time:203.98524348253812
Test step:55/250, travel time :218.86750245821042, rewards:-3.717531442642212, queue:1.4249999523162842, delay:0.15012432634830475, throughput:4068
step:3600/3600, q_loss:7.363792731969928e-06, rewards:-3.5398263931274414, queue:1.304100513458252, delay:0.13908062875270844, throughput:4078
episode:56/250, real avg travel time:205.76802354095145
step:3600/3600, q_loss:-3.2679720687964517e-06, rewards:-3.449990749359131, queue:1.2529100179672241, delay:0.13756948709487915, throughput:4062
episode:57/250, real avg travel time:202.57434761201378
step:3600/3600, q_loss:5.59236241517485e-05, rewards:-4.3647894859313965, queue:1.4378306865692139, delay:0.14482681453227997, throughput:4064
episode:58/250, real avg travel time:221.43676181102362
step:3600/3600, q_loss:5.480271809372223e-06, rewards:-3.3567519187927246, queue:1.2675925493240356, delay:0.13868410885334015, throughput:4065
episode:59/250, real avg travel time:205.59138991389915
step:3600/3600, q_loss:0.0009832318716992935, rewards:-12.945164680480957, queue:4.537698268890381, delay:0.19269633293151855, throughput:3414
episode:60/250, real avg travel time:250.20679554774458
Test step:60/250, travel time :215.24441169245887, rewards:-3.588679075241089, queue:1.3760582208633423, delay:0.14551180601119995, throughput:4071
step:3600/3600, q_loss:1.2138730946591951e-05, rewards:-3.6556830406188965, queue:1.3149471282958984, delay:0.13986772298812866, throughput:4062
episode:61/250, real avg travel time:206.26907927129494
step:3600/3600, q_loss:6.189723555710063e-06, rewards:-3.306718349456787, queue:1.2796295881271362, delay:0.13555659353733063, throughput:4073
episode:62/250, real avg travel time:203.9887061134299
step:3600/3600, q_loss:4.896583033971385e-05, rewards:-4.166353225708008, queue:1.40753972530365, delay:0.14001072943210602, throughput:4071
episode:63/250, real avg travel time:210.71751412429379
step:3600/3600, q_loss:1.1464429311066244e-06, rewards:-3.297534465789795, queue:1.3017195463180542, delay:0.13748614490032196, throughput:4064
episode:64/250, real avg travel time:203.57824803149606
step:3600/3600, q_loss:1.2849810526758019e-05, rewards:-3.8736491203308105, queue:1.4362434148788452, delay:0.13907288014888763, throughput:4064
episode:65/250, real avg travel time:208.2869094488189
Test step:65/250, travel time :213.05068897637796, rewards:-3.747934579849243, queue:1.3559523820877075, delay:0.13602197170257568, throughput:4064
step:3600/3600, q_loss:1.9312388637141946e-05, rewards:-3.572974920272827, queue:1.2826719284057617, delay:0.13734076917171478, throughput:4068
episode:66/250, real avg travel time:205.71263520157325
step:3600/3600, q_loss:5.176961134970447e-05, rewards:-4.076789855957031, queue:1.3460317850112915, delay:0.138927161693573, throughput:4071
episode:67/250, real avg travel time:222.39597150577254
step:3600/3600, q_loss:2.547048154358183e-05, rewards:-4.007498741149902, queue:1.4272487163543701, delay:0.14385056495666504, throughput:4070
episode:68/250, real avg travel time:213.1034398034398
step:3600/3600, q_loss:4.5496904931496825e-06, rewards:-3.306946039199829, queue:1.2772486209869385, delay:0.1328635960817337, throughput:4081
episode:69/250, real avg travel time:204.94682675814752
step:3600/3600, q_loss:4.540921238205758e-05, rewards:-4.122187614440918, queue:1.4054232835769653, delay:0.14259672164916992, throughput:4062
episode:70/250, real avg travel time:209.40546528803546
Test step:70/250, travel time :203.5510554737359, rewards:-3.1230669021606445, queue:1.2609788179397583, delay:0.13492412865161896, throughput:4074
step:3600/3600, q_loss:8.521833094871706e-06, rewards:-3.226639747619629, queue:1.2365078926086426, delay:0.13565900921821594, throughput:4069
episode:71/250, real avg travel time:204.38608994839026
step:3600/3600, q_loss:4.808091115491051e-06, rewards:-3.3743882179260254, queue:1.2552909851074219, delay:0.13688677549362183, throughput:4055
episode:72/250, real avg travel time:204.81750924784217
step:3600/3600, q_loss:3.6346939547608296e-06, rewards:-3.2303082942962646, queue:1.2416666746139526, delay:0.13681961596012115, throughput:4072
episode:73/250, real avg travel time:202.54494106090374
step:3600/3600, q_loss:8.019433031828764e-06, rewards:-3.2246687412261963, queue:1.2280423641204834, delay:0.1350381225347519, throughput:4065
episode:74/250, real avg travel time:202.6519065190652
step:3600/3600, q_loss:2.2218750261041956e-05, rewards:-3.1699016094207764, queue:1.2276455163955688, delay:0.1336492896080017, throughput:4062
episode:75/250, real avg travel time:203.1506646971935
Test step:75/250, travel time :217.62896483894764, rewards:-4.121739864349365, queue:1.5062168836593628, delay:0.14619727432727814, throughput:4067
step:3600/3600, q_loss:4.8603993491269645e-06, rewards:-3.0768015384674072, queue:1.216269850730896, delay:0.13330791890621185, throughput:4064
episode:76/250, real avg travel time:202.57357283464566
step:3600/3600, q_loss:3.2283042350576985e-06, rewards:-3.1428067684173584, queue:1.2394180297851562, delay:0.13577617704868317, throughput:4075
episode:77/250, real avg travel time:202.0876073619632
step:3600/3600, q_loss:1.5698750899496694e-05, rewards:-3.4443984031677246, queue:1.2853174209594727, delay:0.1374327838420868, throughput:4056
episode:78/250, real avg travel time:207.60724852071007
step:3600/3600, q_loss:1.2414771804793014e-05, rewards:-3.5654962062835693, queue:1.2933862209320068, delay:0.1373644918203354, throughput:4071
episode:79/250, real avg travel time:207.2331122574306
step:3600/3600, q_loss:1.5656521645723843e-05, rewards:-3.160675048828125, queue:1.206745982170105, delay:0.13370932638645172, throughput:4072
episode:80/250, real avg travel time:203.00294695481335
Test step:80/250, travel time :209.5836422041018, rewards:-3.5827836990356445, queue:1.367989420890808, delay:0.14387843012809753, throughput:4047
step:3600/3600, q_loss:2.177599963033572e-05, rewards:-3.414332389831543, queue:1.3181216716766357, delay:0.1359041929244995, throughput:4068
episode:81/250, real avg travel time:205.01376597836776
step:3600/3600, q_loss:1.2002293887134227e-05, rewards:-3.2378625869750977, queue:1.2502645254135132, delay:0.1342596709728241, throughput:4065
episode:82/250, real avg travel time:205.04157441574415
step:3600/3600, q_loss:6.336798036904333e-05, rewards:-4.375203609466553, queue:1.4656084775924683, delay:0.1430329531431198, throughput:4066
episode:83/250, real avg travel time:231.0860796851943
step:3600/3600, q_loss:1.511609229459686e-05, rewards:-3.6516222953796387, queue:1.351190447807312, delay:0.1396719515323639, throughput:4071
episode:84/250, real avg travel time:209.55293539670842
step:3600/3600, q_loss:2.7325781977399148e-05, rewards:-3.8439087867736816, queue:1.404365062713623, delay:0.13799931108951569, throughput:4069
episode:85/250, real avg travel time:213.20987957729173
Test step:85/250, travel time :204.90145714991357, rewards:-3.1804423332214355, queue:1.2478835582733154, delay:0.1320277601480484, throughput:4049
step:3600/3600, q_loss:0.00012379976756670254, rewards:-4.52390193939209, queue:1.5473544597625732, delay:0.1407240778207779, throughput:4060
episode:86/250, real avg travel time:220.97857142857143
step:3600/3600, q_loss:1.7241678142454477e-05, rewards:-3.3133738040924072, queue:1.2775132656097412, delay:0.13293445110321045, throughput:4062
episode:87/250, real avg travel time:207.9406696208764
step:3600/3600, q_loss:8.196932887787828e-06, rewards:-3.0965046882629395, queue:1.2167989015579224, delay:0.13386677205562592, throughput:4070
episode:88/250, real avg travel time:209.33071253071253
step:3600/3600, q_loss:1.0183622564202072e-05, rewards:-3.319030523300171, queue:1.2841269969940186, delay:0.1375696063041687, throughput:4066
episode:89/250, real avg travel time:207.2587309394983
step:3600/3600, q_loss:4.949649519403465e-06, rewards:-3.437155246734619, queue:1.3629629611968994, delay:0.13759785890579224, throughput:4055
episode:90/250, real avg travel time:212.26066584463626
Test step:90/250, travel time :221.7306163021869, rewards:-3.5594234466552734, queue:1.3739417791366577, delay:0.14484159648418427, throughput:4024
step:3600/3600, q_loss:-3.876857833044293e-06, rewards:-3.1745564937591553, queue:1.2687830924987793, delay:0.13505694270133972, throughput:4069
episode:91/250, real avg travel time:209.82256082575572
step:3600/3600, q_loss:4.660414075866963e-06, rewards:-3.116182804107666, queue:1.24484121799469, delay:0.13572655618190765, throughput:4076
episode:92/250, real avg travel time:206.75392541707558
step:3600/3600, q_loss:4.070700379088521e-06, rewards:-3.211664915084839, queue:1.2513227462768555, delay:0.13728821277618408, throughput:4066
episode:93/250, real avg travel time:208.01057550418102
step:3600/3600, q_loss:4.604445873863167e-06, rewards:-3.0152740478515625, queue:1.2091269493103027, delay:0.13338975608348846, throughput:4061
episode:94/250, real avg travel time:206.0019699581384
step:3600/3600, q_loss:3.7885757693503465e-06, rewards:-3.1299729347229004, queue:1.2736772298812866, delay:0.13641884922981262, throughput:4070
episode:95/250, real avg travel time:209.32653562653562
Test step:95/250, travel time :251.6590066716086, rewards:-3.4717726707458496, queue:1.2968254089355469, delay:0.1460878700017929, throughput:4047
step:3600/3600, q_loss:3.2427633818264845e-06, rewards:-3.1930325031280518, queue:1.2712962627410889, delay:0.13588553667068481, throughput:4055
episode:96/250, real avg travel time:207.97755856966708
step:3600/3600, q_loss:4.393859732469233e-06, rewards:-3.129608392715454, queue:1.2337301969528198, delay:0.1373165398836136, throughput:4070
episode:97/250, real avg travel time:204.285257985258
step:3600/3600, q_loss:6.1453677416365176e-06, rewards:-3.0164639949798584, queue:1.1989418268203735, delay:0.1330421268939972, throughput:4070
episode:98/250, real avg travel time:204.2061425061425
step:3600/3600, q_loss:3.117332542185775e-06, rewards:-2.8833723068237305, queue:1.1612434387207031, delay:0.13100747764110565, throughput:4064
episode:99/250, real avg travel time:204.03567913385828
step:3600/3600, q_loss:1.4888262942097045e-06, rewards:-2.919149875640869, queue:1.1846561431884766, delay:0.13404428958892822, throughput:4065
episode:100/250, real avg travel time:205.01672816728168
Test step:100/250, travel time :202.95252152521525, rewards:-2.9267404079437256, queue:1.1637566089630127, delay:0.13220030069351196, throughput:4065
New best TEST travel time 202.9525 at episode 100, saved as best checkpoint
step:3600/3600, q_loss:4.438937564070026e-06, rewards:-2.983367919921875, queue:1.189021110534668, delay:0.13300900161266327, throughput:4068
episode:101/250, real avg travel time:203.23058013765979
step:3600/3600, q_loss:4.702369470679615e-06, rewards:-3.1123883724212646, queue:1.2083333730697632, delay:0.13256211578845978, throughput:4072
episode:102/250, real avg travel time:202.30722003929273
step:3600/3600, q_loss:9.676324649869154e-06, rewards:-2.892875909805298, queue:1.1794973611831665, delay:0.1330176293849945, throughput:4068
episode:103/250, real avg travel time:201.77286135693214
step:3600/3600, q_loss:2.47876570534168e-05, rewards:-3.3258776664733887, queue:1.2960317134857178, delay:0.13608935475349426, throughput:4065
episode:104/250, real avg travel time:211.71266912669125
step:3600/3600, q_loss:1.0475422540265654e-06, rewards:-3.010484457015991, queue:1.2059524059295654, delay:0.13361461460590363, throughput:4069
episode:105/250, real avg travel time:204.0847874170558
Test step:105/250, travel time :200.16764850270005, rewards:-2.937782049179077, queue:1.1476190090179443, delay:0.1336616724729538, throughput:4074
New best TEST travel time 200.1676 at episode 105, saved as best checkpoint
step:3600/3600, q_loss:4.784139916106748e-06, rewards:-3.240330219268799, queue:1.2265872955322266, delay:0.1325795203447342, throughput:4067
episode:106/250, real avg travel time:203.36070813867715
step:3600/3600, q_loss:8.061437337245378e-06, rewards:-2.988302230834961, queue:1.184259295463562, delay:0.13291418552398682, throughput:4059
episode:107/250, real avg travel time:203.37546193643755
step:3600/3600, q_loss:7.950010573646674e-06, rewards:-3.0071299076080322, queue:1.1982804536819458, delay:0.13329678773880005, throughput:4067
episode:108/250, real avg travel time:202.05065158593558
step:3600/3600, q_loss:-5.125340168079775e-07, rewards:-2.9695892333984375, queue:1.1824073791503906, delay:0.13289712369441986, throughput:4057
episode:109/250, real avg travel time:203.675129405965
step:3600/3600, q_loss:-5.242004731876983e-06, rewards:-2.91873836517334, queue:1.1525132656097412, delay:0.1350623518228531, throughput:4065
episode:110/250, real avg travel time:200.30947109471094
Test step:110/250, travel time :199.17976424361493, rewards:-3.028642416000366, queue:1.1312168836593628, delay:0.13352158665657043, throughput:4072
New best TEST travel time 199.1798 at episode 110, saved as best checkpoint
step:3600/3600, q_loss:1.1570341747655119e-05, rewards:-3.076314926147461, queue:1.1944444179534912, delay:0.1356758326292038, throughput:4063
episode:111/250, real avg travel time:200.1407826729018
step:3600/3600, q_loss:8.369419245152838e-06, rewards:-2.8848321437835693, queue:1.161375641822815, delay:0.13228102028369904, throughput:4065
episode:112/250, real avg travel time:200.22779827798277
step:3600/3600, q_loss:1.1479134627734311e-05, rewards:-3.5455963611602783, queue:1.303174614906311, delay:0.13750208914279938, throughput:4060
episode:113/250, real avg travel time:207.035960591133
step:3600/3600, q_loss:3.153061390750938e-05, rewards:-4.227280616760254, queue:1.4156084060668945, delay:0.14228969812393188, throughput:4071
episode:114/250, real avg travel time:219.76271186440678
step:3600/3600, q_loss:1.0567527877153932e-05, rewards:-3.2274959087371826, queue:1.2108465433120728, delay:0.1325942575931549, throughput:4078
episode:115/250, real avg travel time:203.9389406571849
Test step:115/250, travel time :215.30179405259278, rewards:-3.643491506576538, queue:1.2682539224624634, delay:0.1450316607952118, throughput:4069
step:3600/3600, q_loss:3.997264138888568e-06, rewards:-3.107332706451416, queue:1.170899510383606, delay:0.13451209664344788, throughput:4064
episode:116/250, real avg travel time:202.2376968503937
step:3600/3600, q_loss:-4.944423077783237e-06, rewards:-2.86015248298645, queue:1.1502645015716553, delay:0.13249754905700684, throughput:4064
episode:117/250, real avg travel time:199.42076771653544
step:3600/3600, q_loss:1.5262098733930744e-05, rewards:-3.1942436695098877, queue:1.2306878566741943, delay:0.1331392228603363, throughput:4061
episode:118/250, real avg travel time:206.83895592218664
step:3600/3600, q_loss:6.879107079132357e-07, rewards:-2.8312366008758545, queue:1.1191798448562622, delay:0.12956197559833527, throughput:4077
episode:119/250, real avg travel time:201.94407652685797
step:3600/3600, q_loss:1.916328187184667e-05, rewards:-3.3427083492279053, queue:1.2746031284332275, delay:0.13734717667102814, throughput:4071
episode:120/250, real avg travel time:203.87939081306806
Test step:120/250, travel time :198.96439970537688, rewards:-2.996040105819702, queue:1.112433910369873, delay:0.13497886061668396, throughput:4073
New best TEST travel time 198.9644 at episode 120, saved as best checkpoint
step:3600/3600, q_loss:6.62667298456654e-07, rewards:-2.89359974861145, queue:1.125925898551941, delay:0.13235874474048615, throughput:4061
episode:121/250, real avg travel time:200.73701058852498
step:3600/3600, q_loss:2.1969929851669196e-05, rewards:-3.979444742202759, queue:1.470634937286377, delay:0.14586886763572693, throughput:4040
episode:122/250, real avg travel time:204.53316831683168
step:3600/3600, q_loss:-3.7024981995475374e-06, rewards:-2.975250244140625, queue:1.1451058387756348, delay:0.13423261046409607, throughput:4068
episode:123/250, real avg travel time:200.555063913471
step:3600/3600, q_loss:1.3049045972163892e-06, rewards:-2.9207003116607666, queue:1.1280423402786255, delay:0.1322719007730484, throughput:4077
episode:124/250, real avg travel time:201.42285994603876
step:3600/3600, q_loss:1.2321420298475358e-06, rewards:-3.191636085510254, queue:1.2009259462356567, delay:0.1390749216079712, throughput:4067
episode:125/250, real avg travel time:200.70936808458322
Test step:125/250, travel time :217.74497302599315, rewards:-4.349896430969238, queue:1.4244709014892578, delay:0.1408107429742813, throughput:4078
step:3600/3600, q_loss:1.4481879568645834e-05, rewards:-2.947768211364746, queue:1.1542328596115112, delay:0.13239702582359314, throughput:4071
episode:126/250, real avg travel time:198.71947924342913
step:3600/3600, q_loss:3.075655129375971e-06, rewards:-2.717073440551758, queue:1.0916666984558105, delay:0.12836439907550812, throughput:4072
episode:127/250, real avg travel time:199.989931237721
step:3600/3600, q_loss:-3.0639251538862787e-07, rewards:-2.7860498428344727, queue:1.1113756895065308, delay:0.13025110960006714, throughput:4068
episode:128/250, real avg travel time:199.08456243854474
step:3600/3600, q_loss:-1.2980700072754795e-06, rewards:-2.724733829498291, queue:1.095634937286377, delay:0.13070058822631836, throughput:4072
episode:129/250, real avg travel time:198.6728880157171
step:3600/3600, q_loss:5.173010221268568e-06, rewards:-2.9358935356140137, queue:1.1626983880996704, delay:0.13109028339385986, throughput:4072
episode:130/250, real avg travel time:201.84233791748525
Test step:130/250, travel time :203.340672934191, rewards:-2.895754337310791, queue:1.164285659790039, delay:0.13298022747039795, throughput:4042
step:3600/3600, q_loss:7.82968184972156e-05, rewards:-3.930202007293701, queue:1.3312169313430786, delay:0.13365963101387024, throughput:4064
episode:131/250, real avg travel time:219.5688976377953
step:3600/3600, q_loss:1.684246803456012e-05, rewards:-2.6675195693969727, queue:1.0802910327911377, delay:0.12816858291625977, throughput:4077
episode:132/250, real avg travel time:200.30389992641648
step:3600/3600, q_loss:8.889641604683776e-06, rewards:-3.0737464427948, queue:1.189814805984497, delay:0.13571152091026306, throughput:4076
episode:133/250, real avg travel time:202.00368007850835
step:3600/3600, q_loss:4.8360320053891175e-06, rewards:-2.839143991470337, queue:1.1178570985794067, delay:0.12967973947525024, throughput:4076
episode:134/250, real avg travel time:200.38027477919528
step:3600/3600, q_loss:8.07187760882597e-06, rewards:-2.7609918117523193, queue:1.0988094806671143, delay:0.126867413520813, throughput:4071
episode:135/250, real avg travel time:199.90248096290838
Test step:135/250, travel time :206.36691358024692, rewards:-2.8641090393066406, queue:1.1515872478485107, delay:0.13364462554454803, throughput:4050
step:3600/3600, q_loss:1.1689412349369378e-05, rewards:-2.7280077934265137, queue:1.1228835582733154, delay:0.13173748552799225, throughput:4066
episode:136/250, real avg travel time:203.4500737825873
step:3600/3600, q_loss:1.2420350766559649e-05, rewards:-2.750617027282715, queue:1.098280429840088, delay:0.12786085903644562, throughput:4074
episode:137/250, real avg travel time:199.3848797250859
step:3600/3600, q_loss:1.777017080005155e-05, rewards:-2.85211443901062, queue:1.11984121799469, delay:0.13003775477409363, throughput:4074
episode:138/250, real avg travel time:201.6642120765832
step:3600/3600, q_loss:1.9689791224664076e-05, rewards:-2.829345941543579, queue:1.1485450267791748, delay:0.13274767994880676, throughput:4077
episode:139/250, real avg travel time:202.68677949472652
step:3600/3600, q_loss:6.723783776073509e-06, rewards:-2.651282787322998, queue:1.0984127521514893, delay:0.1312849372625351, throughput:4072
episode:140/250, real avg travel time:203.70235756385068
Test step:140/250, travel time :201.8709597828769, rewards:-2.772800922393799, queue:1.1300264596939087, delay:0.12932372093200684, throughput:4053
step:3600/3600, q_loss:1.0401502933948198e-05, rewards:-2.986722707748413, queue:1.1624338626861572, delay:0.1324613392353058, throughput:4069
episode:141/250, real avg travel time:209.2039813221922
step:3600/3600, q_loss:6.483226914295099e-06, rewards:-2.709002733230591, queue:1.1113756895065308, delay:0.13115955889225006, throughput:4071
episode:142/250, real avg travel time:202.38123311225743
step:3600/3600, q_loss:1.7676965217106045e-05, rewards:-2.671172618865967, queue:1.0923280715942383, delay:0.12785688042640686, throughput:4067
episode:143/250, real avg travel time:202.86501106466682
step:3600/3600, q_loss:6.449145035326688e-06, rewards:-2.7908313274383545, queue:1.0944443941116333, delay:0.12669572234153748, throughput:4073
episode:144/250, real avg travel time:206.63196660937885
step:3600/3600, q_loss:2.118635085126799e-05, rewards:-2.867025136947632, queue:1.1457672119140625, delay:0.13244788348674774, throughput:4074
episode:145/250, real avg travel time:203.2577319587629
Test step:145/250, travel time :203.27227844976548, rewards:-2.6205170154571533, queue:1.0563491582870483, delay:0.12617552280426025, throughput:4051
step:3600/3600, q_loss:1.833734843077966e-05, rewards:-3.179187774658203, queue:1.1800264120101929, delay:0.13371597230434418, throughput:4071
episode:146/250, real avg travel time:217.43601080815523
step:3600/3600, q_loss:6.731527133120431e-06, rewards:-2.9078047275543213, queue:1.1440476179122925, delay:0.13058891892433167, throughput:4060
episode:147/250, real avg travel time:206.38522167487685
step:3600/3600, q_loss:1.1709126233149113e-05, rewards:-2.7473840713500977, queue:1.0960317850112915, delay:0.1283477544784546, throughput:4068
episode:148/250, real avg travel time:204.42772861356931
step:3600/3600, q_loss:4.673552798016721e-06, rewards:-2.559494972229004, queue:1.0632275342941284, delay:0.12689019739627838, throughput:4081
episode:149/250, real avg travel time:201.0869884832149
step:3600/3600, q_loss:2.13667068843885e-06, rewards:-2.6625308990478516, queue:1.0832010507583618, delay:0.12669554352760315, throughput:4078
episode:150/250, real avg travel time:201.0657184894556
Test step:150/250, travel time :203.45672009864364, rewards:-2.4999709129333496, queue:1.0554232597351074, delay:0.1276242882013321, throughput:4055
step:3600/3600, q_loss:4.176875174582367e-05, rewards:-3.5889105796813965, queue:1.32619047164917, delay:0.13423453271389008, throughput:3814
episode:151/250, real avg travel time:214.24750917671736
step:3600/3600, q_loss:2.2468546315697798e-05, rewards:-3.285935878753662, queue:1.2239418029785156, delay:0.1327376663684845, throughput:4066
episode:152/250, real avg travel time:214.42006886374816
step:3600/3600, q_loss:1.2615805503123233e-05, rewards:-2.6259939670562744, queue:1.0527777671813965, delay:0.12191416323184967, throughput:4078
episode:153/250, real avg travel time:200.93795978420795
step:3600/3600, q_loss:6.808963634183682e-06, rewards:-2.723478078842163, queue:1.0972222089767456, delay:0.12577292323112488, throughput:4080
episode:154/250, real avg travel time:204.70220588235293
step:3600/3600, q_loss:1.0251413712265073e-05, rewards:-3.039257049560547, queue:1.1298941373825073, delay:0.12869536876678467, throughput:4066
episode:155/250, real avg travel time:207.9493359567142
Test step:155/250, travel time :203.68979995060508, rewards:-2.6657872200012207, queue:1.0750000476837158, delay:0.1267632097005844, throughput:4049
step:3600/3600, q_loss:1.2244160461705179e-05, rewards:-2.7953453063964844, queue:1.1265872716903687, delay:0.12945736944675446, throughput:4072
episode:156/250, real avg travel time:201.32416502946955
step:3600/3600, q_loss:9.876704057710919e-06, rewards:-2.7459163665771484, queue:1.1087301969528198, delay:0.12722890079021454, throughput:4078
episode:157/250, real avg travel time:202.55590975968613
step:3600/3600, q_loss:1.0428133262192003e-05, rewards:-2.6587634086608887, queue:1.076454997062683, delay:0.12301142513751984, throughput:4066
episode:158/250, real avg travel time:197.19699950811608
step:3600/3600, q_loss:9.5042406731712e-06, rewards:-2.7127394676208496, queue:1.0902116298675537, delay:0.12701459228992462, throughput:4073
episode:159/250, real avg travel time:203.80972256322121
step:3600/3600, q_loss:5.7796066458750934e-06, rewards:-2.534259796142578, queue:1.0296295881271362, delay:0.1221781075000763, throughput:4081
episode:160/250, real avg travel time:198.21293800539084
Test step:160/250, travel time :208.01115241635688, rewards:-2.8080203533172607, queue:1.0863757133483887, delay:0.12564198672771454, throughput:4035
step:3600/3600, q_loss:1.2405269242460943e-05, rewards:-2.888773202896118, queue:1.0888888835906982, delay:0.12541119754314423, throughput:4082
episode:161/250, real avg travel time:206.75110240078394
step:3600/3600, q_loss:3.903426275226391e-06, rewards:-2.740797996520996, queue:1.108201026916504, delay:0.12947168946266174, throughput:4062
episode:162/250, real avg travel time:202.1585425898572
step:3600/3600, q_loss:3.92461204480949e-06, rewards:-2.6847376823425293, queue:1.0777777433395386, delay:0.12433604896068573, throughput:4070
episode:163/250, real avg travel time:202.48009828009828
step:3600/3600, q_loss:1.227829796132735e-05, rewards:-2.696002960205078, queue:1.0984127521514893, delay:0.12674658000469208, throughput:4067
episode:164/250, real avg travel time:201.31915416769118
step:3600/3600, q_loss:3.2771373096491314e-06, rewards:-2.689624071121216, queue:1.07791006565094, delay:0.1290448158979416, throughput:4075
episode:165/250, real avg travel time:200.5720245398773
Test step:165/250, travel time :215.53925417075564, rewards:-2.90613055229187, queue:1.1611111164093018, delay:0.12940584123134613, throughput:4076
step:3600/3600, q_loss:7.902442889139315e-06, rewards:-2.544267177581787, queue:1.0280423164367676, delay:0.12472236156463623, throughput:4073
episode:166/250, real avg travel time:200.2246501350356
step:3600/3600, q_loss:5.1389247851653235e-06, rewards:-2.5435421466827393, queue:1.057539701461792, delay:0.12538135051727295, throughput:4062
episode:167/250, real avg travel time:198.98227474150664
step:3600/3600, q_loss:5.603212250409544e-06, rewards:-2.5264391899108887, queue:1.0544973611831665, delay:0.12428830564022064, throughput:4069
episode:168/250, real avg travel time:197.8282133202261
step:3600/3600, q_loss:2.0750778316546026e-05, rewards:-2.6963791847229004, queue:1.0789682865142822, delay:0.12679797410964966, throughput:4073
episode:169/250, real avg travel time:201.4625583108274
step:3600/3600, q_loss:7.357731940121287e-06, rewards:-2.6213138103485107, queue:1.0650793313980103, delay:0.12511062622070312, throughput:4070
episode:170/250, real avg travel time:201.53267813267814
Test step:170/250, travel time :222.12529738302933, rewards:-4.157657146453857, queue:1.3756613731384277, delay:0.13514789938926697, throughput:3783
step:3600/3600, q_loss:4.315807301382948e-06, rewards:-2.6682772636413574, queue:1.0816137790679932, delay:0.12693938612937927, throughput:4073
episode:171/250, real avg travel time:201.2101644979131
step:3600/3600, q_loss:5.5682057225365295e-05, rewards:-3.5245344638824463, queue:1.308730125427246, delay:0.1344292312860489, throughput:4051
episode:172/250, real avg travel time:213.4860528264626
step:3600/3600, q_loss:1.8901631119661032e-05, rewards:-2.845364809036255, queue:1.0986772775650024, delay:0.12828460335731506, throughput:4067
episode:173/250, real avg travel time:209.66683058765676
step:3600/3600, q_loss:3.068430750216875e-06, rewards:-2.748039722442627, queue:1.1005290746688843, delay:0.12882399559020996, throughput:4069
episode:174/250, real avg travel time:203.81543376751046
step:3600/3600, q_loss:0.00012808901956304908, rewards:-4.679250717163086, queue:1.3611111640930176, delay:0.13484197854995728, throughput:4065
episode:175/250, real avg travel time:217.26420664206643
Test step:175/250, travel time :228.83748701973002, rewards:-3.993211507797241, queue:1.4001322984695435, delay:0.13720041513442993, throughput:3852
step:3600/3600, q_loss:5.3643235636021325e-06, rewards:-3.0226213932037354, queue:1.1619048118591309, delay:0.12975497543811798, throughput:4065
episode:176/250, real avg travel time:212.43419434194342
step:3600/3600, q_loss:5.771437459366603e-05, rewards:-4.432891845703125, queue:1.504365086555481, delay:0.14188557863235474, throughput:4013
episode:177/250, real avg travel time:231.32843259406928
step:3600/3600, q_loss:1.7808562188292853e-05, rewards:-3.439004421234131, queue:1.223544955253601, delay:0.13590312004089355, throughput:4000
episode:178/250, real avg travel time:212.15325
step:3600/3600, q_loss:1.699164464904849e-05, rewards:-3.3203086853027344, queue:1.2297619581222534, delay:0.13450253009796143, throughput:4051
episode:179/250, real avg travel time:215.59219945692422
step:3600/3600, q_loss:4.268484663043637e-05, rewards:-3.4501559734344482, queue:1.2580687999725342, delay:0.13158558309078217, throughput:4063
episode:180/250, real avg travel time:216.42628599556977
Test step:180/250, travel time :222.7723045991455, rewards:-4.15091609954834, queue:1.3972222805023193, delay:0.13945691287517548, throughput:3979
step:3600/3600, q_loss:7.32662549125962e-05, rewards:-4.328389644622803, queue:1.460185170173645, delay:0.1410868614912033, throughput:4037
episode:181/250, real avg travel time:233.63190487986128
step:3600/3600, q_loss:2.0727215329922424e-05, rewards:-3.317974090576172, queue:1.2157407999038696, delay:0.13305418193340302, throughput:4048
episode:182/250, real avg travel time:213.20207509881422
step:3600/3600, q_loss:6.190435791116519e-06, rewards:-3.1324656009674072, queue:1.1746032238006592, delay:0.1300535947084427, throughput:4077
episode:183/250, real avg travel time:212.8643610497915
step:3600/3600, q_loss:1.4649181644522792e-05, rewards:-3.102579116821289, queue:1.181613802909851, delay:0.13087007403373718, throughput:4071
episode:184/250, real avg travel time:213.57307786784574
step:3600/3600, q_loss:2.8821359875210975e-05, rewards:-3.507822275161743, queue:1.2489417791366577, delay:0.13209423422813416, throughput:4027
episode:185/250, real avg travel time:214.97193940898933
Test step:185/250, travel time :243.37707468879668, rewards:-4.237269401550293, queue:1.4517195224761963, delay:0.143055260181427, throughput:3856
step:3600/3600, q_loss:3.595913001643365e-05, rewards:-3.717320442199707, queue:1.3019840717315674, delay:0.134961798787117, throughput:4072
episode:186/250, real avg travel time:221.87033398821217
step:3600/3600, q_loss:1.2678617187905022e-05, rewards:-3.177114248275757, queue:1.1693121194839478, delay:0.13068343698978424, throughput:4030
episode:187/250, real avg travel time:218.77518610421836
step:3600/3600, q_loss:8.924872357359467e-06, rewards:-3.040489673614502, queue:1.1616401672363281, delay:0.12910154461860657, throughput:4059
episode:188/250, real avg travel time:213.79847253017985
step:3600/3600, q_loss:1.1571912424794089e-05, rewards:-3.315538167953491, queue:1.2149471044540405, delay:0.1288645714521408, throughput:4055
episode:189/250, real avg travel time:222.72429099876695
step:3600/3600, q_loss:2.6644116628126035e-05, rewards:-3.526392936706543, queue:1.2698413133621216, delay:0.13409891724586487, throughput:3985
episode:190/250, real avg travel time:219.11141781681306
Test step:190/250, travel time :242.09585889570553, rewards:-4.788931846618652, queue:1.5855820178985596, delay:0.14464306831359863, throughput:3912
step:3600/3600, q_loss:1.2914823067452137e-05, rewards:-3.23549747467041, queue:1.2076719999313354, delay:0.13328121602535248, throughput:4019
episode:191/250, real avg travel time:210.542174670316
step:3600/3600, q_loss:0.00048677960358974005, rewards:-6.151451110839844, queue:2.0353174209594727, delay:0.13579580187797546, throughput:3925
episode:192/250, real avg travel time:217.29783439490447
step:3600/3600, q_loss:1.5647979226842937e-05, rewards:-2.994805335998535, queue:1.1626983880996704, delay:0.12796275317668915, throughput:4075
episode:193/250, real avg travel time:210.7352147239264
step:3600/3600, q_loss:0.00013171043481432005, rewards:-4.50274658203125, queue:1.4702380895614624, delay:0.1384127140045166, throughput:4078
episode:194/250, real avg travel time:238.75747915644925
step:3600/3600, q_loss:6.293016647557832e-06, rewards:-2.8452236652374268, queue:1.1152116060256958, delay:0.12822099030017853, throughput:4071
episode:195/250, real avg travel time:203.49447310243184
Test step:195/250, travel time :213.90893213572855, rewards:-3.1775994300842285, queue:1.1636242866516113, delay:0.1293606013059616, throughput:4008
step:3600/3600, q_loss:8.610595007970309e-06, rewards:-2.862901449203491, queue:1.115079402923584, delay:0.12724894285202026, throughput:4072
episode:196/250, real avg travel time:206.0871807465619
step:3600/3600, q_loss:2.433677258927168e-06, rewards:-3.094521999359131, queue:1.1521164178848267, delay:0.12895792722702026, throughput:4072
episode:197/250, real avg travel time:214.82391944990178
step:3600/3600, q_loss:8.884080226481374e-06, rewards:-2.819457769393921, queue:1.1246031522750854, delay:0.12635327875614166, throughput:4063
episode:198/250, real avg travel time:207.65271966527197
step:3600/3600, q_loss:8.456775079442498e-06, rewards:-2.7540817260742188, queue:1.1041005849838257, delay:0.12814973294734955, throughput:4053
episode:199/250, real avg travel time:203.74562052800394
step:3600/3600, q_loss:6.171666973386891e-06, rewards:-2.8083295822143555, queue:1.088624358177185, delay:0.1269153207540512, throughput:4077
episode:200/250, real avg travel time:204.96369879813588
Test step:200/250, travel time :207.1339594661394, rewards:-2.586599588394165, queue:1.0798941850662231, delay:0.12585240602493286, throughput:4046
step:3600/3600, q_loss:4.903721936797309e-06, rewards:-2.6506831645965576, queue:1.0689153671264648, delay:0.12596561014652252, throughput:4073
episode:201/250, real avg travel time:199.79278173336607
step:3600/3600, q_loss:4.7647791992252076e-06, rewards:-2.67802095413208, queue:1.0849206447601318, delay:0.12680771946907043, throughput:4067
episode:202/250, real avg travel time:204.6041308089501
step:3600/3600, q_loss:7.2383099500762504e-06, rewards:-2.998074769973755, queue:1.134523868560791, delay:0.12670397758483887, throughput:4074
episode:203/250, real avg travel time:207.07339224349533
step:3600/3600, q_loss:1.0663140710676088e-05, rewards:-2.6456267833709717, queue:1.0780422687530518, delay:0.12496507912874222, throughput:4066
episode:204/250, real avg travel time:202.71003443187408
step:3600/3600, q_loss:3.7898383905283277e-06, rewards:-2.6931519508361816, queue:1.0812169313430786, delay:0.12288223952054977, throughput:4068
episode:205/250, real avg travel time:205.77581120943952
Test step:205/250, travel time :226.10217176702864, rewards:-3.29443621635437, queue:1.1964285373687744, delay:0.12683387100696564, throughput:4052
step:3600/3600, q_loss:8.731907453491456e-07, rewards:-3.1226894855499268, queue:1.1556878089904785, delay:0.1306149810552597, throughput:4054
episode:206/250, real avg travel time:216.15046867291565
step:3600/3600, q_loss:1.9378907341484186e-05, rewards:-3.237377643585205, queue:1.1701058149337769, delay:0.12915685772895813, throughput:4059
episode:207/250, real avg travel time:217.81350086228136
step:3600/3600, q_loss:1.9415898107884763e-05, rewards:-3.3437483310699463, queue:1.220105767250061, delay:0.13245458900928497, throughput:4070
episode:208/250, real avg travel time:220.49631449631448
step:3600/3600, q_loss:1.4758137573759693e-05, rewards:-2.900165557861328, queue:1.1205025911331177, delay:0.12902788817882538, throughput:4076
episode:209/250, real avg travel time:209.3373405299313
step:3600/3600, q_loss:2.030938788569377e-05, rewards:-2.6950135231018066, queue:1.0917989015579224, delay:0.12933407723903656, throughput:4073
episode:210/250, real avg travel time:204.96587282101646
Test step:210/250, travel time :224.82558425584256, rewards:-3.459888458251953, queue:1.2530423402786255, delay:0.13097576797008514, throughput:4065
step:3600/3600, q_loss:1.9857927367815542e-05, rewards:-2.7551214694976807, queue:1.0933862924575806, delay:0.1254490166902542, throughput:4051
episode:211/250, real avg travel time:209.25277709207603
step:3600/3600, q_loss:1.1438427423450372e-05, rewards:-2.5417165756225586, queue:1.0605820417404175, delay:0.12484576553106308, throughput:4073
episode:212/250, real avg travel time:202.24625583108275
step:3600/3600, q_loss:2.4865390191229784e-05, rewards:-3.0152387619018555, queue:1.1521164178848267, delay:0.12910671532154083, throughput:4055
episode:213/250, real avg travel time:208.1790382244143
step:3600/3600, q_loss:9.186157411831016e-06, rewards:-2.572279930114746, queue:1.0661375522613525, delay:0.12783189117908478, throughput:4073
episode:214/250, real avg travel time:201.14853916032408
step:3600/3600, q_loss:7.361005070076014e-06, rewards:-2.425349235534668, queue:1.0219576358795166, delay:0.12408096343278885, throughput:4072
episode:215/250, real avg travel time:202.0970039292731
Test step:215/250, travel time :204.29038603393164, rewards:-2.4755191802978516, queue:1.0277777910232544, delay:0.1213127076625824, throughput:4067
step:3600/3600, q_loss:8.429797809286457e-06, rewards:-2.5357654094696045, queue:1.0305556058883667, delay:0.1222991943359375, throughput:4073
episode:216/250, real avg travel time:200.8946722317702
step:3600/3600, q_loss:7.150622817183224e-06, rewards:-2.4099810123443604, queue:1.0182539224624634, delay:0.12405312061309814, throughput:4075
episode:217/250, real avg travel time:203.16932515337425
step:3600/3600, q_loss:6.495580762728221e-06, rewards:-2.5104455947875977, queue:1.0268518924713135, delay:0.12200230360031128, throughput:4061
episode:218/250, real avg travel time:203.11918246737258
step:3600/3600, q_loss:1.0991327467814294e-05, rewards:-2.7295734882354736, queue:1.0746031999588013, delay:0.12517264485359192, throughput:4068
episode:219/250, real avg travel time:208.29793510324484
step:3600/3600, q_loss:6.381664004745997e-06, rewards:-2.8497281074523926, queue:1.1169312000274658, delay:0.12826994061470032, throughput:4056
episode:220/250, real avg travel time:207.36612426035504
Test step:220/250, travel time :216.2702902115101, rewards:-3.023693561553955, queue:1.1324074268341064, delay:0.1280435174703598, throughput:4066
step:3600/3600, q_loss:7.319541327888146e-06, rewards:-2.929847478866577, queue:1.1157407760620117, delay:0.12635719776153564, throughput:4072
episode:221/250, real avg travel time:210.87401768172887
step:3600/3600, q_loss:9.064721719672283e-06, rewards:-3.2287020683288574, queue:1.1644179821014404, delay:0.12942397594451904, throughput:4070
episode:222/250, real avg travel time:215.6081081081081
step:3600/3600, q_loss:1.3235404912848025e-05, rewards:-3.1308095455169678, queue:1.1681216955184937, delay:0.13000543415546417, throughput:4036
episode:223/250, real avg travel time:216.12537165510406
step:3600/3600, q_loss:1.7776817528809058e-05, rewards:-2.716899871826172, queue:1.0615079402923584, delay:0.12417864054441452, throughput:4064
episode:224/250, real avg travel time:207.22834645669292
step:3600/3600, q_loss:1.3444811338558793e-05, rewards:-3.0088789463043213, queue:1.1667989492416382, delay:0.12768374383449554, throughput:4063
episode:225/250, real avg travel time:213.5633768151612
Test step:225/250, travel time :208.05326757090012, rewards:-2.5224287509918213, queue:1.056746006011963, delay:0.12372899800539017, throughput:4055
step:3600/3600, q_loss:1.1203811664017848e-05, rewards:-2.963350772857666, queue:1.1256613731384277, delay:0.12664851546287537, throughput:4054
episode:226/250, real avg travel time:212.63344844597927
step:3600/3600, q_loss:5.4129775445390906e-05, rewards:-3.7244553565979004, queue:1.3398147821426392, delay:0.1309291273355484, throughput:3981
episode:227/250, real avg travel time:224.69680984677217
step:3600/3600, q_loss:3.114175948818835e-06, rewards:-3.09897518157959, queue:1.159656047821045, delay:0.13059373199939728, throughput:4078
episode:228/250, real avg travel time:210.15841098577735
step:3600/3600, q_loss:1.0168640316502813e-05, rewards:-2.971564292907715, queue:1.129365086555481, delay:0.12665259838104248, throughput:4079
episode:229/250, real avg travel time:213.3844079431233
step:3600/3600, q_loss:9.530641667273207e-06, rewards:-2.621429443359375, queue:1.029365062713623, delay:0.12314771115779877, throughput:4059
episode:230/250, real avg travel time:207.0189701897019
Test step:230/250, travel time :213.73177914110428, rewards:-3.1558682918548584, queue:1.1555556058883667, delay:0.12588705122470856, throughput:4075
step:3600/3600, q_loss:1.0397841025324952e-06, rewards:-2.88140606880188, queue:1.101719617843628, delay:0.12550762295722961, throughput:4064
episode:231/250, real avg travel time:207.85580708661416
step:3600/3600, q_loss:5.90107285663382e-06, rewards:-3.0318522453308105, queue:1.131084680557251, delay:0.1274508237838745, throughput:4051
episode:232/250, real avg travel time:213.62157491977288
step:3600/3600, q_loss:1.7568944248422567e-05, rewards:-2.7316412925720215, queue:1.0746031999588013, delay:0.12417510151863098, throughput:4055
episode:233/250, real avg travel time:202.734401972873
step:3600/3600, q_loss:1.9114739714293843e-05, rewards:-2.6129071712493896, queue:1.0593914985656738, delay:0.1255464404821396, throughput:4067
episode:234/250, real avg travel time:201.73985738873864
step:3600/3600, q_loss:9.99190217246198e-06, rewards:-2.8928027153015137, queue:1.0916666984558105, delay:0.12441670149564743, throughput:4072
episode:235/250, real avg travel time:210.52062868369353
Test step:235/250, travel time :208.1431391905232, rewards:-2.6584856510162354, queue:1.0460317134857178, delay:0.1216597631573677, throughput:4052
step:3600/3600, q_loss:1.4896510886804511e-05, rewards:-2.781062602996826, queue:1.1037037372589111, delay:0.12793640792369843, throughput:4048
episode:236/250, real avg travel time:206.4066205533597
step:3600/3600, q_loss:5.4674043591755135e-06, rewards:-2.6712212562561035, queue:1.0748677253723145, delay:0.12538163363933563, throughput:4062
episode:237/250, real avg travel time:205.58025603151157
step:3600/3600, q_loss:6.9727566571802725e-06, rewards:-2.9428515434265137, queue:1.0916666984558105, delay:0.12300681322813034, throughput:4048
episode:238/250, real avg travel time:209.01136363636363
step:3600/3600, q_loss:4.0902479951101766e-05, rewards:-3.4098830223083496, queue:1.226719617843628, delay:0.12382436543703079, throughput:4060
episode:239/250, real avg travel time:217.5051724137931
step:3600/3600, q_loss:9.658160625905212e-06, rewards:-3.2495357990264893, queue:1.1874338388442993, delay:0.1275278925895691, throughput:4051
episode:240/250, real avg travel time:212.04714885213528
Test step:240/250, travel time :209.5088408644401, rewards:-2.6558525562286377, queue:1.0775132179260254, delay:0.12483999133110046, throughput:4072
step:3600/3600, q_loss:7.6205054938327524e-06, rewards:-2.7607641220092773, queue:1.078703761100769, delay:0.12246135622262955, throughput:4080
episode:241/250, real avg travel time:202.0127450980392
step:3600/3600, q_loss:4.382348076129953e-06, rewards:-2.6612939834594727, queue:1.0551587343215942, delay:0.12566789984703064, throughput:4063
episode:242/250, real avg travel time:206.05759291164165
step:3600/3600, q_loss:0.00016387667338777748, rewards:-4.546250343322754, queue:1.2906084060668945, delay:0.13019603490829468, throughput:4070
episode:243/250, real avg travel time:215.31523341523342
step:3600/3600, q_loss:1.2321841980641087e-05, rewards:-2.6149189472198486, queue:1.0552910566329956, delay:0.1226767897605896, throughput:4065
episode:244/250, real avg travel time:203.44329643296433
step:3600/3600, q_loss:5.752381669784275e-06, rewards:-2.5498766899108887, queue:1.0537036657333374, delay:0.12506288290023804, throughput:4064
episode:245/250, real avg travel time:204.92691929133858
Test step:245/250, travel time :209.46233382570162, rewards:-2.810495615005493, queue:1.1022486686706543, delay:0.1280011385679245, throughput:4062
step:3600/3600, q_loss:6.698381770951932e-06, rewards:-2.7916815280914307, queue:1.1076719760894775, delay:0.12766863405704498, throughput:4060
episode:246/250, real avg travel time:208.56748768472906
step:3600/3600, q_loss:7.216985977720469e-07, rewards:-2.7063560485839844, queue:1.0936508178710938, delay:0.1260981261730194, throughput:4062
episode:247/250, real avg travel time:207.85869030034465
step:3600/3600, q_loss:6.54037632759557e-06, rewards:-2.5984528064727783, queue:1.048545002937317, delay:0.12207958847284317, throughput:4076
episode:248/250, real avg travel time:207.83783120706576
step:3600/3600, q_loss:6.823858404661425e-05, rewards:-3.7620344161987305, queue:1.2724868059158325, delay:0.13297274708747864, throughput:4065
episode:249/250, real avg travel time:217.45043050430505
Hyperparameters saved to: data/output_data/tsc/sumo_hyperlight_mappo/sumo1x21/structdyn_sumo1x21_seed2/hyperparameters.json
Loaded best checkpoint for final evaluation
Final Travel Time is 198.9644, mean rewards: -2.9960, queue: 1.1124, delay: 0.1350, throughput: 4073
Total time taken: 19961.77123093605
