step:3600/3600, q_loss:0, rewards:-190.09103393554688, queue:4.6358466148376465, delay:0.24839544296264648, throughput:3908
episode:0/250, real avg travel time:348.30296827021493
Test step:0/250, travel time :1120.1549636803875, rewards:-587.3646850585938, queue:13.64206314086914, delay:0.5062207579612732, throughput:413
New best TEST travel time 1120.1550 at episode 0, saved as best checkpoint
step:3600/3600, q_loss:0, rewards:-178.8162841796875, queue:4.249867916107178, delay:0.24007990956306458, throughput:3778
episode:1/250, real avg travel time:345.7628374801482
Test step:1/250, travel time :1120.1549636803875, rewards:-587.3646850585938, queue:13.64206314086914, delay:0.5062207579612732, throughput:413
step:3600/3600, q_loss:39.08241653442383, rewards:-187.51705932617188, queue:4.588491916656494, delay:0.24225445091724396, throughput:3807
episode:2/250, real avg travel time:347.7578145521408
Test step:2/250, travel time :631.2025036818851, rewards:-517.0708618164062, queue:13.48888874053955, delay:0.4239870309829712, throughput:1358
New best TEST travel time 631.2025 at episode 2, saved as best checkpoint
step:3600/3600, q_loss:47.59247970581055, rewards:-147.89523315429688, queue:3.8526453971862793, delay:0.22558894753456116, throughput:3879
episode:3/250, real avg travel time:324.7228667182263
Test step:3/250, travel time :538.9100860046912, rewards:-508.2992248535156, queue:12.112698554992676, delay:0.4115801155567169, throughput:1279
New best TEST travel time 538.9101 at episode 3, saved as best checkpoint
step:3600/3600, q_loss:37.172752380371094, rewards:-153.01864624023438, queue:3.8878307342529297, delay:0.21924452483654022, throughput:3686
episode:4/250, real avg travel time:367.2631578947368
Test step:4/250, travel time :606.483810709838, rewards:-466.8215637207031, queue:11.51124382019043, delay:0.35879358649253845, throughput:1606
step:3600/3600, q_loss:83.86395263671875, rewards:-134.33206176757812, queue:3.6186506748199463, delay:0.20858025550842285, throughput:3708
episode:5/250, real avg travel time:336.10409924487595
Test step:5/250, travel time :684.2495606326889, rewards:-408.3825988769531, queue:10.339153289794922, delay:0.3648522198200226, throughput:1707
step:3600/3600, q_loss:63.947975158691406, rewards:-149.75157165527344, queue:3.9041004180908203, delay:0.2254050225019455, throughput:3736
episode:6/250, real avg travel time:368.343147751606
Test step:6/250, travel time :604.4812834224599, rewards:-414.9061279296875, queue:10.347089767456055, delay:0.34470927715301514, throughput:1496
step:3600/3600, q_loss:56.670143127441406, rewards:-198.78390502929688, queue:5.11044979095459, delay:0.25483253598213196, throughput:3605
episode:7/250, real avg travel time:439.10846047156724
Test step:7/250, travel time :753.1362653208363, rewards:-432.7569885253906, queue:10.220634460449219, delay:0.41472432017326355, throughput:1387
step:3600/3600, q_loss:66.41947174072266, rewards:-306.4387512207031, queue:7.692724704742432, delay:0.31038370728492737, throughput:3128
episode:8/250, real avg travel time:523.8366368286445
Test step:8/250, travel time :608.7289719626168, rewards:-498.94683837890625, queue:12.130423545837402, delay:0.40568971633911133, throughput:1391
step:3600/3600, q_loss:87.26641845703125, rewards:-286.9847717285156, queue:7.269312381744385, delay:0.29762178659439087, throughput:3388
episode:9/250, real avg travel time:477.3223140495868
Test step:9/250, travel time :591.0700557966522, rewards:-465.5478210449219, queue:11.163227081298828, delay:0.37642326951026917, throughput:1613
step:3600/3600, q_loss:95.99915313720703, rewards:-289.8465270996094, queue:7.6164021492004395, delay:0.3035028874874115, throughput:2825
episode:10/250, real avg travel time:566.049203539823
Test step:10/250, travel time :598.942261904762, rewards:-444.8196716308594, queue:10.735979080200195, delay:0.3774104714393616, throughput:1680
step:3600/3600, q_loss:111.73899841308594, rewards:-172.2745361328125, queue:4.462566375732422, delay:0.24190928041934967, throughput:3321
episode:11/250, real avg travel time:407.0879253236977
Test step:11/250, travel time :581.9649698960044, rewards:-430.18408203125, queue:10.866930961608887, delay:0.3377630412578583, throughput:1827
step:3600/3600, q_loss:152.07237243652344, rewards:-205.7162322998047, queue:5.255423069000244, delay:0.2475994974374771, throughput:3185
episode:12/250, real avg travel time:483.2244897959184
Test step:12/250, travel time :551.4004160166406, rewards:-373.9479064941406, queue:9.677645683288574, delay:0.3142772912979126, throughput:1923
step:3600/3600, q_loss:132.86972045898438, rewards:-244.56610107421875, queue:6.110978603363037, delay:0.27558138966560364, throughput:2748
episode:13/250, real avg travel time:506.24599708879185
Test step:13/250, travel time :566.8485549132948, rewards:-464.26019287109375, queue:11.16785717010498, delay:0.37385761737823486, throughput:1730
step:3600/3600, q_loss:156.70347595214844, rewards:-333.311279296875, queue:8.593518257141113, delay:0.32471874356269836, throughput:2775
episode:14/250, real avg travel time:494.3207207207207
Test step:14/250, travel time :477.2047360631475, rewards:-436.1994323730469, queue:11.073412895202637, delay:0.3719344437122345, throughput:2027
New best TEST travel time 477.2047 at episode 14, saved as best checkpoint
step:3600/3600, q_loss:133.04794311523438, rewards:-434.9940185546875, queue:10.877778053283691, delay:0.34960344433784485, throughput:2160
episode:15/250, real avg travel time:501.4273148148148
Test step:15/250, travel time :616.6255924170616, rewards:-525.8710327148438, queue:14.09497356414795, delay:0.4157559871673584, throughput:1477
step:3600/3600, q_loss:161.81680297851562, rewards:-429.01251220703125, queue:11.05224895477295, delay:0.360073059797287, throughput:2119
episode:16/250, real avg travel time:511.9863142991977
Test step:16/250, travel time :447.98273070696166, rewards:-463.0218200683594, queue:11.718254089355469, delay:0.3706113398075104, throughput:1853
New best TEST travel time 447.9827 at episode 16, saved as best checkpoint
step:3600/3600, q_loss:188.72662353515625, rewards:-459.2287902832031, queue:11.74920654296875, delay:0.37706369161605835, throughput:1922
episode:17/250, real avg travel time:522.9058272632674
Test step:17/250, travel time :471.99349240780913, rewards:-470.2452392578125, queue:11.816137313842773, delay:0.3851820230484009, throughput:1844
step:3600/3600, q_loss:165.4557342529297, rewards:-284.1996765136719, queue:6.976322650909424, delay:0.2933519780635834, throughput:2761
episode:18/250, real avg travel time:552.6349148859109
Test step:18/250, travel time :467.5387453874539, rewards:-338.6744689941406, queue:8.786772727966309, delay:0.30502307415008545, throughput:2168
step:3600/3600, q_loss:170.55026245117188, rewards:-249.38937377929688, queue:6.571957588195801, delay:0.28397196531295776, throughput:2825
episode:19/250, real avg travel time:520.5543362831859
Test step:19/250, travel time :514.3767543859649, rewards:-354.83441162109375, queue:9.40343952178955, delay:0.2940923869609833, throughput:2280
step:3600/3600, q_loss:173.31300354003906, rewards:-234.8086395263672, queue:6.066401958465576, delay:0.26498550176620483, throughput:2626
episode:20/250, real avg travel time:463.94135567402896
Test step:20/250, travel time :488.55196399345334, rewards:-259.87261962890625, queue:7.054232597351074, delay:0.2731938660144806, throughput:2444
step:3600/3600, q_loss:130.78933715820312, rewards:-228.3494415283203, queue:5.857671737670898, delay:0.25734227895736694, throughput:2913
episode:21/250, real avg travel time:528.541366289049
Test step:21/250, travel time :540.7281306715064, rewards:-253.37899780273438, queue:6.102910041809082, delay:0.2584925591945648, throughput:2755
step:3600/3600, q_loss:125.47583770751953, rewards:-216.53565979003906, queue:5.669973373413086, delay:0.2604827880859375, throughput:2800
episode:22/250, real avg travel time:473.9892857142857
Test step:22/250, travel time :594.0684995340167, rewards:-310.5726013183594, queue:7.7448410987854, delay:0.2942012846469879, throughput:2146
step:3600/3600, q_loss:137.05398559570312, rewards:-382.0030822753906, queue:9.72275161743164, delay:0.3259144723415375, throughput:2255
episode:23/250, real avg travel time:521.2957871396895
Test step:23/250, travel time :554.5510543840178, rewards:-414.468017578125, queue:10.402910232543945, delay:0.3880326449871063, throughput:1802
step:3600/3600, q_loss:147.33522033691406, rewards:-402.5030517578125, queue:10.018518447875977, delay:0.35172268748283386, throughput:1948
episode:24/250, real avg travel time:484.5893223819302
Test step:24/250, travel time :513.860824742268, rewards:-396.0162353515625, queue:9.837301254272461, delay:0.3599480390548706, throughput:1940
step:3600/3600, q_loss:155.37686157226562, rewards:-365.5531311035156, queue:9.050661087036133, delay:0.3407645523548126, throughput:2041
episode:25/250, real avg travel time:494.85448309652134
Test step:25/250, travel time :453.32785025524674, rewards:-415.7112731933594, queue:10.339153289794922, delay:0.36007657647132874, throughput:1763
step:3600/3600, q_loss:157.28033447265625, rewards:-378.28375244140625, queue:9.466798782348633, delay:0.3475278913974762, throughput:2121
episode:26/250, real avg travel time:609.4347006129184
Test step:26/250, travel time :567.2741629816803, rewards:-411.7446594238281, queue:10.34656047821045, delay:0.37587970495224, throughput:1583
step:3600/3600, q_loss:185.55252075195312, rewards:-379.85595703125, queue:9.162698745727539, delay:0.33919578790664673, throughput:2317
episode:27/250, real avg travel time:737.4436771687527
Test step:27/250, travel time :502.8037914691943, rewards:-408.3866271972656, queue:9.903571128845215, delay:0.2979963719844818, throughput:2110
step:3600/3600, q_loss:201.2198944091797, rewards:-301.4579772949219, queue:7.778703689575195, delay:0.3047632873058319, throughput:2195
episode:28/250, real avg travel time:530.8660592255126
Test step:28/250, travel time :502.0903896103896, rewards:-333.1754455566406, queue:9.010052680969238, delay:0.30195581912994385, throughput:1925
step:3600/3600, q_loss:261.30487060546875, rewards:-282.2286071777344, queue:7.111507892608643, delay:0.28566816449165344, throughput:2439
episode:29/250, real avg travel time:534.1029110291103
Test step:29/250, travel time :500.20253718285215, rewards:-314.2076416015625, queue:7.775264739990234, delay:0.3079680800437927, throughput:2286
step:3600/3600, q_loss:155.99266052246094, rewards:-422.0387878417969, queue:10.878835678100586, delay:0.3573296070098877, throughput:2006
episode:30/250, real avg travel time:554.4237288135594
Test step:30/250, travel time :515.2503008423586, rewards:-471.98138427734375, queue:11.8765869140625, delay:0.38851267099380493, throughput:1662
step:3600/3600, q_loss:169.18975830078125, rewards:-444.56024169921875, queue:11.296031951904297, delay:0.36117666959762573, throughput:2090
episode:31/250, real avg travel time:559.0119617224881
Test step:31/250, travel time :531.7481690140845, rewards:-446.07464599609375, queue:11.30476188659668, delay:0.36951982975006104, throughput:1775
step:3600/3600, q_loss:201.82057189941406, rewards:-433.9493103027344, queue:10.760714530944824, delay:0.36148983240127563, throughput:2207
episode:32/250, real avg travel time:614.7829632985954
Test step:32/250, travel time :534.5110062893082, rewards:-448.9338684082031, queue:11.257539749145508, delay:0.3599277138710022, throughput:1908
step:3600/3600, q_loss:200.66818237304688, rewards:-293.0526123046875, queue:7.541799068450928, delay:0.2999711334705353, throughput:2552
episode:33/250, real avg travel time:442.3491379310345
Test step:33/250, travel time :406.0245993291092, rewards:-260.4164123535156, queue:6.783597946166992, delay:0.2820878028869629, throughput:2683
New best TEST travel time 406.0246 at episode 33, saved as best checkpoint
step:3600/3600, q_loss:189.03211975097656, rewards:-267.1786193847656, queue:7.057936668395996, delay:0.2735231816768646, throughput:2733
episode:34/250, real avg travel time:425.89864617636294
Test step:34/250, travel time :382.1456679323438, rewards:-253.44015502929688, queue:6.888095378875732, delay:0.24568668007850647, throughput:2897
New best TEST travel time 382.1457 at episode 34, saved as best checkpoint
step:3600/3600, q_loss:304.351806640625, rewards:-235.08872985839844, queue:6.204100608825684, delay:0.25395071506500244, throughput:2790
episode:35/250, real avg travel time:445.9569892473118
Test step:35/250, travel time :506.0375939849624, rewards:-329.63958740234375, queue:8.688888549804688, delay:0.29688313603401184, throughput:2261
step:3600/3600, q_loss:241.01638793945312, rewards:-269.51312255859375, queue:6.973015785217285, delay:0.2667333483695984, throughput:2620
episode:36/250, real avg travel time:499.7175572519084
Test step:36/250, travel time :422.76748034753825, rewards:-261.8690185546875, queue:6.817327976226807, delay:0.27055102586746216, throughput:2417
step:3600/3600, q_loss:195.710205078125, rewards:-277.83441162109375, queue:7.144047737121582, delay:0.27111390233039856, throughput:2782
episode:37/250, real avg travel time:440.3156002875629
Test step:37/250, travel time :421.37129690585914, rewards:-229.95082092285156, queue:6.059523582458496, delay:0.24458374083042145, throughput:3038
step:3600/3600, q_loss:205.75241088867188, rewards:-223.03150939941406, queue:5.9144182205200195, delay:0.24636247754096985, throughput:2965
episode:38/250, real avg travel time:404.7497470489039
Test step:38/250, travel time :403.8184512782512, rewards:-223.35830688476562, queue:6.016666889190674, delay:0.25915417075157166, throughput:2699
step:3600/3600, q_loss:204.50656127929688, rewards:-258.08880615234375, queue:6.760581970214844, delay:0.2630956172943115, throughput:2518
episode:39/250, real avg travel time:418.90349483717233
Test step:39/250, travel time :483.96908396946566, rewards:-257.3203430175781, queue:7.043121814727783, delay:0.2660095989704132, throughput:2620
step:3600/3600, q_loss:235.60484313964844, rewards:-236.7677764892578, queue:6.274074077606201, delay:0.25134074687957764, throughput:2815
episode:40/250, real avg travel time:412.4103019538188
Test step:40/250, travel time :454.63011152416357, rewards:-266.23583984375, queue:6.924206256866455, delay:0.2771252393722534, throughput:2690
step:3600/3600, q_loss:278.73162841796875, rewards:-269.908935546875, queue:7.1759257316589355, delay:0.2656293213367462, throughput:2665
episode:41/250, real avg travel time:466.42401500938087
Test step:41/250, travel time :410.36160137752904, rewards:-273.94085693359375, queue:7.317460536956787, delay:0.28485801815986633, throughput:2323
step:3600/3600, q_loss:215.08880615234375, rewards:-268.12738037109375, queue:7.053042411804199, delay:0.25606569647789, throughput:2653
episode:42/250, real avg travel time:463.31398416886543
Test step:42/250, travel time :544.3775743707093, rewards:-289.5000915527344, queue:7.230158805847168, delay:0.2873930037021637, throughput:2185
step:3600/3600, q_loss:192.90220642089844, rewards:-265.7604675292969, queue:6.789285659790039, delay:0.27167144417762756, throughput:2581
episode:43/250, real avg travel time:548.6826811313445
Test step:43/250, travel time :455.9553752535497, rewards:-298.6252136230469, queue:7.796957492828369, delay:0.28088143467903137, throughput:2465
step:3600/3600, q_loss:226.69007873535156, rewards:-259.2023010253906, queue:6.845767021179199, delay:0.26706525683403015, throughput:2357
episode:44/250, real avg travel time:408.3165040305473
Test step:44/250, travel time :539.1762360446571, rewards:-341.5843811035156, queue:8.88783073425293, delay:0.30709967017173767, throughput:2508
step:3600/3600, q_loss:218.79652404785156, rewards:-336.2657470703125, queue:8.150397300720215, delay:0.29461392760276794, throughput:2466
episode:45/250, real avg travel time:509.059205190592
Test step:45/250, travel time :547.4137783483098, rewards:-309.2788391113281, queue:7.737565994262695, delay:0.30461084842681885, throughput:2337
step:3600/3600, q_loss:217.67799377441406, rewards:-299.6307067871094, queue:7.973148345947266, delay:0.2702595293521881, throughput:2342
episode:46/250, real avg travel time:463.0239111870196
Test step:46/250, travel time :466.9408866995074, rewards:-295.7834777832031, queue:7.837830543518066, delay:0.29403597116470337, throughput:2233
step:3600/3600, q_loss:194.0156707763672, rewards:-233.37738037109375, queue:5.893518447875977, delay:0.24755752086639404, throughput:3012
episode:47/250, real avg travel time:482.1666666666667
Test step:47/250, travel time :453.2336083369518, rewards:-275.885498046875, queue:7.035449504852295, delay:0.2648589015007019, throughput:2303
step:3600/3600, q_loss:187.27728271484375, rewards:-228.20753479003906, queue:6.075529098510742, delay:0.2582215964794159, throughput:2725
episode:48/250, real avg travel time:515.017247706422
Test step:48/250, travel time :430.8165862220272, rewards:-315.9108581542969, queue:8.09854507446289, delay:0.2821369469165802, throughput:2279
step:3600/3600, q_loss:176.31021118164062, rewards:-242.54539489746094, queue:6.22949743270874, delay:0.26367923617362976, throughput:2745
episode:49/250, real avg travel time:452.46593806921675
Test step:49/250, travel time :495.5945796460177, rewards:-405.0915832519531, queue:9.738624572753906, delay:0.35891684889793396, throughput:1808
step:3600/3600, q_loss:184.85531616210938, rewards:-373.39227294921875, queue:9.01706314086914, delay:0.34566590189933777, throughput:2294
episode:50/250, real avg travel time:573.2685265911073
Test step:50/250, travel time :515.9562203575338, rewards:-303.7664489746094, queue:8.116004943847656, delay:0.2799150347709656, throughput:2741
step:3600/3600, q_loss:201.6060791015625, rewards:-275.27130126953125, queue:6.802116394042969, delay:0.2736697793006897, throughput:2724
episode:51/250, real avg travel time:448.93538913362704
Test step:51/250, travel time :581.5963438735178, rewards:-339.56927490234375, queue:8.561508178710938, delay:0.2866828441619873, throughput:2024
step:3600/3600, q_loss:240.3777313232422, rewards:-238.40374755859375, queue:6.434126853942871, delay:0.236221581697464, throughput:2751
episode:52/250, real avg travel time:409.3460559796438
Test step:52/250, travel time :419.1756214915798, rewards:-259.8133544921875, queue:6.689153671264648, delay:0.2580222189426422, throughput:2494
step:3600/3600, q_loss:254.97105407714844, rewards:-267.8430480957031, queue:6.690079212188721, delay:0.2625054121017456, throughput:2620
episode:53/250, real avg travel time:478.9087786259542
Test step:53/250, travel time :476.84867224445253, rewards:-252.84222412109375, queue:6.569576740264893, delay:0.2743404507637024, throughput:2749
step:3600/3600, q_loss:221.66217041015625, rewards:-285.1363830566406, queue:6.92380952835083, delay:0.28179284930229187, throughput:2459
episode:54/250, real avg travel time:519.6758845058968
Test step:54/250, travel time :494.9882886286362, rewards:-249.94293212890625, queue:6.571957588195801, delay:0.26214906573295593, throughput:2647
step:3600/3600, q_loss:214.31680297851562, rewards:-272.2649841308594, queue:7.14470911026001, delay:0.2683350443840027, throughput:2421
episode:55/250, real avg travel time:528.1643948781496
Test step:55/250, travel time :513.2412790697674, rewards:-245.47256469726562, queue:6.3347883224487305, delay:0.27334219217300415, throughput:2752
step:3600/3600, q_loss:210.31362915039062, rewards:-231.6671905517578, queue:5.838756561279297, delay:0.2696378827095032, throughput:2752
episode:56/250, real avg travel time:434.5919331395349
Test step:56/250, travel time :492.8993610223642, rewards:-269.66973876953125, queue:6.878968238830566, delay:0.2766129970550537, throughput:2504
step:3600/3600, q_loss:250.14498901367188, rewards:-376.2042236328125, queue:9.561375617980957, delay:0.3257485628128052, throughput:2958
episode:57/250, real avg travel time:620.5665990534145
Test step:57/250, travel time :448.06396321070235, rewards:-308.8854675292969, queue:7.689815044403076, delay:0.28264564275741577, throughput:2392
step:3600/3600, q_loss:211.21719360351562, rewards:-212.0709686279297, queue:5.748015880584717, delay:0.2472592145204544, throughput:2831
episode:58/250, real avg travel time:426.26986930413284
Test step:58/250, travel time :588.8409756097561, rewards:-303.8063659667969, queue:7.406613826751709, delay:0.28482696413993835, throughput:2050
step:3600/3600, q_loss:258.5491027832031, rewards:-250.06788635253906, queue:6.683333396911621, delay:0.26349443197250366, throughput:2994
episode:59/250, real avg travel time:498.7575150300601
Test step:59/250, travel time :398.10026917900404, rewards:-236.64222717285156, queue:6.477910041809082, delay:0.24510134756565094, throughput:2972
step:3600/3600, q_loss:217.2013397216797, rewards:-223.09750366210938, queue:5.998147964477539, delay:0.2541131377220154, throughput:3054
episode:60/250, real avg travel time:464.2865094957433
Test step:60/250, travel time :466.25970272502065, rewards:-255.8406219482422, queue:6.672751426696777, delay:0.2736797630786896, throughput:2422
step:3600/3600, q_loss:191.83505249023438, rewards:-213.4625244140625, queue:5.710317611694336, delay:0.2514973282814026, throughput:3127
episode:61/250, real avg travel time:396.4812919731372
Test step:61/250, travel time :476.4389961389961, rewards:-274.177490234375, queue:7.225925922393799, delay:0.2775571346282959, throughput:2590
step:3600/3600, q_loss:188.0553436279297, rewards:-249.51290893554688, queue:6.6747355461120605, delay:0.2486131489276886, throughput:3018
episode:62/250, real avg travel time:394.4042412193506
Test step:62/250, travel time :442.93766233766235, rewards:-269.4706115722656, queue:7.247089862823486, delay:0.2705082893371582, throughput:2695
step:3600/3600, q_loss:174.84312438964844, rewards:-260.5053405761719, queue:6.458200931549072, delay:0.2692645788192749, throughput:2592
episode:63/250, real avg travel time:455.6500771604938
Test step:63/250, travel time :389.90307793058287, rewards:-236.6251983642578, queue:6.253306865692139, delay:0.25584548711776733, throughput:3054
step:3600/3600, q_loss:213.29640197753906, rewards:-245.151611328125, queue:6.554497241973877, delay:0.2549211084842682, throughput:2889
episode:64/250, real avg travel time:472.19383869851157
Test step:64/250, travel time :437.06602254428344, rewards:-281.1366882324219, queue:7.288227558135986, delay:0.2758170962333679, throughput:2484
step:3600/3600, q_loss:160.2628173828125, rewards:-309.36602783203125, queue:7.826719760894775, delay:0.2826094925403595, throughput:2120
episode:65/250, real avg travel time:477.2485849056604
Test step:65/250, travel time :426.8276912660799, rewards:-252.71319580078125, queue:6.77817440032959, delay:0.2654726207256317, throughput:2954
step:3600/3600, q_loss:163.17977905273438, rewards:-165.95826721191406, queue:4.470238208770752, delay:0.2335207760334015, throughput:3335
episode:66/250, real avg travel time:375.3247376311844
Test step:66/250, travel time :467.093447905478, rewards:-249.7562255859375, queue:6.628836154937744, delay:0.2600288987159729, throughput:2793
step:3600/3600, q_loss:144.28262329101562, rewards:-273.2044372558594, queue:6.906613826751709, delay:0.2685185372829437, throughput:2104
episode:67/250, real avg travel time:464.8802281368821
Test step:67/250, travel time :428.0264456981664, rewards:-255.3026885986328, queue:6.759127140045166, delay:0.25860705971717834, throughput:2836
step:3600/3600, q_loss:167.61212158203125, rewards:-237.12474060058594, queue:6.17301607131958, delay:0.25345492362976074, throughput:2834
episode:68/250, real avg travel time:432.86026817219476
Test step:68/250, travel time :377.52109974424553, rewards:-211.7193603515625, queue:5.707407474517822, delay:0.24349139630794525, throughput:3128
New best TEST travel time 377.5211 at episode 68, saved as best checkpoint
step:3600/3600, q_loss:157.35484313964844, rewards:-243.24615478515625, queue:6.5623016357421875, delay:0.2560891807079315, throughput:2855
episode:69/250, real avg travel time:448.7709281961471
Test step:69/250, travel time :356.1852327447833, rewards:-218.14541625976562, queue:5.85277795791626, delay:0.24633465707302094, throughput:3115
New best TEST travel time 356.1852 at episode 69, saved as best checkpoint
step:3600/3600, q_loss:118.29883575439453, rewards:-233.5589599609375, queue:6.129894256591797, delay:0.24884328246116638, throughput:2815
episode:70/250, real avg travel time:469.09378330373
Test step:70/250, travel time :377.11870255348515, rewards:-240.60594177246094, queue:6.301190376281738, delay:0.2474212944507599, throughput:2898
step:3600/3600, q_loss:141.57044982910156, rewards:-219.9332733154297, queue:5.882275104522705, delay:0.24348603188991547, throughput:2908
episode:71/250, real avg travel time:395.80330123796426
Test step:71/250, travel time :438.64940239043824, rewards:-245.03146362304688, queue:6.419312000274658, delay:0.2598308026790619, throughput:2761
step:3600/3600, q_loss:127.5638656616211, rewards:-197.63919067382812, queue:5.356216907501221, delay:0.23391547799110413, throughput:3037
episode:72/250, real avg travel time:455.3845900559763
Test step:72/250, travel time :436.4734931009441, rewards:-266.2867736816406, queue:6.888095378875732, delay:0.26103973388671875, throughput:2754
step:3600/3600, q_loss:123.03366088867188, rewards:-215.32505798339844, queue:5.778571605682373, delay:0.2511918544769287, throughput:3050
episode:73/250, real avg travel time:395.6750819672131
Test step:73/250, travel time :429.8390092879257, rewards:-282.8079528808594, queue:7.02222204208374, delay:0.2685087025165558, throughput:2261
step:3600/3600, q_loss:106.12358856201172, rewards:-215.6602020263672, queue:5.772883415222168, delay:0.25266093015670776, throughput:3179
episode:74/250, real avg travel time:443.8653664674426
Test step:74/250, travel time :414.5127090301003, rewards:-244.86558532714844, queue:6.439285755157471, delay:0.23884160816669464, throughput:2990
step:3600/3600, q_loss:117.25558471679688, rewards:-216.34861755371094, queue:5.727380752563477, delay:0.2502569258213043, throughput:2851
episode:75/250, real avg travel time:422.58751315327953
Test step:75/250, travel time :402.2423105776444, rewards:-253.22023010253906, queue:6.699999809265137, delay:0.25498783588409424, throughput:2666
step:3600/3600, q_loss:128.9613494873047, rewards:-207.76666259765625, queue:5.250132083892822, delay:0.23476408421993256, throughput:2731
episode:76/250, real avg travel time:363.83815452215305
Test step:76/250, travel time :398.9931365820178, rewards:-247.8026885986328, queue:6.580820083618164, delay:0.24544663727283478, throughput:2914
step:3600/3600, q_loss:132.4179229736328, rewards:-272.6170654296875, queue:7.080158710479736, delay:0.26322293281555176, throughput:2803
episode:77/250, real avg travel time:465.4191937210132
Test step:77/250, travel time :420.21695294996266, rewards:-248.10060119628906, queue:6.644179821014404, delay:0.24553388357162476, throughput:2678
step:3600/3600, q_loss:128.82391357421875, rewards:-218.83111572265625, queue:5.766931056976318, delay:0.23633833229541779, throughput:2940
episode:78/250, real avg travel time:392.2690476190476
Test step:78/250, travel time :460.87212863705975, rewards:-264.5511169433594, queue:7.101322650909424, delay:0.256521999835968, throughput:2612
step:3600/3600, q_loss:141.87184143066406, rewards:-224.03192138671875, queue:5.654761791229248, delay:0.243035227060318, throughput:2768
episode:79/250, real avg travel time:393.73229768786126
Test step:79/250, travel time :465.45862194677363, rewards:-242.5773468017578, queue:6.353174686431885, delay:0.23995104432106018, throughput:2743
step:3600/3600, q_loss:95.57283020019531, rewards:-202.2611541748047, queue:5.447090148925781, delay:0.2331876903772354, throughput:3268
episode:80/250, real avg travel time:428.9957160342717
Test step:80/250, travel time :449.3495024875622, rewards:-244.0680389404297, queue:6.38267183303833, delay:0.2519684135913849, throughput:2412
step:3600/3600, q_loss:101.41514587402344, rewards:-230.8775634765625, queue:5.967724800109863, delay:0.2513579726219177, throughput:2894
episode:81/250, real avg travel time:440.1879751209399
Test step:81/250, travel time :468.9473247615097, rewards:-290.0838928222656, queue:7.880555629730225, delay:0.2643820345401764, throughput:2411
step:3600/3600, q_loss:108.60520935058594, rewards:-215.91844177246094, queue:5.573941707611084, delay:0.2517213821411133, throughput:2719
episode:82/250, real avg travel time:424.5424788525193
Test step:82/250, travel time :499.2769230769231, rewards:-403.9851989746094, queue:10.166666984558105, delay:0.35100460052490234, throughput:1625
step:3600/3600, q_loss:103.83871459960938, rewards:-241.7382354736328, queue:6.256217002868652, delay:0.24514156579971313, throughput:2751
episode:83/250, real avg travel time:481.31261359505635
Test step:83/250, travel time :513.3307240704501, rewards:-280.07891845703125, queue:6.778703689575195, delay:0.2638946771621704, throughput:2555
step:3600/3600, q_loss:115.87458038330078, rewards:-260.76776123046875, queue:6.378836154937744, delay:0.2561805546283722, throughput:2748
episode:84/250, real avg travel time:453.87590975254733
Test step:84/250, travel time :364.898834148176, rewards:-234.27394104003906, queue:6.316666603088379, delay:0.24312257766723633, throughput:2659
step:3600/3600, q_loss:138.79737854003906, rewards:-228.8722686767578, queue:5.980952262878418, delay:0.2453964799642563, throughput:2675
episode:85/250, real avg travel time:462.36
Test step:85/250, travel time :418.78610403783193, rewards:-220.04971313476562, queue:5.784920692443848, delay:0.2367294877767563, throughput:2749
step:3600/3600, q_loss:135.51507568359375, rewards:-255.94593811035156, queue:6.706216812133789, delay:0.24308788776397705, throughput:3041
episode:86/250, real avg travel time:452.0841828345939
Test step:86/250, travel time :425.2894651539708, rewards:-228.75088500976562, queue:6.061507701873779, delay:0.21690955758094788, throughput:3085
step:3600/3600, q_loss:128.66452026367188, rewards:-217.291748046875, queue:5.75595235824585, delay:0.23633836209774017, throughput:2977
episode:87/250, real avg travel time:435.6664427275781
Test step:87/250, travel time :405.82266982622434, rewards:-263.4629211425781, queue:6.509259223937988, delay:0.25548678636550903, throughput:2532
step:3600/3600, q_loss:147.63949584960938, rewards:-264.0066223144531, queue:6.669444561004639, delay:0.25701743364334106, throughput:2779
episode:88/250, real avg travel time:468.8089240734077
Test step:88/250, travel time :457.12780726827276, rewards:-269.2293395996094, queue:6.972089767456055, delay:0.2717037796974182, throughput:2449
step:3600/3600, q_loss:160.04583740234375, rewards:-244.34133911132812, queue:6.443121910095215, delay:0.25075221061706543, throughput:3031
episode:89/250, real avg travel time:477.14483668756185
Test step:89/250, travel time :599.1565656565657, rewards:-470.67938232421875, queue:11.541401863098145, delay:0.38834983110427856, throughput:1980
step:3600/3600, q_loss:178.25021362304688, rewards:-449.88250732421875, queue:11.082275390625, delay:0.3600727617740631, throughput:2253
episode:90/250, real avg travel time:775.2046160674656
Test step:90/250, travel time :445.6388508891929, rewards:-236.78231811523438, queue:6.219047546386719, delay:0.24038657546043396, throughput:2924
step:3600/3600, q_loss:218.1314697265625, rewards:-218.23654174804688, queue:5.510317325592041, delay:0.25057369470596313, throughput:2921
episode:91/250, real avg travel time:500.5029099623417
Test step:91/250, travel time :386.8112798264642, rewards:-256.2020263671875, queue:6.974206447601318, delay:0.23887786269187927, throughput:2766
step:3600/3600, q_loss:206.45138549804688, rewards:-233.29518127441406, queue:6.254629611968994, delay:0.23798868060112, throughput:3025
episode:92/250, real avg travel time:384.8006611570248
Test step:92/250, travel time :473.8231046931408, rewards:-313.4222106933594, queue:7.52738094329834, delay:0.2788093686103821, throughput:2493
step:3600/3600, q_loss:179.63768005371094, rewards:-282.1119384765625, queue:6.831216812133789, delay:0.2691265046596527, throughput:2377
episode:93/250, real avg travel time:431.87757677745054
Test step:93/250, travel time :435.0344705046198, rewards:-306.1964416503906, queue:8.072221755981445, delay:0.2560426890850067, throughput:2814
step:3600/3600, q_loss:158.87612915039062, rewards:-223.62896728515625, queue:6.040079593658447, delay:0.23863822221755981, throughput:3010
episode:94/250, real avg travel time:439.5511627906977
Test step:94/250, travel time :459.0812356979405, rewards:-287.29290771484375, queue:7.685978889465332, delay:0.2572649121284485, throughput:2622
step:3600/3600, q_loss:169.91238403320312, rewards:-215.81443786621094, queue:5.7993388175964355, delay:0.22726283967494965, throughput:2950
episode:95/250, real avg travel time:443.9220338983051
Test step:95/250, travel time :463.3906303823631, rewards:-248.85125732421875, queue:6.585846424102783, delay:0.24889113008975983, throughput:2903
step:3600/3600, q_loss:209.87109375, rewards:-231.99168395996094, queue:6.156878471374512, delay:0.2397630214691162, throughput:3066
episode:96/250, real avg travel time:439.851598173516
Test step:96/250, travel time :400.3859649122807, rewards:-292.4272155761719, queue:7.690211772918701, delay:0.25285211205482483, throughput:2907
step:3600/3600, q_loss:195.44691467285156, rewards:-243.36090087890625, queue:6.520105838775635, delay:0.23818713426589966, throughput:2831
episode:97/250, real avg travel time:388.27163546450015
Test step:97/250, travel time :431.93610469591994, rewards:-258.6964416503906, queue:7.0402116775512695, delay:0.24961690604686737, throughput:2598
step:3600/3600, q_loss:152.07498168945312, rewards:-286.10992431640625, queue:7.407142639160156, delay:0.25858303904533386, throughput:2539
episode:98/250, real avg travel time:504.12051988972036
Test step:98/250, travel time :530.8883408071749, rewards:-336.8890380859375, queue:8.615476608276367, delay:0.28573712706565857, throughput:2230
step:3600/3600, q_loss:134.48194885253906, rewards:-219.3865509033203, queue:5.9109787940979, delay:0.23555564880371094, throughput:3099
episode:99/250, real avg travel time:404.07486285898676
Test step:99/250, travel time :399.7377501725328, rewards:-235.64463806152344, queue:6.230158805847168, delay:0.25941330194473267, throughput:2898
step:3600/3600, q_loss:135.8682098388672, rewards:-214.70909118652344, queue:5.694841384887695, delay:0.2421119660139084, throughput:3085
episode:100/250, real avg travel time:400.7069692058347
Test step:100/250, travel time :431.4252503576538, rewards:-246.88490295410156, queue:6.585052967071533, delay:0.25316983461380005, throughput:2796
step:3600/3600, q_loss:131.06503295898438, rewards:-223.0612030029297, queue:5.844973564147949, delay:0.24675852060317993, throughput:2930
episode:101/250, real avg travel time:449.13412969283274
Test step:101/250, travel time :432.1907894736842, rewards:-225.959716796875, queue:5.964285850524902, delay:0.2461548000574112, throughput:3040
step:3600/3600, q_loss:136.32174682617188, rewards:-213.62643432617188, queue:5.81944465637207, delay:0.23808346688747406, throughput:2968
episode:102/250, real avg travel time:384.3416442048518
Test step:102/250, travel time :395.5655518394649, rewards:-222.84335327148438, queue:5.9064812660217285, delay:0.24040503799915314, throughput:2990
step:3600/3600, q_loss:138.42799377441406, rewards:-231.69041442871094, queue:6.185582160949707, delay:0.24881252646446228, throughput:2827
episode:103/250, real avg travel time:454.80049522461974
Test step:103/250, travel time :436.80915134923737, rewards:-282.4217224121094, queue:7.456481456756592, delay:0.25462764501571655, throughput:2557
step:3600/3600, q_loss:139.7928924560547, rewards:-312.47320556640625, queue:8.148545265197754, delay:0.2622990310192108, throughput:2232
episode:104/250, real avg travel time:476.1267921146953
Test step:104/250, travel time :356.78696343402225, rewards:-187.6201171875, queue:5.198280334472656, delay:0.21382974088191986, throughput:3145
step:3600/3600, q_loss:140.1953582763672, rewards:-224.8763427734375, queue:6.003703594207764, delay:0.22823727130889893, throughput:3020
episode:105/250, real avg travel time:413.5049668874172
Test step:105/250, travel time :407.06988873435324, rewards:-213.65542602539062, queue:5.814153671264648, delay:0.2352171242237091, throughput:2876
step:3600/3600, q_loss:146.2117156982422, rewards:-195.88491821289062, queue:5.350529193878174, delay:0.23073720932006836, throughput:3096
episode:106/250, real avg travel time:388.4014857881137
Test step:106/250, travel time :413.1672449687717, rewards:-236.66253662109375, queue:6.220370292663574, delay:0.2466271072626114, throughput:2882
step:3600/3600, q_loss:133.2291259765625, rewards:-243.806396484375, queue:6.615079402923584, delay:0.24466142058372498, throughput:2885
episode:107/250, real avg travel time:465.2897746967071
Test step:107/250, travel time :458.82206148282097, rewards:-262.6063232421875, queue:6.882936477661133, delay:0.26069244742393494, throughput:2765
step:3600/3600, q_loss:126.07964324951172, rewards:-209.1708526611328, queue:5.726058006286621, delay:0.23169103264808655, throughput:3040
episode:108/250, real avg travel time:417.72796052631577
Test step:108/250, travel time :413.0428464977645, rewards:-237.9778594970703, queue:6.269576549530029, delay:0.25059986114501953, throughput:2684
step:3600/3600, q_loss:114.96985626220703, rewards:-321.29180908203125, queue:7.975264549255371, delay:0.24982787668704987, throughput:2670
episode:109/250, real avg travel time:465.7850187265918
Test step:109/250, travel time :457.5356093979442, rewards:-277.3085632324219, queue:6.842724800109863, delay:0.24353893101215363, throughput:2724
step:3600/3600, q_loss:127.7206802368164, rewards:-228.12290954589844, queue:6.055423259735107, delay:0.23059506714344025, throughput:2598
episode:110/250, real avg travel time:388.076597382602
Test step:110/250, travel time :422.2438376943496, rewards:-273.96533203125, queue:7.024603366851807, delay:0.2603209614753723, throughput:2637
step:3600/3600, q_loss:140.59475708007812, rewards:-231.25518798828125, queue:6.065343856811523, delay:0.2519356906414032, throughput:2834
episode:111/250, real avg travel time:474.6577275935074
Test step:111/250, travel time :412.06905710491367, rewards:-220.1118927001953, queue:5.95119047164917, delay:0.23301978409290314, throughput:3012
step:3600/3600, q_loss:141.74664306640625, rewards:-234.74172973632812, queue:6.234259128570557, delay:0.22864723205566406, throughput:3094
episode:112/250, real avg travel time:424.7000646412411
Test step:112/250, travel time :373.8965517241379, rewards:-211.96987915039062, queue:5.700925827026367, delay:0.2352096140384674, throughput:3074
step:3600/3600, q_loss:146.24960327148438, rewards:-230.06028747558594, queue:6.135052680969238, delay:0.23944170773029327, throughput:2919
episode:113/250, real avg travel time:459.5357999314834
Test step:113/250, travel time :440.69924554183814, rewards:-230.03150939941406, queue:6.098280429840088, delay:0.24840876460075378, throughput:2916
step:3600/3600, q_loss:122.49342346191406, rewards:-201.92835998535156, queue:5.526719570159912, delay:0.233404740691185, throughput:3057
episode:114/250, real avg travel time:390.61007523716063
Test step:114/250, travel time :417.84649725274727, rewards:-304.7109375, queue:8.074603080749512, delay:0.24788804352283478, throughput:2912
step:3600/3600, q_loss:114.61026763916016, rewards:-228.9700927734375, queue:5.734655857086182, delay:0.2436961829662323, throughput:2886
episode:115/250, real avg travel time:435.01004851004853
Test step:115/250, travel time :424.64979221760484, rewards:-252.53155517578125, queue:6.615344047546387, delay:0.2523679733276367, throughput:2647
step:3600/3600, q_loss:135.64773559570312, rewards:-241.6777801513672, queue:6.15158748626709, delay:0.23433609306812286, throughput:2883
episode:116/250, real avg travel time:400.33888310787376
Test step:116/250, travel time :449.41508784016537, rewards:-210.01437377929688, queue:5.56243371963501, delay:0.23521865904331207, throughput:2903
step:3600/3600, q_loss:129.64076232910156, rewards:-202.97219848632812, queue:5.367989540100098, delay:0.2324051558971405, throughput:3201
episode:117/250, real avg travel time:422.3036551077788
Test step:117/250, travel time :438.7436507936508, rewards:-282.22650146484375, queue:7.303703784942627, delay:0.28425243496894836, throughput:2520
step:3600/3600, q_loss:137.075927734375, rewards:-214.59982299804688, queue:5.828174591064453, delay:0.22579561173915863, throughput:3051
episode:118/250, real avg travel time:413.48377581120945
Test step:118/250, travel time :452.031512605042, rewards:-238.5181427001953, queue:6.27738094329834, delay:0.2618944048881531, throughput:2856
step:3600/3600, q_loss:122.18628692626953, rewards:-210.74526977539062, queue:5.562830924987793, delay:0.2266807109117508, throughput:2966
episode:119/250, real avg travel time:425.4898853674983
Test step:119/250, travel time :413.1161575562701, rewards:-305.5478820800781, queue:7.912830829620361, delay:0.27458056807518005, throughput:2488
step:3600/3600, q_loss:115.3799057006836, rewards:-230.23202514648438, queue:5.954761981964111, delay:0.22117774188518524, throughput:3075
episode:120/250, real avg travel time:407.2673170731707
Test step:120/250, travel time :470.70963270963273, rewards:-295.5006103515625, queue:7.713095188140869, delay:0.24564939737319946, throughput:2886
step:3600/3600, q_loss:138.48941040039062, rewards:-195.08790588378906, queue:5.225396633148193, delay:0.22487422823905945, throughput:3186
episode:121/250, real avg travel time:411.7523540489642
Test step:121/250, travel time :475.5403319181783, rewards:-247.33079528808594, queue:6.205158710479736, delay:0.2483624815940857, throughput:2591
step:3600/3600, q_loss:124.03289794921875, rewards:-224.98109436035156, queue:5.944180011749268, delay:0.23068954050540924, throughput:3073
episode:122/250, real avg travel time:451.98014969085585
Test step:122/250, travel time :519.1573821581612, rewards:-281.3987121582031, queue:7.3271164894104, delay:0.2728273570537567, throughput:2567
step:3600/3600, q_loss:127.02336883544922, rewards:-231.90304565429688, queue:5.908862590789795, delay:0.2516164779663086, throughput:2920
episode:123/250, real avg travel time:476.3873287671233
Test step:123/250, travel time :393.9624478442281, rewards:-238.91848754882812, queue:6.360317230224609, delay:0.23492181301116943, throughput:2876
step:3600/3600, q_loss:111.67697143554688, rewards:-256.26739501953125, queue:6.537301540374756, delay:0.25538328289985657, throughput:2508
episode:124/250, real avg travel time:480.6399521531101
Test step:124/250, travel time :469.40435670524164, rewards:-272.8995666503906, queue:7.012566089630127, delay:0.2513495683670044, throughput:2938
step:3600/3600, q_loss:110.92791748046875, rewards:-259.5621032714844, queue:6.729762077331543, delay:0.24463893473148346, throughput:2672
episode:125/250, real avg travel time:459.95845808383234
Test step:125/250, travel time :412.95495810055866, rewards:-268.0415954589844, queue:7.311243534088135, delay:0.23433448374271393, throughput:2864
step:3600/3600, q_loss:117.40052032470703, rewards:-355.66192626953125, queue:9.334524154663086, delay:0.32150453329086304, throughput:2673
episode:126/250, real avg travel time:542.0744481855593
Test step:126/250, travel time :445.87586891757695, rewards:-427.3674621582031, queue:11.027116775512695, delay:0.3601338565349579, throughput:2014
step:3600/3600, q_loss:155.7976837158203, rewards:-399.9100646972656, queue:10.634655952453613, delay:0.3446303904056549, throughput:2254
episode:127/250, real avg travel time:476.3025732031943
Test step:127/250, travel time :537.7791601866252, rewards:-416.7835998535156, queue:10.29351806640625, delay:0.3539363443851471, throughput:1929
step:3600/3600, q_loss:158.09893798828125, rewards:-397.6161804199219, queue:10.185714721679688, delay:0.32637348771095276, throughput:2754
episode:128/250, real avg travel time:577.7135076252723
Test step:128/250, travel time :455.7808383233533, rewards:-283.4289855957031, queue:6.860581874847412, delay:0.28213003277778625, throughput:2505
step:3600/3600, q_loss:179.63681030273438, rewards:-177.4820098876953, queue:4.776454925537109, delay:0.23222169280052185, throughput:3124
episode:129/250, real avg travel time:418.1181177976953
Test step:129/250, travel time :497.69809020723284, rewards:-279.9026794433594, queue:7.470502853393555, delay:0.2696395218372345, throughput:2461
step:3600/3600, q_loss:157.87742614746094, rewards:-226.97708129882812, queue:5.970767021179199, delay:0.24070829153060913, throughput:3029
episode:130/250, real avg travel time:492.3083525916144
Test step:130/250, travel time :508.60746078846967, rewards:-304.48785400390625, queue:7.6660051345825195, delay:0.27215084433555603, throughput:2359
step:3600/3600, q_loss:148.18150329589844, rewards:-232.59109497070312, queue:6.213359832763672, delay:0.24385085701942444, throughput:2935
episode:131/250, real avg travel time:442.4064735945486
Test step:131/250, travel time :518.8291374329344, rewards:-273.8437194824219, queue:6.813227653503418, delay:0.28075823187828064, throughput:2423
step:3600/3600, q_loss:144.67324829101562, rewards:-286.89532470703125, queue:7.210978984832764, delay:0.25371110439300537, throughput:2694
episode:132/250, real avg travel time:461.4543429844098
Test step:132/250, travel time :537.6917978458989, rewards:-275.3045959472656, queue:6.730555534362793, delay:0.2691423296928406, throughput:2414
step:3600/3600, q_loss:135.2510223388672, rewards:-270.219970703125, queue:7.307010650634766, delay:0.254839688539505, throughput:2584
episode:133/250, real avg travel time:434.72871517027863
Test step:133/250, travel time :483.1638095238095, rewards:-278.7632751464844, queue:7.046957492828369, delay:0.272242933511734, throughput:2625
step:3600/3600, q_loss:141.59640502929688, rewards:-229.05191040039062, queue:5.610185146331787, delay:0.2501169443130493, throughput:2798
episode:134/250, real avg travel time:537.3652609006433
Test step:134/250, travel time :476.7203501094092, rewards:-284.2630615234375, queue:7.5021162033081055, delay:0.2809934616088867, throughput:2285
step:3600/3600, q_loss:169.6346435546875, rewards:-219.89151000976562, queue:5.728042125701904, delay:0.25873735547065735, throughput:2827
episode:135/250, real avg travel time:489.1666077113548
Test step:135/250, travel time :450.1287381473377, rewards:-262.7868347167969, queue:7.328703880310059, delay:0.26271551847457886, throughput:2742
step:3600/3600, q_loss:181.66714477539062, rewards:-257.1446228027344, queue:6.661243438720703, delay:0.254020094871521, throughput:2987
episode:136/250, real avg travel time:442.3388014730499
Test step:136/250, travel time :453.61696211331247, rewards:-228.89613342285156, queue:5.9883599281311035, delay:0.24262867867946625, throughput:2877
step:3600/3600, q_loss:166.2050323486328, rewards:-206.83641052246094, queue:5.434920787811279, delay:0.24900013208389282, throughput:3005
episode:137/250, real avg travel time:459.4312811980033
Test step:137/250, travel time :455.3747375787264, rewards:-246.73072814941406, queue:6.606348991394043, delay:0.2565068304538727, throughput:2858
step:3600/3600, q_loss:178.44732666015625, rewards:-243.57638549804688, queue:6.4064812660217285, delay:0.24290822446346283, throughput:2999
episode:138/250, real avg travel time:486.1720573524508
Test step:138/250, travel time :419.81542796759425, rewards:-258.07244873046875, queue:6.77817440032959, delay:0.2454124242067337, throughput:2839
step:3600/3600, q_loss:167.09339904785156, rewards:-243.66783142089844, queue:6.478306770324707, delay:0.23354840278625488, throughput:3068
episode:139/250, real avg travel time:415.90026075619295
Test step:139/250, travel time :459.64208633093523, rewards:-304.1480407714844, queue:7.507275104522705, delay:0.26202884316444397, throughput:2780
step:3600/3600, q_loss:162.87123107910156, rewards:-209.7546844482422, queue:5.580026626586914, delay:0.22663073241710663, throughput:3043
episode:140/250, real avg travel time:406.06276700624386
Test step:140/250, travel time :478.23388581952116, rewards:-260.6799011230469, queue:6.884259223937988, delay:0.24990203976631165, throughput:2715
step:3600/3600, q_loss:149.53306579589844, rewards:-224.5144500732422, queue:5.9895501136779785, delay:0.24231307208538055, throughput:3095
episode:141/250, real avg travel time:442.0135702746365
Test step:141/250, travel time :469.5653104925054, rewards:-285.29010009765625, queue:7.3736772537231445, delay:0.26586276292800903, throughput:2802
step:3600/3600, q_loss:145.61419677734375, rewards:-248.01548767089844, queue:6.557142734527588, delay:0.2542979419231415, throughput:3122
episode:142/250, real avg travel time:486.3468930172966
Test step:142/250, travel time :522.3564208161737, rewards:-249.42523193359375, queue:6.661640167236328, delay:0.26200729608535767, throughput:2671
step:3600/3600, q_loss:151.61314392089844, rewards:-256.20062255859375, queue:6.733994483947754, delay:0.253773033618927, throughput:2998
episode:143/250, real avg travel time:447.8318879252835
Test step:143/250, travel time :380.73585505403685, rewards:-174.10983276367188, queue:4.534920692443848, delay:0.2071513831615448, throughput:3146
step:3600/3600, q_loss:129.39955139160156, rewards:-252.6738739013672, queue:6.5005292892456055, delay:0.2429378777742386, throughput:2841
episode:144/250, real avg travel time:428.2171770503344
Test step:144/250, travel time :387.9138834315652, rewards:-234.91122436523438, queue:6.305291175842285, delay:0.2249477356672287, throughput:3054
step:3600/3600, q_loss:124.85147857666016, rewards:-253.91554260253906, queue:6.598280429840088, delay:0.2546549439430237, throughput:3053
episode:145/250, real avg travel time:498.2194562725188
Test step:145/250, travel time :462.3808630393996, rewards:-278.73284912109375, queue:7.300000190734863, delay:0.258114755153656, throughput:2665
step:3600/3600, q_loss:121.11115264892578, rewards:-256.9066467285156, queue:6.593650817871094, delay:0.26872631907463074, throughput:2574
episode:146/250, real avg travel time:460.4887334887335
Test step:146/250, travel time :471.77066666666667, rewards:-405.2984313964844, queue:9.956216812133789, delay:0.3429962396621704, throughput:1875
step:3600/3600, q_loss:126.43048858642578, rewards:-280.40582275390625, queue:7.435184955596924, delay:0.2752158045768738, throughput:3203
episode:147/250, real avg travel time:447.88385888229783
Test step:147/250, travel time :451.6298039215686, rewards:-271.5909118652344, queue:6.980687618255615, delay:0.2679656147956848, throughput:2550
step:3600/3600, q_loss:123.90699768066406, rewards:-218.295654296875, queue:5.832804203033447, delay:0.23438884317874908, throughput:3044
episode:148/250, real avg travel time:462.48948751642575
Test step:148/250, travel time :492.5001894657067, rewards:-321.6600341796875, queue:8.702381134033203, delay:0.2565893530845642, throughput:2639
step:3600/3600, q_loss:140.9154510498047, rewards:-393.7353210449219, queue:10.161507606506348, delay:0.33127474784851074, throughput:2675
episode:149/250, real avg travel time:697.5229906542056
Test step:149/250, travel time :481.8255751738898, rewards:-417.1501770019531, queue:10.114550590515137, delay:0.34335169196128845, throughput:1869
step:3600/3600, q_loss:163.490478515625, rewards:-321.3204345703125, queue:8.36203670501709, delay:0.282753586769104, throughput:2659
episode:150/250, real avg travel time:554.7814968033096
Test step:150/250, travel time :472.51719197707735, rewards:-265.8885498046875, queue:7.037830829620361, delay:0.24425183236598969, throughput:2792
step:3600/3600, q_loss:140.5755157470703, rewards:-220.42445373535156, queue:5.844841480255127, delay:0.245512917637825, throughput:3046
episode:151/250, real avg travel time:459.80466185160867
Test step:151/250, travel time :437.42354124748493, rewards:-254.76710510253906, queue:6.725529193878174, delay:0.2454463541507721, throughput:2982
step:3600/3600, q_loss:130.72232055664062, rewards:-260.0520935058594, queue:6.887434005737305, delay:0.23990453779697418, throughput:3005
episode:152/250, real avg travel time:469.15341098169716
Test step:152/250, travel time :481.3896058597837, rewards:-295.4393310546875, queue:7.57698392868042, delay:0.27020788192749023, throughput:2867
step:3600/3600, q_loss:143.18255615234375, rewards:-213.58944702148438, queue:5.665079593658447, delay:0.2157556414604187, throughput:3215
episode:153/250, real avg travel time:404.06127527216177
Test step:153/250, travel time :439.00930752047657, rewards:-246.63058471679688, queue:6.40238094329834, delay:0.26553013920783997, throughput:2686
step:3600/3600, q_loss:140.06024169921875, rewards:-261.1318664550781, queue:6.799206256866455, delay:0.24811886250972748, throughput:2781
episode:154/250, real avg travel time:508.3628191298094
Test step:154/250, travel time :394.52145099407045, rewards:-235.6061248779297, queue:6.357936382293701, delay:0.24692049622535706, throughput:2867
step:3600/3600, q_loss:161.66287231445312, rewards:-195.5138397216797, queue:5.294312000274658, delay:0.23260046541690826, throughput:3080
episode:155/250, real avg travel time:448.51623376623377
Test step:155/250, travel time :461.2676399026764, rewards:-267.58721923828125, queue:6.860185146331787, delay:0.26145094633102417, throughput:2466
step:3600/3600, q_loss:142.01759338378906, rewards:-216.17660522460938, queue:5.692724704742432, delay:0.2329433560371399, throughput:3187
episode:156/250, real avg travel time:453.81926576717916
Test step:156/250, travel time :434.1489942038868, rewards:-248.2029571533203, queue:6.559126853942871, delay:0.26322418451309204, throughput:2933
step:3600/3600, q_loss:124.4179916381836, rewards:-239.17059326171875, queue:6.299867630004883, delay:0.23119033873081207, throughput:3088
episode:157/250, real avg travel time:414.7198834196891
Test step:157/250, travel time :435.61970775571376, rewards:-266.2927551269531, queue:7.046428680419922, delay:0.26209327578544617, throughput:2669
step:3600/3600, q_loss:126.35034942626953, rewards:-252.9361114501953, queue:6.708333492279053, delay:0.23720069229602814, throughput:3066
episode:158/250, real avg travel time:421.1343770384866
Test step:158/250, travel time :399.3017329255861, rewards:-234.48060607910156, queue:6.107010364532471, delay:0.23471848666667938, throughput:2943
step:3600/3600, q_loss:128.1475067138672, rewards:-219.25729370117188, queue:5.894444465637207, delay:0.23221731185913086, throughput:3067
episode:159/250, real avg travel time:403.01499836974244
Test step:159/250, travel time :478.2848926380368, rewards:-286.04058837890625, queue:7.310714244842529, delay:0.2757643163204193, throughput:2608
step:3600/3600, q_loss:127.87759399414062, rewards:-211.7351837158203, queue:5.623412609100342, delay:0.22366571426391602, throughput:3157
episode:160/250, real avg travel time:404.947101678809
Test step:160/250, travel time :395.3217623497997, rewards:-265.8283996582031, queue:7.027513027191162, delay:0.24626851081848145, throughput:2996
step:3600/3600, q_loss:124.64628601074219, rewards:-213.4943084716797, queue:5.537962913513184, delay:0.24013955891132355, throughput:2886
episode:161/250, real avg travel time:475.07553707553706
Test step:161/250, travel time :499.9256, rewards:-274.2731018066406, queue:7.00767183303833, delay:0.26534605026245117, throughput:2500
step:3600/3600, q_loss:115.01911926269531, rewards:-279.5777282714844, queue:7.177248477935791, delay:0.2541864812374115, throughput:2929
episode:162/250, real avg travel time:447.74393991123253
Test step:162/250, travel time :491.70864661654133, rewards:-277.884033203125, queue:7.259259223937988, delay:0.25246289372444153, throughput:2660
step:3600/3600, q_loss:121.73956298828125, rewards:-183.67279052734375, queue:4.829629421234131, delay:0.22607262432575226, throughput:3198
episode:163/250, real avg travel time:459.5822388993121
Test step:163/250, travel time :444.5415352260778, rewards:-266.85797119140625, queue:7.077381134033203, delay:0.23787502944469452, throughput:2853
step:3600/3600, q_loss:128.05087280273438, rewards:-229.1002655029297, queue:6.1259260177612305, delay:0.23783284425735474, throughput:2761
episode:164/250, real avg travel time:419.2100688156465
Test step:164/250, travel time :438.679954005366, rewards:-250.2646026611328, queue:6.549206256866455, delay:0.2645643949508667, throughput:2609
step:3600/3600, q_loss:131.65438842773438, rewards:-246.78390502929688, queue:6.446957588195801, delay:0.2370937019586563, throughput:3105
episode:165/250, real avg travel time:419.27471819645734
Test step:165/250, travel time :466.97406116918313, rewards:-289.1199645996094, queue:7.649470806121826, delay:0.2571336328983307, throughput:2583
step:3600/3600, q_loss:119.00162506103516, rewards:-218.98428344726562, queue:5.808730125427246, delay:0.22392883896827698, throughput:3203
episode:166/250, real avg travel time:380.5638463940056
Test step:166/250, travel time :454.50488354620586, rewards:-265.39569091796875, queue:6.727513313293457, delay:0.24328845739364624, throughput:2662
step:3600/3600, q_loss:115.40101623535156, rewards:-245.8142852783203, queue:6.406878471374512, delay:0.25794073939323425, throughput:2721
episode:167/250, real avg travel time:481.75339948548327
Test step:167/250, travel time :432.38266871165644, rewards:-242.44515991210938, queue:6.267989635467529, delay:0.2577943801879883, throughput:2608
step:3600/3600, q_loss:120.72660827636719, rewards:-235.435791015625, queue:6.30476188659668, delay:0.23377010226249695, throughput:3182
episode:168/250, real avg travel time:406.70898805782525
Test step:168/250, travel time :416.11828332170273, rewards:-225.8894805908203, queue:6.084920406341553, delay:0.24980029463768005, throughput:2866
step:3600/3600, q_loss:125.79109954833984, rewards:-251.6142578125, queue:6.606613636016846, delay:0.2578197717666626, throughput:2925
episode:169/250, real avg travel time:485.25675213675214
Test step:169/250, travel time :458.61507936507934, rewards:-297.9393615722656, queue:7.869576930999756, delay:0.27207866311073303, throughput:2520
step:3600/3600, q_loss:111.5273208618164, rewards:-200.20518493652344, queue:5.344841480255127, delay:0.2152043581008911, throughput:3211
episode:170/250, real avg travel time:397.71846776705075
Test step:170/250, travel time :409.0211946050096, rewards:-255.40390014648438, queue:6.794841289520264, delay:0.2368772178888321, throughput:3114
step:3600/3600, q_loss:110.69361877441406, rewards:-228.99859619140625, queue:6.062169075012207, delay:0.23943786323070526, throughput:3051
episode:171/250, real avg travel time:439.9259259259259
Test step:171/250, travel time :390.84152139461173, rewards:-220.71319580078125, queue:5.753306865692139, delay:0.22025150060653687, throughput:3155
step:3600/3600, q_loss:107.83473205566406, rewards:-230.0263214111328, queue:5.847354412078857, delay:0.24310503900051117, throughput:2715
episode:172/250, real avg travel time:453.68839779005526
Test step:172/250, travel time :415.17438518045356, rewards:-252.48867797851562, queue:6.678835868835449, delay:0.2330106496810913, throughput:3131
step:3600/3600, q_loss:105.28987884521484, rewards:-261.140625, queue:7.043915271759033, delay:0.24265487492084503, throughput:2834
episode:173/250, real avg travel time:461.88743824982356
Test step:173/250, travel time :387.53344155844155, rewards:-216.7353973388672, queue:5.8248677253723145, delay:0.23462536931037903, throughput:3080
step:3600/3600, q_loss:238.51243591308594, rewards:-198.6941680908203, queue:5.415873050689697, delay:0.22931484878063202, throughput:3128
episode:174/250, real avg travel time:405.1512148337596
Test step:174/250, travel time :395.9117870722433, rewards:-319.2503356933594, queue:8.602249145507812, delay:0.24239769577980042, throughput:2630
step:3600/3600, q_loss:110.06525421142578, rewards:-198.04922485351562, queue:5.229894161224365, delay:0.23204685747623444, throughput:2845
episode:175/250, real avg travel time:418.5687170474517
Test step:175/250, travel time :402.99065743944635, rewards:-237.69622802734375, queue:6.404497146606445, delay:0.22525988519191742, throughput:2890
step:3600/3600, q_loss:100.23725891113281, rewards:-260.35821533203125, queue:6.89722204208374, delay:0.2405610978603363, throughput:2876
episode:176/250, real avg travel time:452.682892906815
Test step:176/250, travel time :446.9511913912375, rewards:-283.98681640625, queue:7.6661376953125, delay:0.23775653541088104, throughput:2602
step:3600/3600, q_loss:113.96224212646484, rewards:-188.83090209960938, queue:5.118386268615723, delay:0.22327230870723724, throughput:3269
episode:177/250, real avg travel time:429.4579382074029
Test step:177/250, travel time :362.7788110262371, rewards:-191.8044891357422, queue:5.144841194152832, delay:0.22213910520076752, throughput:3011
step:3600/3600, q_loss:118.1070327758789, rewards:-199.96432495117188, queue:5.4048943519592285, delay:0.23095127940177917, throughput:3133
episode:178/250, real avg travel time:401.9569103096074
Test step:178/250, travel time :387.15877164325383, rewards:-216.88873291015625, queue:5.8321428298950195, delay:0.22876615822315216, throughput:3061
step:3600/3600, q_loss:125.25894165039062, rewards:-227.7205047607422, queue:6.215211868286133, delay:0.23028092086315155, throughput:3071
episode:179/250, real avg travel time:412.1963529794855
Test step:179/250, travel time :439.0048059149723, rewards:-258.5738525390625, queue:6.722222328186035, delay:0.2596057653427124, throughput:2705
step:3600/3600, q_loss:117.20821380615234, rewards:-189.26783752441406, queue:5.061243534088135, delay:0.24135448038578033, throughput:3046
episode:180/250, real avg travel time:403.5929087327643
Test step:180/250, travel time :457.04461484837924, rewards:-244.63136291503906, queue:6.383465766906738, delay:0.25034278631210327, throughput:2869
step:3600/3600, q_loss:124.41547393798828, rewards:-274.3583679199219, queue:6.9281744956970215, delay:0.2528422474861145, throughput:2714
episode:181/250, real avg travel time:451.55711127487103
Test step:181/250, travel time :483.2861292665214, rewards:-240.95277404785156, queue:6.448148250579834, delay:0.2544155418872833, throughput:2754
step:3600/3600, q_loss:117.01041412353516, rewards:-216.86795043945312, queue:5.763888835906982, delay:0.2403433918952942, throughput:2893
episode:182/250, real avg travel time:385.6221914967162
Test step:182/250, travel time :426.16195924204504, rewards:-237.75474548339844, queue:6.198148250579834, delay:0.24332986772060394, throughput:2797
step:3600/3600, q_loss:111.41639709472656, rewards:-237.0709228515625, queue:6.27830696105957, delay:0.239964559674263, throughput:3064
episode:183/250, real avg travel time:439.5212140992167
Test step:183/250, travel time :450.2966828177413, rewards:-256.8584289550781, queue:6.698677062988281, delay:0.25756505131721497, throughput:2683
step:3600/3600, q_loss:144.12403869628906, rewards:-208.27601623535156, queue:5.487301349639893, delay:0.2279299944639206, throughput:2958
episode:184/250, real avg travel time:411.9766734279919
Test step:184/250, travel time :477.56007532956687, rewards:-280.6972351074219, queue:7.401058197021484, delay:0.26015836000442505, throughput:2655
step:3600/3600, q_loss:120.85551452636719, rewards:-205.5537109375, queue:5.570502758026123, delay:0.23033426702022552, throughput:3108
episode:185/250, real avg travel time:434.89414414414415
Test step:185/250, travel time :425.97692030292103, rewards:-254.819580078125, queue:6.767724990844727, delay:0.2550031840801239, throughput:2773
step:3600/3600, q_loss:113.69229888916016, rewards:-220.0397186279297, queue:5.879497528076172, delay:0.23189900815486908, throughput:2956
episode:186/250, real avg travel time:421.73105548037887
Test step:186/250, travel time :410.30378548895897, rewards:-200.6193084716797, queue:5.553835868835449, delay:0.22915732860565186, throughput:3170
step:3600/3600, q_loss:118.06885528564453, rewards:-186.4579620361328, queue:5.028042316436768, delay:0.21911992132663727, throughput:3096
episode:187/250, real avg travel time:398.58850129198964
Test step:187/250, travel time :488.81227694503923, rewards:-253.09764099121094, queue:6.497751235961914, delay:0.2630380392074585, throughput:2802
step:3600/3600, q_loss:112.92799377441406, rewards:-179.69342041015625, queue:4.939947128295898, delay:0.21507231891155243, throughput:3170
episode:188/250, real avg travel time:412.6028391167192
Test step:188/250, travel time :343.4044185332924, rewards:-200.06651306152344, queue:5.387698650360107, delay:0.21741093695163727, throughput:3259
New best TEST travel time 343.4044 at episode 188, saved as best checkpoint
step:3600/3600, q_loss:108.03916931152344, rewards:-177.59068298339844, queue:4.763492107391357, delay:0.21910057961940765, throughput:3219
episode:189/250, real avg travel time:417.85212799005905
Test step:189/250, travel time :440.4770330044233, rewards:-258.35113525390625, queue:6.761772632598877, delay:0.24904455244541168, throughput:2939
step:3600/3600, q_loss:104.29630279541016, rewards:-162.628173828125, queue:4.409656047821045, delay:0.21162469685077667, throughput:3318
episode:190/250, real avg travel time:397.4553948161543
Test step:190/250, travel time :461.45244565217394, rewards:-213.83580017089844, queue:5.725529193878174, delay:0.24209395051002502, throughput:2944
step:3600/3600, q_loss:89.95508575439453, rewards:-182.181640625, queue:4.903571605682373, delay:0.24163828790187836, throughput:3042
episode:191/250, real avg travel time:421.879355687048
Test step:191/250, travel time :378.1508848183794, rewards:-189.94894409179688, queue:5.221957683563232, delay:0.20862282812595367, throughput:3221
step:3600/3600, q_loss:87.07989501953125, rewards:-211.2224884033203, queue:5.544444561004639, delay:0.2270011454820633, throughput:3199
episode:192/250, real avg travel time:406.41919349796814
Test step:192/250, travel time :415.54548647699335, rewards:-251.03521728515625, queue:6.5207672119140625, delay:0.2564259469509125, throughput:2847
step:3600/3600, q_loss:92.14264678955078, rewards:-257.5635986328125, queue:7.003174781799316, delay:0.23642735183238983, throughput:2839
episode:193/250, real avg travel time:428.355054596689
Test step:193/250, travel time :438.3370565045992, rewards:-233.09596252441406, queue:6.0744709968566895, delay:0.24752654135227203, throughput:3044
step:3600/3600, q_loss:307.050537109375, rewards:-223.68601989746094, queue:5.843254089355469, delay:0.24108076095581055, throughput:2708
episode:194/250, real avg travel time:434.5542836041359
Test step:194/250, travel time :420.6646363310641, rewards:-240.90342712402344, queue:6.343386173248291, delay:0.23446980118751526, throughput:2791
step:3600/3600, q_loss:193.0784454345703, rewards:-233.2464141845703, queue:5.869444370269775, delay:0.2448003888130188, throughput:2732
episode:195/250, real avg travel time:414.10980966325036
Test step:195/250, travel time :489.9215103945694, rewards:-302.2159729003906, queue:7.524470806121826, delay:0.25625455379486084, throughput:2357
step:3600/3600, q_loss:127.72447967529297, rewards:-232.62953186035156, queue:5.870370388031006, delay:0.2350105345249176, throughput:2872
episode:196/250, real avg travel time:450.66538997214485
Test step:196/250, travel time :445.57402101241644, rewards:-218.4954376220703, queue:5.884655952453613, delay:0.23105378448963165, throughput:3141
step:3600/3600, q_loss:128.86338806152344, rewards:-184.54446411132812, queue:4.904232978820801, delay:0.21629124879837036, throughput:3136
episode:197/250, real avg travel time:411.62786989795916
Test step:197/250, travel time :422.42462146148785, rewards:-191.2474822998047, queue:5.193253993988037, delay:0.2218213975429535, throughput:3038
step:3600/3600, q_loss:102.34220886230469, rewards:-207.25091552734375, queue:5.4921956062316895, delay:0.22266064584255219, throughput:3190
episode:198/250, real avg travel time:447.8705329153605
Test step:198/250, travel time :341.24272173324306, rewards:-223.5836181640625, queue:6.088359832763672, delay:0.21602526307106018, throughput:2954
New best TEST travel time 341.2427 at episode 198, saved as best checkpoint
step:3600/3600, q_loss:95.81983184814453, rewards:-247.96177673339844, queue:6.376454830169678, delay:0.24402263760566711, throughput:2782
episode:199/250, real avg travel time:482.363407620417
Test step:199/250, travel time :469.1794129805705, rewards:-297.9332580566406, queue:7.671031951904297, delay:0.26251012086868286, throughput:2419
step:3600/3600, q_loss:104.73619842529297, rewards:-220.88768005371094, queue:5.875264644622803, delay:0.23801571130752563, throughput:2871
episode:200/250, real avg travel time:462.2730755834204
Test step:200/250, travel time :411.1078244274809, rewards:-203.71957397460938, queue:5.444708824157715, delay:0.2377215325832367, throughput:3144
step:3600/3600, q_loss:103.52349090576172, rewards:-209.428466796875, queue:5.556216716766357, delay:0.23052231967449188, throughput:3069
episode:201/250, real avg travel time:419.3936135549039
Test step:201/250, travel time :469.2564280750521, rewards:-242.73570251464844, queue:6.3256611824035645, delay:0.2623199224472046, throughput:2878
step:3600/3600, q_loss:100.74375915527344, rewards:-213.89361572265625, queue:5.627380847930908, delay:0.23800943791866302, throughput:3116
episode:202/250, real avg travel time:453.2477535301669
Test step:202/250, travel time :471.1506646971935, rewards:-242.3280792236328, queue:6.4373016357421875, delay:0.25909408926963806, throughput:2708
step:3600/3600, q_loss:90.32418823242188, rewards:-216.01605224609375, queue:5.783862590789795, delay:0.23336797952651978, throughput:3133
episode:203/250, real avg travel time:438.9537184806894
Test step:203/250, travel time :432.43303085299453, rewards:-224.17124938964844, queue:5.8126983642578125, delay:0.2548089623451233, throughput:2755
step:3600/3600, q_loss:82.29930877685547, rewards:-204.74009704589844, queue:5.433465480804443, delay:0.22499658167362213, throughput:3204
episode:204/250, real avg travel time:430.2652933832709
Test step:204/250, travel time :334.2477379095164, rewards:-196.07998657226562, queue:5.323809623718262, delay:0.22176094353199005, throughput:3205
New best TEST travel time 334.2477 at episode 204, saved as best checkpoint
step:3600/3600, q_loss:80.57408142089844, rewards:-175.71742248535156, queue:4.786904811859131, delay:0.2117091864347458, throughput:3103
episode:205/250, real avg travel time:402.5910409281341
Test step:205/250, travel time :373.7541091387245, rewards:-198.17193603515625, queue:5.210449695587158, delay:0.2342037409543991, throughput:3042
step:3600/3600, q_loss:85.42963409423828, rewards:-209.1255645751953, queue:5.627910137176514, delay:0.22301875054836273, throughput:3016
episode:206/250, real avg travel time:388.321949602122
Test step:206/250, travel time :466.8935668575278, rewards:-246.14859008789062, queue:6.288492202758789, delay:0.24565154314041138, throughput:2969
step:3600/3600, q_loss:83.43729400634766, rewards:-160.04434204101562, queue:4.385052680969238, delay:0.20837557315826416, throughput:3131
episode:207/250, real avg travel time:365.92334717342703
Test step:207/250, travel time :325.63363460296966, rewards:-183.982421875, queue:5.044047832489014, delay:0.2234545648097992, throughput:3098
New best TEST travel time 325.6336 at episode 207, saved as best checkpoint
step:3600/3600, q_loss:88.58531188964844, rewards:-235.66690063476562, queue:6.397883415222168, delay:0.24570174515247345, throughput:2785
episode:208/250, real avg travel time:414.2007181328546
Test step:208/250, travel time :457.6876712328767, rewards:-232.83033752441406, queue:5.921031951904297, delay:0.24255040287971497, throughput:2920
step:3600/3600, q_loss:75.5994873046875, rewards:-229.38380432128906, queue:6.231746196746826, delay:0.23383471369743347, throughput:3052
episode:209/250, real avg travel time:456.10878112712976
Test step:209/250, travel time :451.41967324710686, rewards:-267.4716796875, queue:6.441931247711182, delay:0.24337999522686005, throughput:2938
step:3600/3600, q_loss:76.19992065429688, rewards:-201.12960815429688, queue:5.452248573303223, delay:0.22421135008335114, throughput:3137
episode:210/250, real avg travel time:414.0235894166401
Test step:210/250, travel time :432.7927408412483, rewards:-245.12716674804688, queue:6.2707672119140625, delay:0.23914845287799835, throughput:2948
step:3600/3600, q_loss:72.81195831298828, rewards:-195.9947967529297, queue:5.325925827026367, delay:0.22543375194072723, throughput:3221
episode:211/250, real avg travel time:419.07823657249304
Test step:211/250, travel time :435.6715940870955, rewards:-245.22076416015625, queue:6.547486782073975, delay:0.2511957287788391, throughput:2503
step:3600/3600, q_loss:77.06241607666016, rewards:-219.54005432128906, queue:5.862565994262695, delay:0.23562756180763245, throughput:3021
episode:212/250, real avg travel time:398.47732538894405
Test step:212/250, travel time :413.7835554111147, rewards:-221.71192932128906, queue:5.934259414672852, delay:0.2316950112581253, throughput:3077
step:3600/3600, q_loss:74.98609924316406, rewards:-233.02883911132812, queue:6.372222423553467, delay:0.2245306819677353, throughput:3003
episode:213/250, real avg travel time:407.64602064602065
Test step:213/250, travel time :382.029541169076, rewards:-189.89585876464844, queue:5.172354698181152, delay:0.21646945178508759, throughput:3182
step:3600/3600, q_loss:81.25811004638672, rewards:-190.4849395751953, queue:5.135317325592041, delay:0.22750696539878845, throughput:3242
episode:214/250, real avg travel time:413.895126465145
Test step:214/250, travel time :446.4079179922234, rewards:-250.77154541015625, queue:6.3843913078308105, delay:0.2521120607852936, throughput:2829
step:3600/3600, q_loss:72.33755493164062, rewards:-242.742919921875, queue:6.277513027191162, delay:0.23373718559741974, throughput:2782
episode:215/250, real avg travel time:432.9978432782171
Test step:215/250, travel time :382.9767519096646, rewards:-227.184326171875, queue:6.046296119689941, delay:0.23009569942951202, throughput:3011
step:3600/3600, q_loss:76.42131805419922, rewards:-181.8837890625, queue:4.8339948654174805, delay:0.21083591878414154, throughput:3137
episode:216/250, real avg travel time:400.3468281797896
Test step:216/250, travel time :423.95496043822277, rewards:-205.90597534179688, queue:5.541402339935303, delay:0.23083889484405518, throughput:3286
step:3600/3600, q_loss:82.8658447265625, rewards:-217.5367431640625, queue:5.731481552124023, delay:0.23920784890651703, throughput:3031
episode:217/250, real avg travel time:419.4223028703398
Test step:217/250, travel time :406.1521739130435, rewards:-260.7434387207031, queue:6.568783283233643, delay:0.27014318108558655, throughput:2622
step:3600/3600, q_loss:89.83797454833984, rewards:-224.49761962890625, queue:5.684259414672852, delay:0.23952314257621765, throughput:2866
episode:218/250, real avg travel time:427.41277041172367
Test step:218/250, travel time :483.09669302659955, rewards:-220.7487030029297, queue:5.750132083892822, delay:0.24187065660953522, throughput:2782
step:3600/3600, q_loss:100.1556625366211, rewards:-202.8826446533203, queue:5.425264358520508, delay:0.22181235253810883, throughput:3067
episode:219/250, real avg travel time:408.4166938376263
Test step:219/250, travel time :516.7119312074525, rewards:-231.08203125, queue:6.153835773468018, delay:0.24114330112934113, throughput:2791
step:3600/3600, q_loss:98.74937438964844, rewards:-171.1288299560547, queue:4.57698392868042, delay:0.21944105625152588, throughput:3087
episode:220/250, real avg travel time:414.2928409459022
Test step:220/250, travel time :409.5656845753899, rewards:-221.28195190429688, queue:5.709656238555908, delay:0.23929743468761444, throughput:2885
step:3600/3600, q_loss:106.14861297607422, rewards:-235.82521057128906, queue:6.300000190734863, delay:0.23221512138843536, throughput:2860
episode:221/250, real avg travel time:435.9066433566434
Test step:221/250, travel time :444.6501486620416, rewards:-224.21438598632812, queue:6.060846328735352, delay:0.2401369959115982, throughput:3027
step:3600/3600, q_loss:100.16439819335938, rewards:-210.3206329345703, queue:5.494576930999756, delay:0.237423837184906, throughput:2906
episode:222/250, real avg travel time:396.4470061940812
Test step:222/250, travel time :442.2423924449108, rewards:-219.54891967773438, queue:5.821560859680176, delay:0.23026679456233978, throughput:2859
step:3600/3600, q_loss:90.11726379394531, rewards:-256.1129455566406, queue:6.706216812133789, delay:0.25507357716560364, throughput:2451
episode:223/250, real avg travel time:465.6638106895145
Test step:223/250, travel time :465.61637426900586, rewards:-278.3954772949219, queue:7.2810845375061035, delay:0.26023152470588684, throughput:2565
step:3600/3600, q_loss:112.27924346923828, rewards:-194.5845947265625, queue:5.058200836181641, delay:0.2311060130596161, throughput:3091
episode:224/250, real avg travel time:486.77838887091553
Test step:224/250, travel time :407.32695139911635, rewards:-221.20069885253906, queue:5.789153575897217, delay:0.24183431267738342, throughput:2716
step:3600/3600, q_loss:103.86697387695312, rewards:-180.04966735839844, queue:4.77063512802124, delay:0.22439707815647125, throughput:3159
episode:225/250, real avg travel time:426.77746122190564
Test step:225/250, travel time :408.3063441990887, rewards:-222.16700744628906, queue:5.871825218200684, delay:0.24159732460975647, throughput:2853
step:3600/3600, q_loss:108.65869140625, rewards:-193.49636840820312, queue:4.970634937286377, delay:0.2301601767539978, throughput:2873
episode:226/250, real avg travel time:408.25408980160114
Test step:226/250, travel time :450.9589687726943, rewards:-238.35195922851562, queue:6.140079498291016, delay:0.2544401288032532, throughput:2754
step:3600/3600, q_loss:105.96062469482422, rewards:-210.9506072998047, queue:5.634127140045166, delay:0.23676033318042755, throughput:2870
episode:227/250, real avg travel time:439.07979094076654
Test step:227/250, travel time :498.712196743104, rewards:-224.56973266601562, queue:5.889418125152588, delay:0.256681352853775, throughput:3009
step:3600/3600, q_loss:116.78986358642578, rewards:-262.3200378417969, queue:6.835978984832764, delay:0.2589963376522064, throughput:2252
episode:228/250, real avg travel time:431.80106571936057
Test step:228/250, travel time :514.2271142109852, rewards:-284.68768310546875, queue:7.234523773193359, delay:0.26773378252983093, throughput:2294
step:3600/3600, q_loss:125.0269775390625, rewards:-214.26412963867188, queue:5.481481552124023, delay:0.24199914932250977, throughput:2942
episode:229/250, real avg travel time:488.50713800135964
Test step:229/250, travel time :459.64566371681417, rewards:-226.74656677246094, queue:6.0089945793151855, delay:0.2563958168029785, throughput:2825
step:3600/3600, q_loss:120.36032104492188, rewards:-210.370361328125, queue:5.394576549530029, delay:0.23941850662231445, throughput:3044
episode:230/250, real avg travel time:489.86300919842313
Test step:230/250, travel time :466.0783625730994, rewards:-305.9678039550781, queue:8.216137886047363, delay:0.2529427111148834, throughput:2565
step:3600/3600, q_loss:123.59741973876953, rewards:-211.0390625, queue:5.564550399780273, delay:0.24058803915977478, throughput:2983
episode:231/250, real avg travel time:456.0231310760979
Test step:231/250, travel time :418.9030851777331, rewards:-228.23597717285156, queue:5.998147964477539, delay:0.2514265477657318, throughput:2982
step:3600/3600, q_loss:118.71226501464844, rewards:-192.75111389160156, queue:5.175000190734863, delay:0.23968550562858582, throughput:3192
episode:232/250, real avg travel time:464.54135338345867
Test step:232/250, travel time :427.5866184448463, rewards:-255.26202392578125, queue:6.737433910369873, delay:0.24404434859752655, throughput:2765
step:3600/3600, q_loss:112.83802032470703, rewards:-185.68331909179688, queue:4.945502758026123, delay:0.21985696256160736, throughput:3124
episode:233/250, real avg travel time:384.8553137003841
Test step:233/250, travel time :465.35995777621395, rewards:-243.485107421875, queue:6.356746196746826, delay:0.2534638047218323, throughput:2842
step:3600/3600, q_loss:119.46688079833984, rewards:-192.86119079589844, queue:5.133465766906738, delay:0.22111669182777405, throughput:3161
episode:234/250, real avg travel time:442.8234735843088
Test step:234/250, travel time :376.6748275862069, rewards:-242.5624542236328, queue:6.564550399780273, delay:0.24478136003017426, throughput:2900
step:3600/3600, q_loss:126.85325622558594, rewards:-269.7335510253906, queue:6.770237922668457, delay:0.2641270160675049, throughput:2780
episode:235/250, real avg travel time:504.43992805755397
Test step:235/250, travel time :409.3720394736842, rewards:-214.1665802001953, queue:5.725529193878174, delay:0.2427784502506256, throughput:3040
step:3600/3600, q_loss:122.16883850097656, rewards:-178.78506469726562, queue:4.827645301818848, delay:0.2189439833164215, throughput:3128
episode:236/250, real avg travel time:422.0380434782609
Test step:236/250, travel time :482.3167723749119, rewards:-238.2254180908203, queue:6.515476226806641, delay:0.245095357298851, throughput:2838
step:3600/3600, q_loss:116.97022247314453, rewards:-230.47113037109375, queue:5.997486591339111, delay:0.2471463978290558, throughput:2874
episode:237/250, real avg travel time:435.9947807933194
Test step:237/250, travel time :411.86914893617023, rewards:-275.07452392578125, queue:7.347222328186035, delay:0.2541161775588989, throughput:2820
step:3600/3600, q_loss:108.80088806152344, rewards:-261.73577880859375, queue:6.731348991394043, delay:0.24463382363319397, throughput:2730
episode:238/250, real avg travel time:489.36483516483514
Test step:238/250, travel time :459.61698316015764, rewards:-236.7695770263672, queue:6.362698554992676, delay:0.24787107110023499, throughput:2791
step:3600/3600, q_loss:119.57756042480469, rewards:-227.35438537597656, queue:6.140211582183838, delay:0.23583799600601196, throughput:3126
episode:239/250, real avg travel time:456.36628278950735
Test step:239/250, travel time :412.8724222299895, rewards:-241.75782775878906, queue:6.264285564422607, delay:0.2438587099313736, throughput:2861
step:3600/3600, q_loss:111.88938903808594, rewards:-209.29342651367188, queue:5.483994483947754, delay:0.24065913259983063, throughput:3090
episode:240/250, real avg travel time:432.67443365695794
Test step:240/250, travel time :400.94193548387096, rewards:-243.93934631347656, queue:6.460714340209961, delay:0.2430144101381302, throughput:3100
step:3600/3600, q_loss:138.19400024414062, rewards:-319.858154296875, queue:7.884259223937988, delay:0.2819473445415497, throughput:2608
episode:241/250, real avg travel time:542.3052147239264
Test step:241/250, travel time :408.82743210725334, rewards:-234.53172302246094, queue:6.150396823883057, delay:0.24323303997516632, throughput:2909
step:3600/3600, q_loss:140.2808380126953, rewards:-211.8988037109375, queue:5.554365158081055, delay:0.22728653252124786, throughput:3097
episode:242/250, real avg travel time:415.8837584759445
Test step:242/250, travel time :444.30251529571717, rewards:-238.31619262695312, queue:6.404365062713623, delay:0.24899032711982727, throughput:2942
step:3600/3600, q_loss:132.07867431640625, rewards:-259.92364501953125, queue:6.682936668395996, delay:0.25063595175743103, throughput:2859
episode:243/250, real avg travel time:517.5970619097586
Test step:243/250, travel time :369.94569839712136, rewards:-221.2927703857422, queue:6.010978698730469, delay:0.241662859916687, throughput:3057
step:3600/3600, q_loss:129.84295654296875, rewards:-200.16200256347656, queue:5.276984214782715, delay:0.22295761108398438, throughput:2963
episode:244/250, real avg travel time:410.2244346945663
Test step:244/250, travel time :391.50259605399793, rewards:-223.97341918945312, queue:6.120767116546631, delay:0.25213387608528137, throughput:2889
step:3600/3600, q_loss:129.99917602539062, rewards:-358.92791748046875, queue:9.474602699279785, delay:0.3162373900413513, throughput:2915
episode:245/250, real avg travel time:517.6885077186964
Test step:245/250, travel time :465.81220435193944, rewards:-432.5436096191406, queue:11.002116203308105, delay:0.3596837520599365, throughput:2114
step:3600/3600, q_loss:148.099609375, rewards:-386.39508056640625, queue:9.59761905670166, delay:0.32423385977745056, throughput:2619
episode:246/250, real avg travel time:599.8151966399389
Test step:246/250, travel time :417.1721539071797, rewards:-258.6007080078125, queue:6.588359832763672, delay:0.25592726469039917, throughput:2521
step:3600/3600, q_loss:188.4895782470703, rewards:-319.9706726074219, queue:8.558862686157227, delay:0.30413317680358887, throughput:3064
episode:247/250, real avg travel time:494.74281984334203
Test step:247/250, travel time :466.7883049592894, rewards:-253.9102020263672, queue:6.429100513458252, delay:0.2851768732070923, throughput:2702
step:3600/3600, q_loss:197.45787048339844, rewards:-197.4416046142578, queue:5.307142734527588, delay:0.24421247839927673, throughput:3181
episode:248/250, real avg travel time:432.86325055014146
Test step:248/250, travel time :370.8289106145251, rewards:-216.3516082763672, queue:5.724471092224121, delay:0.2385479211807251, throughput:2864
step:3600/3600, q_loss:181.14047241210938, rewards:-186.9252166748047, queue:5.084523677825928, delay:0.24108882248401642, throughput:3063
episode:249/250, real avg travel time:400.25106105125695
Test step:249/250, travel time :417.57471264367814, rewards:-220.01742553710938, queue:6.107671737670898, delay:0.24749569594860077, throughput:3045
Hyperparameters saved to: data/output_data/tsc/sumo_colight/sumo1x21/cladjcontracted_sumo1x21_seed0/hyperparameters.json
Loaded best checkpoint for final evaluation
Final Travel Time is 338.9255, mean rewards: -239.1833, queue: 6.2963, delay: 0.2312, throughput: 2847
Total time taken: 18996.283769369125
