structural conditioning spec: structural_v1:in_degree,out_degree,neighbor_count,phase_count,lanes_per_in_road,out_in_lane_ratio
structural features (min/mean/max): in_degree[3/3.19/4] out_degree[2/3.24/4] neighbor_count[0/0.38/2] phase_count[2/3.19/4] lanes_per_in_road[1.33333/2.33/4] out_in_lane_ratio[0.5/0.70/1]
step:3600/3600, q_loss:0.0003097739394029809, rewards:-12.222450256347656, queue:3.8998677730560303, delay:0.21634052693843842, throughput:3899
episode:0/250, real avg travel time:312.17825083354705
Test step:0/250, travel time :597.7213836477987, rewards:-39.90880584716797, queue:11.676719665527344, delay:0.36350759863853455, throughput:1590
New best TEST travel time 597.7214 at episode 0, saved as best checkpoint
step:3600/3600, q_loss:0.00022256718043030965, rewards:-11.043343544006348, queue:3.4735450744628906, delay:0.21057897806167603, throughput:3959
episode:1/250, real avg travel time:304.78403637282145
step:3600/3600, q_loss:0.00016996452985848818, rewards:-9.870789527893066, queue:3.0863757133483887, delay:0.19766829907894135, throughput:3988
episode:2/250, real avg travel time:276.69658976930793
step:3600/3600, q_loss:0.0001471774193406519, rewards:-9.466177940368652, queue:3.0714285373687744, delay:0.18955916166305542, throughput:3979
episode:3/250, real avg travel time:283.9256094496105
step:3600/3600, q_loss:0.00012021875833549227, rewards:-9.401191711425781, queue:3.030026435852051, delay:0.1954134851694107, throughput:3977
episode:4/250, real avg travel time:283.45360824742266
step:3600/3600, q_loss:0.00011690484372795456, rewards:-9.109838485717773, queue:2.9137566089630127, delay:0.19174325466156006, throughput:3966
episode:5/250, real avg travel time:273.154563792234
Test step:5/250, travel time :597.7213836477987, rewards:-39.90880584716797, queue:11.676719665527344, delay:0.36350759863853455, throughput:1590
step:3600/3600, q_loss:6.52772958144649e-05, rewards:-8.37043285369873, queue:2.706084728240967, delay:0.1896069496870041, throughput:4021
episode:6/250, real avg travel time:275.7246953494156
step:3600/3600, q_loss:4.0722833040894737e-05, rewards:-7.417839050292969, queue:2.461904764175415, delay:0.1759711354970932, throughput:3953
episode:7/250, real avg travel time:263.0538831267392
step:3600/3600, q_loss:7.612531335325912e-05, rewards:-8.196024894714355, queue:2.6611111164093018, delay:0.18515385687351227, throughput:3991
episode:8/250, real avg travel time:255.0012528188424
step:3600/3600, q_loss:3.782518841843638e-05, rewards:-7.629879474639893, queue:2.5394179821014404, delay:0.1779295653104782, throughput:3997
episode:9/250, real avg travel time:248.4618463847886
step:3600/3600, q_loss:2.160408880121799e-05, rewards:-6.879406929016113, queue:2.3256614208221436, delay:0.17777253687381744, throughput:4036
episode:10/250, real avg travel time:250.02304261645193
Test step:10/250, travel time :251.95962490231832, rewards:-8.014278411865234, queue:2.8736772537231445, delay:0.1718371957540512, throughput:3839
New best TEST travel time 251.9596 at episode 10, saved as best checkpoint
step:3600/3600, q_loss:4.908536631976151e-05, rewards:-6.8004889488220215, queue:2.158465623855591, delay:0.16995646059513092, throughput:4010
episode:11/250, real avg travel time:242.0645885286783
step:3600/3600, q_loss:1.540548400953412e-05, rewards:-6.591650485992432, queue:2.173412799835205, delay:0.1736205518245697, throughput:4019
episode:12/250, real avg travel time:242.3000746454342
step:3600/3600, q_loss:2.135822627072533e-05, rewards:-6.57887077331543, queue:2.235846519470215, delay:0.1710430532693863, throughput:4046
episode:13/250, real avg travel time:253.30153237765694
step:3600/3600, q_loss:1.6863140950186385e-05, rewards:-5.903934001922607, queue:2.035053014755249, delay:0.16183505952358246, throughput:4026
episode:14/250, real avg travel time:237.40089418777944
step:3600/3600, q_loss:1.7991904880748027e-05, rewards:-6.251525402069092, queue:2.12156081199646, delay:0.1684906929731369, throughput:4039
episode:15/250, real avg travel time:242.18915573161675
Test step:15/250, travel time :251.95962490231832, rewards:-8.014278411865234, queue:2.8736772537231445, delay:0.1718371957540512, throughput:3839
step:3600/3600, q_loss:1.989677031007078e-05, rewards:-5.877289295196533, queue:2.0002646446228027, delay:0.15877452492713928, throughput:4025
episode:16/250, real avg travel time:238.5985093167702
step:3600/3600, q_loss:1.1794676134336947e-05, rewards:-4.988708019256592, queue:1.7874338626861572, delay:0.15724122524261475, throughput:4013
episode:17/250, real avg travel time:231.74557687515573
step:3600/3600, q_loss:1.6434559802291916e-05, rewards:-5.354658126831055, queue:1.866269826889038, delay:0.16021966934204102, throughput:4031
episode:18/250, real avg travel time:231.09402133465642
step:3600/3600, q_loss:1.524704590944263e-05, rewards:-5.133023738861084, queue:1.8231481313705444, delay:0.157412588596344, throughput:4056
episode:19/250, real avg travel time:232.78254437869822
step:3600/3600, q_loss:1.2312483401425803e-05, rewards:-5.353719234466553, queue:1.9011905193328857, delay:0.16027134656906128, throughput:4029
episode:20/250, real avg travel time:232.1360138992306
Test step:20/250, travel time :263.34111543450064, rewards:-8.218234062194824, queue:2.9285714626312256, delay:0.1714308112859726, throughput:3855
step:3600/3600, q_loss:7.4035377312813785e-06, rewards:-5.086544990539551, queue:1.7981481552124023, delay:0.15800026059150696, throughput:4034
episode:21/250, real avg travel time:229.8755577590481
step:3600/3600, q_loss:1.3896797059310808e-05, rewards:-5.131861209869385, queue:1.8752645254135132, delay:0.15617233514785767, throughput:4036
episode:22/250, real avg travel time:230.35703666997026
step:3600/3600, q_loss:2.386720791239188e-05, rewards:-5.266496658325195, queue:1.7908730506896973, delay:0.1548488289117813, throughput:4066
episode:23/250, real avg travel time:231.02926709296605
step:3600/3600, q_loss:1.3726393161858949e-05, rewards:-5.080332279205322, queue:1.7453703880310059, delay:0.15926812589168549, throughput:4029
episode:24/250, real avg travel time:224.21022586249688
step:3600/3600, q_loss:1.100878176253496e-05, rewards:-4.793152332305908, queue:1.711111068725586, delay:0.15404213964939117, throughput:4037
episode:25/250, real avg travel time:226.70200644042606
Test step:25/250, travel time :253.05829249419654, rewards:-8.034918785095215, queue:2.826984167098999, delay:0.16073063015937805, throughput:3877
step:3600/3600, q_loss:7.5000983391267555e-06, rewards:-4.955941200256348, queue:1.743915319442749, delay:0.15304511785507202, throughput:4060
episode:26/250, real avg travel time:223.5908866995074
step:3600/3600, q_loss:2.2733942912762156e-05, rewards:-5.070161819458008, queue:1.7476190328598022, delay:0.15986648201942444, throughput:4069
episode:27/250, real avg travel time:228.10788891619563
step:3600/3600, q_loss:0.00015408787852114376, rewards:-6.317324638366699, queue:2.0253968238830566, delay:0.16153870522975922, throughput:4065
episode:28/250, real avg travel time:239.3321033210332
step:3600/3600, q_loss:6.735931512796216e-06, rewards:-4.546525955200195, queue:1.6544973850250244, delay:0.153372660279274, throughput:4061
episode:29/250, real avg travel time:221.69490273331692
step:3600/3600, q_loss:1.3971380718026518e-05, rewards:-4.578598976135254, queue:1.6210317611694336, delay:0.15175974369049072, throughput:4052
episode:30/250, real avg travel time:216.54096742349458
Test step:30/250, travel time :258.8993743482795, rewards:-7.657997131347656, queue:2.7089946269989014, delay:0.17112834751605988, throughput:3836
step:3600/3600, q_loss:3.394932153039715e-06, rewards:-4.445113658905029, queue:1.6277778148651123, delay:0.1507696956396103, throughput:4058
episode:31/250, real avg travel time:222.06628881222278
step:3600/3600, q_loss:4.097468546307128e-06, rewards:-4.017261028289795, queue:1.5010582208633423, delay:0.14713740348815918, throughput:4058
episode:32/250, real avg travel time:212.38787580088714
step:3600/3600, q_loss:1.025796963302936e-05, rewards:-4.345458984375, queue:1.5695767402648926, delay:0.15055502951145172, throughput:4057
episode:33/250, real avg travel time:214.36775942814887
step:3600/3600, q_loss:1.2558873600533438e-06, rewards:-4.248162269592285, queue:1.558730125427246, delay:0.150228813290596, throughput:4058
episode:34/250, real avg travel time:218.8050763923115
step:3600/3600, q_loss:1.1606601199471495e-05, rewards:-4.359869003295898, queue:1.5919312238693237, delay:0.15132853388786316, throughput:4052
episode:35/250, real avg travel time:217.36475814412637
Test step:35/250, travel time :234.34156273861032, rewards:-6.238037586212158, queue:2.325396776199341, delay:0.16192622482776642, throughput:3929
New best TEST travel time 234.3416 at episode 35, saved as best checkpoint
step:3600/3600, q_loss:2.5624516032015285e-06, rewards:-4.100844860076904, queue:1.5420634746551514, delay:0.14855514466762543, throughput:4061
episode:36/250, real avg travel time:217.10219157842897
step:3600/3600, q_loss:1.326657956168573e-05, rewards:-4.155796051025391, queue:1.5335978269577026, delay:0.148972287774086, throughput:4055
episode:37/250, real avg travel time:212.57188655980272
step:3600/3600, q_loss:8.366883250548402e-06, rewards:-3.8769445419311523, queue:1.482275128364563, delay:0.14369601011276245, throughput:4051
episode:38/250, real avg travel time:213.0797333991607
step:3600/3600, q_loss:8.189628473094974e-06, rewards:-4.022652626037598, queue:1.5313491821289062, delay:0.14764299988746643, throughput:4069
episode:39/250, real avg travel time:214.10838043745392
step:3600/3600, q_loss:8.339498082124111e-07, rewards:-3.579195737838745, queue:1.4058201313018799, delay:0.1416516751050949, throughput:4054
episode:40/250, real avg travel time:210.88924518993588
Test step:40/250, travel time :223.6232911392405, rewards:-4.758086681365967, queue:1.815740704536438, delay:0.15188227593898773, throughput:3950
New best TEST travel time 223.6233 at episode 40, saved as best checkpoint
step:3600/3600, q_loss:3.2567142463651385e-05, rewards:-4.370930194854736, queue:1.597354531288147, delay:0.14813584089279175, throughput:4049
episode:41/250, real avg travel time:217.40726105211164
step:3600/3600, q_loss:8.262640039902181e-06, rewards:-4.025777339935303, queue:1.501190423965454, delay:0.15048100054264069, throughput:4065
episode:42/250, real avg travel time:211.98745387453874
step:3600/3600, q_loss:1.1821268304225265e-05, rewards:-3.7508606910705566, queue:1.4328042268753052, delay:0.1449480652809143, throughput:4067
episode:43/250, real avg travel time:210.74305384804524
step:3600/3600, q_loss:6.032309465808794e-06, rewards:-3.9139580726623535, queue:1.4461640119552612, delay:0.14365096390247345, throughput:4048
episode:44/250, real avg travel time:208.6096837944664
step:3600/3600, q_loss:0.00010057909255717984, rewards:-5.151253700256348, queue:1.7541005611419678, delay:0.15192952752113342, throughput:4054
episode:45/250, real avg travel time:232.90059200789344
Test step:45/250, travel time :230.20438887471295, rewards:-6.336650848388672, queue:2.043915271759033, delay:0.1652459055185318, throughput:3919
step:3600/3600, q_loss:3.755642182012606e-05, rewards:-4.19692325592041, queue:1.5394179821014404, delay:0.1497909277677536, throughput:4058
episode:46/250, real avg travel time:217.6742237555446
step:3600/3600, q_loss:1.1256297148065641e-05, rewards:-3.9211459159851074, queue:1.4623016119003296, delay:0.14809393882751465, throughput:4055
episode:47/250, real avg travel time:213.72108508014796
step:3600/3600, q_loss:1.3583613892680863e-05, rewards:-3.772979974746704, queue:1.4199734926223755, delay:0.14433209598064423, throughput:4064
episode:48/250, real avg travel time:212.49187992125985
step:3600/3600, q_loss:8.24064983236086e-06, rewards:-3.583752393722534, queue:1.380555510520935, delay:0.14043176174163818, throughput:4059
episode:49/250, real avg travel time:208.51318058635133
step:3600/3600, q_loss:4.978879668568779e-06, rewards:-3.526545524597168, queue:1.3702380657196045, delay:0.1398511826992035, throughput:4068
episode:50/250, real avg travel time:211.28883972468043
Test step:50/250, travel time :212.16125811283075, rewards:-5.995099067687988, queue:1.8510582447052002, delay:0.15683725476264954, throughput:4006
New best TEST travel time 212.1613 at episode 50, saved as best checkpoint
step:3600/3600, q_loss:2.845808032563784e-06, rewards:-3.807413101196289, queue:1.42037034034729, delay:0.14102362096309662, throughput:4061
episode:51/250, real avg travel time:209.2095542969712
step:3600/3600, q_loss:5.523960943618375e-06, rewards:-3.908945322036743, queue:1.4685184955596924, delay:0.1480512171983719, throughput:4063
episode:52/250, real avg travel time:212.66650258429732
step:3600/3600, q_loss:4.68803029636749e-06, rewards:-3.61221981048584, queue:1.3764550685882568, delay:0.14068301022052765, throughput:4056
episode:53/250, real avg travel time:209.1190828402367
step:3600/3600, q_loss:1.034569334782039e-05, rewards:-3.7142069339752197, queue:1.4058201313018799, delay:0.14533628523349762, throughput:4066
episode:54/250, real avg travel time:208.82218396458435
step:3600/3600, q_loss:0.00016753966596701908, rewards:-5.085564613342285, queue:1.6724867820739746, delay:0.14951275289058685, throughput:4036
episode:55/250, real avg travel time:222.99207135778
Test step:55/250, travel time :211.4961394769614, rewards:-5.927287578582764, queue:1.8814815282821655, delay:0.15078330039978027, throughput:4015
New best TEST travel time 211.4961 at episode 55, saved as best checkpoint
step:3600/3600, q_loss:7.365240728379124e-06, rewards:-3.5825462341308594, queue:1.36984121799469, delay:0.13973595201969147, throughput:4067
episode:56/250, real avg travel time:208.8809933611999
step:3600/3600, q_loss:1.1237478368760397e-05, rewards:-4.026994705200195, queue:1.45462965965271, delay:0.1465817242860794, throughput:4064
episode:57/250, real avg travel time:212.48449803149606
step:3600/3600, q_loss:1.1273375760841493e-05, rewards:-3.7788984775543213, queue:1.4236772060394287, delay:0.14328478276729584, throughput:4052
episode:58/250, real avg travel time:212.53134254689041
step:3600/3600, q_loss:1.262992494351541e-06, rewards:-3.8924670219421387, queue:1.4362434148788452, delay:0.14449483156204224, throughput:4061
episode:59/250, real avg travel time:210.12287613888205
step:3600/3600, q_loss:-2.3443345627230074e-07, rewards:-3.401066780090332, queue:1.2986772060394287, delay:0.13851933181285858, throughput:4073
episode:60/250, real avg travel time:209.0203780996808
Test step:60/250, travel time :206.82157881712448, rewards:-4.512854099273682, queue:1.7361111640930176, delay:0.14567998051643372, throughput:4041
New best TEST travel time 206.8216 at episode 60, saved as best checkpoint
step:3600/3600, q_loss:8.222327030832983e-06, rewards:-3.540541887283325, queue:1.3571428060531616, delay:0.1399102360010147, throughput:4057
episode:61/250, real avg travel time:206.79418289376386
step:3600/3600, q_loss:8.864464487285457e-07, rewards:-3.521479606628418, queue:1.3476190567016602, delay:0.14112581312656403, throughput:4067
episode:62/250, real avg travel time:206.7944430784362
step:3600/3600, q_loss:1.844242368760105e-05, rewards:-3.9198849201202393, queue:1.483994722366333, delay:0.14456906914710999, throughput:4062
episode:63/250, real avg travel time:213.30502215657313
step:3600/3600, q_loss:9.51769220086539e-06, rewards:-3.3858258724212646, queue:1.335714340209961, delay:0.1385805904865265, throughput:4062
episode:64/250, real avg travel time:209.1218611521418
step:3600/3600, q_loss:3.3835608014164286e-06, rewards:-3.4341886043548584, queue:1.3544973134994507, delay:0.13979177176952362, throughput:4067
episode:65/250, real avg travel time:208.38308335382345
Test step:65/250, travel time :200.9491025325793, rewards:-3.349193572998047, queue:1.3391534090042114, delay:0.13616929948329926, throughput:4067
New best TEST travel time 200.9491 at episode 65, saved as best checkpoint
step:3600/3600, q_loss:1.7899868705879068e-05, rewards:-3.6949849128723145, queue:1.4119048118591309, delay:0.14293263852596283, throughput:4058
episode:66/250, real avg travel time:211.67520946278955
step:3600/3600, q_loss:1.922645723324321e-05, rewards:-3.7146668434143066, queue:1.4335979223251343, delay:0.1411266326904297, throughput:4060
episode:67/250, real avg travel time:208.35812807881774
step:3600/3600, q_loss:1.567806163317679e-05, rewards:-3.446070671081543, queue:1.3194444179534912, delay:0.14205147325992584, throughput:4062
episode:68/250, real avg travel time:204.67848350566223
step:3600/3600, q_loss:2.2938794427318498e-05, rewards:-3.730940818786621, queue:1.3895502090454102, delay:0.14155764877796173, throughput:4071
episode:69/250, real avg travel time:210.6352247605011
step:3600/3600, q_loss:3.898182694683783e-06, rewards:-3.2910430431365967, queue:1.2843915224075317, delay:0.13735520839691162, throughput:4060
episode:70/250, real avg travel time:202.35911330049262
Test step:70/250, travel time :216.02455966261473, rewards:-6.015668869018555, queue:1.8304232358932495, delay:0.16047531366348267, throughput:4031
step:3600/3600, q_loss:1.683015584098434e-05, rewards:-3.4432122707366943, queue:1.3210316896438599, delay:0.14227721095085144, throughput:4065
episode:71/250, real avg travel time:205.61180811808117
step:3600/3600, q_loss:2.6249043043612297e-05, rewards:-4.073636054992676, queue:1.3876984119415283, delay:0.14220701158046722, throughput:4061
episode:72/250, real avg travel time:210.9416399901502
step:3600/3600, q_loss:3.5365545449571477e-06, rewards:-3.20763897895813, queue:1.258994698524475, delay:0.13662739098072052, throughput:4072
episode:73/250, real avg travel time:202.43983300589392
step:3600/3600, q_loss:1.1218150232000173e-05, rewards:-3.2024710178375244, queue:1.2462962865829468, delay:0.13547104597091675, throughput:4067
episode:74/250, real avg travel time:203.5320875338087
step:3600/3600, q_loss:2.145541172164182e-05, rewards:-3.6976583003997803, queue:1.3562169075012207, delay:0.1421530544757843, throughput:4058
episode:75/250, real avg travel time:210.8863972400197
Test step:75/250, travel time :206.0622233152976, rewards:-3.792121410369873, queue:1.4943121671676636, delay:0.1481768637895584, throughput:4066
step:3600/3600, q_loss:1.6679555887498685e-05, rewards:-3.426152229309082, queue:1.2826719284057617, delay:0.1352531611919403, throughput:4072
episode:76/250, real avg travel time:206.82539292730846
step:3600/3600, q_loss:0.00010456717670119058, rewards:-4.560435771942139, queue:1.4469577074050903, delay:0.14331072568893433, throughput:4050
episode:77/250, real avg travel time:205.49975308641976
step:3600/3600, q_loss:4.1495314306100936e-05, rewards:-3.784450054168701, queue:1.3697090148925781, delay:0.13817088305950165, throughput:4069
episode:78/250, real avg travel time:215.09019415089702
step:3600/3600, q_loss:1.4045939517220378e-05, rewards:-3.1993134021759033, queue:1.2480158805847168, delay:0.13632214069366455, throughput:4071
episode:79/250, real avg travel time:204.68287889953328
step:3600/3600, q_loss:9.075009236564963e-05, rewards:-4.123196601867676, queue:1.4591269493103027, delay:0.14304926991462708, throughput:4055
episode:80/250, real avg travel time:217.89297163995067
Test step:80/250, travel time :209.86111795124353, rewards:-4.0977935791015625, queue:1.533730149269104, delay:0.1517849862575531, throughput:4061
step:3600/3600, q_loss:2.5761268989299425e-05, rewards:-3.2131731510162354, queue:1.2388888597488403, delay:0.13607677817344666, throughput:4072
episode:81/250, real avg travel time:203.1728880157171
step:3600/3600, q_loss:9.44880816354675e-06, rewards:-3.43500018119812, queue:1.3198412656784058, delay:0.14246629178524017, throughput:4060
episode:82/250, real avg travel time:210.2960591133005
step:3600/3600, q_loss:2.7945491496615838e-05, rewards:-3.7511074542999268, queue:1.3714286088943481, delay:0.1437951773405075, throughput:4056
episode:83/250, real avg travel time:211.31040433925048
step:3600/3600, q_loss:1.3555031061211291e-05, rewards:-3.278989315032959, queue:1.2796295881271362, delay:0.13933084905147552, throughput:4068
episode:84/250, real avg travel time:204.09488692232054
step:3600/3600, q_loss:9.298227976412616e-06, rewards:-3.312098503112793, queue:1.2678571939468384, delay:0.13857562839984894, throughput:4060
episode:85/250, real avg travel time:204.49729064039408
Test step:85/250, travel time :215.60461689587427, rewards:-4.574948310852051, queue:1.5318783521652222, delay:0.14813347160816193, throughput:4072
step:3600/3600, q_loss:8.692758031732713e-06, rewards:-3.2372450828552246, queue:1.2489417791366577, delay:0.1358809471130371, throughput:4059
episode:86/250, real avg travel time:208.18723823601871
step:3600/3600, q_loss:9.075865091290324e-06, rewards:-3.2421679496765137, queue:1.255555510520935, delay:0.13792121410369873, throughput:4058
episode:87/250, real avg travel time:206.99507146377525
step:3600/3600, q_loss:1.8265781545778736e-05, rewards:-3.45465087890625, queue:1.3103175163269043, delay:0.13993684947490692, throughput:4064
episode:88/250, real avg travel time:206.57062007874015
step:3600/3600, q_loss:1.1747640989293966e-05, rewards:-3.366786479949951, queue:1.2705026865005493, delay:0.13785286247730255, throughput:4062
episode:89/250, real avg travel time:205.32865583456424
step:3600/3600, q_loss:5.443466377780876e-06, rewards:-2.9569132328033447, queue:1.178174614906311, delay:0.13130320608615875, throughput:4066
episode:90/250, real avg travel time:201.40088539104772
Test step:90/250, travel time :218.59327442317132, rewards:-3.976680278778076, queue:1.3962962627410889, delay:0.14229555428028107, throughput:4074
step:3600/3600, q_loss:1.2451317242165614e-05, rewards:-3.221672534942627, queue:1.2547619342803955, delay:0.13922390341758728, throughput:4066
episode:91/250, real avg travel time:205.72798819478604
step:3600/3600, q_loss:9.71516985575565e-06, rewards:-3.1825077533721924, queue:1.2407407760620117, delay:0.13679057359695435, throughput:4064
episode:92/250, real avg travel time:203.55856299212599
step:3600/3600, q_loss:8.876282744394202e-06, rewards:-3.1825191974639893, queue:1.2326719760894775, delay:0.13682955503463745, throughput:4055
episode:93/250, real avg travel time:203.97090012330457
step:3600/3600, q_loss:1.8324537813896312e-05, rewards:-3.5310018062591553, queue:1.3345237970352173, delay:0.14037702977657318, throughput:4064
episode:94/250, real avg travel time:212.0907972440945
step:3600/3600, q_loss:1.9924694950330173e-06, rewards:-3.076481342315674, queue:1.2264549732208252, delay:0.13581141829490662, throughput:4057
episode:95/250, real avg travel time:202.47547448853834
Test step:95/250, travel time :205.77659310686835, rewards:-4.756339073181152, queue:1.4687830209732056, delay:0.1531340479850769, throughput:4033
step:3600/3600, q_loss:1.5632091284108658e-05, rewards:-3.309662103652954, queue:1.2481482028961182, delay:0.13502179086208344, throughput:4055
episode:96/250, real avg travel time:207.09346485819975
step:3600/3600, q_loss:2.788185520330444e-06, rewards:-3.0315897464752197, queue:1.1805555820465088, delay:0.13262802362442017, throughput:4054
episode:97/250, real avg travel time:201.98519980266403
step:3600/3600, q_loss:1.0319205870877744e-05, rewards:-3.0228030681610107, queue:1.1899471282958984, delay:0.13539394736289978, throughput:4070
episode:98/250, real avg travel time:202.84791154791154
step:3600/3600, q_loss:3.913806047219421e-05, rewards:-3.727216958999634, queue:1.4030423164367676, delay:0.14150793850421906, throughput:3952
episode:99/250, real avg travel time:211.71634615384616
step:3600/3600, q_loss:5.122166718744362e-06, rewards:-2.88968563079834, queue:1.1608465909957886, delay:0.13243530690670013, throughput:4068
episode:100/250, real avg travel time:204.2787610619469
Test step:100/250, travel time :207.4083538083538, rewards:-3.3581061363220215, queue:1.2765872478485107, delay:0.14570346474647522, throughput:4070
step:3600/3600, q_loss:2.8920464198260256e-06, rewards:-3.129807472229004, queue:1.195899486541748, delay:0.13480529189109802, throughput:4063
episode:101/250, real avg travel time:203.55673147920257
step:3600/3600, q_loss:3.753779997674024e-06, rewards:-2.962639093399048, queue:1.1706348657608032, delay:0.13446122407913208, throughput:4060
episode:102/250, real avg travel time:203.81748768472906
step:3600/3600, q_loss:8.183324623840032e-06, rewards:-3.1629509925842285, queue:1.2384920120239258, delay:0.13820943236351013, throughput:4071
episode:103/250, real avg travel time:206.78113485630067
step:3600/3600, q_loss:6.609325646422804e-06, rewards:-3.0677506923675537, queue:1.210185170173645, delay:0.13765759766101837, throughput:4068
episode:104/250, real avg travel time:203.65363815142575
step:3600/3600, q_loss:1.9357129147263346e-05, rewards:-3.1510629653930664, queue:1.2297619581222534, delay:0.1372227966785431, throughput:4062
episode:105/250, real avg travel time:207.02954209748893
Test step:105/250, travel time :208.0820638820639, rewards:-3.0696237087249756, queue:1.2325396537780762, delay:0.13873332738876343, throughput:4070
step:3600/3600, q_loss:8.376420911291563e-05, rewards:-4.216516494750977, queue:1.432010531425476, delay:0.14131952822208405, throughput:4061
episode:106/250, real avg travel time:220.90396454075352
step:3600/3600, q_loss:4.6914988666281315e-06, rewards:-2.965738534927368, queue:1.1744709014892578, delay:0.1364404261112213, throughput:4072
episode:107/250, real avg travel time:203.71046168958742
step:3600/3600, q_loss:9.816191555324217e-06, rewards:-3.0536692142486572, queue:1.1873016357421875, delay:0.13465234637260437, throughput:4070
episode:108/250, real avg travel time:207.65503685503685
step:3600/3600, q_loss:1.1626283028615742e-05, rewards:-3.0581095218658447, queue:1.1940475702285767, delay:0.13376209139823914, throughput:4062
episode:109/250, real avg travel time:202.41137370753324
step:3600/3600, q_loss:1.020058484250007e-05, rewards:-2.927565574645996, queue:1.162169337272644, delay:0.13187363743782043, throughput:4070
episode:110/250, real avg travel time:202.44619164619164
Test step:110/250, travel time :206.51956682254493, rewards:-3.153498649597168, queue:1.259523868560791, delay:0.14364789426326752, throughput:4063
step:3600/3600, q_loss:9.696202566071103e-06, rewards:-2.822810649871826, queue:1.1146825551986694, delay:0.12901842594146729, throughput:4067
episode:111/250, real avg travel time:202.67494467666586
step:3600/3600, q_loss:4.63011031873369e-06, rewards:-3.0208048820495605, queue:1.1945767402648926, delay:0.13322791457176208, throughput:4073
episode:112/250, real avg travel time:205.61134299042476
step:3600/3600, q_loss:2.604963244973785e-06, rewards:-2.8858819007873535, queue:1.1568783521652222, delay:0.13420569896697998, throughput:4066
episode:113/250, real avg travel time:203.6942941465814
step:3600/3600, q_loss:3.101267502643168e-05, rewards:-3.425043821334839, queue:1.2948412895202637, delay:0.1372029185295105, throughput:4052
episode:114/250, real avg travel time:208.7152023692004
step:3600/3600, q_loss:4.98612720952628e-06, rewards:-3.0695581436157227, queue:1.2000000476837158, delay:0.13541321456432343, throughput:4069
episode:115/250, real avg travel time:204.22265913000737
Test step:115/250, travel time :204.5916564417178, rewards:-2.726259708404541, queue:1.1382274627685547, delay:0.13037289679050446, throughput:4075
step:3600/3600, q_loss:8.798822414569764e-06, rewards:-2.991093158721924, queue:1.210714340209961, delay:0.13708296418190002, throughput:4071
episode:116/250, real avg travel time:204.5458118398428
step:3600/3600, q_loss:1.1050650573452004e-05, rewards:-3.3197805881500244, queue:1.2529100179672241, delay:0.13753506541252136, throughput:4059
episode:117/250, real avg travel time:206.65360926336535
step:3600/3600, q_loss:1.613364765944425e-05, rewards:-3.2948434352874756, queue:1.2753968238830566, delay:0.1332227736711502, throughput:4064
episode:118/250, real avg travel time:207.93503937007873
step:3600/3600, q_loss:4.431625913841546e-06, rewards:-3.017317056655884, queue:1.1802910566329956, delay:0.12953853607177734, throughput:4062
episode:119/250, real avg travel time:204.59207287050714
step:3600/3600, q_loss:4.5165944255940205e-06, rewards:-3.0192415714263916, queue:1.188095211982727, delay:0.1302567571401596, throughput:4063
episode:120/250, real avg travel time:205.37681516121094
Test step:120/250, travel time :204.67486473192326, rewards:-2.7786519527435303, queue:1.1522486209869385, delay:0.13161446154117584, throughput:4066
step:3600/3600, q_loss:2.958239242111126e-06, rewards:-2.754380464553833, queue:1.1288360357284546, delay:0.12982667982578278, throughput:4059
episode:121/250, real avg travel time:201.98792806109878
step:3600/3600, q_loss:8.118725531352943e-05, rewards:-4.011049270629883, queue:1.351719617843628, delay:0.13428211212158203, throughput:4070
episode:122/250, real avg travel time:222.92972972972973
step:3600/3600, q_loss:8.798480016088837e-05, rewards:-4.109350204467773, queue:1.4119048118591309, delay:0.1348884105682373, throughput:4066
episode:123/250, real avg travel time:220.7424987702902
step:3600/3600, q_loss:2.443870071147103e-05, rewards:-3.403057813644409, queue:1.3550264835357666, delay:0.13583894073963165, throughput:4072
episode:124/250, real avg travel time:209.2352652259332
step:3600/3600, q_loss:1.1808510316768661e-05, rewards:-3.1240603923797607, queue:1.1961640119552612, delay:0.1305496096611023, throughput:4055
episode:125/250, real avg travel time:206.2498150431566
Test step:125/250, travel time :203.7340713407134, rewards:-2.807455539703369, queue:1.1636242866516113, delay:0.1316157430410385, throughput:4065
step:3600/3600, q_loss:6.282216256497325e-06, rewards:-2.946211099624634, queue:1.1599206924438477, delay:0.1305023431777954, throughput:4071
episode:126/250, real avg travel time:203.23728813559322
step:3600/3600, q_loss:2.349838990388283e-05, rewards:-3.07601261138916, queue:1.2108465433120728, delay:0.1360010802745819, throughput:4071
episode:127/250, real avg travel time:205.4210267747482
step:3600/3600, q_loss:1.427942491621555e-05, rewards:-2.983747959136963, queue:1.1879630088806152, delay:0.13232244551181793, throughput:4064
episode:128/250, real avg travel time:204.2453248031496
step:3600/3600, q_loss:7.675542575371866e-06, rewards:-2.9703547954559326, queue:1.1609787940979004, delay:0.13247279822826385, throughput:4062
episode:129/250, real avg travel time:205.46479566715902
step:3600/3600, q_loss:5.027957457867968e-06, rewards:-3.103198528289795, queue:1.1965608596801758, delay:0.13473431766033173, throughput:4070
episode:130/250, real avg travel time:204.0051597051597
Test step:130/250, travel time :246.9037749814952, rewards:-5.374380588531494, queue:1.7304233312606812, delay:0.15376488864421844, throughput:4053
step:3600/3600, q_loss:1.0583361452316037e-05, rewards:-2.8770079612731934, queue:1.1530423164367676, delay:0.1310843527317047, throughput:4067
episode:131/250, real avg travel time:202.91812146545365
step:3600/3600, q_loss:7.169672369652998e-05, rewards:-3.974126100540161, queue:1.3781746625900269, delay:0.13985402882099152, throughput:4071
episode:132/250, real avg travel time:219.23876197494474
step:3600/3600, q_loss:1.0964055642640838e-05, rewards:-2.9003915786743164, queue:1.1619048118591309, delay:0.13157738745212555, throughput:4066
episode:133/250, real avg travel time:207.08214461387112
step:3600/3600, q_loss:1.1374894610425043e-05, rewards:-2.793999195098877, queue:1.111640214920044, delay:0.1285138577222824, throughput:4069
episode:134/250, real avg travel time:204.7657901204227
step:3600/3600, q_loss:1.2317942754533659e-05, rewards:-2.991835832595825, queue:1.1408730745315552, delay:0.1280152052640915, throughput:4050
episode:135/250, real avg travel time:206.1553086419753
Test step:135/250, travel time :210.89471094710947, rewards:-3.021336078643799, queue:1.1705026626586914, delay:0.13537538051605225, throughput:4065
step:3600/3600, q_loss:1.0040408314024616e-05, rewards:-2.7846124172210693, queue:1.103439211845398, delay:0.12957040965557098, throughput:4077
episode:136/250, real avg travel time:203.8187392690704
step:3600/3600, q_loss:3.740746776909671e-05, rewards:-4.3376145362854, queue:1.516534447669983, delay:0.14568455517292023, throughput:4053
episode:137/250, real avg travel time:225.6321243523316
step:3600/3600, q_loss:1.856957371476003e-05, rewards:-3.0892724990844727, queue:1.2039682865142822, delay:0.13591906428337097, throughput:4055
episode:138/250, real avg travel time:209.31491985203454
step:3600/3600, q_loss:8.860520190662807e-06, rewards:-3.0478355884552, queue:1.1965608596801758, delay:0.13451290130615234, throughput:4071
episode:139/250, real avg travel time:208.16728076639646
step:3600/3600, q_loss:1.1035269118211646e-05, rewards:-3.0552947521209717, queue:1.179894208908081, delay:0.13442812860012054, throughput:4068
episode:140/250, real avg travel time:207.30186823992133
Test step:140/250, travel time :211.36722606120435, rewards:-3.110267400741577, queue:1.2013227939605713, delay:0.13868092000484467, throughput:4052
step:3600/3600, q_loss:8.316187187220849e-05, rewards:-4.654884338378906, queue:1.4064815044403076, delay:0.14260582625865936, throughput:4051
episode:141/250, real avg travel time:215.38311528017775
step:3600/3600, q_loss:7.260216120307127e-06, rewards:-2.980093002319336, queue:1.1649470329284668, delay:0.1311749964952469, throughput:4074
episode:142/250, real avg travel time:205.08222876779578
step:3600/3600, q_loss:8.185605353598173e-06, rewards:-2.9409992694854736, queue:1.1521164178848267, delay:0.1323457658290863, throughput:4064
episode:143/250, real avg travel time:205.28346456692913
step:3600/3600, q_loss:1.893416350261153e-05, rewards:-2.8428242206573486, queue:1.133994698524475, delay:0.13098619878292084, throughput:4057
episode:144/250, real avg travel time:204.61547941828937
step:3600/3600, q_loss:8.862715104543087e-06, rewards:-3.0700016021728516, queue:1.1797618865966797, delay:0.13357874751091003, throughput:4063
episode:145/250, real avg travel time:209.4632045286734
Test step:145/250, travel time :214.52904972919745, rewards:-3.173902750015259, queue:1.2079365253448486, delay:0.13123972713947296, throughput:4062
step:3600/3600, q_loss:1.853575474039341e-05, rewards:-3.4108684062957764, queue:1.2978836297988892, delay:0.13970237970352173, throughput:4054
episode:146/250, real avg travel time:211.01282683769116
step:3600/3600, q_loss:2.0159532828579863e-05, rewards:-3.2588398456573486, queue:1.2478835582733154, delay:0.13542568683624268, throughput:4078
episode:147/250, real avg travel time:210.53702795487985
step:3600/3600, q_loss:2.5680368788824933e-05, rewards:-3.091017007827759, queue:1.1783069372177124, delay:0.1320810317993164, throughput:4051
episode:148/250, real avg travel time:207.22093310293755
step:3600/3600, q_loss:1.4370012124547632e-05, rewards:-2.856419563293457, queue:1.1243386268615723, delay:0.12930609285831451, throughput:4071
episode:149/250, real avg travel time:205.34856300663228
step:3600/3600, q_loss:1.193282247792619e-05, rewards:-3.0624148845672607, queue:1.1956349611282349, delay:0.13682560622692108, throughput:4048
episode:150/250, real avg travel time:205.26581027667984
Test step:150/250, travel time :210.7059690493736, rewards:-3.294820785522461, queue:1.2481482028961182, delay:0.1391051858663559, throughput:4071
step:3600/3600, q_loss:1.6150559935744644e-05, rewards:-2.8815088272094727, queue:1.1407407522201538, delay:0.13286621868610382, throughput:4064
episode:151/250, real avg travel time:203.51156496062993
step:3600/3600, q_loss:1.9918034862106045e-05, rewards:-3.1667745113372803, queue:1.2228835821151733, delay:0.1325140744447708, throughput:4065
episode:152/250, real avg travel time:213.20565805658057
step:3600/3600, q_loss:2.3492506524134012e-05, rewards:-3.2366435527801514, queue:1.2588623762130737, delay:0.13466723263263702, throughput:4064
episode:153/250, real avg travel time:212.68061023622047
step:3600/3600, q_loss:3.4204232805576696e-05, rewards:-4.001700401306152, queue:1.4374338388442993, delay:0.14400631189346313, throughput:4023
episode:154/250, real avg travel time:232.65523241362166
step:3600/3600, q_loss:1.69411615691691e-05, rewards:-2.9205377101898193, queue:1.1619048118591309, delay:0.13313382863998413, throughput:4068
episode:155/250, real avg travel time:205.83972468043265
Test step:155/250, travel time :216.94893406048587, rewards:-3.3460469245910645, queue:1.2541005611419678, delay:0.14069518446922302, throughput:4034
step:3600/3600, q_loss:1.6296843993283496e-05, rewards:-2.984971046447754, queue:1.182539701461792, delay:0.13572944700717926, throughput:4066
episode:156/250, real avg travel time:209.23856369896706
step:3600/3600, q_loss:1.2646244390958195e-05, rewards:-3.085782766342163, queue:1.195899486541748, delay:0.1337372362613678, throughput:4069
episode:157/250, real avg travel time:209.34750552961415
step:3600/3600, q_loss:1.7826333876453443e-05, rewards:-2.8614182472229004, queue:1.1675926446914673, delay:0.1331106424331665, throughput:4069
episode:158/250, real avg travel time:207.93487343327598
step:3600/3600, q_loss:1.05524223423951e-05, rewards:-2.7701079845428467, queue:1.1351852416992188, delay:0.13250300288200378, throughput:4068
episode:159/250, real avg travel time:203.09513274336283
step:3600/3600, q_loss:0.0001515304642250865, rewards:-4.582516193389893, queue:1.5253968238830566, delay:0.14336656033992767, throughput:4021
episode:160/250, real avg travel time:220.45312111415072
Test step:160/250, travel time :205.65374233128836, rewards:-2.7806708812713623, queue:1.0846561193466187, delay:0.131694957613945, throughput:4075
step:3600/3600, q_loss:8.888348141529907e-06, rewards:-2.9238176345825195, queue:1.1759259700775146, delay:0.135431170463562, throughput:4058
episode:161/250, real avg travel time:205.08624938393297
step:3600/3600, q_loss:2.584361007191344e-05, rewards:-3.2838847637176514, queue:1.2552909851074219, delay:0.13562290370464325, throughput:4062
episode:162/250, real avg travel time:210.80600689315608
step:3600/3600, q_loss:1.3930499012025798e-05, rewards:-2.8605570793151855, queue:1.141534447669983, delay:0.13412030041217804, throughput:4069
episode:163/250, real avg travel time:205.51609732120914
step:3600/3600, q_loss:5.758766023468019e-05, rewards:-3.5574727058410645, queue:1.2521164417266846, delay:0.13611508905887604, throughput:4067
episode:164/250, real avg travel time:214.4069338578805
step:3600/3600, q_loss:1.8079935640950375e-05, rewards:-3.2204277515411377, queue:1.2468253374099731, delay:0.14112913608551025, throughput:4070
episode:165/250, real avg travel time:211.2017199017199
Test step:165/250, travel time :222.25463077303039, rewards:-3.1937851905822754, queue:1.2182539701461792, delay:0.13646326959133148, throughput:4049
step:3600/3600, q_loss:3.9562512069500773e-05, rewards:-3.645075559616089, queue:1.3592592477798462, delay:0.1389058232307434, throughput:4000
episode:166/250, real avg travel time:225.151
step:3600/3600, q_loss:7.281308838476737e-06, rewards:-2.8736073970794678, queue:1.1669312715530396, delay:0.13438062369823456, throughput:4067
episode:167/250, real avg travel time:205.07597737890336
step:3600/3600, q_loss:4.167221858450729e-05, rewards:-3.740889549255371, queue:1.337830662727356, delay:0.14047735929489136, throughput:3910
episode:168/250, real avg travel time:233.64654731457802
step:3600/3600, q_loss:1.0829174910516788e-05, rewards:-2.8300113677978516, queue:1.1263227462768555, delay:0.13015581667423248, throughput:4077
episode:169/250, real avg travel time:200.75717439293598
step:3600/3600, q_loss:7.753989322938854e-06, rewards:-3.1288540363311768, queue:1.1763226985931396, delay:0.13372930884361267, throughput:4075
episode:170/250, real avg travel time:206.0088343558282
Test step:170/250, travel time :206.6321128154379, rewards:-2.8247413635253906, queue:1.1126984357833862, delay:0.13382543623447418, throughput:4042
step:3600/3600, q_loss:1.433414646372613e-05, rewards:-2.726369619369507, queue:1.0943121910095215, delay:0.1277778446674347, throughput:4067
episode:171/250, real avg travel time:205.09195967543644
step:3600/3600, q_loss:8.897861334844492e-06, rewards:-2.8606326580047607, queue:1.1768518686294556, delay:0.13393516838550568, throughput:4073
episode:172/250, real avg travel time:203.97446599558066
step:3600/3600, q_loss:1.1100673873443156e-07, rewards:-2.80359148979187, queue:1.12328040599823, delay:0.13148866593837738, throughput:4070
episode:173/250, real avg travel time:201.77051597051596
step:3600/3600, q_loss:2.5085202651098372e-06, rewards:-2.844712257385254, queue:1.126190423965454, delay:0.13107557594776154, throughput:4072
episode:174/250, real avg travel time:202.94179764243614
step:3600/3600, q_loss:2.4895260139601305e-05, rewards:-3.9802839756011963, queue:1.4678571224212646, delay:0.1485123634338379, throughput:4021
episode:175/250, real avg travel time:208.0333250435215
Test step:175/250, travel time :228.68152390438246, rewards:-3.901898145675659, queue:1.3076719045639038, delay:0.1393052637577057, throughput:4016
step:3600/3600, q_loss:2.558383235332763e-05, rewards:-3.4826178550720215, queue:1.3178571462631226, delay:0.13765186071395874, throughput:4068
episode:176/250, real avg travel time:216.1086529006883
step:3600/3600, q_loss:7.88100126859111e-06, rewards:-2.8861358165740967, queue:1.134920597076416, delay:0.13344743847846985, throughput:4067
episode:177/250, real avg travel time:200.08114089009098
step:3600/3600, q_loss:1.106290437746793e-06, rewards:-2.7560880184173584, queue:1.116005301475525, delay:0.13308650255203247, throughput:4075
episode:178/250, real avg travel time:202.60122699386503
step:3600/3600, q_loss:1.5293827042720903e-05, rewards:-2.8808295726776123, queue:1.1472222805023193, delay:0.13107113540172577, throughput:4075
episode:179/250, real avg travel time:204.04957055214723
step:3600/3600, q_loss:7.019252653764043e-06, rewards:-2.75362491607666, queue:1.122354507446289, delay:0.130434051156044, throughput:4072
episode:180/250, real avg travel time:202.93541257367386
Test step:180/250, travel time :200.48344861660078, rewards:-2.717633008956909, queue:1.0855820178985596, delay:0.13214890658855438, throughput:4048
New best TEST travel time 200.4834 at episode 180, saved as best checkpoint
step:3600/3600, q_loss:-5.214467010874715e-07, rewards:-2.751039743423462, queue:1.1335978507995605, delay:0.13194580376148224, throughput:4072
episode:181/250, real avg travel time:201.66674852652258
step:3600/3600, q_loss:5.129505330438001e-06, rewards:-2.7969326972961426, queue:1.1123015880584717, delay:0.1321469247341156, throughput:4071
episode:182/250, real avg travel time:200.6231884057971
step:3600/3600, q_loss:9.476931300014257e-05, rewards:-4.617382526397705, queue:1.384920597076416, delay:0.14077919721603394, throughput:4033
episode:183/250, real avg travel time:204.96925365732704
step:3600/3600, q_loss:8.090868990014618e-06, rewards:-2.710606098175049, queue:1.0820106267929077, delay:0.127345010638237, throughput:4073
episode:184/250, real avg travel time:202.9749570341272
step:3600/3600, q_loss:2.422326724627055e-06, rewards:-2.8563175201416016, queue:1.12843918800354, delay:0.13197167217731476, throughput:4067
episode:185/250, real avg travel time:201.38087042045734
Test step:185/250, travel time :201.03534609720177, rewards:-2.6909852027893066, queue:1.0906084775924683, delay:0.1338493376970291, throughput:4074
step:3600/3600, q_loss:1.5375797374872491e-06, rewards:-2.7918269634246826, queue:1.1186507940292358, delay:0.13124288618564606, throughput:4067
episode:186/250, real avg travel time:201.57732972707154
step:3600/3600, q_loss:7.896632733819488e-06, rewards:-2.9982872009277344, queue:1.1525132656097412, delay:0.13196922838687897, throughput:4076
episode:187/250, real avg travel time:209.44381746810598
step:3600/3600, q_loss:2.547613742838924e-06, rewards:-2.7205421924591064, queue:1.116798996925354, delay:0.13100996613502502, throughput:4071
episode:188/250, real avg travel time:202.057234094817
step:3600/3600, q_loss:7.493958190833736e-05, rewards:-3.9360744953155518, queue:1.3232804536819458, delay:0.13561740517616272, throughput:4069
episode:189/250, real avg travel time:215.28090439911526
step:3600/3600, q_loss:5.968945859219982e-06, rewards:-2.722507953643799, queue:1.0965608358383179, delay:0.12944206595420837, throughput:4059
episode:190/250, real avg travel time:199.73959103227395
Test step:190/250, travel time :201.23282630029442, rewards:-2.7692935466766357, queue:1.1115078926086426, delay:0.13470043241977692, throughput:4076
step:3600/3600, q_loss:9.349730155210839e-06, rewards:-2.829671859741211, queue:1.1414021253585815, delay:0.13327562808990479, throughput:4072
episode:191/250, real avg travel time:203.1446463654224
step:3600/3600, q_loss:7.314115929249157e-06, rewards:-2.8288018703460693, queue:1.1059523820877075, delay:0.12947505712509155, throughput:4070
episode:192/250, real avg travel time:203.53488943488944
step:3600/3600, q_loss:9.688996700181936e-06, rewards:-2.770750045776367, queue:1.1437830924987793, delay:0.13521768152713776, throughput:4066
episode:193/250, real avg travel time:199.91269060501722
step:3600/3600, q_loss:0.00014444771190432626, rewards:-5.860553741455078, queue:2.4769840240478516, delay:0.1487625390291214, throughput:3871
episode:194/250, real avg travel time:228.36993025058123
step:3600/3600, q_loss:1.6984187338190773e-05, rewards:-3.0237340927124023, queue:1.1914020776748657, delay:0.13163502514362335, throughput:4064
episode:195/250, real avg travel time:205.85531496062993
Test step:195/250, travel time :216.9793001478561, rewards:-2.7488577365875244, queue:1.1288360357284546, delay:0.1361529678106308, throughput:4058
step:3600/3600, q_loss:4.415723136238133e-06, rewards:-2.84132719039917, queue:1.149999976158142, delay:0.13168804347515106, throughput:4069
episode:196/250, real avg travel time:204.3118702383878
step:3600/3600, q_loss:1.3293736952214708e-05, rewards:-2.6624577045440674, queue:1.1027777194976807, delay:0.13201484084129333, throughput:4069
episode:197/250, real avg travel time:204.02064389284837
step:3600/3600, q_loss:2.674054323708535e-06, rewards:-2.7597265243530273, queue:1.125925898551941, delay:0.13285881280899048, throughput:4069
episode:198/250, real avg travel time:201.21725239616615
step:3600/3600, q_loss:2.44900508631771e-05, rewards:-2.980184555053711, queue:1.198544979095459, delay:0.13620460033416748, throughput:4071
episode:199/250, real avg travel time:208.54286416113976
step:3600/3600, q_loss:1.72740951610548e-05, rewards:-3.140904664993286, queue:1.2289682626724243, delay:0.1366841048002243, throughput:4068
episode:200/250, real avg travel time:208.87758112094394
Test step:200/250, travel time :222.325, rewards:-3.66967511177063, queue:1.3638888597488403, delay:0.14102773368358612, throughput:4080
step:3600/3600, q_loss:3.834850718299599e-05, rewards:-3.458324909210205, queue:1.2818783521652222, delay:0.13729014992713928, throughput:4047
episode:201/250, real avg travel time:214.43563133185074
step:3600/3600, q_loss:8.971124387042234e-06, rewards:-2.709886312484741, queue:1.1079365015029907, delay:0.13160784542560577, throughput:4068
episode:202/250, real avg travel time:204.26647000983283
step:3600/3600, q_loss:2.6736418173337976e-06, rewards:-2.722475290298462, queue:1.1308201551437378, delay:0.13236519694328308, throughput:4069
episode:203/250, real avg travel time:202.3295650036864
step:3600/3600, q_loss:5.8177004878719645e-06, rewards:-2.711477756500244, queue:1.1296296119689941, delay:0.1341097503900528, throughput:4068
episode:204/250, real avg travel time:203.85299901671584
step:3600/3600, q_loss:1.508947841810166e-05, rewards:-2.79483962059021, queue:1.1157407760620117, delay:0.13016627728939056, throughput:4073
episode:205/250, real avg travel time:205.71593420083477
Test step:205/250, travel time :201.16478388998036, rewards:-2.5112650394439697, queue:1.0772486925125122, delay:0.13070696592330933, throughput:4072
step:3600/3600, q_loss:1.2977370392440612e-05, rewards:-2.6459646224975586, queue:1.0802910327911377, delay:0.12753748893737793, throughput:4084
episode:206/250, real avg travel time:201.00465230166503
step:3600/3600, q_loss:1.5653398966403782e-05, rewards:-2.698467969894409, queue:1.1042327880859375, delay:0.13019253313541412, throughput:4073
episode:207/250, real avg travel time:202.53375890007365
step:3600/3600, q_loss:3.819193807430565e-07, rewards:-2.539672613143921, queue:1.0678571462631226, delay:0.1281655877828598, throughput:4075
episode:208/250, real avg travel time:201.5877300613497
step:3600/3600, q_loss:4.279562644013721e-06, rewards:-2.622924327850342, queue:1.0776455402374268, delay:0.1292441189289093, throughput:4063
episode:209/250, real avg travel time:203.86094019197637
step:3600/3600, q_loss:4.477594189261759e-05, rewards:-3.566516160964966, queue:1.300661325454712, delay:0.13760103285312653, throughput:4018
episode:210/250, real avg travel time:223.129168740667
Test step:210/250, travel time :200.24178518881806, rewards:-2.5206613540649414, queue:1.0375661849975586, delay:0.13132885098457336, throughput:4078
New best TEST travel time 200.2418 at episode 210, saved as best checkpoint
step:3600/3600, q_loss:2.2436762851106726e-05, rewards:-2.948134422302246, queue:1.1645503044128418, delay:0.13302874565124512, throughput:4075
episode:211/250, real avg travel time:206.93865030674846
step:3600/3600, q_loss:2.5529525980042917e-06, rewards:-2.6726081371307373, queue:1.0958994626998901, delay:0.13210347294807434, throughput:4072
episode:212/250, real avg travel time:203.57637524557956
step:3600/3600, q_loss:2.002236498002377e-06, rewards:-2.592388153076172, queue:1.0739418268203735, delay:0.12675392627716064, throughput:4074
episode:213/250, real avg travel time:201.3041237113402
step:3600/3600, q_loss:1.1909748961140091e-05, rewards:-3.127476692199707, queue:1.2198412418365479, delay:0.13677982985973358, throughput:4061
episode:214/250, real avg travel time:211.59911351883773
step:3600/3600, q_loss:5.876709716782595e-06, rewards:-2.635411262512207, queue:1.1165343523025513, delay:0.132428377866745, throughput:4068
episode:215/250, real avg travel time:201.92232055063914
Test step:215/250, travel time :208.12671905697445, rewards:-2.9389333724975586, queue:1.1424603462219238, delay:0.1348416954278946, throughput:4072
step:3600/3600, q_loss:8.150342263333086e-06, rewards:-2.890634775161743, queue:1.1333333253860474, delay:0.13016948103904724, throughput:4060
episode:216/250, real avg travel time:208.42906403940887
step:3600/3600, q_loss:8.446234763444712e-06, rewards:-2.795987606048584, queue:1.1164021492004395, delay:0.12895585596561432, throughput:4069
episode:217/250, real avg travel time:204.0675841730155
step:3600/3600, q_loss:-2.599470462882891e-07, rewards:-2.630246877670288, queue:1.0719577074050903, delay:0.12811006605625153, throughput:4063
episode:218/250, real avg travel time:204.59118877676593
step:3600/3600, q_loss:1.689882697569879e-05, rewards:-3.1683759689331055, queue:1.234920620918274, delay:0.13317109644412994, throughput:4067
episode:219/250, real avg travel time:220.5116793705434
step:3600/3600, q_loss:5.275848484921476e-06, rewards:-2.745281219482422, queue:1.1361111402511597, delay:0.13333924114704132, throughput:4066
episode:220/250, real avg travel time:202.109936055091
Test step:220/250, travel time :227.13308641975308, rewards:-2.971292018890381, queue:1.178174614906311, delay:0.13237451016902924, throughput:4050
step:3600/3600, q_loss:1.0064209669104053e-07, rewards:-2.57241153717041, queue:1.1083333492279053, delay:0.13116316497325897, throughput:4072
episode:221/250, real avg travel time:202.1323673870334
step:3600/3600, q_loss:4.154229787268883e-06, rewards:-2.5729241371154785, queue:1.0847883224487305, delay:0.12873797118663788, throughput:4067
episode:222/250, real avg travel time:203.01893287435456
step:3600/3600, q_loss:6.180966415235565e-06, rewards:-2.731990337371826, queue:1.1214286088943481, delay:0.13105924427509308, throughput:4065
episode:223/250, real avg travel time:209.6610086100861
step:3600/3600, q_loss:1.8784655468253833e-05, rewards:-3.120673179626465, queue:1.2310847043991089, delay:0.13555091619491577, throughput:3989
episode:224/250, real avg travel time:212.02707445475056
step:3600/3600, q_loss:-8.037438318650756e-07, rewards:-2.7027835845947266, queue:1.1096560955047607, delay:0.13190783560276031, throughput:4062
episode:225/250, real avg travel time:203.57582471688823
Test step:225/250, travel time :214.69114737883285, rewards:-3.239644765853882, queue:1.210714340209961, delay:0.13658598065376282, throughput:4044
step:3600/3600, q_loss:3.415300064564993e-06, rewards:-2.6732778549194336, queue:1.083465576171875, delay:0.12735897302627563, throughput:4063
episode:226/250, real avg travel time:201.32734432685209
step:3600/3600, q_loss:1.450161232949338e-05, rewards:-3.0223069190979004, queue:1.1828042268753052, delay:0.13177093863487244, throughput:4073
episode:227/250, real avg travel time:209.35207463785906
step:3600/3600, q_loss:6.380438490951848e-06, rewards:-2.717437982559204, queue:1.0902116298675537, delay:0.12915420532226562, throughput:4066
episode:228/250, real avg travel time:203.99508116084604
step:3600/3600, q_loss:2.5521657031883175e-06, rewards:-2.636911392211914, queue:1.079100489616394, delay:0.1316894292831421, throughput:4077
episode:229/250, real avg travel time:202.5989698307579
step:3600/3600, q_loss:4.35974074611699e-06, rewards:-2.615652084350586, queue:1.09246027469635, delay:0.1299697458744049, throughput:4064
episode:230/250, real avg travel time:202.39222440944883
Test step:230/250, travel time :217.40316205533597, rewards:-2.9902641773223877, queue:1.17208993434906, delay:0.13196513056755066, throughput:4048
step:3600/3600, q_loss:5.199965340175873e-06, rewards:-2.747588872909546, queue:1.1076719760894775, delay:0.1288769543170929, throughput:4071
episode:231/250, real avg travel time:208.78064357651684
step:3600/3600, q_loss:0.00016009860846679657, rewards:-5.732666015625, queue:1.6935185194015503, delay:0.14849863946437836, throughput:4045
episode:232/250, real avg travel time:245.25957972805932
step:3600/3600, q_loss:9.283151343374306e-06, rewards:-2.780069589614868, queue:1.1130952835083008, delay:0.12989769876003265, throughput:4065
episode:233/250, real avg travel time:204.47380073800738
step:3600/3600, q_loss:4.552793972026039e-06, rewards:-2.711315393447876, queue:1.0850529670715332, delay:0.12894052267074585, throughput:4071
episode:234/250, real avg travel time:203.36624907885042
step:3600/3600, q_loss:4.011600362395661e-06, rewards:-2.8329379558563232, queue:1.1125661134719849, delay:0.12986677885055542, throughput:4063
episode:235/250, real avg travel time:206.94216096480434
Test step:235/250, travel time :226.29053886267693, rewards:-3.6343648433685303, queue:1.305820107460022, delay:0.13970430195331573, throughput:4027
step:3600/3600, q_loss:8.899014958135215e-06, rewards:-2.8981034755706787, queue:1.1740740537643433, delay:0.1342989057302475, throughput:4067
episode:236/250, real avg travel time:205.99016474059502
step:3600/3600, q_loss:1.4696812690494375e-06, rewards:-3.0198044776916504, queue:1.1694444417953491, delay:0.1316753625869751, throughput:4056
episode:237/250, real avg travel time:212.3069526627219
step:3600/3600, q_loss:4.423990160123342e-06, rewards:-3.056356430053711, queue:1.1716930866241455, delay:0.12918667495250702, throughput:4065
episode:238/250, real avg travel time:209.08265682656827
step:3600/3600, q_loss:1.31006152918821e-05, rewards:-3.0635108947753906, queue:1.1887565851211548, delay:0.13393276929855347, throughput:4062
episode:239/250, real avg travel time:211.37370753323486
step:3600/3600, q_loss:1.3591265693927804e-06, rewards:-2.9352874755859375, queue:1.1539682149887085, delay:0.13158708810806274, throughput:4072
episode:240/250, real avg travel time:207.98477406679766
Test step:240/250, travel time :209.76923076923077, rewards:-3.0607588291168213, queue:1.1308201551437378, delay:0.12969020009040833, throughput:4043
step:3600/3600, q_loss:8.24840377996831e-06, rewards:-2.932725667953491, queue:1.1460317373275757, delay:0.12900283932685852, throughput:4071
episode:241/250, real avg travel time:208.7246376811594
step:3600/3600, q_loss:1.8687210306072503e-05, rewards:-3.0921223163604736, queue:1.1984126567840576, delay:0.13217806816101074, throughput:4056
episode:242/250, real avg travel time:208.6405325443787
step:3600/3600, q_loss:1.4305669739971765e-05, rewards:-3.061878204345703, queue:1.1480158567428589, delay:0.12719888985157013, throughput:4062
episode:243/250, real avg travel time:208.7016248153619
step:3600/3600, q_loss:1.386307954413092e-05, rewards:-3.209312915802002, queue:1.2408729791641235, delay:0.13757939636707306, throughput:4058
episode:244/250, real avg travel time:215.06899950714637
step:3600/3600, q_loss:1.0136848545193465e-05, rewards:-3.277147054672241, queue:1.216269850730896, delay:0.1341831237077713, throughput:4068
episode:245/250, real avg travel time:214.66322517207473
Test step:245/250, travel time :232.49565217391304, rewards:-3.739157199859619, queue:1.2869048118591309, delay:0.13979873061180115, throughput:4025
step:3600/3600, q_loss:1.6277594356021533e-05, rewards:-3.2074882984161377, queue:1.2157407999038696, delay:0.13169363141059875, throughput:4070
episode:246/250, real avg travel time:215.95872235872235
step:3600/3600, q_loss:1.3769754878012463e-05, rewards:-3.193333864212036, queue:1.1900793313980103, delay:0.13333816826343536, throughput:4044
episode:247/250, real avg travel time:211.77522255192878
step:3600/3600, q_loss:2.9854292046770247e-05, rewards:-3.615337371826172, queue:1.2481482028961182, delay:0.13496220111846924, throughput:4058
episode:248/250, real avg travel time:220.6742237555446
step:3600/3600, q_loss:5.052698543295264e-06, rewards:-2.816716432571411, queue:1.1335978507995605, delay:0.13174374401569366, throughput:4064
episode:249/250, real avg travel time:205.16732283464566
Hyperparameters saved to: data/output_data/tsc/sumo_hyperlight_mappo/sumo1x21/qr6_sumo1x21_seed1/hyperparameters.json
Loaded best checkpoint for final evaluation
Final Travel Time is 200.2418, mean rewards: -2.5207, queue: 1.0376, delay: 0.1313, throughput: 4078
Total time taken: 14225.27769780159
