step:3600/3600, q_loss:0, rewards:-185.25555419921875, queue:4.556746006011963, delay:0.24602891504764557, throughput:3804
episode:0/250, real avg travel time:370.9390115667718
Test step:0/250, travel time :1120.1549636803875, rewards:-587.3646850585938, queue:13.64206314086914, delay:0.5062207579612732, throughput:413
New best TEST travel time 1120.1550 at episode 0, saved as best checkpoint
step:3600/3600, q_loss:0, rewards:-186.8492889404297, queue:4.6556878089904785, delay:0.24247226119041443, throughput:3896
episode:1/250, real avg travel time:350.44943531827516
Test step:1/250, travel time :1120.1549636803875, rewards:-587.3646850585938, queue:13.64206314086914, delay:0.5062207579612732, throughput:413
step:3600/3600, q_loss:34.45777130126953, rewards:-176.87001037597656, queue:4.245502471923828, delay:0.23691339790821075, throughput:3895
episode:2/250, real avg travel time:335.15070603337614
Test step:2/250, travel time :538.9100860046912, rewards:-508.2992248535156, queue:12.112698554992676, delay:0.4115801155567169, throughput:1279
New best TEST travel time 538.9101 at episode 2, saved as best checkpoint
step:3600/3600, q_loss:37.64094924926758, rewards:-124.30558776855469, queue:3.307936429977417, delay:0.20785942673683167, throughput:3880
episode:3/250, real avg travel time:310.5095360824742
Test step:3/250, travel time :597.7213836477987, rewards:-478.9056091308594, queue:11.676719665527344, delay:0.36350759863853455, throughput:1590
step:3600/3600, q_loss:44.445003509521484, rewards:-115.65177154541016, queue:3.1255290508270264, delay:0.19401799142360687, throughput:3857
episode:4/250, real avg travel time:298.49364791288565
Test step:4/250, travel time :597.7213836477987, rewards:-478.9056091308594, queue:11.676719665527344, delay:0.36350759863853455, throughput:1590
step:3600/3600, q_loss:70.3926010131836, rewards:-141.81544494628906, queue:3.6236772537231445, delay:0.21649742126464844, throughput:3779
episode:5/250, real avg travel time:335.0007938608097
Test step:5/250, travel time :554.2257617728532, rewards:-500.0229187011719, queue:12.644973754882812, delay:0.33246222138404846, throughput:2166
step:3600/3600, q_loss:64.70500946044922, rewards:-182.90713500976562, queue:4.883729934692383, delay:0.22806961834430695, throughput:3648
episode:6/250, real avg travel time:405.49862938596493
Test step:6/250, travel time :476.10265225933205, rewards:-446.7239990234375, queue:10.857010841369629, delay:0.3370446264743805, throughput:2036
New best TEST travel time 476.1027 at episode 6, saved as best checkpoint
step:3600/3600, q_loss:67.6230697631836, rewards:-187.67083740234375, queue:4.893651008605957, delay:0.22892872989177704, throughput:3608
episode:7/250, real avg travel time:398.5302106430155
Test step:7/250, travel time :729.2910512597741, rewards:-446.25091552734375, queue:10.439814567565918, delay:0.40746980905532837, throughput:1151
step:3600/3600, q_loss:70.32454681396484, rewards:-277.5243835449219, queue:6.9571428298950195, delay:0.28886061906814575, throughput:3343
episode:8/250, real avg travel time:426.62728088543224
Test step:8/250, travel time :566.6537023186238, rewards:-433.21728515625, queue:10.224867820739746, delay:0.3749764859676361, throughput:1337
step:3600/3600, q_loss:84.5261459350586, rewards:-327.12835693359375, queue:8.292460441589355, delay:0.31166598200798035, throughput:2872
episode:9/250, real avg travel time:511.49268802228414
Test step:9/250, travel time :672.3187403993855, rewards:-416.1286926269531, queue:9.912433624267578, delay:0.3873611390590668, throughput:1302
step:3600/3600, q_loss:103.19381713867188, rewards:-324.242919921875, queue:8.023941993713379, delay:0.31150802969932556, throughput:2756
episode:10/250, real avg travel time:554.7089985486211
Test step:10/250, travel time :544.193123209169, rewards:-457.53021240234375, queue:11.285846710205078, delay:0.36440685391426086, throughput:1745
step:3600/3600, q_loss:94.88356018066406, rewards:-303.05328369140625, queue:7.447883605957031, delay:0.3014656603336334, throughput:3183
episode:11/250, real avg travel time:601.6449890040842
Test step:11/250, travel time :559.9210805084746, rewards:-383.2850341796875, queue:9.957275390625, delay:0.3237655758857727, throughput:1888
step:3600/3600, q_loss:118.21532440185547, rewards:-236.2546844482422, queue:5.9480156898498535, delay:0.2665823996067047, throughput:3052
episode:12/250, real avg travel time:443.0665137614679
Test step:12/250, travel time :476.4845, rewards:-429.6087646484375, queue:11.145237922668457, delay:0.3302256166934967, throughput:2000
step:3600/3600, q_loss:135.26536560058594, rewards:-349.0932312011719, queue:8.982275009155273, delay:0.31670549511909485, throughput:2612
episode:13/250, real avg travel time:452.8323124042879
Test step:13/250, travel time :648.8052598622417, rewards:-518.119384765625, queue:12.955159187316895, delay:0.41478437185287476, throughput:1597
step:3600/3600, q_loss:167.20053100585938, rewards:-401.2460632324219, queue:10.293386459350586, delay:0.3537226915359497, throughput:2217
episode:14/250, real avg travel time:516.3387460532251
Test step:14/250, travel time :754.9098360655738, rewards:-547.0845336914062, queue:13.947090148925781, delay:0.4114285707473755, throughput:1342
step:3600/3600, q_loss:191.3829803466797, rewards:-286.22247314453125, queue:7.404365062713623, delay:0.29997530579566956, throughput:2958
episode:15/250, real avg travel time:443.54597701149424
Test step:15/250, travel time :561.3242122719735, rewards:-330.50994873046875, queue:8.420899391174316, delay:0.31054022908210754, throughput:2412
step:3600/3600, q_loss:189.13937377929688, rewards:-209.08163452148438, queue:5.326322555541992, delay:0.24978795647621155, throughput:2902
episode:16/250, real avg travel time:461.44831150930395
Test step:16/250, travel time :641.1133645345814, rewards:-397.5338134765625, queue:10.022619247436523, delay:0.3317217230796814, throughput:1923
step:3600/3600, q_loss:125.78849792480469, rewards:-375.92364501953125, queue:9.632539749145508, delay:0.31377631425857544, throughput:2337
episode:17/250, real avg travel time:475.3371844244758
Test step:17/250, travel time :486.57978421351504, rewards:-480.844482421875, queue:12.035846710205078, delay:0.3811095654964447, throughput:1761
step:3600/3600, q_loss:133.86964416503906, rewards:-358.3252258300781, queue:9.151058197021484, delay:0.35761651396751404, throughput:2723
episode:18/250, real avg travel time:660.8780756518546
Test step:18/250, travel time :409.65288104089217, rewards:-334.14593505859375, queue:8.957539558410645, delay:0.279938668012619, throughput:2152
New best TEST travel time 409.6529 at episode 18, saved as best checkpoint
step:3600/3600, q_loss:165.5836181640625, rewards:-225.2194061279297, queue:5.8443121910095215, delay:0.2565319538116455, throughput:2923
episode:19/250, real avg travel time:490.73554567225455
Test step:19/250, travel time :508.68354997758854, rewards:-338.6838073730469, queue:9.094444274902344, delay:0.2891136407852173, throughput:2231
step:3600/3600, q_loss:154.92796325683594, rewards:-292.0849304199219, queue:7.3339948654174805, delay:0.27145418524742126, throughput:2460
episode:20/250, real avg travel time:525.4028455284553
Test step:20/250, travel time :483.55750487329436, rewards:-278.62457275390625, queue:7.146031856536865, delay:0.28952673077583313, throughput:2565
step:3600/3600, q_loss:179.511474609375, rewards:-264.2116394042969, queue:6.925793647766113, delay:0.26896044611930847, throughput:2465
episode:21/250, real avg travel time:531.1776876267749
Test step:21/250, travel time :493.7728448275862, rewards:-313.7925720214844, queue:8.173809051513672, delay:0.2855357527732849, throughput:2320
step:3600/3600, q_loss:246.16336059570312, rewards:-333.0859680175781, queue:8.497090339660645, delay:0.3032627999782562, throughput:2496
episode:22/250, real avg travel time:616.5785256410256
Test step:22/250, travel time :438.22914409534127, rewards:-469.4713439941406, queue:11.74920654296875, delay:0.3810945451259613, throughput:1846
step:3600/3600, q_loss:253.72213745117188, rewards:-382.3985290527344, queue:9.915608406066895, delay:0.34981438517570496, throughput:2481
episode:23/250, real avg travel time:526.4860943168078
Test step:23/250, travel time :566.6853720050441, rewards:-472.78363037109375, queue:12.259259223937988, delay:0.37884509563446045, throughput:1586
step:3600/3600, q_loss:247.0598907470703, rewards:-399.7269592285156, queue:9.879761695861816, delay:0.3608347773551941, throughput:1823
episode:24/250, real avg travel time:568.4382885353813
Test step:24/250, travel time :511.25112866817153, rewards:-438.7208251953125, queue:10.837830543518066, delay:0.3611163794994354, throughput:1772
step:3600/3600, q_loss:240.341796875, rewards:-431.2944030761719, queue:10.828836441040039, delay:0.3410090506076813, throughput:1806
episode:25/250, real avg travel time:523.2048726467331
Test step:25/250, travel time :521.2681718061674, rewards:-429.9002685546875, queue:10.564153671264648, delay:0.3632600009441376, throughput:1816
step:3600/3600, q_loss:251.2630615234375, rewards:-404.82537841796875, queue:10.158465385437012, delay:0.34828799962997437, throughput:1813
episode:26/250, real avg travel time:475.15664644236074
Test step:26/250, travel time :528.0834333733493, rewards:-402.97735595703125, queue:9.592592239379883, delay:0.36187833547592163, throughput:1666
step:3600/3600, q_loss:262.53753662109375, rewards:-332.5622253417969, queue:8.282804489135742, delay:0.294330894947052, throughput:2711
episode:27/250, real avg travel time:541.0586499446698
Test step:27/250, travel time :427.376075378943, rewards:-269.3692321777344, queue:6.691137790679932, delay:0.28104785084724426, throughput:2441
step:3600/3600, q_loss:257.0388488769531, rewards:-242.459716796875, queue:6.2383599281311035, delay:0.27416035532951355, throughput:2647
episode:28/250, real avg travel time:479.1050245561012
Test step:28/250, travel time :607.6092233009708, rewards:-355.3315734863281, queue:9.464682579040527, delay:0.3098846971988678, throughput:2060
step:3600/3600, q_loss:283.8005065917969, rewards:-408.2267761230469, queue:10.910317420959473, delay:0.35020357370376587, throughput:2287
episode:29/250, real avg travel time:481.006558810669
Test step:29/250, travel time :500.1804767309875, rewards:-467.1029968261719, queue:11.813360214233398, delay:0.37464991211891174, throughput:1762
step:3600/3600, q_loss:210.4325714111328, rewards:-416.98663330078125, queue:10.427380561828613, delay:0.35496142506599426, throughput:2547
episode:30/250, real avg travel time:638.6423243031016
Test step:30/250, travel time :518.7482250136537, rewards:-482.8492126464844, queue:12.084127426147461, delay:0.396763414144516, throughput:1831
step:3600/3600, q_loss:242.9283447265625, rewards:-433.7887878417969, queue:11.106348991394043, delay:0.35513490438461304, throughput:2106
episode:31/250, real avg travel time:502.84995251661917
Test step:31/250, travel time :456.18613669413475, rewards:-434.75537109375, queue:11.197883605957031, delay:0.3743863105773926, throughput:2063
step:3600/3600, q_loss:256.9871520996094, rewards:-311.1895751953125, queue:7.724999904632568, delay:0.28371909260749817, throughput:2891
episode:32/250, real avg travel time:520.6907644413698
Test step:32/250, travel time :499.94854692710817, rewards:-343.4165954589844, queue:8.523280143737793, delay:0.30239906907081604, throughput:2099
step:3600/3600, q_loss:241.46456909179688, rewards:-223.5749969482422, queue:5.999735355377197, delay:0.25568026304244995, throughput:3033
episode:33/250, real avg travel time:364.4038905374217
Test step:33/250, travel time :443.29897718332023, rewards:-286.8671875, queue:7.330555438995361, delay:0.2644099295139313, throughput:2542
step:3600/3600, q_loss:172.83172607421875, rewards:-339.6570739746094, queue:9.22327995300293, delay:0.2515498399734497, throughput:2797
episode:34/250, real avg travel time:424.57561673221306
Test step:34/250, travel time :435.25877362128807, rewards:-294.3680114746094, queue:7.878306865692139, delay:0.2827601432800293, throughput:2593
step:3600/3600, q_loss:223.49574279785156, rewards:-265.7158508300781, queue:6.802248477935791, delay:0.2807759940624237, throughput:2538
episode:35/250, real avg travel time:448.32190701339636
Test step:35/250, travel time :490.3009828009828, rewards:-320.84295654296875, queue:8.274999618530273, delay:0.28041014075279236, throughput:2442
step:3600/3600, q_loss:225.16163635253906, rewards:-262.1199951171875, queue:6.667592525482178, delay:0.27656909823417664, throughput:2946
episode:36/250, real avg travel time:500.46435845213847
Test step:36/250, travel time :388.6950819672131, rewards:-345.0694885253906, queue:9.550132751464844, delay:0.27519965171813965, throughput:2135
New best TEST travel time 388.6951 at episode 36, saved as best checkpoint
step:3600/3600, q_loss:254.1771697998047, rewards:-280.1720275878906, queue:7.033994674682617, delay:0.27384069561958313, throughput:2294
episode:37/250, real avg travel time:435.31386224934613
Test step:37/250, travel time :399.57176709546377, rewards:-226.712158203125, queue:6.0847883224487305, delay:0.24213868379592896, throughput:2954
step:3600/3600, q_loss:268.6013488769531, rewards:-228.0345458984375, queue:5.995899677276611, delay:0.25883546471595764, throughput:2803
episode:38/250, real avg travel time:411.18515875847305
Test step:38/250, travel time :462.03173996175906, rewards:-289.1116638183594, queue:7.370370388031006, delay:0.28220951557159424, throughput:2615
step:3600/3600, q_loss:256.8324890136719, rewards:-213.5507354736328, queue:5.582804203033447, delay:0.23688805103302002, throughput:3159
episode:39/250, real avg travel time:374.50395694840137
Test step:39/250, travel time :455.0131627056673, rewards:-253.7747802734375, queue:6.69444465637207, delay:0.2801862955093384, throughput:2735
step:3600/3600, q_loss:231.68399047851562, rewards:-290.6575012207031, queue:7.3755292892456055, delay:0.2696322202682495, throughput:2614
episode:40/250, real avg travel time:450.11897475133895
Test step:40/250, travel time :481.15480984340047, rewards:-347.1844177246094, queue:8.674603462219238, delay:0.2780711352825165, throughput:2235
step:3600/3600, q_loss:200.29177856445312, rewards:-287.19586181640625, queue:7.5009260177612305, delay:0.2577245533466339, throughput:2866
episode:41/250, real avg travel time:477.2212142358688
Test step:41/250, travel time :459.02852908484624, rewards:-265.37030029296875, queue:6.737830638885498, delay:0.27997922897338867, throughput:2699
step:3600/3600, q_loss:202.28836059570312, rewards:-226.80845642089844, queue:6.015608310699463, delay:0.26106444001197815, throughput:2839
episode:42/250, real avg travel time:494.8023952095808
Test step:42/250, travel time :436.92408477842, rewards:-301.5233459472656, queue:7.813624382019043, delay:0.27899250388145447, throughput:2595
step:3600/3600, q_loss:177.69967651367188, rewards:-265.4192199707031, queue:6.920899391174316, delay:0.253598153591156, throughput:2897
episode:43/250, real avg travel time:420.3527787366241
Test step:43/250, travel time :569.964409293129, rewards:-361.6671142578125, queue:9.045766830444336, delay:0.3165818750858307, throughput:2023
step:3600/3600, q_loss:158.08419799804688, rewards:-316.9339904785156, queue:7.961640357971191, delay:0.2912592887878418, throughput:2671
episode:44/250, real avg travel time:509.3627854736054
Test step:44/250, travel time :413.1761579347001, rewards:-283.4587707519531, queue:7.498809337615967, delay:0.25765278935432434, throughput:2634
step:3600/3600, q_loss:165.31124877929688, rewards:-249.08984375, queue:6.599867820739746, delay:0.24523770809173584, throughput:2846
episode:45/250, real avg travel time:421.8162333099086
Test step:45/250, travel time :460.3946223803875, rewards:-287.35601806640625, queue:7.8629631996154785, delay:0.27992892265319824, throughput:2529
step:3600/3600, q_loss:162.62850952148438, rewards:-255.14439392089844, queue:6.61732816696167, delay:0.25314295291900635, throughput:3074
episode:46/250, real avg travel time:488.24202992843203
Test step:46/250, travel time :412.94689343977785, rewards:-254.05076599121094, queue:6.591798782348633, delay:0.26759639382362366, throughput:2881
step:3600/3600, q_loss:146.56631469726562, rewards:-245.8433380126953, queue:6.247619152069092, delay:0.2576483190059662, throughput:2705
episode:47/250, real avg travel time:453.25656192236596
Test step:47/250, travel time :459.2683964270523, rewards:-257.48199462890625, queue:6.928042411804199, delay:0.27370205521583557, throughput:2351
step:3600/3600, q_loss:124.83499145507812, rewards:-241.74819946289062, queue:6.409788131713867, delay:0.25184231996536255, throughput:3046
episode:48/250, real avg travel time:377.37623112278396
Test step:48/250, travel time :407.09892023685126, rewards:-224.99156188964844, queue:5.834656238555908, delay:0.2599634528160095, throughput:2871
step:3600/3600, q_loss:175.01905822753906, rewards:-329.4473571777344, queue:8.327116012573242, delay:0.28434717655181885, throughput:2855
episode:49/250, real avg travel time:579.506479859895
Test step:49/250, travel time :472.58374274229567, rewards:-309.651123046875, queue:8.15502643585205, delay:0.269893079996109, throughput:2239
step:3600/3600, q_loss:160.42037963867188, rewards:-252.134765625, queue:6.312963008880615, delay:0.26931825280189514, throughput:2986
episode:50/250, real avg travel time:515.6667782987274
Test step:50/250, travel time :519.0477971737323, rewards:-314.52008056640625, queue:8.027645111083984, delay:0.28059372305870056, throughput:2406
step:3600/3600, q_loss:134.6609344482422, rewards:-363.94281005859375, queue:9.072883605957031, delay:0.33166930079460144, throughput:2902
episode:51/250, real avg travel time:606.2804962095107
Test step:51/250, travel time :508.7098793026375, rewards:-324.7458190917969, queue:8.398676872253418, delay:0.27409934997558594, throughput:2237
step:3600/3600, q_loss:154.10829162597656, rewards:-207.60195922851562, queue:5.439815044403076, delay:0.2607239782810211, throughput:3011
episode:52/250, real avg travel time:436.6805048156759
Test step:52/250, travel time :458.828233374133, rewards:-304.3581237792969, queue:7.846031665802002, delay:0.2875637412071228, throughput:2451
step:3600/3600, q_loss:152.51710510253906, rewards:-216.13229370117188, queue:5.61904764175415, delay:0.23852519690990448, throughput:2866
episode:53/250, real avg travel time:444.67864619678994
Test step:53/250, travel time :435.611320754717, rewards:-265.8587646484375, queue:6.934920787811279, delay:0.2650722563266754, throughput:2915
step:3600/3600, q_loss:169.97158813476562, rewards:-267.4552001953125, queue:7.0748677253723145, delay:0.2642550468444824, throughput:2781
episode:54/250, real avg travel time:475.63646170442286
Test step:54/250, travel time :467.62377622377625, rewards:-245.95384216308594, queue:6.2906084060668945, delay:0.26109758019447327, throughput:2860
step:3600/3600, q_loss:174.12937927246094, rewards:-267.15277099609375, queue:7.039682388305664, delay:0.2422764152288437, throughput:2917
episode:55/250, real avg travel time:397.99622900239973
Test step:55/250, travel time :434.8541592920354, rewards:-268.4464111328125, queue:7.170767307281494, delay:0.25323742628097534, throughput:2825
step:3600/3600, q_loss:151.76004028320312, rewards:-209.4107208251953, queue:5.655026435852051, delay:0.25550106167793274, throughput:2989
episode:56/250, real avg travel time:474.6510538641686
Test step:56/250, travel time :407.6295888399413, rewards:-229.22784423828125, queue:6.052513122558594, delay:0.2563072144985199, throughput:2724
step:3600/3600, q_loss:190.94140625, rewards:-266.05029296875, queue:6.816799163818359, delay:0.2591255307197571, throughput:2690
episode:57/250, real avg travel time:520.9814126394052
Test step:57/250, travel time :382.774622573688, rewards:-230.7187957763672, queue:6.141534328460693, delay:0.2596829831600189, throughput:2782
New best TEST travel time 382.7746 at episode 57, saved as best checkpoint
step:3600/3600, q_loss:187.70765686035156, rewards:-197.5816650390625, queue:5.276058197021484, delay:0.23313508927822113, throughput:3102
episode:58/250, real avg travel time:413.4416505480335
Test step:58/250, travel time :477.920357020254, rewards:-232.99789428710938, queue:6.252513408660889, delay:0.25518229603767395, throughput:2913
step:3600/3600, q_loss:211.64637756347656, rewards:-310.1990966796875, queue:7.694047451019287, delay:0.27836084365844727, throughput:2445
episode:59/250, real avg travel time:448.1672801635992
Test step:59/250, travel time :440.55064027939466, rewards:-249.8119354248047, queue:6.745635032653809, delay:0.2551541328430176, throughput:2577
step:3600/3600, q_loss:236.89144897460938, rewards:-219.01185607910156, queue:5.654497146606445, delay:0.241922527551651, throughput:2996
episode:60/250, real avg travel time:403.99866488651537
Test step:60/250, travel time :417.7526435045317, rewards:-269.9235534667969, queue:7.22936487197876, delay:0.26949504017829895, throughput:2648
step:3600/3600, q_loss:165.23703002929688, rewards:-306.6001892089844, queue:8.540475845336914, delay:0.2580340802669525, throughput:2540
episode:61/250, real avg travel time:432.3275590551181
Test step:61/250, travel time :453.4419201172591, rewards:-295.9676208496094, queue:7.262434005737305, delay:0.26842737197875977, throughput:2729
step:3600/3600, q_loss:177.685302734375, rewards:-282.7591552734375, queue:7.133333206176758, delay:0.270234078168869, throughput:2275
episode:62/250, real avg travel time:456.6026373626374
Test step:62/250, travel time :412.4664454277286, rewards:-261.6999206542969, queue:6.801587104797363, delay:0.2785678803920746, throughput:2712
step:3600/3600, q_loss:195.66514587402344, rewards:-233.98452758789062, queue:6.267328262329102, delay:0.2591630518436432, throughput:2757
episode:63/250, real avg travel time:448.37939789626404
Test step:63/250, travel time :409.483908045977, rewards:-261.7197570800781, queue:6.7158732414245605, delay:0.26590168476104736, throughput:2610
step:3600/3600, q_loss:201.71742248535156, rewards:-214.00833129882812, queue:5.497751235961914, delay:0.2449122816324234, throughput:2983
episode:64/250, real avg travel time:468.6054307743882
Test step:64/250, travel time :403.5946956817409, rewards:-236.9890899658203, queue:6.268783092498779, delay:0.26123636960983276, throughput:2941
step:3600/3600, q_loss:170.8843536376953, rewards:-219.43997192382812, queue:5.787433624267578, delay:0.24669978022575378, throughput:3152
episode:65/250, real avg travel time:410.3781725888325
Test step:65/250, travel time :445.1671028037383, rewards:-221.2372589111328, queue:5.836111068725586, delay:0.26317742466926575, throughput:2675
step:3600/3600, q_loss:127.80381774902344, rewards:-235.4427032470703, queue:6.021031856536865, delay:0.24714551866054535, throughput:2890
episode:66/250, real avg travel time:484.83667820069206
Test step:66/250, travel time :484.6362807657247, rewards:-319.3869934082031, queue:8.33134937286377, delay:0.26524531841278076, throughput:2194
step:3600/3600, q_loss:121.70249938964844, rewards:-224.6009063720703, queue:6.022883415222168, delay:0.23972491919994354, throughput:2891
episode:67/250, real avg travel time:498.8460740228295
Test step:67/250, travel time :393.5484251968504, rewards:-246.59457397460938, queue:6.201719760894775, delay:0.2720925509929657, throughput:2540
step:3600/3600, q_loss:120.22050476074219, rewards:-215.50714111328125, queue:5.808862209320068, delay:0.24241648614406586, throughput:2897
episode:68/250, real avg travel time:472.61891612012425
Test step:68/250, travel time :520.2858306188925, rewards:-297.3882141113281, queue:7.7300262451171875, delay:0.2644427716732025, throughput:2456
step:3600/3600, q_loss:133.09027099609375, rewards:-239.01876831054688, queue:6.40238094329834, delay:0.2533304989337921, throughput:2727
episode:69/250, real avg travel time:487.65786578657867
Test step:69/250, travel time :480.24558587479936, rewards:-292.7832946777344, queue:7.0341267585754395, delay:0.26734408736228943, throughput:2492
step:3600/3600, q_loss:148.2290802001953, rewards:-252.74276733398438, queue:6.539153575897217, delay:0.2590395212173462, throughput:2799
episode:70/250, real avg travel time:496.2497320471597
Test step:70/250, travel time :457.5758426966292, rewards:-238.62716674804688, queue:6.4247355461120605, delay:0.25197353959083557, throughput:2848
step:3600/3600, q_loss:149.4881134033203, rewards:-307.7060852050781, queue:8.126984596252441, delay:0.2905940115451813, throughput:2798
episode:71/250, real avg travel time:588.7841315225161
Test step:71/250, travel time :501.8587075575027, rewards:-267.76422119140625, queue:6.764682769775391, delay:0.2647548317909241, throughput:2739
step:3600/3600, q_loss:172.78675842285156, rewards:-264.13458251953125, queue:7.142592430114746, delay:0.2551591396331787, throughput:2540
episode:72/250, real avg travel time:494.201968503937
Test step:72/250, travel time :555.6255265374895, rewards:-291.1924133300781, queue:7.256481647491455, delay:0.26897716522216797, throughput:2374
step:3600/3600, q_loss:177.15924072265625, rewards:-225.6595916748047, queue:5.737301349639893, delay:0.24614432454109192, throughput:2827
episode:73/250, real avg travel time:455.916519278387
Test step:73/250, travel time :442.66157855547283, rewards:-229.70645141601562, queue:6.09682559967041, delay:0.2553347945213318, throughput:2686
step:3600/3600, q_loss:167.15164184570312, rewards:-200.7415771484375, queue:5.41005277633667, delay:0.2460540384054184, throughput:2838
episode:74/250, real avg travel time:429.515503875969
Test step:74/250, travel time :501.0276410450587, rewards:-316.5397033691406, queue:8.21997356414795, delay:0.27296018600463867, throughput:2641
step:3600/3600, q_loss:127.12068176269531, rewards:-259.9744873046875, queue:6.5394182205200195, delay:0.24404402077198029, throughput:2705
episode:75/250, real avg travel time:443.63031423290204
Test step:75/250, travel time :399.74943310657596, rewards:-289.3431091308594, queue:7.286110877990723, delay:0.25204747915267944, throughput:2646
step:3600/3600, q_loss:149.74307250976562, rewards:-209.9417724609375, queue:5.165343761444092, delay:0.2690346837043762, throughput:2569
episode:76/250, real avg travel time:507.09809264305176
Test step:76/250, travel time :394.3892904073587, rewards:-218.87261962890625, queue:5.862830638885498, delay:0.23101693391799927, throughput:3044
step:3600/3600, q_loss:158.42567443847656, rewards:-254.8728790283203, queue:6.837698459625244, delay:0.25527262687683105, throughput:2401
episode:77/250, real avg travel time:464.76176593086217
Test step:77/250, travel time :474.4861300591178, rewards:-290.23602294921875, queue:7.738888740539551, delay:0.2725241482257843, throughput:2199
step:3600/3600, q_loss:151.23855590820312, rewards:-217.3398895263672, queue:5.6236772537231445, delay:0.23721490800380707, throughput:2775
episode:78/250, real avg travel time:393.11207207207207
Test step:78/250, travel time :420.3250980392157, rewards:-289.3017883300781, queue:7.820767402648926, delay:0.2513955533504486, throughput:2550
step:3600/3600, q_loss:139.12782287597656, rewards:-213.25868225097656, queue:5.662830829620361, delay:0.23920929431915283, throughput:3021
episode:79/250, real avg travel time:425.01191658391264
Test step:79/250, travel time :404.992093502922, rewards:-231.46640014648438, queue:6.202513217926025, delay:0.24368073046207428, throughput:2909
step:3600/3600, q_loss:141.6863555908203, rewards:-209.52487182617188, queue:5.625661373138428, delay:0.23562003672122955, throughput:2782
episode:80/250, real avg travel time:392.0427749820273
Test step:80/250, travel time :434.2696041822255, rewards:-260.46270751953125, queue:6.390872955322266, delay:0.2535629868507385, throughput:2678
step:3600/3600, q_loss:142.358154296875, rewards:-257.28375244140625, queue:6.545502662658691, delay:0.2535746991634369, throughput:2772
episode:81/250, real avg travel time:530.7842712842713
Test step:81/250, travel time :439.6794742163802, rewards:-235.80970764160156, queue:6.2486772537231445, delay:0.24584192037582397, throughput:2967
step:3600/3600, q_loss:131.679931640625, rewards:-185.40902709960938, queue:4.915740966796875, delay:0.2312408834695816, throughput:3038
episode:82/250, real avg travel time:443.0105332455563
Test step:82/250, travel time :353.2190569744597, rewards:-215.67543029785156, queue:5.784391403198242, delay:0.23909777402877808, throughput:3054
New best TEST travel time 353.2191 at episode 82, saved as best checkpoint
step:3600/3600, q_loss:130.4272003173828, rewards:-191.30853271484375, queue:5.2296295166015625, delay:0.23279742896556854, throughput:3046
episode:83/250, real avg travel time:414.3069599474721
Test step:83/250, travel time :455.0922710248553, rewards:-241.5358123779297, queue:6.336640357971191, delay:0.25292742252349854, throughput:2937
step:3600/3600, q_loss:115.11893463134766, rewards:-197.55026245117188, queue:5.291666507720947, delay:0.22707587480545044, throughput:3153
episode:84/250, real avg travel time:391.1351094196004
Test step:84/250, travel time :382.4068106920542, rewards:-226.32101440429688, queue:5.886375427246094, delay:0.24947664141654968, throughput:2731
step:3600/3600, q_loss:105.51590728759766, rewards:-215.94236755371094, queue:5.744444370269775, delay:0.22994181513786316, throughput:3030
episode:85/250, real avg travel time:452.2544554455446
Test step:85/250, travel time :425.1184, rewards:-248.53359985351562, queue:6.319180011749268, delay:0.2559148371219635, throughput:2500
step:3600/3600, q_loss:94.20897674560547, rewards:-195.86386108398438, queue:5.309391498565674, delay:0.2353380024433136, throughput:3220
episode:86/250, real avg travel time:412.194099378882
Test step:86/250, travel time :489.85457063711914, rewards:-246.46417236328125, queue:6.662036895751953, delay:0.26075035333633423, throughput:2888
step:3600/3600, q_loss:106.22782897949219, rewards:-197.2634735107422, queue:5.177909851074219, delay:0.23040486872196198, throughput:3070
episode:87/250, real avg travel time:412.785667752443
Test step:87/250, travel time :438.26636955776485, rewards:-221.216552734375, queue:5.877248764038086, delay:0.24662408232688904, throughput:2917
step:3600/3600, q_loss:93.8296127319336, rewards:-178.75550842285156, queue:4.962698459625244, delay:0.22435997426509857, throughput:2962
episode:88/250, real avg travel time:371.8555030384875
Test step:88/250, travel time :437.07109847138287, rewards:-248.8755645751953, queue:6.5478835105896, delay:0.24397774040699005, throughput:2813
step:3600/3600, q_loss:107.2646713256836, rewards:-219.2173614501953, queue:5.5813493728637695, delay:0.2475881427526474, throughput:2796
episode:89/250, real avg travel time:473.1341201716738
Test step:89/250, travel time :382.7882054533925, rewards:-227.33692932128906, queue:5.935317516326904, delay:0.24600310623645782, throughput:3154
step:3600/3600, q_loss:105.61795806884766, rewards:-234.69851684570312, queue:6.31243371963501, delay:0.23565495014190674, throughput:2943
episode:90/250, real avg travel time:399.12776078831126
Test step:90/250, travel time :430.7530319735391, rewards:-262.1551208496094, queue:6.915873050689697, delay:0.2651437819004059, throughput:2721
step:3600/3600, q_loss:95.64728546142578, rewards:-254.14736938476562, queue:6.759655952453613, delay:0.2533993721008301, throughput:2600
episode:91/250, real avg travel time:438.93461538461537
Test step:91/250, travel time :410.9403600900225, rewards:-242.1328582763672, queue:6.761772632598877, delay:0.2508305013179779, throughput:2666
step:3600/3600, q_loss:107.35086822509766, rewards:-210.09974670410156, queue:5.863624572753906, delay:0.2380954772233963, throughput:2954
episode:92/250, real avg travel time:396.96784021665536
Test step:92/250, travel time :549.1045951859957, rewards:-326.1908264160156, queue:8.176983833312988, delay:0.2697224020957947, throughput:2285
step:3600/3600, q_loss:119.1533203125, rewards:-204.81922912597656, queue:5.527248859405518, delay:0.23522135615348816, throughput:3183
episode:93/250, real avg travel time:435.43575243480996
Test step:93/250, travel time :420.6312209094164, rewards:-235.00482177734375, queue:6.316137790679932, delay:0.235101580619812, throughput:2793
step:3600/3600, q_loss:124.80965423583984, rewards:-213.54774475097656, queue:5.708730220794678, delay:0.2407628744840622, throughput:3046
episode:94/250, real avg travel time:388.4809586342745
Test step:94/250, travel time :411.7581081081081, rewards:-264.6210632324219, queue:7.0108466148376465, delay:0.24263085424900055, throughput:2960
step:3600/3600, q_loss:116.22236633300781, rewards:-229.61203002929688, queue:5.810714244842529, delay:0.2443401962518692, throughput:2753
episode:95/250, real avg travel time:479.66618234653106
Test step:95/250, travel time :430.71274685816877, rewards:-232.702392578125, queue:6.085449695587158, delay:0.25394800305366516, throughput:2785
step:3600/3600, q_loss:120.67948150634766, rewards:-231.521484375, queue:6.1769843101501465, delay:0.24247929453849792, throughput:3102
episode:96/250, real avg travel time:463.2637008381689
Test step:96/250, travel time :390.2711924023918, rewards:-216.23931884765625, queue:5.848148345947266, delay:0.2389790415763855, throughput:2843
step:3600/3600, q_loss:105.28240966796875, rewards:-217.24615478515625, queue:5.6198410987854, delay:0.23763714730739594, throughput:2897
episode:97/250, real avg travel time:434.09250949257853
Test step:97/250, travel time :493.77688787185355, rewards:-267.95208740234375, queue:7.006217002868652, delay:0.2535984218120575, throughput:2622
step:3600/3600, q_loss:109.2763671875, rewards:-207.075439453125, queue:5.493782997131348, delay:0.23448704183101654, throughput:2857
episode:98/250, real avg travel time:431.2446622331117
Test step:98/250, travel time :420.2906746031746, rewards:-220.83726501464844, queue:5.967328071594238, delay:0.24151015281677246, throughput:3024
step:3600/3600, q_loss:104.4908447265625, rewards:-204.0885009765625, queue:5.626984119415283, delay:0.23213329911231995, throughput:3156
episode:99/250, real avg travel time:387.0731939163498
Test step:99/250, travel time :515.3409792677547, rewards:-326.8719482421875, queue:8.592724800109863, delay:0.2826474905014038, throughput:2267
step:3600/3600, q_loss:117.80147552490234, rewards:-187.54071044921875, queue:4.987565994262695, delay:0.2284584939479828, throughput:3195
episode:100/250, real avg travel time:404.0322378716745
Test step:100/250, travel time :390.3225123500353, rewards:-210.5784912109375, queue:5.541534423828125, delay:0.24633701145648956, throughput:2834
step:3600/3600, q_loss:111.37328338623047, rewards:-168.95089721679688, queue:4.511375427246094, delay:0.2241838574409485, throughput:3213
episode:101/250, real avg travel time:391.4544039838157
Test step:101/250, travel time :471.7512195121951, rewards:-240.79034423828125, queue:6.256349086761475, delay:0.2502219080924988, throughput:2870
step:3600/3600, q_loss:100.34492492675781, rewards:-256.7186279296875, queue:6.294312000274658, delay:0.25483083724975586, throughput:2607
episode:102/250, real avg travel time:434.73034138856923
Test step:102/250, travel time :449.667536339918, rewards:-252.34410095214844, queue:6.38955020904541, delay:0.2599343955516815, throughput:2683
step:3600/3600, q_loss:118.08618927001953, rewards:-196.8865203857422, queue:5.414285659790039, delay:0.21862949430942535, throughput:3265
episode:103/250, real avg travel time:386.6569678407351
Test step:103/250, travel time :433.7652021089631, rewards:-228.19171142578125, queue:5.859259128570557, delay:0.2498706430196762, throughput:2845
step:3600/3600, q_loss:110.79268646240234, rewards:-199.44766235351562, queue:5.367856979370117, delay:0.22417280077934265, throughput:3094
episode:104/250, real avg travel time:376.2055591467356
Test step:104/250, travel time :386.9110060189166, rewards:-231.15394592285156, queue:6.018783092498779, delay:0.2469807118177414, throughput:2326
step:3600/3600, q_loss:95.3843765258789, rewards:-250.12741088867188, queue:6.3240742683410645, delay:0.2595234215259552, throughput:2858
episode:105/250, real avg travel time:455.14835549335197
Test step:105/250, travel time :410.6345365053322, rewards:-299.17877197265625, queue:7.48716926574707, delay:0.26098546385765076, throughput:2438
step:3600/3600, q_loss:104.58861541748047, rewards:-217.1609649658203, queue:5.630687713623047, delay:0.23969076573848724, throughput:2828
episode:106/250, real avg travel time:482.7043847241867
Test step:106/250, travel time :429.3078491335372, rewards:-227.79226684570312, queue:5.946164131164551, delay:0.24895831942558289, throughput:2943
step:3600/3600, q_loss:96.7728500366211, rewards:-180.73837280273438, queue:4.977248668670654, delay:0.2173997163772583, throughput:3138
episode:107/250, real avg travel time:406.0194391332059
Test step:107/250, travel time :478.09434593509536, rewards:-240.9025115966797, queue:6.455820083618164, delay:0.24957193434238434, throughput:2989
step:3600/3600, q_loss:91.61180877685547, rewards:-161.9057159423828, queue:4.449999809265137, delay:0.22180776298046112, throughput:3204
episode:108/250, real avg travel time:408.0717852684145
Test step:108/250, travel time :381.32377310388785, rewards:-217.17691040039062, queue:5.923148155212402, delay:0.22965236008167267, throughput:3138
step:3600/3600, q_loss:90.91356658935547, rewards:-251.44454956054688, queue:6.365872859954834, delay:0.24147316813468933, throughput:2765
episode:109/250, real avg travel time:475.00578661844486
Test step:109/250, travel time :374.17201907790144, rewards:-197.08152770996094, queue:5.243650913238525, delay:0.23741094768047333, throughput:3145
step:3600/3600, q_loss:85.29298400878906, rewards:-262.07257080078125, queue:6.693121910095215, delay:0.26012536883354187, throughput:2622
episode:110/250, real avg travel time:462.454233409611
Test step:110/250, travel time :514.7953995157385, rewards:-287.55328369140625, queue:7.347222328186035, delay:0.2711809575557709, throughput:2478
step:3600/3600, q_loss:96.82958221435547, rewards:-215.50534057617188, queue:5.82023811340332, delay:0.240196093916893, throughput:2850
episode:111/250, real avg travel time:401.5080701754386
Test step:111/250, travel time :393.93127035830616, rewards:-202.53335571289062, queue:5.4160051345825195, delay:0.23356303572654724, throughput:3070
step:3600/3600, q_loss:108.99392700195312, rewards:-180.30174255371094, queue:4.891402244567871, delay:0.22011062502861023, throughput:3089
episode:112/250, real avg travel time:375.5797992877954
Test step:112/250, travel time :555.192937750273, rewards:-282.833251953125, queue:7.171825408935547, delay:0.27506983280181885, throughput:2747
step:3600/3600, q_loss:88.7626953125, rewards:-246.25808715820312, queue:6.34074068069458, delay:0.24816296994686127, throughput:2674
episode:113/250, real avg travel time:406.00598354525056
Test step:113/250, travel time :394.5206885137372, rewards:-225.28140258789062, queue:6.0619049072265625, delay:0.24762770533561707, throughput:3021
step:3600/3600, q_loss:100.9566421508789, rewards:-205.64149475097656, queue:5.64470911026001, delay:0.23773707449436188, throughput:3076
episode:114/250, real avg travel time:407.7477243172952
Test step:114/250, travel time :464.99022687609073, rewards:-252.65525817871094, queue:6.601058006286621, delay:0.2600693702697754, throughput:2865
step:3600/3600, q_loss:103.68042755126953, rewards:-247.37767028808594, queue:6.588491916656494, delay:0.24882784485816956, throughput:2958
episode:115/250, real avg travel time:494.1970926301555
Test step:115/250, travel time :468.21069518716575, rewards:-235.14297485351562, queue:6.479762077331543, delay:0.25505372881889343, throughput:2805
step:3600/3600, q_loss:104.88286590576172, rewards:-221.89505004882812, queue:5.8538360595703125, delay:0.23540815711021423, throughput:2954
episode:116/250, real avg travel time:440.3171970209885
Test step:116/250, travel time :414.8036605657238, rewards:-219.3960723876953, queue:5.966402053833008, delay:0.24624033272266388, throughput:3005
step:3600/3600, q_loss:116.1557388305664, rewards:-207.38250732421875, queue:5.543121814727783, delay:0.2414240688085556, throughput:2856
episode:117/250, real avg travel time:473.05847338935575
Test step:117/250, travel time :532.0857908847184, rewards:-270.1010437011719, queue:6.7829365730285645, delay:0.2572813928127289, throughput:2611
step:3600/3600, q_loss:109.71302032470703, rewards:-233.0714569091797, queue:5.792989253997803, delay:0.2551763653755188, throughput:2566
episode:118/250, real avg travel time:466.9879189399844
Test step:118/250, travel time :434.86824093086926, rewards:-239.16494750976562, queue:6.367724895477295, delay:0.24057960510253906, throughput:2922
step:3600/3600, q_loss:114.05326843261719, rewards:-278.61865234375, queue:7.18055534362793, delay:0.267548143863678, throughput:2487
episode:119/250, real avg travel time:553.7691998391637
Test step:119/250, travel time :531.973896353167, rewards:-260.40185546875, queue:6.953174591064453, delay:0.2652299404144287, throughput:2605
step:3600/3600, q_loss:137.89955139160156, rewards:-248.6888427734375, queue:6.332407474517822, delay:0.2737763524055481, throughput:2767
episode:120/250, real avg travel time:568.6563064691001
Test step:120/250, travel time :477.9144448865897, rewards:-296.47430419921875, queue:7.7021164894104, delay:0.2658778131008148, throughput:2513
step:3600/3600, q_loss:122.34760284423828, rewards:-212.80117797851562, queue:5.5813493728637695, delay:0.2284708023071289, throughput:3036
episode:121/250, real avg travel time:407.7490118577075
Test step:121/250, travel time :425.1225829989055, rewards:-236.57257080078125, queue:6.267989635467529, delay:0.2637118101119995, throughput:2741
step:3600/3600, q_loss:144.98760986328125, rewards:-262.1272277832031, queue:6.8244709968566895, delay:0.2386733591556549, throughput:2753
episode:122/250, real avg travel time:458.60043588812204
Test step:122/250, travel time :405.73820503724727, rewards:-224.748046875, queue:5.983597755432129, delay:0.2503594160079956, throughput:2819
step:3600/3600, q_loss:130.20059204101562, rewards:-223.29244995117188, queue:5.859655857086182, delay:0.24286101758480072, throughput:3092
episode:123/250, real avg travel time:493.6374514877102
Test step:123/250, travel time :528.7366888519135, rewards:-271.2171325683594, queue:7.082804203033447, delay:0.2635142207145691, throughput:2404
step:3600/3600, q_loss:127.7894287109375, rewards:-219.86636352539062, queue:5.647089958190918, delay:0.24808402359485626, throughput:3016
episode:124/250, real avg travel time:537.2758620689655
Test step:124/250, travel time :526.4112109542148, rewards:-250.2681427001953, queue:6.48716926574707, delay:0.28930962085723877, throughput:2337
step:3600/3600, q_loss:115.58048248291016, rewards:-232.0891876220703, queue:6.079232692718506, delay:0.24673034250736237, throughput:2853
episode:125/250, real avg travel time:446.1833158079215
Test step:125/250, travel time :451.34471243042674, rewards:-237.96917724609375, queue:6.545238018035889, delay:0.25324925780296326, throughput:2695
step:3600/3600, q_loss:116.46346282958984, rewards:-247.01327514648438, queue:6.48624324798584, delay:0.2498105764389038, throughput:2490
episode:126/250, real avg travel time:471.28915662650604
Test step:126/250, travel time :512.1259982253771, rewards:-317.1875, queue:8.175926208496094, delay:0.27128297090530396, throughput:2254
step:3600/3600, q_loss:138.39559936523438, rewards:-226.2013702392578, queue:5.962698459625244, delay:0.24026721715927124, throughput:2738
episode:127/250, real avg travel time:561.4842951059168
Test step:127/250, travel time :497.171909290417, rewards:-251.09707641601562, queue:6.607539653778076, delay:0.27170082926750183, throughput:2734
step:3600/3600, q_loss:133.126220703125, rewards:-248.28604125976562, queue:6.271031856536865, delay:0.2566545307636261, throughput:3121
episode:128/250, real avg travel time:531.3630246715796
Test step:128/250, travel time :537.1451844753234, rewards:-460.8983154296875, queue:11.210450172424316, delay:0.3487944006919861, throughput:2087
step:3600/3600, q_loss:138.43360900878906, rewards:-345.6767272949219, queue:8.78161334991455, delay:0.30473747849464417, throughput:2922
episode:129/250, real avg travel time:595.1752224503765
Test step:129/250, travel time :522.5408328826393, rewards:-424.07012939453125, queue:10.497618675231934, delay:0.3598988950252533, throughput:1849
step:3600/3600, q_loss:163.66378784179688, rewards:-315.18511962890625, queue:7.639021396636963, delay:0.28591981530189514, throughput:2946
episode:130/250, real avg travel time:538.4531568228106
Test step:130/250, travel time :385.0835298080162, rewards:-215.98448181152344, queue:5.6972222328186035, delay:0.2456364929676056, throughput:2969
step:3600/3600, q_loss:171.56300354003906, rewards:-230.92813110351562, queue:5.807936668395996, delay:0.24598191678524017, throughput:2949
episode:131/250, real avg travel time:451.53407934893187
Test step:131/250, travel time :474.5925409550366, rewards:-231.6676483154297, queue:6.195634841918945, delay:0.2545607388019562, throughput:2869
step:3600/3600, q_loss:169.08645629882812, rewards:-249.67884826660156, queue:6.255290985107422, delay:0.24438586831092834, throughput:2631
episode:132/250, real avg travel time:478.9904979095401
Test step:132/250, travel time :418.7977743668457, rewards:-226.4451141357422, queue:6.028571605682373, delay:0.24609297513961792, throughput:2606
step:3600/3600, q_loss:156.18984985351562, rewards:-258.3310241699219, queue:6.36812162399292, delay:0.2546716034412384, throughput:2477
episode:133/250, real avg travel time:560.0892208316512
Test step:133/250, travel time :485.24369388627616, rewards:-268.1364440917969, queue:6.9472222328186035, delay:0.26075971126556396, throughput:2339
step:3600/3600, q_loss:165.6775360107422, rewards:-226.91725158691406, queue:5.967195987701416, delay:0.25184768438339233, throughput:3021
episode:134/250, real avg travel time:507.0331016219795
Test step:134/250, travel time :563.9444197421076, rewards:-256.3038635253906, queue:6.248412609100342, delay:0.24820658564567566, throughput:2249
step:3600/3600, q_loss:178.94007873535156, rewards:-249.5166015625, queue:6.715608596801758, delay:0.2437223345041275, throughput:2875
episode:135/250, real avg travel time:463.08278260869565
Test step:135/250, travel time :452.06954732510286, rewards:-261.3967590332031, queue:6.981878280639648, delay:0.2618463635444641, throughput:2430
step:3600/3600, q_loss:172.6750030517578, rewards:-284.1861572265625, queue:7.429497241973877, delay:0.26272112131118774, throughput:2485
episode:136/250, real avg travel time:525.477263581489
Test step:136/250, travel time :421.08620007908263, rewards:-293.2379150390625, queue:7.690079212188721, delay:0.2515830993652344, throughput:2529
step:3600/3600, q_loss:203.9195098876953, rewards:-272.8801574707031, queue:7.107010364532471, delay:0.2701815962791443, throughput:2470
episode:137/250, real avg travel time:518.655060728745
Test step:137/250, travel time :485.62329567588625, rewards:-252.5161895751953, queue:6.600264549255371, delay:0.267139732837677, throughput:2567
step:3600/3600, q_loss:201.7716522216797, rewards:-229.63272094726562, queue:6.036110877990723, delay:0.2500547766685486, throughput:2760
episode:138/250, real avg travel time:492.4036231884058
Test step:138/250, travel time :411.1724770642202, rewards:-231.66209411621094, queue:6.206613540649414, delay:0.24032114446163177, throughput:2725
step:3600/3600, q_loss:199.33099365234375, rewards:-199.5889129638672, queue:5.485053062438965, delay:0.23379245400428772, throughput:3077
episode:139/250, real avg travel time:399.6558336041599
Test step:139/250, travel time :387.16613076098605, rewards:-260.9423522949219, queue:6.953306674957275, delay:0.24495519697666168, throughput:2799
step:3600/3600, q_loss:187.57009887695312, rewards:-227.60679626464844, queue:6.199999809265137, delay:0.23184755444526672, throughput:2952
episode:140/250, real avg travel time:384.9217479674797
Test step:140/250, travel time :486.4387990762125, rewards:-268.98046875, queue:7.0104498863220215, delay:0.2667745351791382, throughput:2598
step:3600/3600, q_loss:160.88107299804688, rewards:-235.80711364746094, queue:5.732671737670898, delay:0.2484300434589386, throughput:2959
episode:141/250, real avg travel time:436.66475160527204
Test step:141/250, travel time :464.5164797825348, rewards:-247.8390655517578, queue:6.640476226806641, delay:0.23884645104408264, throughput:2943
step:3600/3600, q_loss:183.26283264160156, rewards:-216.76805114746094, queue:5.833730220794678, delay:0.22422653436660767, throughput:3020
episode:142/250, real avg travel time:403.2831125827815
Test step:142/250, travel time :451.71321038765524, rewards:-265.59930419921875, queue:6.900926113128662, delay:0.26687005162239075, throughput:2657
step:3600/3600, q_loss:161.02069091796875, rewards:-206.04483032226562, queue:5.400528907775879, delay:0.22364725172519684, throughput:2921
episode:143/250, real avg travel time:446.50975693255737
Test step:143/250, travel time :438.3601462522852, rewards:-214.3156280517578, queue:5.581481456756592, delay:0.22699356079101562, throughput:2735
step:3600/3600, q_loss:133.44696044921875, rewards:-191.72711181640625, queue:5.194047451019287, delay:0.22233785688877106, throughput:2944
episode:144/250, real avg travel time:371.2255434782609
Test step:144/250, travel time :427.07350852272725, rewards:-303.1677551269531, queue:8.154762268066406, delay:0.2490597516298294, throughput:2816
step:3600/3600, q_loss:133.18157958984375, rewards:-162.70863342285156, queue:4.3858466148376465, delay:0.2148396372795105, throughput:3143
episode:145/250, real avg travel time:359.4158447343303
Test step:145/250, travel time :485.4056838365897, rewards:-283.00048828125, queue:7.059656143188477, delay:0.2467011958360672, throughput:2815
step:3600/3600, q_loss:126.03374481201172, rewards:-234.96873474121094, queue:6.150793552398682, delay:0.24635162949562073, throughput:2764
episode:146/250, real avg travel time:517.9873371924747
Test step:146/250, travel time :419.94495114006514, rewards:-218.41941833496094, queue:6.008729934692383, delay:0.2322845309972763, throughput:3070
step:3600/3600, q_loss:126.31026458740234, rewards:-184.9046630859375, queue:4.787301540374756, delay:0.22794722020626068, throughput:3011
episode:147/250, real avg travel time:454.67087346396545
Test step:147/250, travel time :464.68970144246896, rewards:-227.98973083496094, queue:5.92896842956543, delay:0.26300740242004395, throughput:2981
step:3600/3600, q_loss:125.08087921142578, rewards:-218.835205078125, queue:5.691269874572754, delay:0.22847537696361542, throughput:2994
episode:148/250, real avg travel time:461.4883099532398
Test step:148/250, travel time :488.4987394957983, rewards:-348.56402587890625, queue:9.128704071044922, delay:0.28001290559768677, throughput:2380
step:3600/3600, q_loss:122.53592681884766, rewards:-202.19483947753906, queue:5.102513313293457, delay:0.23256303369998932, throughput:3059
episode:149/250, real avg travel time:456.5586793069631
Test step:149/250, travel time :410.16859813084113, rewards:-252.31826782226562, queue:6.630026340484619, delay:0.24668119847774506, throughput:2675
step:3600/3600, q_loss:119.7139892578125, rewards:-206.27003479003906, queue:5.442724704742432, delay:0.24596650898456573, throughput:2872
episode:150/250, real avg travel time:464.3172005571031
Test step:150/250, travel time :495.01757666417353, rewards:-259.6241149902344, queue:6.879629611968994, delay:0.251484215259552, throughput:2674
step:3600/3600, q_loss:99.84773254394531, rewards:-196.319091796875, queue:5.33306884765625, delay:0.23047779500484467, throughput:2857
episode:151/250, real avg travel time:364.7994399719986
Test step:151/250, travel time :431.97310864109, rewards:-240.1832275390625, queue:6.572090148925781, delay:0.25365787744522095, throughput:2789
step:3600/3600, q_loss:96.03173065185547, rewards:-222.46011352539062, queue:5.9255290031433105, delay:0.24172264337539673, throughput:2693
episode:152/250, real avg travel time:396.16412922391385
Test step:152/250, travel time :413.8701812191104, rewards:-218.22557067871094, queue:5.86216926574707, delay:0.24746073782444, throughput:3035
step:3600/3600, q_loss:107.52626037597656, rewards:-250.47654724121094, queue:6.773677349090576, delay:0.24947023391723633, throughput:2774
episode:153/250, real avg travel time:441.1506849315069
Test step:153/250, travel time :420.2580106809079, rewards:-235.54507446289062, queue:6.543386459350586, delay:0.2454797327518463, throughput:2996
step:3600/3600, q_loss:119.8754653930664, rewards:-228.45169067382812, queue:6.254761695861816, delay:0.23275062441825867, throughput:3021
episode:154/250, real avg travel time:383.14299900695136
Test step:154/250, travel time :427.11577424023153, rewards:-242.4739990234375, queue:6.312830924987793, delay:0.2356237769126892, throughput:2764
step:3600/3600, q_loss:119.35603332519531, rewards:-252.6369171142578, queue:6.8230156898498535, delay:0.23929302394390106, throughput:2962
episode:155/250, real avg travel time:432.72417285617826
Test step:155/250, travel time :425.94054652880357, rewards:-278.5813903808594, queue:7.0890212059021, delay:0.24912193417549133, throughput:2708
step:3600/3600, q_loss:114.6566162109375, rewards:-208.52066040039062, queue:5.71574068069458, delay:0.22480393946170807, throughput:3227
episode:156/250, real avg travel time:380.38487759528977
Test step:156/250, travel time :418.7037037037037, rewards:-247.15567016601562, queue:6.209126949310303, delay:0.25834816694259644, throughput:2862
step:3600/3600, q_loss:91.49488830566406, rewards:-248.43638610839844, queue:6.598809719085693, delay:0.24556894600391388, throughput:2698
episode:157/250, real avg travel time:445.2238695329874
Test step:157/250, travel time :368.89193654990083, rewards:-199.26171875, queue:5.435714244842529, delay:0.21840496361255646, throughput:3026
step:3600/3600, q_loss:101.32794952392578, rewards:-222.70660400390625, queue:5.657407283782959, delay:0.251105934381485, throughput:2705
episode:158/250, real avg travel time:416.9290203327172
Test step:158/250, travel time :444.09114391143913, rewards:-268.5019836425781, queue:7.182407379150391, delay:0.2497299313545227, throughput:2710
step:3600/3600, q_loss:115.4136962890625, rewards:-249.88734436035156, queue:6.5406084060668945, delay:0.24572573602199554, throughput:2838
episode:159/250, real avg travel time:472.3706835799859
Test step:159/250, travel time :397.9753899480069, rewards:-241.496826171875, queue:6.497089862823486, delay:0.24182434380054474, throughput:2885
step:3600/3600, q_loss:116.98977661132812, rewards:-271.388671875, queue:6.976322650909424, delay:0.2584497332572937, throughput:2721
episode:160/250, real avg travel time:464.28555678059536
Test step:160/250, travel time :452.9449715370019, rewards:-244.79617309570312, queue:6.5337300300598145, delay:0.24081318080425262, throughput:2635
step:3600/3600, q_loss:114.52440643310547, rewards:-264.2845153808594, queue:6.544709205627441, delay:0.24926741421222687, throughput:2618
episode:161/250, real avg travel time:510.3808250572956
Test step:161/250, travel time :443.65698478561546, rewards:-261.11932373046875, queue:6.676587104797363, delay:0.2562008798122406, throughput:2892
step:3600/3600, q_loss:142.91806030273438, rewards:-199.72891235351562, queue:5.453439235687256, delay:0.237361878156662, throughput:3041
episode:162/250, real avg travel time:431.80368299901346
Test step:162/250, travel time :350.82806191117095, rewards:-189.51368713378906, queue:5.197354316711426, delay:0.21901381015777588, throughput:2972
New best TEST travel time 350.8281 at episode 162, saved as best checkpoint
step:3600/3600, q_loss:123.11222076416016, rewards:-197.73878479003906, queue:5.446957588195801, delay:0.23781423270702362, throughput:2928
episode:163/250, real avg travel time:400.1956967213115
Test step:163/250, travel time :446.35079479768785, rewards:-287.65362548828125, queue:7.4468255043029785, delay:0.2763535678386688, throughput:2768
step:3600/3600, q_loss:113.0722885131836, rewards:-348.4984436035156, queue:8.921957969665527, delay:0.2969008982181549, throughput:2518
episode:164/250, real avg travel time:405.8856235107228
Test step:164/250, travel time :470.636803874092, rewards:-399.0759582519531, queue:10.203307151794434, delay:0.34999963641166687, throughput:2065
step:3600/3600, q_loss:139.92257690429688, rewards:-446.18988037109375, queue:11.358333587646484, delay:0.36792340874671936, throughput:2307
episode:165/250, real avg travel time:658.6575639358474
Test step:165/250, travel time :593.9397260273972, rewards:-474.2535705566406, queue:12.005820274353027, delay:0.37987563014030457, throughput:1825
step:3600/3600, q_loss:185.95578002929688, rewards:-220.87994384765625, queue:5.494444370269775, delay:0.24907824397087097, throughput:2708
episode:166/250, real avg travel time:444.11262924667653
Test step:166/250, travel time :496.0788072417465, rewards:-242.0669708251953, queue:6.357936382293701, delay:0.26086440682411194, throughput:2817
step:3600/3600, q_loss:194.06944274902344, rewards:-263.2689514160156, queue:7.016269683837891, delay:0.2561585009098053, throughput:2947
episode:167/250, real avg travel time:424.6253817441466
Test step:167/250, travel time :417.96344827586205, rewards:-277.9164123535156, queue:7.121031761169434, delay:0.25722476840019226, throughput:2900
step:3600/3600, q_loss:180.27914428710938, rewards:-363.2786865234375, queue:8.818782806396484, delay:0.3295075595378876, throughput:2000
episode:168/250, real avg travel time:406.9095
Test step:168/250, travel time :590.8347876672484, rewards:-399.33612060546875, queue:10.021428108215332, delay:0.3579036295413971, throughput:1719
step:3600/3600, q_loss:191.3236541748047, rewards:-212.61019897460938, queue:5.698544979095459, delay:0.23756693303585052, throughput:3112
episode:169/250, real avg travel time:417.6028277634961
Test step:169/250, travel time :367.6678105696637, rewards:-228.67335510253906, queue:6.143651008605957, delay:0.23795247077941895, throughput:2914
step:3600/3600, q_loss:194.93218994140625, rewards:-210.9337921142578, queue:5.644047737121582, delay:0.2502026855945587, throughput:2818
episode:170/250, real avg travel time:436.45812633073103
Test step:170/250, travel time :387.44538110291535, rewards:-231.997314453125, queue:6.101058006286621, delay:0.2544132173061371, throughput:2847
step:3600/3600, q_loss:176.1324005126953, rewards:-207.49435424804688, queue:5.636772632598877, delay:0.23462067544460297, throughput:3031
episode:171/250, real avg travel time:404.4780600461894
Test step:171/250, travel time :479.6596194503171, rewards:-296.07086181640625, queue:7.91018533706665, delay:0.27265113592147827, throughput:2365
step:3600/3600, q_loss:149.1780548095703, rewards:-221.7653045654297, queue:5.876058101654053, delay:0.24852897226810455, throughput:2892
episode:172/250, real avg travel time:460.49585062240664
Test step:172/250, travel time :391.7413379073756, rewards:-220.50653076171875, queue:5.903571605682373, delay:0.2430342733860016, throughput:2915
step:3600/3600, q_loss:176.525390625, rewards:-289.2980041503906, queue:7.440211772918701, delay:0.27043986320495605, throughput:2533
episode:173/250, real avg travel time:505.2131859455192
Test step:173/250, travel time :612.7280137280137, rewards:-313.05181884765625, queue:8.031481742858887, delay:0.2816169559955597, throughput:2331
step:3600/3600, q_loss:178.36575317382812, rewards:-223.5160369873047, queue:6.028042316436768, delay:0.24424433708190918, throughput:2860
episode:174/250, real avg travel time:430.8388111888112
Test step:174/250, travel time :391.3316864295125, rewards:-215.92623901367188, queue:5.797222137451172, delay:0.22229789197444916, throughput:3036
step:3600/3600, q_loss:156.92654418945312, rewards:-213.20919799804688, queue:5.4685187339782715, delay:0.23365631699562073, throughput:2969
episode:175/250, real avg travel time:435.77164028292356
Test step:175/250, travel time :428.87701908957416, rewards:-281.84271240234375, queue:7.208730220794678, delay:0.2603457570075989, throughput:2724
step:3600/3600, q_loss:149.20985412597656, rewards:-190.11041259765625, queue:5.173544883728027, delay:0.22801396250724792, throughput:3126
episode:176/250, real avg travel time:433.1708253358925
Test step:176/250, travel time :525.9600938967136, rewards:-284.6264343261719, queue:7.032275199890137, delay:0.2580758035182953, throughput:2556
step:3600/3600, q_loss:148.62420654296875, rewards:-224.55325317382812, queue:5.895105838775635, delay:0.23579469323158264, throughput:2884
episode:177/250, real avg travel time:400.8141470180305
Test step:177/250, travel time :496.14331780723757, rewards:-243.118408203125, queue:6.40925931930542, delay:0.25326842069625854, throughput:2791
step:3600/3600, q_loss:175.11672973632812, rewards:-208.71768188476562, queue:5.622751235961914, delay:0.23928748071193695, throughput:2994
episode:178/250, real avg travel time:450.2982631930528
Test step:178/250, travel time :538.730559058428, rewards:-327.8927001953125, queue:8.497883796691895, delay:0.2791938781738281, throughput:2379
step:3600/3600, q_loss:146.75888061523438, rewards:-243.8689422607422, queue:6.199603080749512, delay:0.25499799847602844, throughput:2664
episode:179/250, real avg travel time:466.35698198198196
Test step:179/250, travel time :396.86891025641023, rewards:-208.12249755859375, queue:5.633333206176758, delay:0.23493841290473938, throughput:3120
step:3600/3600, q_loss:128.17098999023438, rewards:-193.82864379882812, queue:5.327513217926025, delay:0.23523077368736267, throughput:3065
episode:180/250, real avg travel time:404.1830342577488
Test step:180/250, travel time :470.1713062098501, rewards:-305.2088623046875, queue:8.209259033203125, delay:0.26702675223350525, throughput:2802
step:3600/3600, q_loss:123.71446228027344, rewards:-220.31263732910156, queue:5.9075398445129395, delay:0.23440679907798767, throughput:2766
episode:181/250, real avg travel time:419.13051337671726
Test step:181/250, travel time :505.7157153446998, rewards:-262.5927734375, queue:7.032275199890137, delay:0.267131507396698, throughput:2698
step:3600/3600, q_loss:107.50149536132812, rewards:-297.1995544433594, queue:7.643386363983154, delay:0.24880929291248322, throughput:2317
episode:182/250, real avg travel time:473.9175658178679
Test step:182/250, travel time :498.0032561505065, rewards:-262.27105712890625, queue:7.159523963928223, delay:0.2610344886779785, throughput:2764
step:3600/3600, q_loss:118.55060577392578, rewards:-200.43185424804688, queue:5.431878089904785, delay:0.23496492207050323, throughput:3081
episode:183/250, real avg travel time:452.70853618954885
Test step:183/250, travel time :393.44185293164884, rewards:-220.3753204345703, queue:5.801851749420166, delay:0.23666737973690033, throughput:3087
step:3600/3600, q_loss:128.61793518066406, rewards:-209.19607543945312, queue:5.6129631996154785, delay:0.23728981614112854, throughput:3023
episode:184/250, real avg travel time:467.6212371816077
Test step:184/250, travel time :408.70787269681745, rewards:-223.98448181152344, queue:5.807672023773193, delay:0.236954927444458, throughput:2985
step:3600/3600, q_loss:115.42572784423828, rewards:-234.66848754882812, queue:5.804893970489502, delay:0.2530667781829834, throughput:2685
episode:185/250, real avg travel time:469.3340782122905
Test step:185/250, travel time :427.0732149329467, rewards:-285.2325134277344, queue:7.239682674407959, delay:0.2558627724647522, throughput:2759
step:3600/3600, q_loss:122.25215148925781, rewards:-238.98233032226562, queue:6.288756847381592, delay:0.2419091910123825, throughput:2777
episode:186/250, real avg travel time:466.860280878646
Test step:186/250, travel time :380.8284579270495, rewards:-271.3111267089844, queue:7.030952453613281, delay:0.23532728850841522, throughput:2769
step:3600/3600, q_loss:164.33572387695312, rewards:-259.2148742675781, queue:7.093254089355469, delay:0.22692100703716278, throughput:2823
episode:187/250, real avg travel time:406.064116188452
Test step:187/250, travel time :412.35355854378486, rewards:-207.7874298095703, queue:5.629761695861816, delay:0.2334475815296173, throughput:3049
step:3600/3600, q_loss:159.4864959716797, rewards:-243.6173858642578, queue:5.8226189613342285, delay:0.2617296278476715, throughput:2500
episode:188/250, real avg travel time:547.6156
Test step:188/250, travel time :410.9186991869919, rewards:-220.6204376220703, queue:5.853306770324707, delay:0.2424631118774414, throughput:2952
step:3600/3600, q_loss:186.8128204345703, rewards:-224.45404052734375, queue:5.982804298400879, delay:0.23489931225776672, throughput:2859
episode:189/250, real avg travel time:401.1881776845051
Test step:189/250, travel time :439.6765001676165, rewards:-236.87551879882812, queue:6.039153575897217, delay:0.26697537302970886, throughput:2983
step:3600/3600, q_loss:183.2720489501953, rewards:-232.73658752441406, queue:6.296031951904297, delay:0.2517330050468445, throughput:2502
episode:190/250, real avg travel time:480.3713029576339
Test step:190/250, travel time :587.9429597128042, rewards:-280.3869934082031, queue:6.978306770324707, delay:0.26750388741493225, throughput:2507
step:3600/3600, q_loss:181.52194213867188, rewards:-233.10867309570312, queue:5.899074077606201, delay:0.2432299256324768, throughput:2833
episode:191/250, real avg travel time:578.5033533356866
Test step:191/250, travel time :508.8709677419355, rewards:-293.4696960449219, queue:7.141534328460693, delay:0.2752155661582947, throughput:2201
step:3600/3600, q_loss:182.3455352783203, rewards:-216.587646484375, queue:5.784920692443848, delay:0.22974912822246552, throughput:3053
episode:192/250, real avg travel time:469.53357353422865
Test step:192/250, travel time :416.62062319306136, rewards:-205.8000030517578, queue:5.589550495147705, delay:0.23471705615520477, throughput:3113
step:3600/3600, q_loss:179.53802490234375, rewards:-210.5386962890625, queue:5.613624572753906, delay:0.23303158581256866, throughput:2898
episode:193/250, real avg travel time:410.0151828847481
Test step:193/250, travel time :463.8978860623432, rewards:-286.9653015136719, queue:7.516666889190674, delay:0.25373902916908264, throughput:2791
step:3600/3600, q_loss:174.59716796875, rewards:-272.1184387207031, queue:6.869576930999756, delay:0.25159919261932373, throughput:2786
episode:194/250, real avg travel time:511.57394113424266
Test step:194/250, travel time :433.8596304193319, rewards:-279.8099365234375, queue:7.190343856811523, delay:0.24530577659606934, throughput:2814
step:3600/3600, q_loss:196.65618896484375, rewards:-229.716552734375, queue:6.139021396636963, delay:0.25019028782844543, throughput:2659
episode:195/250, real avg travel time:500.1116961263633
Test step:195/250, travel time :441.28200504868374, rewards:-255.08819580078125, queue:6.424206256866455, delay:0.262764573097229, throughput:2773
step:3600/3600, q_loss:200.72244262695312, rewards:-198.47903442382812, queue:5.382143020629883, delay:0.22509580850601196, throughput:3082
episode:196/250, real avg travel time:388.8857884490591
Test step:196/250, travel time :464.67557535263546, rewards:-253.885986328125, queue:6.4640212059021, delay:0.2528765797615051, throughput:2694
step:3600/3600, q_loss:168.16236877441406, rewards:-258.0980529785156, queue:6.638227462768555, delay:0.25107377767562866, throughput:2853
episode:197/250, real avg travel time:481.0192779530319
Test step:197/250, travel time :503.3249279538905, rewards:-289.38812255859375, queue:7.35529088973999, delay:0.2668374180793762, throughput:2776
step:3600/3600, q_loss:167.86398315429688, rewards:-215.1544647216797, queue:5.824206352233887, delay:0.22706523537635803, throughput:3043
episode:198/250, real avg travel time:413.90404206375285
Test step:198/250, travel time :427.8279604213214, rewards:-212.3621063232422, queue:5.7201056480407715, delay:0.23290231823921204, throughput:3133
step:3600/3600, q_loss:154.42430114746094, rewards:-215.86441040039062, queue:5.670370578765869, delay:0.24056819081306458, throughput:2892
episode:199/250, real avg travel time:471.02939142461963
Test step:199/250, travel time :397.0833333333333, rewards:-213.93067932128906, queue:5.683862209320068, delay:0.22808502614498138, throughput:3096
step:3600/3600, q_loss:149.247314453125, rewards:-354.27435302734375, queue:9.199338912963867, delay:0.28065988421440125, throughput:2334
episode:200/250, real avg travel time:423.60454155955443
Test step:200/250, travel time :504.79465776293824, rewards:-478.5974426269531, queue:11.898412704467773, delay:0.4011467397212982, throughput:1797
step:3600/3600, q_loss:149.79685974121094, rewards:-206.25515747070312, queue:5.474867820739746, delay:0.2387152910232544, throughput:3008
episode:201/250, real avg travel time:410.5511968085106
Test step:201/250, travel time :413.0424002874596, rewards:-254.56436157226562, queue:6.711111068725586, delay:0.25710737705230713, throughput:2783
step:3600/3600, q_loss:150.33187866210938, rewards:-263.2392578125, queue:6.4895501136779785, delay:0.2575230300426483, throughput:2456
episode:202/250, real avg travel time:442.45602605863195
Test step:202/250, travel time :448.54960775265346, rewards:-353.95733642578125, queue:8.696693420410156, delay:0.26413318514823914, throughput:2167
step:3600/3600, q_loss:179.7365264892578, rewards:-207.6496124267578, queue:5.6556878089904785, delay:0.2286156713962555, throughput:3078
episode:203/250, real avg travel time:414.3801169590643
Test step:203/250, travel time :375.6521155137676, rewards:-262.1034851074219, queue:6.932539463043213, delay:0.24164249002933502, throughput:2978
step:3600/3600, q_loss:187.0218963623047, rewards:-219.87693786621094, queue:5.856613636016846, delay:0.24148526787757874, throughput:2971
episode:204/250, real avg travel time:501.3722652305621
Test step:204/250, travel time :398.3717117804041, rewards:-239.41671752929688, queue:6.255026340484619, delay:0.24579647183418274, throughput:2623
step:3600/3600, q_loss:160.89869689941406, rewards:-194.9902801513672, queue:5.065211772918701, delay:0.21570171415805817, throughput:3064
episode:205/250, real avg travel time:395.68178851174935
Test step:205/250, travel time :381.0810234541578, rewards:-219.1328582763672, queue:5.870105743408203, delay:0.23782221972942352, throughput:2814
step:3600/3600, q_loss:162.0499725341797, rewards:-236.5243682861328, queue:6.1244707107543945, delay:0.24812525510787964, throughput:2817
episode:206/250, real avg travel time:480.60738374156904
Test step:206/250, travel time :423.27027027027026, rewards:-241.359375, queue:6.415476322174072, delay:0.2451086789369583, throughput:2775
step:3600/3600, q_loss:155.2711639404297, rewards:-271.54766845703125, queue:6.850132465362549, delay:0.2584213316440582, throughput:2568
episode:207/250, real avg travel time:481.65031152647975
Test step:207/250, travel time :467.43610469591994, rewards:-296.72998046875, queue:7.875396728515625, delay:0.26119092106819153, throughput:2598
step:3600/3600, q_loss:163.68862915039062, rewards:-223.8820343017578, queue:5.821560859680176, delay:0.24089200794696808, throughput:3038
episode:208/250, real avg travel time:474.2982225148124
Test step:208/250, travel time :462.8577088147904, rewards:-219.42286682128906, queue:5.711772441864014, delay:0.23815910518169403, throughput:3029
step:3600/3600, q_loss:171.09706115722656, rewards:-204.19601440429688, queue:5.401984214782715, delay:0.233176127076149, throughput:3013
episode:209/250, real avg travel time:418.18718884832396
Test step:209/250, travel time :464.96411394746576, rewards:-267.51312255859375, queue:6.84682559967041, delay:0.24639630317687988, throughput:2703
step:3600/3600, q_loss:178.5279998779297, rewards:-215.8668212890625, queue:5.822354316711426, delay:0.23306941986083984, throughput:2939
episode:210/250, real avg travel time:400.42667574004764
Test step:210/250, travel time :430.3849219528396, rewards:-228.0179901123047, queue:5.995370388031006, delay:0.23540081083774567, throughput:3011
step:3600/3600, q_loss:139.36573791503906, rewards:-222.3603973388672, queue:6.0120368003845215, delay:0.2355383187532425, throughput:2927
episode:211/250, real avg travel time:396.4629313290058
Test step:211/250, travel time :389.12642881884307, rewards:-217.92208862304688, queue:5.737037181854248, delay:0.23051650822162628, throughput:2887
step:3600/3600, q_loss:128.67286682128906, rewards:-230.22767639160156, queue:5.762434005737305, delay:0.23479785025119781, throughput:2788
episode:212/250, real avg travel time:391.04662840746056
Test step:212/250, travel time :601.6258474576272, rewards:-282.9715576171875, queue:7.47261905670166, delay:0.2649332880973816, throughput:2360
step:3600/3600, q_loss:153.21847534179688, rewards:-192.47544860839844, queue:5.274206161499023, delay:0.21575650572776794, throughput:3085
episode:213/250, real avg travel time:380.5860615883306
Test step:213/250, travel time :390.05345806882724, rewards:-207.42259216308594, queue:5.5424604415893555, delay:0.23606838285923004, throughput:2993
step:3600/3600, q_loss:170.80068969726562, rewards:-203.20985412597656, queue:5.478042125701904, delay:0.2292918860912323, throughput:3162
episode:214/250, real avg travel time:450.6654016445288
Test step:214/250, travel time :430.5900135869565, rewards:-217.0310516357422, queue:5.844576835632324, delay:0.23220407962799072, throughput:2944
step:3600/3600, q_loss:132.2542724609375, rewards:-228.92872619628906, queue:6.2448410987854, delay:0.23058371245861053, throughput:2989
episode:215/250, real avg travel time:417.5011709601874
Test step:215/250, travel time :425.06060606060606, rewards:-216.81932067871094, queue:5.917725086212158, delay:0.24335086345672607, throughput:3003
step:3600/3600, q_loss:151.59317016601562, rewards:-209.60372924804688, queue:5.758465766906738, delay:0.22548043727874756, throughput:2979
episode:216/250, real avg travel time:447.6633098355153
Test step:216/250, travel time :412.0350938151494, rewards:-222.3958740234375, queue:5.9468255043029785, delay:0.23107695579528809, throughput:2878
step:3600/3600, q_loss:139.5482177734375, rewards:-226.19992065429688, queue:5.882143020629883, delay:0.2428126484155655, throughput:2877
episode:217/250, real avg travel time:429.9899200556135
Test step:217/250, travel time :392.14816010329247, rewards:-187.290771484375, queue:5.123412609100342, delay:0.21598440408706665, throughput:3098
step:3600/3600, q_loss:136.88607788085938, rewards:-297.08917236328125, queue:7.635052680969238, delay:0.25870591402053833, throughput:2489
episode:218/250, real avg travel time:516.6038569706709
Test step:218/250, travel time :403.2717391304348, rewards:-215.88699340820312, queue:5.689815044403076, delay:0.23430399596691132, throughput:3128
step:3600/3600, q_loss:150.19232177734375, rewards:-256.6581726074219, queue:6.665476322174072, delay:0.2484177201986313, throughput:2504
episode:219/250, real avg travel time:438.10303514376994
Test step:219/250, travel time :437.80613621038435, rewards:-210.478515625, queue:5.647089958190918, delay:0.22778655588626862, throughput:2966
step:3600/3600, q_loss:171.09828186035156, rewards:-189.15142822265625, queue:5.07619047164917, delay:0.2075444906949997, throughput:3141
episode:220/250, real avg travel time:396.09328239414197
Test step:220/250, travel time :449.97861195984285, rewards:-293.5286560058594, queue:7.904629707336426, delay:0.2534150183200836, throughput:2291
step:3600/3600, q_loss:165.0365753173828, rewards:-207.23007202148438, queue:5.593254089355469, delay:0.2282520979642868, throughput:2869
episode:221/250, real avg travel time:382.6291390728477
Test step:221/250, travel time :464.1417352281227, rewards:-241.19577026367188, queue:6.1042327880859375, delay:0.25483396649360657, throughput:2674
step:3600/3600, q_loss:132.78431701660156, rewards:-237.85931396484375, queue:6.135052680969238, delay:0.2426811307668686, throughput:2917
episode:222/250, real avg travel time:447.0054850874186
Test step:222/250, travel time :543.6961303462322, rewards:-324.2938537597656, queue:8.519047737121582, delay:0.267487108707428, throughput:2455
step:3600/3600, q_loss:128.6419677734375, rewards:-214.06430053710938, queue:5.685714244842529, delay:0.22836297750473022, throughput:2987
episode:223/250, real avg travel time:442.95815199196517
Test step:223/250, travel time :518.0985010706638, rewards:-303.0653381347656, queue:7.840476036071777, delay:0.25240007042884827, throughput:2335
step:3600/3600, q_loss:133.74566650390625, rewards:-212.05068969726562, queue:5.781878471374512, delay:0.22751393914222717, throughput:2981
episode:224/250, real avg travel time:409.71754444817174
Test step:224/250, travel time :548.591594335313, rewards:-274.4435729980469, queue:6.817857265472412, delay:0.2711807191371918, throughput:2189
step:3600/3600, q_loss:134.42990112304688, rewards:-203.75148010253906, queue:5.299470901489258, delay:0.22123458981513977, throughput:2767
episode:225/250, real avg travel time:401.41778099024214
Test step:225/250, travel time :503.155663915979, rewards:-242.4213104248047, queue:6.389285564422607, delay:0.246109277009964, throughput:2666
step:3600/3600, q_loss:143.69375610351562, rewards:-233.1113739013672, queue:5.890211582183838, delay:0.24005655944347382, throughput:2811
episode:226/250, real avg travel time:541.6428317324795
Test step:226/250, travel time :419.19365671641793, rewards:-271.8304138183594, queue:7.612830638885498, delay:0.24997493624687195, throughput:2680
step:3600/3600, q_loss:142.578125, rewards:-174.1773223876953, queue:4.759920597076416, delay:0.22400937974452972, throughput:3301
episode:227/250, real avg travel time:432.50408966979705
Test step:227/250, travel time :482.31237070748864, rewards:-260.9928283691406, queue:6.777910232543945, delay:0.25903043150901794, throughput:2417
step:3600/3600, q_loss:152.1385498046875, rewards:-221.5275115966797, queue:5.773015975952148, delay:0.23510897159576416, throughput:2968
episode:228/250, real avg travel time:456.60175202156336
Test step:228/250, travel time :482.103978978979, rewards:-254.29379272460938, queue:6.859788417816162, delay:0.25335806608200073, throughput:2664
step:3600/3600, q_loss:172.78280639648438, rewards:-237.59165954589844, queue:6.209259033203125, delay:0.2396877408027649, throughput:2956
episode:229/250, real avg travel time:457.8853179972936
Test step:229/250, travel time :431.50431711145995, rewards:-257.1868591308594, queue:6.5748677253723145, delay:0.24786095321178436, throughput:2548
step:3600/3600, q_loss:147.89404296875, rewards:-187.83619689941406, queue:5.0411376953125, delay:0.21598093211650848, throughput:3216
episode:230/250, real avg travel time:407.8880597014925
Test step:230/250, travel time :404.21217105263156, rewards:-210.8372344970703, queue:5.792989253997803, delay:0.2316080778837204, throughput:3040
step:3600/3600, q_loss:134.81935119628906, rewards:-187.66519165039062, queue:5.059656143188477, delay:0.2167963832616806, throughput:3221
episode:231/250, real avg travel time:428.9785780813412
Test step:231/250, travel time :544.1628184713376, rewards:-250.95518493652344, queue:6.720238208770752, delay:0.2608414888381958, throughput:2512
step:3600/3600, q_loss:127.16000366210938, rewards:-175.46246337890625, queue:4.8313493728637695, delay:0.2240431159734726, throughput:3091
episode:232/250, real avg travel time:423.6664509867357
Test step:232/250, travel time :471.1208569118836, rewards:-263.7247619628906, queue:7.127645492553711, delay:0.24768026173114777, throughput:2474
step:3600/3600, q_loss:129.1909637451172, rewards:-219.8808135986328, queue:5.81243371963501, delay:0.23626865446567535, throughput:2878
episode:233/250, real avg travel time:463.7612925642807
Test step:233/250, travel time :441.7831554878049, rewards:-228.60646057128906, queue:6.121957778930664, delay:0.23891520500183105, throughput:2624
step:3600/3600, q_loss:115.50502014160156, rewards:-214.72532653808594, queue:5.830687999725342, delay:0.2373608499765396, throughput:2796
episode:234/250, real avg travel time:439.01108726752506
Test step:234/250, travel time :396.68970144246896, rewards:-220.65542602539062, queue:5.872486591339111, delay:0.23106031119823456, throughput:2981
step:3600/3600, q_loss:115.2289810180664, rewards:-161.7517852783203, queue:4.3732805252075195, delay:0.21655844151973724, throughput:3329
episode:235/250, real avg travel time:422.35205767497746
Test step:235/250, travel time :413.5848246241947, rewards:-242.72598266601562, queue:6.614682674407959, delay:0.23812413215637207, throughput:2794
step:3600/3600, q_loss:114.93280029296875, rewards:-220.50595092773438, queue:5.640476226806641, delay:0.22159701585769653, throughput:2988
episode:236/250, real avg travel time:455.9210174029451
Test step:236/250, travel time :448.9391000775795, rewards:-249.03611755371094, queue:6.612037181854248, delay:0.25204214453697205, throughput:2578
step:3600/3600, q_loss:103.98452758789062, rewards:-271.2294006347656, queue:7.1869049072265625, delay:0.24294357001781464, throughput:2957
episode:237/250, real avg travel time:458.92560027054446
Test step:237/250, travel time :412.04776526782666, rewards:-234.19244384765625, queue:6.1461639404296875, delay:0.23633044958114624, throughput:2931
step:3600/3600, q_loss:115.97599792480469, rewards:-189.8416290283203, queue:4.921693325042725, delay:0.22154372930526733, throughput:3030
episode:238/250, real avg travel time:422.13366336633663
Test step:238/250, travel time :452.0568138195777, rewards:-241.07781982421875, queue:6.514285564422607, delay:0.2251962423324585, throughput:2605
step:3600/3600, q_loss:121.66468811035156, rewards:-187.36209106445312, queue:5.115344047546387, delay:0.2208995670080185, throughput:3164
episode:239/250, real avg travel time:399.50695322376737
Test step:239/250, travel time :411.25808580858086, rewards:-207.91189575195312, queue:5.560582160949707, delay:0.23411698639392853, throughput:3030
step:3600/3600, q_loss:117.75822448730469, rewards:-203.03741455078125, queue:5.340608596801758, delay:0.22924359142780304, throughput:2904
episode:240/250, real avg travel time:437.99517906336087
Test step:240/250, travel time :390.66459400146306, rewards:-237.79595947265625, queue:6.369709014892578, delay:0.24428443610668182, throughput:2734
step:3600/3600, q_loss:94.60633850097656, rewards:-187.44834899902344, queue:5.113227367401123, delay:0.22135281562805176, throughput:3258
episode:241/250, real avg travel time:438.3606507059546
Test step:241/250, travel time :447.00426509186354, rewards:-214.3277587890625, queue:5.646031856536865, delay:0.22217123210430145, throughput:3048
step:3600/3600, q_loss:105.08846282958984, rewards:-192.46192932128906, queue:5.205158710479736, delay:0.22535091638565063, throughput:3004
episode:242/250, real avg travel time:408.32689747003997
Test step:242/250, travel time :452.75, rewards:-237.68893432617188, queue:6.390079498291016, delay:0.24325287342071533, throughput:2900
step:3600/3600, q_loss:92.9023208618164, rewards:-190.22048950195312, queue:5.012301445007324, delay:0.21681992709636688, throughput:3135
episode:243/250, real avg travel time:453.1674641148325
Test step:243/250, travel time :366.7481969269363, rewards:-180.1134490966797, queue:4.9579362869262695, delay:0.21174949407577515, throughput:3189
step:3600/3600, q_loss:86.3623275756836, rewards:-177.41761779785156, queue:4.682010650634766, delay:0.21688155829906464, throughput:3326
episode:244/250, real avg travel time:435.65604329524956
Test step:244/250, travel time :395.8746962860118, rewards:-224.75694274902344, queue:5.992460250854492, delay:0.2432871013879776, throughput:2881
step:3600/3600, q_loss:75.14661407470703, rewards:-156.19627380371094, queue:4.214550495147705, delay:0.21450592577457428, throughput:3177
episode:245/250, real avg travel time:401.9477494491659
Test step:245/250, travel time :406.03095859753824, rewards:-232.50965881347656, queue:5.954894065856934, delay:0.24120113253593445, throughput:2681
step:3600/3600, q_loss:71.65345764160156, rewards:-179.82150268554688, queue:4.958597660064697, delay:0.22096394002437592, throughput:3129
episode:246/250, real avg travel time:376.0396292745286
Test step:246/250, travel time :417.8431304347826, rewards:-219.58860778808594, queue:5.98624324798584, delay:0.24534602463245392, throughput:2875
step:3600/3600, q_loss:70.86216735839844, rewards:-228.87249755859375, queue:6.129364967346191, delay:0.2423374354839325, throughput:2900
episode:247/250, real avg travel time:466.58206896551724
Test step:247/250, travel time :438.95790902919214, rewards:-217.3021240234375, queue:5.764418125152588, delay:0.24666745960712433, throughput:2946
step:3600/3600, q_loss:73.0908432006836, rewards:-170.1748046875, queue:4.694841384887695, delay:0.20911332964897156, throughput:3268
episode:248/250, real avg travel time:376.15391676866585
Test step:248/250, travel time :433.1524073432629, rewards:-211.7032928466797, queue:5.553307056427002, delay:0.23696263134479523, throughput:2887
step:3600/3600, q_loss:73.80536651611328, rewards:-195.40481567382812, queue:5.057275295257568, delay:0.2162781059741974, throughput:2983
episode:249/250, real avg travel time:408.6118002011398
Test step:249/250, travel time :450.0564155486756, rewards:-215.51763916015625, queue:5.92301607131958, delay:0.23363468050956726, throughput:2907
Hyperparameters saved to: data/output_data/tsc/sumo_colight/sumo1x21/cladjcontracted_sumo1x21_seed2/hyperparameters.json
Loaded best checkpoint for final evaluation
Final Travel Time is 457.8290, mean rewards: -257.7173, queue: 6.7765, delay: 0.2394, throughput: 2871
Total time taken: 19066.066446065903
