structural conditioning spec: structural_v1:in_lane_count,out_lane_count,in_degree,out_degree,node_degree,neighbor_count,phase_count,startlane_count,lanes_per_in_road,lanes_per_out_road,out_in_lane_ratio,controlled_neighbor_ratio
structural features (min/mean/max): in_lane_count[12/12.00/12] out_lane_count[12/12.00/12] in_degree[4/4.00/4] out_degree[4/4.00/4] node_degree[8/8.00/8] neighbor_count[2/3.64/4] phase_count[8/8.00/8] startlane_count[12/12.00/12] lanes_per_in_road[3/3.00/3] lanes_per_out_road[3/3.00/3] out_in_lane_ratio[1/1.00/1] controlled_neighbor_ratio[0.5/0.91/1]
step:3600/3600, q_loss:0.003743757037905815, rewards:-352.0524597167969, queue:21.573286056518555, delay:0.11637231707572937, throughput:7451
episode:0/250, real avg travel time:1601.9276842569825
Test step:0/250, travel time :1770.2404640312716, rewards:-362.6890563964844, queue:22.248640060424805, delay:0.10465200245380402, throughput:4762
New best TEST travel time 1770.2405 at episode 0, saved as best checkpoint
step:3600/3600, q_loss:0.0034957469015577695, rewards:-345.8038330078125, queue:21.194019317626953, delay:0.11648541688919067, throughput:7628
episode:1/250, real avg travel time:1592.2568564403252
step:3600/3600, q_loss:0.0034386161237633154, rewards:-350.00421142578125, queue:21.452054977416992, delay:0.11601755023002625, throughput:7663
episode:2/250, real avg travel time:1587.0767921316437
step:3600/3600, q_loss:0.003149622861284441, rewards:-343.8130798339844, queue:21.067432403564453, delay:0.11628765612840652, throughput:7754
episode:3/250, real avg travel time:1578.0403505453628
step:3600/3600, q_loss:0.0031115759511185052, rewards:-346.84716796875, queue:21.253643035888672, delay:0.11578613519668579, throughput:7785
episode:4/250, real avg travel time:1578.848622407162
step:3600/3600, q_loss:0.002850602342377785, rewards:-339.4866638183594, queue:20.80096435546875, delay:0.11494100838899612, throughput:7791
episode:5/250, real avg travel time:1566.9506336296577
Test step:5/250, travel time :1668.0752789861926, rewards:-353.2596435546875, queue:21.670719146728516, delay:0.10028468072414398, throughput:5985
New best TEST travel time 1668.0753 at episode 5, saved as best checkpoint
step:3600/3600, q_loss:0.00299753693714278, rewards:-345.7597351074219, queue:21.186691284179688, delay:0.11512160301208496, throughput:7739
episode:6/250, real avg travel time:1568.5866591009394
step:3600/3600, q_loss:0.0029109261303358236, rewards:-344.83837890625, queue:21.129322052001953, delay:0.11459116637706757, throughput:7913
episode:7/250, real avg travel time:1564.2583695857763
step:3600/3600, q_loss:0.002732827218916313, rewards:-339.6194152832031, queue:20.811111450195312, delay:0.11397956311702728, throughput:8051
episode:8/250, real avg travel time:1551.9477334342098
step:3600/3600, q_loss:0.002625171415634269, rewards:-333.6107177734375, queue:20.437570571899414, delay:0.11349162459373474, throughput:8015
episode:9/250, real avg travel time:1540.3913372422924
step:3600/3600, q_loss:0.002594437089426742, rewards:-334.3341979980469, queue:20.485332489013672, delay:0.11358374357223511, throughput:8150
episode:10/250, real avg travel time:1536.4200870058635
Test step:10/250, travel time :1685.6168589622343, rewards:-349.5868835449219, queue:21.44377899169922, delay:0.1043981984257698, throughput:5941
step:3600/3600, q_loss:0.0024540102379511535, rewards:-328.09771728515625, queue:20.100425720214844, delay:0.11219549924135208, throughput:8198
episode:11/250, real avg travel time:1521.3966332513712
step:3600/3600, q_loss:0.0023614512049351575, rewards:-328.9397277832031, queue:20.15196990966797, delay:0.11095881462097168, throughput:8254
episode:12/250, real avg travel time:1514.5985120736398
step:3600/3600, q_loss:0.0021857591856121556, rewards:-317.02337646484375, queue:19.418607711791992, delay:0.11035909503698349, throughput:8264
episode:13/250, real avg travel time:1498.4072252695291
step:3600/3600, q_loss:0.002270189596822968, rewards:-325.5042419433594, queue:19.938308715820312, delay:0.11025325953960419, throughput:8233
episode:14/250, real avg travel time:1505.097408738415
step:3600/3600, q_loss:0.0022611638979503404, rewards:-326.3421325683594, queue:19.991071701049805, delay:0.11061716824769974, throughput:8331
episode:15/250, real avg travel time:1489.2212344744971
Test step:15/250, travel time :1653.9571275455519, rewards:-390.07891845703125, queue:23.926742553710938, delay:0.12629084289073944, throughput:7834
New best TEST travel time 1653.9571 at episode 15, saved as best checkpoint
step:3600/3600, q_loss:0.0023242222947171993, rewards:-329.8906555175781, queue:20.211069107055664, delay:0.10933636128902435, throughput:8155
episode:16/250, real avg travel time:1495.7231574301748
step:3600/3600, q_loss:0.002050439812053271, rewards:-320.9640197753906, queue:19.657058715820312, delay:0.10969709604978561, throughput:8370
episode:17/250, real avg travel time:1476.7716411323372
step:3600/3600, q_loss:0.0020100227723840944, rewards:-323.760986328125, queue:19.829904556274414, delay:0.10938724875450134, throughput:8346
episode:18/250, real avg travel time:1486.031649959019
step:3600/3600, q_loss:0.0019321328185694178, rewards:-320.80780029296875, queue:19.64820098876953, delay:0.10973270982503891, throughput:8454
episode:19/250, real avg travel time:1469.6046277031712
step:3600/3600, q_loss:0.001806130322029837, rewards:-319.1632995605469, queue:19.54481315612793, delay:0.10859489440917969, throughput:8520
episode:20/250, real avg travel time:1455.6613076098606
Test step:20/250, travel time :1596.7621839732678, rewards:-387.8013000488281, queue:23.785686492919922, delay:0.13400159776210785, throughput:8024
New best TEST travel time 1596.7622 at episode 20, saved as best checkpoint
step:3600/3600, q_loss:0.0018591836135098596, rewards:-318.1243591308594, queue:19.484580993652344, delay:0.10878752171993256, throughput:8393
episode:21/250, real avg travel time:1459.3113927242923
step:3600/3600, q_loss:0.0017662736058327152, rewards:-318.3406982421875, queue:19.4960880279541, delay:0.10730889439582825, throughput:8540
episode:22/250, real avg travel time:1447.0363154908266
step:3600/3600, q_loss:0.0015321586454965543, rewards:-305.50146484375, queue:18.704307556152344, delay:0.10504752397537231, throughput:8651
episode:23/250, real avg travel time:1422.3508606014752
step:3600/3600, q_loss:0.0016072214707548234, rewards:-311.4781494140625, queue:19.071386337280273, delay:0.1070333868265152, throughput:8724
episode:24/250, real avg travel time:1435.018472984049
step:3600/3600, q_loss:0.001595213899480892, rewards:-304.6788330078125, queue:18.655725479125977, delay:0.10580290853977203, throughput:8761
episode:25/250, real avg travel time:1417.252821385789
Test step:25/250, travel time :1416.1189710610931, rewards:-328.12066650390625, queue:20.115192413330078, delay:0.12976044416427612, throughput:9535
New best TEST travel time 1416.1190 at episode 25, saved as best checkpoint
step:3600/3600, q_loss:0.0014880056349261676, rewards:-302.03668212890625, queue:18.491397857666016, delay:0.10245183110237122, throughput:8826
episode:26/250, real avg travel time:1406.5175587920055
step:3600/3600, q_loss:0.0014437512744701019, rewards:-290.8474426269531, queue:17.801870346069336, delay:0.10369694232940674, throughput:8829
episode:27/250, real avg travel time:1385.8619254775865
step:3600/3600, q_loss:0.0015061617936697547, rewards:-301.9923095703125, queue:18.489980697631836, delay:0.10426169633865356, throughput:8807
episode:28/250, real avg travel time:1404.9894710295694
step:3600/3600, q_loss:0.0014590856382036927, rewards:-295.44769287109375, queue:18.08775520324707, delay:0.10381849110126495, throughput:8803
episode:29/250, real avg travel time:1381.533383771515
step:3600/3600, q_loss:0.0014457530100588445, rewards:-287.8584899902344, queue:17.621938705444336, delay:0.1029341071844101, throughput:8834
episode:30/250, real avg travel time:1375.3717293991551
Test step:30/250, travel time :1449.2340331631044, rewards:-329.1853942871094, queue:20.17487335205078, delay:0.1270294189453125, throughput:8732
