structural conditioning spec: structural_v1+ext:in_lane_count,out_lane_count,in_degree,out_degree,node_degree,phase_count,startlane_count,lanes_per_in_road,lanes_per_out_road,out_in_lane_ratio,contracted_neighbor_count,contracted_neighbor_ratio
structural features (min/mean/max): in_lane_count[4/7.43/14] out_lane_count[3/5.10/8] in_degree[3/3.19/4] out_degree[2/3.24/4] node_degree[5/6.43/8] phase_count[2/3.19/4] startlane_count[4/7.43/14] lanes_per_in_road[1.33333/2.33/4] lanes_per_out_road[1/1.59/2.33333] out_in_lane_ratio[0.5/0.70/1] contracted_neighbor_count[0/6.81/13] contracted_neighbor_ratio[0/2.10/4]
step:3600/3600, q_loss:0.00043842201121151446, rewards:-13.789361000061035, queue:4.021693229675293, delay:0.23219381272792816, throughput:3826
episode:0/250, real avg travel time:316.58912702561423
Test step:0/250, travel time :775.2350597609561, rewards:-42.49831771850586, queue:13.056746482849121, delay:0.3550630211830139, throughput:753
New best TEST travel time 775.2351 at episode 0, saved as best checkpoint
step:3600/3600, q_loss:0.0004012668621726334, rewards:-11.775884628295898, queue:3.6205027103424072, delay:0.21278108656406403, throughput:3939
episode:1/250, real avg travel time:324.51561309977154
step:3600/3600, q_loss:0.00023520841884116332, rewards:-11.955611228942871, queue:3.629232883453369, delay:0.2197154462337494, throughput:3815
episode:2/250, real avg travel time:304.49384010484926
step:3600/3600, q_loss:0.00015731288731331007, rewards:-10.30891227722168, queue:3.226719617843628, delay:0.20242193341255188, throughput:3957
episode:3/250, real avg travel time:294.5779631033611
step:3600/3600, q_loss:0.0001246212889479163, rewards:-9.404779434204102, queue:3.0085978507995605, delay:0.19784951210021973, throughput:3897
episode:4/250, real avg travel time:290.7518604054401
step:3600/3600, q_loss:0.00015011338255135342, rewards:-9.881019592285156, queue:3.1435184478759766, delay:0.19889210164546967, throughput:3880
episode:5/250, real avg travel time:305.6582474226804
Test step:5/250, travel time :597.7213836477987, rewards:-39.90880584716797, queue:11.676719665527344, delay:0.36350759863853455, throughput:1590
New best TEST travel time 597.7214 at episode 5, saved as best checkpoint
step:3600/3600, q_loss:7.263412731440945e-05, rewards:-8.329169273376465, queue:2.7333333492279053, delay:0.18627318739891052, throughput:4017
episode:6/250, real avg travel time:273.6079163554892
step:3600/3600, q_loss:7.781864842399955e-05, rewards:-8.382619857788086, queue:2.727116346359253, delay:0.18806393444538116, throughput:3977
episode:7/250, real avg travel time:272.01659542368617
step:3600/3600, q_loss:5.78688426887513e-05, rewards:-7.523038864135742, queue:2.4800264835357666, delay:0.17815080285072327, throughput:3986
episode:8/250, real avg travel time:258.8256397390868
step:3600/3600, q_loss:3.31925807080956e-05, rewards:-6.9285454750061035, queue:2.3664021492004395, delay:0.1767333447933197, throughput:3999
episode:9/250, real avg travel time:255.41160290072517
step:3600/3600, q_loss:0.00010408353749274587, rewards:-8.274044036865234, queue:2.701984167098999, delay:0.1841762512922287, throughput:4021
episode:10/250, real avg travel time:303.49614523750313
Test step:10/250, travel time :251.95962490231832, rewards:-8.014278411865234, queue:2.8736772537231445, delay:0.1718371957540512, throughput:3839
New best TEST travel time 251.9596 at episode 10, saved as best checkpoint
step:3600/3600, q_loss:1.401979970978573e-05, rewards:-5.888693809509277, queue:2.054100513458252, delay:0.1612296998500824, throughput:4005
episode:11/250, real avg travel time:251.54506866416978
step:3600/3600, q_loss:2.278439270513546e-05, rewards:-6.149452209472656, queue:2.1214284896850586, delay:0.16532008349895477, throughput:4003
episode:12/250, real avg travel time:240.2687984011991
step:3600/3600, q_loss:1.814782315502978e-05, rewards:-5.905805587768555, queue:2.032804250717163, delay:0.1597016602754593, throughput:4004
episode:13/250, real avg travel time:250.60814185814186
step:3600/3600, q_loss:1.9029118185345496e-05, rewards:-6.163148880004883, queue:2.157407522201538, delay:0.1625560075044632, throughput:4021
episode:14/250, real avg travel time:250.17234518776425
step:3600/3600, q_loss:1.7562642218157027e-05, rewards:-5.281914710998535, queue:1.8605819940567017, delay:0.1512458324432373, throughput:4011
episode:15/250, real avg travel time:239.854400398903
Test step:15/250, travel time :251.95962490231832, rewards:-8.014278411865234, queue:2.8736772537231445, delay:0.1718371957540512, throughput:3839
step:3600/3600, q_loss:2.605749784076276e-05, rewards:-5.830795764923096, queue:2.019444465637207, delay:0.15738444030284882, throughput:4047
episode:16/250, real avg travel time:241.09809735606623
step:3600/3600, q_loss:2.2093321927564427e-05, rewards:-5.694207191467285, queue:1.9652116298675537, delay:0.15770870447158813, throughput:4034
episode:17/250, real avg travel time:242.02478929102628
step:3600/3600, q_loss:1.814836464796422e-05, rewards:-5.557790279388428, queue:2.0104496479034424, delay:0.1567947417497635, throughput:4009
episode:18/250, real avg travel time:251.75355450236967
step:3600/3600, q_loss:6.493294527495486e-05, rewards:-5.701309680938721, queue:1.936904788017273, delay:0.15436123311519623, throughput:3989
episode:19/250, real avg travel time:249.96440210579092
step:3600/3600, q_loss:3.3916174369450247e-05, rewards:-5.3900146484375, queue:1.9260581731796265, delay:0.1572420597076416, throughput:3995
episode:20/250, real avg travel time:246.05982478097621
Test step:20/250, travel time :245.47593167701862, rewards:-8.071410179138184, queue:2.8718254566192627, delay:0.17898891866207123, throughput:3864
New best TEST travel time 245.4759 at episode 20, saved as best checkpoint
step:3600/3600, q_loss:1.1392220120695938e-05, rewards:-5.126291751861572, queue:1.8727513551712036, delay:0.15421780943870544, throughput:4030
episode:21/250, real avg travel time:244.25409429280398
step:3600/3600, q_loss:1.4789216705442716e-05, rewards:-5.026928901672363, queue:1.810185194015503, delay:0.15502257645130157, throughput:4015
episode:22/250, real avg travel time:230.36562889165629
step:3600/3600, q_loss:8.713522725479884e-07, rewards:-4.810268878936768, queue:1.750793695449829, delay:0.15491895377635956, throughput:4021
episode:23/250, real avg travel time:232.18751554339715
step:3600/3600, q_loss:2.9827369790938167e-05, rewards:-5.07370662689209, queue:1.7529100179672241, delay:0.1530277132987976, throughput:3987
episode:24/250, real avg travel time:240.51040882869324
step:3600/3600, q_loss:7.436078562427105e-06, rewards:-5.03917932510376, queue:1.7879629135131836, delay:0.1546076536178589, throughput:4046
episode:25/250, real avg travel time:235.061789421651
Test step:25/250, travel time :255.00282849061455, rewards:-8.050533294677734, queue:2.9002645015716553, delay:0.17929592728614807, throughput:3889
step:3600/3600, q_loss:0.00010152804793000946, rewards:-6.135833263397217, queue:1.9658730030059814, delay:0.16066612303256989, throughput:4014
episode:26/250, real avg travel time:255.57673143996013
step:3600/3600, q_loss:1.2258022535307747e-05, rewards:-5.109376430511475, queue:1.758994698524475, delay:0.15203985571861267, throughput:4050
episode:27/250, real avg travel time:240.23012345679012
step:3600/3600, q_loss:1.0928016207698318e-05, rewards:-5.0431060791015625, queue:1.7928571701049805, delay:0.1529422402381897, throughput:4043
episode:28/250, real avg travel time:238.5424189957952
step:3600/3600, q_loss:3.275237880491962e-06, rewards:-4.487180233001709, queue:1.6288360357284546, delay:0.15030942857265472, throughput:4032
episode:29/250, real avg travel time:228.92410714285714
step:3600/3600, q_loss:-7.1755951567966906e-06, rewards:-4.455906391143799, queue:1.5980159044265747, delay:0.15081991255283356, throughput:4048
episode:30/250, real avg travel time:229.0820158102767
Test step:30/250, travel time :249.06483402489627, rewards:-8.175874710083008, queue:2.8878307342529297, delay:0.18139135837554932, throughput:3856
step:3600/3600, q_loss:5.877340542307744e-06, rewards:-4.951340198516846, queue:1.7009259462356567, delay:0.1572156846523285, throughput:4041
episode:31/250, real avg travel time:227.95372432566197
step:3600/3600, q_loss:-5.89878618484363e-07, rewards:-4.597054481506348, queue:1.6326719522476196, delay:0.15368621051311493, throughput:4042
episode:32/250, real avg travel time:227.00618505690252
step:3600/3600, q_loss:-1.8220784517729448e-07, rewards:-4.953869819641113, queue:1.6883597373962402, delay:0.15847048163414001, throughput:4044
episode:33/250, real avg travel time:223.79549950544015
step:3600/3600, q_loss:9.925279300659895e-06, rewards:-4.734975337982178, queue:1.6641534566879272, delay:0.15337011218070984, throughput:4043
episode:34/250, real avg travel time:225.07370764283948
step:3600/3600, q_loss:-6.201498844246898e-06, rewards:-4.328375816345215, queue:1.520370364189148, delay:0.15110541880130768, throughput:4052
episode:35/250, real avg travel time:220.39091806515302
Test step:35/250, travel time :240.23695380774032, rewards:-7.318561553955078, queue:2.6317460536956787, delay:0.1610773652791977, throughput:4005
New best TEST travel time 240.2370 at episode 35, saved as best checkpoint
step:3600/3600, q_loss:1.7587530682148e-05, rewards:-4.713254451751709, queue:1.6212962865829468, delay:0.1581851691007614, throughput:4047
episode:36/250, real avg travel time:226.53101062515444
step:3600/3600, q_loss:-8.93909640985334e-06, rewards:-4.43891716003418, queue:1.5507936477661133, delay:0.15664738416671753, throughput:4045
episode:37/250, real avg travel time:218.69592088998763
step:3600/3600, q_loss:5.783162810581012e-06, rewards:-4.594474792480469, queue:1.6253968477249146, delay:0.15329283475875854, throughput:4040
episode:38/250, real avg travel time:224.63440594059406
step:3600/3600, q_loss:-3.470865986956697e-06, rewards:-4.038668632507324, queue:1.442989468574524, delay:0.15058301389217377, throughput:4060
episode:39/250, real avg travel time:212.2396551724138
step:3600/3600, q_loss:-5.596993812812596e-06, rewards:-3.968362331390381, queue:1.4261904954910278, delay:0.147489532828331, throughput:4056
episode:40/250, real avg travel time:213.50246548323472
Test step:40/250, travel time :225.31203381402287, rewards:-6.810725212097168, queue:2.4784390926361084, delay:0.15821100771427155, throughput:4022
New best TEST travel time 225.3120 at episode 40, saved as best checkpoint
step:3600/3600, q_loss:-9.319828475579723e-06, rewards:-3.951667547225952, queue:1.4277777671813965, delay:0.14577063918113708, throughput:4061
episode:41/250, real avg travel time:211.0549125831076
step:3600/3600, q_loss:-7.121416112770223e-06, rewards:-3.9508142471313477, queue:1.4346561431884766, delay:0.1465206742286682, throughput:4054
episode:42/250, real avg travel time:212.38603848051306
step:3600/3600, q_loss:-2.02281597820628e-06, rewards:-4.312690258026123, queue:1.565740704536438, delay:0.1516593098640442, throughput:4001
episode:43/250, real avg travel time:212.59685078730317
step:3600/3600, q_loss:-8.198240539059044e-06, rewards:-3.659893751144409, queue:1.3705025911331177, delay:0.1475396752357483, throughput:4042
episode:44/250, real avg travel time:209.3908955962395
step:3600/3600, q_loss:9.991374180471111e-06, rewards:-4.685603618621826, queue:1.6411375999450684, delay:0.15305885672569275, throughput:4063
episode:45/250, real avg travel time:220.3522028058085
Test step:45/250, travel time :219.8772365805169, rewards:-6.512518882751465, queue:2.4063491821289062, delay:0.165067657828331, throughput:4024
New best TEST travel time 219.8772 at episode 45, saved as best checkpoint
step:3600/3600, q_loss:-8.508324309433292e-06, rewards:-3.719454288482666, queue:1.3962962627410889, delay:0.14667493104934692, throughput:4058
episode:46/250, real avg travel time:210.3156727451947
step:3600/3600, q_loss:-9.062599080304305e-06, rewards:-3.7364814281463623, queue:1.3984127044677734, delay:0.1443643569946289, throughput:4068
episode:47/250, real avg travel time:211.59488692232054
step:3600/3600, q_loss:1.5882472831031515e-05, rewards:-4.28061580657959, queue:1.5806878805160522, delay:0.1461033970117569, throughput:4069
episode:48/250, real avg travel time:212.4580978127304
step:3600/3600, q_loss:-8.305365594828294e-06, rewards:-3.8667054176330566, queue:1.4365079402923584, delay:0.14390884339809418, throughput:4069
episode:49/250, real avg travel time:209.99041533546327
step:3600/3600, q_loss:1.827972381660301e-06, rewards:-4.118013381958008, queue:1.4617724418640137, delay:0.14819195866584778, throughput:4070
episode:50/250, real avg travel time:214.0103194103194
Test step:50/250, travel time :214.22094188376752, rewards:-6.654336929321289, queue:2.396693229675293, delay:0.1700824499130249, throughput:3992
New best TEST travel time 214.2209 at episode 50, saved as best checkpoint
step:3600/3600, q_loss:4.288356212782674e-05, rewards:-4.6477580070495605, queue:1.708994746208191, delay:0.14970123767852783, throughput:4057
episode:51/250, real avg travel time:218.1557801331033
step:3600/3600, q_loss:-7.926045307410984e-06, rewards:-3.585688352584839, queue:1.3460317850112915, delay:0.14464914798736572, throughput:4048
episode:52/250, real avg travel time:204.49950592885375
step:3600/3600, q_loss:-7.79362134279735e-06, rewards:-3.4755380153656006, queue:1.3047618865966797, delay:0.14140008389949799, throughput:4066
episode:53/250, real avg travel time:208.39768814559764
step:3600/3600, q_loss:-8.03553872780564e-06, rewards:-3.628556966781616, queue:1.3492063283920288, delay:0.14281487464904785, throughput:4068
episode:54/250, real avg travel time:207.49803343166175
step:3600/3600, q_loss:-5.519050965732378e-06, rewards:-3.8790836334228516, queue:1.45462965965271, delay:0.14995351433753967, throughput:4058
episode:55/250, real avg travel time:217.70330211927057
Test step:55/250, travel time :221.71024559662615, rewards:-6.67830753326416, queue:2.4113757610321045, delay:0.16623002290725708, throughput:4031
step:3600/3600, q_loss:-1.1347841589465841e-05, rewards:-3.570958137512207, queue:1.3402116298675537, delay:0.14401759207248688, throughput:4075
episode:56/250, real avg travel time:205.2238036809816
step:3600/3600, q_loss:-9.7789566401237e-06, rewards:-3.526789665222168, queue:1.3085979223251343, delay:0.14161545038223267, throughput:4065
episode:57/250, real avg travel time:207.99138991389913
step:3600/3600, q_loss:-9.461621650391155e-06, rewards:-3.650073528289795, queue:1.3222222328186035, delay:0.14499132335186005, throughput:4070
episode:58/250, real avg travel time:210.4164619164619
step:3600/3600, q_loss:-6.618580664508045e-06, rewards:-3.856764793395996, queue:1.3962962627410889, delay:0.14536979794502258, throughput:4064
episode:59/250, real avg travel time:212.51870078740157
step:3600/3600, q_loss:3.774557521359788e-05, rewards:-4.4735260009765625, queue:1.4908729791641235, delay:0.14759162068367004, throughput:4056
episode:60/250, real avg travel time:222.07988165680473
Test step:60/250, travel time :226.39891250617893, rewards:-6.040547847747803, queue:2.15925931930542, delay:0.16435377299785614, throughput:4046
step:3600/3600, q_loss:-2.128047668116374e-06, rewards:-3.556973934173584, queue:1.3326719999313354, delay:0.14160360395908356, throughput:4059
episode:61/250, real avg travel time:208.66592756836658
step:3600/3600, q_loss:-1.099796637491737e-05, rewards:-3.3494482040405273, queue:1.2719576358795166, delay:0.1385461837053299, throughput:4071
episode:62/250, real avg travel time:206.05428641611397
step:3600/3600, q_loss:-2.573710096637822e-06, rewards:-3.360642433166504, queue:1.292724847793579, delay:0.14116059243679047, throughput:4066
episode:63/250, real avg travel time:205.57648794884406
step:3600/3600, q_loss:-5.686987100893424e-07, rewards:-3.7749226093292236, queue:1.3841270208358765, delay:0.1458192765712738, throughput:4058
episode:64/250, real avg travel time:215.52242483982258
step:3600/3600, q_loss:-1.9076862372457983e-06, rewards:-3.3423171043395996, queue:1.2751322984695435, delay:0.13792136311531067, throughput:4071
episode:65/250, real avg travel time:204.11569638909359
Test step:65/250, travel time :207.43855302279485, rewards:-4.683460712432861, queue:1.7406084537506104, delay:0.14581628143787384, throughput:4036
New best TEST travel time 207.4386 at episode 65, saved as best checkpoint
step:3600/3600, q_loss:4.810290233257951e-06, rewards:-3.3675599098205566, queue:1.2402116060256958, delay:0.13806544244289398, throughput:4067
episode:66/250, real avg travel time:205.21735923284976
step:3600/3600, q_loss:-3.249848103021375e-06, rewards:-3.154428720474243, queue:1.2133598327636719, delay:0.13674037158489227, throughput:4067
episode:67/250, real avg travel time:204.62994836488812
step:3600/3600, q_loss:4.4820645497465095e-06, rewards:-3.418123960494995, queue:1.28253972530365, delay:0.14022840559482574, throughput:4072
episode:68/250, real avg travel time:207.49901768172887
step:3600/3600, q_loss:-1.954684800390775e-07, rewards:-3.303652048110962, queue:1.2382274866104126, delay:0.13737338781356812, throughput:4064
episode:69/250, real avg travel time:207.99950787401573
step:3600/3600, q_loss:-2.471991036953922e-06, rewards:-3.1431078910827637, queue:1.2091269493103027, delay:0.1359543353319168, throughput:4070
episode:70/250, real avg travel time:206.7
Test step:70/250, travel time :204.25955334987594, rewards:-3.790692090988159, queue:1.4738094806671143, delay:0.1411692202091217, throughput:4030
New best TEST travel time 204.2596 at episode 70, saved as best checkpoint
step:3600/3600, q_loss:5.508150004768848e-06, rewards:-3.3359181880950928, queue:1.24828040599823, delay:0.14040060341358185, throughput:4072
episode:71/250, real avg travel time:207.6078094302554
step:3600/3600, q_loss:-9.580421546060178e-07, rewards:-3.4200055599212646, queue:1.2687830924987793, delay:0.1366744488477707, throughput:4064
episode:72/250, real avg travel time:205.15231299212599
step:3600/3600, q_loss:3.2106327125802636e-06, rewards:-3.3467013835906982, queue:1.2608466148376465, delay:0.14013518393039703, throughput:4068
episode:73/250, real avg travel time:210.97885939036382
step:3600/3600, q_loss:-1.0580714539779971e-06, rewards:-3.268775463104248, queue:1.2494709491729736, delay:0.1387210190296173, throughput:4058
episode:74/250, real avg travel time:206.3903400689995
step:3600/3600, q_loss:2.4414681926524886e-06, rewards:-3.0691704750061035, queue:1.1787036657333374, delay:0.1325172632932663, throughput:4075
episode:75/250, real avg travel time:207.08981595092024
Test step:75/250, travel time :221.82866043613708, rewards:-4.6888556480407715, queue:1.7034391164779663, delay:0.14890974760055542, throughput:3852
step:3600/3600, q_loss:-3.007151988438434e-06, rewards:-3.0123205184936523, queue:1.167724847793579, delay:0.13524813950061798, throughput:4063
episode:76/250, real avg travel time:203.27393551562884
step:3600/3600, q_loss:-7.95507286157873e-06, rewards:-3.1901094913482666, queue:1.2281745672225952, delay:0.13426081836223602, throughput:4073
episode:77/250, real avg travel time:205.44438988460595
step:3600/3600, q_loss:-7.020167726699987e-06, rewards:-2.9417481422424316, queue:1.169179916381836, delay:0.13367959856987, throughput:4066
episode:78/250, real avg travel time:203.62838170191836
step:3600/3600, q_loss:0.00013852785454623195, rewards:-6.135621547698975, queue:1.8870370388031006, delay:0.16019095480442047, throughput:4062
episode:79/250, real avg travel time:275.45445593303793
step:3600/3600, q_loss:1.0666438740574652e-05, rewards:-3.5448191165924072, queue:1.337830662727356, delay:0.13999857008457184, throughput:4070
episode:80/250, real avg travel time:213.43562653562654
Test step:80/250, travel time :239.77689440993788, rewards:-4.216670989990234, queue:1.491269826889038, delay:0.1419025957584381, throughput:4025
step:3600/3600, q_loss:-1.1440613484915552e-06, rewards:-3.2036728858947754, queue:1.2317460775375366, delay:0.13448435068130493, throughput:4077
episode:81/250, real avg travel time:209.15477066470444
step:3600/3600, q_loss:-6.266119129981639e-06, rewards:-3.081631898880005, queue:1.2112433910369873, delay:0.13462400436401367, throughput:4058
episode:82/250, real avg travel time:205.11138491867916
step:3600/3600, q_loss:-5.74362064879905e-06, rewards:-3.0839195251464844, queue:1.1916667222976685, delay:0.1353750079870224, throughput:4058
episode:83/250, real avg travel time:205.64810251355348
step:3600/3600, q_loss:-6.739783000537298e-06, rewards:-3.051840305328369, queue:1.1846561431884766, delay:0.13467690348625183, throughput:4067
episode:84/250, real avg travel time:202.85542168674698
step:3600/3600, q_loss:-9.650522163913895e-07, rewards:-2.7409589290618896, queue:1.104629635810852, delay:0.12961064279079437, throughput:4078
episode:85/250, real avg travel time:202.89847964688573
Test step:85/250, travel time :203.508579955235, rewards:-3.1153008937835693, queue:1.210185170173645, delay:0.13335585594177246, throughput:4021
New best TEST travel time 203.5086 at episode 85, saved as best checkpoint
step:3600/3600, q_loss:-7.806267482616629e-06, rewards:-2.8074710369110107, queue:1.115079402923584, delay:0.13110992312431335, throughput:4061
episode:86/250, real avg travel time:201.16769268653042
step:3600/3600, q_loss:-5.61010092496872e-06, rewards:-2.8046681880950928, queue:1.1071428060531616, delay:0.13114458322525024, throughput:4070
episode:87/250, real avg travel time:201.7798525798526
step:3600/3600, q_loss:-4.125740269955714e-06, rewards:-3.0312132835388184, queue:1.1567460298538208, delay:0.13464172184467316, throughput:4070
episode:88/250, real avg travel time:206.94668304668303
step:3600/3600, q_loss:-4.536814473491783e-06, rewards:-3.1104609966278076, queue:1.1906085014343262, delay:0.13638563454151154, throughput:4058
episode:89/250, real avg travel time:214.79866929521933
step:3600/3600, q_loss:-7.038860429828573e-06, rewards:-2.859297752380371, queue:1.1054233312606812, delay:0.13127095997333527, throughput:4075
episode:90/250, real avg travel time:208.4083435582822
Test step:90/250, travel time :216.61317483902923, rewards:-3.474520206451416, queue:1.3251322507858276, delay:0.13382285833358765, throughput:4038
step:3600/3600, q_loss:-9.440036471157025e-06, rewards:-2.928260326385498, queue:1.118915319442749, delay:0.13041408360004425, throughput:4074
episode:91/250, real avg travel time:203.7916053019146
step:3600/3600, q_loss:2.616795124292063e-06, rewards:-2.7528765201568604, queue:1.1062169075012207, delay:0.13256879150867462, throughput:4075
episode:92/250, real avg travel time:202.3921472392638
step:3600/3600, q_loss:3.011360240634531e-06, rewards:-2.7149746417999268, queue:1.0902116298675537, delay:0.12989996373653412, throughput:4076
episode:93/250, real avg travel time:202.45976447497546
step:3600/3600, q_loss:2.6858534207955626e-06, rewards:-2.977839469909668, queue:1.148280382156372, delay:0.1330491304397583, throughput:4078
episode:94/250, real avg travel time:207.21677292790582
step:3600/3600, q_loss:5.568784601766513e-06, rewards:-2.749274492263794, queue:1.0949735641479492, delay:0.12974806129932404, throughput:4073
episode:95/250, real avg travel time:201.47139700466488
Test step:95/250, travel time :223.03583786455758, rewards:-3.9502148628234863, queue:1.3746031522750854, delay:0.14137132465839386, throughput:4046
step:3600/3600, q_loss:2.575343278294895e-05, rewards:-3.254936456680298, queue:1.2294973134994507, delay:0.13465803861618042, throughput:3961
episode:96/250, real avg travel time:216.40722039888917
step:3600/3600, q_loss:5.386349989243576e-06, rewards:-3.184339761734009, queue:1.1779100894927979, delay:0.13209456205368042, throughput:4082
episode:97/250, real avg travel time:212.2689857912788
step:3600/3600, q_loss:6.774807035172772e-06, rewards:-2.9632272720336914, queue:1.1599206924438477, delay:0.13342106342315674, throughput:4077
episode:98/250, real avg travel time:213.47633063527104
step:3600/3600, q_loss:1.9457712268275725e-06, rewards:-3.105858087539673, queue:1.1605820655822754, delay:0.13237854838371277, throughput:4068
episode:99/250, real avg travel time:213.79105211406096
step:3600/3600, q_loss:6.126047244631789e-05, rewards:-3.6310105323791504, queue:1.2813491821289062, delay:0.1321525275707245, throughput:4075
episode:100/250, real avg travel time:216.38036809815952
Test step:100/250, travel time :213.3882912184138, rewards:-3.001084089279175, queue:1.138359785079956, delay:0.13311627507209778, throughput:3997
step:3600/3600, q_loss:5.976973948741539e-06, rewards:-2.902129888534546, queue:1.1112433671951294, delay:0.12883244454860687, throughput:4074
episode:101/250, real avg travel time:207.95385370643103
step:3600/3600, q_loss:-3.1289242744807983e-06, rewards:-2.865084409713745, queue:1.0814814567565918, delay:0.13038426637649536, throughput:3997
episode:102/250, real avg travel time:207.69251938954216
step:3600/3600, q_loss:7.240763605093687e-06, rewards:-3.13458514213562, queue:1.1502645015716553, delay:0.13389050960540771, throughput:4051
episode:103/250, real avg travel time:213.56726734139718
step:3600/3600, q_loss:2.2705974374225158e-05, rewards:-2.644334554672241, queue:1.0578042268753052, delay:0.12673459947109222, throughput:4075
episode:104/250, real avg travel time:203.77938650306749
step:3600/3600, q_loss:6.896349805174395e-06, rewards:-2.832418918609619, queue:1.0783069133758545, delay:0.13129843771457672, throughput:4045
episode:105/250, real avg travel time:207.82224969097652
Test step:105/250, travel time :233.5033889468196, rewards:-5.206719875335693, queue:1.8268518447875977, delay:0.15364564955234528, throughput:3836
step:3600/3600, q_loss:4.574379312948117e-06, rewards:-2.9841012954711914, queue:1.112433910369873, delay:0.1328270137310028, throughput:4077
episode:106/250, real avg travel time:212.52219769438312
step:3600/3600, q_loss:1.944963983583471e-05, rewards:-2.954617977142334, queue:1.1183862686157227, delay:0.13233835995197296, throughput:4064
episode:107/250, real avg travel time:209.3314468503937
step:3600/3600, q_loss:7.730021429274024e-06, rewards:-2.87485933303833, queue:1.0802910327911377, delay:0.12764671444892883, throughput:4048
episode:108/250, real avg travel time:208.33300395256916
step:3600/3600, q_loss:-4.1946816862845375e-06, rewards:-2.7708215713500977, queue:1.0607142448425293, delay:0.12851564586162567, throughput:4002
episode:109/250, real avg travel time:207.32458770614693
step:3600/3600, q_loss:-3.2570371937860424e-06, rewards:-3.100738525390625, queue:1.120634913444519, delay:0.13380900025367737, throughput:3973
episode:110/250, real avg travel time:210.6654920714825
Test step:110/250, travel time :242.59486114715807, rewards:-5.6616315841674805, queue:1.8960317373275757, delay:0.1567688137292862, throughput:3853
step:3600/3600, q_loss:2.2532186994794758e-05, rewards:-3.025444269180298, queue:1.1123015880584717, delay:0.13429713249206543, throughput:3972
episode:111/250, real avg travel time:213.93328298086607
step:3600/3600, q_loss:3.2974461646517738e-06, rewards:-2.842690944671631, queue:1.0699735879898071, delay:0.1295645833015442, throughput:3997
episode:112/250, real avg travel time:213.3832874655992
step:3600/3600, q_loss:5.436292202729318e-06, rewards:-3.001344919204712, queue:1.1138888597488403, delay:0.12944799661636353, throughput:4036
episode:113/250, real avg travel time:214.25272547076312
step:3600/3600, q_loss:5.097314796229411e-06, rewards:-3.0791757106781006, queue:1.12328040599823, delay:0.13011562824249268, throughput:4077
episode:114/250, real avg travel time:213.5533480500368
step:3600/3600, q_loss:9.993945503891963e-06, rewards:-3.004984140396118, queue:1.099074125289917, delay:0.1299763321876526, throughput:4012
episode:115/250, real avg travel time:213.71535393818544
Test step:115/250, travel time :220.32311621966795, rewards:-3.3448452949523926, queue:1.2392857074737549, delay:0.13242509961128235, throughput:3915
step:3600/3600, q_loss:2.069208090284115e-06, rewards:-2.6931345462799072, queue:1.0515873432159424, delay:0.12830129265785217, throughput:4077
episode:116/250, real avg travel time:205.44885945548197
step:3600/3600, q_loss:6.967578277302285e-08, rewards:-2.7051408290863037, queue:1.032010555267334, delay:0.1259288340806961, throughput:4020
episode:117/250, real avg travel time:207.68084577114428
step:3600/3600, q_loss:2.999243911795525e-06, rewards:-2.8443539142608643, queue:1.086904764175415, delay:0.12738604843616486, throughput:4061
episode:118/250, real avg travel time:207.03348928835263
step:3600/3600, q_loss:-3.226086846552789e-07, rewards:-2.673140525817871, queue:1.0296295881271362, delay:0.12756574153900146, throughput:4005
episode:119/250, real avg travel time:207.9118601747815
step:3600/3600, q_loss:8.688073770220701e-06, rewards:-2.9769978523254395, queue:1.0996031761169434, delay:0.12846453487873077, throughput:4063
episode:120/250, real avg travel time:216.89121338912133
Test step:120/250, travel time :217.37556447566482, rewards:-2.948651075363159, queue:1.132010579109192, delay:0.13126355409622192, throughput:3986
step:3600/3600, q_loss:1.602202400034811e-05, rewards:-3.4215588569641113, queue:1.3100528717041016, delay:0.12943729758262634, throughput:4077
episode:121/250, real avg travel time:211.67819475104244
step:3600/3600, q_loss:9.220301027299785e-05, rewards:-3.580339193344116, queue:1.2796295881271362, delay:0.1300039291381836, throughput:4061
episode:122/250, real avg travel time:214.74735286875153
step:3600/3600, q_loss:-2.7334509973621203e-06, rewards:-2.670250415802002, queue:1.0499999523162842, delay:0.12792913615703583, throughput:4066
episode:123/250, real avg travel time:203.83694048204623
step:3600/3600, q_loss:7.599059042857132e-07, rewards:-2.785806655883789, queue:1.0765873193740845, delay:0.12999045848846436, throughput:4070
episode:124/250, real avg travel time:209.33169533169533
step:3600/3600, q_loss:-1.0384034087312304e-06, rewards:-2.6553142070770264, queue:1.0481481552124023, delay:0.12569557130336761, throughput:4072
episode:125/250, real avg travel time:205.64194499017682
Test step:125/250, travel time :231.85119798234552, rewards:-3.698289394378662, queue:1.323544979095459, delay:0.1356610357761383, throughput:3965
step:3600/3600, q_loss:4.5169953308585616e-07, rewards:-2.6683294773101807, queue:1.0486772060394287, delay:0.12655293941497803, throughput:4081
episode:126/250, real avg travel time:205.38103406027935
step:3600/3600, q_loss:9.426509867706853e-05, rewards:-3.9301838874816895, queue:1.2911375761032104, delay:0.13328976929187775, throughput:4075
episode:127/250, real avg travel time:218.3398773006135
step:3600/3600, q_loss:1.4782243265977336e-05, rewards:-3.0993595123291016, queue:1.1485450267791748, delay:0.1292010247707367, throughput:4075
episode:128/250, real avg travel time:217.29815950920246
step:3600/3600, q_loss:-4.358288182023292e-06, rewards:-2.6220510005950928, queue:1.0461640357971191, delay:0.12708638608455658, throughput:4066
episode:129/250, real avg travel time:206.38711264141662
step:3600/3600, q_loss:1.2647615302638668e-05, rewards:-2.568354606628418, queue:1.0313491821289062, delay:0.12356767058372498, throughput:4072
episode:130/250, real avg travel time:203.95702357563852
Test step:130/250, travel time :206.20568436798803, rewards:-2.7693748474121094, queue:1.100264549255371, delay:0.1301274448633194, throughput:4011
step:3600/3600, q_loss:-6.22918317579509e-06, rewards:-2.4703855514526367, queue:1.0038360357284546, delay:0.1242893636226654, throughput:4070
episode:131/250, real avg travel time:202.25995085995086
step:3600/3600, q_loss:-4.400038758629105e-07, rewards:-2.4828972816467285, queue:0.9968253970146179, delay:0.12310884892940521, throughput:4074
episode:132/250, real avg travel time:203.90451644575356
step:3600/3600, q_loss:-8.383087859126842e-06, rewards:-2.5876946449279785, queue:1.0420634746551514, delay:0.12723442912101746, throughput:4074
episode:133/250, real avg travel time:202.45581737849778
step:3600/3600, q_loss:-5.103656035822092e-06, rewards:-2.4891319274902344, queue:1.007010579109192, delay:0.12335872650146484, throughput:4068
episode:134/250, real avg travel time:199.2733529990167
step:3600/3600, q_loss:2.898357605671562e-06, rewards:-2.4971985816955566, queue:1.0140211582183838, delay:0.12194178253412247, throughput:4071
episode:135/250, real avg travel time:201.34758044706462
Test step:135/250, travel time :212.3195061728395, rewards:-3.0081021785736084, queue:1.1547619104385376, delay:0.12656289339065552, throughput:4050
step:3600/3600, q_loss:5.376354218040231e-06, rewards:-2.559735059738159, queue:1.0355820655822754, delay:0.12403655052185059, throughput:4080
episode:136/250, real avg travel time:201.7625
step:3600/3600, q_loss:-1.3386872726389103e-08, rewards:-2.421205520629883, queue:0.9810846447944641, delay:0.12335216253995895, throughput:4076
episode:137/250, real avg travel time:199.12757605495585
step:3600/3600, q_loss:2.3342129174529367e-05, rewards:-3.248206615447998, queue:1.2018518447875977, delay:0.13264164328575134, throughput:4044
episode:138/250, real avg travel time:217.96933728981207
step:3600/3600, q_loss:3.5126462333007818e-06, rewards:-2.677457571029663, queue:1.0607142448425293, delay:0.12738507986068726, throughput:4078
episode:139/250, real avg travel time:203.01863658656205
step:3600/3600, q_loss:-4.625484709524446e-07, rewards:-2.504944086074829, queue:1.0144180059432983, delay:0.12258423864841461, throughput:4077
episode:140/250, real avg travel time:199.7652685798381
Test step:140/250, travel time :207.4607843137255, rewards:-2.6276659965515137, queue:1.0358465909957886, delay:0.12348142266273499, throughput:4080
step:3600/3600, q_loss:3.2866992114577442e-06, rewards:-2.452425003051758, queue:1.004365086555481, delay:0.1222582682967186, throughput:4084
episode:141/250, real avg travel time:199.45347698334965
step:3600/3600, q_loss:-6.252114770985726e-07, rewards:-2.792731285095215, queue:1.090476155281067, delay:0.13080303370952606, throughput:4064
episode:142/250, real avg travel time:204.2443405511811
step:3600/3600, q_loss:9.81766990864546e-07, rewards:-2.47688627243042, queue:1.0031746625900269, delay:0.12533706426620483, throughput:4068
episode:143/250, real avg travel time:199.64454277286137
step:3600/3600, q_loss:-6.31068489585434e-06, rewards:-2.474604368209839, queue:0.9867724776268005, delay:0.12292554974555969, throughput:4076
episode:144/250, real avg travel time:202.34739941118744
step:3600/3600, q_loss:8.335345531425749e-07, rewards:-2.7608375549316406, queue:1.0646824836730957, delay:0.12745557725429535, throughput:4076
episode:145/250, real avg travel time:205.57409224730128
Test step:145/250, travel time :220.62404720924513, rewards:-3.0832366943359375, queue:1.150925874710083, delay:0.12748490273952484, throughput:4067
step:3600/3600, q_loss:5.030050245598735e-06, rewards:-2.6973650455474854, queue:1.0473544597625732, delay:0.12795385718345642, throughput:4081
episode:146/250, real avg travel time:202.66062239647147
step:3600/3600, q_loss:1.2965699877693421e-06, rewards:-2.6902754306793213, queue:1.0582010746002197, delay:0.12656572461128235, throughput:4075
episode:147/250, real avg travel time:205.54723926380368
step:3600/3600, q_loss:5.528929614229128e-06, rewards:-2.7739930152893066, queue:1.0716930627822876, delay:0.12984450161457062, throughput:4074
episode:148/250, real avg travel time:204.26558664702995
step:3600/3600, q_loss:2.625812865315109e-06, rewards:-2.5440011024475098, queue:1.0046296119689941, delay:0.1260407716035843, throughput:4078
episode:149/250, real avg travel time:201.42839627268268
step:3600/3600, q_loss:-2.945682111506661e-06, rewards:-2.4925804138183594, queue:1.0047619342803955, delay:0.12328533828258514, throughput:4081
episode:150/250, real avg travel time:203.45234011271748
Test step:150/250, travel time :209.70807758409035, rewards:-2.531778335571289, queue:1.0093915462493896, delay:0.12488975375890732, throughput:4073
step:3600/3600, q_loss:-1.955028306434138e-06, rewards:-2.7091448307037354, queue:1.0335978269577026, delay:0.12378659844398499, throughput:4071
episode:151/250, real avg travel time:207.5539179562761
step:3600/3600, q_loss:1.6050017923892786e-06, rewards:-2.5480713844299316, queue:1.0048941373825073, delay:0.12527994811534882, throughput:4078
episode:152/250, real avg travel time:200.91490926924962
step:3600/3600, q_loss:4.845649487429505e-06, rewards:-2.893690347671509, queue:1.079100489616394, delay:0.1263798326253891, throughput:4063
episode:153/250, real avg travel time:212.33768151612108
step:3600/3600, q_loss:-2.529502065347818e-06, rewards:-2.5933120250701904, queue:1.016005277633667, delay:0.12397193908691406, throughput:4071
episode:154/250, real avg travel time:206.65856055023335
step:3600/3600, q_loss:2.0862451492575927e-06, rewards:-2.4461944103240967, queue:0.9859788417816162, delay:0.12449415028095245, throughput:4062
episode:155/250, real avg travel time:201.59576563269326
Test step:155/250, travel time :205.1862986692952, rewards:-2.5732507705688477, queue:1.016798973083496, delay:0.12688298523426056, throughput:4058
step:3600/3600, q_loss:1.3125696770859779e-05, rewards:-2.5512733459472656, queue:1.0031746625900269, delay:0.12385943531990051, throughput:4071
episode:156/250, real avg travel time:202.47998034880865
step:3600/3600, q_loss:4.771537791788837e-05, rewards:-3.22115421295166, queue:1.0992063283920288, delay:0.12869293987751007, throughput:3995
episode:157/250, real avg travel time:201.18673341677098
step:3600/3600, q_loss:1.1631557370290263e-05, rewards:-3.131553888320923, queue:1.1248676776885986, delay:0.1317366510629654, throughput:4065
episode:158/250, real avg travel time:214.23050430504304
step:3600/3600, q_loss:-1.6107078408822418e-07, rewards:-2.88139271736145, queue:1.0781745910644531, delay:0.12850548326969147, throughput:4077
episode:159/250, real avg travel time:216.5185185185185
step:3600/3600, q_loss:4.381759087361085e-06, rewards:-2.9875850677490234, queue:1.1054233312606812, delay:0.12877032160758972, throughput:4062
episode:160/250, real avg travel time:214.5108321024126
Test step:160/250, travel time :224.78624813153962, rewards:-3.2757134437561035, queue:1.1559523344039917, delay:0.1303219199180603, throughput:4014
step:3600/3600, q_loss:1.2119576826484668e-05, rewards:-3.0304436683654785, queue:1.1117725372314453, delay:0.12700910866260529, throughput:4068
episode:161/250, real avg travel time:217.80063913470994
step:3600/3600, q_loss:1.6147260248544625e-05, rewards:-3.28439998626709, queue:1.1425925493240356, delay:0.13033701479434967, throughput:4008
episode:162/250, real avg travel time:219.7804391217565
step:3600/3600, q_loss:9.58442728410268e-06, rewards:-3.089566946029663, queue:1.09246027469635, delay:0.12823297083377838, throughput:4062
episode:163/250, real avg travel time:213.37838503200393
step:3600/3600, q_loss:1.940711283370749e-06, rewards:-2.903047800064087, queue:1.064021110534668, delay:0.12787030637264252, throughput:4037
episode:164/250, real avg travel time:215.4461233589299
step:3600/3600, q_loss:-2.4100582878519263e-06, rewards:-2.788099527359009, queue:1.0411375761032104, delay:0.12393780797719955, throughput:4054
episode:165/250, real avg travel time:210.13986186482487
Test step:165/250, travel time :215.03331663326654, rewards:-2.803478240966797, queue:1.0306878089904785, delay:0.1296798586845398, throughput:3992
step:3600/3600, q_loss:8.4481853668371e-06, rewards:-2.693779230117798, queue:1.007275104522705, delay:0.12588870525360107, throughput:3955
episode:166/250, real avg travel time:210.89608091024022
step:3600/3600, q_loss:7.847100269928989e-05, rewards:-3.817067861557007, queue:1.2788360118865967, delay:0.13303522765636444, throughput:4032
episode:167/250, real avg travel time:225.62425595238096
step:3600/3600, q_loss:1.748613491751409e-05, rewards:-2.90179443359375, queue:1.0621693134307861, delay:0.12911196053028107, throughput:4058
episode:168/250, real avg travel time:215.94726466239527
step:3600/3600, q_loss:6.882940174869468e-06, rewards:-2.983902931213379, queue:1.0661375522613525, delay:0.1272720992565155, throughput:4058
episode:169/250, real avg travel time:212.29349433218334
step:3600/3600, q_loss:4.915544789885947e-05, rewards:-4.206482410430908, queue:1.4236772060394287, delay:0.1413927525281906, throughput:4074
episode:170/250, real avg travel time:251.06995581737849
Test step:170/250, travel time :229.679642945698, rewards:-3.4840216636657715, queue:1.1714285612106323, delay:0.1301736980676651, throughput:4033
step:3600/3600, q_loss:1.1630298831732944e-05, rewards:-3.032829761505127, queue:1.1050264835357666, delay:0.12915392220020294, throughput:4078
episode:171/250, real avg travel time:215.3484551250613
step:3600/3600, q_loss:7.433207146176654e-06, rewards:-2.787407398223877, queue:1.048015832901001, delay:0.12624236941337585, throughput:4068
episode:172/250, real avg travel time:211.90880039331367
step:3600/3600, q_loss:9.410617834267516e-06, rewards:-2.767481803894043, queue:1.0412698984146118, delay:0.128218412399292, throughput:4060
episode:173/250, real avg travel time:214.16083743842364
step:3600/3600, q_loss:1.56156878801994e-05, rewards:-3.2454419136047363, queue:1.1325396299362183, delay:0.13155032694339752, throughput:4073
episode:174/250, real avg travel time:217.6945740240609
step:3600/3600, q_loss:5.639876811377084e-06, rewards:-3.286087989807129, queue:1.1601852178573608, delay:0.13468323647975922, throughput:4050
episode:175/250, real avg travel time:227.79135802469136
Test step:175/250, travel time :236.69262828861682, rewards:-3.9749770164489746, queue:1.3394179344177246, delay:0.13732312619686127, throughput:3839
step:3600/3600, q_loss:5.343101495074936e-06, rewards:-2.5938525199890137, queue:1.008201003074646, delay:0.1250912994146347, throughput:4067
episode:176/250, real avg travel time:210.93730022129333
step:3600/3600, q_loss:1.7212700590284334e-05, rewards:-3.450096607208252, queue:1.1767195463180542, delay:0.13529688119888306, throughput:4077
episode:177/250, real avg travel time:228.85577630610743
step:3600/3600, q_loss:1.1369439622891756e-05, rewards:-2.898904323577881, queue:1.066534399986267, delay:0.12661461532115936, throughput:4057
episode:178/250, real avg travel time:213.9975351244762
step:3600/3600, q_loss:1.1017663766526514e-05, rewards:-2.949793815612793, queue:1.0804232358932495, delay:0.12938366830348969, throughput:4069
episode:179/250, real avg travel time:218.22093880560334
step:3600/3600, q_loss:2.539450199239784e-05, rewards:-3.5987772941589355, queue:1.2541005611419678, delay:0.13437175750732422, throughput:4038
episode:180/250, real avg travel time:224.1775631500743
Test step:180/250, travel time :233.777, rewards:-3.540721893310547, queue:1.184259295463562, delay:0.133745938539505, throughput:4000
step:3600/3600, q_loss:5.2022846769735524e-05, rewards:-4.181793689727783, queue:1.399999976158142, delay:0.14204074442386627, throughput:4061
episode:181/250, real avg travel time:258.78872198965774
step:3600/3600, q_loss:2.323934503591671e-05, rewards:-2.9653239250183105, queue:1.088624358177185, delay:0.1293424516916275, throughput:4068
episode:182/250, real avg travel time:217.04744346116027
step:3600/3600, q_loss:5.1075558318795325e-05, rewards:-4.692460060119629, queue:1.5111111402511597, delay:0.1436966061592102, throughput:4025
episode:183/250, real avg travel time:276.3654658385093
step:3600/3600, q_loss:2.740177753568989e-05, rewards:-3.182234048843384, queue:1.1493386030197144, delay:0.13086006045341492, throughput:4003
episode:184/250, real avg travel time:225.76392705470897
step:3600/3600, q_loss:3.654589013927357e-05, rewards:-3.328371524810791, queue:1.1702381372451782, delay:0.1307273954153061, throughput:4074
episode:185/250, real avg travel time:218.5306823760432
Test step:185/250, travel time :222.96976456009912, rewards:-3.3120694160461426, queue:1.1771163940429688, delay:0.13210834562778473, throughput:4035
step:3600/3600, q_loss:2.43242993747117e-05, rewards:-2.7948265075683594, queue:1.076454997062683, delay:0.13047872483730316, throughput:4066
episode:186/250, real avg travel time:212.24643384161337
step:3600/3600, q_loss:1.1160121842597921e-05, rewards:-2.8569576740264893, queue:1.0712963342666626, delay:0.12866492569446564, throughput:4061
episode:187/250, real avg travel time:217.4314208323073
step:3600/3600, q_loss:1.5337715012719856e-06, rewards:-2.958899974822998, queue:1.116005301475525, delay:0.13155271112918854, throughput:4073
episode:188/250, real avg travel time:228.51534495457892
step:3600/3600, q_loss:2.4394623485730134e-05, rewards:-3.050804376602173, queue:1.1493386030197144, delay:0.13027237355709076, throughput:4066
episode:189/250, real avg travel time:218.10772257747172
step:3600/3600, q_loss:1.730111131716209e-05, rewards:-3.575483560562134, queue:1.3133597373962402, delay:0.14270201325416565, throughput:4035
episode:190/250, real avg travel time:250.40570012391575
Test step:190/250, travel time :242.30503060952887, rewards:-4.399397850036621, queue:1.5066137313842773, delay:0.14262820780277252, throughput:3757
step:3600/3600, q_loss:8.068815077422187e-06, rewards:-2.7363266944885254, queue:1.0917989015579224, delay:0.12874078750610352, throughput:4067
episode:191/250, real avg travel time:214.52987460044258
step:3600/3600, q_loss:0.00012600576079017223, rewards:-4.009672164916992, queue:1.3232804536819458, delay:0.13276758790016174, throughput:4057
episode:192/250, real avg travel time:226.22282474735024
step:3600/3600, q_loss:9.11179704417009e-06, rewards:-2.853632926940918, queue:1.0978835821151733, delay:0.13229067623615265, throughput:4047
episode:193/250, real avg travel time:229.05460835186557
step:3600/3600, q_loss:4.664602408107991e-05, rewards:-3.7129645347595215, queue:1.3211640119552612, delay:0.13960754871368408, throughput:3989
episode:194/250, real avg travel time:248.72599649034845
step:3600/3600, q_loss:0.00039359624238891733, rewards:-7.764969825744629, queue:2.775529146194458, delay:0.15267124772071838, throughput:3580
episode:195/250, real avg travel time:244.7905027932961
Test step:195/250, travel time :275.94270696452037, rewards:-4.062114238739014, queue:1.4030423164367676, delay:0.14431704580783844, throughput:3805
step:3600/3600, q_loss:1.10433194802479e-05, rewards:-3.5302815437316895, queue:1.3009259700775146, delay:0.1407783180475235, throughput:3974
episode:196/250, real avg travel time:255.99421238047307
step:3600/3600, q_loss:3.6161599402678094e-05, rewards:-3.5698859691619873, queue:1.2571429014205933, delay:0.13279438018798828, throughput:3944
episode:197/250, real avg travel time:232.87702839756594
step:3600/3600, q_loss:6.374390391607045e-06, rewards:-3.067117691040039, queue:1.154894232749939, delay:0.13192377984523773, throughput:4037
episode:198/250, real avg travel time:230.79613574436462
step:3600/3600, q_loss:2.429068384420437e-06, rewards:-3.2175557613372803, queue:1.1952381134033203, delay:0.13451950252056122, throughput:4054
episode:199/250, real avg travel time:245.81845091267883
step:3600/3600, q_loss:6.2525347554280115e-06, rewards:-3.1168978214263916, queue:1.1650793552398682, delay:0.13075000047683716, throughput:4029
episode:200/250, real avg travel time:237.32241250930753
Test step:200/250, travel time :279.1652809271857, rewards:-4.088871955871582, queue:1.3785713911056519, delay:0.14148227870464325, throughput:3969
step:3600/3600, q_loss:2.0689873134769084e-05, rewards:-3.683279514312744, queue:1.3100528717041016, delay:0.14091041684150696, throughput:4055
episode:201/250, real avg travel time:263.22046855733663
step:3600/3600, q_loss:4.474051416360049e-06, rewards:-3.0746331214904785, queue:1.157010555267334, delay:0.13225127756595612, throughput:4025
episode:202/250, real avg travel time:220.40919254658385
step:3600/3600, q_loss:7.311666801494236e-06, rewards:-3.116806983947754, queue:1.180820107460022, delay:0.13448892533779144, throughput:4065
episode:203/250, real avg travel time:239.43075030750308
step:3600/3600, q_loss:2.5784098276441607e-05, rewards:-3.263246774673462, queue:1.199338674545288, delay:0.13333261013031006, throughput:4065
episode:204/250, real avg travel time:232.86125461254613
step:3600/3600, q_loss:5.283587153017935e-06, rewards:-2.9778642654418945, queue:1.083465576171875, delay:0.12812815606594086, throughput:4060
episode:205/250, real avg travel time:229.44630541871922
Test step:205/250, travel time :236.2757687576876, rewards:-3.192772150039673, queue:1.0978835821151733, delay:0.12518760561943054, throughput:4065
step:3600/3600, q_loss:1.00154379550885e-05, rewards:-3.36061954498291, queue:1.1805555820465088, delay:0.13199734687805176, throughput:4041
episode:206/250, real avg travel time:223.5550606285573
step:3600/3600, q_loss:6.379661984586467e-06, rewards:-3.356994390487671, queue:1.1664021015167236, delay:0.12874029576778412, throughput:4065
episode:207/250, real avg travel time:233.21746617466175
step:3600/3600, q_loss:1.1539016607760762e-05, rewards:-3.2004587650299072, queue:1.1468254327774048, delay:0.13241758942604065, throughput:4040
episode:208/250, real avg travel time:234.69653465346533
step:3600/3600, q_loss:3.374454681761563e-05, rewards:-3.548583745956421, queue:1.2476190328598022, delay:0.1320534348487854, throughput:3802
episode:209/250, real avg travel time:236.23540241977906
step:3600/3600, q_loss:4.833401027200226e-05, rewards:-3.363154172897339, queue:1.1861110925674438, delay:0.13015210628509521, throughput:4046
episode:210/250, real avg travel time:234.5677212061295
Test step:210/250, travel time :247.52698970625156, rewards:-3.6182034015655518, queue:1.1550264358520508, delay:0.13243840634822845, throughput:3983
step:3600/3600, q_loss:2.0766782472492196e-05, rewards:-3.7191293239593506, queue:1.2210317850112915, delay:0.13052776455879211, throughput:3942
episode:211/250, real avg travel time:235.376966007103
step:3600/3600, q_loss:4.780767376360018e-05, rewards:-3.764091730117798, queue:1.2537037134170532, delay:0.13081912696361542, throughput:4035
episode:212/250, real avg travel time:233.89591078066914
step:3600/3600, q_loss:7.126281299052708e-05, rewards:-3.9554247856140137, queue:1.2921957969665527, delay:0.13381287455558777, throughput:4036
episode:213/250, real avg travel time:235.9724975222993
step:3600/3600, q_loss:2.446549903349175e-05, rewards:-3.4054131507873535, queue:1.1849206686019897, delay:0.13307707011699677, throughput:4056
episode:214/250, real avg travel time:222.80498027613413
step:3600/3600, q_loss:1.2612287213818895e-06, rewards:-3.3554670810699463, queue:1.150529146194458, delay:0.13287635147571564, throughput:4053
episode:215/250, real avg travel time:228.19861830742659
Test step:215/250, travel time :247.18804483188046, rewards:-3.5702426433563232, queue:1.1805555820465088, delay:0.12922154366970062, throughput:4015
step:3600/3600, q_loss:3.0339270556901788e-05, rewards:-3.8893399238586426, queue:1.3375661373138428, delay:0.13738413155078888, throughput:4047
episode:216/250, real avg travel time:240.65109957993576
step:3600/3600, q_loss:1.653472217084426e-05, rewards:-3.0842957496643066, queue:1.1119047403335571, delay:0.12669356167316437, throughput:4022
episode:217/250, real avg travel time:224.8157633018399
step:3600/3600, q_loss:2.8237726736632692e-05, rewards:-3.45489501953125, queue:1.179894208908081, delay:0.12707474827766418, throughput:4025
episode:218/250, real avg travel time:235.62360248447206
step:3600/3600, q_loss:2.851823418394714e-05, rewards:-3.5181145668029785, queue:1.194179892539978, delay:0.12965212762355804, throughput:4044
episode:219/250, real avg travel time:238.70301681503463
step:3600/3600, q_loss:6.738330355599626e-06, rewards:-3.2223267555236816, queue:1.1374338865280151, delay:0.12909378111362457, throughput:4037
episode:220/250, real avg travel time:239.96655932623236
Test step:220/250, travel time :257.8024204156801, rewards:-4.494887351989746, queue:1.4349206686019897, delay:0.1341492384672165, throughput:3801
step:3600/3600, q_loss:9.171807970334258e-06, rewards:-3.1845221519470215, queue:1.1166666746139526, delay:0.12725043296813965, throughput:4075
episode:221/250, real avg travel time:231.11288343558283
step:3600/3600, q_loss:6.790486250894093e-05, rewards:-3.91143798828125, queue:1.2849206924438477, delay:0.12895651161670685, throughput:4027
episode:222/250, real avg travel time:244.38490191209337
step:3600/3600, q_loss:1.6314893097539123e-05, rewards:-3.4520788192749023, queue:1.2013227939605713, delay:0.13109718263149261, throughput:4039
episode:223/250, real avg travel time:240.7781629116118
step:3600/3600, q_loss:1.1532395284221922e-05, rewards:-2.8843557834625244, queue:1.0907407999038696, delay:0.12394501268863678, throughput:4033
episode:224/250, real avg travel time:221.71534837589883
step:3600/3600, q_loss:1.3158841102267616e-05, rewards:-2.6822781562805176, queue:1.0420634746551514, delay:0.12564876675605774, throughput:4031
episode:225/250, real avg travel time:220.3108409823865
Test step:225/250, travel time :249.76513256628314, rewards:-3.9590821266174316, queue:1.317989468574524, delay:0.12992450594902039, throughput:3998
step:3600/3600, q_loss:6.416003048394082e-06, rewards:-2.7246007919311523, queue:1.0599206686019897, delay:0.12441688776016235, throughput:4054
episode:226/250, real avg travel time:215.7017760236803
step:3600/3600, q_loss:1.8043703231443133e-05, rewards:-3.0864834785461426, queue:1.1220899820327759, delay:0.12606197595596313, throughput:4057
episode:227/250, real avg travel time:231.1875770273601
step:3600/3600, q_loss:1.7478089608226178e-05, rewards:-3.031951904296875, queue:1.1367725133895874, delay:0.12879610061645508, throughput:4015
episode:228/250, real avg travel time:240.93051058530511
step:3600/3600, q_loss:1.1466031315244941e-05, rewards:-2.923151969909668, queue:1.0716930627822876, delay:0.12306680530309677, throughput:4036
episode:229/250, real avg travel time:229.3971754212091
step:3600/3600, q_loss:7.364484392585129e-06, rewards:-2.7717995643615723, queue:1.056613802909851, delay:0.12249460816383362, throughput:4052
episode:230/250, real avg travel time:221.02270483711746
Test step:230/250, travel time :219.43610343961836, rewards:-2.36014461517334, queue:0.9357143044471741, delay:0.12000380456447601, throughput:3983
step:3600/3600, q_loss:2.1591113586004618e-06, rewards:-2.4394736289978027, queue:0.976190447807312, delay:0.12034904956817627, throughput:4013
episode:231/250, real avg travel time:219.63294293545977
step:3600/3600, q_loss:7.980261523496464e-05, rewards:-3.4964966773986816, queue:1.2134920358657837, delay:0.12407609075307846, throughput:4012
episode:232/250, real avg travel time:233.2098703888335
step:3600/3600, q_loss:3.3127414968071715e-05, rewards:-3.4095354080200195, queue:1.2503968477249146, delay:0.1312750279903412, throughput:4059
episode:233/250, real avg travel time:238.75240206947524
step:3600/3600, q_loss:3.967914704440369e-06, rewards:-2.428238868713379, queue:0.9755290746688843, delay:0.12017782032489777, throughput:4053
episode:234/250, real avg travel time:217.70490994325192
step:3600/3600, q_loss:3.1659553213911648e-06, rewards:-2.477947473526001, queue:0.9858465790748596, delay:0.11898969113826752, throughput:4050
episode:235/250, real avg travel time:218.64444444444445
Test step:235/250, travel time :236.87911266201397, rewards:-3.1906402111053467, queue:1.104629635810852, delay:0.126969575881958, throughput:4012
step:3600/3600, q_loss:8.391817755182273e-06, rewards:-2.6652488708496094, queue:1.007275104522705, delay:0.12327930331230164, throughput:4070
episode:236/250, real avg travel time:220.6046683046683
step:3600/3600, q_loss:1.9647881951338302e-06, rewards:-2.8100457191467285, queue:1.0269840955734253, delay:0.12051954865455627, throughput:4058
episode:237/250, real avg travel time:219.68038442582554
step:3600/3600, q_loss:4.824347949276368e-08, rewards:-2.636654853820801, queue:1.0207672119140625, delay:0.11987543851137161, throughput:4033
episode:238/250, real avg travel time:222.1177783287875
step:3600/3600, q_loss:5.886223920646848e-06, rewards:-2.77549409866333, queue:1.0486772060394287, delay:0.12191792577505112, throughput:4057
episode:239/250, real avg travel time:222.4816366773478
step:3600/3600, q_loss:6.338692764984444e-06, rewards:-2.5862536430358887, queue:1.0063492059707642, delay:0.12221313267946243, throughput:4064
episode:240/250, real avg travel time:218.67691929133858
Test step:240/250, travel time :307.1419534412955, rewards:-4.959491729736328, queue:1.6353174448013306, delay:0.14409476518630981, throughput:3952
step:3600/3600, q_loss:3.339676186442375e-06, rewards:-2.703540086746216, queue:1.0219576358795166, delay:0.12212074548006058, throughput:4063
episode:241/250, real avg travel time:221.38567560915578
step:3600/3600, q_loss:3.37852609340593e-05, rewards:-3.8951897621154785, queue:1.3488094806671143, delay:0.13592636585235596, throughput:3830
episode:242/250, real avg travel time:251.73107049608356
step:3600/3600, q_loss:6.85306333050701e-05, rewards:-4.1385273933410645, queue:1.3718253374099731, delay:0.1381068080663681, throughput:4056
episode:243/250, real avg travel time:260.9509368836292
step:3600/3600, q_loss:9.247705626573104e-06, rewards:-2.686018943786621, queue:1.025925874710083, delay:0.12477242946624756, throughput:4012
episode:244/250, real avg travel time:224.15329012961118
step:3600/3600, q_loss:6.719449528544727e-06, rewards:-2.861949920654297, queue:1.0539683103561401, delay:0.12648239731788635, throughput:4023
episode:245/250, real avg travel time:218.94929157345265
Test step:245/250, travel time :271.3598106259863, rewards:-3.998408794403076, queue:1.374074101448059, delay:0.1309075951576233, throughput:3802
step:3600/3600, q_loss:8.271635104190661e-06, rewards:-3.012259006500244, queue:1.103835940361023, delay:0.1298176646232605, throughput:4021
episode:246/250, real avg travel time:231.9634419298682
step:3600/3600, q_loss:9.904726579811216e-06, rewards:-2.953493595123291, queue:1.0927249193191528, delay:0.12722733616828918, throughput:3992
episode:247/250, real avg travel time:240.18236472945893
step:3600/3600, q_loss:7.771377568133175e-06, rewards:-2.7910919189453125, queue:1.0283068418502808, delay:0.12641969323158264, throughput:4014
episode:248/250, real avg travel time:223.8273542600897
step:3600/3600, q_loss:4.172046828898601e-06, rewards:-2.6340677738189697, queue:1.0042327642440796, delay:0.12258347868919373, throughput:4015
episode:249/250, real avg travel time:223.60224159402242
Hyperparameters saved to: data/output_data/tsc/sumo_hyperlight_mappo/sumo1x21/structcn_sumo1x21_seed2/hyperparameters.json
Loaded best checkpoint for final evaluation
Final Travel Time is 203.5086, mean rewards: -3.1153, queue: 1.2102, delay: 0.1334, throughput: 4021
Total time taken: 7433.991484880447
