hyperlight_mappo	TRAIN	0	316.5891	0.000438	-13.7894	4.0217	0.2322	3826
hyperlight_mappo	TEST	0	775.2351	0.000438	-42.4983	13.0567	0.3551	753
hyperlight_mappo	TRAIN	1	324.5156	0.000401	-11.7759	3.6205	0.2128	3939
hyperlight_mappo	TRAIN	2	304.4938	0.000235	-11.9556	3.6292	0.2197	3815
hyperlight_mappo	TRAIN	3	294.5780	0.000157	-10.3089	3.2267	0.2024	3957
hyperlight_mappo	TRAIN	4	290.7519	0.000125	-9.4048	3.0086	0.1978	3897
hyperlight_mappo	TRAIN	5	305.6582	0.000150	-9.8810	3.1435	0.1989	3880
hyperlight_mappo	TEST	5	597.7214	0.000150	-39.9088	11.6767	0.3635	1590
hyperlight_mappo	TRAIN	6	273.6079	0.000073	-8.3292	2.7333	0.1863	4017
hyperlight_mappo	TRAIN	7	272.0166	0.000078	-8.3826	2.7271	0.1881	3977
hyperlight_mappo	TRAIN	8	258.8256	0.000058	-7.5230	2.4800	0.1782	3986
hyperlight_mappo	TRAIN	9	255.4116	0.000033	-6.9285	2.3664	0.1767	3999
hyperlight_mappo	TRAIN	10	303.4961	0.000104	-8.2740	2.7020	0.1842	4021
hyperlight_mappo	TEST	10	251.9596	0.000104	-8.0143	2.8737	0.1718	3839
hyperlight_mappo	TRAIN	11	251.5451	0.000014	-5.8887	2.0541	0.1612	4005
hyperlight_mappo	TRAIN	12	240.2688	0.000023	-6.1495	2.1214	0.1653	4003
hyperlight_mappo	TRAIN	13	250.6081	0.000018	-5.9058	2.0328	0.1597	4004
hyperlight_mappo	TRAIN	14	250.1723	0.000019	-6.1631	2.1574	0.1626	4021
hyperlight_mappo	TRAIN	15	239.8544	0.000018	-5.2819	1.8606	0.1512	4011
hyperlight_mappo	TEST	15	251.9596	0.000018	-8.0143	2.8737	0.1718	3839
hyperlight_mappo	TRAIN	16	241.0981	0.000026	-5.8308	2.0194	0.1574	4047
hyperlight_mappo	TRAIN	17	242.0248	0.000022	-5.6942	1.9652	0.1577	4034
hyperlight_mappo	TRAIN	18	251.7536	0.000018	-5.5578	2.0104	0.1568	4009
hyperlight_mappo	TRAIN	19	249.9644	0.000065	-5.7013	1.9369	0.1544	3989
hyperlight_mappo	TRAIN	20	246.0598	0.000034	-5.3900	1.9261	0.1572	3995
hyperlight_mappo	TEST	20	245.4759	0.000034	-8.0714	2.8718	0.1790	3864
hyperlight_mappo	TRAIN	21	244.2541	0.000011	-5.1263	1.8728	0.1542	4030
hyperlight_mappo	TRAIN	22	230.3656	0.000015	-5.0269	1.8102	0.1550	4015
hyperlight_mappo	TRAIN	23	232.1875	0.000001	-4.8103	1.7508	0.1549	4021
hyperlight_mappo	TRAIN	24	240.5104	0.000030	-5.0737	1.7529	0.1530	3987
hyperlight_mappo	TRAIN	25	235.0618	0.000007	-5.0392	1.7880	0.1546	4046
hyperlight_mappo	TEST	25	255.0028	0.000007	-8.0505	2.9003	0.1793	3889
hyperlight_mappo	TRAIN	26	255.5767	0.000102	-6.1358	1.9659	0.1607	4014
hyperlight_mappo	TRAIN	27	240.2301	0.000012	-5.1094	1.7590	0.1520	4050
hyperlight_mappo	TRAIN	28	238.5424	0.000011	-5.0431	1.7929	0.1529	4043
hyperlight_mappo	TRAIN	29	228.9241	0.000003	-4.4872	1.6288	0.1503	4032
hyperlight_mappo	TRAIN	30	229.0820	-0.000007	-4.4559	1.5980	0.1508	4048
hyperlight_mappo	TEST	30	249.0648	-0.000007	-8.1759	2.8878	0.1814	3856
hyperlight_mappo	TRAIN	31	227.9537	0.000006	-4.9513	1.7009	0.1572	4041
hyperlight_mappo	TRAIN	32	227.0062	-0.000001	-4.5971	1.6327	0.1537	4042
hyperlight_mappo	TRAIN	33	223.7955	-0.000000	-4.9539	1.6884	0.1585	4044
hyperlight_mappo	TRAIN	34	225.0737	0.000010	-4.7350	1.6642	0.1534	4043
hyperlight_mappo	TRAIN	35	220.3909	-0.000006	-4.3284	1.5204	0.1511	4052
hyperlight_mappo	TEST	35	240.2370	-0.000006	-7.3186	2.6317	0.1611	4005
hyperlight_mappo	TRAIN	36	226.5310	0.000018	-4.7133	1.6213	0.1582	4047
hyperlight_mappo	TRAIN	37	218.6959	-0.000009	-4.4389	1.5508	0.1566	4045
hyperlight_mappo	TRAIN	38	224.6344	0.000006	-4.5945	1.6254	0.1533	4040
hyperlight_mappo	TRAIN	39	212.2397	-0.000003	-4.0387	1.4430	0.1506	4060
hyperlight_mappo	TRAIN	40	213.5025	-0.000006	-3.9684	1.4262	0.1475	4056
hyperlight_mappo	TEST	40	225.3120	-0.000006	-6.8107	2.4784	0.1582	4022
hyperlight_mappo	TRAIN	41	211.0549	-0.000009	-3.9517	1.4278	0.1458	4061
hyperlight_mappo	TRAIN	42	212.3860	-0.000007	-3.9508	1.4347	0.1465	4054
hyperlight_mappo	TRAIN	43	212.5969	-0.000002	-4.3127	1.5657	0.1517	4001
hyperlight_mappo	TRAIN	44	209.3909	-0.000008	-3.6599	1.3705	0.1475	4042
hyperlight_mappo	TRAIN	45	220.3522	0.000010	-4.6856	1.6411	0.1531	4063
hyperlight_mappo	TEST	45	219.8772	0.000010	-6.5125	2.4063	0.1651	4024
hyperlight_mappo	TRAIN	46	210.3157	-0.000009	-3.7195	1.3963	0.1467	4058
hyperlight_mappo	TRAIN	47	211.5949	-0.000009	-3.7365	1.3984	0.1444	4068
hyperlight_mappo	TRAIN	48	212.4581	0.000016	-4.2806	1.5807	0.1461	4069
hyperlight_mappo	TRAIN	49	209.9904	-0.000008	-3.8667	1.4365	0.1439	4069
hyperlight_mappo	TRAIN	50	214.0103	0.000002	-4.1180	1.4618	0.1482	4070
hyperlight_mappo	TEST	50	214.2209	0.000002	-6.6543	2.3967	0.1701	3992
hyperlight_mappo	TRAIN	51	218.1558	0.000043	-4.6478	1.7090	0.1497	4057
hyperlight_mappo	TRAIN	52	204.4995	-0.000008	-3.5857	1.3460	0.1446	4048
hyperlight_mappo	TRAIN	53	208.3977	-0.000008	-3.4755	1.3048	0.1414	4066
hyperlight_mappo	TRAIN	54	207.4980	-0.000008	-3.6286	1.3492	0.1428	4068
hyperlight_mappo	TRAIN	55	217.7033	-0.000006	-3.8791	1.4546	0.1500	4058
hyperlight_mappo	TEST	55	221.7102	-0.000006	-6.6783	2.4114	0.1662	4031
hyperlight_mappo	TRAIN	56	205.2238	-0.000011	-3.5710	1.3402	0.1440	4075
hyperlight_mappo	TRAIN	57	207.9914	-0.000010	-3.5268	1.3086	0.1416	4065
hyperlight_mappo	TRAIN	58	210.4165	-0.000009	-3.6501	1.3222	0.1450	4070
hyperlight_mappo	TRAIN	59	212.5187	-0.000007	-3.8568	1.3963	0.1454	4064
hyperlight_mappo	TRAIN	60	222.0799	0.000038	-4.4735	1.4909	0.1476	4056
hyperlight_mappo	TEST	60	226.3989	0.000038	-6.0405	2.1593	0.1644	4046
hyperlight_mappo	TRAIN	61	208.6659	-0.000002	-3.5570	1.3327	0.1416	4059
hyperlight_mappo	TRAIN	62	206.0543	-0.000011	-3.3494	1.2720	0.1385	4071
hyperlight_mappo	TRAIN	63	205.5765	-0.000003	-3.3606	1.2927	0.1412	4066
hyperlight_mappo	TRAIN	64	215.5224	-0.000001	-3.7749	1.3841	0.1458	4058
hyperlight_mappo	TRAIN	65	204.1157	-0.000002	-3.3423	1.2751	0.1379	4071
hyperlight_mappo	TEST	65	207.4386	-0.000002	-4.6835	1.7406	0.1458	4036
hyperlight_mappo	TRAIN	66	205.2174	0.000005	-3.3676	1.2402	0.1381	4067
hyperlight_mappo	TRAIN	67	204.6299	-0.000003	-3.1544	1.2134	0.1367	4067
hyperlight_mappo	TRAIN	68	207.4990	0.000004	-3.4181	1.2825	0.1402	4072
hyperlight_mappo	TRAIN	69	207.9995	-0.000000	-3.3037	1.2382	0.1374	4064
hyperlight_mappo	TRAIN	70	206.7000	-0.000002	-3.1431	1.2091	0.1360	4070
hyperlight_mappo	TEST	70	204.2596	-0.000002	-3.7907	1.4738	0.1412	4030
hyperlight_mappo	TRAIN	71	207.6078	0.000006	-3.3359	1.2483	0.1404	4072
hyperlight_mappo	TRAIN	72	205.1523	-0.000001	-3.4200	1.2688	0.1367	4064
hyperlight_mappo	TRAIN	73	210.9789	0.000003	-3.3467	1.2608	0.1401	4068
hyperlight_mappo	TRAIN	74	206.3903	-0.000001	-3.2688	1.2495	0.1387	4058
hyperlight_mappo	TRAIN	75	207.0898	0.000002	-3.0692	1.1787	0.1325	4075
hyperlight_mappo	TEST	75	221.8287	0.000002	-4.6889	1.7034	0.1489	3852
hyperlight_mappo	TRAIN	76	203.2739	-0.000003	-3.0123	1.1677	0.1352	4063
hyperlight_mappo	TRAIN	77	205.4444	-0.000008	-3.1901	1.2282	0.1343	4073
hyperlight_mappo	TRAIN	78	203.6284	-0.000007	-2.9417	1.1692	0.1337	4066
hyperlight_mappo	TRAIN	79	275.4545	0.000139	-6.1356	1.8870	0.1602	4062
hyperlight_mappo	TRAIN	80	213.4356	0.000011	-3.5448	1.3378	0.1400	4070
hyperlight_mappo	TEST	80	239.7769	0.000011	-4.2167	1.4913	0.1419	4025
hyperlight_mappo	TRAIN	81	209.1548	-0.000001	-3.2037	1.2317	0.1345	4077
hyperlight_mappo	TRAIN	82	205.1114	-0.000006	-3.0816	1.2112	0.1346	4058
hyperlight_mappo	TRAIN	83	205.6481	-0.000006	-3.0839	1.1917	0.1354	4058
hyperlight_mappo	TRAIN	84	202.8554	-0.000007	-3.0518	1.1847	0.1347	4067
hyperlight_mappo	TRAIN	85	202.8985	-0.000001	-2.7410	1.1046	0.1296	4078
hyperlight_mappo	TEST	85	203.5086	-0.000001	-3.1153	1.2102	0.1334	4021
hyperlight_mappo	TRAIN	86	201.1677	-0.000008	-2.8075	1.1151	0.1311	4061
hyperlight_mappo	TRAIN	87	201.7799	-0.000006	-2.8047	1.1071	0.1311	4070
hyperlight_mappo	TRAIN	88	206.9467	-0.000004	-3.0312	1.1567	0.1346	4070
hyperlight_mappo	TRAIN	89	214.7987	-0.000005	-3.1105	1.1906	0.1364	4058
hyperlight_mappo	TRAIN	90	208.4083	-0.000007	-2.8593	1.1054	0.1313	4075
hyperlight_mappo	TEST	90	216.6132	-0.000007	-3.4745	1.3251	0.1338	4038
hyperlight_mappo	TRAIN	91	203.7916	-0.000009	-2.9283	1.1189	0.1304	4074
hyperlight_mappo	TRAIN	92	202.3921	0.000003	-2.7529	1.1062	0.1326	4075
hyperlight_mappo	TRAIN	93	202.4598	0.000003	-2.7150	1.0902	0.1299	4076
hyperlight_mappo	TRAIN	94	207.2168	0.000003	-2.9778	1.1483	0.1330	4078
hyperlight_mappo	TRAIN	95	201.4714	0.000006	-2.7493	1.0950	0.1297	4073
hyperlight_mappo	TEST	95	223.0358	0.000006	-3.9502	1.3746	0.1414	4046
hyperlight_mappo	TRAIN	96	216.4072	0.000026	-3.2549	1.2295	0.1347	3961
hyperlight_mappo	TRAIN	97	212.2690	0.000005	-3.1843	1.1779	0.1321	4082
hyperlight_mappo	TRAIN	98	213.4763	0.000007	-2.9632	1.1599	0.1334	4077
hyperlight_mappo	TRAIN	99	213.7911	0.000002	-3.1059	1.1606	0.1324	4068
hyperlight_mappo	TRAIN	100	216.3804	0.000061	-3.6310	1.2813	0.1322	4075
hyperlight_mappo	TEST	100	213.3883	0.000061	-3.0011	1.1384	0.1331	3997
hyperlight_mappo	TRAIN	101	207.9539	0.000006	-2.9021	1.1112	0.1288	4074
hyperlight_mappo	TRAIN	102	207.6925	-0.000003	-2.8651	1.0815	0.1304	3997
hyperlight_mappo	TRAIN	103	213.5673	0.000007	-3.1346	1.1503	0.1339	4051
hyperlight_mappo	TRAIN	104	203.7794	0.000023	-2.6443	1.0578	0.1267	4075
hyperlight_mappo	TRAIN	105	207.8222	0.000007	-2.8324	1.0783	0.1313	4045
hyperlight_mappo	TEST	105	233.5034	0.000007	-5.2067	1.8269	0.1536	3836
hyperlight_mappo	TRAIN	106	212.5222	0.000005	-2.9841	1.1124	0.1328	4077
hyperlight_mappo	TRAIN	107	209.3314	0.000019	-2.9546	1.1184	0.1323	4064
hyperlight_mappo	TRAIN	108	208.3330	0.000008	-2.8749	1.0803	0.1276	4048
hyperlight_mappo	TRAIN	109	207.3246	-0.000004	-2.7708	1.0607	0.1285	4002
hyperlight_mappo	TRAIN	110	210.6655	-0.000003	-3.1007	1.1206	0.1338	3973
hyperlight_mappo	TEST	110	242.5949	-0.000003	-5.6616	1.8960	0.1568	3853
hyperlight_mappo	TRAIN	111	213.9333	0.000023	-3.0254	1.1123	0.1343	3972
hyperlight_mappo	TRAIN	112	213.3833	0.000003	-2.8427	1.0700	0.1296	3997
hyperlight_mappo	TRAIN	113	214.2527	0.000005	-3.0013	1.1139	0.1294	4036
hyperlight_mappo	TRAIN	114	213.5533	0.000005	-3.0792	1.1233	0.1301	4077
hyperlight_mappo	TRAIN	115	213.7154	0.000010	-3.0050	1.0991	0.1300	4012
hyperlight_mappo	TEST	115	220.3231	0.000010	-3.3448	1.2393	0.1324	3915
hyperlight_mappo	TRAIN	116	205.4489	0.000002	-2.6931	1.0516	0.1283	4077
hyperlight_mappo	TRAIN	117	207.6808	0.000000	-2.7051	1.0320	0.1259	4020
hyperlight_mappo	TRAIN	118	207.0335	0.000003	-2.8444	1.0869	0.1274	4061
hyperlight_mappo	TRAIN	119	207.9119	-0.000000	-2.6731	1.0296	0.1276	4005
hyperlight_mappo	TRAIN	120	216.8912	0.000009	-2.9770	1.0996	0.1285	4063
hyperlight_mappo	TEST	120	217.3756	0.000009	-2.9487	1.1320	0.1313	3986
hyperlight_mappo	TRAIN	121	211.6782	0.000016	-3.4216	1.3101	0.1294	4077
hyperlight_mappo	TRAIN	122	214.7474	0.000092	-3.5803	1.2796	0.1300	4061
hyperlight_mappo	TRAIN	123	203.8369	-0.000003	-2.6703	1.0500	0.1279	4066
hyperlight_mappo	TRAIN	124	209.3317	0.000001	-2.7858	1.0766	0.1300	4070
hyperlight_mappo	TRAIN	125	205.6419	-0.000001	-2.6553	1.0481	0.1257	4072
hyperlight_mappo	TEST	125	231.8512	-0.000001	-3.6983	1.3235	0.1357	3965
hyperlight_mappo	TRAIN	126	205.3810	0.000000	-2.6683	1.0487	0.1266	4081
hyperlight_mappo	TRAIN	127	218.3399	0.000094	-3.9302	1.2911	0.1333	4075
hyperlight_mappo	TRAIN	128	217.2982	0.000015	-3.0994	1.1485	0.1292	4075
hyperlight_mappo	TRAIN	129	206.3871	-0.000004	-2.6221	1.0462	0.1271	4066
hyperlight_mappo	TRAIN	130	203.9570	0.000013	-2.5684	1.0313	0.1236	4072
hyperlight_mappo	TEST	130	206.2057	0.000013	-2.7694	1.1003	0.1301	4011
hyperlight_mappo	TRAIN	131	202.2600	-0.000006	-2.4704	1.0038	0.1243	4070
hyperlight_mappo	TRAIN	132	203.9045	-0.000000	-2.4829	0.9968	0.1231	4074
hyperlight_mappo	TRAIN	133	202.4558	-0.000008	-2.5877	1.0421	0.1272	4074
hyperlight_mappo	TRAIN	134	199.2734	-0.000005	-2.4891	1.0070	0.1234	4068
hyperlight_mappo	TRAIN	135	201.3476	0.000003	-2.4972	1.0140	0.1219	4071
hyperlight_mappo	TEST	135	212.3195	0.000003	-3.0081	1.1548	0.1266	4050
hyperlight_mappo	TRAIN	136	201.7625	0.000005	-2.5597	1.0356	0.1240	4080
hyperlight_mappo	TRAIN	137	199.1276	-0.000000	-2.4212	0.9811	0.1234	4076
hyperlight_mappo	TRAIN	138	217.9693	0.000023	-3.2482	1.2019	0.1326	4044
hyperlight_mappo	TRAIN	139	203.0186	0.000004	-2.6775	1.0607	0.1274	4078
hyperlight_mappo	TRAIN	140	199.7653	-0.000000	-2.5049	1.0144	0.1226	4077
hyperlight_mappo	TEST	140	207.4608	-0.000000	-2.6277	1.0358	0.1235	4080
hyperlight_mappo	TRAIN	141	199.4535	0.000003	-2.4524	1.0044	0.1223	4084
hyperlight_mappo	TRAIN	142	204.2443	-0.000001	-2.7927	1.0905	0.1308	4064
hyperlight_mappo	TRAIN	143	199.6445	0.000001	-2.4769	1.0032	0.1253	4068
hyperlight_mappo	TRAIN	144	202.3474	-0.000006	-2.4746	0.9868	0.1229	4076
hyperlight_mappo	TRAIN	145	205.5741	0.000001	-2.7608	1.0647	0.1275	4076
hyperlight_mappo	TEST	145	220.6240	0.000001	-3.0832	1.1509	0.1275	4067
hyperlight_mappo	TRAIN	146	202.6606	0.000005	-2.6974	1.0474	0.1280	4081
hyperlight_mappo	TRAIN	147	205.5472	0.000001	-2.6903	1.0582	0.1266	4075
hyperlight_mappo	TRAIN	148	204.2656	0.000006	-2.7740	1.0717	0.1298	4074
hyperlight_mappo	TRAIN	149	201.4284	0.000003	-2.5440	1.0046	0.1260	4078
hyperlight_mappo	TRAIN	150	203.4523	-0.000003	-2.4926	1.0048	0.1233	4081
hyperlight_mappo	TEST	150	209.7081	-0.000003	-2.5318	1.0094	0.1249	4073
hyperlight_mappo	TRAIN	151	207.5539	-0.000002	-2.7091	1.0336	0.1238	4071
hyperlight_mappo	TRAIN	152	200.9149	0.000002	-2.5481	1.0049	0.1253	4078
hyperlight_mappo	TRAIN	153	212.3377	0.000005	-2.8937	1.0791	0.1264	4063
hyperlight_mappo	TRAIN	154	206.6586	-0.000003	-2.5933	1.0160	0.1240	4071
hyperlight_mappo	TRAIN	155	201.5958	0.000002	-2.4462	0.9860	0.1245	4062
hyperlight_mappo	TEST	155	205.1863	0.000002	-2.5733	1.0168	0.1269	4058
hyperlight_mappo	TRAIN	156	202.4800	0.000013	-2.5513	1.0032	0.1239	4071
hyperlight_mappo	TRAIN	157	201.1867	0.000048	-3.2212	1.0992	0.1287	3995
hyperlight_mappo	TRAIN	158	214.2305	0.000012	-3.1316	1.1249	0.1317	4065
hyperlight_mappo	TRAIN	159	216.5185	-0.000000	-2.8814	1.0782	0.1285	4077
hyperlight_mappo	TRAIN	160	214.5108	0.000004	-2.9876	1.1054	0.1288	4062
hyperlight_mappo	TEST	160	224.7862	0.000004	-3.2757	1.1560	0.1303	4014
hyperlight_mappo	TRAIN	161	217.8006	0.000012	-3.0304	1.1118	0.1270	4068
hyperlight_mappo	TRAIN	162	219.7804	0.000016	-3.2844	1.1426	0.1303	4008
hyperlight_mappo	TRAIN	163	213.3784	0.000010	-3.0896	1.0925	0.1282	4062
hyperlight_mappo	TRAIN	164	215.4461	0.000002	-2.9030	1.0640	0.1279	4037
hyperlight_mappo	TRAIN	165	210.1399	-0.000002	-2.7881	1.0411	0.1239	4054
hyperlight_mappo	TEST	165	215.0333	-0.000002	-2.8035	1.0307	0.1297	3992
hyperlight_mappo	TRAIN	166	210.8961	0.000008	-2.6938	1.0073	0.1259	3955
hyperlight_mappo	TRAIN	167	225.6243	0.000078	-3.8171	1.2788	0.1330	4032
hyperlight_mappo	TRAIN	168	215.9473	0.000017	-2.9018	1.0622	0.1291	4058
hyperlight_mappo	TRAIN	169	212.2935	0.000007	-2.9839	1.0661	0.1273	4058
hyperlight_mappo	TRAIN	170	251.0700	0.000049	-4.2065	1.4237	0.1414	4074
hyperlight_mappo	TEST	170	229.6796	0.000049	-3.4840	1.1714	0.1302	4033
hyperlight_mappo	TRAIN	171	215.3485	0.000012	-3.0328	1.1050	0.1292	4078
hyperlight_mappo	TRAIN	172	211.9088	0.000007	-2.7874	1.0480	0.1262	4068
hyperlight_mappo	TRAIN	173	214.1608	0.000009	-2.7675	1.0413	0.1282	4060
hyperlight_mappo	TRAIN	174	217.6946	0.000016	-3.2454	1.1325	0.1316	4073
hyperlight_mappo	TRAIN	175	227.7914	0.000006	-3.2861	1.1602	0.1347	4050
hyperlight_mappo	TEST	175	236.6926	0.000006	-3.9750	1.3394	0.1373	3839
hyperlight_mappo	TRAIN	176	210.9373	0.000005	-2.5939	1.0082	0.1251	4067
hyperlight_mappo	TRAIN	177	228.8558	0.000017	-3.4501	1.1767	0.1353	4077
hyperlight_mappo	TRAIN	178	213.9975	0.000011	-2.8989	1.0665	0.1266	4057
hyperlight_mappo	TRAIN	179	218.2209	0.000011	-2.9498	1.0804	0.1294	4069
hyperlight_mappo	TRAIN	180	224.1776	0.000025	-3.5988	1.2541	0.1344	4038
hyperlight_mappo	TEST	180	233.7770	0.000025	-3.5407	1.1843	0.1337	4000
hyperlight_mappo	TRAIN	181	258.7887	0.000052	-4.1818	1.4000	0.1420	4061
hyperlight_mappo	TRAIN	182	217.0474	0.000023	-2.9653	1.0886	0.1293	4068
hyperlight_mappo	TRAIN	183	276.3655	0.000051	-4.6925	1.5111	0.1437	4025
hyperlight_mappo	TRAIN	184	225.7639	0.000027	-3.1822	1.1493	0.1309	4003
hyperlight_mappo	TRAIN	185	218.5307	0.000037	-3.3284	1.1702	0.1307	4074
hyperlight_mappo	TEST	185	222.9698	0.000037	-3.3121	1.1771	0.1321	4035
hyperlight_mappo	TRAIN	186	212.2464	0.000024	-2.7948	1.0765	0.1305	4066
hyperlight_mappo	TRAIN	187	217.4314	0.000011	-2.8570	1.0713	0.1287	4061
hyperlight_mappo	TRAIN	188	228.5153	0.000002	-2.9589	1.1160	0.1316	4073
hyperlight_mappo	TRAIN	189	218.1077	0.000024	-3.0508	1.1493	0.1303	4066
hyperlight_mappo	TRAIN	190	250.4057	0.000017	-3.5755	1.3134	0.1427	4035
hyperlight_mappo	TEST	190	242.3050	0.000017	-4.3994	1.5066	0.1426	3757
hyperlight_mappo	TRAIN	191	214.5299	0.000008	-2.7363	1.0918	0.1287	4067
hyperlight_mappo	TRAIN	192	226.2228	0.000126	-4.0097	1.3233	0.1328	4057
hyperlight_mappo	TRAIN	193	229.0546	0.000009	-2.8536	1.0979	0.1323	4047
hyperlight_mappo	TRAIN	194	248.7260	0.000047	-3.7130	1.3212	0.1396	3989
hyperlight_mappo	TRAIN	195	244.7905	0.000394	-7.7650	2.7755	0.1527	3580
hyperlight_mappo	TEST	195	275.9427	0.000394	-4.0621	1.4030	0.1443	3805
hyperlight_mappo	TRAIN	196	255.9942	0.000011	-3.5303	1.3009	0.1408	3974
hyperlight_mappo	TRAIN	197	232.8770	0.000036	-3.5699	1.2571	0.1328	3944
hyperlight_mappo	TRAIN	198	230.7961	0.000006	-3.0671	1.1549	0.1319	4037
hyperlight_mappo	TRAIN	199	245.8185	0.000002	-3.2176	1.1952	0.1345	4054
hyperlight_mappo	TRAIN	200	237.3224	0.000006	-3.1169	1.1651	0.1308	4029
hyperlight_mappo	TEST	200	279.1653	0.000006	-4.0889	1.3786	0.1415	3969
hyperlight_mappo	TRAIN	201	263.2205	0.000021	-3.6833	1.3101	0.1409	4055
hyperlight_mappo	TRAIN	202	220.4092	0.000004	-3.0746	1.1570	0.1323	4025
hyperlight_mappo	TRAIN	203	239.4308	0.000007	-3.1168	1.1808	0.1345	4065
hyperlight_mappo	TRAIN	204	232.8613	0.000026	-3.2632	1.1993	0.1333	4065
hyperlight_mappo	TRAIN	205	229.4463	0.000005	-2.9779	1.0835	0.1281	4060
hyperlight_mappo	TEST	205	236.2758	0.000005	-3.1928	1.0979	0.1252	4065
hyperlight_mappo	TRAIN	206	223.5551	0.000010	-3.3606	1.1806	0.1320	4041
hyperlight_mappo	TRAIN	207	233.2175	0.000006	-3.3570	1.1664	0.1287	4065
hyperlight_mappo	TRAIN	208	234.6965	0.000012	-3.2005	1.1468	0.1324	4040
hyperlight_mappo	TRAIN	209	236.2354	0.000034	-3.5486	1.2476	0.1321	3802
hyperlight_mappo	TRAIN	210	234.5677	0.000048	-3.3632	1.1861	0.1302	4046
hyperlight_mappo	TEST	210	247.5270	0.000048	-3.6182	1.1550	0.1324	3983
hyperlight_mappo	TRAIN	211	235.3770	0.000021	-3.7191	1.2210	0.1305	3942
hyperlight_mappo	TRAIN	212	233.8959	0.000048	-3.7641	1.2537	0.1308	4035
hyperlight_mappo	TRAIN	213	235.9725	0.000071	-3.9554	1.2922	0.1338	4036
hyperlight_mappo	TRAIN	214	222.8050	0.000024	-3.4054	1.1849	0.1331	4056
hyperlight_mappo	TRAIN	215	228.1986	0.000001	-3.3555	1.1505	0.1329	4053
hyperlight_mappo	TEST	215	247.1880	0.000001	-3.5702	1.1806	0.1292	4015
hyperlight_mappo	TRAIN	216	240.6511	0.000030	-3.8893	1.3376	0.1374	4047
hyperlight_mappo	TRAIN	217	224.8158	0.000017	-3.0843	1.1119	0.1267	4022
hyperlight_mappo	TRAIN	218	235.6236	0.000028	-3.4549	1.1799	0.1271	4025
hyperlight_mappo	TRAIN	219	238.7030	0.000029	-3.5181	1.1942	0.1297	4044
hyperlight_mappo	TRAIN	220	239.9666	0.000007	-3.2223	1.1374	0.1291	4037
hyperlight_mappo	TEST	220	257.8024	0.000007	-4.4949	1.4349	0.1341	3801
hyperlight_mappo	TRAIN	221	231.1129	0.000009	-3.1845	1.1167	0.1273	4075
hyperlight_mappo	TRAIN	222	244.3849	0.000068	-3.9114	1.2849	0.1290	4027
hyperlight_mappo	TRAIN	223	240.7782	0.000016	-3.4521	1.2013	0.1311	4039
hyperlight_mappo	TRAIN	224	221.7153	0.000012	-2.8844	1.0907	0.1239	4033
hyperlight_mappo	TRAIN	225	220.3108	0.000013	-2.6823	1.0421	0.1256	4031
hyperlight_mappo	TEST	225	249.7651	0.000013	-3.9591	1.3180	0.1299	3998
hyperlight_mappo	TRAIN	226	215.7018	0.000006	-2.7246	1.0599	0.1244	4054
hyperlight_mappo	TRAIN	227	231.1876	0.000018	-3.0865	1.1221	0.1261	4057
hyperlight_mappo	TRAIN	228	240.9305	0.000017	-3.0320	1.1368	0.1288	4015
hyperlight_mappo	TRAIN	229	229.3972	0.000011	-2.9232	1.0717	0.1231	4036
hyperlight_mappo	TRAIN	230	221.0227	0.000007	-2.7718	1.0566	0.1225	4052
hyperlight_mappo	TEST	230	219.4361	0.000007	-2.3601	0.9357	0.1200	3983
hyperlight_mappo	TRAIN	231	219.6329	0.000002	-2.4395	0.9762	0.1203	4013
hyperlight_mappo	TRAIN	232	233.2099	0.000080	-3.4965	1.2135	0.1241	4012
hyperlight_mappo	TRAIN	233	238.7524	0.000033	-3.4095	1.2504	0.1313	4059
hyperlight_mappo	TRAIN	234	217.7049	0.000004	-2.4282	0.9755	0.1202	4053
hyperlight_mappo	TRAIN	235	218.6444	0.000003	-2.4779	0.9858	0.1190	4050
hyperlight_mappo	TEST	235	236.8791	0.000003	-3.1906	1.1046	0.1270	4012
hyperlight_mappo	TRAIN	236	220.6047	0.000008	-2.6652	1.0073	0.1233	4070
hyperlight_mappo	TRAIN	237	219.6804	0.000002	-2.8100	1.0270	0.1205	4058
hyperlight_mappo	TRAIN	238	222.1178	0.000000	-2.6367	1.0208	0.1199	4033
hyperlight_mappo	TRAIN	239	222.4816	0.000006	-2.7755	1.0487	0.1219	4057
hyperlight_mappo	TRAIN	240	218.6769	0.000006	-2.5863	1.0063	0.1222	4064
hyperlight_mappo	TEST	240	307.1420	0.000006	-4.9595	1.6353	0.1441	3952
hyperlight_mappo	TRAIN	241	221.3857	0.000003	-2.7035	1.0220	0.1221	4063
hyperlight_mappo	TRAIN	242	251.7311	0.000034	-3.8952	1.3488	0.1359	3830
hyperlight_mappo	TRAIN	243	260.9509	0.000069	-4.1385	1.3718	0.1381	4056
hyperlight_mappo	TRAIN	244	224.1533	0.000009	-2.6860	1.0259	0.1248	4012
hyperlight_mappo	TRAIN	245	218.9493	0.000007	-2.8619	1.0540	0.1265	4023
hyperlight_mappo	TEST	245	271.3598	0.000007	-3.9984	1.3741	0.1309	3802
hyperlight_mappo	TRAIN	246	231.9634	0.000008	-3.0123	1.1038	0.1298	4021
hyperlight_mappo	TRAIN	247	240.1824	0.000010	-2.9535	1.0927	0.1272	3992
hyperlight_mappo	TRAIN	248	223.8274	0.000008	-2.7911	1.0283	0.1264	4014
hyperlight_mappo	TRAIN	249	223.6022	0.000004	-2.6341	1.0042	0.1226	4015
