structural conditioning spec: structural_v1:in_lane_count,out_lane_count,in_degree,out_degree,node_degree,neighbor_count,phase_count,startlane_count,lanes_per_in_road,lanes_per_out_road,out_in_lane_ratio,controlled_neighbor_ratio
structural features (min/mean/max): in_lane_count[4/7.43/14] out_lane_count[3/5.10/8] in_degree[3/3.19/4] out_degree[2/3.24/4] node_degree[5/6.43/8] neighbor_count[0/0.38/2] phase_count[2/3.19/4] startlane_count[4/7.43/14] lanes_per_in_road[1.33333/2.33/4] lanes_per_out_road[1/1.59/2.33333] out_in_lane_ratio[0.5/0.70/1] controlled_neighbor_ratio[0/0.13/0.666667]
step:3600/3600, q_loss:0.0002633204631921318, rewards:-12.691913604736328, queue:3.8157408237457275, delay:0.22820498049259186, throughput:3940
episode:0/250, real avg travel time:296.56700507614215
Test step:0/250, travel time :775.2350597609561, rewards:-42.49831771850586, queue:13.056746482849121, delay:0.3550630211830139, throughput:753
New best TEST travel time 775.2351 at episode 0, saved as best checkpoint
step:3600/3600, q_loss:0.0003447245276119146, rewards:-12.1797513961792, queue:3.905423164367676, delay:0.21937891840934753, throughput:3944
episode:1/250, real avg travel time:315.01724137931035
step:3600/3600, q_loss:0.00044922169763594866, rewards:-13.209749221801758, queue:3.9772486686706543, delay:0.2219572514295578, throughput:3771
episode:2/250, real avg travel time:324.00212145319546
step:3600/3600, q_loss:0.0001559675659842065, rewards:-10.018036842346191, queue:3.167989492416382, delay:0.1969725787639618, throughput:3947
episode:3/250, real avg travel time:295.32784393210034
step:3600/3600, q_loss:0.00015306173720293576, rewards:-9.332738876342773, queue:3.0343916416168213, delay:0.18819478154182434, throughput:3900
episode:4/250, real avg travel time:297.48692307692306
step:3600/3600, q_loss:0.00018850386776547465, rewards:-9.659255027770996, queue:2.9753968715667725, delay:0.1903926134109497, throughput:3989
episode:5/250, real avg travel time:297.5943845575332
Test step:5/250, travel time :251.95962490231832, rewards:-8.014278411865234, queue:2.8736772537231445, delay:0.1718371957540512, throughput:3839
New best TEST travel time 251.9596 at episode 5, saved as best checkpoint
step:3600/3600, q_loss:7.578498172935926e-05, rewards:-7.927758693695068, queue:2.5742063522338867, delay:0.1828906387090683, throughput:4005
episode:6/250, real avg travel time:271.59026217228467
step:3600/3600, q_loss:6.921030451647109e-05, rewards:-7.577638626098633, queue:2.490476131439209, delay:0.17670895159244537, throughput:4005
episode:7/250, real avg travel time:265.5920099875156
step:3600/3600, q_loss:2.9817945000508593e-05, rewards:-6.604488849639893, queue:2.233597993850708, delay:0.16995525360107422, throughput:4014
episode:8/250, real avg travel time:246.50024912805182
step:3600/3600, q_loss:4.166200815234333e-05, rewards:-6.88841438293457, queue:2.32275128364563, delay:0.17305725812911987, throughput:4007
episode:9/250, real avg travel time:246.94709258797104
step:3600/3600, q_loss:3.0289005048366057e-05, rewards:-6.832747459411621, queue:2.3653438091278076, delay:0.17114664614200592, throughput:4053
episode:10/250, real avg travel time:266.6627189735998
Test step:10/250, travel time :251.95962490231832, rewards:-8.014278411865234, queue:2.8736772537231445, delay:0.1718371957540512, throughput:3839
step:3600/3600, q_loss:1.100692332127235e-05, rewards:-5.809337615966797, queue:2.0669312477111816, delay:0.16210362315177917, throughput:4020
episode:11/250, real avg travel time:248.39626865671642
step:3600/3600, q_loss:1.936254088327082e-05, rewards:-5.812426567077637, queue:2.0287036895751953, delay:0.16050072014331818, throughput:4015
episode:12/250, real avg travel time:237.09663760896638
step:3600/3600, q_loss:1.4361050529664175e-05, rewards:-5.706090450286865, queue:1.9533069133758545, delay:0.16138967871665955, throughput:4044
episode:13/250, real avg travel time:236.08160237388725
step:3600/3600, q_loss:3.540696383829022e-05, rewards:-6.654210567474365, queue:2.305555582046509, delay:0.1694905310869217, throughput:4046
episode:14/250, real avg travel time:252.35590706870983
step:3600/3600, q_loss:1.4519620082056565e-05, rewards:-5.570104122161865, queue:1.945105791091919, delay:0.16390840709209442, throughput:4037
episode:15/250, real avg travel time:238.9561555610602
Test step:15/250, travel time :251.95962490231832, rewards:-8.014278411865234, queue:2.8736772537231445, delay:0.1718371957540512, throughput:3839
step:3600/3600, q_loss:9.489105529307078e-06, rewards:-5.332338333129883, queue:1.8841270208358765, delay:0.16030173003673553, throughput:4055
episode:16/250, real avg travel time:233.9933415536375
step:3600/3600, q_loss:2.5329857534315022e-05, rewards:-5.67555570602417, queue:1.9358465671539307, delay:0.15658244490623474, throughput:4030
episode:17/250, real avg travel time:233.55508684863523
step:3600/3600, q_loss:1.2966753436355956e-05, rewards:-5.206927299499512, queue:1.8681217432022095, delay:0.1563880890607834, throughput:4028
episode:18/250, real avg travel time:231.6432472691162
step:3600/3600, q_loss:1.156916267872374e-05, rewards:-4.997340202331543, queue:1.7826719284057617, delay:0.15477007627487183, throughput:4012
episode:19/250, real avg travel time:230.66026919242273
step:3600/3600, q_loss:9.789688596760647e-06, rewards:-4.894868850708008, queue:1.778174638748169, delay:0.15636345744132996, throughput:4041
episode:20/250, real avg travel time:229.97277901509528
Test step:20/250, travel time :253.09979263867288, rewards:-7.910919189453125, queue:2.8435184955596924, delay:0.1641312688589096, throughput:3858
step:3600/3600, q_loss:6.425739945067713e-05, rewards:-5.858405113220215, queue:1.9388889074325562, delay:0.15997321903705597, throughput:4040
episode:21/250, real avg travel time:239.77475247524754
step:3600/3600, q_loss:7.948373321495536e-06, rewards:-5.1357645988464355, queue:1.8197089433670044, delay:0.15832769870758057, throughput:4025
episode:22/250, real avg travel time:229.40248447204968
step:3600/3600, q_loss:2.73031489794246e-05, rewards:-5.903679847717285, queue:2.0406084060668945, delay:0.16780680418014526, throughput:4024
episode:23/250, real avg travel time:251.22937375745528
step:3600/3600, q_loss:8.904954625500573e-06, rewards:-5.000332832336426, queue:1.7724868059158325, delay:0.15926732122898102, throughput:4057
episode:24/250, real avg travel time:232.03746610796154
step:3600/3600, q_loss:1.278837387669935e-05, rewards:-5.197754859924316, queue:1.8433862924575806, delay:0.15506097674369812, throughput:4029
episode:25/250, real avg travel time:227.2194092827004
Test step:25/250, travel time :264.04964724327147, rewards:-8.932077407836914, queue:3.158994674682617, delay:0.17710956931114197, throughput:3827
step:3600/3600, q_loss:6.880343911082795e-06, rewards:-5.085289001464844, queue:1.7996032238006592, delay:0.1563388705253601, throughput:4055
episode:26/250, real avg travel time:228.43057953144267
step:3600/3600, q_loss:1.85429581001194e-05, rewards:-5.507436752319336, queue:1.8887566328048706, delay:0.15816308557987213, throughput:4054
episode:27/250, real avg travel time:235.36581154415393
step:3600/3600, q_loss:9.245003052961288e-06, rewards:-5.197620868682861, queue:1.8171957731246948, delay:0.15907502174377441, throughput:4036
episode:28/250, real avg travel time:225.59266600594648
step:3600/3600, q_loss:1.7020852343800167e-05, rewards:-4.934699058532715, queue:1.7960317134857178, delay:0.1562310755252838, throughput:4049
episode:29/250, real avg travel time:224.18597184489997
step:3600/3600, q_loss:5.022345398578586e-05, rewards:-5.626803398132324, queue:1.9197089672088623, delay:0.16151991486549377, throughput:4056
episode:30/250, real avg travel time:239.09787968441813
Test step:30/250, travel time :240.14647519582246, rewards:-8.107638359069824, queue:2.88187837600708, delay:0.1735108345746994, throughput:3830
New best TEST travel time 240.1465 at episode 30, saved as best checkpoint
step:3600/3600, q_loss:4.173025146075007e-05, rewards:-5.448734760284424, queue:1.8931217193603516, delay:0.15833179652690887, throughput:3975
episode:31/250, real avg travel time:232.11949685534591
step:3600/3600, q_loss:9.924962068907916e-06, rewards:-4.573815822601318, queue:1.6273809671401978, delay:0.15499700605869293, throughput:4065
episode:32/250, real avg travel time:219.7207872078721
step:3600/3600, q_loss:1.1113684579160893e-05, rewards:-5.022228240966797, queue:1.7624338865280151, delay:0.15412823855876923, throughput:4041
episode:33/250, real avg travel time:226.6713684731502
step:3600/3600, q_loss:0.0001039150442617635, rewards:-6.028087615966797, queue:1.9669312238693237, delay:0.1634013056755066, throughput:4050
episode:34/250, real avg travel time:250.34740740740742
step:3600/3600, q_loss:2.498746713778625e-05, rewards:-5.341476917266846, queue:1.8398147821426392, delay:0.1644844263792038, throughput:4055
episode:35/250, real avg travel time:232.8485819975339
Test step:35/250, travel time :235.9400366588112, rewards:-9.152212142944336, queue:2.8915343284606934, delay:0.16921739280223846, throughput:3819
New best TEST travel time 235.9400 at episode 35, saved as best checkpoint
step:3600/3600, q_loss:3.440700836815975e-06, rewards:-4.7461771965026855, queue:1.685185194015503, delay:0.15805310010910034, throughput:4048
episode:36/250, real avg travel time:226.37697628458497
step:3600/3600, q_loss:4.528113721688795e-06, rewards:-4.831955909729004, queue:1.6961640119552612, delay:0.1563660204410553, throughput:4044
episode:37/250, real avg travel time:221.03437190900098
step:3600/3600, q_loss:2.3561781239954547e-06, rewards:-4.290728569030762, queue:1.5629630088806152, delay:0.15433098375797272, throughput:4062
episode:38/250, real avg travel time:217.9160512063023
step:3600/3600, q_loss:1.3890812099109301e-05, rewards:-4.5422515869140625, queue:1.683465600013733, delay:0.15422657132148743, throughput:4053
episode:39/250, real avg travel time:212.93510979521344
step:3600/3600, q_loss:8.060426448032053e-05, rewards:-5.118339538574219, queue:1.7797619104385376, delay:0.15555627644062042, throughput:4059
episode:40/250, real avg travel time:226.18255728011826
Test step:40/250, travel time :245.86813186813185, rewards:-7.687376022338867, queue:2.7883598804473877, delay:0.17198677361011505, throughput:3822
step:3600/3600, q_loss:-2.768927354029276e-06, rewards:-4.106120586395264, queue:1.5322750806808472, delay:0.15276961028575897, throughput:4055
episode:41/250, real avg travel time:212.3861898890259
step:3600/3600, q_loss:3.725775281458886e-06, rewards:-4.145479202270508, queue:1.5316137075424194, delay:0.14911502599716187, throughput:4067
episode:42/250, real avg travel time:213.1576100319646
step:3600/3600, q_loss:1.2593370209085858e-05, rewards:-4.307343006134033, queue:1.5556877851486206, delay:0.15108153223991394, throughput:4062
episode:43/250, real avg travel time:210.66395864106352
step:3600/3600, q_loss:-3.098453210744386e-06, rewards:-4.0951385498046875, queue:1.5313491821289062, delay:0.15054184198379517, throughput:4059
episode:44/250, real avg travel time:214.58314855875832
step:3600/3600, q_loss:-4.054919069555278e-06, rewards:-4.103120803833008, queue:1.5318783521652222, delay:0.15007248520851135, throughput:4063
episode:45/250, real avg travel time:213.12946098941669
Test step:45/250, travel time :233.11452215696744, rewards:-10.94633674621582, queue:3.189418077468872, delay:0.19302432239055634, throughput:3746
New best TEST travel time 233.1145 at episode 45, saved as best checkpoint
step:3600/3600, q_loss:-2.583747765230429e-06, rewards:-3.857388734817505, queue:1.4443122148513794, delay:0.14604613184928894, throughput:4060
episode:46/250, real avg travel time:211.20763546798028
step:3600/3600, q_loss:-1.4909348263043083e-06, rewards:-3.7925565242767334, queue:1.4478836059570312, delay:0.14725741744041443, throughput:4050
episode:47/250, real avg travel time:212.9456790123457
step:3600/3600, q_loss:2.1830651530763134e-05, rewards:-4.715270042419434, queue:1.7104496955871582, delay:0.1595497876405716, throughput:4062
episode:48/250, real avg travel time:219.64426390940423
step:3600/3600, q_loss:5.522616872137102e-05, rewards:-4.973719120025635, queue:1.6697089672088623, delay:0.1513802409172058, throughput:4060
episode:49/250, real avg travel time:220.9233990147783
step:3600/3600, q_loss:4.502988142323577e-06, rewards:-3.9194416999816895, queue:1.5, delay:0.14587292075157166, throughput:4067
episode:50/250, real avg travel time:214.58864027538726
Test step:50/250, travel time :224.9903209373408, rewards:-6.51910400390625, queue:2.4335978031158447, delay:0.16111208498477936, throughput:3926
New best TEST travel time 224.9903 at episode 50, saved as best checkpoint
step:3600/3600, q_loss:1.1049365760603298e-05, rewards:-4.026157379150391, queue:1.4951058626174927, delay:0.14405590295791626, throughput:4062
episode:51/250, real avg travel time:213.18562284588873
step:3600/3600, q_loss:-1.3542393086633335e-06, rewards:-3.641618251800537, queue:1.403174638748169, delay:0.1433676779270172, throughput:4046
episode:52/250, real avg travel time:208.4320316361839
step:3600/3600, q_loss:-1.7980558267380628e-06, rewards:-3.679582118988037, queue:1.4224867820739746, delay:0.1451098471879959, throughput:4056
episode:53/250, real avg travel time:210.8715483234714
step:3600/3600, q_loss:2.7622630538341277e-05, rewards:-4.200150012969971, queue:1.557539701461792, delay:0.14599888026714325, throughput:4058
episode:54/250, real avg travel time:219.69788072942336
step:3600/3600, q_loss:3.6674178975065137e-06, rewards:-3.738398551940918, queue:1.4574073553085327, delay:0.1447308212518692, throughput:4068
episode:55/250, real avg travel time:210.90093411996068
Test step:55/250, travel time :214.1600493218249, rewards:-5.168279647827148, queue:1.9783068895339966, delay:0.15387722849845886, throughput:4055
New best TEST travel time 214.1600 at episode 55, saved as best checkpoint
step:3600/3600, q_loss:0.00011441868256143709, rewards:-5.134685039520264, queue:1.7408729791641235, delay:0.14991961419582367, throughput:4053
episode:56/250, real avg travel time:230.0796940537873
step:3600/3600, q_loss:2.24203023309302e-06, rewards:-3.7070295810699463, queue:1.4041005373001099, delay:0.14279255270957947, throughput:4051
episode:57/250, real avg travel time:213.65490002468528
step:3600/3600, q_loss:1.114554923131234e-05, rewards:-3.888812303543091, queue:1.4117724895477295, delay:0.14452065527439117, throughput:4066
episode:58/250, real avg travel time:214.61510083620266
step:3600/3600, q_loss:3.8247873211124295e-06, rewards:-3.5988006591796875, queue:1.3847883939743042, delay:0.14577259123325348, throughput:4062
episode:59/250, real avg travel time:211.3985721319547
step:3600/3600, q_loss:1.1746439445737956e-05, rewards:-3.6927835941314697, queue:1.4170634746551514, delay:0.14486996829509735, throughput:4048
episode:60/250, real avg travel time:216.2173913043478
Test step:60/250, travel time :212.23044554455444, rewards:-4.553714275360107, queue:1.689814805984497, delay:0.15535607933998108, throughput:4040
New best TEST travel time 212.2304 at episode 60, saved as best checkpoint
step:3600/3600, q_loss:7.076960981875245e-07, rewards:-3.591587543487549, queue:1.3734127283096313, delay:0.1410004198551178, throughput:4059
episode:61/250, real avg travel time:210.640059127864
step:3600/3600, q_loss:0.00011902019711366545, rewards:-5.917477607727051, queue:1.7541005611419678, delay:0.15621718764305115, throughput:4036
episode:62/250, real avg travel time:220.34167492566897
step:3600/3600, q_loss:6.427983155137756e-06, rewards:-3.677912473678589, queue:1.4116401672363281, delay:0.1459328830242157, throughput:4070
episode:63/250, real avg travel time:208.78501228501227
step:3600/3600, q_loss:5.3580018478290485e-06, rewards:-3.80920147895813, queue:1.429100513458252, delay:0.14470404386520386, throughput:4068
episode:64/250, real avg travel time:210.79424778761063
step:3600/3600, q_loss:1.1339535315831503e-05, rewards:-3.7755208015441895, queue:1.416534423828125, delay:0.14893285930156708, throughput:4060
episode:65/250, real avg travel time:211.06970443349755
Test step:65/250, travel time :206.92351485148515, rewards:-4.005971431732178, queue:1.4480159282684326, delay:0.15683916211128235, throughput:4040
New best TEST travel time 206.9235 at episode 65, saved as best checkpoint
step:3600/3600, q_loss:2.6015766909242503e-06, rewards:-3.283498764038086, queue:1.2894179821014404, delay:0.14054666459560394, throughput:4073
episode:66/250, real avg travel time:203.4605941566413
step:3600/3600, q_loss:5.2508245668529225e-06, rewards:-3.4361765384674072, queue:1.316534399986267, delay:0.13981693983078003, throughput:4061
episode:67/250, real avg travel time:207.23220881556267
step:3600/3600, q_loss:3.015397992890535e-06, rewards:-3.568983316421509, queue:1.3658729791641235, delay:0.14504560828208923, throughput:4064
episode:68/250, real avg travel time:205.07258858267716
step:3600/3600, q_loss:4.34048670285847e-06, rewards:-3.5481133460998535, queue:1.3347883224487305, delay:0.14208121597766876, throughput:4062
episode:69/250, real avg travel time:207.46971935007386
step:3600/3600, q_loss:2.2623856138024065e-06, rewards:-3.575974464416504, queue:1.3346561193466187, delay:0.14077119529247284, throughput:4067
episode:70/250, real avg travel time:205.92205556921564
Test step:70/250, travel time :206.3121287128713, rewards:-3.9223062992095947, queue:1.4239418506622314, delay:0.15154211223125458, throughput:4040
New best TEST travel time 206.3121 at episode 70, saved as best checkpoint
step:3600/3600, q_loss:9.397869386399785e-06, rewards:-3.320805788040161, queue:1.2914021015167236, delay:0.14049069583415985, throughput:4061
episode:71/250, real avg travel time:206.49963063284906
step:3600/3600, q_loss:1.9419509448602587e-06, rewards:-3.4630517959594727, queue:1.3181216716766357, delay:0.1418176293373108, throughput:4061
episode:72/250, real avg travel time:206.27530164983995
step:3600/3600, q_loss:7.650291283627868e-06, rewards:-3.225113868713379, queue:1.2748677730560303, delay:0.1378757208585739, throughput:4072
episode:73/250, real avg travel time:205.8700884086444
step:3600/3600, q_loss:7.787893830229424e-06, rewards:-3.4025964736938477, queue:1.2944444417953491, delay:0.13999830186367035, throughput:4063
episode:74/250, real avg travel time:207.2500615308885
step:3600/3600, q_loss:1.0645820536107446e-05, rewards:-3.3412787914276123, queue:1.3029100894927979, delay:0.13947786390781403, throughput:4059
episode:75/250, real avg travel time:207.71249076127125
Test step:75/250, travel time :202.123250675178, rewards:-3.606659173965454, queue:1.3310846090316772, delay:0.1503535360097885, throughput:4073
New best TEST travel time 202.1233 at episode 75, saved as best checkpoint
step:3600/3600, q_loss:-3.097928331246496e-06, rewards:-3.2068402767181396, queue:1.2513227462768555, delay:0.13671374320983887, throughput:4068
episode:76/250, real avg travel time:203.81735496558505
step:3600/3600, q_loss:8.849378597612182e-07, rewards:-3.271986961364746, queue:1.2772486209869385, delay:0.140872985124588, throughput:4067
episode:77/250, real avg travel time:204.7597737890337
step:3600/3600, q_loss:3.3609261461404254e-06, rewards:-3.286811351776123, queue:1.289285659790039, delay:0.1404545158147812, throughput:4065
episode:78/250, real avg travel time:207.66740467404674
step:3600/3600, q_loss:-9.60598764423695e-07, rewards:-3.3279619216918945, queue:1.282804250717163, delay:0.13625198602676392, throughput:4065
episode:79/250, real avg travel time:204.84280442804427
step:3600/3600, q_loss:8.459734575202068e-06, rewards:-3.3527374267578125, queue:1.2931216955184937, delay:0.14050620794296265, throughput:4077
episode:80/250, real avg travel time:207.93058621535442
Test step:80/250, travel time :212.57864751052762, rewards:-4.027247905731201, queue:1.4873015880584717, delay:0.1550418883562088, throughput:4037
step:3600/3600, q_loss:1.3681333762684113e-05, rewards:-3.2350592613220215, queue:1.259920597076416, delay:0.13612517714500427, throughput:4069
episode:81/250, real avg travel time:204.9223396411895
step:3600/3600, q_loss:-1.9607246536502822e-07, rewards:-3.0277469158172607, queue:1.1783069372177124, delay:0.13375289738178253, throughput:4074
episode:82/250, real avg travel time:203.09671084928817
step:3600/3600, q_loss:-1.3906271002876263e-06, rewards:-3.2468810081481934, queue:1.2437831163406372, delay:0.139940083026886, throughput:4055
episode:83/250, real avg travel time:204.63822441430332
step:3600/3600, q_loss:5.3261480691920346e-06, rewards:-3.3201870918273926, queue:1.2484127283096313, delay:0.1363319307565689, throughput:4067
episode:84/250, real avg travel time:202.33292353085812
step:3600/3600, q_loss:8.643344982475456e-06, rewards:-3.1505398750305176, queue:1.2166666984558105, delay:0.13505765795707703, throughput:4063
episode:85/250, real avg travel time:203.93428501107556
Test step:85/250, travel time :203.20899209486166, rewards:-3.4698774814605713, queue:1.3030422925949097, delay:0.14851438999176025, throughput:4048
step:3600/3600, q_loss:1.0141605364171685e-05, rewards:-3.1550230979919434, queue:1.2304233312606812, delay:0.1385829746723175, throughput:4062
episode:86/250, real avg travel time:202.4645494830133
step:3600/3600, q_loss:2.303883835944968e-06, rewards:-3.2739272117614746, queue:1.239550232887268, delay:0.13836319744586945, throughput:4062
episode:87/250, real avg travel time:205.75701624815363
step:3600/3600, q_loss:1.1873519664125828e-05, rewards:-3.399712562561035, queue:1.2850528955459595, delay:0.14090488851070404, throughput:4067
episode:88/250, real avg travel time:209.19596754364397
step:3600/3600, q_loss:4.2995339309628535e-05, rewards:-4.07867431640625, queue:1.509920597076416, delay:0.14306741952896118, throughput:4057
episode:89/250, real avg travel time:211.4158245008627
step:3600/3600, q_loss:5.941302475144362e-06, rewards:-3.417961359024048, queue:1.297619104385376, delay:0.14360341429710388, throughput:4069
episode:90/250, real avg travel time:208.9073482428115
Test step:90/250, travel time :265.1158582558432, rewards:-8.849299430847168, queue:2.7464284896850586, delay:0.17869962751865387, throughput:3979
step:3600/3600, q_loss:1.1323920908681531e-05, rewards:-3.468477725982666, queue:1.2908730506896973, delay:0.13469108939170837, throughput:4059
episode:91/250, real avg travel time:213.73638827297364
step:3600/3600, q_loss:8.92280360049982e-06, rewards:-3.161119222640991, queue:1.2265872955322266, delay:0.13721033930778503, throughput:4061
episode:92/250, real avg travel time:207.13789706968726
step:3600/3600, q_loss:0.00010395884487984909, rewards:-4.926656246185303, queue:1.477910041809082, delay:0.14681731164455414, throughput:4037
episode:93/250, real avg travel time:204.774337379242
step:3600/3600, q_loss:1.3477037282427772e-05, rewards:-3.3481268882751465, queue:1.2674603462219238, delay:0.13644622266292572, throughput:4065
episode:94/250, real avg travel time:209.0809348093481
step:3600/3600, q_loss:9.006067719181172e-06, rewards:-3.0871429443359375, queue:1.2015873193740845, delay:0.13583852350711823, throughput:4070
episode:95/250, real avg travel time:205.17837837837837
Test step:95/250, travel time :254.63750654793085, rewards:-8.80495834350586, queue:2.953835964202881, delay:0.1858285516500473, throughput:3818
step:3600/3600, q_loss:9.578451459270177e-06, rewards:-3.3880960941314697, queue:1.2884920835494995, delay:0.14308415353298187, throughput:4066
episode:96/250, real avg travel time:215.35710772257747
step:3600/3600, q_loss:8.55962013398918e-06, rewards:-3.239675283432007, queue:1.239550232887268, delay:0.14041657745838165, throughput:4064
episode:97/250, real avg travel time:205.72293307086613
step:3600/3600, q_loss:8.26123929679549e-06, rewards:-3.132978677749634, queue:1.2365078926086426, delay:0.13858984410762787, throughput:4069
episode:98/250, real avg travel time:207.1951339395429
step:3600/3600, q_loss:2.0973545259847822e-05, rewards:-3.7009005546569824, queue:1.3552910089492798, delay:0.14107820391654968, throughput:4077
episode:99/250, real avg travel time:212.31837135148393
step:3600/3600, q_loss:1.0561130774375569e-05, rewards:-3.225839138031006, queue:1.2424603700637817, delay:0.1376783549785614, throughput:4066
episode:100/250, real avg travel time:205.09370388588295
Test step:100/250, travel time :272.1678943357887, rewards:-6.659093379974365, queue:2.2513227462768555, delay:0.18229132890701294, throughput:3937
step:3600/3600, q_loss:6.81656513026812e-06, rewards:-3.1811363697052, queue:1.223280429840088, delay:0.1382749229669571, throughput:4066
episode:101/250, real avg travel time:206.38219380226266
step:3600/3600, q_loss:1.082886588442812e-05, rewards:-3.365251064300537, queue:1.2574074268341064, delay:0.13780458271503448, throughput:4062
episode:102/250, real avg travel time:212.11866075824716
step:3600/3600, q_loss:1.6729052044360692e-05, rewards:-3.733715772628784, queue:1.3617725372314453, delay:0.1442805379629135, throughput:4068
episode:103/250, real avg travel time:227.88372664700097
step:3600/3600, q_loss:9.373787381466374e-06, rewards:-3.3211147785186768, queue:1.2554233074188232, delay:0.14034365117549896, throughput:4077
episode:104/250, real avg travel time:205.06279126808928
step:3600/3600, q_loss:1.654549046684729e-05, rewards:-3.4360666275024414, queue:1.2883597612380981, delay:0.1364246904850006, throughput:4076
episode:105/250, real avg travel time:209.05667320902845
Test step:105/250, travel time :206.53776137761378, rewards:-2.986865282058716, queue:1.1768518686294556, delay:0.14064987003803253, throughput:4065
step:3600/3600, q_loss:3.0270499943677955e-06, rewards:-3.240097999572754, queue:1.2514550685882568, delay:0.13571353256702423, throughput:4074
episode:106/250, real avg travel time:207.6836033382425
step:3600/3600, q_loss:1.2792708326338066e-05, rewards:-3.070356607437134, queue:1.1894179582595825, delay:0.13529112935066223, throughput:4071
episode:107/250, real avg travel time:204.7885040530582
step:3600/3600, q_loss:7.115824054279882e-06, rewards:-3.3831746578216553, queue:1.2742063999176025, delay:0.13904328644275665, throughput:4062
episode:108/250, real avg travel time:210.38577055637617
step:3600/3600, q_loss:1.1147817834474457e-05, rewards:-3.278372287750244, queue:1.2384920120239258, delay:0.13915173709392548, throughput:4062
episode:109/250, real avg travel time:214.1585425898572
step:3600/3600, q_loss:1.2885028506085898e-06, rewards:-3.2996256351470947, queue:1.2731481790542603, delay:0.1415165513753891, throughput:4067
episode:110/250, real avg travel time:208.18908286206047
Test step:110/250, travel time :258.9336026255996, rewards:-5.61038875579834, queue:1.8615078926086426, delay:0.17442476749420166, throughput:3961
step:3600/3600, q_loss:5.450213494542469e-06, rewards:-3.189924478530884, queue:1.2656084299087524, delay:0.14303149282932281, throughput:4069
episode:111/250, real avg travel time:206.08527893831408
step:3600/3600, q_loss:1.3447240619118223e-05, rewards:-3.1191470623016357, queue:1.2035714387893677, delay:0.1356940120458603, throughput:4070
episode:112/250, real avg travel time:205.52653562653563
step:3600/3600, q_loss:9.589686467532172e-06, rewards:-3.39794921875, queue:1.2937830686569214, delay:0.14463195204734802, throughput:4065
episode:113/250, real avg travel time:205.6809348093481
step:3600/3600, q_loss:9.399008752855783e-05, rewards:-5.1906304359436035, queue:1.6064814329147339, delay:0.1541484147310257, throughput:4048
episode:114/250, real avg travel time:221.1820652173913
step:3600/3600, q_loss:7.30563090958943e-06, rewards:-2.9154279232025146, queue:1.1723544597625732, delay:0.13297151029109955, throughput:4072
episode:115/250, real avg travel time:204.86173870333988
Test step:115/250, travel time :250.98791844953436, rewards:-5.46419095993042, queue:1.910449743270874, delay:0.1671353280544281, throughput:3973
step:3600/3600, q_loss:9.077713669588168e-06, rewards:-3.27840518951416, queue:1.2739417552947998, delay:0.1397610902786255, throughput:4058
episode:116/250, real avg travel time:206.2020699852144
step:3600/3600, q_loss:-1.536299936964901e-06, rewards:-3.0912461280822754, queue:1.2239418029785156, delay:0.13723206520080566, throughput:4066
episode:117/250, real avg travel time:203.01451057550418
step:3600/3600, q_loss:-2.3001485412047867e-06, rewards:-2.971433162689209, queue:1.1921957731246948, delay:0.13657963275909424, throughput:4075
episode:118/250, real avg travel time:205.279509202454
step:3600/3600, q_loss:3.9605530683830794e-05, rewards:-3.7202253341674805, queue:1.4328042268753052, delay:0.13589096069335938, throughput:4061
episode:119/250, real avg travel time:212.95198227037676
step:3600/3600, q_loss:7.513817905015053e-05, rewards:-3.8934388160705566, queue:1.5326719284057617, delay:0.13445433974266052, throughput:4017
episode:120/250, real avg travel time:207.3497635051033
Test step:120/250, travel time :244.59899371069181, rewards:-5.412777900695801, queue:1.891005277633667, delay:0.16442911326885223, throughput:3975
step:3600/3600, q_loss:-3.503717178116656e-07, rewards:-3.3352508544921875, queue:1.316534399986267, delay:0.1428246647119522, throughput:4072
episode:121/250, real avg travel time:209.73109037328095
step:3600/3600, q_loss:1.535234247664145e-05, rewards:-3.643267869949341, queue:1.366005301475525, delay:0.14166289567947388, throughput:4059
episode:122/250, real avg travel time:220.21532397142153
step:3600/3600, q_loss:1.6590848746192124e-07, rewards:-3.149949789047241, queue:1.25171959400177, delay:0.13900557160377502, throughput:4071
episode:123/250, real avg travel time:210.36674035863425
step:3600/3600, q_loss:5.517187633409372e-06, rewards:-3.004934787750244, queue:1.233994722366333, delay:0.13849212229251862, throughput:4064
episode:124/250, real avg travel time:212.32455708661416
step:3600/3600, q_loss:2.19524210681104e-07, rewards:-3.208815097808838, queue:1.2832010984420776, delay:0.1431177407503128, throughput:4046
episode:125/250, real avg travel time:216.5306475531389
Test step:125/250, travel time :278.11824505082933, rewards:-4.167236804962158, queue:1.6050264835357666, delay:0.15727932751178741, throughput:3738
step:3600/3600, q_loss:5.86108144489117e-06, rewards:-3.27199649810791, queue:1.304100513458252, delay:0.13981729745864868, throughput:4063
episode:126/250, real avg travel time:219.5018459266552
step:3600/3600, q_loss:8.929312591337496e-06, rewards:-3.2530977725982666, queue:1.3018518686294556, delay:0.13785482943058014, throughput:4068
episode:127/250, real avg travel time:216.62782694198623
step:3600/3600, q_loss:6.686266594139548e-06, rewards:-3.2757983207702637, queue:1.3076719045639038, delay:0.1449347287416458, throughput:4065
episode:128/250, real avg travel time:214.55079950799507
step:3600/3600, q_loss:4.4889269742674916e-05, rewards:-3.8364603519439697, queue:1.365476131439209, delay:0.14465120434761047, throughput:4064
episode:129/250, real avg travel time:225.67593503937007
step:3600/3600, q_loss:9.747855882677768e-07, rewards:-3.2367963790893555, queue:1.2698413133621216, delay:0.14077769219875336, throughput:4067
episode:130/250, real avg travel time:212.1249077944431
Test step:130/250, travel time :254.0975032851511, rewards:-10.341119766235352, queue:3.3001322746276855, delay:0.18309587240219116, throughput:3805
step:3600/3600, q_loss:-1.1531206028949884e-06, rewards:-3.0445518493652344, queue:1.2030422687530518, delay:0.13542209565639496, throughput:4069
episode:131/250, real avg travel time:205.38166625706563
step:3600/3600, q_loss:3.3903911874707166e-06, rewards:-3.1462135314941406, queue:1.2626984119415283, delay:0.1425507366657257, throughput:4067
episode:132/250, real avg travel time:209.78362429309072
step:3600/3600, q_loss:1.697897500384392e-06, rewards:-2.8885722160339355, queue:1.182539701461792, delay:0.13342946767807007, throughput:4068
episode:133/250, real avg travel time:208.2445919370698
step:3600/3600, q_loss:7.89656939256626e-06, rewards:-3.090851068496704, queue:1.2514550685882568, delay:0.13847202062606812, throughput:4066
episode:134/250, real avg travel time:205.6574028529267
step:3600/3600, q_loss:4.894320995339917e-06, rewards:-2.9405033588409424, queue:1.1992063522338867, delay:0.13478854298591614, throughput:4072
episode:135/250, real avg travel time:204.4619351669941
Test step:135/250, travel time :220.08318976126014, rewards:-4.062378406524658, queue:1.4206348657608032, delay:0.1511884182691574, throughput:4063
step:3600/3600, q_loss:5.556796693579397e-06, rewards:-2.8885302543640137, queue:1.1988095045089722, delay:0.13689559698104858, throughput:4073
episode:136/250, real avg travel time:202.87576724772896
step:3600/3600, q_loss:8.949721248225412e-06, rewards:-2.8518943786621094, queue:1.149735450744629, delay:0.1312582641839981, throughput:4072
episode:137/250, real avg travel time:201.17804518664047
step:3600/3600, q_loss:2.964707042944307e-06, rewards:-2.961230516433716, queue:1.207539677619934, delay:0.13642518222332, throughput:4065
episode:138/250, real avg travel time:203.90061500615005
step:3600/3600, q_loss:1.245992025360465e-05, rewards:-2.988943099975586, queue:1.1802910566329956, delay:0.13281217217445374, throughput:4065
episode:139/250, real avg travel time:202.61131611316114
step:3600/3600, q_loss:7.033016097718954e-06, rewards:-2.951651096343994, queue:1.2257936000823975, delay:0.13357023894786835, throughput:4062
episode:140/250, real avg travel time:201.21565731166913
Test step:140/250, travel time :202.07786784573815, rewards:-2.731724262237549, queue:1.150925874710083, delay:0.1376996785402298, throughput:4071
New best TEST travel time 202.0779 at episode 140, saved as best checkpoint
step:3600/3600, q_loss:6.635871775668218e-06, rewards:-2.958613157272339, queue:1.1948412656784058, delay:0.13594622910022736, throughput:4073
episode:141/250, real avg travel time:203.55020869138227
step:3600/3600, q_loss:3.833932431815709e-06, rewards:-2.7937772274017334, queue:1.129365086555481, delay:0.13188645243644714, throughput:4076
episode:142/250, real avg travel time:201.6626594700687
step:3600/3600, q_loss:1.4489104554134732e-05, rewards:-3.0564255714416504, queue:1.216269850730896, delay:0.13543693721294403, throughput:4056
episode:143/250, real avg travel time:208.71079881656806
step:3600/3600, q_loss:1.3609379513784209e-05, rewards:-3.088361978530884, queue:1.225264549255371, delay:0.13728702068328857, throughput:4066
episode:144/250, real avg travel time:207.76045253320217
step:3600/3600, q_loss:2.8379808403163525e-06, rewards:-3.1114838123321533, queue:1.2124338150024414, delay:0.1376946121454239, throughput:4068
episode:145/250, real avg travel time:207.58677482792527
Test step:145/250, travel time :214.12629246676514, rewards:-3.3929989337921143, queue:1.262169361114502, delay:0.14040999114513397, throughput:4062
step:3600/3600, q_loss:8.82735936708438e-06, rewards:-3.074772357940674, queue:1.1896824836730957, delay:0.13462939858436584, throughput:4069
episode:146/250, real avg travel time:209.09535512410912
step:3600/3600, q_loss:1.811897875288398e-05, rewards:-3.2600347995758057, queue:1.2231481075286865, delay:0.13536250591278076, throughput:4067
episode:147/250, real avg travel time:215.61273666092944
step:3600/3600, q_loss:5.80602083775577e-06, rewards:-3.0693671703338623, queue:1.1728836297988892, delay:0.1334836781024933, throughput:4051
episode:148/250, real avg travel time:210.19205134534684
step:3600/3600, q_loss:1.5152488291884462e-05, rewards:-3.1162898540496826, queue:1.2224867343902588, delay:0.1357182115316391, throughput:4066
episode:149/250, real avg travel time:210.57452041318248
step:3600/3600, q_loss:1.863793360017654e-05, rewards:-3.4488768577575684, queue:1.260449767112732, delay:0.1377800554037094, throughput:4055
episode:150/250, real avg travel time:218.01750924784216
Test step:150/250, travel time :240.58038147138964, rewards:-4.232941627502441, queue:1.4685184955596924, delay:0.1516885906457901, throughput:4037
step:3600/3600, q_loss:4.053701037870875e-05, rewards:-4.346497058868408, queue:1.485185146331787, delay:0.1489003449678421, throughput:3900
episode:151/250, real avg travel time:238.78615384615384
step:3600/3600, q_loss:1.813350018993434e-05, rewards:-3.576211929321289, queue:1.3111110925674438, delay:0.14017418026924133, throughput:4041
episode:152/250, real avg travel time:216.035139816877
step:3600/3600, q_loss:1.3460203546047625e-05, rewards:-3.498495578765869, queue:1.2679893970489502, delay:0.13670644164085388, throughput:4062
episode:153/250, real avg travel time:214.4406696208764
step:3600/3600, q_loss:1.696681352364572e-05, rewards:-3.3061163425445557, queue:1.2116402387619019, delay:0.1324869841337204, throughput:4049
episode:154/250, real avg travel time:214.87947641392935
step:3600/3600, q_loss:9.688825181607778e-05, rewards:-4.098292827606201, queue:1.4268518686294556, delay:0.1382073611021042, throughput:4047
episode:155/250, real avg travel time:221.60168025698047
Test step:155/250, travel time :246.024, rewards:-4.59259033203125, queue:1.5529100894927979, delay:0.14747963845729828, throughput:4000
step:3600/3600, q_loss:1.173379116355338e-05, rewards:-3.3264431953430176, queue:1.2226190567016602, delay:0.13483844697475433, throughput:4070
episode:156/250, real avg travel time:210.54963144963145
step:3600/3600, q_loss:1.068438731534924e-05, rewards:-3.6117360591888428, queue:1.3088624477386475, delay:0.14099068939685822, throughput:4059
episode:157/250, real avg travel time:214.9359448139936
step:3600/3600, q_loss:3.24229484249372e-05, rewards:-3.730477809906006, queue:1.3309524059295654, delay:0.13981080055236816, throughput:4053
episode:158/250, real avg travel time:216.97853441894893
step:3600/3600, q_loss:5.0412142000924275e-05, rewards:-4.304454326629639, queue:1.4517195224761963, delay:0.1419941484928131, throughput:4045
episode:159/250, real avg travel time:228.89938195302844
step:3600/3600, q_loss:1.7896956948485845e-05, rewards:-3.451097249984741, queue:1.2554233074188232, delay:0.136216938495636, throughput:4060
episode:160/250, real avg travel time:211.192118226601
Test step:160/250, travel time :225.5810344827586, rewards:-3.9581611156463623, queue:1.3794974088668823, delay:0.1453876793384552, throughput:4060
step:3600/3600, q_loss:1.5952258238232592e-05, rewards:-3.504610300064087, queue:1.3037036657333374, delay:0.13899220526218414, throughput:4046
episode:161/250, real avg travel time:215.0059317844785
step:3600/3600, q_loss:2.799561948955266e-05, rewards:-4.3886566162109375, queue:1.4961639642715454, delay:0.14833079278469086, throughput:4036
episode:162/250, real avg travel time:245.8119425173439
step:3600/3600, q_loss:8.033290731772367e-05, rewards:-4.690971374511719, queue:1.5404762029647827, delay:0.146434023976326, throughput:4019
episode:163/250, real avg travel time:238.41975615824833
step:3600/3600, q_loss:4.638936152332462e-05, rewards:-4.335205554962158, queue:1.4276454448699951, delay:0.1421402394771576, throughput:4056
episode:164/250, real avg travel time:234.15976331360946
step:3600/3600, q_loss:9.137543153580434e-05, rewards:-4.864395618438721, queue:1.6078041791915894, delay:0.14340154826641083, throughput:4058
episode:165/250, real avg travel time:237.03351404632824
Test step:165/250, travel time :260.9573027857329, rewards:-5.489368438720703, queue:1.710185170173645, delay:0.1613728255033493, throughput:3841
step:3600/3600, q_loss:3.112483718723524e-05, rewards:-4.673233509063721, queue:1.5234127044677734, delay:0.15059591829776764, throughput:4049
episode:166/250, real avg travel time:240.06100271672017
step:3600/3600, q_loss:4.467143262445461e-05, rewards:-4.664632320404053, queue:1.5547618865966797, delay:0.14724552631378174, throughput:3877
episode:167/250, real avg travel time:243.53985039979366
step:3600/3600, q_loss:0.000135085436664263, rewards:-5.102462291717529, queue:1.610185146331787, delay:0.14075569808483124, throughput:4044
episode:168/250, real avg travel time:237.76186943620178
step:3600/3600, q_loss:3.407682258208903e-05, rewards:-3.813041925430298, queue:1.3211640119552612, delay:0.1397896558046341, throughput:4065
episode:169/250, real avg travel time:229.849938499385
step:3600/3600, q_loss:3.10855779793605e-05, rewards:-3.8707363605499268, queue:1.3359788656234741, delay:0.14073984324932098, throughput:4061
episode:170/250, real avg travel time:230.87343018960848
Test step:170/250, travel time :244.54070774560753, rewards:-4.785497188568115, queue:1.5503968000411987, delay:0.147174671292305, throughput:4041
step:3600/3600, q_loss:3.604005174161608e-05, rewards:-4.005804061889648, queue:1.3588624000549316, delay:0.1408974528312683, throughput:4041
episode:171/250, real avg travel time:223.83518930957683
step:3600/3600, q_loss:2.9779488815822537e-05, rewards:-3.994323968887329, queue:1.3797619342803955, delay:0.1405828893184662, throughput:4069
episode:172/250, real avg travel time:222.5846645367412
step:3600/3600, q_loss:4.013887438405719e-05, rewards:-3.983595132827759, queue:1.382804274559021, delay:0.14019298553466797, throughput:4059
episode:173/250, real avg travel time:225.33653609263365
step:3600/3600, q_loss:2.1502100490680378e-05, rewards:-3.6394238471984863, queue:1.2964285612106323, delay:0.14177657663822174, throughput:4048
episode:174/250, real avg travel time:226.98962450592884
step:3600/3600, q_loss:9.52586455645764e-06, rewards:-3.40381121635437, queue:1.245634913444519, delay:0.13709788024425507, throughput:4047
episode:175/250, real avg travel time:212.13812700766
Test step:175/250, travel time :235.328486939379, rewards:-4.0465779304504395, queue:1.3894180059432983, delay:0.1405293494462967, throughput:4058
step:3600/3600, q_loss:2.1515933420030505e-05, rewards:-3.5926554203033447, queue:1.274735450744629, delay:0.13735294342041016, throughput:4048
episode:176/250, real avg travel time:218.18231225296444
step:3600/3600, q_loss:1.981091991183348e-05, rewards:-3.6328251361846924, queue:1.282010555267334, delay:0.13921062648296356, throughput:4047
episode:177/250, real avg travel time:221.66048925129726
step:3600/3600, q_loss:1.1780433123931288e-05, rewards:-3.8055152893066406, queue:1.349470853805542, delay:0.14311660826206207, throughput:4048
episode:178/250, real avg travel time:226.4846837944664
step:3600/3600, q_loss:6.496502141494097e-05, rewards:-4.213332176208496, queue:1.4624338150024414, delay:0.142084002494812, throughput:4058
episode:179/250, real avg travel time:239.54780680137998
step:3600/3600, q_loss:2.0524331395992905e-05, rewards:-3.727679491043091, queue:1.3210316896438599, delay:0.14032778143882751, throughput:4066
episode:180/250, real avg travel time:220.54402361042793
Test step:180/250, travel time :245.90182086614172, rewards:-4.363917827606201, queue:1.516534447669983, delay:0.14775994420051575, throughput:4064
step:3600/3600, q_loss:1.8555241452607638e-05, rewards:-3.417125701904297, queue:1.2398147583007812, delay:0.1368831992149353, throughput:4047
episode:181/250, real avg travel time:218.67704472448727
step:3600/3600, q_loss:1.8176393496105447e-05, rewards:-3.3615620136260986, queue:1.2399470806121826, delay:0.13580848276615143, throughput:4045
episode:182/250, real avg travel time:210.114956736712
step:3600/3600, q_loss:2.929434813268017e-05, rewards:-4.139076232910156, queue:1.4453703165054321, delay:0.14488933980464935, throughput:4042
episode:183/250, real avg travel time:250.01138050470064
step:3600/3600, q_loss:3.061286576363879e-05, rewards:-3.3600640296936035, queue:1.2257936000823975, delay:0.13479217886924744, throughput:4066
episode:184/250, real avg travel time:218.65420560747663
step:3600/3600, q_loss:2.0594960490901335e-05, rewards:-3.336198329925537, queue:1.2239418029785156, delay:0.13806091248989105, throughput:4043
episode:185/250, real avg travel time:215.82636655948554
Test step:185/250, travel time :240.60447204968943, rewards:-5.0863728523254395, queue:1.7989418506622314, delay:0.14922364056110382, throughput:4025
step:3600/3600, q_loss:1.746663632123576e-05, rewards:-3.8180670738220215, queue:1.3425925970077515, delay:0.14027900993824005, throughput:4048
episode:186/250, real avg travel time:226.524209486166
step:3600/3600, q_loss:2.640961453532024e-05, rewards:-3.6255862712860107, queue:1.2944444417953491, delay:0.13573496043682098, throughput:4068
episode:187/250, real avg travel time:222.2472959685349
step:3600/3600, q_loss:1.203122584330332e-05, rewards:-3.179135799407959, queue:1.1797618865966797, delay:0.13484390079975128, throughput:4051
episode:188/250, real avg travel time:212.21797087138978
step:3600/3600, q_loss:2.130554312316235e-05, rewards:-3.200474739074707, queue:1.2198412418365479, delay:0.135060116648674, throughput:4063
episode:189/250, real avg travel time:212.59758798917056
step:3600/3600, q_loss:2.8254888780389188e-05, rewards:-3.8952434062957764, queue:1.3779100179672241, delay:0.14112982153892517, throughput:4052
episode:190/250, real avg travel time:228.45459032576505
Test step:190/250, travel time :246.8992628992629, rewards:-4.845120906829834, queue:1.6248676776885986, delay:0.15195916593074799, throughput:4070
step:3600/3600, q_loss:1.676817143258328e-05, rewards:-3.140936851501465, queue:1.1992063522338867, delay:0.13469569385051727, throughput:4074
episode:191/250, real avg travel time:215.11585665193914
step:3600/3600, q_loss:2.5980656250289433e-05, rewards:-3.6136746406555176, queue:1.3103175163269043, delay:0.13961981236934662, throughput:4053
episode:192/250, real avg travel time:222.09696521095483
step:3600/3600, q_loss:1.4241727088422825e-05, rewards:-3.081167221069336, queue:1.1853175163269043, delay:0.13492150604724884, throughput:4067
episode:193/250, real avg travel time:208.9073026801082
step:3600/3600, q_loss:2.884121919729902e-05, rewards:-3.6519484519958496, queue:1.3267195224761963, delay:0.14221958816051483, throughput:4062
episode:194/250, real avg travel time:220.34982767109798
step:3600/3600, q_loss:8.018011552242873e-06, rewards:-3.1149210929870605, queue:1.1804232597351074, delay:0.13386991620063782, throughput:4045
episode:195/250, real avg travel time:210.7389369592089
Test step:195/250, travel time :217.23298816568047, rewards:-3.229029655456543, queue:1.1936508417129517, delay:0.13587622344493866, throughput:4056
step:3600/3600, q_loss:1.4507622068372762e-05, rewards:-3.4702162742614746, queue:1.2731481790542603, delay:0.13783511519432068, throughput:4050
episode:196/250, real avg travel time:218.31382716049382
step:3600/3600, q_loss:4.8428295283681815e-06, rewards:-3.13240385055542, queue:1.1779100894927979, delay:0.13079412281513214, throughput:4053
episode:197/250, real avg travel time:210.01258327165064
step:3600/3600, q_loss:4.6657566013487264e-05, rewards:-4.135142803192139, queue:1.4548941850662231, delay:0.14327475428581238, throughput:3970
episode:198/250, real avg travel time:223.983879093199
step:3600/3600, q_loss:7.052533571065093e-06, rewards:-2.9492318630218506, queue:1.1624338626861572, delay:0.1326684057712555, throughput:4054
episode:199/250, real avg travel time:205.38579181055746
step:3600/3600, q_loss:5.596327011719243e-05, rewards:-3.74477481842041, queue:1.3346561193466187, delay:0.1362450271844864, throughput:4055
episode:200/250, real avg travel time:215.5028360049322
Test step:200/250, travel time :215.47173144876325, rewards:-3.403660774230957, queue:1.2658730745315552, delay:0.13430821895599365, throughput:3962
step:3600/3600, q_loss:5.841941391635272e-05, rewards:-4.200198173522949, queue:1.5175925493240356, delay:0.14578652381896973, throughput:4058
episode:201/250, real avg travel time:242.62395268605223
step:3600/3600, q_loss:9.410139601742331e-06, rewards:-3.2171945571899414, queue:1.2109788656234741, delay:0.13427071273326874, throughput:4055
episode:202/250, real avg travel time:209.5992601726264
step:3600/3600, q_loss:8.323300951613217e-06, rewards:-3.178009271621704, queue:1.2071428298950195, delay:0.13322266936302185, throughput:4047
episode:203/250, real avg travel time:209.3316036570299
step:3600/3600, q_loss:8.92699839217433e-06, rewards:-2.8462674617767334, queue:1.112433910369873, delay:0.13020579516887665, throughput:4077
episode:204/250, real avg travel time:203.05935737061566
step:3600/3600, q_loss:1.477532269847062e-05, rewards:-2.9517998695373535, queue:1.1285713911056519, delay:0.12954042851924896, throughput:4055
episode:205/250, real avg travel time:209.93144266337853
Test step:205/250, travel time :253.62269712601326, rewards:-4.3309502601623535, queue:1.4794973134994507, delay:0.14472493529319763, throughput:4071
step:3600/3600, q_loss:3.424567532622152e-06, rewards:-3.1599745750427246, queue:1.1910053491592407, delay:0.13073351979255676, throughput:4061
episode:206/250, real avg travel time:214.24673725683328
step:3600/3600, q_loss:2.5549260600301852e-05, rewards:-3.6668193340301514, queue:1.3425925970077515, delay:0.14063242077827454, throughput:3919
episode:207/250, real avg travel time:223.10206685378924
step:3600/3600, q_loss:1.7427933926228434e-05, rewards:-3.5187528133392334, queue:1.2592592239379883, delay:0.13396278023719788, throughput:4045
episode:208/250, real avg travel time:215.80024721878863
step:3600/3600, q_loss:2.6943868538688144e-05, rewards:-3.736276149749756, queue:1.3112434148788452, delay:0.1406799852848053, throughput:4064
episode:209/250, real avg travel time:221.5607775590551
step:3600/3600, q_loss:1.653221103576167e-05, rewards:-3.07534122467041, queue:1.163095235824585, delay:0.13232548534870148, throughput:4062
episode:210/250, real avg travel time:208.27621861152141
Test step:210/250, travel time :214.24346324617662, rewards:-3.208317756652832, queue:1.1847883462905884, delay:0.13625794649124146, throughput:4054
step:3600/3600, q_loss:0.0001082328967944098, rewards:-5.081771373748779, queue:1.4845237731933594, delay:0.1411464661359787, throughput:4042
episode:211/250, real avg travel time:217.2357743691242
step:3600/3600, q_loss:1.4999375586436751e-05, rewards:-3.481656551361084, queue:1.2236772775650024, delay:0.13718870282173157, throughput:4072
episode:212/250, real avg travel time:215.77848722986246
step:3600/3600, q_loss:2.616949520112636e-05, rewards:-3.7918245792388916, queue:1.3142857551574707, delay:0.13672597706317902, throughput:4048
episode:213/250, real avg travel time:224.99604743083003
step:3600/3600, q_loss:2.848236642118233e-05, rewards:-3.832742691040039, queue:1.3244708776474, delay:0.13936404883861542, throughput:4063
episode:214/250, real avg travel time:222.2695052916564
step:3600/3600, q_loss:5.543533027068608e-06, rewards:-3.357806444168091, queue:1.195105791091919, delay:0.1339617669582367, throughput:4054
episode:215/250, real avg travel time:214.05352738036507
Test step:215/250, travel time :253.14975369458128, rewards:-4.963104248046875, queue:1.6166666746139526, delay:0.14453069865703583, throughput:4060
step:3600/3600, q_loss:1.0408423663142862e-05, rewards:-3.3755574226379395, queue:1.2123016119003296, delay:0.13151465356349945, throughput:4044
episode:216/250, real avg travel time:219.48466864490604
step:3600/3600, q_loss:1.8156804435420783e-05, rewards:-3.1682522296905518, queue:1.1664021015167236, delay:0.1315658539533615, throughput:4036
episode:217/250, real avg travel time:211.38131813676907
step:3600/3600, q_loss:1.6702373048044844e-05, rewards:-3.585623264312744, queue:1.2613756656646729, delay:0.1351432502269745, throughput:4056
episode:218/250, real avg travel time:220.95857988165682
step:3600/3600, q_loss:1.5319465617519906e-05, rewards:-3.3860788345336914, queue:1.2038359642028809, delay:0.13095571100711823, throughput:4036
episode:219/250, real avg travel time:218.77874132804757
step:3600/3600, q_loss:1.5465425652413007e-05, rewards:-2.93558406829834, queue:1.1476190090179443, delay:0.13120326399803162, throughput:4060
episode:220/250, real avg travel time:210.45911330049262
Test step:220/250, travel time :211.51786154225178, rewards:-2.984226703643799, queue:1.1399470567703247, delay:0.13490338623523712, throughput:4059
step:3600/3600, q_loss:9.898621275270772e-05, rewards:-5.119057655334473, queue:1.6969577074050903, delay:0.14801684021949768, throughput:3651
episode:221/250, real avg travel time:227.63051218844151
step:3600/3600, q_loss:2.9681514691522657e-05, rewards:-3.5024218559265137, queue:1.2992063760757446, delay:0.13624480366706848, throughput:4059
episode:222/250, real avg travel time:221.20078837152008
step:3600/3600, q_loss:2.4888041419520354e-05, rewards:-3.700082302093506, queue:1.3314814567565918, delay:0.13816803693771362, throughput:4065
episode:223/250, real avg travel time:225.25608856088562
step:3600/3600, q_loss:1.4747817476745696e-05, rewards:-3.0298783779144287, queue:1.1580687761306763, delay:0.13025303184986115, throughput:4065
episode:224/250, real avg travel time:209.66568265682656
step:3600/3600, q_loss:1.3222973535044326e-05, rewards:-2.8948380947113037, queue:1.1702381372451782, delay:0.13610562682151794, throughput:4055
episode:225/250, real avg travel time:209.82762022194822
Test step:225/250, travel time :212.64445537251046, rewards:-2.890775203704834, queue:1.1324074268341064, delay:0.13446979224681854, throughput:4067
step:3600/3600, q_loss:2.0301919923642546e-05, rewards:-2.982706308364868, queue:1.174735426902771, delay:0.13460682332515717, throughput:4067
episode:226/250, real avg travel time:208.2748955003688
step:3600/3600, q_loss:1.2932834862213996e-05, rewards:-2.8475427627563477, queue:1.1584656238555908, delay:0.13322734832763672, throughput:4049
episode:227/250, real avg travel time:203.97505556927638
step:3600/3600, q_loss:1.8234224221992514e-05, rewards:-3.235935688018799, queue:1.233068823814392, delay:0.13606420159339905, throughput:4060
episode:228/250, real avg travel time:221.1118226600985
step:3600/3600, q_loss:6.383803366689891e-05, rewards:-3.5943713188171387, queue:1.310185194015503, delay:0.13246150314807892, throughput:4058
episode:229/250, real avg travel time:220.2838836865451
step:3600/3600, q_loss:1.9875768824325254e-05, rewards:-3.0728702545166016, queue:1.1728836297988892, delay:0.13122673332691193, throughput:4065
episode:230/250, real avg travel time:208.03567035670358
Test step:230/250, travel time :216.56906350383, rewards:-3.32242488861084, queue:1.2695766687393188, delay:0.1375163197517395, throughput:4047
step:3600/3600, q_loss:6.92770441269709e-06, rewards:-3.021841049194336, queue:1.1496031284332275, delay:0.13252981007099152, throughput:4057
episode:231/250, real avg travel time:209.36258318954893
step:3600/3600, q_loss:1.2720163188835917e-05, rewards:-2.9132602214813232, queue:1.1370370388031006, delay:0.13184402883052826, throughput:4061
episode:232/250, real avg travel time:206.5813838955922
step:3600/3600, q_loss:1.746288900095452e-05, rewards:-3.2377543449401855, queue:1.2083333730697632, delay:0.13109149038791656, throughput:4067
episode:233/250, real avg travel time:212.89353331694124
step:3600/3600, q_loss:1.2426411235032397e-05, rewards:-3.43107271194458, queue:1.2689152956008911, delay:0.13759848475456238, throughput:4053
episode:234/250, real avg travel time:228.03503577596842
step:3600/3600, q_loss:2.454811057961908e-05, rewards:-3.378007411956787, queue:1.2592592239379883, delay:0.13536888360977173, throughput:4073
episode:235/250, real avg travel time:220.815123987233
Test step:235/250, travel time :223.82926829268294, rewards:-3.7080180644989014, queue:1.3414021730422974, delay:0.14148207008838654, throughput:4059
step:3600/3600, q_loss:2.4107401057133553e-05, rewards:-3.5884203910827637, queue:1.3124338388442993, delay:0.136564239859581, throughput:4049
episode:236/250, real avg travel time:228.94813534205977
step:3600/3600, q_loss:8.444572207129871e-06, rewards:-3.237358331680298, queue:1.2325396537780762, delay:0.13586817681789398, throughput:4036
episode:237/250, real avg travel time:212.45713577799802
step:3600/3600, q_loss:1.1122442285543204e-05, rewards:-2.9179012775421143, queue:1.117989420890808, delay:0.12812121212482452, throughput:4053
episode:238/250, real avg travel time:209.5899333826795
step:3600/3600, q_loss:8.570085871421421e-06, rewards:-3.274548053741455, queue:1.190740704536438, delay:0.13252116739749908, throughput:4047
episode:239/250, real avg travel time:215.71262663701506
step:3600/3600, q_loss:7.970031664525677e-06, rewards:-3.235605478286743, queue:1.217063546180725, delay:0.13263611495494843, throughput:4053
episode:240/250, real avg travel time:222.10115963483838
Test step:240/250, travel time :230.5298341173558, rewards:-3.858062505722046, queue:1.3178571462631226, delay:0.13636080920696259, throughput:4039
step:3600/3600, q_loss:7.198249578424212e-06, rewards:-3.5667636394500732, queue:1.2908730506896973, delay:0.1347309648990631, throughput:4063
episode:241/250, real avg travel time:226.52079744031505
step:3600/3600, q_loss:1.308487541488527e-05, rewards:-3.102116107940674, queue:1.2031745910644531, delay:0.13369546830654144, throughput:4063
episode:242/250, real avg travel time:211.6928378045779
step:3600/3600, q_loss:7.744226968497969e-06, rewards:-3.3877758979797363, queue:1.2407407760620117, delay:0.14053726196289062, throughput:4059
episode:243/250, real avg travel time:219.47376201034737
step:3600/3600, q_loss:1.0435279141852839e-05, rewards:-2.9723260402679443, queue:1.143650770187378, delay:0.13311268389225006, throughput:4054
episode:244/250, real avg travel time:210.5789343857918
step:3600/3600, q_loss:2.4348998219162845e-06, rewards:-2.8720543384552, queue:1.148280382156372, delay:0.13111039996147156, throughput:4045
episode:245/250, real avg travel time:214.26402966625463
Test step:245/250, travel time :222.19798079290814, rewards:-3.377368211746216, queue:1.2281745672225952, delay:0.13643904030323029, throughput:4061
step:3600/3600, q_loss:2.1423852174646324e-05, rewards:-3.49528169631958, queue:1.2858465909957886, delay:0.1371135413646698, throughput:4047
episode:246/250, real avg travel time:225.66716085989623
step:3600/3600, q_loss:5.877270410160741e-06, rewards:-3.059821128845215, queue:1.183730125427246, delay:0.1343846172094345, throughput:4052
episode:247/250, real avg travel time:213.90621915103654
step:3600/3600, q_loss:6.703811393688536e-06, rewards:-2.855499267578125, queue:1.1382274627685547, delay:0.1309497207403183, throughput:4053
episode:248/250, real avg travel time:209.45299777942265
step:3600/3600, q_loss:6.0683355614956885e-06, rewards:-2.9202046394348145, queue:1.1404762268066406, delay:0.13111327588558197, throughput:4044
episode:249/250, real avg travel time:206.9666172106825
Hyperparameters saved to: data/output_data/tsc/sumo_hyperlight_mappo/sumo1x21/struct_sumo1x21_seed2/hyperparameters.json
Loaded best checkpoint for final evaluation
Final Travel Time is 202.0779, mean rewards: -2.7317, queue: 1.1509, delay: 0.1377, throughput: 4071
Total time taken: 12227.024821281433
