structural conditioning spec: structural_v1:in_lane_count,out_lane_count
structural features (min/mean/max): in_lane_count[4/7.43/14] out_lane_count[3/5.10/8]
step:3600/3600, q_loss:0.00023565225290238028, rewards:-11.959769248962402, queue:3.5596561431884766, delay:0.21969377994537354, throughput:3979
episode:0/250, real avg travel time:294.1125911032923
Test step:0/250, travel time :597.7213836477987, rewards:-39.90880584716797, queue:11.676719665527344, delay:0.36350759863853455, throughput:1590
New best TEST travel time 597.7214 at episode 0, saved as best checkpoint
step:3600/3600, q_loss:0.00022721839163245426, rewards:-10.915446281433105, queue:3.490476131439209, delay:0.21129657328128815, throughput:3963
episode:1/250, real avg travel time:287.0545041635125
step:3600/3600, q_loss:0.00021072548309651514, rewards:-11.14602279663086, queue:3.4275131225585938, delay:0.20875844359397888, throughput:4012
episode:2/250, real avg travel time:291.72482552342973
step:3600/3600, q_loss:0.00010985906281146324, rewards:-9.418456077575684, queue:3.0047619342803955, delay:0.19511938095092773, throughput:3952
episode:3/250, real avg travel time:283.4542004048583
step:3600/3600, q_loss:0.00011718039119538541, rewards:-9.009321212768555, queue:2.932539701461792, delay:0.18904928863048553, throughput:3900
episode:4/250, real avg travel time:298.31615384615384
step:3600/3600, q_loss:0.0002087334875896987, rewards:-9.601998329162598, queue:3.0683863162994385, delay:0.19235004484653473, throughput:3961
episode:5/250, real avg travel time:289.5501136076748
Test step:5/250, travel time :313.44542253521126, rewards:-18.444347381591797, queue:5.298412799835205, delay:0.2292497307062149, throughput:3408
New best TEST travel time 313.4454 at episode 5, saved as best checkpoint
step:3600/3600, q_loss:9.98010836257082e-05, rewards:-8.466947555541992, queue:2.751455068588257, delay:0.18521270155906677, throughput:3933
episode:6/250, real avg travel time:290.9760996694635
step:3600/3600, q_loss:7.003112259553745e-05, rewards:-7.839318752288818, queue:2.626190423965454, delay:0.182038351893425, throughput:3958
episode:7/250, real avg travel time:275.82137443153107
step:3600/3600, q_loss:3.62664181415716e-05, rewards:-7.227315902709961, queue:2.482804298400879, delay:0.17421221733093262, throughput:3994
episode:8/250, real avg travel time:270.9401602403605
step:3600/3600, q_loss:0.00022352375736874012, rewards:-8.490495681762695, queue:2.6666667461395264, delay:0.18005235493183136, throughput:3980
episode:9/250, real avg travel time:287.35653266331656
step:3600/3600, q_loss:2.8126515422223342e-05, rewards:-6.697073936462402, queue:2.3267195224761963, delay:0.1720949411392212, throughput:4026
episode:10/250, real avg travel time:259.46944858420267
Test step:10/250, travel time :251.95962490231832, rewards:-8.014278411865234, queue:2.8736772537231445, delay:0.1718371957540512, throughput:3839
New best TEST travel time 251.9596 at episode 10, saved as best checkpoint
step:3600/3600, q_loss:9.871265501715242e-06, rewards:-5.8416748046875, queue:2.0547618865966797, delay:0.16442537307739258, throughput:4006
episode:11/250, real avg travel time:251.13354967548676
step:3600/3600, q_loss:1.1109624918188072e-05, rewards:-5.70789098739624, queue:2.0085978507995605, delay:0.16327235102653503, throughput:4033
episode:12/250, real avg travel time:243.86808827175798
step:3600/3600, q_loss:2.8980273054912686e-05, rewards:-6.249799728393555, queue:2.126984119415283, delay:0.16467304527759552, throughput:4002
episode:13/250, real avg travel time:249.83733133433284
step:3600/3600, q_loss:3.3349124391356274e-05, rewards:-5.823390007019043, queue:2.076984167098999, delay:0.1615293025970459, throughput:3999
episode:14/250, real avg travel time:249.87421855463867
step:3600/3600, q_loss:3.650670559080835e-05, rewards:-5.462941646575928, queue:1.939021110534668, delay:0.1566905528306961, throughput:4035
episode:15/250, real avg travel time:236.83791821561337
Test step:15/250, travel time :253.09979263867288, rewards:-7.910919189453125, queue:2.8435184955596924, delay:0.1641312688589096, throughput:3858
step:3600/3600, q_loss:3.546095015028388e-05, rewards:-5.491427421569824, queue:1.956745982170105, delay:0.15943001210689545, throughput:4038
episode:16/250, real avg travel time:243.11862308073304
step:3600/3600, q_loss:2.326337489648722e-05, rewards:-4.84153938293457, queue:1.7654762268066406, delay:0.15553973615169525, throughput:4026
episode:17/250, real avg travel time:240.6564828614009
step:3600/3600, q_loss:2.540908834715891e-05, rewards:-5.18187141418457, queue:1.8949735164642334, delay:0.1557392030954361, throughput:4030
episode:18/250, real avg travel time:254.1483870967742
step:3600/3600, q_loss:2.9969239161194613e-05, rewards:-5.094352722167969, queue:1.874074101448059, delay:0.1554936170578003, throughput:3977
episode:19/250, real avg travel time:254.09655519235605
step:3600/3600, q_loss:4.251974896760657e-05, rewards:-5.423221111297607, queue:1.9218254089355469, delay:0.16020481288433075, throughput:4036
episode:20/250, real avg travel time:239.33002973240832
Test step:20/250, travel time :248.43423799582465, rewards:-7.868786811828613, queue:2.818650722503662, delay:0.16515707969665527, throughput:3832
New best TEST travel time 248.4342 at episode 20, saved as best checkpoint
step:3600/3600, q_loss:3.786561630679191e-05, rewards:-5.255210876464844, queue:1.9817460775375366, delay:0.15649516880512238, throughput:4030
episode:21/250, real avg travel time:254.60272952853597
step:3600/3600, q_loss:3.8813177363610726e-05, rewards:-5.377579212188721, queue:1.9579365253448486, delay:0.1599521040916443, throughput:4035
episode:22/250, real avg travel time:233.97447335811648
step:3600/3600, q_loss:2.957060763340754e-05, rewards:-5.04123067855835, queue:1.8367724418640137, delay:0.15652500092983246, throughput:4049
episode:23/250, real avg travel time:232.49296122499382
step:3600/3600, q_loss:2.5194872594309143e-05, rewards:-4.851849555969238, queue:1.7259259223937988, delay:0.1555665284395218, throughput:4035
episode:24/250, real avg travel time:229.745229244114
step:3600/3600, q_loss:2.4664421653142198e-05, rewards:-5.056668281555176, queue:1.8345237970352173, delay:0.1545836180448532, throughput:4043
episode:25/250, real avg travel time:232.58397229779865
Test step:25/250, travel time :259.57584039355015, rewards:-9.46678638458252, queue:3.3145501613616943, delay:0.17479044198989868, throughput:3659
step:3600/3600, q_loss:2.466405502572242e-05, rewards:-4.998687744140625, queue:1.7673280239105225, delay:0.1586097776889801, throughput:4049
episode:26/250, real avg travel time:227.34156581872068
step:3600/3600, q_loss:2.5834010820189078e-05, rewards:-4.944802761077881, queue:1.7695766687393188, delay:0.1555430293083191, throughput:4056
episode:27/250, real avg travel time:224.48348126232742
step:3600/3600, q_loss:0.00016223412805831886, rewards:-5.912663459777832, queue:2.0248677730560303, delay:0.1586722433567047, throughput:4038
episode:28/250, real avg travel time:237.0624071322437
step:3600/3600, q_loss:2.8212297103083174e-05, rewards:-4.721587657928467, queue:1.7099206447601318, delay:0.15577538311481476, throughput:4042
episode:29/250, real avg travel time:222.98095002474022
step:3600/3600, q_loss:2.195522206925994e-05, rewards:-4.538161277770996, queue:1.6724867820739746, delay:0.1512576937675476, throughput:4037
episode:30/250, real avg travel time:217.2474609858806
Test step:30/250, travel time :222.20253479125248, rewards:-5.467476844787598, queue:2.0783069133758545, delay:0.1575668454170227, throughput:4024
New best TEST travel time 222.2025 at episode 30, saved as best checkpoint
step:3600/3600, q_loss:2.0957984492674262e-05, rewards:-4.658090591430664, queue:1.683730125427246, delay:0.15507493913173676, throughput:4050
episode:31/250, real avg travel time:218.71086419753087
step:3600/3600, q_loss:1.6426685599273898e-05, rewards:-4.229098320007324, queue:1.5604497194290161, delay:0.1526610404253006, throughput:4066
episode:32/250, real avg travel time:215.04254795868175
step:3600/3600, q_loss:1.630396719620977e-05, rewards:-4.524219989776611, queue:1.6563491821289062, delay:0.15365470945835114, throughput:4053
episode:33/250, real avg travel time:219.32519121638293
step:3600/3600, q_loss:2.262319160056197e-05, rewards:-4.3694963455200195, queue:1.617989420890808, delay:0.15048639476299286, throughput:4059
episode:34/250, real avg travel time:214.36856368563684
step:3600/3600, q_loss:2.0871016345659476e-05, rewards:-4.497302055358887, queue:1.6518518924713135, delay:0.1583469808101654, throughput:4068
episode:35/250, real avg travel time:218.15855457227138
Test step:35/250, travel time :237.85208281366926, rewards:-6.95136833190918, queue:2.17724871635437, delay:0.18527851998806, throughput:4009
step:3600/3600, q_loss:1.451582898476368e-05, rewards:-4.409965515136719, queue:1.6043651103973389, delay:0.15592551231384277, throughput:4040
episode:36/250, real avg travel time:217.12227722772278
step:3600/3600, q_loss:6.290267095513022e-05, rewards:-5.515422344207764, queue:1.8474867343902588, delay:0.16142672300338745, throughput:4066
episode:37/250, real avg travel time:237.75922282341367
step:3600/3600, q_loss:2.4129219835029086e-05, rewards:-3.922619342803955, queue:1.4879629611968994, delay:0.1478908360004425, throughput:4060
episode:38/250, real avg travel time:214.33793103448275
step:3600/3600, q_loss:2.4271432064577108e-05, rewards:-4.291227340698242, queue:1.5394179821014404, delay:0.15017569065093994, throughput:4060
episode:39/250, real avg travel time:215.0270935960591
step:3600/3600, q_loss:2.36068271786078e-05, rewards:-4.065744876861572, queue:1.5112433433532715, delay:0.14795821905136108, throughput:4051
episode:40/250, real avg travel time:212.0
Test step:40/250, travel time :214.95273631840797, rewards:-5.479881286621094, queue:1.9526455402374268, delay:0.16890116035938263, throughput:4020
New best TEST travel time 214.9527 at episode 40, saved as best checkpoint
step:3600/3600, q_loss:2.666263745696698e-05, rewards:-3.9584977626800537, queue:1.4876984357833862, delay:0.14542116224765778, throughput:4062
episode:41/250, real avg travel time:208.8481043820778
step:3600/3600, q_loss:1.439161707013328e-05, rewards:-4.01092004776001, queue:1.5181217193603516, delay:0.14788740873336792, throughput:4052
episode:42/250, real avg travel time:214.1947186574531
step:3600/3600, q_loss:1.971394934419853e-05, rewards:-4.060098648071289, queue:1.5158730745315552, delay:0.14755971729755402, throughput:4065
episode:43/250, real avg travel time:211.74514145141453
step:3600/3600, q_loss:1.141971256907305e-05, rewards:-3.913771152496338, queue:1.4677249193191528, delay:0.14634451270103455, throughput:4071
episode:44/250, real avg travel time:212.47752394988947
step:3600/3600, q_loss:1.2518301082309335e-05, rewards:-3.884329319000244, queue:1.4753968715667725, delay:0.1474665254354477, throughput:4042
episode:45/250, real avg travel time:211.84388916378032
Test step:45/250, travel time :208.20123456790122, rewards:-4.734020709991455, queue:1.6716930866241455, delay:0.1651834100484848, throughput:4050
New best TEST travel time 208.2012 at episode 45, saved as best checkpoint
step:3600/3600, q_loss:1.1503996291948068e-05, rewards:-3.6714236736297607, queue:1.3957672119140625, delay:0.14397285878658295, throughput:4066
episode:46/250, real avg travel time:211.14190850959173
step:3600/3600, q_loss:9.931114942042363e-06, rewards:-3.8824594020843506, queue:1.4560846090316772, delay:0.14679276943206787, throughput:4059
episode:47/250, real avg travel time:212.5040650406504
step:3600/3600, q_loss:3.909189989725645e-05, rewards:-4.526369094848633, queue:1.601719617843628, delay:0.1508597433567047, throughput:4060
episode:48/250, real avg travel time:218.1576354679803
step:3600/3600, q_loss:1.605208583189071e-05, rewards:-3.703415870666504, queue:1.4293650388717651, delay:0.14301279187202454, throughput:4044
episode:49/250, real avg travel time:209.51310583580613
step:3600/3600, q_loss:8.587117133882001e-05, rewards:-4.7519659996032715, queue:1.5997354984283447, delay:0.15041793882846832, throughput:4060
episode:50/250, real avg travel time:230.23916256157636
Test step:50/250, travel time :207.60320197044334, rewards:-4.233780384063721, queue:1.603439211845398, delay:0.15590962767601013, throughput:4060
New best TEST travel time 207.6032 at episode 50, saved as best checkpoint
step:3600/3600, q_loss:1.0621532338619646e-05, rewards:-3.8576910495758057, queue:1.4394179582595825, delay:0.14533977210521698, throughput:4059
episode:51/250, real avg travel time:213.8189209164819
step:3600/3600, q_loss:6.033607092427297e-06, rewards:-3.8079512119293213, queue:1.4486773014068604, delay:0.14578036963939667, throughput:4062
episode:52/250, real avg travel time:210.5942885278188
step:3600/3600, q_loss:3.829557438924288e-06, rewards:-3.6607062816619873, queue:1.3929893970489502, delay:0.14395412802696228, throughput:4058
episode:53/250, real avg travel time:209.99038935436175
step:3600/3600, q_loss:3.040194294751725e-06, rewards:-3.5035665035247803, queue:1.3595237731933594, delay:0.14091260731220245, throughput:4071
episode:54/250, real avg travel time:207.35765168263325
step:3600/3600, q_loss:6.985918250090132e-05, rewards:-4.6576690673828125, queue:1.5772486925125122, delay:0.14742322266101837, throughput:4071
episode:55/250, real avg travel time:223.38491771063622
Test step:55/250, travel time :217.38912237330038, rewards:-4.199522495269775, queue:1.5464285612106323, delay:0.14169146120548248, throughput:4045
step:3600/3600, q_loss:8.847945233962188e-06, rewards:-3.76837420463562, queue:1.4284391403198242, delay:0.1473185271024704, throughput:4050
episode:56/250, real avg travel time:212.10444444444445
step:3600/3600, q_loss:8.567184138680911e-06, rewards:-3.625311851501465, queue:1.3535714149475098, delay:0.143266499042511, throughput:4059
episode:57/250, real avg travel time:211.80734170978073
step:3600/3600, q_loss:8.344533691544913e-06, rewards:-3.6682019233703613, queue:1.3808201551437378, delay:0.14305804669857025, throughput:4053
episode:58/250, real avg travel time:211.91981248457932
step:3600/3600, q_loss:7.359396816658167e-05, rewards:-4.540659427642822, queue:1.5626983642578125, delay:0.14774899184703827, throughput:4056
episode:59/250, real avg travel time:229.63831360946745
step:3600/3600, q_loss:1.7539247427420277e-05, rewards:-3.7365126609802246, queue:1.4022486209869385, delay:0.14793379604816437, throughput:4068
episode:60/250, real avg travel time:214.77384464110128
Test step:60/250, travel time :227.35212316861188, rewards:-4.778411388397217, queue:1.646164059638977, delay:0.15919151902198792, throughput:4027
step:3600/3600, q_loss:8.762116016845943e-06, rewards:-3.7328805923461914, queue:1.3932539224624634, delay:0.14216995239257812, throughput:4060
episode:61/250, real avg travel time:208.93645320197044
step:3600/3600, q_loss:9.625334383195473e-05, rewards:-4.73561954498291, queue:1.666534423828125, delay:0.1507246494293213, throughput:4060
episode:62/250, real avg travel time:229.16576354679802
step:3600/3600, q_loss:1.0960952365874415e-05, rewards:-3.549743413925171, queue:1.3718253374099731, delay:0.1433607041835785, throughput:4060
episode:63/250, real avg travel time:211.58399014778325
step:3600/3600, q_loss:1.2711545180839796e-05, rewards:-3.491446018218994, queue:1.3453704118728638, delay:0.14340730011463165, throughput:4055
episode:64/250, real avg travel time:207.17953144266338
step:3600/3600, q_loss:2.0000198370932292e-05, rewards:-3.665186882019043, queue:1.4132275581359863, delay:0.1444462388753891, throughput:4060
episode:65/250, real avg travel time:211.53128078817733
Test step:65/250, travel time :203.38199214916585, rewards:-3.7144243717193604, queue:1.360185146331787, delay:0.14973315596580505, throughput:4076
New best TEST travel time 203.3820 at episode 65, saved as best checkpoint
step:3600/3600, q_loss:7.5168550312001675e-06, rewards:-3.3671603202819824, queue:1.3153438568115234, delay:0.14239230751991272, throughput:4052
episode:66/250, real avg travel time:209.8067620927937
step:3600/3600, q_loss:1.2593226711032911e-05, rewards:-3.3708739280700684, queue:1.2833333015441895, delay:0.1403697431087494, throughput:4058
episode:67/250, real avg travel time:209.78955150320354
step:3600/3600, q_loss:5.247780273849558e-05, rewards:-4.303874969482422, queue:1.4997354745864868, delay:0.15060609579086304, throughput:4062
episode:68/250, real avg travel time:220.76021664204825
step:3600/3600, q_loss:1.1956549456550015e-05, rewards:-3.516533136367798, queue:1.3193122148513794, delay:0.14206627011299133, throughput:4063
episode:69/250, real avg travel time:210.22200344572977
step:3600/3600, q_loss:1.0700960168226932e-05, rewards:-3.4670071601867676, queue:1.3365079164505005, delay:0.14334458112716675, throughput:4066
episode:70/250, real avg travel time:213.33472700442695
Test step:70/250, travel time :207.39586410635155, rewards:-4.119892120361328, queue:1.5187830924987793, delay:0.15675783157348633, throughput:4062
step:3600/3600, q_loss:1.6496304467889583e-05, rewards:-3.458360433578491, queue:1.3316137790679932, delay:0.14062507450580597, throughput:4071
episode:71/250, real avg travel time:214.79120609186933
step:3600/3600, q_loss:1.902775653029999e-05, rewards:-3.308670997619629, queue:1.268650770187378, delay:0.1373741328716278, throughput:4054
episode:72/250, real avg travel time:207.3332511100148
step:3600/3600, q_loss:5.050246586001271e-06, rewards:-3.3021700382232666, queue:1.2919312715530396, delay:0.14042185246944427, throughput:4063
episode:73/250, real avg travel time:206.92714742800885
step:3600/3600, q_loss:7.817224589719748e-06, rewards:-3.3501851558685303, queue:1.2996032238006592, delay:0.14010782539844513, throughput:4061
episode:74/250, real avg travel time:207.35434622014282
step:3600/3600, q_loss:9.34903461408491e-06, rewards:-3.2147955894470215, queue:1.2682539224624634, delay:0.13819070160388947, throughput:4062
episode:75/250, real avg travel time:209.46479566715902
Test step:75/250, travel time :232.78629932985854, rewards:-5.784049987792969, queue:1.9284391403198242, delay:0.1727527529001236, throughput:4029
step:3600/3600, q_loss:6.23289209518892e-07, rewards:-3.2293264865875244, queue:1.2593915462493896, delay:0.13794392347335815, throughput:4069
episode:76/250, real avg travel time:206.63971491767018
step:3600/3600, q_loss:5.268412391564602e-05, rewards:-4.021601676940918, queue:1.4490740299224854, delay:0.14328528940677643, throughput:4061
episode:77/250, real avg travel time:222.91233686284167
step:3600/3600, q_loss:4.460200458803835e-06, rewards:-3.1825406551361084, queue:1.2556878328323364, delay:0.13743919134140015, throughput:4071
episode:78/250, real avg travel time:208.56104151314173
step:3600/3600, q_loss:1.4997037295769485e-06, rewards:-3.1544406414031982, queue:1.2333333492279053, delay:0.13677361607551575, throughput:4060
episode:79/250, real avg travel time:210.0142857142857
step:3600/3600, q_loss:1.5481252113305445e-05, rewards:-3.4969217777252197, queue:1.333994746208191, delay:0.14329931139945984, throughput:4052
episode:80/250, real avg travel time:208.6791707798618
Test step:80/250, travel time :258.8536150712831, rewards:-6.25384521484375, queue:1.9763227701187134, delay:0.1835559457540512, throughput:3928
step:3600/3600, q_loss:1.799353202740248e-05, rewards:-3.6925787925720215, queue:1.391931176185608, delay:0.14320221543312073, throughput:4069
episode:81/250, real avg travel time:217.73408699926273
step:3600/3600, q_loss:6.56830363570609e-06, rewards:-3.1439664363861084, queue:1.244444489479065, delay:0.1371653974056244, throughput:4061
episode:82/250, real avg travel time:208.61388820487565
step:3600/3600, q_loss:1.0829537334049949e-06, rewards:-3.054774761199951, queue:1.2166666984558105, delay:0.13478857278823853, throughput:4056
episode:83/250, real avg travel time:207.2842702169625
step:3600/3600, q_loss:4.150526809907104e-06, rewards:-3.3416049480438232, queue:1.2912698984146118, delay:0.13831575214862823, throughput:4060
episode:84/250, real avg travel time:213.68965517241378
step:3600/3600, q_loss:1.5797055918180074e-05, rewards:-3.3956193923950195, queue:1.292724847793579, delay:0.13593153655529022, throughput:4070
episode:85/250, real avg travel time:211.71867321867322
Test step:85/250, travel time :253.70521255060729, rewards:-5.281562805175781, queue:1.8474867343902588, delay:0.166879802942276, throughput:3952
step:3600/3600, q_loss:7.347732995791981e-06, rewards:-3.129371404647827, queue:1.2443121671676636, delay:0.13754191994667053, throughput:4050
episode:86/250, real avg travel time:212.05456790123458
step:3600/3600, q_loss:5.782769262118058e-06, rewards:-3.2893941402435303, queue:1.2525131702423096, delay:0.1390422135591507, throughput:4063
episode:87/250, real avg travel time:210.6111247846419
step:3600/3600, q_loss:3.120329343396912e-05, rewards:-3.8404250144958496, queue:1.3894180059432983, delay:0.14175671339035034, throughput:4068
episode:88/250, real avg travel time:220.84242871189772
step:3600/3600, q_loss:7.599543540790263e-06, rewards:-3.479206085205078, queue:1.29537034034729, delay:0.13952022790908813, throughput:4053
episode:89/250, real avg travel time:214.1811004194424
step:3600/3600, q_loss:1.1615352802133809e-05, rewards:-3.6826250553131104, queue:1.3222222328186035, delay:0.14158383011817932, throughput:4062
episode:90/250, real avg travel time:213.94805514524865
Test step:90/250, travel time :268.8653258655805, rewards:-6.892463684082031, queue:2.2498676776885986, delay:0.1835150569677353, throughput:3928
step:3600/3600, q_loss:2.3263509825078978e-05, rewards:-3.689784049987793, queue:1.375793695449829, delay:0.14095373451709747, throughput:4069
episode:91/250, real avg travel time:213.64290980584911
step:3600/3600, q_loss:1.1809999988246192e-05, rewards:-3.2118730545043945, queue:1.2375661134719849, delay:0.1372900754213333, throughput:4051
episode:92/250, real avg travel time:209.8884226117008
step:3600/3600, q_loss:0.00010554939148682428, rewards:-4.935306072235107, queue:1.4804233312606812, delay:0.14742311835289001, throughput:4034
episode:93/250, real avg travel time:212.9095190877541
step:3600/3600, q_loss:1.890939169647431e-05, rewards:-3.524369239807129, queue:1.3312169313430786, delay:0.13999880850315094, throughput:4064
episode:94/250, real avg travel time:210.92691929133858
step:3600/3600, q_loss:1.010662158983501e-05, rewards:-3.2784955501556396, queue:1.250925898551941, delay:0.1418047547340393, throughput:4072
episode:95/250, real avg travel time:211.05648330058938
Test step:95/250, travel time :251.79095045500506, rewards:-5.441116809844971, queue:1.8063491582870483, delay:0.17153793573379517, throughput:3956
step:3600/3600, q_loss:5.092769246807115e-05, rewards:-4.2216033935546875, queue:1.4111111164093018, delay:0.14633311331272125, throughput:4056
episode:96/250, real avg travel time:214.6070019723866
step:3600/3600, q_loss:5.813336853558819e-06, rewards:-3.2004573345184326, queue:1.2306878566741943, delay:0.1363551914691925, throughput:4055
episode:97/250, real avg travel time:210.95955610357584
step:3600/3600, q_loss:1.1879180318727675e-05, rewards:-3.5170834064483643, queue:1.3242063522338867, delay:0.13837137818336487, throughput:4071
episode:98/250, real avg travel time:216.00442151805453
step:3600/3600, q_loss:5.125196872136763e-06, rewards:-3.1427762508392334, queue:1.233068823814392, delay:0.13467928767204285, throughput:4067
episode:99/250, real avg travel time:208.81067125645438
step:3600/3600, q_loss:3.6701390248102445e-06, rewards:-3.0468709468841553, queue:1.1943122148513794, delay:0.13529019057750702, throughput:4058
episode:100/250, real avg travel time:208.4933464760966
Test step:100/250, travel time :241.7591857000993, rewards:-5.127602577209473, queue:1.725264549255371, delay:0.16692037880420685, throughput:4028
step:3600/3600, q_loss:2.4163476013604346e-05, rewards:-3.398188591003418, queue:1.2858465909957886, delay:0.1376202553510666, throughput:4072
episode:101/250, real avg travel time:213.5834970530452
step:3600/3600, q_loss:2.3596561287478026e-05, rewards:-3.094693660736084, queue:1.2115079164505005, delay:0.1358634978532791, throughput:4066
episode:102/250, real avg travel time:207.96581406788
step:3600/3600, q_loss:1.0546346756099309e-05, rewards:-3.183105707168579, queue:1.2518517971038818, delay:0.1380029320716858, throughput:4063
episode:103/250, real avg travel time:211.0959881860694
step:3600/3600, q_loss:8.763785929962372e-06, rewards:-3.2281172275543213, queue:1.2564815282821655, delay:0.1349382847547531, throughput:4059
episode:104/250, real avg travel time:211.6390736634639
step:3600/3600, q_loss:3.635930220803453e-07, rewards:-3.2787909507751465, queue:1.2537037134170532, delay:0.13887648284435272, throughput:4068
episode:105/250, real avg travel time:211.69026548672565
Test step:105/250, travel time :263.34067059124646, rewards:-6.657085418701172, queue:2.157010555267334, delay:0.1771472692489624, throughput:3907
step:3600/3600, q_loss:7.065563113428652e-06, rewards:-3.059824228286743, queue:1.2186508178710938, delay:0.13657544553279877, throughput:4060
episode:106/250, real avg travel time:208.5012315270936
step:3600/3600, q_loss:3.843901261764889e-06, rewards:-3.077465534210205, queue:1.2173280715942383, delay:0.13739849627017975, throughput:4073
episode:107/250, real avg travel time:211.4532285784434
step:3600/3600, q_loss:1.4726729447526548e-05, rewards:-3.472222328186035, queue:1.297619104385376, delay:0.1380520612001419, throughput:4067
episode:108/250, real avg travel time:214.47233833292353
step:3600/3600, q_loss:1.7987644241657107e-06, rewards:-3.4242827892303467, queue:1.2726190090179443, delay:0.1374623328447342, throughput:4059
episode:109/250, real avg travel time:213.23429416112342
step:3600/3600, q_loss:2.582741823668281e-06, rewards:-3.2667596340179443, queue:1.2535713911056519, delay:0.1373438686132431, throughput:4066
episode:110/250, real avg travel time:210.31234628627644
Test step:110/250, travel time :272.2847386393486, rewards:-6.851654529571533, queue:2.16349196434021, delay:0.17736685276031494, throughput:3807
step:3600/3600, q_loss:8.14644053106248e-06, rewards:-3.193709373474121, queue:1.2173280715942383, delay:0.1365034282207489, throughput:4052
episode:111/250, real avg travel time:210.1932379072063
step:3600/3600, q_loss:1.3822913954047383e-05, rewards:-3.264465570449829, queue:1.2298941612243652, delay:0.13579051196575165, throughput:4055
episode:112/250, real avg travel time:210.87225647348953
step:3600/3600, q_loss:1.1487932998635288e-05, rewards:-3.0999300479888916, queue:1.2000000476837158, delay:0.13462410867214203, throughput:4059
episode:113/250, real avg travel time:208.8460211874846
step:3600/3600, q_loss:2.6869688857307967e-05, rewards:-3.576249837875366, queue:1.2966930866241455, delay:0.1391666978597641, throughput:4053
episode:114/250, real avg travel time:216.43967431532198
step:3600/3600, q_loss:1.300408811301976e-05, rewards:-3.0158298015594482, queue:1.1671957969665527, delay:0.1335759311914444, throughput:4065
episode:115/250, real avg travel time:208.98228782287822
Test step:115/250, travel time :273.08578052550234, rewards:-6.489875793457031, queue:2.0783069133758545, delay:0.1790265589952469, throughput:3882
step:3600/3600, q_loss:9.022585719422851e-06, rewards:-2.955286979675293, queue:1.1658730506896973, delay:0.13610491156578064, throughput:4054
episode:116/250, real avg travel time:206.90379871731622
step:3600/3600, q_loss:2.370112997596152e-06, rewards:-3.2413601875305176, queue:1.237830638885498, delay:0.13494068384170532, throughput:4057
episode:117/250, real avg travel time:209.716785802317
step:3600/3600, q_loss:2.7039016155564848e-05, rewards:-3.4534621238708496, queue:1.2957671880722046, delay:0.13976024091243744, throughput:4052
episode:118/250, real avg travel time:213.05626850937807
step:3600/3600, q_loss:1.3087666472226071e-05, rewards:-3.1735470294952393, queue:1.2228835821151733, delay:0.13635312020778656, throughput:4064
episode:119/250, real avg travel time:215.7170275590551
step:3600/3600, q_loss:3.3684085792629047e-06, rewards:-2.920123338699341, queue:1.1551587581634521, delay:0.13447147607803345, throughput:4070
episode:120/250, real avg travel time:204.34791154791154
Test step:120/250, travel time :246.6565579984837, rewards:-4.431664943695068, queue:1.5880951881408691, delay:0.15735593438148499, throughput:3957
step:3600/3600, q_loss:1.3953593144025136e-05, rewards:-3.1979472637176514, queue:1.203703761100769, delay:0.1348223239183426, throughput:4072
episode:121/250, real avg travel time:210.76620825147347
step:3600/3600, q_loss:6.922462934097792e-06, rewards:-3.0208733081817627, queue:1.1694444417953491, delay:0.13379959762096405, throughput:4067
episode:122/250, real avg travel time:208.817801819523
step:3600/3600, q_loss:4.6634103960564566e-06, rewards:-2.8930728435516357, queue:1.1382274627685547, delay:0.13233977556228638, throughput:4062
episode:123/250, real avg travel time:206.0984736582964
step:3600/3600, q_loss:1.5198006076388993e-05, rewards:-2.924175977706909, queue:1.1269841194152832, delay:0.1303015947341919, throughput:4063
episode:124/250, real avg travel time:207.806054639429
step:3600/3600, q_loss:4.228179912186332e-06, rewards:-2.901259660720825, queue:1.1449735164642334, delay:0.1341826319694519, throughput:4060
episode:125/250, real avg travel time:205.3692118226601
Test step:125/250, travel time :207.1114931237721, rewards:-2.849018096923828, queue:1.1007936000823975, delay:0.13372395932674408, throughput:4072
step:3600/3600, q_loss:0.00010407909168053367, rewards:-3.994000196456909, queue:1.3730158805847168, delay:0.13989034295082092, throughput:4064
episode:126/250, real avg travel time:218.10260826771653
step:3600/3600, q_loss:1.684424282252116e-05, rewards:-3.37933611869812, queue:1.2939153909683228, delay:0.1439480036497116, throughput:4068
episode:127/250, real avg travel time:216.46214355948868
step:3600/3600, q_loss:1.0489413479161966e-05, rewards:-2.9125020503997803, queue:1.1584656238555908, delay:0.1349075734615326, throughput:4067
episode:128/250, real avg travel time:203.9043521022867
step:3600/3600, q_loss:-7.641729300505378e-07, rewards:-2.886871337890625, queue:1.1603174209594727, delay:0.1325344294309616, throughput:4073
episode:129/250, real avg travel time:203.67493248219986
step:3600/3600, q_loss:2.3858639259641577e-05, rewards:-3.3159093856811523, queue:1.2588623762130737, delay:0.13349482417106628, throughput:4074
episode:130/250, real avg travel time:211.75699558173784
Test step:130/250, travel time :198.92290694819545, rewards:-2.5201504230499268, queue:1.0445767641067505, delay:0.12972746789455414, throughput:4073
New best TEST travel time 198.9229 at episode 130, saved as best checkpoint
step:3600/3600, q_loss:9.47575527890068e-06, rewards:-2.9616217613220215, queue:1.1698412895202637, delay:0.13438919186592102, throughput:4062
episode:131/250, real avg travel time:203.74643032988675
step:3600/3600, q_loss:4.1994161114821e-06, rewards:-2.7938575744628906, queue:1.1253968477249146, delay:0.13304616510868073, throughput:4068
episode:132/250, real avg travel time:203.29424778761063
step:3600/3600, q_loss:2.9303289516570255e-06, rewards:-2.645298957824707, queue:1.107275128364563, delay:0.13230419158935547, throughput:4071
episode:133/250, real avg travel time:203.3411938098747
step:3600/3600, q_loss:1.1430062295403332e-05, rewards:-2.935173511505127, queue:1.1318782567977905, delay:0.13129384815692902, throughput:4066
episode:134/250, real avg travel time:205.29537629119528
step:3600/3600, q_loss:1.666381310011881e-05, rewards:-3.0094408988952637, queue:1.1440476179122925, delay:0.1334165781736374, throughput:4056
episode:135/250, real avg travel time:204.21794871794873
Test step:135/250, travel time :208.12361487318395, rewards:-3.080885410308838, queue:1.17037034034729, delay:0.13902324438095093, throughput:4061
step:3600/3600, q_loss:7.5507470480968345e-06, rewards:-2.9906115531921387, queue:1.1623015403747559, delay:0.13666591048240662, throughput:4076
episode:136/250, real avg travel time:207.1121197252208
step:3600/3600, q_loss:7.968171727649557e-06, rewards:-2.8287079334259033, queue:1.1234127283096313, delay:0.13234715163707733, throughput:4069
episode:137/250, real avg travel time:206.9297124600639
step:3600/3600, q_loss:3.887818780236153e-06, rewards:-2.742349863052368, queue:1.1015872955322266, delay:0.13145263493061066, throughput:4077
episode:138/250, real avg travel time:204.6131959774344
step:3600/3600, q_loss:7.306537251376237e-06, rewards:-2.8073570728302, queue:1.1182539463043213, delay:0.13155357539653778, throughput:4080
episode:139/250, real avg travel time:205.9142156862745
step:3600/3600, q_loss:8.555052530330915e-06, rewards:-2.623483896255493, queue:1.0576719045639038, delay:0.12966454029083252, throughput:4071
episode:140/250, real avg travel time:201.56251535249325
Test step:140/250, travel time :205.8373405299313, rewards:-3.274986505508423, queue:1.1534391641616821, delay:0.13241541385650635, throughput:4076
step:3600/3600, q_loss:4.98915202721643e-06, rewards:-2.739149570465088, queue:1.0806878805160522, delay:0.12972673773765564, throughput:4070
episode:141/250, real avg travel time:202.72776412776412
step:3600/3600, q_loss:1.560093058085638e-05, rewards:-3.156022787094116, queue:1.219709038734436, delay:0.13766184449195862, throughput:4069
episode:142/250, real avg travel time:208.25067584173016
step:3600/3600, q_loss:1.8032528734895296e-05, rewards:-3.296919822692871, queue:1.2133598327636719, delay:0.13312581181526184, throughput:4074
episode:143/250, real avg travel time:210.0920471281296
step:3600/3600, q_loss:1.4270789728875065e-05, rewards:-2.6667802333831787, queue:1.0884920358657837, delay:0.13384105265140533, throughput:4066
episode:144/250, real avg travel time:202.21790457452042
step:3600/3600, q_loss:7.850890081802694e-06, rewards:-2.7784950733184814, queue:1.1018518209457397, delay:0.1320388913154602, throughput:4073
episode:145/250, real avg travel time:204.13822735084705
Test step:145/250, travel time :203.30063756743502, rewards:-2.6560728549957275, queue:1.0343915224075317, delay:0.12787021696567535, throughput:4078
step:3600/3600, q_loss:1.3811939344224002e-05, rewards:-2.75671648979187, queue:1.0806878805160522, delay:0.13101942837238312, throughput:4075
episode:146/250, real avg travel time:202.10233128834355
step:3600/3600, q_loss:4.769133496059415e-06, rewards:-2.9118924140930176, queue:1.1246031522750854, delay:0.1305752694606781, throughput:4062
episode:147/250, real avg travel time:204.26686361398325
step:3600/3600, q_loss:-1.618623961500513e-06, rewards:-2.9025540351867676, queue:1.1396825313568115, delay:0.13504526019096375, throughput:4074
episode:148/250, real avg travel time:202.28375061364753
step:3600/3600, q_loss:7.873523766951015e-06, rewards:-2.9598069190979004, queue:1.1456348896026611, delay:0.13505461812019348, throughput:4065
episode:149/250, real avg travel time:201.87330873308733
step:3600/3600, q_loss:-2.8216884351826996e-06, rewards:-2.825572967529297, queue:1.1296296119689941, delay:0.13238991796970367, throughput:4070
episode:150/250, real avg travel time:204.94643734643734
Test step:150/250, travel time :228.05789603350578, rewards:-3.3659722805023193, queue:1.292460322380066, delay:0.14490699768066406, throughput:4059
step:3600/3600, q_loss:1.806965600634511e-06, rewards:-2.8731305599212646, queue:1.1484127044677734, delay:0.13406142592430115, throughput:4079
episode:151/250, real avg travel time:207.75361608237313
step:3600/3600, q_loss:8.485577806519965e-06, rewards:-2.9233529567718506, queue:1.1519840955734253, delay:0.13748832046985626, throughput:4051
episode:152/250, real avg travel time:207.670945445569
step:3600/3600, q_loss:0.00014210993750667612, rewards:-5.400591850280762, queue:1.8003968000411987, delay:0.1468276083469391, throughput:3982
episode:153/250, real avg travel time:209.25590155700652
step:3600/3600, q_loss:6.441003796579834e-05, rewards:-3.607769727706909, queue:1.2608466148376465, delay:0.13525913655757904, throughput:4070
episode:154/250, real avg travel time:217.2140049140049
step:3600/3600, q_loss:4.01091092498973e-06, rewards:-2.92809796333313, queue:1.1534391641616821, delay:0.13310681283473969, throughput:4066
episode:155/250, real avg travel time:207.6728971962617
Test step:155/250, travel time :201.84102060843963, rewards:-2.5027103424072266, queue:1.040740728378296, delay:0.12926054000854492, throughput:4076
step:3600/3600, q_loss:1.1219327542575128e-05, rewards:-2.709550619125366, queue:1.0866402387619019, delay:0.13151918351650238, throughput:4074
episode:156/250, real avg travel time:200.67427589592538
step:3600/3600, q_loss:6.430861523969926e-06, rewards:-2.6981537342071533, queue:1.0849206447601318, delay:0.12928593158721924, throughput:4075
episode:157/250, real avg travel time:201.4431901840491
step:3600/3600, q_loss:6.864737103266331e-06, rewards:-2.628732204437256, queue:1.0801587104797363, delay:0.13114498555660248, throughput:4068
episode:158/250, real avg travel time:200.06415929203538
step:3600/3600, q_loss:6.237050001800526e-06, rewards:-2.7726330757141113, queue:1.1181217432022095, delay:0.13328468799591064, throughput:4067
episode:159/250, real avg travel time:202.34152938283748
step:3600/3600, q_loss:6.165578381316866e-05, rewards:-4.079085350036621, queue:1.2734127044677734, delay:0.13959763944149017, throughput:4052
episode:160/250, real avg travel time:202.18558736426456
Test step:160/250, travel time :205.76734284998747, rewards:-3.579392194747925, queue:1.3153438568115234, delay:0.13538150489330292, throughput:3993
step:3600/3600, q_loss:0.0001419468542735558, rewards:-4.491253852844238, queue:1.6067460775375366, delay:0.14066825807094574, throughput:3990
episode:161/250, real avg travel time:212.83233082706766
step:3600/3600, q_loss:5.89571003931471e-05, rewards:-3.6806156635284424, queue:1.271164059638977, delay:0.13600093126296997, throughput:4071
episode:162/250, real avg travel time:220.59985261606485
step:3600/3600, q_loss:5.916610583274936e-06, rewards:-2.760711669921875, queue:1.0984127521514893, delay:0.13205167651176453, throughput:4067
episode:163/250, real avg travel time:201.79419719695107
step:3600/3600, q_loss:1.2329180248747838e-05, rewards:-2.488387107849121, queue:1.0383597612380981, delay:0.12790395319461823, throughput:4068
episode:164/250, real avg travel time:199.2708947885939
step:3600/3600, q_loss:8.436308760590488e-06, rewards:-2.6306560039520264, queue:1.078703761100769, delay:0.12904046475887299, throughput:4073
episode:165/250, real avg travel time:202.5347409771667
Test step:165/250, travel time :207.48931991161305, rewards:-3.027226448059082, queue:1.184259295463562, delay:0.1374591588973999, throughput:4073
step:3600/3600, q_loss:8.91809051811126e-06, rewards:-2.761824607849121, queue:1.079100489616394, delay:0.13236531615257263, throughput:4068
episode:166/250, real avg travel time:203.6086529006883
step:3600/3600, q_loss:6.894705418542597e-06, rewards:-2.965926170349121, queue:1.1563491821289062, delay:0.13491472601890564, throughput:4070
episode:167/250, real avg travel time:205.8203931203931
step:3600/3600, q_loss:1.2895868227739508e-05, rewards:-2.861083745956421, queue:1.1108465194702148, delay:0.12723290920257568, throughput:4071
episode:168/250, real avg travel time:203.72660280029476
step:3600/3600, q_loss:8.051028716080408e-06, rewards:-2.8435490131378174, queue:1.1183862686157227, delay:0.13304699957370758, throughput:4071
episode:169/250, real avg travel time:205.78064357651684
step:3600/3600, q_loss:8.584202542907506e-06, rewards:-2.5621254444122314, queue:1.0562169551849365, delay:0.12902799248695374, throughput:4069
episode:170/250, real avg travel time:203.12042270828212
Test step:170/250, travel time :212.55111546947782, rewards:-2.856651544570923, queue:1.1268517971038818, delay:0.1291213184595108, throughput:4079
step:3600/3600, q_loss:2.3852044351871074e-05, rewards:-2.829531192779541, queue:1.116269826889038, delay:0.12812721729278564, throughput:4074
episode:171/250, real avg travel time:203.57142857142858
step:3600/3600, q_loss:3.550574668527891e-06, rewards:-2.6152873039245605, queue:1.0492063760757446, delay:0.1267249584197998, throughput:4076
episode:172/250, real avg travel time:202.52526987242393
step:3600/3600, q_loss:8.494043625735987e-06, rewards:-2.5839779376983643, queue:1.0301587581634521, delay:0.12410542368888855, throughput:4071
episode:173/250, real avg travel time:198.36305576025546
step:3600/3600, q_loss:2.413972106296569e-06, rewards:-2.635982036590576, queue:1.0616402626037598, delay:0.13002020120620728, throughput:4074
episode:174/250, real avg travel time:200.20716740304368
step:3600/3600, q_loss:1.960873164029585e-06, rewards:-2.546454429626465, queue:1.0353174209594727, delay:0.12585221230983734, throughput:4068
episode:175/250, real avg travel time:201.3940511307768
Test step:175/250, travel time :202.7704595723765, rewards:-2.678636074066162, queue:1.064021110534668, delay:0.1271594911813736, throughput:4069
step:3600/3600, q_loss:1.1300091298633359e-05, rewards:-2.8672397136688232, queue:1.108201026916504, delay:0.1300581395626068, throughput:4075
episode:176/250, real avg travel time:205.2883435582822
step:3600/3600, q_loss:5.372471544736376e-06, rewards:-2.745573043823242, queue:1.0887565612792969, delay:0.12882328033447266, throughput:4073
episode:177/250, real avg travel time:203.8475325313037
step:3600/3600, q_loss:8.628771401062194e-06, rewards:-3.0396952629089355, queue:1.1169312000274658, delay:0.12833687663078308, throughput:4072
episode:178/250, real avg travel time:211.3209724950884
step:3600/3600, q_loss:2.782496202497795e-05, rewards:-3.413010597229004, queue:1.25, delay:0.1342410445213318, throughput:4060
episode:179/250, real avg travel time:215.16871921182266
step:3600/3600, q_loss:1.5196279653335094e-05, rewards:-2.764080047607422, queue:1.0941798686981201, delay:0.1287648230791092, throughput:4079
episode:180/250, real avg travel time:205.87668546212308
Test step:180/250, travel time :201.07862407862407, rewards:-2.5150208473205566, queue:1.0268518924713135, delay:0.12874241173267365, throughput:4070
step:3600/3600, q_loss:2.178579763696891e-05, rewards:-3.0632927417755127, queue:1.1853175163269043, delay:0.13385091722011566, throughput:4071
episode:181/250, real avg travel time:210.97027757307788
step:3600/3600, q_loss:7.54047976240852e-06, rewards:-2.7281830310821533, queue:1.1015872955322266, delay:0.13308429718017578, throughput:4074
episode:182/250, real avg travel time:201.86205203730978
step:3600/3600, q_loss:1.1032181929395948e-05, rewards:-2.709414005279541, queue:1.0611110925674438, delay:0.13077224791049957, throughput:4069
episode:183/250, real avg travel time:203.28704841484395
step:3600/3600, q_loss:1.0596677505721648e-05, rewards:-2.591294527053833, queue:1.0582010746002197, delay:0.12977205216884613, throughput:4066
episode:184/250, real avg travel time:203.2577471716675
step:3600/3600, q_loss:2.7989865177207523e-07, rewards:-2.6118052005767822, queue:1.053174614906311, delay:0.12961283326148987, throughput:4070
episode:185/250, real avg travel time:205.4914004914005
Test step:185/250, travel time :205.71698576337752, rewards:-2.6837480068206787, queue:1.0538359880447388, delay:0.1286269575357437, throughput:4074
step:3600/3600, q_loss:-1.505812785277764e-06, rewards:-2.6183815002441406, queue:1.0629630088806152, delay:0.13092009723186493, throughput:4068
episode:186/250, real avg travel time:204.305063913471
step:3600/3600, q_loss:2.3412614811806834e-06, rewards:-2.877117872238159, queue:1.1207672357559204, delay:0.1310790777206421, throughput:4056
episode:187/250, real avg travel time:206.74432938856015
step:3600/3600, q_loss:4.028083155086885e-06, rewards:-2.7348244190216064, queue:1.0960317850112915, delay:0.12991681694984436, throughput:4076
episode:188/250, real avg travel time:203.31967615309128
step:3600/3600, q_loss:0.00012006171544069528, rewards:-3.855684995651245, queue:1.3653439283370972, delay:0.1329500377178192, throughput:4071
episode:189/250, real avg travel time:217.52493244902973
step:3600/3600, q_loss:2.630113926392773e-06, rewards:-2.9763641357421875, queue:1.2690476179122925, delay:0.13591161370277405, throughput:4030
episode:190/250, real avg travel time:216.23300248138958
Test step:190/250, travel time :211.9215638062454, rewards:-2.5112345218658447, queue:1.056613802909851, delay:0.1308463215827942, throughput:4067
step:3600/3600, q_loss:9.328348678536714e-05, rewards:-3.55401873588562, queue:1.2989418506622314, delay:0.1337631642818451, throughput:4069
episode:191/250, real avg travel time:221.12066846891128
step:3600/3600, q_loss:1.1435391368447907e-06, rewards:-2.6194000244140625, queue:1.0649471282958984, delay:0.12872858345508575, throughput:4074
episode:192/250, real avg travel time:201.24840451644576
step:3600/3600, q_loss:4.085507640007159e-06, rewards:-2.6207115650177, queue:1.0615079402923584, delay:0.1271391659975052, throughput:4077
episode:193/250, real avg travel time:201.09271523178808
step:3600/3600, q_loss:3.7273676652047368e-06, rewards:-2.4021098613739014, queue:1.001190423965454, delay:0.124904565513134, throughput:4075
episode:194/250, real avg travel time:200.2112883435583
step:3600/3600, q_loss:8.18160681066931e-06, rewards:-2.616741895675659, queue:1.0687830448150635, delay:0.12768319249153137, throughput:4074
episode:195/250, real avg travel time:206.15562101129112
Test step:195/250, travel time :203.07866273353, rewards:-2.4995951652526855, queue:1.029894232749939, delay:0.12604767084121704, throughput:4068
step:3600/3600, q_loss:1.661415768062903e-06, rewards:-2.52821946144104, queue:1.0373015403747559, delay:0.12690404057502747, throughput:4072
episode:196/250, real avg travel time:202.8614931237721
step:3600/3600, q_loss:1.8260092474520206e-06, rewards:-2.4796338081359863, queue:1.0387566089630127, delay:0.12773647904396057, throughput:4070
episode:197/250, real avg travel time:201.25479115479115
step:3600/3600, q_loss:2.802067360284531e-06, rewards:-2.514854907989502, queue:1.0347883701324463, delay:0.12700502574443817, throughput:4071
episode:198/250, real avg travel time:200.53746008351757
step:3600/3600, q_loss:8.527105253758944e-06, rewards:-2.928495168685913, queue:1.1423280239105225, delay:0.13296204805374146, throughput:4059
episode:199/250, real avg travel time:213.83838383838383
step:3600/3600, q_loss:6.094525613459862e-06, rewards:-2.499251365661621, queue:1.0214285850524902, delay:0.12556394934654236, throughput:4071
episode:200/250, real avg travel time:198.66666666666666
Test step:200/250, travel time :197.6683861459101, rewards:-2.367565631866455, queue:1.0021164417266846, delay:0.12536302208900452, throughput:4071
New best TEST travel time 197.6684 at episode 200, saved as best checkpoint
step:3600/3600, q_loss:8.165272811311297e-06, rewards:-2.5385243892669678, queue:1.0271164178848267, delay:0.12700851261615753, throughput:4072
episode:201/250, real avg travel time:201.59332023575638
step:3600/3600, q_loss:-2.9531796624521827e-06, rewards:-2.465071678161621, queue:1.0064815282821655, delay:0.12481901794672012, throughput:4076
episode:202/250, real avg travel time:199.85083415112857
step:3600/3600, q_loss:5.02594250267268e-06, rewards:-2.551365613937378, queue:1.0437830686569214, delay:0.12640966475009918, throughput:4074
episode:203/250, real avg travel time:203.56897398134512
step:3600/3600, q_loss:1.0280203585150755e-05, rewards:-2.6901891231536865, queue:1.0641534328460693, delay:0.129499152302742, throughput:4071
episode:204/250, real avg travel time:201.80741832473595
step:3600/3600, q_loss:2.4174813814978634e-06, rewards:-2.638286590576172, queue:1.0694444179534912, delay:0.12762315571308136, throughput:4071
episode:205/250, real avg travel time:199.77032670105626
Test step:205/250, travel time :222.47954091816368, rewards:-3.3738484382629395, queue:1.2640211582183838, delay:0.13561242818832397, throughput:4008
step:3600/3600, q_loss:0.00014592394064594474, rewards:-3.9180803298950195, queue:1.2931216955184937, delay:0.13241587579250336, throughput:4077
episode:206/250, real avg travel time:218.65121412803532
step:3600/3600, q_loss:9.924264547104638e-06, rewards:-2.529475450515747, queue:1.016534447669983, delay:0.12665289640426636, throughput:4073
episode:207/250, real avg travel time:198.69997544807268
step:3600/3600, q_loss:3.6908413070098805e-06, rewards:-2.3379900455474854, queue:0.9731481671333313, delay:0.12495698779821396, throughput:4080
episode:208/250, real avg travel time:199.90073529411765
step:3600/3600, q_loss:4.494414073027049e-06, rewards:-2.406270980834961, queue:0.9894179701805115, delay:0.12497546523809433, throughput:4074
episode:209/250, real avg travel time:198.59842906234658
step:3600/3600, q_loss:1.8747345529845914e-05, rewards:-2.889758348464966, queue:1.1503968238830566, delay:0.13201002776622772, throughput:4080
episode:210/250, real avg travel time:211.5232843137255
Test step:210/250, travel time :199.76522593320234, rewards:-2.464193820953369, queue:1.018650770187378, delay:0.12662151455879211, throughput:4072
step:3600/3600, q_loss:1.0158499410156057e-05, rewards:-2.544278621673584, queue:1.0027778148651123, delay:0.12712767720222473, throughput:4075
episode:211/250, real avg travel time:204.23754601226995
step:3600/3600, q_loss:9.778776479328775e-06, rewards:-2.5395443439483643, queue:1.0195766687393188, delay:0.12695719301700592, throughput:4074
episode:212/250, real avg travel time:201.04418262150222
step:3600/3600, q_loss:9.005500315753226e-06, rewards:-2.3761630058288574, queue:0.9914020895957947, delay:0.12653030455112457, throughput:4075
episode:213/250, real avg travel time:200.54822085889572
step:3600/3600, q_loss:8.738685270751981e-06, rewards:-2.31880784034729, queue:0.9732804298400879, delay:0.1238601952791214, throughput:4071
episode:214/250, real avg travel time:200.37337263571604
step:3600/3600, q_loss:5.240417077503581e-06, rewards:-2.4606385231018066, queue:0.9955026507377625, delay:0.12436170876026154, throughput:4076
episode:215/250, real avg travel time:200.09592737978411
Test step:215/250, travel time :205.19189189189188, rewards:-2.5114619731903076, queue:1.012169361114502, delay:0.12788009643554688, throughput:4070
step:3600/3600, q_loss:2.0098004258923336e-05, rewards:-2.973557233810425, queue:1.1447089910507202, delay:0.13249017298221588, throughput:4071
episode:216/250, real avg travel time:212.70375829034634
step:3600/3600, q_loss:7.281464826923588e-06, rewards:-2.4583990573883057, queue:0.983730137348175, delay:0.12443045526742935, throughput:4077
episode:217/250, real avg travel time:202.62864851606574
step:3600/3600, q_loss:1.5121668386402437e-06, rewards:-2.56735897064209, queue:1.0158730745315552, delay:0.12715253233909607, throughput:4072
episode:218/250, real avg travel time:203.2524557956778
step:3600/3600, q_loss:7.704329295342582e-06, rewards:-2.484361171722412, queue:0.9953703880310059, delay:0.12625008821487427, throughput:4068
episode:219/250, real avg travel time:200.34980334316617
step:3600/3600, q_loss:8.434921457794391e-07, rewards:-2.524960994720459, queue:1.0108466148376465, delay:0.1284719705581665, throughput:4068
episode:220/250, real avg travel time:202.1123402163225
Test step:220/250, travel time :211.41253071253072, rewards:-2.9039645195007324, queue:1.1025131940841675, delay:0.12770409882068634, throughput:4070
step:3600/3600, q_loss:6.796691903016633e-07, rewards:-2.609598398208618, queue:1.0096560716629028, delay:0.12643812596797943, throughput:4062
episode:221/250, real avg travel time:206.19423929098966
step:3600/3600, q_loss:1.0550984087684709e-05, rewards:-2.6512036323547363, queue:1.0440475940704346, delay:0.12816840410232544, throughput:4064
episode:222/250, real avg travel time:202.33095472440945
step:3600/3600, q_loss:4.729052877034216e-05, rewards:-4.172335624694824, queue:1.4349206686019897, delay:0.14621517062187195, throughput:4076
episode:223/250, real avg travel time:247.20461236506378
step:3600/3600, q_loss:1.632638070279629e-05, rewards:-2.936842203140259, queue:1.1149470806121826, delay:0.1293051838874817, throughput:4068
episode:224/250, real avg travel time:207.49164208456244
step:3600/3600, q_loss:1.2838856734257813e-05, rewards:-2.5346665382385254, queue:1.0231481790542603, delay:0.12776687741279602, throughput:4068
episode:225/250, real avg travel time:202.18387413962634
Test step:225/250, travel time :216.2883283877349, rewards:-2.812854290008545, queue:1.1051586866378784, delay:0.12776467204093933, throughput:4044
step:3600/3600, q_loss:1.1090886902012344e-06, rewards:-2.4838733673095703, queue:1.0166666507720947, delay:0.12951575219631195, throughput:4070
episode:226/250, real avg travel time:201.52530712530714
step:3600/3600, q_loss:8.794097084319219e-06, rewards:-2.7884957790374756, queue:1.0452381372451782, delay:0.12652581930160522, throughput:4059
episode:227/250, real avg travel time:209.84158659768417
step:3600/3600, q_loss:1.2462596027439253e-05, rewards:-2.6937575340270996, queue:1.0705026388168335, delay:0.12868157029151917, throughput:4073
episode:228/250, real avg travel time:204.2492020623619
step:3600/3600, q_loss:6.044586714577033e-06, rewards:-2.6616051197052, queue:1.019444465637207, delay:0.1239515021443367, throughput:4050
episode:229/250, real avg travel time:205.91308641975309
step:3600/3600, q_loss:4.022434869612981e-06, rewards:-2.5412943363189697, queue:1.0, delay:0.12798507511615753, throughput:4064
episode:230/250, real avg travel time:205.25787401574803
Test step:230/250, travel time :202.53533612410737, rewards:-2.4990973472595215, queue:1.0291005373001099, delay:0.12822146713733673, throughput:4061
step:3600/3600, q_loss:1.073018817502695e-06, rewards:-2.721043825149536, queue:1.0690475702285767, delay:0.12574447691440582, throughput:4073
episode:231/250, real avg travel time:206.64252393812913
step:3600/3600, q_loss:1.144336060355676e-05, rewards:-2.535426616668701, queue:0.9985449910163879, delay:0.12511426210403442, throughput:4077
episode:232/250, real avg travel time:203.186902133922
step:3600/3600, q_loss:5.922209836878917e-06, rewards:-2.6676602363586426, queue:1.0370370149612427, delay:0.12639808654785156, throughput:4062
episode:233/250, real avg travel time:206.35672082717872
step:3600/3600, q_loss:2.9158192774048077e-06, rewards:-2.5856640338897705, queue:1.0075396299362183, delay:0.12510867416858673, throughput:4070
episode:234/250, real avg travel time:203.75945945945946
step:3600/3600, q_loss:7.351065465223251e-06, rewards:-2.5686497688293457, queue:1.017724871635437, delay:0.12532587349414825, throughput:4078
episode:235/250, real avg travel time:204.51078960274646
Test step:235/250, travel time :205.0521910388971, rewards:-2.6233911514282227, queue:1.0297619104385376, delay:0.12999965250492096, throughput:4062
step:3600/3600, q_loss:6.536135535700143e-06, rewards:-2.8887484073638916, queue:1.0806878805160522, delay:0.1287965029478073, throughput:4075
episode:236/250, real avg travel time:211.08834355828222
step:3600/3600, q_loss:9.098755779430374e-06, rewards:-2.6869962215423584, queue:1.0326719284057617, delay:0.1277390569448471, throughput:4076
episode:237/250, real avg travel time:205.77085377821393
step:3600/3600, q_loss:1.2164551299065351e-05, rewards:-2.7989065647125244, queue:1.0638889074325562, delay:0.1272098422050476, throughput:4069
episode:238/250, real avg travel time:206.06488080609486
step:3600/3600, q_loss:9.251097960966743e-07, rewards:-2.7704474925994873, queue:1.0625661611557007, delay:0.13058240711688995, throughput:4070
episode:239/250, real avg travel time:205.63218673218674
step:3600/3600, q_loss:1.5950427849828784e-06, rewards:-2.667059898376465, queue:1.0481481552124023, delay:0.13189271092414856, throughput:4077
episode:240/250, real avg travel time:200.64925190090753
Test step:240/250, travel time :205.01225490196077, rewards:-2.6306192874908447, queue:1.0399470329284668, delay:0.12695017457008362, throughput:4080
step:3600/3600, q_loss:-1.962703875809287e-06, rewards:-2.70218563079834, queue:1.0416666269302368, delay:0.13144029676914215, throughput:4075
episode:241/250, real avg travel time:203.42576687116565
step:3600/3600, q_loss:2.207422383233077e-06, rewards:-2.587960720062256, queue:1.0144180059432983, delay:0.1265867054462433, throughput:4076
episode:242/250, real avg travel time:202.20412168792933
step:3600/3600, q_loss:9.558023521094583e-06, rewards:-2.5299806594848633, queue:1.0052909851074219, delay:0.1268221139907837, throughput:4076
episode:243/250, real avg travel time:200.34421000981354
step:3600/3600, q_loss:2.004815760301426e-05, rewards:-2.783369541168213, queue:1.0591269731521606, delay:0.1289118528366089, throughput:4068
episode:244/250, real avg travel time:204.46312684365782
step:3600/3600, q_loss:7.964279858343717e-06, rewards:-2.586087703704834, queue:1.0149470567703247, delay:0.12618152797222137, throughput:4066
episode:245/250, real avg travel time:204.11485489424496
Test step:245/250, travel time :207.75399361022363, rewards:-2.6693460941314697, queue:1.020370364189148, delay:0.12561309337615967, throughput:4069
step:3600/3600, q_loss:4.262435767385695e-06, rewards:-2.4666876792907715, queue:0.9818782806396484, delay:0.1235763281583786, throughput:4074
episode:246/250, real avg travel time:203.54540991654395
step:3600/3600, q_loss:2.9192005765960655e-06, rewards:-2.562781810760498, queue:1.0205026865005493, delay:0.12392346560955048, throughput:4066
episode:247/250, real avg travel time:204.05656665027053
step:3600/3600, q_loss:1.0494213064602162e-05, rewards:-2.484816551208496, queue:0.9891534447669983, delay:0.12567104399204254, throughput:4064
episode:248/250, real avg travel time:202.12524606299212
step:3600/3600, q_loss:7.649235218802156e-06, rewards:-2.7382709980010986, queue:1.0748677253723145, delay:0.12811939418315887, throughput:4078
episode:249/250, real avg travel time:204.1902893575282
Hyperparameters saved to: data/output_data/tsc/sumo_hyperlight_mappo/sumo1x21/lanecount2_sumo1x21_seed2/hyperparameters.json
Loaded best checkpoint for final evaluation
Final Travel Time is 197.6684, mean rewards: -2.3676, queue: 1.0021, delay: 0.1254, throughput: 4071
Total time taken: 7319.133946895599
