structural conditioning spec: structural_v1:in_lane_count,out_lane_count,in_degree,out_degree,node_degree,neighbor_count,phase_count,startlane_count,lanes_per_in_road,lanes_per_out_road,out_in_lane_ratio,controlled_neighbor_ratio
structural features (min/mean/max): in_lane_count[4/7.43/14] out_lane_count[3/5.10/8] in_degree[3/3.19/4] out_degree[2/3.24/4] node_degree[5/6.43/8] neighbor_count[0/0.38/2] phase_count[2/3.19/4] startlane_count[4/7.43/14] lanes_per_in_road[1.33333/2.33/4] lanes_per_out_road[1/1.59/2.33333] out_in_lane_ratio[0.5/0.70/1] controlled_neighbor_ratio[0/0.13/0.666667]
step:3600/3600, q_loss:0.00047381659969687463, rewards:-13.16547966003418, queue:4.134788513183594, delay:0.22203688323497772, throughput:3794
episode:0/250, real avg travel time:321.7340537691091
Test step:0/250, travel time :597.7213836477987, rewards:-39.90880584716797, queue:11.676719665527344, delay:0.36350759863853455, throughput:1590
New best TEST travel time 597.7214 at episode 0, saved as best checkpoint
step:3600/3600, q_loss:0.0002552302263211459, rewards:-11.131226539611816, queue:3.49656081199646, delay:0.20797409117221832, throughput:4009
episode:1/250, real avg travel time:300.2581691194812
step:3600/3600, q_loss:0.00023263544620325167, rewards:-10.17955493927002, queue:3.2129628658294678, delay:0.19759373366832733, throughput:3992
episode:2/250, real avg travel time:286.95516032064126
step:3600/3600, q_loss:0.0001399974021801932, rewards:-9.550454139709473, queue:3.064418077468872, delay:0.19276174902915955, throughput:3970
episode:3/250, real avg travel time:284.2241813602015
step:3600/3600, q_loss:0.00030297448101919145, rewards:-10.428308486938477, queue:3.262566089630127, delay:0.19496196508407593, throughput:3886
episode:4/250, real avg travel time:306.48275862068965
step:3600/3600, q_loss:0.00013093493552231747, rewards:-9.098254203796387, queue:2.8515872955322266, delay:0.19312776625156403, throughput:3993
episode:5/250, real avg travel time:260.4470323065364
Test step:5/250, travel time :264.21872433616204, rewards:-8.700506210327148, queue:3.1198413372039795, delay:0.17982949316501617, throughput:3653
New best TEST travel time 264.2187 at episode 5, saved as best checkpoint
step:3600/3600, q_loss:2.782784188942363e-05, rewards:-7.56518030166626, queue:2.4530422687530518, delay:0.1811041235923767, throughput:4013
episode:6/250, real avg travel time:258.47595315225516
step:3600/3600, q_loss:3.368147315793774e-05, rewards:-7.260377883911133, queue:2.362830638885498, delay:0.1759994924068451, throughput:3971
episode:7/250, real avg travel time:260.35608159153867
step:3600/3600, q_loss:6.882243469590321e-05, rewards:-8.377391815185547, queue:2.751190423965454, delay:0.18631425499916077, throughput:3961
episode:8/250, real avg travel time:264.2262055036607
step:3600/3600, q_loss:7.370972889475524e-05, rewards:-8.40063190460205, queue:2.7509260177612305, delay:0.18447205424308777, throughput:3961
episode:9/250, real avg travel time:277.21863165867205
step:3600/3600, q_loss:3.295059496950772e-05, rewards:-7.311248779296875, queue:2.408068895339966, delay:0.17806459963321686, throughput:4015
episode:10/250, real avg travel time:251.56214196762141
Test step:10/250, travel time :251.95962490231832, rewards:-8.014278411865234, queue:2.8736772537231445, delay:0.1718371957540512, throughput:3839
New best TEST travel time 251.9596 at episode 10, saved as best checkpoint
step:3600/3600, q_loss:1.2710631482251403e-05, rewards:-6.578802585601807, queue:2.17037034034729, delay:0.17344321310520172, throughput:4010
episode:11/250, real avg travel time:257.2211970074813
step:3600/3600, q_loss:1.1170561871646592e-05, rewards:-6.2848429679870605, queue:2.181349277496338, delay:0.16942641139030457, throughput:4008
episode:12/250, real avg travel time:254.56711576846308
step:3600/3600, q_loss:8.014387195645314e-06, rewards:-6.30772590637207, queue:2.154629707336426, delay:0.1677602082490921, throughput:3998
episode:13/250, real avg travel time:249.1488244122061
step:3600/3600, q_loss:1.706682717970883e-05, rewards:-6.089807987213135, queue:2.0772485733032227, delay:0.16224299371242523, throughput:3987
episode:14/250, real avg travel time:246.5894156007023
step:3600/3600, q_loss:1.2104125602895187e-05, rewards:-6.111033916473389, queue:2.0912697315216064, delay:0.1690489798784256, throughput:4028
episode:15/250, real avg travel time:241.4009433962264
Test step:15/250, travel time :251.95962490231832, rewards:-8.014278411865234, queue:2.8736772537231445, delay:0.1718371957540512, throughput:3839
step:3600/3600, q_loss:2.6761781676517178e-05, rewards:-6.07131814956665, queue:1.990476131439209, delay:0.16328026354312897, throughput:4036
episode:16/250, real avg travel time:238.1749256689792
step:3600/3600, q_loss:1.1573504323476097e-05, rewards:-4.920425891876221, queue:1.758994698524475, delay:0.15800225734710693, throughput:4048
episode:17/250, real avg travel time:235.22084980237153
step:3600/3600, q_loss:1.674638333497569e-05, rewards:-5.762115955352783, queue:1.9816137552261353, delay:0.16324704885482788, throughput:4034
episode:18/250, real avg travel time:243.16534457114525
step:3600/3600, q_loss:2.8668442650491166e-05, rewards:-5.757049083709717, queue:1.9809523820877075, delay:0.16137193143367767, throughput:4046
episode:19/250, real avg travel time:234.84527928818585
step:3600/3600, q_loss:2.8451701897817353e-05, rewards:-5.769434452056885, queue:1.9660053253173828, delay:0.15806779265403748, throughput:4021
episode:20/250, real avg travel time:236.07784133300174
Test step:20/250, travel time :236.64978255308262, rewards:-7.66190242767334, queue:2.7882275581359863, delay:0.16464699804782867, throughput:3909
New best TEST travel time 236.6498 at episode 20, saved as best checkpoint
step:3600/3600, q_loss:1.2463896806972722e-05, rewards:-5.191593647003174, queue:1.8236773014068604, delay:0.15912173688411713, throughput:4035
episode:21/250, real avg travel time:237.1925650557621
step:3600/3600, q_loss:1.2776522473561475e-05, rewards:-4.812620162963867, queue:1.6911375522613525, delay:0.15242469310760498, throughput:4054
episode:22/250, real avg travel time:226.36359151455352
step:3600/3600, q_loss:5.276397633780208e-05, rewards:-5.947895526885986, queue:2.0513226985931396, delay:0.1580149531364441, throughput:4054
episode:23/250, real avg travel time:229.77479033053774
step:3600/3600, q_loss:0.00021031671721074316, rewards:-6.5818352699279785, queue:2.154365062713623, delay:0.16442814469337463, throughput:4039
episode:24/250, real avg travel time:247.86085664768507
step:3600/3600, q_loss:1.442641360982735e-05, rewards:-5.118414402008057, queue:1.8161375522613525, delay:0.1577063798904419, throughput:4037
episode:25/250, real avg travel time:231.78300718355214
Test step:25/250, travel time :262.923498694517, rewards:-8.100444793701172, queue:2.935978889465332, delay:0.17343182861804962, throughput:3830
step:3600/3600, q_loss:1.2846066965721548e-05, rewards:-5.084179878234863, queue:1.808465600013733, delay:0.16052033007144928, throughput:4053
episode:26/250, real avg travel time:236.44288181593882
step:3600/3600, q_loss:7.98731246807923e-06, rewards:-4.711087226867676, queue:1.6972222328186035, delay:0.1539057344198227, throughput:4055
episode:27/250, real avg travel time:227.2727496917386
step:3600/3600, q_loss:6.145966795480086e-06, rewards:-4.869187831878662, queue:1.7178571224212646, delay:0.15572185814380646, throughput:4051
episode:28/250, real avg travel time:222.1505801036781
step:3600/3600, q_loss:1.556158046393345e-05, rewards:-4.795590400695801, queue:1.699735403060913, delay:0.155331552028656, throughput:4053
episode:29/250, real avg travel time:223.807056501357
step:3600/3600, q_loss:3.4175081964349374e-05, rewards:-5.021881103515625, queue:1.7265872955322266, delay:0.15324901044368744, throughput:4050
episode:30/250, real avg travel time:231.70172839506174
Test step:30/250, travel time :225.672649140546, rewards:-7.132900714874268, queue:2.497751235961914, delay:0.16364786028862, throughput:3956
New best TEST travel time 225.6726 at episode 30, saved as best checkpoint
step:3600/3600, q_loss:2.4523388775479463e-05, rewards:-5.026598930358887, queue:1.820899486541748, delay:0.15611110627651215, throughput:3958
episode:31/250, real avg travel time:238.79636179888834
step:3600/3600, q_loss:1.5699830692028625e-05, rewards:-4.497853755950928, queue:1.6199735403060913, delay:0.15075257420539856, throughput:4051
episode:32/250, real avg travel time:220.1952604295236
step:3600/3600, q_loss:1.3543166925147589e-05, rewards:-4.9477105140686035, queue:1.7149471044540405, delay:0.15728983283042908, throughput:4040
episode:33/250, real avg travel time:227.84158415841586
step:3600/3600, q_loss:5.6272048419082745e-06, rewards:-4.71451997756958, queue:1.6588624715805054, delay:0.1544443666934967, throughput:4059
episode:34/250, real avg travel time:220.64523281596453
step:3600/3600, q_loss:4.871892985344554e-05, rewards:-5.229095935821533, queue:1.7216931581497192, delay:0.15505193173885345, throughput:4058
episode:35/250, real avg travel time:227.5317890586496
Test step:35/250, travel time :232.44187798142104, rewards:-6.662404537200928, queue:2.4357142448425293, delay:0.1527157425880432, throughput:3983
step:3600/3600, q_loss:4.510251649965843e-06, rewards:-4.261724472045898, queue:1.6041005849838257, delay:0.1493595987558365, throughput:4059
episode:36/250, real avg travel time:213.09066272480908
step:3600/3600, q_loss:1.618762172357593e-05, rewards:-4.483825206756592, queue:1.5949735641479492, delay:0.14791886508464813, throughput:4059
episode:37/250, real avg travel time:215.2209903917221
step:3600/3600, q_loss:0.00046135381950686375, rewards:-9.31753158569336, queue:3.3068783283233643, delay:0.17399607598781586, throughput:4058
episode:38/250, real avg travel time:307.1468703794973
step:3600/3600, q_loss:1.2506991738013716e-05, rewards:-4.242845058441162, queue:1.586111068725586, delay:0.1490943282842636, throughput:4069
episode:39/250, real avg travel time:211.9781273040059
step:3600/3600, q_loss:3.229263367959195e-06, rewards:-4.283535480499268, queue:1.5686508417129517, delay:0.1503828465938568, throughput:4054
episode:40/250, real avg travel time:213.95041933892452
Test step:40/250, travel time :210.72537313432835, rewards:-6.2726731300354, queue:2.241269826889038, delay:0.16536974906921387, throughput:4020
New best TEST travel time 210.7254 at episode 40, saved as best checkpoint
step:3600/3600, q_loss:4.774916790969049e-06, rewards:-4.115347862243652, queue:1.5343915224075317, delay:0.15044020116329193, throughput:4053
episode:41/250, real avg travel time:210.51862817665926
step:3600/3600, q_loss:7.457343599526212e-06, rewards:-4.048914432525635, queue:1.5256613492965698, delay:0.1502116471529007, throughput:4059
episode:42/250, real avg travel time:209.4069967972407
step:3600/3600, q_loss:9.239420251105912e-06, rewards:-4.111209392547607, queue:1.5510581731796265, delay:0.1464167833328247, throughput:4055
episode:43/250, real avg travel time:209.44808877928483
step:3600/3600, q_loss:7.04141542276678e-06, rewards:-3.898049831390381, queue:1.4571428298950195, delay:0.14364852011203766, throughput:4061
episode:44/250, real avg travel time:206.76976114257573
step:3600/3600, q_loss:1.9038585984768968e-05, rewards:-4.243336200714111, queue:1.5845237970352173, delay:0.1524410843849182, throughput:4071
episode:45/250, real avg travel time:217.92188651436993
Test step:45/250, travel time :210.60281065088756, rewards:-5.554427623748779, queue:2.012963056564331, delay:0.1604260355234146, throughput:4056
New best TEST travel time 210.6028 at episode 45, saved as best checkpoint
step:3600/3600, q_loss:2.5305642985687072e-05, rewards:-4.139399528503418, queue:1.537169337272644, delay:0.14677327871322632, throughput:4069
episode:46/250, real avg travel time:212.98550012288032
step:3600/3600, q_loss:1.0802559700096026e-05, rewards:-3.7139933109283447, queue:1.4261904954910278, delay:0.1436639279127121, throughput:4068
episode:47/250, real avg travel time:206.6964110127827
step:3600/3600, q_loss:5.722763792922099e-06, rewards:-3.699043035507202, queue:1.4321428537368774, delay:0.14375124871730804, throughput:4066
episode:48/250, real avg travel time:207.35809149040827
step:3600/3600, q_loss:0.0008501708611018128, rewards:-12.462133407592773, queue:4.452645301818848, delay:0.18927830457687378, throughput:3417
episode:49/250, real avg travel time:257.37547556335966
step:3600/3600, q_loss:1.15879137107792e-05, rewards:-3.526080369949341, queue:1.366005301475525, delay:0.13944347202777863, throughput:4065
episode:50/250, real avg travel time:205.57687576875767
Test step:50/250, travel time :206.5479485912012, rewards:-5.562136173248291, queue:2.104365110397339, delay:0.14658460021018982, throughput:4046
New best TEST travel time 206.5479 at episode 50, saved as best checkpoint
step:3600/3600, q_loss:1.8566467204234665e-05, rewards:-4.036132335662842, queue:1.4661375284194946, delay:0.14385659992694855, throughput:4066
episode:51/250, real avg travel time:213.63772749631087
step:3600/3600, q_loss:6.919612674715205e-05, rewards:-5.0627312660217285, queue:1.6042327880859375, delay:0.15042315423488617, throughput:4055
episode:52/250, real avg travel time:208.86263871763256
step:3600/3600, q_loss:1.4478020441149257e-05, rewards:-3.6395480632781982, queue:1.3924603462219238, delay:0.14479467272758484, throughput:4060
episode:53/250, real avg travel time:206.12783251231528
step:3600/3600, q_loss:6.414639727962721e-05, rewards:-4.976114749908447, queue:1.5433862209320068, delay:0.14983782172203064, throughput:4044
episode:54/250, real avg travel time:208.02942631058357
step:3600/3600, q_loss:1.8442005158350286e-05, rewards:-4.156476020812988, queue:1.4383597373962402, delay:0.1486692726612091, throughput:4058
episode:55/250, real avg travel time:207.8590438639724
Test step:55/250, travel time :207.96703841387856, rewards:-6.497584819793701, queue:1.9447089433670044, delay:0.1673557311296463, throughput:4035
step:3600/3600, q_loss:1.816827635694709e-06, rewards:-3.490196704864502, queue:1.3141534328460693, delay:0.14072024822235107, throughput:4074
episode:56/250, real avg travel time:204.62346588119783
step:3600/3600, q_loss:7.197681811198386e-05, rewards:-5.277009963989258, queue:1.5993386507034302, delay:0.1512746959924698, throughput:4050
episode:57/250, real avg travel time:211.5637037037037
step:3600/3600, q_loss:6.03018379479181e-06, rewards:-3.7801411151885986, queue:1.3697090148925781, delay:0.14686623215675354, throughput:4066
episode:58/250, real avg travel time:207.66674864731922
step:3600/3600, q_loss:4.924536268744203e-07, rewards:-3.665898323059082, queue:1.3730158805847168, delay:0.14608106017112732, throughput:4071
episode:59/250, real avg travel time:206.17661508228937
step:3600/3600, q_loss:6.9298067602277215e-06, rewards:-3.4134681224823, queue:1.2914021015167236, delay:0.1404694765806198, throughput:4072
episode:60/250, real avg travel time:202.8553536345776
Test step:60/250, travel time :205.36870681145115, rewards:-4.889854431152344, queue:1.701984167098999, delay:0.1645740121603012, throughput:4052
New best TEST travel time 205.3687 at episode 60, saved as best checkpoint
step:3600/3600, q_loss:1.9457202547022867e-06, rewards:-3.5247321128845215, queue:1.3358465433120728, delay:0.14523574709892273, throughput:4070
episode:61/250, real avg travel time:205.7953316953317
step:3600/3600, q_loss:7.696536097986003e-06, rewards:-3.396238088607788, queue:1.2780423164367676, delay:0.13924667239189148, throughput:4068
episode:62/250, real avg travel time:203.97050147492627
step:3600/3600, q_loss:0.00012007497829876633, rewards:-6.087919235229492, queue:1.766798973083496, delay:0.15783584117889404, throughput:4060
episode:63/250, real avg travel time:231.18743842364532
step:3600/3600, q_loss:5.9117345194358175e-05, rewards:-4.892276287078857, queue:1.5324074029922485, delay:0.14919514954090118, throughput:4052
episode:64/250, real avg travel time:207.10488647581442
step:3600/3600, q_loss:0.00011667931992431275, rewards:-5.090044975280762, queue:1.6879630088806152, delay:0.15460339188575745, throughput:4070
episode:65/250, real avg travel time:226.33611793611794
Test step:65/250, travel time :209.27442671984048, rewards:-6.083576679229736, queue:1.7826719284057617, delay:0.16549965739250183, throughput:4012
step:3600/3600, q_loss:1.1930320356946646e-05, rewards:-3.746037721633911, queue:1.33134925365448, delay:0.1413860321044922, throughput:4067
episode:66/250, real avg travel time:205.998032948119
step:3600/3600, q_loss:1.0850183187156087e-05, rewards:-3.9912617206573486, queue:1.465476155281067, delay:0.1494707614183426, throughput:4070
episode:67/250, real avg travel time:215.2027027027027
step:3600/3600, q_loss:8.812965986888027e-06, rewards:-3.4660298824310303, queue:1.3003968000411987, delay:0.1402742564678192, throughput:4066
episode:68/250, real avg travel time:206.12543039842598
step:3600/3600, q_loss:8.598840617600622e-06, rewards:-3.839826822280884, queue:1.408730149269104, delay:0.14833945035934448, throughput:4061
episode:69/250, real avg travel time:207.11770499876877
step:3600/3600, q_loss:-7.577456239636781e-06, rewards:-3.6966359615325928, queue:1.3830687999725342, delay:0.1457628309726715, throughput:4055
episode:70/250, real avg travel time:206.7533908754624
Test step:70/250, travel time :272.83646998982704, rewards:-7.359399318695068, queue:2.386375665664673, delay:0.1854468584060669, throughput:3932
step:3600/3600, q_loss:1.970874776210015e-06, rewards:-3.85111927986145, queue:1.4224867820739746, delay:0.1459815502166748, throughput:4062
episode:71/250, real avg travel time:212.59822747415066
step:3600/3600, q_loss:-3.2506114318190765e-06, rewards:-3.643601417541504, queue:1.366005301475525, delay:0.14375187456607819, throughput:4068
episode:72/250, real avg travel time:208.90658800393314
step:3600/3600, q_loss:5.962245057970803e-05, rewards:-4.215942859649658, queue:1.461111068725586, delay:0.14654941856861115, throughput:4061
episode:73/250, real avg travel time:218.25707953705984
step:3600/3600, q_loss:4.433602508571413e-06, rewards:-3.673722982406616, queue:1.3841270208358765, delay:0.14325563609600067, throughput:4066
episode:74/250, real avg travel time:209.06714215445155
step:3600/3600, q_loss:4.333010292612016e-06, rewards:-3.551206350326538, queue:1.3444443941116333, delay:0.14329415559768677, throughput:4068
episode:75/250, real avg travel time:208.05555555555554
Test step:75/250, travel time :216.568439192516, rewards:-4.115391254425049, queue:1.5056878328323364, delay:0.15075212717056274, throughput:4062
step:3600/3600, q_loss:-2.7495878586907767e-06, rewards:-3.449963331222534, queue:1.3103175163269043, delay:0.1426389068365097, throughput:4069
episode:76/250, real avg travel time:206.974932415827
step:3600/3600, q_loss:6.433602619735111e-07, rewards:-3.3221452236175537, queue:1.282010555267334, delay:0.14221040904521942, throughput:4058
episode:77/250, real avg travel time:207.11557417447017
step:3600/3600, q_loss:0.00011380139290445691, rewards:-5.035346984863281, queue:1.6006613969802856, delay:0.14987033605575562, throughput:4056
episode:78/250, real avg travel time:231.7093195266272
step:3600/3600, q_loss:6.7720285490698495e-06, rewards:-3.4123034477233887, queue:1.3047618865966797, delay:0.14248576760292053, throughput:4071
episode:79/250, real avg travel time:210.18054532056007
step:3600/3600, q_loss:1.251283267467645e-05, rewards:-3.338590383529663, queue:1.2789682149887085, delay:0.1413673609495163, throughput:4064
episode:80/250, real avg travel time:209.07677165354332
Test step:80/250, travel time :208.26679793256216, rewards:-3.4459855556488037, queue:1.3955026865005493, delay:0.14863239228725433, throughput:4063
step:3600/3600, q_loss:6.720315367500815e-06, rewards:-3.2674269676208496, queue:1.2753968238830566, delay:0.13572102785110474, throughput:4074
episode:81/250, real avg travel time:205.23122238586157
step:3600/3600, q_loss:2.919429001243164e-05, rewards:-4.156291484832764, queue:1.4731481075286865, delay:0.14673952758312225, throughput:4068
episode:82/250, real avg travel time:213.36848574237953
step:3600/3600, q_loss:-5.884829402526116e-06, rewards:-3.2404916286468506, queue:1.25515878200531, delay:0.1388973891735077, throughput:4062
episode:83/250, real avg travel time:205.4170359428853
step:3600/3600, q_loss:1.7606161741746797e-06, rewards:-3.2900428771972656, queue:1.2753968238830566, delay:0.1377447247505188, throughput:4058
episode:84/250, real avg travel time:207.28363725973387
step:3600/3600, q_loss:7.767574627198176e-06, rewards:-3.266026020050049, queue:1.262169361114502, delay:0.13988277316093445, throughput:4071
episode:85/250, real avg travel time:210.02800294767871
Test step:85/250, travel time :200.48327594687655, rewards:-3.141991138458252, queue:1.2559523582458496, delay:0.14403560757637024, throughput:4066
New best TEST travel time 200.4833 at episode 85, saved as best checkpoint
step:3600/3600, q_loss:4.96876438976162e-06, rewards:-3.0521080493927, queue:1.2009259462356567, delay:0.13728879392147064, throughput:4071
episode:86/250, real avg travel time:202.55490051584377
step:3600/3600, q_loss:1.76271925738547e-05, rewards:-3.264554262161255, queue:1.24828040599823, delay:0.14093643426895142, throughput:4066
episode:87/250, real avg travel time:205.17486473192326
step:3600/3600, q_loss:1.793964373872667e-05, rewards:-3.3421874046325684, queue:1.25171959400177, delay:0.13930906355381012, throughput:4060
episode:88/250, real avg travel time:203.56995073891625
step:3600/3600, q_loss:3.647534645602314e-06, rewards:-3.223161458969116, queue:1.2317460775375366, delay:0.13778771460056305, throughput:4064
episode:89/250, real avg travel time:206.94143700787401
step:3600/3600, q_loss:1.058919867015599e-05, rewards:-3.1006131172180176, queue:1.2079365253448486, delay:0.135201558470726, throughput:4071
episode:90/250, real avg travel time:200.82068287889953
Test step:90/250, travel time :206.67508042563722, rewards:-3.6516668796539307, queue:1.3223545551300049, delay:0.14651241898536682, throughput:4041
step:3600/3600, q_loss:-7.300128345377743e-07, rewards:-2.9705960750579834, queue:1.1566137075424194, delay:0.13479381799697876, throughput:4068
episode:91/250, real avg travel time:202.16666666666666
step:3600/3600, q_loss:1.0855230074311193e-05, rewards:-3.0930938720703125, queue:1.196825385093689, delay:0.13656514883041382, throughput:4074
episode:92/250, real avg travel time:202.30780559646539
step:3600/3600, q_loss:-1.1091997293988243e-06, rewards:-3.1077702045440674, queue:1.1962963342666626, delay:0.13544075191020966, throughput:4064
episode:93/250, real avg travel time:200.93430118110237
step:3600/3600, q_loss:5.217777652433142e-06, rewards:-3.2003872394561768, queue:1.214550256729126, delay:0.13853509724140167, throughput:4071
episode:94/250, real avg travel time:203.20805698845493
step:3600/3600, q_loss:1.6176391606374333e-06, rewards:-3.103095769882202, queue:1.2039682865142822, delay:0.13602405786514282, throughput:4067
episode:95/250, real avg travel time:202.0985984755348
Test step:95/250, travel time :205.70248340299975, rewards:-3.1939213275909424, queue:1.2629629373550415, delay:0.1418544203042984, throughput:4067
step:3600/3600, q_loss:9.23048420291808e-06, rewards:-3.041473627090454, queue:1.1796296834945679, delay:0.13534191250801086, throughput:4065
episode:96/250, real avg travel time:201.95965559655596
step:3600/3600, q_loss:-4.51615493754313e-06, rewards:-2.8258931636810303, queue:1.1457672119140625, delay:0.13106201589107513, throughput:4068
episode:97/250, real avg travel time:199.84734513274336
step:3600/3600, q_loss:1.2226565538892625e-05, rewards:-3.159440517425537, queue:1.2414021492004395, delay:0.13919378817081451, throughput:4064
episode:98/250, real avg travel time:207.48080708661416
step:3600/3600, q_loss:2.4935986099687093e-06, rewards:-3.0846893787384033, queue:1.2183862924575806, delay:0.1393153965473175, throughput:4067
episode:99/250, real avg travel time:203.6552741578559
step:3600/3600, q_loss:5.370136204874143e-06, rewards:-2.8034279346466064, queue:1.12156081199646, delay:0.13332758843898773, throughput:4065
episode:100/250, real avg travel time:201.0531365313653
Test step:100/250, travel time :227.56594488188978, rewards:-3.7609314918518066, queue:1.3210316896438599, delay:0.1483166366815567, throughput:4064
step:3600/3600, q_loss:0.0001256669915164821, rewards:-4.546407222747803, queue:1.538888931274414, delay:0.14542609453201294, throughput:4064
episode:101/250, real avg travel time:229.33759842519686
step:3600/3600, q_loss:5.916559530305676e-06, rewards:-3.0085089206695557, queue:1.1580687761306763, delay:0.13692881166934967, throughput:4066
episode:102/250, real avg travel time:206.3266109198229
step:3600/3600, q_loss:5.157311817230139e-06, rewards:-2.893113136291504, queue:1.1403439044952393, delay:0.13424313068389893, throughput:4068
episode:103/250, real avg travel time:203.74778761061947
step:3600/3600, q_loss:5.641782861655682e-05, rewards:-3.766350030899048, queue:1.297619104385376, delay:0.1381606012582779, throughput:4072
episode:104/250, real avg travel time:224.0442043222004
step:3600/3600, q_loss:6.533530055700491e-06, rewards:-2.8760030269622803, queue:1.1601852178573608, delay:0.13428576290607452, throughput:4066
episode:105/250, real avg travel time:203.06689621249384
Test step:105/250, travel time :215.7166748647319, rewards:-3.800671100616455, queue:1.3661376237869263, delay:0.14539098739624023, throughput:4066
step:3600/3600, q_loss:-1.5946293893244324e-07, rewards:-2.761523962020874, queue:1.1228835582733154, delay:0.13201282918453217, throughput:4072
episode:106/250, real avg travel time:204.90962671905697
step:3600/3600, q_loss:-2.5000356900919643e-06, rewards:-2.79223370552063, queue:1.1460317373275757, delay:0.1336146891117096, throughput:4069
episode:107/250, real avg travel time:202.79356107151634
step:3600/3600, q_loss:4.7094913801023115e-06, rewards:-2.7099788188934326, queue:1.117989420890808, delay:0.13010632991790771, throughput:4064
episode:108/250, real avg travel time:202.34891732283464
step:3600/3600, q_loss:4.1164807448189495e-06, rewards:-2.749891757965088, queue:1.12843918800354, delay:0.13192100822925568, throughput:4068
episode:109/250, real avg travel time:203.93313667649952
step:3600/3600, q_loss:9.708407621171015e-06, rewards:-2.946946144104004, queue:1.1919312477111816, delay:0.13517306745052338, throughput:4071
episode:110/250, real avg travel time:205.98894620486368
Test step:110/250, travel time :208.19110783591256, rewards:-2.8359882831573486, queue:1.1787036657333374, delay:0.1351678967475891, throughput:4071
step:3600/3600, q_loss:3.872051901352178e-06, rewards:-2.8988192081451416, queue:1.182010531425476, delay:0.13640689849853516, throughput:4060
episode:111/250, real avg travel time:211.18399014778325
step:3600/3600, q_loss:-3.96013516971531e-07, rewards:-3.0337650775909424, queue:1.1792328357696533, delay:0.13609647750854492, throughput:4064
episode:112/250, real avg travel time:208.14099409448818
step:3600/3600, q_loss:5.873539986269963e-06, rewards:-2.836695432662964, queue:1.126190423965454, delay:0.13189063966274261, throughput:4070
episode:113/250, real avg travel time:203.6813267813268
step:3600/3600, q_loss:4.311517639305546e-06, rewards:-2.9191067218780518, queue:1.157010555267334, delay:0.13505364954471588, throughput:4069
episode:114/250, real avg travel time:203.38387810272795
step:3600/3600, q_loss:5.840984360677086e-07, rewards:-2.8223280906677246, queue:1.1193121671676636, delay:0.1316722333431244, throughput:4069
episode:115/250, real avg travel time:201.76873924797246
Test step:115/250, travel time :202.94869906725577, rewards:-2.6144657135009766, queue:1.090343952178955, delay:0.13437429070472717, throughput:4074
step:3600/3600, q_loss:1.502546284528863e-07, rewards:-2.824922800064087, queue:1.1317460536956787, delay:0.13380493223667145, throughput:4071
episode:116/250, real avg travel time:202.7310243183493
step:3600/3600, q_loss:-9.421776162020655e-07, rewards:-2.8619306087493896, queue:1.1493386030197144, delay:0.13429802656173706, throughput:4068
episode:117/250, real avg travel time:201.70919370698132
step:3600/3600, q_loss:3.1421323203378254e-06, rewards:-2.7673747539520264, queue:1.1386243104934692, delay:0.1336757391691208, throughput:4069
episode:118/250, real avg travel time:201.5627918407471
step:3600/3600, q_loss:1.0065099276188347e-05, rewards:-2.9813294410705566, queue:1.1814814805984497, delay:0.13580705225467682, throughput:4063
episode:119/250, real avg travel time:206.66158011321684
step:3600/3600, q_loss:-4.210027772286493e-06, rewards:-2.585819721221924, queue:1.0714285373687744, delay:0.13062138855457306, throughput:4066
episode:120/250, real avg travel time:203.72454500737825
Test step:120/250, travel time :203.7435456110155, rewards:-2.6065335273742676, queue:1.098544955253601, delay:0.1345428079366684, throughput:4067
step:3600/3600, q_loss:-2.3550534024252557e-06, rewards:-2.778223752975464, queue:1.108068823814392, delay:0.13366740942001343, throughput:4067
episode:121/250, real avg travel time:202.5677403491517
step:3600/3600, q_loss:3.759868341148831e-05, rewards:-3.4020183086395264, queue:1.2161375284194946, delay:0.13476771116256714, throughput:4075
episode:122/250, real avg travel time:214.67312883435582
step:3600/3600, q_loss:-7.270032498733296e-06, rewards:-2.683528423309326, queue:1.0998677015304565, delay:0.13116247951984406, throughput:4068
episode:123/250, real avg travel time:202.65412979351032
step:3600/3600, q_loss:1.2968542351801363e-06, rewards:-2.6691434383392334, queue:1.0962963104248047, delay:0.13073322176933289, throughput:4072
episode:124/250, real avg travel time:203.67853634577602
step:3600/3600, q_loss:2.7758789494530194e-05, rewards:-3.1236846446990967, queue:1.1981481313705444, delay:0.1339002549648285, throughput:4064
episode:125/250, real avg travel time:210.7859251968504
Test step:125/250, travel time :202.3423512051156, rewards:-2.5655710697174072, queue:1.0888888835906982, delay:0.13273586332798004, throughput:4066
step:3600/3600, q_loss:-1.8011666624160069e-06, rewards:-2.678424119949341, queue:1.0992063283920288, delay:0.12955445051193237, throughput:4071
episode:126/250, real avg travel time:201.72242692213214
step:3600/3600, q_loss:1.638663779885974e-05, rewards:-3.3026604652404785, queue:1.2792328596115112, delay:0.13925398886203766, throughput:4048
episode:127/250, real avg travel time:220.45306324110672
step:3600/3600, q_loss:5.8202593613208996e-06, rewards:-2.6492743492126465, queue:1.0820106267929077, delay:0.1295320689678192, throughput:4064
episode:128/250, real avg travel time:203.17027559055117
step:3600/3600, q_loss:9.614794301645209e-06, rewards:-2.6733078956604004, queue:1.0772486925125122, delay:0.12841540575027466, throughput:4068
episode:129/250, real avg travel time:203.17600786627335
step:3600/3600, q_loss:-3.210283466614783e-07, rewards:-2.64215087890625, queue:1.0620369911193848, delay:0.12795603275299072, throughput:4071
episode:130/250, real avg travel time:201.2250061409973
Test step:130/250, travel time :203.88588957055214, rewards:-2.6783831119537354, queue:1.09246027469635, delay:0.1307942420244217, throughput:4075
step:3600/3600, q_loss:9.485605680513093e-05, rewards:-4.257543087005615, queue:1.4083333015441895, delay:0.1390693187713623, throughput:3998
episode:131/250, real avg travel time:215.55727863931966
step:3600/3600, q_loss:9.205100327057557e-06, rewards:-2.632193088531494, queue:1.0746031999588013, delay:0.12914793193340302, throughput:4076
episode:132/250, real avg travel time:201.76054955839058
step:3600/3600, q_loss:1.3758354341714746e-05, rewards:-3.2049753665924072, queue:1.2289682626724243, delay:0.13615380227565765, throughput:4040
episode:133/250, real avg travel time:222.17846534653467
step:3600/3600, q_loss:9.554352436680346e-06, rewards:-2.9976677894592285, queue:1.182539701461792, delay:0.13216398656368256, throughput:4066
episode:134/250, real avg travel time:201.3293162813576
step:3600/3600, q_loss:8.064179483982218e-06, rewards:-2.518223285675049, queue:1.039814829826355, delay:0.1296740472316742, throughput:4062
episode:135/250, real avg travel time:200.28261939931068
Test step:135/250, travel time :210.44638465322183, rewards:-2.9472222328186035, queue:1.1998677253723145, delay:0.13598820567131042, throughput:4066
step:3600/3600, q_loss:1.9047916127116574e-05, rewards:-2.8248109817504883, queue:1.110185146331787, delay:0.12941719591617584, throughput:4070
episode:136/250, real avg travel time:204.04791154791155
step:3600/3600, q_loss:1.1614545453792542e-05, rewards:-2.9429376125335693, queue:1.1421958208084106, delay:0.13334357738494873, throughput:4069
episode:137/250, real avg travel time:209.04448267387565
step:3600/3600, q_loss:1.2386190064717084e-05, rewards:-2.8564116954803467, queue:1.1104497909545898, delay:0.13054847717285156, throughput:4065
episode:138/250, real avg travel time:207.42189421894219
step:3600/3600, q_loss:1.1212124829600927e-05, rewards:-2.713392972946167, queue:1.0900793075561523, delay:0.12853989005088806, throughput:4076
episode:139/250, real avg travel time:205.24386653581942
step:3600/3600, q_loss:3.0994123436458824e-06, rewards:-2.6352524757385254, queue:1.0562169551849365, delay:0.1288859248161316, throughput:4073
episode:140/250, real avg travel time:200.34372698256814
Test step:140/250, travel time :204.93633235004916, rewards:-2.5563907623291016, queue:1.0493385791778564, delay:0.1290164291858673, throughput:4068
step:3600/3600, q_loss:3.7117575427853606e-06, rewards:-2.6830711364746094, queue:1.0821428298950195, delay:0.12849161028862, throughput:4072
episode:141/250, real avg travel time:204.16625736738703
step:3600/3600, q_loss:1.0661593963353274e-05, rewards:-2.6318345069885254, queue:1.0837301015853882, delay:0.12902259826660156, throughput:4067
episode:142/250, real avg travel time:204.91689205802803
step:3600/3600, q_loss:3.5309014896888078e-06, rewards:-2.567432403564453, queue:1.0723545551300049, delay:0.13075058162212372, throughput:4058
episode:143/250, real avg travel time:202.04411039921143
step:3600/3600, q_loss:8.033602437838757e-05, rewards:-3.72375226020813, queue:1.2966930866241455, delay:0.13403084874153137, throughput:4067
episode:144/250, real avg travel time:219.98008359970495
step:3600/3600, q_loss:6.449207159878116e-05, rewards:-3.7920987606048584, queue:1.40753972530365, delay:0.14107228815555573, throughput:3825
episode:145/250, real avg travel time:221.7118954248366
Test step:145/250, travel time :233.07854311199208, rewards:-5.531731605529785, queue:1.6515872478485107, delay:0.14885202050209045, throughput:4036
step:3600/3600, q_loss:1.870460671650815e-05, rewards:-2.614914894104004, queue:1.0955026149749756, delay:0.13319465517997742, throughput:4070
episode:146/250, real avg travel time:201.88230958230957
step:3600/3600, q_loss:3.1083898243701294e-06, rewards:-2.74619197845459, queue:1.0812169313430786, delay:0.1296336054801941, throughput:4064
episode:147/250, real avg travel time:206.3503937007874
step:3600/3600, q_loss:5.72702006643845e-06, rewards:-2.65234375, queue:1.0828042030334473, delay:0.1297641098499298, throughput:4065
episode:148/250, real avg travel time:205.67330873308734
step:3600/3600, q_loss:1.9437423381734535e-05, rewards:-2.6357970237731934, queue:1.0616402626037598, delay:0.1271449476480484, throughput:4067
episode:149/250, real avg travel time:205.23850504057046
step:3600/3600, q_loss:4.792549334524665e-05, rewards:-3.4477407932281494, queue:1.2952381372451782, delay:0.14056196808815002, throughput:4061
episode:150/250, real avg travel time:227.6065008618567
Test step:150/250, travel time :205.82170923379175, rewards:-2.5936379432678223, queue:1.0899471044540405, delay:0.13504981994628906, throughput:4072
step:3600/3600, q_loss:1.1150527966997793e-05, rewards:-2.6821584701538086, queue:1.086111068725586, delay:0.13130633533000946, throughput:4059
episode:151/250, real avg travel time:204.80216802168022
step:3600/3600, q_loss:5.448747857978257e-05, rewards:-3.4967713356018066, queue:1.2469576597213745, delay:0.13816721737384796, throughput:4068
episode:152/250, real avg travel time:216.68289085545723
step:3600/3600, q_loss:1.1543537766556256e-05, rewards:-2.719388246536255, queue:1.0810846090316772, delay:0.13044145703315735, throughput:4063
episode:153/250, real avg travel time:207.76593650012308
step:3600/3600, q_loss:9.928559140664422e-06, rewards:-2.650991439819336, queue:1.0894179344177246, delay:0.13140833377838135, throughput:4070
episode:154/250, real avg travel time:205.15405405405406
step:3600/3600, q_loss:1.0493876147342639e-05, rewards:-2.8359436988830566, queue:1.1042327880859375, delay:0.13120973110198975, throughput:4069
episode:155/250, real avg travel time:208.717866797739
Test step:155/250, travel time :218.52552773686796, rewards:-2.716899871826172, queue:1.0962963104248047, delay:0.13005362451076508, throughput:4074
step:3600/3600, q_loss:1.2868032455217973e-05, rewards:-2.7966244220733643, queue:1.1325396299362183, delay:0.13182204961776733, throughput:4071
episode:156/250, real avg travel time:210.33382461311717
step:3600/3600, q_loss:1.0049438383753618e-05, rewards:-3.286015748977661, queue:1.2403439283370972, delay:0.13658680021762848, throughput:4064
episode:157/250, real avg travel time:216.14468503937007
step:3600/3600, q_loss:7.428084589062362e-06, rewards:-2.723128318786621, queue:1.1093915700912476, delay:0.13411876559257507, throughput:4072
episode:158/250, real avg travel time:210.11419449901769
step:3600/3600, q_loss:4.70156830690232e-06, rewards:-2.652362823486328, queue:1.092063546180725, delay:0.13113076984882355, throughput:4071
episode:159/250, real avg travel time:206.27585359862442
step:3600/3600, q_loss:9.950369268254791e-06, rewards:-2.7802681922912598, queue:1.0993386507034302, delay:0.12814587354660034, throughput:4069
episode:160/250, real avg travel time:205.7294175473089
Test step:160/250, travel time :201.57907662082513, rewards:-2.545328140258789, queue:1.0563491582870483, delay:0.13083752989768982, throughput:4072
step:3600/3600, q_loss:1.62570512556057e-06, rewards:-2.5759992599487305, queue:1.0378307104110718, delay:0.12618716061115265, throughput:4070
episode:161/250, real avg travel time:201.33267813267813
step:3600/3600, q_loss:2.2551413470258315e-06, rewards:-2.600945472717285, queue:1.0650793313980103, delay:0.129349485039711, throughput:4071
episode:162/250, real avg travel time:203.82928027511667
step:3600/3600, q_loss:1.1302909842925147e-05, rewards:-2.6007561683654785, queue:1.0667989253997803, delay:0.12790821492671967, throughput:4073
episode:163/250, real avg travel time:201.0815123987233
step:3600/3600, q_loss:1.266322132222639e-05, rewards:-2.542613983154297, queue:1.0505291223526, delay:0.12662097811698914, throughput:4076
episode:164/250, real avg travel time:203.76226692836113
step:3600/3600, q_loss:6.048518763337698e-05, rewards:-3.627974510192871, queue:1.2620370388031006, delay:0.13598988950252533, throughput:4068
episode:165/250, real avg travel time:214.31882989183873
Test step:165/250, travel time :199.82052541124477, rewards:-2.3439581394195557, queue:1.013359785079956, delay:0.12496940791606903, throughput:4073
New best TEST travel time 199.8205 at episode 165, saved as best checkpoint
step:3600/3600, q_loss:1.6113586752908305e-06, rewards:-2.594236373901367, queue:1.0731481313705444, delay:0.13015513122081757, throughput:4066
episode:166/250, real avg travel time:201.1318248893261
step:3600/3600, q_loss:6.62503317370364e-05, rewards:-3.9112555980682373, queue:1.2219576835632324, delay:0.13431252539157867, throughput:4053
episode:167/250, real avg travel time:200.5218356772761
step:3600/3600, q_loss:4.702042739760752e-06, rewards:-2.604525089263916, queue:1.067989468574524, delay:0.13071073591709137, throughput:4079
episode:168/250, real avg travel time:208.84040205932826
step:3600/3600, q_loss:5.479124390856467e-06, rewards:-2.539412021636963, queue:1.0412698984146118, delay:0.12784366309642792, throughput:4068
episode:169/250, real avg travel time:201.86160275319568
step:3600/3600, q_loss:5.327569831731833e-06, rewards:-2.380098581314087, queue:1.010449767112732, delay:0.1262332797050476, throughput:4070
episode:170/250, real avg travel time:199.17297297297299
Test step:170/250, travel time :228.03093542843112, rewards:-4.021859645843506, queue:1.3755290508270264, delay:0.13947686553001404, throughput:4073
step:3600/3600, q_loss:3.245935477025341e-05, rewards:-2.878740072250366, queue:1.1433862447738647, delay:0.13124938309192657, throughput:4075
episode:171/250, real avg travel time:207.50674846625768
step:3600/3600, q_loss:1.0440809193015513e-07, rewards:-2.6489875316619873, queue:1.0818783044815063, delay:0.13128532469272614, throughput:4077
episode:172/250, real avg travel time:206.59381898454745
step:3600/3600, q_loss:1.4429606704248322e-05, rewards:-2.831791877746582, queue:1.1044973134994507, delay:0.13018856942653656, throughput:4069
episode:173/250, real avg travel time:211.6168591791595
step:3600/3600, q_loss:-3.237533504337383e-06, rewards:-2.6021196842193604, queue:1.0519840717315674, delay:0.1289823353290558, throughput:4067
episode:174/250, real avg travel time:206.64543889845095
step:3600/3600, q_loss:8.883651268358032e-06, rewards:-2.524367332458496, queue:1.024735450744629, delay:0.12742742896080017, throughput:4069
episode:175/250, real avg travel time:204.39493733103956
Test step:175/250, travel time :206.32318271119843, rewards:-2.4015181064605713, queue:1.021164059638977, delay:0.1281074732542038, throughput:4072
step:3600/3600, q_loss:5.566664994047541e-07, rewards:-2.5113234519958496, queue:1.0477513074874878, delay:0.12801143527030945, throughput:4065
episode:176/250, real avg travel time:201.75030750307502
step:3600/3600, q_loss:2.849372119979105e-07, rewards:-2.5950403213500977, queue:1.0582010746002197, delay:0.12874941527843475, throughput:4068
episode:177/250, real avg travel time:205.96312684365782
step:3600/3600, q_loss:1.0037098683015858e-05, rewards:-2.6382946968078613, queue:1.0753967761993408, delay:0.12988562881946564, throughput:4070
episode:178/250, real avg travel time:209.67690417690417
step:3600/3600, q_loss:9.573445115367778e-06, rewards:-2.413350820541382, queue:1.017724871635437, delay:0.1260366141796112, throughput:4081
episode:179/250, real avg travel time:202.32246998284734
step:3600/3600, q_loss:2.224043338274997e-06, rewards:-2.43161678314209, queue:1.0189152956008911, delay:0.12534649670124054, throughput:4075
episode:180/250, real avg travel time:198.88441717791412
Test step:180/250, travel time :205.17436149312377, rewards:-2.3671412467956543, queue:1.0080687999725342, delay:0.12509849667549133, throughput:4072
step:3600/3600, q_loss:5.144685645872313e-06, rewards:-2.526973247528076, queue:1.0412698984146118, delay:0.12703628838062286, throughput:4074
episode:181/250, real avg travel time:199.74791359842905
step:3600/3600, q_loss:4.757166809415341e-06, rewards:-2.559156894683838, queue:1.0482804775238037, delay:0.12791772186756134, throughput:4070
episode:182/250, real avg travel time:201.61744471744473
step:3600/3600, q_loss:2.126489198417403e-06, rewards:-2.5875368118286133, queue:1.0583332777023315, delay:0.12868842482566833, throughput:4068
episode:183/250, real avg travel time:200.46878072763027
step:3600/3600, q_loss:5.599451873826587e-06, rewards:-2.5060014724731445, queue:1.0292328596115112, delay:0.12520699203014374, throughput:4067
episode:184/250, real avg travel time:200.97393656257682
step:3600/3600, q_loss:1.5540706954197959e-06, rewards:-2.5270233154296875, queue:1.0406084060668945, delay:0.12775669991970062, throughput:4076
episode:185/250, real avg travel time:200.31305201177625
Test step:185/250, travel time :199.5364417177914, rewards:-2.290275812149048, queue:0.9736772775650024, delay:0.12530186772346497, throughput:4075
New best TEST travel time 199.5364 at episode 185, saved as best checkpoint
step:3600/3600, q_loss:-4.868733271400237e-06, rewards:-2.415982246398926, queue:0.9981481432914734, delay:0.12629756331443787, throughput:4076
episode:186/250, real avg travel time:199.6476938174681
step:3600/3600, q_loss:4.895059832455849e-05, rewards:-3.235848903656006, queue:1.180820107460022, delay:0.13077904284000397, throughput:4073
episode:187/250, real avg travel time:214.3783452000982
step:3600/3600, q_loss:8.173686769118326e-06, rewards:-2.462064266204834, queue:1.0179893970489502, delay:0.12553152441978455, throughput:4071
episode:188/250, real avg travel time:200.5804470646033
step:3600/3600, q_loss:-4.01723243865288e-07, rewards:-2.4583818912506104, queue:1.0068782567977905, delay:0.12442558258771896, throughput:4073
episode:189/250, real avg travel time:200.12840657991651
step:3600/3600, q_loss:-1.4761647536134762e-05, rewards:-3.044724941253662, queue:1.2742063999176025, delay:0.1268204003572464, throughput:3989
episode:190/250, real avg travel time:201.97192278766607
Test step:190/250, travel time :204.61293507775858, rewards:-2.6262614727020264, queue:1.0439153909683228, delay:0.12670013308525085, throughput:4051
step:3600/3600, q_loss:1.9527397752325566e-06, rewards:-2.571253776550293, queue:1.038095235824585, delay:0.1253253072500229, throughput:4077
episode:191/250, real avg travel time:201.60485651214128
step:3600/3600, q_loss:-2.0743573259096593e-07, rewards:-2.394301652908325, queue:1.0193121433258057, delay:0.12718462944030762, throughput:4078
episode:192/250, real avg travel time:203.165277096616
step:3600/3600, q_loss:4.4073662946983755e-06, rewards:-2.4009759426116943, queue:1.016798973083496, delay:0.12627854943275452, throughput:4066
episode:193/250, real avg travel time:199.16330545991147
step:3600/3600, q_loss:4.969447480915631e-06, rewards:-2.601120710372925, queue:1.0493385791778564, delay:0.12706194818019867, throughput:4059
episode:194/250, real avg travel time:203.67405764966742
step:3600/3600, q_loss:5.388613863033242e-06, rewards:-2.4949755668640137, queue:1.0162698030471802, delay:0.1292799711227417, throughput:4074
episode:195/250, real avg travel time:201.01472754050073
Test step:195/250, travel time :205.34828691151097, rewards:-2.465937614440918, queue:1.020370364189148, delay:0.12482430785894394, throughput:4057
step:3600/3600, q_loss:5.871473533463561e-06, rewards:-2.5501253604888916, queue:1.0382275581359863, delay:0.12589037418365479, throughput:4070
episode:196/250, real avg travel time:208.62530712530713
step:3600/3600, q_loss:1.2981569064625849e-05, rewards:-2.6913485527038574, queue:1.0611110925674438, delay:0.1268281787633896, throughput:4058
episode:197/250, real avg travel time:202.19369147363233
step:3600/3600, q_loss:4.342292797648244e-06, rewards:-2.677402973175049, queue:1.0535714626312256, delay:0.1274702101945877, throughput:4071
episode:198/250, real avg travel time:207.49914026037828
step:3600/3600, q_loss:4.800533174097331e-06, rewards:-2.5079710483551025, queue:1.0283068418502808, delay:0.12736950814723969, throughput:4061
episode:199/250, real avg travel time:203.21718788475744
step:3600/3600, q_loss:1.571131077879626e-06, rewards:-2.653740167617798, queue:1.0607142448425293, delay:0.130000039935112, throughput:4063
episode:200/250, real avg travel time:202.1651489047502
Test step:200/250, travel time :210.56280667320902, rewards:-2.4087941646575928, queue:0.9917989373207092, delay:0.12557253241539001, throughput:4076
step:3600/3600, q_loss:1.0580857552769076e-05, rewards:-2.694855213165283, queue:1.0695767402648926, delay:0.12884525954723358, throughput:4073
episode:201/250, real avg travel time:209.36557819788854
step:3600/3600, q_loss:8.612547470774088e-06, rewards:-2.5636610984802246, queue:1.0511904954910278, delay:0.12940284609794617, throughput:4063
episode:202/250, real avg travel time:207.11297071129707
step:3600/3600, q_loss:1.3895024757301952e-05, rewards:-3.0992767810821533, queue:1.1367725133895874, delay:0.12956662476062775, throughput:4065
episode:203/250, real avg travel time:222.49594095940958
step:3600/3600, q_loss:3.3740959932199785e-06, rewards:-2.4663445949554443, queue:1.0271164178848267, delay:0.12672990560531616, throughput:4068
episode:204/250, real avg travel time:208.49901671583086
step:3600/3600, q_loss:4.9097216995303624e-05, rewards:-3.6775505542755127, queue:1.3544973134994507, delay:0.1395767778158188, throughput:3963
episode:205/250, real avg travel time:240.2770628311885
Test step:205/250, travel time :225.31453201970444, rewards:-3.5307116508483887, queue:1.1883597373962402, delay:0.13204608857631683, throughput:4060
step:3600/3600, q_loss:0.0001590683679144907, rewards:-4.604052543640137, queue:1.5033068656921387, delay:0.14064191281795502, throughput:4058
episode:206/250, real avg travel time:241.87703302119272
step:3600/3600, q_loss:1.1722452877115252e-05, rewards:-2.77618408203125, queue:1.108994722366333, delay:0.13038578629493713, throughput:4058
episode:207/250, real avg travel time:212.39058649581074
step:3600/3600, q_loss:4.242031233540426e-06, rewards:-2.7212884426116943, queue:1.0880951881408691, delay:0.1314442753791809, throughput:4072
episode:208/250, real avg travel time:217.19572691552062
step:3600/3600, q_loss:2.5534860227101794e-05, rewards:-3.0753862857818604, queue:1.1387566328048706, delay:0.131856769323349, throughput:4069
episode:209/250, real avg travel time:224.02015237159006
step:3600/3600, q_loss:1.5014794674546768e-06, rewards:-2.9101805686950684, queue:1.1297619342803955, delay:0.1325446367263794, throughput:4044
episode:210/250, real avg travel time:222.2584075173096
Test step:210/250, travel time :264.0074055788694, rewards:-3.2002813816070557, queue:1.1603174209594727, delay:0.13289937376976013, throughput:4051
step:3600/3600, q_loss:4.874174677145978e-06, rewards:-2.7771453857421875, queue:1.0788359642028809, delay:0.12995107471942902, throughput:4046
episode:211/250, real avg travel time:216.42560553633217
step:3600/3600, q_loss:1.1868147541665368e-05, rewards:-2.701622247695923, queue:1.0720899105072021, delay:0.12789906561374664, throughput:4062
episode:212/250, real avg travel time:209.719596258001
step:3600/3600, q_loss:-1.5872416649168979e-06, rewards:-2.6327757835388184, queue:1.0341269969940186, delay:0.1298970878124237, throughput:4063
episode:213/250, real avg travel time:207.00172286487816
step:3600/3600, q_loss:2.3674631342550532e-05, rewards:-3.476285219192505, queue:1.2760581970214844, delay:0.13556614518165588, throughput:4038
episode:214/250, real avg travel time:233.28850916295195
step:3600/3600, q_loss:1.562101133458782e-05, rewards:-3.1257236003875732, queue:1.1849206686019897, delay:0.1333550065755844, throughput:4070
episode:215/250, real avg travel time:223.0744471744472
Test step:215/250, travel time :253.97607301430685, rewards:-3.3617491722106934, queue:1.2082010507583618, delay:0.13593217730522156, throughput:4054
step:3600/3600, q_loss:1.6831920301127763e-05, rewards:-2.9248149394989014, queue:1.0989418029785156, delay:0.12985479831695557, throughput:4069
episode:216/250, real avg travel time:220.3841238633571
step:3600/3600, q_loss:1.5482979668174974e-05, rewards:-2.930854558944702, queue:1.1083333492279053, delay:0.13194741308689117, throughput:4058
episode:217/250, real avg travel time:222.17841301133564
step:3600/3600, q_loss:1.0693665010169045e-05, rewards:-2.54840087890625, queue:1.0202380418777466, delay:0.126596137881279, throughput:4061
episode:218/250, real avg travel time:207.3969465648855
step:3600/3600, q_loss:1.5968869613263652e-05, rewards:-2.8433291912078857, queue:1.0695767402648926, delay:0.12787945568561554, throughput:4059
episode:219/250, real avg travel time:214.95984232569597
step:3600/3600, q_loss:9.31837409249662e-06, rewards:-2.7147881984710693, queue:1.0390211343765259, delay:0.12781736254692078, throughput:4073
episode:220/250, real avg travel time:211.05205008593174
Test step:220/250, travel time :207.03761061946904, rewards:-2.5122783184051514, queue:1.0109788179397583, delay:0.12669935822486877, throughput:4068
step:3600/3600, q_loss:7.437952606576598e-05, rewards:-3.8957839012145996, queue:1.3417989015579224, delay:0.1381874978542328, throughput:4048
episode:221/250, real avg travel time:234.93453557312253
step:3600/3600, q_loss:1.3873880177723346e-05, rewards:-2.7029762268066406, queue:1.0464285612106323, delay:0.12512868642807007, throughput:4058
episode:222/250, real avg travel time:210.1323311976343
step:3600/3600, q_loss:2.8347087087846982e-05, rewards:-3.434504508972168, queue:1.2392857074737549, delay:0.1337287276983261, throughput:3990
episode:223/250, real avg travel time:230.37719298245614
step:3600/3600, q_loss:1.719199915694642e-05, rewards:-3.1125214099884033, queue:1.1705026626586914, delay:0.13389582931995392, throughput:4024
episode:224/250, real avg travel time:220.16202783300199
step:3600/3600, q_loss:2.0105891599087046e-05, rewards:-2.8293282985687256, queue:1.0658730268478394, delay:0.12708914279937744, throughput:4075
episode:225/250, real avg travel time:213.15092024539877
Test step:225/250, travel time :204.9259440902403, rewards:-2.3635876178741455, queue:0.9759259223937988, delay:0.12539279460906982, throughput:4078
step:3600/3600, q_loss:1.368363797761655e-05, rewards:-2.714452028274536, queue:1.050264596939087, delay:0.12733899056911469, throughput:4068
episode:226/250, real avg travel time:214.7460668633235
step:3600/3600, q_loss:8.764330333279859e-07, rewards:-2.5082080364227295, queue:0.9964285492897034, delay:0.12480055540800095, throughput:4077
episode:227/250, real avg travel time:201.24454255580085
step:3600/3600, q_loss:6.969599214951611e-06, rewards:-2.5971319675445557, queue:1.0097883939743042, delay:0.12310165166854858, throughput:4070
episode:228/250, real avg travel time:206.19361179361178
step:3600/3600, q_loss:8.861055135235397e-06, rewards:-2.6816396713256836, queue:1.0244709253311157, delay:0.12436583638191223, throughput:4068
episode:229/250, real avg travel time:205.02777777777777
step:3600/3600, q_loss:1.8131058216871073e-06, rewards:-2.537559986114502, queue:0.9916666746139526, delay:0.1236550435423851, throughput:4070
episode:230/250, real avg travel time:204.45823095823096
Test step:230/250, travel time :243.1635155850792, rewards:-3.9907145500183105, queue:1.3576719760894775, delay:0.13585539162158966, throughput:3914
step:3600/3600, q_loss:1.4717683977020593e-05, rewards:-2.694044828414917, queue:1.0449734926223755, delay:0.12491682916879654, throughput:4069
episode:231/250, real avg travel time:208.94666994347506
step:3600/3600, q_loss:1.0099942907496976e-05, rewards:-2.743929624557495, queue:1.0313491821289062, delay:0.12481139600276947, throughput:4064
episode:232/250, real avg travel time:207.90649606299212
step:3600/3600, q_loss:1.2151082046329975e-05, rewards:-2.8047049045562744, queue:1.0503968000411987, delay:0.1254682093858719, throughput:4078
episode:233/250, real avg travel time:205.49779303580186
step:3600/3600, q_loss:4.651028333076586e-06, rewards:-2.5652527809143066, queue:1.0071429014205933, delay:0.12520739436149597, throughput:4065
episode:234/250, real avg travel time:211.7252152521525
step:3600/3600, q_loss:-2.001172631733223e-06, rewards:-2.546130418777466, queue:1.0039682388305664, delay:0.12421473115682602, throughput:4069
episode:235/250, real avg travel time:206.98304251658885
Test step:235/250, travel time :209.72498146775388, rewards:-2.4903838634490967, queue:0.992460310459137, delay:0.12507806718349457, throughput:4047
step:3600/3600, q_loss:-1.1845856432854715e-06, rewards:-2.460493564605713, queue:0.9670634865760803, delay:0.12204772233963013, throughput:4056
episode:236/250, real avg travel time:207.0051775147929
step:3600/3600, q_loss:2.397133721387945e-06, rewards:-2.3488290309906006, queue:0.9563491940498352, delay:0.12419068813323975, throughput:4071
episode:237/250, real avg travel time:202.2795381970032
step:3600/3600, q_loss:-3.51938085966847e-06, rewards:-2.5490243434906006, queue:1.006084680557251, delay:0.12581001222133636, throughput:4072
episode:238/250, real avg travel time:205.99901768172887
step:3600/3600, q_loss:-1.3641122980819393e-06, rewards:-2.4989120960235596, queue:0.9870370626449585, delay:0.12414519488811493, throughput:4067
episode:239/250, real avg travel time:207.03540693385787
step:3600/3600, q_loss:2.4435582518991497e-06, rewards:-2.5950212478637695, queue:0.9910053014755249, delay:0.12397582828998566, throughput:4032
episode:240/250, real avg travel time:209.09821428571428
Test step:240/250, travel time :222.96455762667367, rewards:-2.90916109085083, queue:1.1148147583007812, delay:0.1267186552286148, throughput:3809
step:3600/3600, q_loss:-1.492448468019979e-08, rewards:-2.6738884449005127, queue:1.0261905193328857, delay:0.12625983357429504, throughput:3952
episode:241/250, real avg travel time:212.68117408906883
step:3600/3600, q_loss:-1.2077129617359283e-06, rewards:-2.632289409637451, queue:1.0066137313842773, delay:0.12518832087516785, throughput:3990
episode:242/250, real avg travel time:210.88170426065162
step:3600/3600, q_loss:1.8098172707444366e-05, rewards:-2.9612419605255127, queue:1.1165343523025513, delay:0.12793970108032227, throughput:4061
episode:243/250, real avg travel time:213.9071657227284
step:3600/3600, q_loss:1.1094019888939026e-05, rewards:-2.601323366165161, queue:1.0022486448287964, delay:0.12258094549179077, throughput:4061
episode:244/250, real avg travel time:213.46614134449644
step:3600/3600, q_loss:9.900707583357063e-07, rewards:-2.435746669769287, queue:0.9722222089767456, delay:0.12373261898756027, throughput:4062
episode:245/250, real avg travel time:208.56794682422452
Test step:245/250, travel time :216.57425488180883, rewards:-2.5294480323791504, queue:0.9759259223937988, delay:0.12351121753454208, throughput:3892
step:3600/3600, q_loss:5.969982400226096e-06, rewards:-2.61149263381958, queue:1.0119047164916992, delay:0.12523292005062103, throughput:4012
episode:246/250, real avg travel time:212.95014955134596
step:3600/3600, q_loss:9.320125536760316e-06, rewards:-2.474712610244751, queue:0.9687830805778503, delay:0.12073938548564911, throughput:4002
episode:247/250, real avg travel time:210.1006996501749
step:3600/3600, q_loss:-2.010892017602196e-06, rewards:-2.3917324542999268, queue:0.9550264477729797, delay:0.1229916363954544, throughput:4053
episode:248/250, real avg travel time:207.10239328892177
step:3600/3600, q_loss:7.75347467020361e-06, rewards:-2.4123685359954834, queue:0.9490740895271301, delay:0.12200891971588135, throughput:3989
episode:249/250, real avg travel time:204.33792930559036
Hyperparameters saved to: data/output_data/tsc/sumo_hyperlight_mappo/sumo1x21/struct_sumo1x21_seed1/hyperparameters.json
Loaded best checkpoint for final evaluation
Final Travel Time is 199.5364, mean rewards: -2.2903, queue: 0.9737, delay: 0.1253, throughput: 4075
Total time taken: 12062.813315153122
