step:3600/3600, q_loss:0.002901247198934908, rewards:-21.333471298217773, queue:15.926215171813965, delay:0.12412204593420029, throughput:2403
episode:0/250, real avg travel time:737.5407308079115
Test step:0/250, travel time :1165.7294669795508, rewards:-66.03555297851562, queue:49.64323043823242, delay:0.28254106640815735, throughput:2202
New best TEST travel time 1165.7295 at episode 0, saved as best checkpoint
step:3600/3600, q_loss:0.0020708474985979223, rewards:-19.611764907836914, queue:14.613194465637207, delay:0.12293145805597305, throughput:2562
episode:1/250, real avg travel time:654.2249413342273
step:3600/3600, q_loss:0.0019275181685332898, rewards:-18.563310623168945, queue:13.824999809265137, delay:0.12706156075000763, throughput:2644
episode:2/250, real avg travel time:628.0955414012739
step:3600/3600, q_loss:0.002886981365305406, rewards:-22.57289695739746, queue:16.849132537841797, delay:0.12542575597763062, throughput:2466
episode:3/250, real avg travel time:713.2658397586323
step:3600/3600, q_loss:0.0017606680040006283, rewards:-18.84208106994629, queue:14.03732681274414, delay:0.1306365728378296, throughput:2602
episode:4/250, real avg travel time:629.0697284612805
step:3600/3600, q_loss:0.0016998941009795225, rewards:-19.133312225341797, queue:14.270659446716309, delay:0.12967434525489807, throughput:2558
episode:5/250, real avg travel time:663.185719074757
Test step:5/250, travel time :1112.1253771371103, rewards:-61.824859619140625, queue:46.47222137451172, delay:0.2835463285446167, throughput:2338
New best TEST travel time 1112.1254 at episode 5, saved as best checkpoint
step:3600/3600, q_loss:0.001197700347337458, rewards:-16.216598510742188, queue:12.060937881469727, delay:0.12317235767841339, throughput:2635
episode:6/250, real avg travel time:607.4683204827355
step:3600/3600, q_loss:0.0009700354740575508, rewards:-13.60844898223877, queue:10.10763931274414, delay:0.12386028468608856, throughput:2648
episode:7/250, real avg travel time:553.8706000670466
step:3600/3600, q_loss:0.0008690698900156551, rewards:-13.859073638916016, queue:10.287847518920898, delay:0.1244126409292221, throughput:2646
episode:8/250, real avg travel time:562.3345625209521
step:3600/3600, q_loss:0.0008600184280011389, rewards:-12.56377124786377, queue:9.316666603088379, delay:0.12420708686113358, throughput:2644
episode:9/250, real avg travel time:556.4575930271538
step:3600/3600, q_loss:0.0007931527785129017, rewards:-13.056595802307129, queue:9.691319465637207, delay:0.12081657350063324, throughput:2641
episode:10/250, real avg travel time:570.1287294669795
Test step:10/250, travel time :1132.3228293664097, rewards:-62.9382438659668, queue:47.313541412353516, delay:0.28430160880088806, throughput:2294
step:3600/3600, q_loss:0.0004976138403570211, rewards:-11.613333702087402, queue:8.588889122009277, delay:0.12144984304904938, throughput:2733
episode:11/250, real avg travel time:510.60174321153204
step:3600/3600, q_loss:0.00030327040564130854, rewards:-9.738055229187012, queue:7.181423664093018, delay:0.1206371858716011, throughput:2761
episode:12/250, real avg travel time:471.6255447536038
step:3600/3600, q_loss:0.0005178018300621598, rewards:-10.853105545043945, queue:8.019444465637207, delay:0.12460412085056305, throughput:2742
episode:13/250, real avg travel time:490.6976198457928
step:3600/3600, q_loss:3.891928052460706e-06, rewards:-7.130834102630615, queue:5.217360973358154, delay:0.12344887852668762, throughput:2908
episode:14/250, real avg travel time:406.89339591015755
step:3600/3600, q_loss:8.43640796288296e-06, rewards:-6.253080368041992, queue:4.564062595367432, delay:0.12426908314228058, throughput:2920
episode:15/250, real avg travel time:393.796513576936
Test step:15/250, travel time :1049.99564197117, rewards:-57.77703857421875, queue:43.430904388427734, delay:0.2829313278198242, throughput:2474
New best TEST travel time 1049.9956 at episode 15, saved as best checkpoint
step:3600/3600, q_loss:-1.8807991269837926e-05, rewards:-6.050069808959961, queue:4.40503454208374, delay:0.1319022923707962, throughput:2903
episode:16/250, real avg travel time:384.9822326516929
step:3600/3600, q_loss:-2.076647468601112e-05, rewards:-5.0741658210754395, queue:3.6729166507720947, delay:0.12305327504873276, throughput:2922
episode:17/250, real avg travel time:370.9175326852162
step:3600/3600, q_loss:-2.4173167723886395e-05, rewards:-4.9232177734375, queue:3.55798602104187, delay:0.12267354130744934, throughput:2913
episode:18/250, real avg travel time:368.78075762655044
step:3600/3600, q_loss:-3.4810505867763254e-05, rewards:-5.287197589874268, queue:3.824131965637207, delay:0.12756873667240143, throughput:2916
episode:19/250, real avg travel time:374.59034528997654
step:3600/3600, q_loss:-3.495101528069764e-05, rewards:-5.051482677459717, queue:3.659374952316284, delay:0.11967407912015915, throughput:2915
episode:20/250, real avg travel time:372.82567884679855
Test step:20/250, travel time :822.0301709688233, rewards:-40.69126892089844, queue:30.5324649810791, delay:0.25795668363571167, throughput:2628
New best TEST travel time 822.0302 at episode 20, saved as best checkpoint
step:3600/3600, q_loss:-4.0660503199668945e-05, rewards:-4.4804863929748535, queue:3.2133679389953613, delay:0.11575385928153992, throughput:2923
episode:21/250, real avg travel time:362.6751592356688
step:3600/3600, q_loss:-3.876511710350988e-05, rewards:-4.365209102630615, queue:3.1276042461395264, delay:0.11607178300619125, throughput:2927
episode:22/250, real avg travel time:361.6158229969829
step:3600/3600, q_loss:-4.743200196470652e-05, rewards:-4.429675102233887, queue:3.178992986679077, delay:0.11873660981655121, throughput:2919
episode:23/250, real avg travel time:361.8102581293999
step:3600/3600, q_loss:-4.899232385300651e-05, rewards:-4.05548620223999, queue:2.8984375, delay:0.11500788480043411, throughput:2925
episode:24/250, real avg travel time:355.9195440831378
step:3600/3600, q_loss:-4.642727435566485e-05, rewards:-3.948194980621338, queue:2.824305534362793, delay:0.11071446537971497, throughput:2928
episode:25/250, real avg travel time:354.4756956084479
Test step:25/250, travel time :775.9118337244385, rewards:-37.243858337402344, queue:27.953645706176758, delay:0.27011245489120483, throughput:2671
New best TEST travel time 775.9118 at episode 25, saved as best checkpoint
step:3600/3600, q_loss:-5.027676104671425e-05, rewards:-4.143518447875977, queue:2.9557292461395264, delay:0.11244045197963715, throughput:2919
episode:26/250, real avg travel time:358.27656721421386
step:3600/3600, q_loss:-4.838733757087202e-05, rewards:-3.8641669750213623, queue:2.754340171813965, delay:0.10954213887453079, throughput:2926
episode:27/250, real avg travel time:354.325846463292
step:3600/3600, q_loss:-5.174934264720866e-05, rewards:-4.042199611663818, queue:2.8880207538604736, delay:0.10951244831085205, throughput:2926
episode:28/250, real avg travel time:356.900435802883
step:3600/3600, q_loss:-4.750048263101942e-05, rewards:-3.6559488773345947, queue:2.5920138359069824, delay:0.10474498569965363, throughput:2921
episode:29/250, real avg travel time:350.7281260476031
step:3600/3600, q_loss:-4.010676682271339e-05, rewards:-3.796342611312866, queue:2.700000047683716, delay:0.10924913734197617, throughput:2925
episode:30/250, real avg travel time:353.05766007375126
Test step:30/250, travel time :660.0026818638954, rewards:-28.26481056213379, queue:21.175519943237305, delay:0.2501319944858551, throughput:2814
New best TEST travel time 660.0027 at episode 30, saved as best checkpoint
step:3600/3600, q_loss:-5.597658520047035e-05, rewards:-3.76745343208313, queue:2.67638897895813, delay:0.10392284393310547, throughput:2925
episode:31/250, real avg travel time:352.5588333892055
step:3600/3600, q_loss:-4.782910799366181e-05, rewards:-3.3427083492279053, queue:2.3623263835906982, delay:0.10321293026208878, throughput:2924
episode:32/250, real avg travel time:346.52162252765675
step:3600/3600, q_loss:-5.210453355512409e-05, rewards:-3.33974552154541, queue:2.3534722328186035, delay:0.10024349391460419, throughput:2926
episode:33/250, real avg travel time:345.7308079114985
step:3600/3600, q_loss:-5.554950481315178e-05, rewards:-3.137500047683716, queue:2.2017362117767334, delay:0.10059657692909241, throughput:2930
episode:34/250, real avg travel time:342.9919544083138
step:3600/3600, q_loss:-4.341144446731993e-05, rewards:-3.2600932121276855, queue:2.29357647895813, delay:0.10260672867298126, throughput:2927
episode:35/250, real avg travel time:345.3131076097888
Test step:35/250, travel time :632.8172980221253, rewards:-25.67770767211914, queue:19.218576431274414, delay:0.24435842037200928, throughput:2743
New best TEST travel time 632.8173 at episode 35, saved as best checkpoint
step:3600/3600, q_loss:-4.5368441216716615e-05, rewards:-3.0642364025115967, queue:2.1470487117767334, delay:0.09778974205255508, throughput:2931
episode:36/250, real avg travel time:341.82266174991616
step:3600/3600, q_loss:-5.402916080870286e-05, rewards:-3.1172685623168945, queue:2.1885416507720947, delay:0.09795517474412918, throughput:2924
episode:37/250, real avg travel time:342.55145826349315
step:3600/3600, q_loss:-4.9996157651077265e-05, rewards:-3.03951358795166, queue:2.121354103088379, delay:0.0976426899433136, throughput:2932
episode:38/250, real avg travel time:341.94267515923565
step:3600/3600, q_loss:-5.678792669506813e-05, rewards:-2.939861297607422, queue:2.053992986679077, delay:0.09700696915388107, throughput:2934
episode:39/250, real avg travel time:340.1434797184043
step:3600/3600, q_loss:-5.064155190700182e-05, rewards:-2.8659489154815674, queue:2.000694513320923, delay:0.09319044649600983, throughput:2931
episode:40/250, real avg travel time:339.4217230975528
Test step:40/250, travel time :462.21823667448876, rewards:-12.170602798461914, queue:9.037847518920898, delay:0.19497354328632355, throughput:2896
New best TEST travel time 462.2182 at episode 40, saved as best checkpoint
step:3600/3600, q_loss:-5.85571017668203e-05, rewards:-2.9259955883026123, queue:2.0565972328186035, delay:0.09618426114320755, throughput:2927
episode:41/250, real avg travel time:339.9601072745558
step:3600/3600, q_loss:-4.595307465125289e-05, rewards:-2.8313660621643066, queue:1.9809027910232544, delay:0.0941471979022026, throughput:2929
episode:42/250, real avg travel time:338.3714381495139
step:3600/3600, q_loss:-4.6051834296021194e-05, rewards:-2.6715047359466553, queue:1.8583333492279053, delay:0.08895908296108246, throughput:2931
episode:43/250, real avg travel time:336.75595038551796
step:3600/3600, q_loss:-5.0116802945181175e-05, rewards:-2.710764169692993, queue:1.8916666507720947, delay:0.09060969948768616, throughput:2929
episode:44/250, real avg travel time:336.88535031847135
step:3600/3600, q_loss:-5.207191710791517e-05, rewards:-2.663264036178589, queue:1.8559027910232544, delay:0.09188752621412277, throughput:2931
episode:45/250, real avg travel time:335.6352665102246
Test step:45/250, travel time :427.71270533020447, rewards:-9.621109962463379, queue:7.11059045791626, delay:0.17338186502456665, throughput:2896
New best TEST travel time 427.7127 at episode 45, saved as best checkpoint
step:3600/3600, q_loss:-5.5050434699902935e-05, rewards:-2.5763652324676514, queue:1.7894097566604614, delay:0.09160304814577103, throughput:2931
episode:46/250, real avg travel time:334.2225947033188
step:3600/3600, q_loss:-5.930723618129613e-05, rewards:-2.590764284133911, queue:1.8041666746139526, delay:0.09118469059467316, throughput:2930
episode:47/250, real avg travel time:334.9406637613141
step:3600/3600, q_loss:-4.3686844744823044e-05, rewards:-2.584120035171509, queue:1.7965277433395386, delay:0.08947113156318665, throughput:2932
episode:48/250, real avg travel time:335.33590345289974
step:3600/3600, q_loss:-4.4744373169831106e-05, rewards:-2.4434492588043213, queue:1.6949652433395386, delay:0.08495936542749405, throughput:2930
episode:49/250, real avg travel time:332.9614482065035
step:3600/3600, q_loss:-5.5862804098675646e-05, rewards:-2.5124998092651367, queue:1.7395833730697632, delay:0.08359889686107635, throughput:2932
episode:50/250, real avg travel time:334.4834059671472
Test step:50/250, travel time :384.0579953067382, rewards:-6.431618690490723, queue:4.706597328186035, delay:0.1532483696937561, throughput:2911
New best TEST travel time 384.0580 at episode 50, saved as best checkpoint
step:3600/3600, q_loss:-4.4669518549064245e-05, rewards:-2.458749771118164, queue:1.7109375, delay:0.08609635382890701, throughput:2931
episode:51/250, real avg travel time:333.09051290647
step:3600/3600, q_loss:-5.4256449436285975e-05, rewards:-2.426157236099243, queue:1.6833332777023315, delay:0.08613237738609314, throughput:2927
episode:52/250, real avg travel time:332.5692256118002
step:3600/3600, q_loss:-4.3887143773544165e-05, rewards:-2.3965277671813965, queue:1.6581597328186035, delay:0.08504756540060043, throughput:2932
episode:53/250, real avg travel time:331.8183037210862
step:3600/3600, q_loss:-4.250668010812391e-05, rewards:-2.377523183822632, queue:1.6434028148651123, delay:0.08476018160581589, throughput:2933
episode:54/250, real avg travel time:332.02614817298024
step:3600/3600, q_loss:-5.089111466616116e-05, rewards:-2.3265740871429443, queue:1.6059027910232544, delay:0.08371847867965698, throughput:2931
episode:55/250, real avg travel time:330.98592021454914
Test step:55/250, travel time :350.1485082132082, rewards:-3.852222442626953, queue:2.7711806297302246, delay:0.13047631084918976, throughput:2926
New best TEST travel time 350.1485 at episode 55, saved as best checkpoint
step:3600/3600, q_loss:-3.861788793949893e-05, rewards:-2.3284952640533447, queue:1.6052082777023315, delay:0.08318555355072021, throughput:2933
episode:56/250, real avg travel time:331.2738853503185
step:3600/3600, q_loss:-3.790785450729783e-05, rewards:-2.3561108112335205, queue:1.634374976158142, delay:0.08355889469385147, throughput:2931
episode:57/250, real avg travel time:331.8478042239356
step:3600/3600, q_loss:-3.852378145826084e-05, rewards:-2.3815042972564697, queue:1.6479166746139526, delay:0.0861867368221283, throughput:2930
episode:58/250, real avg travel time:332.30472678511563
step:3600/3600, q_loss:-5.1793664978403183e-05, rewards:-2.2128705978393555, queue:1.5237847566604614, delay:0.08163467794656754, throughput:2931
episode:59/250, real avg travel time:329.61381159906136
step:3600/3600, q_loss:-4.2820979487495845e-05, rewards:-2.194837808609009, queue:1.513368010520935, delay:0.0802856832742691, throughput:2932
episode:60/250, real avg travel time:329.41870600067045
Test step:60/250, travel time :340.0710693932283, rewards:-3.0718281269073486, queue:2.188194513320923, delay:0.11388073116540909, throughput:2932
New best TEST travel time 340.0711 at episode 60, saved as best checkpoint
step:3600/3600, q_loss:-3.227392810879758e-05, rewards:-2.224884271621704, queue:1.5407986640930176, delay:0.08244383335113525, throughput:2928
episode:61/250, real avg travel time:329.7180690579953
step:3600/3600, q_loss:-4.313811616696142e-05, rewards:-2.20847225189209, queue:1.5217013359069824, delay:0.08128337562084198, throughput:2931
episode:62/250, real avg travel time:329.46765001676164
step:3600/3600, q_loss:-4.0421983942872395e-05, rewards:-2.2008564472198486, queue:1.5177083015441895, delay:0.08146685361862183, throughput:2933
episode:63/250, real avg travel time:328.9466979550788
step:3600/3600, q_loss:-3.210448452995883e-05, rewards:-2.1744210720062256, queue:1.4916666746139526, delay:0.07912778109312057, throughput:2931
episode:64/250, real avg travel time:328.9627891384512
step:3600/3600, q_loss:-4.0833493241936796e-05, rewards:-2.1962499618530273, queue:1.5067708492279053, delay:0.07936345040798187, throughput:2931
episode:65/250, real avg travel time:329.48809922896413
Test step:65/250, travel time :335.2842775729132, rewards:-2.7228705883026123, queue:1.925868034362793, delay:0.10193079710006714, throughput:2931
New best TEST travel time 335.2843 at episode 65, saved as best checkpoint
step:3600/3600, q_loss:-3.927538464604705e-05, rewards:-2.113495111465454, queue:1.4545139074325562, delay:0.07807083427906036, throughput:2932
episode:66/250, real avg travel time:327.69929601072744
step:3600/3600, q_loss:-3.997398145859026e-05, rewards:-2.1377081871032715, queue:1.463194489479065, delay:0.07804702967405319, throughput:2932
episode:67/250, real avg travel time:328.41099564197117
step:3600/3600, q_loss:-3.9072499903677794e-05, rewards:-2.1026387214660645, queue:1.4449652433395386, delay:0.07691945135593414, throughput:2931
episode:68/250, real avg travel time:327.91518605430775
step:3600/3600, q_loss:-3.0003978948419294e-05, rewards:-2.1094675064086914, queue:1.449131965637207, delay:0.07775053381919861, throughput:2931
episode:69/250, real avg travel time:328.1307408649011
step:3600/3600, q_loss:-4.199442251033529e-05, rewards:-1.9488887786865234, queue:1.332118034362793, delay:0.07196725904941559, throughput:2929
episode:70/250, real avg travel time:325.67448876969496
Test step:70/250, travel time :332.99463627220916, rewards:-2.555671453475952, queue:1.7998263835906982, delay:0.09886489808559418, throughput:2931
New best TEST travel time 332.9946 at episode 70, saved as best checkpoint
step:3600/3600, q_loss:-3.1553533712953885e-05, rewards:-2.0361342430114746, queue:1.3920139074325562, delay:0.07451139390468597, throughput:2931
episode:71/250, real avg travel time:326.828025477707
step:3600/3600, q_loss:-3.496147929345844e-05, rewards:-2.100856304168701, queue:1.4380208253860474, delay:0.07762603461742401, throughput:2931
episode:72/250, real avg travel time:328.20650351994635
step:3600/3600, q_loss:-3.144435101637134e-05, rewards:-2.0081942081451416, queue:1.3781249523162842, delay:0.0765174999833107, throughput:2929
episode:73/250, real avg travel time:326.1592356687898
step:3600/3600, q_loss:-3.295361228218233e-05, rewards:-1.9137498140335083, queue:1.3050347566604614, delay:0.07194464653730392, throughput:2931
episode:74/250, real avg travel time:325.3335568219913
step:3600/3600, q_loss:-3.417874751095142e-05, rewards:-1.9705783128738403, queue:1.3458333015441895, delay:0.07382515072822571, throughput:2930
episode:75/250, real avg travel time:326.3419376466644
Test step:75/250, travel time :326.98659068052297, rewards:-2.069629192352295, queue:1.431249976158142, delay:0.0809222087264061, throughput:2927
New best TEST travel time 326.9866 at episode 75, saved as best checkpoint
step:3600/3600, q_loss:-3.885116408734272e-05, rewards:-2.022916793823242, queue:1.3791667222976685, delay:0.07564809918403625, throughput:2931
episode:76/250, real avg travel time:326.98592021454914
step:3600/3600, q_loss:-4.301940951134182e-05, rewards:-1.936898112297058, queue:1.320486068725586, delay:0.07208776473999023, throughput:2933
episode:77/250, real avg travel time:325.59704994971503
step:3600/3600, q_loss:-3.458270210238105e-05, rewards:-1.964907169342041, queue:1.3394097089767456, delay:0.07254031300544739, throughput:2933
episode:78/250, real avg travel time:326.29735165940326
step:3600/3600, q_loss:-2.7466014769204236e-05, rewards:-1.928101658821106, queue:1.308506965637207, delay:0.07188855111598969, throughput:2931
episode:79/250, real avg travel time:325.82601407978547
step:3600/3600, q_loss:-3.783150481198121e-05, rewards:-1.8754167556762695, queue:1.2734375, delay:0.07019570469856262, throughput:2934
episode:80/250, real avg travel time:324.8005363727791
Test step:80/250, travel time :322.6084478712705, rewards:-1.7764812707901, queue:1.208680510520935, delay:0.07102999836206436, throughput:2931
New best TEST travel time 322.6084 at episode 80, saved as best checkpoint
step:3600/3600, q_loss:-2.8091466649331982e-05, rewards:-1.8684723377227783, queue:1.265451431274414, delay:0.0699097290635109, throughput:2929
episode:81/250, real avg travel time:324.66409654710026
step:3600/3600, q_loss:-4.128775261859927e-05, rewards:-1.836828589439392, queue:1.2458332777023315, delay:0.06896405667066574, throughput:2931
episode:82/250, real avg travel time:323.9872611464968
step:3600/3600, q_loss:-3.11987348444139e-05, rewards:-1.8338656425476074, queue:1.2425347566604614, delay:0.06801941990852356, throughput:2930
episode:83/250, real avg travel time:324.34495474354674
step:3600/3600, q_loss:-3.237425235393285e-05, rewards:-1.836875081062317, queue:1.246180534362793, delay:0.06864605844020844, throughput:2931
episode:84/250, real avg travel time:324.1609118337244
step:3600/3600, q_loss:-3.729894912491242e-05, rewards:-1.8484721183776855, queue:1.2552083730697632, delay:0.07061788439750671, throughput:2933
episode:85/250, real avg travel time:324.447871270533
Test step:85/250, travel time :322.11800201139795, rewards:-1.7439582347869873, queue:1.1881943941116333, delay:0.06972334533929825, throughput:2931
New best TEST travel time 322.1180 at episode 85, saved as best checkpoint
step:3600/3600, q_loss:-3.908543817319528e-05, rewards:-1.7671064138412476, queue:1.1928819417953491, delay:0.06711101531982422, throughput:2930
episode:86/250, real avg travel time:323.1126382836071
step:3600/3600, q_loss:-3.346653786677591e-05, rewards:-1.84650456905365, queue:1.2567708492279053, delay:0.07089685648679733, throughput:2932
episode:87/250, real avg travel time:324.4515588333892
step:3600/3600, q_loss:-3.194623385314588e-05, rewards:-1.7581249475479126, queue:1.1875, delay:0.06734839081764221, throughput:2931
episode:88/250, real avg travel time:323.05665437479047
step:3600/3600, q_loss:-3.1720863706949685e-05, rewards:-1.7742129564285278, queue:1.1972222328186035, delay:0.06680790334939957, throughput:2932
episode:89/250, real avg travel time:323.53201475025145
step:3600/3600, q_loss:-2.901940789780821e-05, rewards:-1.7321062088012695, queue:1.170312523841858, delay:0.06538494676351547, throughput:2929
episode:90/250, real avg travel time:322.82299698290313
Test step:90/250, travel time :320.3546765001676, rewards:-1.599652647972107, queue:1.079687476158142, delay:0.06323157995939255, throughput:2931
New best TEST travel time 320.3547 at episode 90, saved as best checkpoint
step:3600/3600, q_loss:-2.9720119373114018e-05, rewards:-1.7380322217941284, queue:1.1760417222976685, delay:0.06667930632829666, throughput:2931
episode:91/250, real avg travel time:322.83405967147166
step:3600/3600, q_loss:-3.142259320830581e-05, rewards:-1.789652705192566, queue:1.210763931274414, delay:0.06845364719629288, throughput:2932
episode:92/250, real avg travel time:323.39859202145493
step:3600/3600, q_loss:-3.972925457034122e-05, rewards:-1.836458683013916, queue:1.2470486164093018, delay:0.07013300061225891, throughput:2931
episode:93/250, real avg travel time:324.0985584981562
step:3600/3600, q_loss:-3.542069699270306e-05, rewards:-1.7131942510604858, queue:1.1574652194976807, delay:0.06494180858135223, throughput:2930
episode:94/250, real avg travel time:322.3335568219913
step:3600/3600, q_loss:-3.2906414923706545e-05, rewards:-1.787384033203125, queue:1.2102431058883667, delay:0.06817375123500824, throughput:2931
episode:95/250, real avg travel time:323.79249078109285
Test step:95/250, travel time :319.615487763996, rewards:-1.5522223711013794, queue:1.040624976158142, delay:0.06211617961525917, throughput:2932
New best TEST travel time 319.6155 at episode 95, saved as best checkpoint
step:3600/3600, q_loss:-4.803544283344376e-05, rewards:-1.7437961101531982, queue:1.1708333492279053, delay:0.06543263047933578, throughput:2932
episode:96/250, real avg travel time:322.96681193429436
step:3600/3600, q_loss:-3.482358103307585e-05, rewards:-1.7014580965042114, queue:1.1418402194976807, delay:0.06477539241313934, throughput:2932
episode:97/250, real avg travel time:322.3328863560174
step:3600/3600, q_loss:-2.6745189852253705e-05, rewards:-1.74849534034729, queue:1.1802083253860474, delay:0.06637241691350937, throughput:2933
episode:98/250, real avg travel time:322.9175326852162
step:3600/3600, q_loss:-3.4813346832783685e-05, rewards:-1.7131710052490234, queue:1.1498264074325562, delay:0.06447654962539673, throughput:2932
episode:99/250, real avg travel time:322.5330204492122
step:3600/3600, q_loss:-3.5156000026122286e-05, rewards:-1.6978241205215454, queue:1.1418402194976807, delay:0.06535117328166962, throughput:2932
episode:100/250, real avg travel time:321.99396580623534
Test step:100/250, travel time :319.8950720750922, rewards:-1.5677313804626465, queue:1.0552083253860474, delay:0.06290090829133987, throughput:2932
step:3600/3600, q_loss:-2.809913130477071e-05, rewards:-1.7167590856552124, queue:1.1609375476837158, delay:0.06559345126152039, throughput:2932
episode:101/250, real avg travel time:322.1937646664432
step:3600/3600, q_loss:-4.0623349896459666e-05, rewards:-1.6590508222579956, queue:1.1142361164093018, delay:0.06287815421819687, throughput:2931
episode:102/250, real avg travel time:321.624539054643
step:3600/3600, q_loss:-3.011118172219506e-05, rewards:-1.6409491300582886, queue:1.1012152433395386, delay:0.0639721155166626, throughput:2932
episode:103/250, real avg travel time:321.2809252430439
step:3600/3600, q_loss:-2.954496907208253e-05, rewards:-1.6327314376831055, queue:1.1015625, delay:0.06368228048086166, throughput:2930
episode:104/250, real avg travel time:321.1300703989273
step:3600/3600, q_loss:-2.2177049605589775e-05, rewards:-1.6099766492843628, queue:1.0784722566604614, delay:0.06284967809915543, throughput:2934
episode:105/250, real avg travel time:320.77539389875966
Test step:105/250, travel time :318.1136439825679, rewards:-1.4624767303466797, queue:0.9814236164093018, delay:0.06029635667800903, throughput:2932
New best TEST travel time 318.1136 at episode 105, saved as best checkpoint
step:3600/3600, q_loss:-3.734074459687151e-05, rewards:-1.6149998903274536, queue:1.0894097089767456, delay:0.0630689337849617, throughput:2931
episode:106/250, real avg travel time:320.77539389875966
step:3600/3600, q_loss:-3.1688354728329513e-05, rewards:-1.6709258556365967, queue:1.1276041269302368, delay:0.06482410430908203, throughput:2932
episode:107/250, real avg travel time:321.6647670130741
step:3600/3600, q_loss:-3.306605169739299e-05, rewards:-1.5951619148254395, queue:1.070138931274414, delay:0.06306055933237076, throughput:2931
episode:108/250, real avg travel time:320.48809922896413
step:3600/3600, q_loss:-3.490693019961731e-05, rewards:-1.5868518352508545, queue:1.0600694417953491, delay:0.06240740790963173, throughput:2932
episode:109/250, real avg travel time:320.30606771706334
step:3600/3600, q_loss:-3.135000200321277e-05, rewards:-1.660717487335205, queue:1.1104166507720947, delay:0.06343954801559448, throughput:2932
episode:110/250, real avg travel time:321.5682199128394
Test step:110/250, travel time :317.8796513576936, rewards:-1.4361110925674438, queue:0.9631944298744202, delay:0.057926733046770096, throughput:2932
New best TEST travel time 317.8797 at episode 110, saved as best checkpoint
step:3600/3600, q_loss:-1.9124094008778533e-05, rewards:-1.5959722995758057, queue:1.0770833492279053, delay:0.0610773041844368, throughput:2931
episode:111/250, real avg travel time:320.5856520281596
step:3600/3600, q_loss:-2.4394140820260404e-05, rewards:-1.5806711912155151, queue:1.0593750476837158, delay:0.06120683252811432, throughput:2932
episode:112/250, real avg travel time:320.4549111632585
step:3600/3600, q_loss:-4.2343172848362614e-05, rewards:-1.6247221231460571, queue:1.0895832777023315, delay:0.06253564357757568, throughput:2932
episode:113/250, real avg travel time:321.09889373114316
step:3600/3600, q_loss:-2.738510806078988e-05, rewards:-1.5466203689575195, queue:1.0411458015441895, delay:0.060044728219509125, throughput:2933
episode:114/250, real avg travel time:319.9420046932618
step:3600/3600, q_loss:-2.6582357693567044e-05, rewards:-1.529259443283081, queue:1.0220485925674438, delay:0.05938538536429405, throughput:2930
episode:115/250, real avg travel time:319.6882333221589
Test step:115/250, travel time :318.2001340931948, rewards:-1.446134328842163, queue:0.9638888835906982, delay:0.05886486917734146, throughput:2933
step:3600/3600, q_loss:-3.0093556226886536e-05, rewards:-1.5448147058486938, queue:1.0331597328186035, delay:0.059409141540527344, throughput:2931
episode:116/250, real avg travel time:319.98625544753605
step:3600/3600, q_loss:-3.553911616715292e-05, rewards:-1.5569441318511963, queue:1.0414930582046509, delay:0.06015230342745781, throughput:2932
episode:117/250, real avg travel time:320.0945357023131
step:3600/3600, q_loss:-2.878677936408807e-05, rewards:-1.5326389074325562, queue:1.0277777910232544, delay:0.05876091867685318, throughput:2930
episode:118/250, real avg travel time:319.71102916526985
step:3600/3600, q_loss:-2.974594826810062e-05, rewards:-1.5238423347473145, queue:1.015625, delay:0.057654622942209244, throughput:2933
episode:119/250, real avg travel time:319.7204156889038
step:3600/3600, q_loss:-3.9613777900942495e-05, rewards:-1.532083511352539, queue:1.0128471851348877, delay:0.05941895768046379, throughput:2930
episode:120/250, real avg travel time:319.87395239691585
Test step:120/250, travel time :317.9296010727456, rewards:-1.4123146533966064, queue:0.9385416507720947, delay:0.055502042174339294, throughput:2933
step:3600/3600, q_loss:-3.5506284459390574e-05, rewards:-1.5606015920639038, queue:1.0418403148651123, delay:0.05940527468919754, throughput:2931
episode:121/250, real avg travel time:320.2520952061683
step:3600/3600, q_loss:-2.902990909879682e-05, rewards:-1.5730326175689697, queue:1.0534722805023193, delay:0.05996740609407425, throughput:2932
episode:122/250, real avg travel time:320.4475360375461
step:3600/3600, q_loss:-2.837770195953824e-05, rewards:-1.526111125946045, queue:1.0206596851348877, delay:0.05858030915260315, throughput:2931
episode:123/250, real avg travel time:319.55045256453235
step:3600/3600, q_loss:-2.7734170133178988e-05, rewards:-1.4802775382995605, queue:0.9859374761581421, delay:0.05644873157143593, throughput:2930
episode:124/250, real avg travel time:319.0600067046597
step:3600/3600, q_loss:-2.2012831565613547e-05, rewards:-1.4641201496124268, queue:0.972743034362793, delay:0.05528727546334267, throughput:2931
episode:125/250, real avg travel time:318.6577271203486
Test step:125/250, travel time :317.3506537043245, rewards:-1.3705092668533325, queue:0.9081597328186035, delay:0.05320526659488678, throughput:2931
New best TEST travel time 317.3507 at episode 125, saved as best checkpoint
step:3600/3600, q_loss:-4.304756638938906e-05, rewards:-1.5568749904632568, queue:1.0418403148651123, delay:0.05754933878779411, throughput:2930
episode:126/250, real avg travel time:320.41870600067045
step:3600/3600, q_loss:-3.896906747724171e-05, rewards:-1.5074076652526855, queue:1.0046875476837158, delay:0.05623108521103859, throughput:2928
episode:127/250, real avg travel time:319.5125712370097
step:3600/3600, q_loss:-3.8893508328193864e-05, rewards:-1.545694351196289, queue:1.0288194417953491, delay:0.05746915191411972, throughput:2930
episode:128/250, real avg travel time:320.221924237345
step:3600/3600, q_loss:-3.043412245999746e-05, rewards:-1.5081480741500854, queue:0.9979166388511658, delay:0.05713370814919472, throughput:2930
episode:129/250, real avg travel time:319.4877639959772
step:3600/3600, q_loss:-1.7403840320184828e-05, rewards:-1.4974538087844849, queue:0.9979166388511658, delay:0.05743519589304924, throughput:2932
episode:130/250, real avg travel time:319.30975527991956
Test step:130/250, travel time :317.18471337579615, rewards:-1.3786343336105347, queue:0.9133680462837219, delay:0.05400412902235985, throughput:2932
New best TEST travel time 317.1847 at episode 130, saved as best checkpoint
step:3600/3600, q_loss:-2.0346368438805694e-05, rewards:-1.4941202402114868, queue:0.996006965637207, delay:0.05716700106859207, throughput:2932
episode:131/250, real avg travel time:319.1280590010057
step:3600/3600, q_loss:-2.8270764138411593e-05, rewards:-1.5324534177780151, queue:1.0267361402511597, delay:0.05878588184714317, throughput:2931
episode:132/250, real avg travel time:319.6855514582635
step:3600/3600, q_loss:-2.852892503142357e-05, rewards:-1.5265278816223145, queue:1.0210069417953491, delay:0.05732187628746033, throughput:2932
episode:133/250, real avg travel time:319.8112638283607
step:3600/3600, q_loss:-2.616670573371704e-05, rewards:-1.4997916221618652, queue:0.9986110925674438, delay:0.0578400194644928, throughput:2932
episode:134/250, real avg travel time:319.1833724438485
step:3600/3600, q_loss:-2.771766136262428e-05, rewards:-1.4608795642852783, queue:0.9708333611488342, delay:0.05742824822664261, throughput:2931
episode:135/250, real avg travel time:318.4579282601408
Test step:135/250, travel time :316.1511900771036, rewards:-1.310115933418274, queue:0.8663194179534912, delay:0.05215320736169815, throughput:2933
New best TEST travel time 316.1512 at episode 135, saved as best checkpoint
step:3600/3600, q_loss:-2.8139275834999152e-05, rewards:-1.4862267971038818, queue:0.9838541746139526, delay:0.05806693062186241, throughput:2932
episode:136/250, real avg travel time:319.1578947368421
step:3600/3600, q_loss:-2.0136770197293826e-05, rewards:-1.5174075365066528, queue:1.0112847089767456, delay:0.05749082565307617, throughput:2932
episode:137/250, real avg travel time:319.5940328528327
step:3600/3600, q_loss:-3.102911448675311e-05, rewards:-1.4895368814468384, queue:0.9923611283302307, delay:0.05689027160406113, throughput:2932
episode:138/250, real avg travel time:319.12872946697956
step:3600/3600, q_loss:-3.263575037837856e-05, rewards:-1.4878933429718018, queue:0.9918403029441833, delay:0.05591600388288498, throughput:2933
episode:139/250, real avg travel time:319.2303050620181
step:3600/3600, q_loss:-2.6062248960240846e-05, rewards:-1.4670366048812866, queue:0.9802083373069763, delay:0.055757857859134674, throughput:2932
episode:140/250, real avg travel time:318.73382500838085
Test step:140/250, travel time :317.0, rewards:-1.3704164028167725, queue:0.909375011920929, delay:0.05361074209213257, throughput:2934
step:3600/3600, q_loss:-2.797110484809511e-05, rewards:-1.4551852941513062, queue:0.9663194417953491, delay:0.05529896542429924, throughput:2933
episode:141/250, real avg travel time:318.43110962118675
step:3600/3600, q_loss:-3.155375608777696e-05, rewards:-1.4664815664291382, queue:0.972569465637207, delay:0.05515572801232338, throughput:2931
episode:142/250, real avg travel time:318.66141468320484
step:3600/3600, q_loss:-3.150924005442196e-05, rewards:-1.5088887214660645, queue:1.0059027671813965, delay:0.055915508419275284, throughput:2931
episode:143/250, real avg travel time:319.6976198457928
step:3600/3600, q_loss:-2.2907455611318624e-05, rewards:-1.454629898071289, queue:0.965624988079071, delay:0.05489731952548027, throughput:2933
episode:144/250, real avg travel time:318.5668789808917
step:3600/3600, q_loss:-2.3901275967040825e-05, rewards:-1.4041895866394043, queue:0.9298611283302307, delay:0.05409788712859154, throughput:2931
episode:145/250, real avg travel time:317.9054642976869
Test step:145/250, travel time :316.6580623533356, rewards:-1.3523147106170654, queue:0.8947916626930237, delay:0.05317702144384384, throughput:2933
step:3600/3600, q_loss:-2.0922570709242587e-05, rewards:-1.4908101558685303, queue:0.9904513955116272, delay:0.056952327489852905, throughput:2932
episode:146/250, real avg travel time:319.0533020449212
step:3600/3600, q_loss:-1.112647436524707e-05, rewards:-1.4710415601730347, queue:0.9779514074325562, delay:0.05577932298183441, throughput:2933
episode:147/250, real avg travel time:318.7686892390211
step:3600/3600, q_loss:-2.1983066269765713e-05, rewards:-1.4828472137451172, queue:0.9904513955116272, delay:0.056181758642196655, throughput:2933
episode:148/250, real avg travel time:318.9376466644318
step:3600/3600, q_loss:-3.4649680472082564e-05, rewards:-1.4341202974319458, queue:0.9564236402511597, delay:0.05388808622956276, throughput:2933
episode:149/250, real avg travel time:318.2725444183708
step:3600/3600, q_loss:-3.2965620522628784e-05, rewards:-1.4979397058486938, queue:0.9980902671813965, delay:0.056165821850299835, throughput:2932
episode:150/250, real avg travel time:319.2447200804559
Test step:150/250, travel time :316.8293664096547, rewards:-1.3649770021438599, queue:0.9067708253860474, delay:0.053470712155103683, throughput:2931
step:3600/3600, q_loss:-2.5171820393384056e-05, rewards:-1.4229395389556885, queue:0.9456596970558167, delay:0.05347331985831261, throughput:2933
episode:151/250, real avg travel time:318.14917867918206
step:3600/3600, q_loss:-2.644317724776489e-05, rewards:-1.4080090522766113, queue:0.9321180582046509, delay:0.053048815578222275, throughput:2932
episode:152/250, real avg travel time:317.66309084813946
step:3600/3600, q_loss:-2.2958828830505137e-05, rewards:-1.4273148775100708, queue:0.9496527910232544, delay:0.05484524741768837, throughput:2932
episode:153/250, real avg travel time:318.02614817298024
step:3600/3600, q_loss:-3.0819621881366604e-05, rewards:-1.43465256690979, queue:0.957118034362793, delay:0.05503462627530098, throughput:2932
episode:154/250, real avg travel time:318.14716728126047
step:3600/3600, q_loss:-2.792228619067895e-05, rewards:-1.4360415935516357, queue:0.9526041746139526, delay:0.05442585423588753, throughput:2931
episode:155/250, real avg travel time:318.0895072075092
Test step:155/250, travel time :316.5769359704995, rewards:-1.3336573839187622, queue:0.8855902552604675, delay:0.0520796924829483, throughput:2932
step:3600/3600, q_loss:-3.188655440074702e-05, rewards:-1.4678469896316528, queue:0.9817708134651184, delay:0.05513298138976097, throughput:2933
episode:156/250, real avg travel time:318.69393228293666
step:3600/3600, q_loss:-2.3807612510777457e-05, rewards:-1.4025691747665405, queue:0.9293403029441833, delay:0.0530581995844841, throughput:2932
episode:157/250, real avg travel time:317.71203486423065
step:3600/3600, q_loss:-1.931974952135028e-05, rewards:-1.3885183334350586, queue:0.9232639074325562, delay:0.0534115806221962, throughput:2933
episode:158/250, real avg travel time:317.3721086154878
step:3600/3600, q_loss:-2.513303792242099e-05, rewards:-1.4238426685333252, queue:0.9446180462837219, delay:0.05366697162389755, throughput:2933
episode:159/250, real avg travel time:318.17499161917533
step:3600/3600, q_loss:-2.165477630182135e-05, rewards:-1.4253472089767456, queue:0.9519097208976746, delay:0.05423501506447792, throughput:2931
episode:160/250, real avg travel time:318.040563191418
Test step:160/250, travel time :316.37981897418706, rewards:-1.3526852130889893, queue:0.8989583253860474, delay:0.05305245891213417, throughput:2932
step:3600/3600, q_loss:-2.0943166951096996e-05, rewards:-1.4250925779342651, queue:0.948437511920929, delay:0.05341397225856781, throughput:2931
episode:161/250, real avg travel time:318.01877304726787
step:3600/3600, q_loss:-2.7524802889847366e-05, rewards:-1.382962942123413, queue:0.9217013716697693, delay:0.053253185003995895, throughput:2931
episode:162/250, real avg travel time:317.2212537713711
step:3600/3600, q_loss:-3.714819128314654e-05, rewards:-1.411087989807129, queue:0.9434027671813965, delay:0.054521117359399796, throughput:2931
episode:163/250, real avg travel time:317.58062353335566
step:3600/3600, q_loss:-2.3465884172495595e-05, rewards:-1.3731942176818848, queue:0.9123263955116272, delay:0.05356750637292862, throughput:2932
episode:164/250, real avg travel time:317.04358028830035
step:3600/3600, q_loss:-2.7297357532747643e-05, rewards:-1.4068052768707275, queue:0.9385416507720947, delay:0.05408091098070145, throughput:2932
episode:165/250, real avg travel time:317.54307743882
Test step:165/250, travel time :315.8652363392558, rewards:-1.3149075508117676, queue:0.8784722089767456, delay:0.05240774154663086, throughput:2935
New best TEST travel time 315.8652 at episode 165, saved as best checkpoint
step:3600/3600, q_loss:-9.412292598022355e-06, rewards:-1.3795831203460693, queue:0.9206597208976746, delay:0.05416686087846756, throughput:2933
episode:166/250, real avg travel time:317.16761649346296
step:3600/3600, q_loss:-2.7339989578144417e-05, rewards:-1.3963192701339722, queue:0.9293403029441833, delay:0.05451605096459389, throughput:2931
episode:167/250, real avg travel time:317.4445189406638
step:3600/3600, q_loss:-2.460358244004763e-05, rewards:-1.3668749332427979, queue:0.9092013835906982, delay:0.05307246372103691, throughput:2932
episode:168/250, real avg travel time:316.94770365403957
step:3600/3600, q_loss:-2.2749779465677284e-05, rewards:-1.355300784111023, queue:0.8961805701255798, delay:0.05150381848216057, throughput:2933
episode:169/250, real avg travel time:316.8813275226282
step:3600/3600, q_loss:-3.400060285693379e-05, rewards:-1.3570599555969238, queue:0.9005208611488342, delay:0.052516087889671326, throughput:2934
episode:170/250, real avg travel time:317.0750921890714
Test step:170/250, travel time :316.13878645658735, rewards:-1.3034026622772217, queue:0.8673611283302307, delay:0.051294151693582535, throughput:2933
step:3600/3600, q_loss:-3.096878709685471e-05, rewards:-1.4359720945358276, queue:0.9574652910232544, delay:0.05446289852261543, throughput:2933
episode:171/250, real avg travel time:318.11196781763323
step:3600/3600, q_loss:-2.181836203413291e-05, rewards:-1.3790045976638794, queue:0.9173611402511597, delay:0.05394025892019272, throughput:2932
episode:172/250, real avg travel time:317.2738853503185
step:3600/3600, q_loss:-3.251164226741013e-05, rewards:-1.3689353466033936, queue:0.9067708253860474, delay:0.05276065319776535, throughput:2932
episode:173/250, real avg travel time:317.08716057660075
step:3600/3600, q_loss:-2.5543438904504808e-05, rewards:-1.3640971183776855, queue:0.9045138955116272, delay:0.0528862327337265, throughput:2932
episode:174/250, real avg travel time:317.24874287629905
step:3600/3600, q_loss:-2.7178249567643637e-05, rewards:-1.3989118337631226, queue:0.9289930462837219, delay:0.05398911237716675, throughput:2931
episode:175/250, real avg travel time:317.583640630238
Test step:175/250, travel time :316.04860878310427, rewards:-1.2994444370269775, queue:0.859375, delay:0.05016069486737251, throughput:2931
step:3600/3600, q_loss:-3.0157362710236123e-05, rewards:-1.3640742301940918, queue:0.902256965637207, delay:0.05155365169048309, throughput:2933
episode:176/250, real avg travel time:317.1589004358029
step:3600/3600, q_loss:-3.2620804160143493e-05, rewards:-1.3712964057922363, queue:0.9104166626930237, delay:0.05172449350357056, throughput:2929
episode:177/250, real avg travel time:317.43043915521287
step:3600/3600, q_loss:-3.3798319485935344e-05, rewards:-1.357060194015503, queue:0.8918402791023254, delay:0.05064297839999199, throughput:2932
episode:178/250, real avg travel time:317.1485082132082
step:3600/3600, q_loss:-2.147435551267807e-05, rewards:-1.3884025812149048, queue:0.918055534362793, delay:0.052865516394376755, throughput:2933
episode:179/250, real avg travel time:317.334897753939
step:3600/3600, q_loss:-3.417213091678503e-05, rewards:-1.407014012336731, queue:0.9348958134651184, delay:0.05343547463417053, throughput:2934
episode:180/250, real avg travel time:317.60241367750587
Test step:180/250, travel time :315.40965471002346, rewards:-1.2877311706542969, queue:0.8543402552604675, delay:0.05006419122219086, throughput:2932
New best TEST travel time 315.4097 at episode 180, saved as best checkpoint
step:3600/3600, q_loss:-2.5049459374578738e-05, rewards:-1.3558562994003296, queue:0.8999999761581421, delay:0.05206460878252983, throughput:2932
episode:181/250, real avg travel time:316.72008045591684
step:3600/3600, q_loss:-2.0912396441282775e-05, rewards:-1.4147683382034302, queue:0.9362847208976746, delay:0.053443051874637604, throughput:2934
episode:182/250, real avg travel time:317.84042909822324
step:3600/3600, q_loss:-3.127061074202949e-05, rewards:-1.3686109781265259, queue:0.9090277552604675, delay:0.05210515111684799, throughput:2933
episode:183/250, real avg travel time:317.08213208179683
step:3600/3600, q_loss:-2.2615284520994733e-05, rewards:-1.3620136976242065, queue:0.9048610925674438, delay:0.052644092589616776, throughput:2932
episode:184/250, real avg travel time:316.82232651692925
step:3600/3600, q_loss:-3.114821544537942e-05, rewards:-1.379745364189148, queue:0.9192708134651184, delay:0.05224665626883507, throughput:2930
episode:185/250, real avg travel time:317.12504190412335
Test step:185/250, travel time :315.371102916527, rewards:-1.2642823457717896, queue:0.8368055820465088, delay:0.04927834868431091, throughput:2932
New best TEST travel time 315.3711 at episode 185, saved as best checkpoint
step:3600/3600, q_loss:-3.6291515937557924e-05, rewards:-1.3370602130889893, queue:0.8847222328186035, delay:0.0507744699716568, throughput:2931
episode:186/250, real avg travel time:316.5665437479048
step:3600/3600, q_loss:-2.889544293456883e-05, rewards:-1.3829165697097778, queue:0.9161458611488342, delay:0.05189558118581772, throughput:2932
episode:187/250, real avg travel time:317.3714381495139
step:3600/3600, q_loss:-2.7727556287707695e-05, rewards:-1.3863656520843506, queue:0.9206597208976746, delay:0.05226663500070572, throughput:2932
episode:188/250, real avg travel time:317.35132417029837
step:3600/3600, q_loss:-2.872336944737644e-05, rewards:-1.4100925922393799, queue:0.9364583492279053, delay:0.05202488973736763, throughput:2933
episode:189/250, real avg travel time:318.0325175997318
step:3600/3600, q_loss:-2.0781209093035647e-05, rewards:-1.3888193368911743, queue:0.9246527552604675, delay:0.05228842794895172, throughput:2931
episode:190/250, real avg travel time:317.63291987931615
Test step:190/250, travel time :315.32148843446197, rewards:-1.2574074268341064, queue:0.8289930820465088, delay:0.048846304416656494, throughput:2933
New best TEST travel time 315.3215 at episode 190, saved as best checkpoint
step:3600/3600, q_loss:-2.2878687013871966e-05, rewards:-1.4315738677978516, queue:0.9475694298744202, delay:0.05378153175115585, throughput:2933
episode:191/250, real avg travel time:318.3412671806906
step:3600/3600, q_loss:-2.653076996837087e-05, rewards:-1.4259952306747437, queue:0.953125, delay:0.05323296785354614, throughput:2931
episode:192/250, real avg travel time:317.8967482400268
step:3600/3600, q_loss:-3.4611160043385565e-05, rewards:-1.3597683906555176, queue:0.9020833373069763, delay:0.05176122859120369, throughput:2931
episode:193/250, real avg travel time:316.9466979550788
step:3600/3600, q_loss:-3.0137115390971304e-05, rewards:-1.353564977645874, queue:0.8967013955116272, delay:0.05156111344695091, throughput:2932
episode:194/250, real avg travel time:316.900435802883
step:3600/3600, q_loss:-1.9409278886289232e-05, rewards:-1.3373610973358154, queue:0.8881944417953491, delay:0.051499877125024796, throughput:2932
episode:195/250, real avg travel time:316.4337914850821
Test step:195/250, travel time :314.8628897083473, rewards:-1.225324034690857, queue:0.8088541626930237, delay:0.04821587726473808, throughput:2932
New best TEST travel time 314.8629 at episode 195, saved as best checkpoint
step:3600/3600, q_loss:-3.034030777160768e-05, rewards:-1.3430092334747314, queue:0.8888888955116272, delay:0.05158776044845581, throughput:2933
episode:196/250, real avg travel time:316.52966811934294
step:3600/3600, q_loss:-2.5887767508350038e-05, rewards:-1.3297686576843262, queue:0.879687488079071, delay:0.05104638263583183, throughput:2934
episode:197/250, real avg travel time:316.5243043915521
step:3600/3600, q_loss:-2.8416027931530997e-05, rewards:-1.3150461912155151, queue:0.8684027791023254, delay:0.050762876868247986, throughput:2934
episode:198/250, real avg travel time:316.20918538384177
step:3600/3600, q_loss:-1.84444302080751e-05, rewards:-1.3396525382995605, queue:0.8871527910232544, delay:0.05119265615940094, throughput:2934
episode:199/250, real avg travel time:316.51290646999666
step:3600/3600, q_loss:-2.3345469984363904e-05, rewards:-1.3118751049041748, queue:0.8668403029441833, delay:0.05056832730770111, throughput:2934
episode:200/250, real avg travel time:316.1116325846463
Test step:200/250, travel time :314.9249078109286, rewards:-1.2377545833587646, queue:0.8145833611488342, delay:0.04861241579055786, throughput:2931
step:3600/3600, q_loss:-3.0148372213632142e-05, rewards:-1.3694674968719482, queue:0.9065971970558167, delay:0.05113276466727257, throughput:2931
episode:201/250, real avg travel time:317.2031511900771
step:3600/3600, q_loss:-2.697104527787478e-05, rewards:-1.314513921737671, queue:0.8682291507720947, delay:0.05058969557285309, throughput:2933
episode:202/250, real avg travel time:316.1317465638619
step:3600/3600, q_loss:-2.229831847620921e-05, rewards:-1.2949998378753662, queue:0.8592013716697693, delay:0.04919351637363434, throughput:2933
episode:203/250, real avg travel time:315.9973181361046
step:3600/3600, q_loss:-1.220372958212263e-05, rewards:-1.336342453956604, queue:0.886805534362793, delay:0.05136628821492195, throughput:2934
episode:204/250, real avg travel time:316.64364733489776
step:3600/3600, q_loss:-2.4871285724522614e-05, rewards:-1.331018328666687, queue:0.8817708492279053, delay:0.05084934085607529, throughput:2931
episode:205/250, real avg travel time:316.5668789808917
Test step:205/250, travel time :315.619845792826, rewards:-1.2891665697097778, queue:0.8532986044883728, delay:0.05053478851914406, throughput:2933
step:3600/3600, q_loss:-2.4728273921128775e-05, rewards:-1.3785184621810913, queue:0.9140625, delay:0.052116382867097855, throughput:2932
episode:206/250, real avg travel time:317.10291652698623
step:3600/3600, q_loss:-2.682525492100804e-05, rewards:-1.345717430114746, queue:0.8895833492279053, delay:0.05091356858611107, throughput:2934
episode:207/250, real avg travel time:316.88333892054976
step:3600/3600, q_loss:-2.2906891320383658e-05, rewards:-1.302754521369934, queue:0.8592013716697693, delay:0.04909408465027809, throughput:2933
episode:208/250, real avg travel time:316.1424740194435
step:3600/3600, q_loss:-2.3717865567757853e-05, rewards:-1.3188658952713013, queue:0.8767361044883728, delay:0.05096885934472084, throughput:2933
episode:209/250, real avg travel time:316.21924237344956
step:3600/3600, q_loss:-2.7672728605533913e-05, rewards:-1.3427083492279053, queue:0.8885416388511658, delay:0.051423463970422745, throughput:2932
episode:210/250, real avg travel time:316.6252095206168
Test step:210/250, travel time :315.1019108280255, rewards:-1.2507870197296143, queue:0.8302083611488342, delay:0.04794348031282425, throughput:2933
step:3600/3600, q_loss:-1.615072488439856e-05, rewards:-1.2970370054244995, queue:0.8635416626930237, delay:0.050628263503313065, throughput:2933
episode:211/250, real avg travel time:316.00201139792154
step:3600/3600, q_loss:-2.8798677764522532e-05, rewards:-1.3049074411392212, queue:0.8642361164093018, delay:0.05092448741197586, throughput:2931
episode:212/250, real avg travel time:315.9071404626215
step:3600/3600, q_loss:-1.9270891142595145e-05, rewards:-1.3320136070251465, queue:0.8873263597488403, delay:0.05307728797197342, throughput:2931
episode:213/250, real avg travel time:316.3419376466644
step:3600/3600, q_loss:-1.976446408123054e-05, rewards:-1.3076387643814087, queue:0.8652777671813965, delay:0.05100613087415695, throughput:2933
episode:214/250, real avg travel time:316.08481394569225
step:3600/3600, q_loss:-1.6533403929012518e-05, rewards:-1.3127083778381348, queue:0.8730902671813965, delay:0.05150476098060608, throughput:2932
episode:215/250, real avg travel time:316.16627556151525
Test step:215/250, travel time :314.85584981562187, rewards:-1.2234489917755127, queue:0.8116319179534912, delay:0.04744335636496544, throughput:2932
New best TEST travel time 314.8558 at episode 215, saved as best checkpoint
step:3600/3600, q_loss:-2.5218251458783115e-05, rewards:-1.289976716041565, queue:0.8524305820465088, delay:0.049484480172395706, throughput:2931
episode:216/250, real avg travel time:315.93328863560174
step:3600/3600, q_loss:-1.6115317703224718e-05, rewards:-1.291620135307312, queue:0.8564236164093018, delay:0.04907171428203583, throughput:2932
episode:217/250, real avg travel time:316.02748910492795
step:3600/3600, q_loss:-2.6008941198664683e-05, rewards:-1.3241204023361206, queue:0.8784722089767456, delay:0.05061357840895653, throughput:2933
episode:218/250, real avg travel time:316.53134428427757
step:3600/3600, q_loss:-1.6166604796631468e-05, rewards:-1.2856942415237427, queue:0.8494791388511658, delay:0.049449604004621506, throughput:2932
episode:219/250, real avg travel time:315.9383171304056
step:3600/3600, q_loss:-2.323677989705983e-05, rewards:-1.2945833206176758, queue:0.8581597208976746, delay:0.04969833791255951, throughput:2933
episode:220/250, real avg travel time:316.0911833724438
Test step:220/250, travel time :314.6671136439826, rewards:-1.219074010848999, queue:0.8026041388511658, delay:0.04744182154536247, throughput:2932
New best TEST travel time 314.6671 at episode 220, saved as best checkpoint
step:3600/3600, q_loss:-2.3531080741021367e-05, rewards:-1.2952313423156738, queue:0.8550347089767456, delay:0.050417233258485794, throughput:2932
episode:221/250, real avg travel time:315.93395910157557
step:3600/3600, q_loss:-2.3902626492565978e-05, rewards:-1.265115737915039, queue:0.8317708373069763, delay:0.0486903190612793, throughput:2932
episode:222/250, real avg travel time:315.7090177673483
step:3600/3600, q_loss:-2.303445351706749e-05, rewards:-1.2896990776062012, queue:0.8552083373069763, delay:0.04964412748813629, throughput:2932
episode:223/250, real avg travel time:315.9118337244385
step:3600/3600, q_loss:-2.011585284317671e-05, rewards:-1.293564796447754, queue:0.8508680462837219, delay:0.050193727016448975, throughput:2933
episode:224/250, real avg travel time:315.81361045926917
step:3600/3600, q_loss:-2.473362104932743e-05, rewards:-1.3174073696136475, queue:0.8760416507720947, delay:0.05081085115671158, throughput:2932
episode:225/250, real avg travel time:316.33959101575596
Test step:225/250, travel time :315.36942675159236, rewards:-1.2532637119293213, queue:0.8279513716697693, delay:0.04834374412894249, throughput:2934
step:3600/3600, q_loss:-2.3574784561922707e-05, rewards:-1.2594444751739502, queue:0.8307291865348816, delay:0.04910389706492424, throughput:2933
episode:226/250, real avg travel time:315.2836071069393
step:3600/3600, q_loss:-2.1209715999214463e-05, rewards:-1.2546063661575317, queue:0.8288194537162781, delay:0.04867599159479141, throughput:2932
episode:227/250, real avg travel time:315.32651692926584
step:3600/3600, q_loss:-2.2321807099851194e-05, rewards:-1.2568055391311646, queue:0.8295139074325562, delay:0.04853995516896248, throughput:2933
episode:228/250, real avg travel time:315.40965471002346
step:3600/3600, q_loss:-2.01535111517404e-05, rewards:-1.3175461292266846, queue:0.8755208253860474, delay:0.049990590661764145, throughput:2934
episode:229/250, real avg travel time:316.4260811263828
step:3600/3600, q_loss:-3.006132535153517e-05, rewards:-1.2832176685333252, queue:0.8467013835906982, delay:0.05078102648258209, throughput:2930
episode:230/250, real avg travel time:315.7633255112303
Test step:230/250, travel time :315.2618169627891, rewards:-1.2485878467559814, queue:0.8274305462837219, delay:0.04835117608308792, throughput:2933
step:3600/3600, q_loss:-1.3357135186972166e-05, rewards:-1.298587679862976, queue:0.8616319298744202, delay:0.049987632781267166, throughput:2931
episode:231/250, real avg travel time:316.00703989272546
step:3600/3600, q_loss:-1.9313113362942304e-05, rewards:-1.3027082681655884, queue:0.8649305701255798, delay:0.04996787756681442, throughput:2932
episode:232/250, real avg travel time:316.0167616493463
step:3600/3600, q_loss:-2.5414626213239023e-05, rewards:-1.295879602432251, queue:0.8630208373069763, delay:0.04933607950806618, throughput:2933
episode:233/250, real avg travel time:315.9601072745558
step:3600/3600, q_loss:-2.0328043050270664e-05, rewards:-1.3055553436279297, queue:0.863368034362793, delay:0.0500812754034996, throughput:2931
episode:234/250, real avg travel time:315.99564197116996
step:3600/3600, q_loss:-2.2266875775703398e-05, rewards:-1.281690001487732, queue:0.8526041507720947, delay:0.05019545927643776, throughput:2933
episode:235/250, real avg travel time:315.4579282601408
Test step:235/250, travel time :314.7572913174656, rewards:-1.2376389503479004, queue:0.8213541507720947, delay:0.049387115985155106, throughput:2932
step:3600/3600, q_loss:-2.5360616079221168e-05, rewards:-1.2912499904632568, queue:0.855381965637207, delay:0.04998781532049179, throughput:2932
episode:236/250, real avg travel time:315.65940328528325
step:3600/3600, q_loss:-2.8103356426409276e-05, rewards:-1.31032395362854, queue:0.8729166388511658, delay:0.051299311220645905, throughput:2931
episode:237/250, real avg travel time:315.88300368756285
step:3600/3600, q_loss:-1.4457634016354051e-05, rewards:-1.2753007411956787, queue:0.8496527671813965, delay:0.04949798062443733, throughput:2930
episode:238/250, real avg travel time:315.4844116661079
step:3600/3600, q_loss:-1.4190388200977059e-05, rewards:-1.3253008127212524, queue:0.8881944417953491, delay:0.05125320702791214, throughput:2931
episode:239/250, real avg travel time:316.3325511230305
step:3600/3600, q_loss:-2.8648299027096342e-05, rewards:-1.2769443988800049, queue:0.84375, delay:0.04847743362188339, throughput:2931
episode:240/250, real avg travel time:315.60878310425744
Test step:240/250, travel time :314.3533355682199, rewards:-1.2037960290908813, queue:0.7987847328186035, delay:0.04688836261630058, throughput:2933
New best TEST travel time 314.3533 at episode 240, saved as best checkpoint
step:3600/3600, q_loss:-2.0682533849375665e-05, rewards:-1.2954630851745605, queue:0.8557291626930237, delay:0.049612998962402344, throughput:2932
episode:241/250, real avg travel time:315.85417365068724
step:3600/3600, q_loss:-1.707393406562645e-05, rewards:-1.298518419265747, queue:0.8574652671813965, delay:0.04984578117728233, throughput:2930
episode:242/250, real avg travel time:316.0080455916862
step:3600/3600, q_loss:-2.7603147275469923e-05, rewards:-1.2492822408676147, queue:0.824131965637207, delay:0.04799511656165123, throughput:2931
episode:243/250, real avg travel time:315.2933288635602
step:3600/3600, q_loss:-2.1003909286163334e-05, rewards:-1.2619906663894653, queue:0.8329861164093018, delay:0.04877061769366264, throughput:2933
episode:244/250, real avg travel time:315.4528997653369
step:3600/3600, q_loss:-2.2824811943185826e-05, rewards:-1.2542823553085327, queue:0.8309027552604675, delay:0.04794306308031082, throughput:2932
episode:245/250, real avg travel time:315.32014750251426
Test step:245/250, travel time :314.8605430774388, rewards:-1.2324535846710205, queue:0.8121528029441833, delay:0.04723050817847252, throughput:2933
step:3600/3600, q_loss:-2.4526759106838314e-05, rewards:-1.2793055772781372, queue:0.8411458134651184, delay:0.04928666353225708, throughput:2933
episode:246/250, real avg travel time:315.76500167616496
step:3600/3600, q_loss:-2.7720976935665088e-05, rewards:-1.2830556631088257, queue:0.8510416746139526, delay:0.049896154552698135, throughput:2931
episode:247/250, real avg travel time:315.66074421723096
step:3600/3600, q_loss:-2.2585074206020822e-05, rewards:-1.2817362546920776, queue:0.8487847447395325, delay:0.04919014498591423, throughput:2933
episode:248/250, real avg travel time:315.83405967147166
step:3600/3600, q_loss:-2.3691095648919815e-05, rewards:-1.3161109685897827, queue:0.8746528029441833, delay:0.04949243366718292, throughput:2932
episode:249/250, real avg travel time:316.31612470667113
Hyperparameters saved to: data/output_data/tsc/cityflow_hyperlight_mappo/cityflow4x4/c8rf_4x4_seed1/hyperparameters.json
Loaded best checkpoint for final evaluation
Final Travel Time is 314.3533, mean rewards: -1.2038, queue: 0.7988, delay: 0.0469, throughput: 2933
Total time taken: 16166.971262931824
