hyperlight_mappo	TRAIN	0	986.3919	0.009869	-34.4831	25.8361	0.1259	1901
hyperlight_mappo	TEST	0	1352.1770	0.009869	-57.7343	43.3679	0.2165	1520
hyperlight_mappo	TRAIN	1	935.9108	0.008001	-32.5047	24.3488	0.1261	1966
hyperlight_mappo	TRAIN	2	879.7653	0.006176	-29.6522	22.1955	0.1176	2009
hyperlight_mappo	TRAIN	3	915.2337	0.006294	-30.9627	23.1898	0.1192	1959
hyperlight_mappo	TRAIN	4	883.4532	0.004567	-28.7481	21.5069	0.1210	1935
hyperlight_mappo	TRAIN	5	759.7140	0.003471	-24.8046	18.5420	0.1328	2223
hyperlight_mappo	TEST	5	979.3128	0.003471	-44.2977	33.2208	0.2409	2083
hyperlight_mappo	TRAIN	6	802.2179	0.004355	-27.5258	20.6052	0.1316	2178
hyperlight_mappo	TRAIN	7	791.0221	0.003602	-26.4767	19.8102	0.1275	2199
hyperlight_mappo	TRAIN	8	754.4231	0.003148	-24.6040	18.3932	0.1243	2239
hyperlight_mappo	TRAIN	9	736.6349	0.002725	-23.1391	17.2901	0.1279	2285
hyperlight_mappo	TRAIN	10	588.4355	0.001045	-15.3169	11.3832	0.1349	2624
hyperlight_mappo	TEST	10	877.3916	0.001045	-38.3032	28.7054	0.2407	2317
hyperlight_mappo	TRAIN	11	594.0697	0.000960	-15.1969	11.2990	0.1324	2539
hyperlight_mappo	TRAIN	12	580.6959	0.001025	-15.4261	11.4720	0.1303	2569
hyperlight_mappo	TRAIN	13	514.4579	0.000679	-14.2708	10.5965	0.1397	2738
hyperlight_mappo	TRAIN	14	465.1354	0.000347	-10.7523	7.9524	0.1371	2896
hyperlight_mappo	TRAIN	15	444.8542	0.000286	-9.3319	6.8781	0.1377	2896
hyperlight_mappo	TEST	15	752.9135	0.000286	-35.3078	26.4528	0.2446	2660
hyperlight_mappo	TRAIN	16	407.1009	0.000136	-7.1628	5.2413	0.1340	2904
hyperlight_mappo	TRAIN	17	401.9316	0.000084	-7.0100	5.1297	0.1377	2901
hyperlight_mappo	TRAIN	18	392.2055	0.000067	-6.4216	4.6750	0.1408	2912
hyperlight_mappo	TRAIN	19	382.0499	0.000058	-5.7420	4.1639	0.1339	2922
hyperlight_mappo	TRAIN	20	397.8810	0.000043	-6.7967	4.9622	0.1355	2907
hyperlight_mappo	TEST	20	760.2987	0.000043	-35.9784	26.9651	0.2551	2668
hyperlight_mappo	TRAIN	21	380.6004	0.000036	-5.6619	4.1024	0.1330	2912
hyperlight_mappo	TRAIN	22	377.1683	0.000020	-5.4461	3.9302	0.1316	2928
hyperlight_mappo	TRAIN	23	375.7446	0.000017	-5.3632	3.8681	0.1305	2922
hyperlight_mappo	TRAIN	24	364.7033	0.000010	-4.6270	3.3229	0.1222	2925
hyperlight_mappo	TRAIN	25	374.8213	0.000000	-5.2468	3.7878	0.1220	2925
hyperlight_mappo	TEST	25	753.8381	0.000000	-35.4226	26.5363	0.2521	2659
hyperlight_mappo	TRAIN	26	369.7811	-0.000003	-4.9039	3.5269	0.1162	2927
hyperlight_mappo	TRAIN	27	363.3926	-0.000006	-4.4871	3.2087	0.1168	2917
hyperlight_mappo	TRAIN	28	370.3704	-0.000022	-4.9943	3.5976	0.1168	2916
hyperlight_mappo	TRAIN	29	363.6721	-0.000004	-4.4688	3.2064	0.1121	2923
hyperlight_mappo	TRAIN	30	362.9933	0.000020	-4.4502	3.1823	0.1115	2932
hyperlight_mappo	TEST	30	681.7881	0.000020	-29.4922	22.0684	0.2389	2780
hyperlight_mappo	TRAIN	31	358.2337	-0.000017	-4.1677	2.9734	0.1124	2921
hyperlight_mappo	TRAIN	32	356.8381	-0.000039	-4.0441	2.8672	0.1076	2925
hyperlight_mappo	TRAIN	33	356.9330	-0.000040	-4.0810	2.9005	0.1104	2921
hyperlight_mappo	TRAIN	34	353.7140	-0.000028	-3.8493	2.7293	0.1078	2927
hyperlight_mappo	TRAIN	35	350.4395	-0.000047	-3.6047	2.5457	0.1030	2928
hyperlight_mappo	TEST	35	473.4546	-0.000047	-12.7696	9.4733	0.1973	2893
hyperlight_mappo	TRAIN	36	355.7553	-0.000040	-3.9169	2.7734	0.1035	2925
hyperlight_mappo	TRAIN	37	349.9561	-0.000033	-3.5102	2.4748	0.0964	2927
hyperlight_mappo	TRAIN	38	348.0738	-0.000031	-3.4379	2.4288	0.1007	2922
hyperlight_mappo	TRAIN	39	345.5910	-0.000035	-3.2506	2.2795	0.0964	2929
hyperlight_mappo	TRAIN	40	345.8153	-0.000033	-3.2500	2.2714	0.0976	2926
hyperlight_mappo	TEST	40	424.9145	-0.000033	-9.1481	6.7345	0.1662	2903
hyperlight_mappo	TRAIN	41	349.5722	-0.000040	-3.4688	2.4509	0.0996	2930
hyperlight_mappo	TRAIN	42	345.9125	-0.000046	-3.2554	2.2797	0.0959	2926
hyperlight_mappo	TRAIN	43	344.8139	-0.000046	-3.1796	2.2354	0.0935	2928
hyperlight_mappo	TRAIN	44	344.9370	-0.000038	-3.1833	2.2321	0.0972	2929
hyperlight_mappo	TRAIN	45	343.9524	-0.000045	-3.1563	2.2172	0.0951	2927
hyperlight_mappo	TEST	45	381.2102	-0.000045	-5.9775	4.3495	0.1466	2924
hyperlight_mappo	TRAIN	46	341.1311	-0.000036	-2.9771	2.0793	0.0933	2924
hyperlight_mappo	TRAIN	47	340.1897	-0.000050	-2.8930	2.0161	0.0933	2931
hyperlight_mappo	TRAIN	48	338.9229	-0.000043	-2.7916	1.9392	0.0866	2930
hyperlight_mappo	TRAIN	49	339.6242	-0.000035	-2.8398	1.9726	0.0886	2930
hyperlight_mappo	TRAIN	50	337.4908	-0.000040	-2.7191	1.8854	0.0870	2927
hyperlight_mappo	TEST	50	354.2457	-0.000040	-3.9970	2.8590	0.1182	2926
hyperlight_mappo	TRAIN	51	337.6490	-0.000036	-2.7132	1.8835	0.0897	2933
hyperlight_mappo	TRAIN	52	337.6574	-0.000036	-2.7172	1.8804	0.0875	2929
hyperlight_mappo	TRAIN	53	337.2290	-0.000029	-2.6825	1.8594	0.0890	2930
hyperlight_mappo	TRAIN	54	336.2870	-0.000044	-2.6431	1.8292	0.0878	2926
hyperlight_mappo	TRAIN	55	333.6825	-0.000041	-2.4436	1.6700	0.0817	2930
hyperlight_mappo	TEST	55	342.6788	-0.000041	-3.1674	2.2344	0.1077	2928
hyperlight_mappo	TRAIN	56	333.1425	-0.000041	-2.4164	1.6604	0.0831	2927
hyperlight_mappo	TRAIN	57	333.1874	-0.000035	-2.4405	1.6866	0.0849	2928
hyperlight_mappo	TRAIN	58	332.8056	-0.000036	-2.3934	1.6481	0.0834	2930
hyperlight_mappo	TRAIN	59	332.8099	-0.000036	-2.3942	1.6491	0.0829	2930
hyperlight_mappo	TRAIN	60	331.6604	-0.000032	-2.3169	1.5925	0.0802	2932
hyperlight_mappo	TEST	60	337.2548	-0.000032	-2.7544	1.9198	0.1003	2932
hyperlight_mappo	TRAIN	61	333.2518	-0.000044	-2.3824	1.6391	0.0812	2928
hyperlight_mappo	TRAIN	62	330.9202	-0.000037	-2.2911	1.5667	0.0786	2934
hyperlight_mappo	TRAIN	63	332.0379	-0.000036	-2.3743	1.6363	0.0846	2929
hyperlight_mappo	TRAIN	64	331.0875	-0.000042	-2.2817	1.5707	0.0817	2930
hyperlight_mappo	TRAIN	65	331.0828	-0.000039	-2.2846	1.5691	0.0822	2930
hyperlight_mappo	TEST	65	331.8947	-0.000039	-2.3974	1.6639	0.0928	2931
hyperlight_mappo	TRAIN	66	330.6373	-0.000029	-2.2458	1.5387	0.0789	2930
hyperlight_mappo	TRAIN	67	330.7690	-0.000035	-2.2431	1.5422	0.0804	2931
hyperlight_mappo	TRAIN	68	330.1673	-0.000037	-2.1857	1.4983	0.0775	2930
hyperlight_mappo	TRAIN	69	328.7218	-0.000040	-2.1191	1.4488	0.0769	2929
hyperlight_mappo	TRAIN	70	329.0674	-0.000040	-2.1619	1.4885	0.0809	2931
hyperlight_mappo	TEST	70	330.2866	-0.000040	-2.3234	1.6167	0.0952	2930
hyperlight_mappo	TRAIN	71	327.0892	-0.000035	-2.0561	1.4083	0.0770	2930
hyperlight_mappo	TRAIN	72	327.3064	-0.000041	-2.0561	1.4102	0.0756	2928
hyperlight_mappo	TRAIN	73	328.9383	-0.000034	-2.1621	1.4873	0.0795	2929
hyperlight_mappo	TRAIN	74	327.9112	-0.000026	-2.0833	1.4288	0.0775	2934
hyperlight_mappo	TRAIN	75	327.3785	-0.000032	-2.0499	1.3960	0.0747	2930
hyperlight_mappo	TEST	75	325.2833	-0.000032	-1.9675	1.3510	0.0794	2932
hyperlight_mappo	TRAIN	76	327.2283	-0.000031	-2.0298	1.3856	0.0752	2932
hyperlight_mappo	TRAIN	77	327.1881	-0.000037	-2.0285	1.3762	0.0745	2932
hyperlight_mappo	TRAIN	78	325.9933	-0.000037	-1.9606	1.3349	0.0720	2930
hyperlight_mappo	TRAIN	79	327.3329	-0.000025	-2.0473	1.4000	0.0761	2931
hyperlight_mappo	TRAIN	80	325.6862	-0.000031	-1.9242	1.3087	0.0726	2930
hyperlight_mappo	TEST	80	323.7365	-0.000031	-1.8387	1.2568	0.0739	2932
hyperlight_mappo	TRAIN	81	325.5283	-0.000032	-1.9347	1.3214	0.0722	2932
hyperlight_mappo	TRAIN	82	326.2531	-0.000034	-1.9584	1.3328	0.0711	2931
hyperlight_mappo	TRAIN	83	325.7704	-0.000032	-1.9382	1.3118	0.0697	2927
hyperlight_mappo	TRAIN	84	325.2672	-0.000032	-1.8923	1.2868	0.0695	2933
hyperlight_mappo	TRAIN	85	326.1643	-0.000035	-1.9226	1.3003	0.0695	2929
hyperlight_mappo	TEST	85	321.7154	-0.000035	-1.6608	1.1170	0.0648	2928
hyperlight_mappo	TRAIN	86	324.3510	-0.000035	-1.8179	1.2306	0.0662	2932
hyperlight_mappo	TRAIN	87	323.9886	-0.000037	-1.8058	1.2207	0.0663	2929
hyperlight_mappo	TRAIN	88	324.2883	-0.000033	-1.8333	1.2427	0.0678	2930
hyperlight_mappo	TRAIN	89	324.4908	-0.000038	-1.8428	1.2500	0.0687	2931
hyperlight_mappo	TRAIN	90	324.7905	-0.000026	-1.8604	1.2573	0.0675	2932
hyperlight_mappo	TEST	90	321.8820	-0.000026	-1.7010	1.1559	0.0686	2931
hyperlight_mappo	TRAIN	91	323.6269	-0.000026	-1.8088	1.2259	0.0683	2931
hyperlight_mappo	TRAIN	92	323.6624	-0.000026	-1.7732	1.1988	0.0668	2931
hyperlight_mappo	TRAIN	93	323.9095	-0.000026	-1.8074	1.2292	0.0679	2929
hyperlight_mappo	TRAIN	94	324.5991	-0.000033	-1.8590	1.2597	0.0694	2931
hyperlight_mappo	TRAIN	95	323.0134	-0.000031	-1.7633	1.1979	0.0680	2932
hyperlight_mappo	TEST	95	321.5226	-0.000031	-1.6843	1.1481	0.0651	2931
hyperlight_mappo	TRAIN	96	323.8294	-0.000032	-1.8210	1.2328	0.0674	2930
hyperlight_mappo	TRAIN	97	323.3755	-0.000029	-1.7796	1.2024	0.0656	2930
hyperlight_mappo	TRAIN	98	323.7268	-0.000029	-1.7935	1.2146	0.0678	2931
hyperlight_mappo	TRAIN	99	323.2095	-0.000028	-1.7668	1.1903	0.0655	2931
hyperlight_mappo	TRAIN	100	323.2970	-0.000031	-1.7772	1.2033	0.0661	2932
hyperlight_mappo	TEST	100	321.3983	-0.000031	-1.6870	1.1425	0.0669	2930
hyperlight_mappo	TRAIN	101	323.2548	-0.000035	-1.7727	1.2073	0.0660	2930
hyperlight_mappo	TRAIN	102	323.5820	-0.000035	-1.8074	1.2290	0.0676	2929
hyperlight_mappo	TRAIN	103	323.4841	-0.000026	-1.8102	1.2330	0.0682	2929
hyperlight_mappo	TRAIN	104	323.2809	-0.000029	-1.8131	1.2313	0.0697	2932
hyperlight_mappo	TRAIN	105	322.5625	-0.000029	-1.7539	1.1906	0.0679	2929
hyperlight_mappo	TEST	105	321.0235	-0.000029	-1.6830	1.1453	0.0679	2927
hyperlight_mappo	TRAIN	106	322.2048	-0.000021	-1.7253	1.1613	0.0659	2930
hyperlight_mappo	TRAIN	107	323.1874	-0.000038	-1.7737	1.2036	0.0673	2933
hyperlight_mappo	TRAIN	108	321.1589	-0.000027	-1.6435	1.1113	0.0639	2930
hyperlight_mappo	TRAIN	109	321.6483	-0.000028	-1.6750	1.1318	0.0628	2931
hyperlight_mappo	TRAIN	110	321.8481	-0.000032	-1.6660	1.1257	0.0635	2930
hyperlight_mappo	TEST	110	321.3413	-0.000032	-1.6569	1.1189	0.0656	2930
hyperlight_mappo	TRAIN	111	322.2866	-0.000033	-1.6982	1.1455	0.0644	2931
hyperlight_mappo	TRAIN	112	322.1331	-0.000028	-1.6852	1.1368	0.0645	2933
hyperlight_mappo	TRAIN	113	322.3631	-0.000032	-1.7161	1.1609	0.0662	2931
hyperlight_mappo	TRAIN	114	321.6232	-0.000033	-1.6555	1.1113	0.0634	2932
hyperlight_mappo	TRAIN	115	321.9832	-0.000029	-1.6782	1.1304	0.0637	2931
hyperlight_mappo	TEST	115	320.8934	-0.000029	-1.6266	1.0970	0.0645	2930
hyperlight_mappo	TRAIN	116	321.0607	-0.000020	-1.6255	1.0943	0.0619	2928
hyperlight_mappo	TRAIN	117	321.3047	-0.000036	-1.6416	1.1056	0.0624	2932
hyperlight_mappo	TRAIN	118	321.5367	-0.000026	-1.6501	1.1095	0.0626	2934
hyperlight_mappo	TRAIN	119	321.6795	-0.000026	-1.6581	1.1095	0.0629	2932
hyperlight_mappo	TRAIN	120	320.7549	-0.000027	-1.6080	1.0780	0.0618	2933
hyperlight_mappo	TEST	120	319.7271	-0.000027	-1.5316	1.0276	0.0597	2931
hyperlight_mappo	TRAIN	121	321.1059	-0.000029	-1.6269	1.0915	0.0622	2932
hyperlight_mappo	TRAIN	122	322.3818	-0.000023	-1.6821	1.1332	0.0621	2932
hyperlight_mappo	TRAIN	123	321.7955	-0.000031	-1.6432	1.1024	0.0603	2933
hyperlight_mappo	TRAIN	124	321.8431	-0.000033	-1.6497	1.1080	0.0618	2931
hyperlight_mappo	TRAIN	125	320.7429	-0.000023	-1.5897	1.0674	0.0604	2932
hyperlight_mappo	TEST	125	319.3295	-0.000023	-1.5163	1.0217	0.0590	2933
hyperlight_mappo	TRAIN	126	321.2119	-0.000036	-1.6141	1.0816	0.0609	2932
hyperlight_mappo	TRAIN	127	320.6567	-0.000025	-1.5900	1.0681	0.0601	2932
hyperlight_mappo	TRAIN	128	320.7767	-0.000027	-1.5992	1.0679	0.0603	2933
hyperlight_mappo	TRAIN	129	320.8401	-0.000028	-1.6021	1.0745	0.0613	2932
hyperlight_mappo	TRAIN	130	321.3614	-0.000030	-1.6306	1.0977	0.0607	2929
hyperlight_mappo	TEST	130	319.2809	-0.000030	-1.5011	1.0033	0.0562	2931
hyperlight_mappo	TRAIN	131	320.1576	-0.000025	-1.5600	1.0398	0.0587	2934
hyperlight_mappo	TRAIN	132	321.0298	-0.000025	-1.6114	1.0766	0.0601	2933
hyperlight_mappo	TRAIN	133	320.3942	-0.000024	-1.5722	1.0464	0.0588	2932
hyperlight_mappo	TRAIN	134	320.8820	-0.000028	-1.5947	1.0696	0.0599	2931
hyperlight_mappo	TRAIN	135	320.2551	-0.000022	-1.5648	1.0474	0.0589	2931
hyperlight_mappo	TEST	135	317.0409	-0.000022	-1.3859	0.9191	0.0544	2933
hyperlight_mappo	TRAIN	136	320.6550	-0.000025	-1.5944	1.0684	0.0609	2929
hyperlight_mappo	TRAIN	137	320.0446	-0.000027	-1.5459	1.0326	0.0591	2934
hyperlight_mappo	TRAIN	138	320.1874	-0.000032	-1.5580	1.0408	0.0594	2931
hyperlight_mappo	TRAIN	139	319.5558	-0.000028	-1.5258	1.0247	0.0595	2930
hyperlight_mappo	TRAIN	140	319.2967	-0.000027	-1.5067	1.0061	0.0586	2932
hyperlight_mappo	TEST	140	318.3252	-0.000027	-1.4635	0.9769	0.0587	2932
hyperlight_mappo	TRAIN	141	319.2474	-0.000027	-1.5149	1.0151	0.0590	2931
hyperlight_mappo	TRAIN	142	319.5297	-0.000039	-1.5221	1.0170	0.0587	2931
hyperlight_mappo	TRAIN	143	319.6272	-0.000025	-1.5345	1.0300	0.0584	2930
hyperlight_mappo	TRAIN	144	319.6309	-0.000018	-1.5426	1.0358	0.0590	2932
hyperlight_mappo	TRAIN	145	319.7184	-0.000019	-1.5511	1.0399	0.0596	2932
hyperlight_mappo	TEST	145	317.3010	-0.000019	-1.4027	0.9365	0.0557	2933
hyperlight_mappo	TRAIN	146	319.9930	-0.000028	-1.5667	1.0497	0.0601	2933
hyperlight_mappo	TRAIN	147	319.4697	-0.000032	-1.5123	1.0061	0.0576	2932
hyperlight_mappo	TRAIN	148	319.6564	-0.000019	-1.5270	1.0177	0.0584	2932
hyperlight_mappo	TRAIN	149	318.7791	-0.000023	-1.4846	0.9950	0.0577	2931
hyperlight_mappo	TRAIN	150	319.4261	-0.000021	-1.5183	1.0158	0.0589	2932
hyperlight_mappo	TEST	150	318.5119	-0.000021	-1.4536	0.9689	0.0570	2933
hyperlight_mappo	TRAIN	151	319.0352	-0.000019	-1.4935	0.9974	0.0574	2933
hyperlight_mappo	TRAIN	152	319.4760	-0.000034	-1.5223	1.0127	0.0590	2931
hyperlight_mappo	TRAIN	153	319.4278	-0.000026	-1.5137	1.0075	0.0580	2933
hyperlight_mappo	TRAIN	154	318.5059	-0.000025	-1.4634	0.9729	0.0558	2931
hyperlight_mappo	TRAIN	155	319.4566	-0.000031	-1.5125	1.0102	0.0581	2929
hyperlight_mappo	TEST	155	317.5417	-0.000031	-1.4061	0.9358	0.0556	2932
hyperlight_mappo	TRAIN	156	319.7094	-0.000022	-1.5222	1.0191	0.0581	2931
hyperlight_mappo	TRAIN	157	319.2762	-0.000024	-1.4993	0.9967	0.0577	2931
hyperlight_mappo	TRAIN	158	318.6906	-0.000032	-1.4835	0.9889	0.0566	2933
hyperlight_mappo	TRAIN	159	318.9246	-0.000021	-1.4890	0.9958	0.0571	2931
hyperlight_mappo	TRAIN	160	319.6490	-0.000025	-1.5300	1.0243	0.0583	2932
hyperlight_mappo	TEST	160	317.1592	-0.000025	-1.3824	0.9172	0.0540	2932
hyperlight_mappo	TRAIN	161	319.0047	-0.000026	-1.4859	0.9931	0.0562	2932
hyperlight_mappo	TRAIN	162	318.2226	-0.000021	-1.4396	0.9547	0.0557	2932
hyperlight_mappo	TRAIN	163	318.9390	-0.000024	-1.4882	0.9950	0.0570	2932
hyperlight_mappo	TRAIN	164	318.4271	-0.000021	-1.4563	0.9738	0.0568	2931
hyperlight_mappo	TRAIN	165	318.6141	-0.000026	-1.4692	0.9809	0.0562	2931
hyperlight_mappo	TEST	165	316.8602	-0.000026	-1.3565	0.9005	0.0529	2931
hyperlight_mappo	TRAIN	166	319.0077	-0.000034	-1.4874	0.9924	0.0565	2931
hyperlight_mappo	TRAIN	167	319.1877	-0.000029	-1.5089	1.0085	0.0575	2931
hyperlight_mappo	TRAIN	168	319.2313	-0.000032	-1.4977	1.0061	0.0573	2930
hyperlight_mappo	TRAIN	169	318.9333	-0.000025	-1.4670	0.9726	0.0553	2929
hyperlight_mappo	TRAIN	170	318.9299	-0.000027	-1.4719	0.9797	0.0543	2933
hyperlight_mappo	TEST	170	316.9584	-0.000027	-1.3520	0.8986	0.0528	2931
hyperlight_mappo	TRAIN	171	318.6849	-0.000031	-1.4613	0.9762	0.0546	2930
hyperlight_mappo	TRAIN	172	318.2440	-0.000033	-1.4279	0.9467	0.0533	2929
hyperlight_mappo	TRAIN	173	318.4388	-0.000025	-1.4456	0.9628	0.0551	2931
hyperlight_mappo	TRAIN	174	318.7104	-0.000025	-1.4573	0.9766	0.0550	2931
hyperlight_mappo	TRAIN	175	318.7469	-0.000023	-1.4777	0.9894	0.0568	2929
hyperlight_mappo	TEST	175	316.9286	-0.000023	-1.3745	0.9130	0.0542	2930
hyperlight_mappo	TRAIN	176	318.4784	-0.000027	-1.4558	0.9705	0.0556	2931
hyperlight_mappo	TRAIN	177	318.2779	-0.000025	-1.4432	0.9566	0.0554	2932
hyperlight_mappo	TRAIN	178	318.8686	-0.000033	-1.4711	0.9733	0.0552	2932
hyperlight_mappo	TRAIN	179	318.4522	-0.000025	-1.4518	0.9668	0.0559	2933
hyperlight_mappo	TRAIN	180	319.2390	-0.000029	-1.4974	0.9986	0.0565	2931
hyperlight_mappo	TEST	180	316.5216	-0.000029	-1.3193	0.8717	0.0508	2931
hyperlight_mappo	TRAIN	181	318.1817	-0.000028	-1.4268	0.9462	0.0546	2933
hyperlight_mappo	TRAIN	182	318.9118	-0.000026	-1.4705	0.9719	0.0547	2930
hyperlight_mappo	TRAIN	183	318.2357	-0.000022	-1.4305	0.9439	0.0546	2934
hyperlight_mappo	TRAIN	184	318.5836	-0.000021	-1.4397	0.9509	0.0548	2933
hyperlight_mappo	TRAIN	185	318.0489	-0.000024	-1.4203	0.9450	0.0550	2931
hyperlight_mappo	TEST	185	316.5256	-0.000024	-1.3263	0.8734	0.0522	2930
hyperlight_mappo	TRAIN	186	317.9762	-0.000033	-1.4231	0.9448	0.0536	2930
hyperlight_mappo	TRAIN	187	318.4955	-0.000026	-1.4494	0.9609	0.0546	2932
hyperlight_mappo	TRAIN	188	318.2005	-0.000018	-1.4247	0.9484	0.0543	2932
hyperlight_mappo	TRAIN	189	318.5974	-0.000027	-1.4489	0.9642	0.0554	2929
hyperlight_mappo	TRAIN	190	317.8099	-0.000021	-1.4154	0.9342	0.0552	2934
hyperlight_mappo	TEST	190	316.0308	-0.000021	-1.3150	0.8740	0.0521	2932
hyperlight_mappo	TRAIN	191	318.1525	-0.000019	-1.4362	0.9559	0.0563	2932
hyperlight_mappo	TRAIN	192	318.1193	-0.000028	-1.4219	0.9476	0.0544	2931
hyperlight_mappo	TRAIN	193	317.6671	-0.000015	-1.4036	0.9385	0.0540	2931
hyperlight_mappo	TRAIN	194	317.6939	-0.000027	-1.4183	0.9439	0.0558	2932
hyperlight_mappo	TRAIN	195	317.7720	-0.000032	-1.4237	0.9424	0.0556	2932
hyperlight_mappo	TEST	195	316.4660	-0.000032	-1.3423	0.8965	0.0533	2930
hyperlight_mappo	TRAIN	196	317.7291	-0.000028	-1.4144	0.9436	0.0548	2931
hyperlight_mappo	TRAIN	197	317.9018	-0.000018	-1.4297	0.9481	0.0561	2931
hyperlight_mappo	TRAIN	198	317.5679	-0.000023	-1.4034	0.9366	0.0550	2932
hyperlight_mappo	TRAIN	199	317.3761	-0.000027	-1.3839	0.9187	0.0539	2933
hyperlight_mappo	TRAIN	200	317.3362	-0.000020	-1.3749	0.9106	0.0536	2931
hyperlight_mappo	TEST	200	315.6638	-0.000020	-1.2722	0.8380	0.0504	2932
hyperlight_mappo	TRAIN	201	317.7241	-0.000027	-1.3909	0.9247	0.0537	2932
hyperlight_mappo	TRAIN	202	317.5065	-0.000019	-1.3863	0.9156	0.0537	2931
hyperlight_mappo	TRAIN	203	317.2977	-0.000028	-1.3824	0.9175	0.0535	2932
hyperlight_mappo	TRAIN	204	317.3979	-0.000021	-1.3842	0.9181	0.0538	2933
hyperlight_mappo	TRAIN	205	317.5632	-0.000017	-1.4082	0.9427	0.0558	2932
hyperlight_mappo	TEST	205	315.9192	-0.000017	-1.3010	0.8668	0.0527	2932
hyperlight_mappo	TRAIN	206	317.6440	-0.000021	-1.4011	0.9306	0.0556	2933
hyperlight_mappo	TRAIN	207	316.9216	-0.000031	-1.3662	0.9153	0.0543	2931
hyperlight_mappo	TRAIN	208	317.1512	-0.000027	-1.3660	0.9049	0.0543	2932
hyperlight_mappo	TRAIN	209	317.6282	-0.000024	-1.3969	0.9264	0.0547	2933
hyperlight_mappo	TRAIN	210	317.0610	-0.000028	-1.3606	0.9016	0.0544	2931
hyperlight_mappo	TEST	210	315.7164	-0.000028	-1.2893	0.8557	0.0524	2932
hyperlight_mappo	TRAIN	211	317.4100	-0.000020	-1.3813	0.9181	0.0537	2933
hyperlight_mappo	TRAIN	212	316.2487	-0.000021	-1.3163	0.8694	0.0528	2932
hyperlight_mappo	TRAIN	213	316.6487	-0.000024	-1.3359	0.8911	0.0528	2932
hyperlight_mappo	TRAIN	214	317.1690	-0.000030	-1.3715	0.9089	0.0543	2932
hyperlight_mappo	TRAIN	215	316.4881	-0.000021	-1.3382	0.8925	0.0538	2932
hyperlight_mappo	TEST	215	316.0030	-0.000021	-1.3037	0.8656	0.0526	2932
hyperlight_mappo	TRAIN	216	317.8253	-0.000021	-1.4070	0.9370	0.0559	2934
hyperlight_mappo	TRAIN	217	316.6869	-0.000019	-1.3462	0.8995	0.0544	2932
hyperlight_mappo	TRAIN	218	317.2243	-0.000031	-1.3739	0.9118	0.0538	2933
hyperlight_mappo	TRAIN	219	317.9035	-0.000020	-1.4055	0.9380	0.0552	2933
hyperlight_mappo	TRAIN	220	317.7345	-0.000020	-1.3959	0.9281	0.0545	2933
hyperlight_mappo	TEST	220	315.4888	-0.000020	-1.2589	0.8293	0.0497	2933
hyperlight_mappo	TRAIN	221	317.1552	-0.000026	-1.3591	0.8997	0.0529	2932
hyperlight_mappo	TRAIN	222	316.7784	-0.000024	-1.3478	0.8892	0.0534	2930
hyperlight_mappo	TRAIN	223	316.7372	-0.000025	-1.3285	0.8738	0.0521	2932
hyperlight_mappo	TRAIN	224	316.5320	-0.000023	-1.3214	0.8745	0.0518	2934
hyperlight_mappo	TRAIN	225	316.0862	-0.000018	-1.2909	0.8521	0.0506	2932
hyperlight_mappo	TEST	225	315.5508	-0.000018	-1.2654	0.8392	0.0505	2932
hyperlight_mappo	TRAIN	226	317.5756	-0.000022	-1.3745	0.9102	0.0520	2932
hyperlight_mappo	TRAIN	227	316.1877	-0.000015	-1.3056	0.8613	0.0512	2932
hyperlight_mappo	TRAIN	228	316.7053	-0.000025	-1.3296	0.8795	0.0519	2933
hyperlight_mappo	TRAIN	229	317.0781	-0.000026	-1.3604	0.9014	0.0541	2932
hyperlight_mappo	TRAIN	230	316.9909	-0.000016	-1.3393	0.8878	0.0517	2932
hyperlight_mappo	TEST	230	314.9889	-0.000016	-1.2375	0.8160	0.0495	2931
hyperlight_mappo	TRAIN	231	316.3869	-0.000021	-1.3202	0.8755	0.0524	2932
hyperlight_mappo	TRAIN	232	317.1301	-0.000032	-1.3461	0.8861	0.0520	2932
hyperlight_mappo	TRAIN	233	316.2776	-0.000015	-1.3049	0.8632	0.0516	2933
hyperlight_mappo	TRAIN	234	316.2414	-0.000024	-1.3085	0.8622	0.0507	2932
hyperlight_mappo	TRAIN	235	316.3567	-0.000021	-1.3123	0.8658	0.0518	2931
hyperlight_mappo	TEST	235	315.3704	-0.000021	-1.2395	0.8161	0.0502	2932
hyperlight_mappo	TRAIN	236	316.7218	-0.000029	-1.3213	0.8734	0.0509	2934
hyperlight_mappo	TRAIN	237	316.7063	-0.000024	-1.3316	0.8819	0.0519	2931
hyperlight_mappo	TRAIN	238	316.5675	-0.000018	-1.3247	0.8771	0.0521	2932
hyperlight_mappo	TRAIN	239	316.0030	-0.000028	-1.2851	0.8457	0.0504	2932
hyperlight_mappo	TRAIN	240	317.2327	-0.000022	-1.3465	0.8896	0.0518	2932
hyperlight_mappo	TEST	240	314.9494	-0.000022	-1.2210	0.7988	0.0487	2933
hyperlight_mappo	TRAIN	241	317.0617	-0.000024	-1.3489	0.8885	0.0519	2930
hyperlight_mappo	TRAIN	242	316.7412	-0.000026	-1.3177	0.8618	0.0501	2935
hyperlight_mappo	TRAIN	243	316.7238	-0.000026	-1.3175	0.8648	0.0507	2933
hyperlight_mappo	TRAIN	244	316.2011	-0.000023	-1.3037	0.8568	0.0519	2932
hyperlight_mappo	TRAIN	245	316.4935	-0.000017	-1.3107	0.8627	0.0509	2931
hyperlight_mappo	TEST	245	315.0506	-0.000017	-1.2269	0.8062	0.0478	2931
hyperlight_mappo	TRAIN	246	316.8585	-0.000027	-1.3479	0.8882	0.0524	2932
hyperlight_mappo	TRAIN	247	316.9008	-0.000029	-1.3438	0.8806	0.0509	2932
hyperlight_mappo	TRAIN	248	316.8565	-0.000032	-1.3263	0.8675	0.0514	2931
hyperlight_mappo	TRAIN	249	316.1867	-0.000027	-1.2949	0.8526	0.0501	2930
