hyperlight_mappo	TRAIN	0	1589.4460	0.003653	-349.4709	21.4161	0.1176	7545
hyperlight_mappo	TEST	0	1765.4545	0.003653	-329.8770	20.2343	0.0832	3085
hyperlight_mappo	TRAIN	1	1602.6079	0.003747	-356.5774	21.8521	0.1175	7604
hyperlight_mappo	TRAIN	2	1591.8730	0.003468	-346.6610	21.2451	0.1168	7509
hyperlight_mappo	TRAIN	3	1598.4248	0.003554	-352.7257	21.6187	0.1174	7614
hyperlight_mappo	TRAIN	4	1588.3432	0.003178	-343.3583	21.0427	0.1155	7688
hyperlight_mappo	TRAIN	5	1576.8932	0.003042	-341.7224	20.9425	0.1151	7796
hyperlight_mappo	TEST	5	1773.2035	0.003042	-331.8976	20.3609	0.0820	3245
hyperlight_mappo	TRAIN	6	1587.2652	0.002937	-341.4618	20.9250	0.1156	7736
hyperlight_mappo	TRAIN	7	1575.0910	0.002797	-337.3535	20.6732	0.1130	7706
hyperlight_mappo	TRAIN	8	1567.8383	0.002642	-334.9265	20.5214	0.1147	7701
hyperlight_mappo	TRAIN	9	1555.6699	0.002494	-328.8529	20.1493	0.1130	7778
hyperlight_mappo	TRAIN	10	1562.0062	0.002493	-334.2169	20.4795	0.1139	7869
hyperlight_mappo	TEST	10	1765.2976	0.002493	-328.3020	20.1383	0.0786	3190
hyperlight_mappo	TRAIN	11	1571.1477	0.002431	-333.9632	20.4622	0.1142	7648
hyperlight_mappo	TRAIN	12	1543.4541	0.002227	-324.3211	19.8698	0.1124	7871
hyperlight_mappo	TRAIN	13	1550.6881	0.002191	-332.2884	20.3589	0.1137	7878
hyperlight_mappo	TRAIN	14	1537.5646	0.001946	-323.5599	19.8194	0.1139	7817
hyperlight_mappo	TRAIN	15	1554.9380	0.002116	-335.9059	20.5800	0.1149	7870
hyperlight_mappo	TEST	15	1747.2980	0.002116	-351.6548	21.5713	0.0962	4236
hyperlight_mappo	TRAIN	16	1528.0641	0.001794	-317.9536	19.4758	0.1117	8057
hyperlight_mappo	TRAIN	17	1522.8650	0.001731	-317.4215	19.4436	0.1115	8031
hyperlight_mappo	TRAIN	18	1512.7713	0.001730	-316.0544	19.3593	0.1123	8249
hyperlight_mappo	TRAIN	19	1500.6136	0.001636	-315.2015	19.3047	0.1132	8328
hyperlight_mappo	TRAIN	20	1486.8369	0.001467	-306.5385	18.7719	0.1114	8348
hyperlight_mappo	TEST	20	1725.0443	0.001467	-350.8686	21.5229	0.0945	4684
hyperlight_mappo	TRAIN	21	1478.9963	0.001370	-303.3961	18.5825	0.1109	8310
hyperlight_mappo	TRAIN	22	1470.8297	0.001322	-304.3008	18.6323	0.1107	8368
hyperlight_mappo	TRAIN	23	1492.5370	0.001493	-316.9527	19.4148	0.1101	8324
hyperlight_mappo	TRAIN	24	1475.1814	0.001339	-310.5251	19.0172	0.1105	8237
hyperlight_mappo	TRAIN	25	1459.6311	0.001156	-305.3000	18.6967	0.1092	8346
hyperlight_mappo	TEST	25	1683.5264	0.001156	-373.2056	22.8927	0.1074	5886
hyperlight_mappo	TRAIN	26	1454.2447	0.001168	-303.0431	18.5581	0.1094	8386
hyperlight_mappo	TRAIN	27	1457.3623	0.001131	-310.0334	18.9858	0.1100	8469
hyperlight_mappo	TRAIN	28	1464.9306	0.001137	-315.8061	19.3388	0.1115	8451
hyperlight_mappo	TRAIN	29	1469.7877	0.001080	-318.2877	19.4904	0.1114	8452
hyperlight_mappo	TRAIN	30	1452.0807	0.000960	-311.1325	19.0541	0.1096	8420
hyperlight_mappo	TEST	30	1683.3100	0.000960	-396.0888	24.2959	0.1215	7463
hyperlight_mappo	TRAIN	31	1443.8642	0.000903	-307.4821	18.8295	0.1089	8570
hyperlight_mappo	TRAIN	32	1435.1378	0.000766	-304.7592	18.6601	0.1104	8631
hyperlight_mappo	TRAIN	33	1424.5556	0.000704	-302.2412	18.5070	0.1088	8654
hyperlight_mappo	TRAIN	34	1410.2769	0.000669	-295.4299	18.0866	0.1088	8730
hyperlight_mappo	TRAIN	35	1410.4001	0.000696	-300.2434	18.3842	0.1086	8659
hyperlight_mappo	TEST	35	1630.0208	0.000696	-389.3691	23.8787	0.1294	7568
hyperlight_mappo	TRAIN	36	1407.5712	0.000606	-299.7597	18.3512	0.1092	8731
hyperlight_mappo	TRAIN	37	1402.5474	0.000539	-295.5415	18.0946	0.1056	8616
hyperlight_mappo	TRAIN	38	1398.8920	0.000567	-296.4713	18.1507	0.1078	8799
hyperlight_mappo	TRAIN	39	1372.0994	0.000449	-289.0938	17.6997	0.1071	8777
hyperlight_mappo	TRAIN	40	1359.4343	0.000338	-274.4848	16.7971	0.1071	8914
hyperlight_mappo	TEST	40	1547.1971	0.000338	-362.5447	22.2281	0.1322	8612
hyperlight_mappo	TRAIN	41	1387.0979	0.000453	-290.9899	17.8162	0.1066	8764
hyperlight_mappo	TRAIN	42	1356.7123	0.000382	-280.8304	17.1915	0.1069	8967
hyperlight_mappo	TRAIN	43	1379.6092	0.000412	-292.9108	17.9311	0.1066	8855
hyperlight_mappo	TRAIN	44	1368.4060	0.000319	-290.7744	17.8035	0.1075	9002
hyperlight_mappo	TRAIN	45	1360.9720	0.000299	-290.5659	17.7884	0.1062	9040
hyperlight_mappo	TEST	45	1498.1163	0.000299	-350.5028	21.4845	0.1326	8742
hyperlight_mappo	TRAIN	46	1357.5210	0.000268	-284.8258	17.4359	0.1044	8949
hyperlight_mappo	TRAIN	47	1344.7969	0.000270	-278.8840	17.0696	0.1045	9033
hyperlight_mappo	TRAIN	48	1335.5204	0.000179	-274.8176	16.8210	0.1039	9010
hyperlight_mappo	TRAIN	49	1340.7745	0.000190	-274.2019	16.7833	0.1032	9158
hyperlight_mappo	TRAIN	50	1346.7108	0.000198	-283.4698	17.3551	0.1038	9012
hyperlight_mappo	TEST	50	1456.1167	0.000198	-333.1491	20.4190	0.1338	9103
hyperlight_mappo	TRAIN	51	1335.1546	0.000187	-278.6392	17.0545	0.1023	9102
hyperlight_mappo	TRAIN	52	1333.7158	0.000154	-273.4360	16.7352	0.1019	9031
hyperlight_mappo	TRAIN	53	1357.6355	0.000154	-287.1951	17.5813	0.1025	8970
hyperlight_mappo	TRAIN	54	1345.0791	0.000275	-279.0681	17.0802	0.1050	9316
hyperlight_mappo	TRAIN	55	1342.4638	0.000159	-277.9851	17.0136	0.1028	8997
hyperlight_mappo	TEST	55	1451.2546	0.000159	-325.2512	19.9317	0.1296	8858
hyperlight_mappo	TRAIN	56	1303.5720	0.000143	-262.1498	16.0408	0.1024	9312
hyperlight_mappo	TRAIN	57	1362.3434	0.000242	-289.8272	17.7428	0.1007	9154
hyperlight_mappo	TRAIN	58	1316.5386	0.000132	-270.4683	16.5530	0.1015	9245
hyperlight_mappo	TRAIN	59	1331.2340	0.000135	-272.3427	16.6709	0.0992	9051
hyperlight_mappo	TRAIN	60	1325.0118	0.000157	-275.2593	16.8479	0.1000	9243
hyperlight_mappo	TEST	60	1378.4096	0.000157	-296.6850	18.1758	0.1207	9515
hyperlight_mappo	TRAIN	61	1346.6954	0.000147	-286.4715	17.5363	0.1008	9191
hyperlight_mappo	TRAIN	62	1303.5798	0.000092	-267.2805	16.3565	0.1000	9467
hyperlight_mappo	TRAIN	63	1346.6619	0.000132	-284.9804	17.4470	0.1003	9140
hyperlight_mappo	TRAIN	64	1320.9583	0.000108	-275.5001	16.8646	0.0994	9138
hyperlight_mappo	TRAIN	65	1346.5995	0.000165	-285.7728	17.4973	0.0974	9071
hyperlight_mappo	TEST	65	1383.5785	0.000165	-300.8017	18.4221	0.1189	9039
hyperlight_mappo	TRAIN	66	1332.4844	0.000112	-276.5764	16.9273	0.0972	9218
hyperlight_mappo	TRAIN	67	1298.9033	0.000102	-259.4586	15.8742	0.0956	9364
hyperlight_mappo	TRAIN	68	1308.9486	0.000091	-268.6740	16.4426	0.0961	9344
hyperlight_mappo	TRAIN	69	1310.3179	0.000133	-265.7256	16.2601	0.0968	9304
hyperlight_mappo	TRAIN	70	1320.8860	0.000111	-274.8850	16.8246	0.0952	9103
hyperlight_mappo	TEST	70	1336.1926	0.000111	-280.1244	17.1537	0.1094	9222
hyperlight_mappo	TRAIN	71	1289.7291	0.000100	-257.7256	15.7699	0.0955	9317
hyperlight_mappo	TRAIN	72	1318.6320	0.000100	-273.9858	16.7720	0.0965	9202
hyperlight_mappo	TRAIN	73	1293.2713	0.000085	-258.7585	15.8332	0.0955	9457
hyperlight_mappo	TRAIN	74	1294.4727	0.000129	-261.7191	16.0141	0.0967	9515
hyperlight_mappo	TRAIN	75	1281.6220	0.000073	-254.3763	15.5644	0.0939	9300
hyperlight_mappo	TEST	75	1358.2572	0.000073	-292.0864	17.8904	0.1052	9242
hyperlight_mappo	TRAIN	76	1299.9201	0.000095	-260.4147	15.9329	0.0947	9358
hyperlight_mappo	TRAIN	77	1297.7113	0.000096	-262.3849	16.0549	0.0969	9507
hyperlight_mappo	TRAIN	78	1294.5812	0.000092	-262.3900	16.0596	0.0938	9289
hyperlight_mappo	TRAIN	79	1273.4664	0.000099	-251.1832	15.3681	0.0931	9433
hyperlight_mappo	TRAIN	80	1282.5058	0.000060	-253.8652	15.5314	0.0933	9473
hyperlight_mappo	TEST	80	1350.6402	0.000060	-289.9073	17.7565	0.0991	8981
hyperlight_mappo	TRAIN	81	1304.3207	0.000112	-267.1427	16.3503	0.0922	9148
hyperlight_mappo	TRAIN	82	1282.9477	0.000101	-257.2770	15.7440	0.0934	9496
hyperlight_mappo	TRAIN	83	1307.4135	0.000095	-266.2657	16.2963	0.0931	9216
hyperlight_mappo	TRAIN	84	1280.6732	0.000084	-258.1047	15.7943	0.0937	9541
hyperlight_mappo	TRAIN	85	1292.7624	0.000078	-259.8436	15.9004	0.0934	9308
hyperlight_mappo	TEST	85	1325.8815	0.000078	-284.6118	17.4305	0.0983	9391
hyperlight_mappo	TRAIN	86	1278.1485	0.000074	-256.5424	15.6974	0.0947	9646
hyperlight_mappo	TRAIN	87	1269.2875	0.000047	-254.4377	15.5715	0.0934	9584
hyperlight_mappo	TRAIN	88	1322.0030	0.000149	-280.4477	17.1675	0.0946	9180
hyperlight_mappo	TRAIN	89	1296.4531	0.000069	-270.4493	16.5550	0.0921	9288
hyperlight_mappo	TRAIN	90	1294.9806	0.000088	-268.2865	16.4181	0.0934	9210
hyperlight_mappo	TEST	90	1313.1739	0.000088	-279.1385	17.0960	0.0990	9440
hyperlight_mappo	TRAIN	91	1273.8213	0.000037	-258.9922	15.8460	0.0926	9423
hyperlight_mappo	TRAIN	92	1268.6609	0.000028	-257.9919	15.7898	0.0908	9373
hyperlight_mappo	TRAIN	93	1281.2971	0.000045	-259.7231	15.8957	0.0911	9333
hyperlight_mappo	TRAIN	94	1279.4526	0.000072	-262.0261	16.0364	0.0914	9353
hyperlight_mappo	TRAIN	95	1265.0567	0.000088	-247.8876	15.1706	0.0915	9559
hyperlight_mappo	TEST	95	1296.0549	0.000088	-265.7009	16.2702	0.0956	9252
hyperlight_mappo	TRAIN	96	1276.8335	0.000085	-258.7271	15.8360	0.0915	9540
hyperlight_mappo	TRAIN	97	1286.9975	0.000080	-264.2192	16.1749	0.0926	9509
hyperlight_mappo	TRAIN	98	1269.4608	0.000100	-257.6507	15.7697	0.0919	9532
hyperlight_mappo	TRAIN	99	1272.4372	0.000073	-258.4228	15.8151	0.0919	9417
hyperlight_mappo	TRAIN	100	1278.7955	0.000066	-262.6050	16.0742	0.0906	9415
hyperlight_mappo	TEST	100	1293.2139	0.000066	-268.4608	16.4410	0.0931	9502
hyperlight_mappo	TRAIN	101	1291.7735	0.000136	-262.7058	16.0817	0.0900	9359
hyperlight_mappo	TRAIN	102	1249.5882	0.000073	-243.9622	14.9267	0.0904	9647
hyperlight_mappo	TRAIN	103	1278.7996	0.000073	-258.4157	15.8139	0.0917	9587
hyperlight_mappo	TRAIN	104	1276.6879	0.000058	-263.2679	16.1140	0.0925	9508
hyperlight_mappo	TRAIN	105	1281.2224	0.000091	-265.4552	16.2471	0.0917	9535
hyperlight_mappo	TEST	105	1298.2642	0.000091	-272.6142	16.6974	0.0932	9478
hyperlight_mappo	TRAIN	106	1272.1064	0.000063	-260.0608	15.9170	0.0929	9599
hyperlight_mappo	TRAIN	107	1272.1966	0.000046	-260.1685	15.9206	0.0917	9557
hyperlight_mappo	TRAIN	108	1261.8346	0.000091	-254.2023	15.5531	0.0908	9716
hyperlight_mappo	TRAIN	109	1243.3736	0.000090	-245.5538	15.0208	0.0903	9591
hyperlight_mappo	TRAIN	110	1243.4012	0.000134	-244.1166	14.9372	0.0902	9866
hyperlight_mappo	TEST	110	1240.5479	0.000134	-245.8430	15.0493	0.0922	10117
hyperlight_mappo	TRAIN	111	1235.9750	0.000096	-241.0691	14.7463	0.0908	9987
hyperlight_mappo	TRAIN	112	1247.7013	0.000095	-246.3704	15.0743	0.0905	9764
hyperlight_mappo	TRAIN	113	1225.7431	0.000071	-238.6538	14.5984	0.0902	9743
hyperlight_mappo	TRAIN	114	1231.2616	0.000060	-239.2391	14.6365	0.0904	9638
hyperlight_mappo	TRAIN	115	1232.9906	0.000094	-240.3573	14.7034	0.0905	9809
hyperlight_mappo	TEST	115	1285.6512	0.000094	-268.3384	16.4334	0.0967	9575
hyperlight_mappo	TRAIN	116	1244.5994	0.000058	-244.8862	14.9838	0.0900	9558
hyperlight_mappo	TRAIN	117	1261.4596	0.000117	-252.1070	15.4298	0.0938	9515
hyperlight_mappo	TRAIN	118	1249.9586	0.000074	-251.8906	15.4127	0.0914	9789
hyperlight_mappo	TRAIN	119	1242.3873	0.000106	-249.8161	15.2838	0.0902	9625
hyperlight_mappo	TRAIN	120	1238.1356	0.000065	-247.4474	15.1409	0.0918	9671
hyperlight_mappo	TEST	120	1241.5667	0.000065	-247.4178	15.1460	0.0920	9885
hyperlight_mappo	TRAIN	121	1231.8400	0.000063	-243.1276	14.8765	0.0907	9702
hyperlight_mappo	TRAIN	122	1218.2038	0.000088	-234.7716	14.3620	0.0896	9937
hyperlight_mappo	TRAIN	123	1234.6101	0.000051	-240.9226	14.7413	0.0902	9667
hyperlight_mappo	TRAIN	124	1259.0003	0.000079	-255.2606	15.6243	0.0911	9535
hyperlight_mappo	TRAIN	125	1244.1490	0.000058	-251.1486	15.3713	0.0912	9720
hyperlight_mappo	TEST	125	1279.8229	0.000058	-269.3558	16.4951	0.0914	9297
hyperlight_mappo	TRAIN	126	1248.0036	0.000075	-251.9268	15.4188	0.0905	9696
hyperlight_mappo	TRAIN	127	1247.2175	0.000061	-247.4079	15.1406	0.0902	9534
hyperlight_mappo	TRAIN	128	1255.0234	0.000083	-252.5944	15.4613	0.0895	9675
hyperlight_mappo	TRAIN	129	1230.8432	0.000082	-240.5571	14.7175	0.0898	9636
hyperlight_mappo	TRAIN	130	1259.2013	0.000098	-260.1581	15.9249	0.0909	9654
hyperlight_mappo	TEST	130	1265.7159	0.000098	-263.3490	16.1290	0.0909	9731
hyperlight_mappo	TRAIN	131	1253.8912	0.000087	-252.6512	15.4635	0.0891	9724
hyperlight_mappo	TRAIN	132	1245.3831	0.000108	-250.3042	15.3185	0.0904	9792
hyperlight_mappo	TRAIN	133	1242.8167	0.000069	-248.5153	15.2089	0.0889	9666
hyperlight_mappo	TRAIN	134	1230.3354	0.000071	-242.4215	14.8323	0.0879	9550
hyperlight_mappo	TRAIN	135	1247.4786	0.000096	-249.4540	15.2638	0.0895	9881
hyperlight_mappo	TEST	135	1282.9150	0.000096	-274.2274	16.7949	0.0922	9539
hyperlight_mappo	TRAIN	136	1267.8684	0.000075	-257.7579	15.7769	0.0905	9552
hyperlight_mappo	TRAIN	137	1265.1163	0.000159	-263.1713	16.1131	0.0906	9660
hyperlight_mappo	TRAIN	138	1270.2442	0.000069	-260.1782	15.9283	0.0919	9655
hyperlight_mappo	TRAIN	139	1253.5499	0.000042	-250.8775	15.3549	0.0899	9615
hyperlight_mappo	TRAIN	140	1262.3476	0.000054	-254.9920	15.6094	0.0908	9649
hyperlight_mappo	TEST	140	1295.8796	0.000054	-275.5115	16.8761	0.0922	9316
hyperlight_mappo	TRAIN	141	1243.9830	0.000031	-246.5791	15.0903	0.0889	9604
hyperlight_mappo	TRAIN	142	1233.5126	0.000041	-240.8077	14.7350	0.0882	9619
hyperlight_mappo	TRAIN	143	1263.3345	0.000074	-255.3673	15.6324	0.0891	9551
hyperlight_mappo	TRAIN	144	1288.4850	0.000143	-269.2427	16.4868	0.0882	9350
hyperlight_mappo	TRAIN	145	1266.6928	0.000088	-254.1433	15.5554	0.0889	9649
hyperlight_mappo	TEST	145	1285.9224	0.000088	-274.2380	16.7985	0.0919	9574
hyperlight_mappo	TRAIN	146	1282.7101	0.000151	-259.8724	15.9070	0.0884	9221
hyperlight_mappo	TRAIN	147	1244.6783	0.000110	-242.8559	14.8600	0.0851	9447
hyperlight_mappo	TRAIN	148	1232.1677	0.000041	-237.7137	14.5430	0.0861	9603
hyperlight_mappo	TRAIN	149	1238.0658	0.000115	-238.0378	14.5652	0.0858	9370
hyperlight_mappo	TRAIN	150	1231.0204	0.000055	-231.7400	14.1802	0.0855	9455
hyperlight_mappo	TEST	150	1265.4038	0.000055	-256.3925	15.7013	0.0890	9529
hyperlight_mappo	TRAIN	151	1235.8742	0.000116	-237.1066	14.5089	0.0872	9728
hyperlight_mappo	TRAIN	152	1226.9119	0.000073	-233.0422	14.2587	0.0864	9575
hyperlight_mappo	TRAIN	153	1227.5323	0.000052	-231.8585	14.1835	0.0866	9488
hyperlight_mappo	TRAIN	154	1262.8012	0.000084	-247.0756	15.1235	0.0876	9623
hyperlight_mappo	TRAIN	155	1230.6900	0.000080	-233.8280	14.3042	0.0881	9710
hyperlight_mappo	TEST	155	1263.5515	0.000080	-259.1125	15.8666	0.0875	9548
hyperlight_mappo	TRAIN	156	1238.8095	0.000089	-236.5699	14.4729	0.0867	9580
hyperlight_mappo	TRAIN	157	1225.0597	0.000048	-233.1247	14.2620	0.0873	9679
hyperlight_mappo	TRAIN	158	1245.0208	0.000055	-242.4911	14.8383	0.0894	9713
hyperlight_mappo	TRAIN	159	1234.4741	0.000078	-238.4588	14.5893	0.0875	9686
hyperlight_mappo	TRAIN	160	1222.8530	0.000090	-235.4968	14.4094	0.0893	9920
hyperlight_mappo	TEST	160	1266.4833	0.000090	-267.6347	16.3894	0.0919	9425
hyperlight_mappo	TRAIN	161	1229.8278	0.000050	-241.0934	14.7532	0.0891	9706
hyperlight_mappo	TRAIN	162	1238.8180	0.000082	-243.9776	14.9313	0.0890	9826
hyperlight_mappo	TRAIN	163	1227.0891	0.000041	-238.8603	14.6145	0.0888	9682
hyperlight_mappo	TRAIN	164	1220.3731	0.000030	-232.8607	14.2499	0.0877	9633
hyperlight_mappo	TRAIN	165	1251.7235	0.000056	-247.1579	15.1272	0.0887	9672
hyperlight_mappo	TEST	165	1251.0322	0.000056	-255.6537	15.6539	0.0899	9750
hyperlight_mappo	TRAIN	166	1241.2532	0.000032	-242.5993	14.8439	0.0877	9641
hyperlight_mappo	TRAIN	167	1240.6550	0.000065	-238.7345	14.6075	0.0889	9685
hyperlight_mappo	TRAIN	168	1249.1948	0.000074	-248.7823	15.2273	0.0877	9721
hyperlight_mappo	TRAIN	169	1240.0542	0.000045	-243.3295	14.8919	0.0876	9784
hyperlight_mappo	TRAIN	170	1241.9564	0.000099	-244.3233	14.9536	0.0892	9511
hyperlight_mappo	TEST	170	1259.8440	0.000099	-256.8068	15.7253	0.0900	9524
hyperlight_mappo	TRAIN	171	1239.4602	0.000048	-242.2380	14.8250	0.0877	9618
hyperlight_mappo	TRAIN	172	1225.9882	0.000046	-232.5051	14.2259	0.0864	9585
hyperlight_mappo	TRAIN	173	1238.1125	0.000146	-243.7509	14.9220	0.0859	9394
hyperlight_mappo	TRAIN	174	1222.3690	0.000127	-238.3262	14.5876	0.0863	9723
hyperlight_mappo	TRAIN	175	1216.1344	0.000034	-232.0749	14.1984	0.0869	9903
hyperlight_mappo	TEST	175	1253.1709	0.000034	-255.8432	15.6645	0.0885	9625
hyperlight_mappo	TRAIN	176	1233.6496	0.000064	-241.5349	14.7819	0.0864	9790
hyperlight_mappo	TRAIN	177	1239.7105	0.000071	-249.1368	15.2501	0.0882	9608
hyperlight_mappo	TRAIN	178	1263.8713	0.000061	-253.9499	15.5468	0.0866	9367
hyperlight_mappo	TRAIN	179	1247.9511	0.000053	-252.8206	15.4764	0.0864	9485
hyperlight_mappo	TRAIN	180	1255.0201	0.000075	-251.4408	15.3931	0.0875	9474
hyperlight_mappo	TEST	180	1296.3747	0.000075	-276.8148	16.9539	0.0905	9209
hyperlight_mappo	TRAIN	181	1257.5996	0.000068	-252.3629	15.4509	0.0871	9550
hyperlight_mappo	TRAIN	182	1230.9191	0.000061	-243.5593	14.9098	0.0854	9542
hyperlight_mappo	TRAIN	183	1239.1893	0.000036	-247.4505	15.1476	0.0856	9675
hyperlight_mappo	TRAIN	184	1251.8206	0.000069	-247.4585	15.1490	0.0861	9432
hyperlight_mappo	TRAIN	185	1235.4430	0.000071	-242.2065	14.8250	0.0853	9622
hyperlight_mappo	TEST	185	1262.1740	0.000071	-258.9941	15.8576	0.0865	9361
hyperlight_mappo	TRAIN	186	1266.0223	0.000126	-259.3181	15.8770	0.0872	9278
hyperlight_mappo	TRAIN	187	1246.3577	0.000090	-245.2319	15.0120	0.0857	9574
hyperlight_mappo	TRAIN	188	1244.2197	0.000060	-245.3015	15.0178	0.0848	9509
hyperlight_mappo	TRAIN	189	1244.3623	0.000051	-240.6531	14.7281	0.0860	9525
hyperlight_mappo	TRAIN	190	1256.6272	0.000124	-253.3710	15.5088	0.0868	9314
hyperlight_mappo	TEST	190	1259.5171	0.000124	-264.3575	16.1880	0.0868	9711
hyperlight_mappo	TRAIN	191	1243.8394	0.000083	-240.8331	14.7357	0.0877	9414
hyperlight_mappo	TRAIN	192	1254.7424	0.000075	-251.2164	15.3758	0.0868	9732
hyperlight_mappo	TRAIN	193	1251.9088	0.000068	-249.0269	15.2439	0.0868	9466
hyperlight_mappo	TRAIN	194	1256.4497	0.000072	-247.8092	15.1705	0.0873	9510
hyperlight_mappo	TRAIN	195	1236.8383	0.000064	-239.4362	14.6522	0.0862	9712
hyperlight_mappo	TEST	195	1240.9158	0.000064	-245.6558	15.0384	0.0866	9507
hyperlight_mappo	TRAIN	196	1258.4818	0.000070	-248.0921	15.1864	0.0862	9474
hyperlight_mappo	TRAIN	197	1235.9471	0.000033	-240.7116	14.7301	0.0846	9589
hyperlight_mappo	TRAIN	198	1239.6139	0.000028	-242.6135	14.8472	0.0865	9571
hyperlight_mappo	TRAIN	199	1223.2842	0.000066	-235.4028	14.4036	0.0837	9443
hyperlight_mappo	TRAIN	200	1234.1993	0.000046	-237.4474	14.5292	0.0845	9444
hyperlight_mappo	TEST	200	1222.0648	0.000046	-231.2018	14.1457	0.0840	9457
hyperlight_mappo	TRAIN	201	1227.5939	0.000080	-233.9027	14.3136	0.0846	9495
hyperlight_mappo	TRAIN	202	1233.3854	0.000038	-238.5026	14.5946	0.0857	9489
hyperlight_mappo	TRAIN	203	1241.2328	0.000041	-239.6052	14.6635	0.0850	9361
hyperlight_mappo	TRAIN	204	1240.9047	0.000030	-239.4482	14.6539	0.0852	9414
hyperlight_mappo	TRAIN	205	1262.2190	0.000096	-251.3002	15.3860	0.0852	9403
hyperlight_mappo	TEST	205	1244.4356	0.000096	-243.3214	14.8941	0.0846	9486
hyperlight_mappo	TRAIN	206	1245.2855	0.000047	-242.2579	14.8278	0.0843	9393
hyperlight_mappo	TRAIN	207	1288.6103	0.000160	-270.4423	16.5610	0.0863	9461
hyperlight_mappo	TRAIN	208	1259.7288	0.000047	-246.6193	15.0958	0.0846	9154
hyperlight_mappo	TRAIN	209	1261.8971	0.000087	-246.8138	15.1089	0.0845	9264
hyperlight_mappo	TRAIN	210	1266.6621	0.000068	-252.3000	15.4452	0.0853	9339
hyperlight_mappo	TEST	210	1251.8261	0.000068	-250.4919	15.3357	0.0844	9316
hyperlight_mappo	TRAIN	211	1257.0376	0.000050	-246.9832	15.1192	0.0834	9276
hyperlight_mappo	TRAIN	212	1260.1145	0.000034	-247.7297	15.1637	0.0844	9298
hyperlight_mappo	TRAIN	213	1255.2565	0.000080	-245.4739	15.0257	0.0839	9223
hyperlight_mappo	TRAIN	214	1234.3686	0.000085	-238.0522	14.5655	0.0846	9484
hyperlight_mappo	TRAIN	215	1248.8397	0.000066	-241.8784	14.8042	0.0853	9319
hyperlight_mappo	TEST	215	1231.5044	0.000066	-242.1185	14.8192	0.0839	9431
hyperlight_mappo	TRAIN	216	1230.1135	0.000138	-236.0640	14.4447	0.0829	9397
hyperlight_mappo	TRAIN	217	1243.3006	0.000088	-237.8882	14.5552	0.0828	9303
hyperlight_mappo	TRAIN	218	1234.7738	0.000089	-237.4454	14.5279	0.0849	9478
hyperlight_mappo	TRAIN	219	1202.6454	0.000096	-224.4673	13.7316	0.0838	9576
hyperlight_mappo	TRAIN	220	1247.8527	0.000083	-240.0595	14.6887	0.0859	9175
hyperlight_mappo	TEST	220	1231.4558	0.000083	-234.7935	14.3695	0.0822	9467
hyperlight_mappo	TRAIN	221	1230.5304	0.000085	-233.3284	14.2799	0.0844	9495
hyperlight_mappo	TRAIN	222	1222.1924	0.000096	-230.0573	14.0767	0.0852	9587
hyperlight_mappo	TRAIN	223	1218.2540	0.000081	-227.7345	13.9320	0.0846	9414
hyperlight_mappo	TRAIN	224	1230.0208	0.000094	-232.4403	14.2204	0.0844	9193
hyperlight_mappo	TRAIN	225	1232.0129	0.000065	-235.3695	14.4005	0.0854	9380
hyperlight_mappo	TEST	225	1244.1479	0.000065	-248.7175	15.2279	0.0855	9582
hyperlight_mappo	TRAIN	226	1229.1598	0.000103	-235.4892	14.4114	0.0862	9573
hyperlight_mappo	TRAIN	227	1218.8392	0.000094	-229.2712	14.0255	0.0855	9541
hyperlight_mappo	TRAIN	228	1209.1518	0.000086	-229.1383	14.0176	0.0847	9749
hyperlight_mappo	TRAIN	229	1239.1917	0.000068	-242.6152	14.8455	0.0868	9634
hyperlight_mappo	TRAIN	230	1259.9827	0.000054	-248.7502	15.2238	0.0866	9315
hyperlight_mappo	TEST	230	1222.0616	0.000054	-240.2746	14.7064	0.0853	9721
hyperlight_mappo	TRAIN	231	1249.2318	0.000063	-246.7683	15.1023	0.0854	9298
hyperlight_mappo	TRAIN	232	1254.1026	0.000070	-250.9095	15.3579	0.0860	9524
hyperlight_mappo	TRAIN	233	1226.6257	0.000064	-237.4997	14.5306	0.0843	9561
hyperlight_mappo	TRAIN	234	1231.7216	0.000087	-241.0001	14.7490	0.0845	9480
hyperlight_mappo	TRAIN	235	1229.4382	0.000028	-240.0660	14.6907	0.0844	9603
hyperlight_mappo	TEST	235	1245.0543	0.000028	-248.3473	15.2027	0.0839	9638
hyperlight_mappo	TRAIN	236	1223.4613	0.000058	-237.1519	14.5092	0.0857	9664
hyperlight_mappo	TRAIN	237	1239.0835	0.000040	-241.3087	14.7671	0.0856	9544
hyperlight_mappo	TRAIN	238	1205.5257	0.000042	-229.5699	14.0474	0.0838	9595
hyperlight_mappo	TRAIN	239	1249.6856	0.000123	-246.3908	15.0824	0.0864	9428
hyperlight_mappo	TRAIN	240	1222.9581	0.000040	-234.2471	14.3349	0.0845	9452
hyperlight_mappo	TEST	240	1281.4880	0.000040	-260.6301	15.9601	0.0856	9563
hyperlight_mappo	TRAIN	241	1219.1057	0.000018	-232.6919	14.2378	0.0844	9578
hyperlight_mappo	TRAIN	242	1233.2760	0.000046	-240.4637	14.7179	0.0855	9660
hyperlight_mappo	TRAIN	243	1233.2376	0.000070	-243.6663	14.9148	0.0869	9573
hyperlight_mappo	TRAIN	244	1226.5215	0.000061	-240.5633	14.7234	0.0857	9773
hyperlight_mappo	TRAIN	245	1209.1477	0.000076	-229.3669	14.0335	0.0838	9642
hyperlight_mappo	TEST	245	1226.2840	0.000076	-232.7068	14.2394	0.0856	9874
hyperlight_mappo	TRAIN	246	1218.7942	0.000098	-233.4218	14.2820	0.0858	9743
hyperlight_mappo	TRAIN	247	1236.3848	0.000070	-237.5570	14.5347	0.0850	9537
hyperlight_mappo	TRAIN	248	1211.8343	0.000041	-228.7247	13.9900	0.0847	9812
hyperlight_mappo	TRAIN	249	1220.3446	0.000037	-234.0343	14.3188	0.0852	9795
