structural conditioning spec: structural_v1:in_lane_count,out_lane_count,in_degree,out_degree,node_degree,neighbor_count,phase_count,startlane_count,lanes_per_in_road,lanes_per_out_road,out_in_lane_ratio,controlled_neighbor_ratio
structural features (min/mean/max): in_lane_count[12/12.00/12] out_lane_count[12/12.00/12] in_degree[4/4.00/4] out_degree[4/4.00/4] node_degree[8/8.00/8] neighbor_count[2/3.00/4] phase_count[8/8.00/8] startlane_count[12/12.00/12] lanes_per_in_road[3/3.00/3] lanes_per_out_road[3/3.00/3] out_in_lane_ratio[1/1.00/1] controlled_neighbor_ratio[0.5/0.75/1]
step:3600/3600, q_loss:0.002661227669428896, rewards:-20.716554641723633, queue:15.446353912353516, delay:0.12628260254859924, throughput:2430
episode:0/250, real avg travel time:724.3704324505532
Test step:0/250, travel time :1165.7294669795508, rewards:-66.03555297851562, queue:49.64323043823242, delay:0.28254106640815735, throughput:2202
New best TEST travel time 1165.7295 at episode 0, saved as best checkpoint
step:3600/3600, q_loss:0.0022578990155899966, rewards:-19.705808639526367, queue:14.68055534362793, delay:0.12155015766620636, throughput:2519
episode:1/250, real avg travel time:666.1609118337244
step:3600/3600, q_loss:0.0019499973014548975, rewards:-17.996965408325195, queue:13.397743225097656, delay:0.12632355093955994, throughput:2621
episode:2/250, real avg travel time:622.5859872611464
step:3600/3600, q_loss:0.002109096144084577, rewards:-19.61844825744629, queue:14.61892318725586, delay:0.12759143114089966, throughput:2591
episode:3/250, real avg travel time:649.1830372108616
step:3600/3600, q_loss:0.0007146232106067517, rewards:-14.193102836608887, queue:10.536458015441895, delay:0.1342199146747589, throughput:2845
episode:4/250, real avg travel time:517.8803218236675
step:3600/3600, q_loss:0.001050952739185757, rewards:-15.106598854064941, queue:11.226388931274414, delay:0.13278764486312866, throughput:2799
episode:5/250, real avg travel time:541.1019108280254
Test step:5/250, travel time :1165.7294669795508, rewards:-66.03555297851562, queue:49.64323043823242, delay:0.28254106640815735, throughput:2202
step:3600/3600, q_loss:0.0007912863977253437, rewards:-13.338285446166992, queue:9.893403053283691, delay:0.12732532620429993, throughput:2806
episode:6/250, real avg travel time:515.8012068387529
step:3600/3600, q_loss:0.00032282313331961633, rewards:-10.779327392578125, queue:7.980381965637207, delay:0.13144762814044952, throughput:2862
episode:7/250, real avg travel time:465.8176332551123
step:3600/3600, q_loss:0.00012049535203173204, rewards:-9.52747631072998, queue:7.028124809265137, delay:0.1334807276725769, throughput:2904
episode:8/250, real avg travel time:448.51692926583974
step:3600/3600, q_loss:8.411652675864322e-06, rewards:-7.203981399536133, queue:5.281770706176758, delay:0.13071592152118683, throughput:2905
episode:9/250, real avg travel time:407.1317465638619
step:3600/3600, q_loss:9.185663872846851e-05, rewards:-7.787569046020508, queue:5.719791889190674, delay:0.13122758269309998, throughput:2912
episode:10/250, real avg travel time:421.3721086154878
Test step:10/250, travel time :1165.7294669795508, rewards:-66.03555297851562, queue:49.64323043823242, delay:0.28254106640815735, throughput:2202
step:3600/3600, q_loss:-4.458912924208023e-06, rewards:-6.684676647186279, queue:4.874826431274414, delay:0.1369888335466385, throughput:2920
episode:11/250, real avg travel time:397.2433791485082
step:3600/3600, q_loss:6.175902672111988e-06, rewards:-6.473240852355957, queue:4.73350715637207, delay:0.13209788501262665, throughput:2902
episode:12/250, real avg travel time:394.8447871270533
step:3600/3600, q_loss:2.6526541828557295e-06, rewards:-6.398519039154053, queue:4.667881965637207, delay:0.13194890320301056, throughput:2894
episode:13/250, real avg travel time:394.04827355011736
step:3600/3600, q_loss:-1.7541890998405438e-05, rewards:-5.511806011199951, queue:3.9935762882232666, delay:0.1256207972764969, throughput:2912
episode:14/250, real avg travel time:380.6761649346296
step:3600/3600, q_loss:-3.532334662008065e-05, rewards:-5.127522945404053, queue:3.7008681297302246, delay:0.12503667175769806, throughput:2912
episode:15/250, real avg travel time:372.846128059001
Test step:15/250, travel time :889.877975192759, rewards:-45.932518005371094, queue:34.50260543823242, delay:0.2904546856880188, throughput:2586
New best TEST travel time 889.8780 at episode 15, saved as best checkpoint
step:3600/3600, q_loss:-4.248503742187663e-05, rewards:-4.737431049346924, queue:3.410243034362793, delay:0.12422413378953934, throughput:2922
episode:16/250, real avg travel time:366.1840429098223
step:3600/3600, q_loss:-3.493839025462943e-05, rewards:-4.436157703399658, queue:3.1861112117767334, delay:0.11822235584259033, throughput:2915
episode:17/250, real avg travel time:360.97720415688906
step:3600/3600, q_loss:-2.98912703766729e-05, rewards:-4.414953708648682, queue:3.1694445610046387, delay:0.11576883494853973, throughput:2919
episode:18/250, real avg travel time:362.0828025477707
step:3600/3600, q_loss:-4.313998463287674e-05, rewards:-4.171574115753174, queue:2.9829862117767334, delay:0.11603139340877533, throughput:2927
episode:19/250, real avg travel time:358.4528997653369
step:3600/3600, q_loss:-3.5611641619147523e-05, rewards:-4.111944675445557, queue:2.944791555404663, delay:0.10941062867641449, throughput:2923
episode:20/250, real avg travel time:358.07945021790147
Test step:20/250, travel time :811.4532349983239, rewards:-40.11740493774414, queue:30.125, delay:0.27637389302253723, throughput:2629
New best TEST travel time 811.4532 at episode 20, saved as best checkpoint
step:3600/3600, q_loss:-3.5478967388539956e-05, rewards:-3.851621150970459, queue:2.7411458492279053, delay:0.1091838926076889, throughput:2925
episode:21/250, real avg travel time:353.21555481059335
step:3600/3600, q_loss:-4.769976927760851e-05, rewards:-3.8612494468688965, queue:2.750173568725586, delay:0.10873129963874817, throughput:2922
episode:22/250, real avg travel time:354.07643312101914
step:3600/3600, q_loss:-4.1051963301099564e-05, rewards:-3.8455090522766113, queue:2.738541603088379, delay:0.10500877350568771, throughput:2929
episode:23/250, real avg travel time:353.6610794502179
step:3600/3600, q_loss:-3.8305571285524854e-05, rewards:-3.4867358207702637, queue:2.4677083492279053, delay:0.10036051273345947, throughput:2924
episode:24/250, real avg travel time:348.5662085149179
step:3600/3600, q_loss:-4.1768212880318364e-05, rewards:-3.4570136070251465, queue:2.438194513320923, delay:0.1032789871096611, throughput:2930
episode:25/250, real avg travel time:347.5464297686892
Test step:25/250, travel time :504.29567549446864, rewards:-16.121435165405273, queue:12.029166221618652, delay:0.20918554067611694, throughput:2877
New best TEST travel time 504.2957 at episode 25, saved as best checkpoint
step:3600/3600, q_loss:-4.016347121688779e-05, rewards:-3.19201397895813, queue:2.2482638359069824, delay:0.0960966944694519, throughput:2930
episode:26/250, real avg travel time:344.21689574254106
step:3600/3600, q_loss:-3.7379788355556904e-05, rewards:-3.317315101623535, queue:2.339756965637207, delay:0.10168185830116272, throughput:2921
episode:27/250, real avg travel time:345.11498491451556
step:3600/3600, q_loss:-4.435486194712144e-05, rewards:-3.1135189533233643, queue:2.187847137451172, delay:0.09990929812192917, throughput:2928
episode:28/250, real avg travel time:342.3043915521287
step:3600/3600, q_loss:-4.298954089689586e-05, rewards:-3.134328842163086, queue:2.1904513835906982, delay:0.09829360991716385, throughput:2930
episode:29/250, real avg travel time:343.312437143815
step:3600/3600, q_loss:-3.61485980209653e-05, rewards:-3.0746524333953857, queue:2.160937547683716, delay:0.09605689346790314, throughput:2926
episode:30/250, real avg travel time:342.3053972510895
Test step:30/250, travel time :401.94233992624874, rewards:-7.785834312438965, queue:5.72534704208374, delay:0.17505238950252533, throughput:2916
New best TEST travel time 401.9423 at episode 30, saved as best checkpoint
step:3600/3600, q_loss:-4.1235889161557514e-05, rewards:-2.9053473472595215, queue:2.032118082046509, delay:0.09251062572002411, throughput:2932
episode:31/250, real avg travel time:339.9815621857191
step:3600/3600, q_loss:-4.16957193347453e-05, rewards:-2.7952542304992676, queue:1.9494792222976685, delay:0.09341892600059509, throughput:2926
episode:32/250, real avg travel time:337.8109285953738
step:3600/3600, q_loss:-4.099227350067209e-05, rewards:-2.7081024646759033, queue:1.8793402910232544, delay:0.09127004444599152, throughput:2931
episode:33/250, real avg travel time:336.9001005698961
step:3600/3600, q_loss:-3.86266430184521e-05, rewards:-2.6212270259857178, queue:1.8196181058883667, delay:0.08883726596832275, throughput:2929
episode:34/250, real avg travel time:334.98524974857526
step:3600/3600, q_loss:-3.4912354830238556e-05, rewards:-2.597731828689575, queue:1.803125023841858, delay:0.0888347402215004, throughput:2926
episode:35/250, real avg travel time:334.8578612135434
Test step:35/250, travel time :338.9872611464968, rewards:-3.0198147296905518, queue:2.1390624046325684, delay:0.11576160043478012, throughput:2925
New best TEST travel time 338.9873 at episode 35, saved as best checkpoint
step:3600/3600, q_loss:-3.5606376844009866e-05, rewards:-2.5701844692230225, queue:1.7805556058883667, delay:0.08842874318361282, throughput:2932
episode:36/250, real avg travel time:334.71203486423065
step:3600/3600, q_loss:-2.932717238932296e-05, rewards:-2.4084489345550537, queue:1.6651041507720947, delay:0.08619247376918793, throughput:2929
episode:37/250, real avg travel time:331.8410995641971
step:3600/3600, q_loss:-4.102679797344737e-05, rewards:-2.293657064437866, queue:1.5711805820465088, delay:0.08085251599550247, throughput:2931
episode:38/250, real avg travel time:330.41904123365737
step:3600/3600, q_loss:-3.440810488192019e-05, rewards:-2.217384099960327, queue:1.5251736640930176, delay:0.07912255078554153, throughput:2932
episode:39/250, real avg travel time:329.4720080455917
step:3600/3600, q_loss:-3.9013723101190945e-05, rewards:-2.211967706680298, queue:1.5185763835906982, delay:0.07839887589216232, throughput:2929
episode:40/250, real avg travel time:329.34964800536375
Test step:40/250, travel time :325.25779416694604, rewards:-1.9431942701339722, queue:1.3284722566604614, delay:0.07657879590988159, throughput:2934
New best TEST travel time 325.2578 at episode 40, saved as best checkpoint
step:3600/3600, q_loss:-4.048052856146737e-05, rewards:-2.130162239074707, queue:1.460763931274414, delay:0.07690928876399994, throughput:2934
episode:41/250, real avg travel time:328.4180355346966
step:3600/3600, q_loss:-3.64547655745237e-05, rewards:-2.085578680038452, queue:1.425694465637207, delay:0.07494986057281494, throughput:2929
episode:42/250, real avg travel time:327.7358364063024
step:3600/3600, q_loss:-3.879829094296804e-05, rewards:-2.009976625442505, queue:1.3737847805023193, delay:0.07436239719390869, throughput:2930
episode:43/250, real avg travel time:326.56956084478713
step:3600/3600, q_loss:-3.6906501649085575e-05, rewards:-2.0145137310028076, queue:1.373437523841858, delay:0.07136069238185883, throughput:2932
episode:44/250, real avg travel time:326.6962789138451
step:3600/3600, q_loss:-3.3641405213900186e-05, rewards:-1.9956247806549072, queue:1.3600693941116333, delay:0.07265212386846542, throughput:2933
episode:45/250, real avg travel time:326.1015755950385
Test step:45/250, travel time :322.8628897083473, rewards:-1.8049304485321045, queue:1.228819489479065, delay:0.07048480957746506, throughput:2933
New best TEST travel time 322.8629 at episode 45, saved as best checkpoint
step:3600/3600, q_loss:-3.257792936724231e-05, rewards:-1.9613193273544312, queue:1.336111068725586, delay:0.07202999293804169, throughput:2932
episode:46/250, real avg travel time:325.778410995642
step:3600/3600, q_loss:-3.2882896657274276e-05, rewards:-1.9768520593643188, queue:1.3541666269302368, delay:0.07288012653589249, throughput:2929
episode:47/250, real avg travel time:325.64264163593697
step:3600/3600, q_loss:-2.4985966997014152e-05, rewards:-1.9356484413146973, queue:1.3173611164093018, delay:0.07146995514631271, throughput:2930
episode:48/250, real avg travel time:325.3633925578277
step:3600/3600, q_loss:-1.9880878325137826e-05, rewards:-1.9100229740142822, queue:1.2935763597488403, delay:0.0709133893251419, throughput:2930
episode:49/250, real avg travel time:325.00670465973855
step:3600/3600, q_loss:-2.8235153877176344e-05, rewards:-1.9288889169692993, queue:1.3154513835906982, delay:0.07111548632383347, throughput:2929
episode:50/250, real avg travel time:325.461615822997
Test step:50/250, travel time :321.59202145491116, rewards:-1.697638750076294, queue:1.1508680582046509, delay:0.06624480336904526, throughput:2931
New best TEST travel time 321.5920 at episode 50, saved as best checkpoint
step:3600/3600, q_loss:-2.4856379065938568e-05, rewards:-1.9911112785339355, queue:1.3572916984558105, delay:0.07285242527723312, throughput:2932
episode:51/250, real avg travel time:326.1293999329534
step:3600/3600, q_loss:-2.7128462938384877e-05, rewards:-1.8590738773345947, queue:1.2651041746139526, delay:0.06821878999471664, throughput:2930
episode:52/250, real avg travel time:324.3157894736842
step:3600/3600, q_loss:-3.102300764078757e-05, rewards:-1.8950461149215698, queue:1.291319489479065, delay:0.07137411832809448, throughput:2933
episode:53/250, real avg travel time:324.66275561515255
step:3600/3600, q_loss:-1.9406388336965056e-05, rewards:-1.8071060180664062, queue:1.2309027910232544, delay:0.06878045201301575, throughput:2934
episode:54/250, real avg travel time:323.3479718404291
step:3600/3600, q_loss:-2.5048096884145503e-05, rewards:-1.7878241539001465, queue:1.2182291746139526, delay:0.0673949271440506, throughput:2931
episode:55/250, real avg travel time:323.1786791820315
Test step:55/250, travel time :322.7448876969494, rewards:-1.7963659763336182, queue:1.2282986640930176, delay:0.07068180292844772, throughput:2932
step:3600/3600, q_loss:-2.4035860594637968e-05, rewards:-1.891851782798767, queue:1.2918403148651123, delay:0.07229304313659668, throughput:2930
episode:56/250, real avg travel time:324.3218236674489
step:3600/3600, q_loss:-2.4148144250459694e-05, rewards:-1.8446061611175537, queue:1.257986068725586, delay:0.07127275317907333, throughput:2934
episode:57/250, real avg travel time:323.63359034529
step:3600/3600, q_loss:-1.8076379610984412e-05, rewards:-1.771111249923706, queue:1.200868010520935, delay:0.06819456815719604, throughput:2933
episode:58/250, real avg travel time:322.58799865906803
step:3600/3600, q_loss:-2.1940768648939274e-05, rewards:-1.7991665601730347, queue:1.2258681058883667, delay:0.0671614333987236, throughput:2931
episode:59/250, real avg travel time:323.3778075762655
step:3600/3600, q_loss:-2.345704727944125e-05, rewards:-1.8578006029129028, queue:1.2668402194976807, delay:0.06888611614704132, throughput:2933
episode:60/250, real avg travel time:324.45189406637616
Test step:60/250, travel time :320.64331210191085, rewards:-1.6485650539398193, queue:1.124826431274414, delay:0.0656922236084938, throughput:2933
New best TEST travel time 320.6433 at episode 60, saved as best checkpoint
step:3600/3600, q_loss:-2.1929937820122747e-05, rewards:-1.8679860830307007, queue:1.2763888835906982, delay:0.06980381906032562, throughput:2931
episode:61/250, real avg travel time:324.5471002346631
step:3600/3600, q_loss:-2.602257332505865e-05, rewards:-1.740139126777649, queue:1.1793402433395386, delay:0.06590138375759125, throughput:2932
episode:62/250, real avg travel time:322.50150854844117
step:3600/3600, q_loss:-2.7665003694386946e-05, rewards:-1.6783792972564697, queue:1.1392360925674438, delay:0.06384443491697311, throughput:2931
episode:63/250, real avg travel time:321.59168622192425
step:3600/3600, q_loss:-1.2377330804830072e-05, rewards:-1.7234489917755127, queue:1.1668403148651123, delay:0.06484919786453247, throughput:2931
episode:64/250, real avg travel time:322.289641300704
step:3600/3600, q_loss:-1.9292783798408455e-05, rewards:-1.712546467781067, queue:1.156423568725586, delay:0.06470602005720139, throughput:2932
episode:65/250, real avg travel time:322.17700301709687
Test step:65/250, travel time :319.99161917532683, rewards:-1.590092658996582, queue:1.0694444179534912, delay:0.062465257942676544, throughput:2932
New best TEST travel time 319.9916 at episode 65, saved as best checkpoint
step:3600/3600, q_loss:-2.6817332966149682e-05, rewards:-1.739791750907898, queue:1.1776041984558105, delay:0.06510621309280396, throughput:2932
episode:66/250, real avg travel time:322.6235333556822
step:3600/3600, q_loss:-8.1129206120278e-06, rewards:-1.7322221994400024, queue:1.1730902194976807, delay:0.06457599997520447, throughput:2932
episode:67/250, real avg travel time:322.4337914850821
step:3600/3600, q_loss:-2.6292032217261965e-05, rewards:-1.7452080249786377, queue:1.1789931058883667, delay:0.06465360522270203, throughput:2931
episode:68/250, real avg travel time:322.8809922896413
step:3600/3600, q_loss:-2.6614960666780395e-05, rewards:-1.7529629468917847, queue:1.1869791746139526, delay:0.06516074389219284, throughput:2933
episode:69/250, real avg travel time:322.8400938652363
step:3600/3600, q_loss:-1.7426374230395864e-05, rewards:-1.7417360544204712, queue:1.175694465637207, delay:0.06446350365877151, throughput:2930
episode:70/250, real avg travel time:322.73013744552463
Test step:70/250, travel time :319.94468655715724, rewards:-1.5582406520843506, queue:1.0449652671813965, delay:0.05897962674498558, throughput:2933
New best TEST travel time 319.9447 at episode 70, saved as best checkpoint
step:3600/3600, q_loss:-2.1022051158878538e-05, rewards:-1.6606711149215698, queue:1.1190972328186035, delay:0.061437707394361496, throughput:2931
episode:71/250, real avg travel time:321.4723432785786
step:3600/3600, q_loss:-3.082105594566437e-05, rewards:-1.6549073457717896, queue:1.1128472089767456, delay:0.06133405491709709, throughput:2932
episode:72/250, real avg travel time:321.4763660744217
step:3600/3600, q_loss:-1.681955613161403e-05, rewards:-1.6491897106170654, queue:1.1097222566604614, delay:0.06174612417817116, throughput:2930
episode:73/250, real avg travel time:321.15957090177676
step:3600/3600, q_loss:-2.5348080628275597e-05, rewards:-1.6846296787261963, queue:1.1295138597488403, delay:0.060995642095804214, throughput:2932
episode:74/250, real avg travel time:322.29433456252093
step:3600/3600, q_loss:-2.2518273261893128e-05, rewards:-1.718680500984192, queue:1.148611068725586, delay:0.060519054532051086, throughput:2930
episode:75/250, real avg travel time:322.6986255447536
Test step:75/250, travel time :319.23734495474355, rewards:-1.5014584064483643, queue:0.9951388835906982, delay:0.055258773267269135, throughput:2930
New best TEST travel time 319.2373 at episode 75, saved as best checkpoint
step:3600/3600, q_loss:-2.2070866112631783e-05, rewards:-1.611180305480957, queue:1.0795139074325562, delay:0.05846656858921051, throughput:2932
episode:76/250, real avg travel time:321.00670465973855
step:3600/3600, q_loss:-2.650159230041835e-05, rewards:-1.659398078918457, queue:1.109548568725586, delay:0.06016618385910988, throughput:2929
episode:77/250, real avg travel time:321.6872276231981
step:3600/3600, q_loss:-2.731044142920938e-05, rewards:-1.6740509271621704, queue:1.1206597089767456, delay:0.06136030703783035, throughput:2934
episode:78/250, real avg travel time:321.84411666107945
step:3600/3600, q_loss:-2.4559548452358554e-05, rewards:-1.6459490060806274, queue:1.1032986640930176, delay:0.05990733206272125, throughput:2933
episode:79/250, real avg travel time:321.5471002346631
step:3600/3600, q_loss:-3.036891705253058e-05, rewards:-1.6617591381072998, queue:1.107118010520935, delay:0.061035845428705215, throughput:2931
episode:80/250, real avg travel time:321.7854508883674
Test step:80/250, travel time :319.2608112638284, rewards:-1.491735816001892, queue:0.9833333492279053, delay:0.05665527284145355, throughput:2931
step:3600/3600, q_loss:-1.3975822366774082e-05, rewards:-1.647337794303894, queue:1.1076388359069824, delay:0.059738464653491974, throughput:2932
episode:81/250, real avg travel time:321.41870600067045
step:3600/3600, q_loss:-2.53155906210412e-05, rewards:-1.6223841905593872, queue:1.0838541984558105, delay:0.05822030082345009, throughput:2932
episode:82/250, real avg travel time:321.15655380489443
step:3600/3600, q_loss:-2.647348737809807e-05, rewards:-1.6243056058883667, queue:1.0866318941116333, delay:0.058941543102264404, throughput:2927
episode:83/250, real avg travel time:321.30070398927256
step:3600/3600, q_loss:-2.5908327747688252e-05, rewards:-1.6180552244186401, queue:1.0855902433395386, delay:0.05971914902329445, throughput:2932
episode:84/250, real avg travel time:321.0492792490781
step:3600/3600, q_loss:-2.2611324244213328e-05, rewards:-1.5248609781265259, queue:1.015451431274414, delay:0.05741212144494057, throughput:2931
episode:85/250, real avg travel time:319.65303385853167
Test step:85/250, travel time :317.16594032852834, rewards:-1.3539118766784668, queue:0.8881944417953491, delay:0.05204790085554123, throughput:2932
New best TEST travel time 317.1659 at episode 85, saved as best checkpoint
step:3600/3600, q_loss:-2.3451693575932746e-05, rewards:-1.608634114265442, queue:1.074131965637207, delay:0.06041840836405754, throughput:2931
episode:86/250, real avg travel time:321.0415688903788
step:3600/3600, q_loss:-2.4015737775092324e-05, rewards:-1.570532202720642, queue:1.0477430820465088, delay:0.05824027583003044, throughput:2932
episode:87/250, real avg travel time:320.4324505531344
step:3600/3600, q_loss:-2.0796300291463183e-05, rewards:-1.5753238201141357, queue:1.0517361164093018, delay:0.058283254504203796, throughput:2931
episode:88/250, real avg travel time:320.3942339926249
step:3600/3600, q_loss:-1.4140861565937048e-05, rewards:-1.535740613937378, queue:1.0203125476837158, delay:0.05753488093614578, throughput:2933
episode:89/250, real avg travel time:319.91518605430775
step:3600/3600, q_loss:-2.388385322841781e-05, rewards:-1.5133100748062134, queue:1.0085068941116333, delay:0.05694054439663887, throughput:2932
episode:90/250, real avg travel time:319.3674153536708
Test step:90/250, travel time :318.3814951391217, rewards:-1.4491665363311768, queue:0.9597222208976746, delay:0.055595897138118744, throughput:2933
step:3600/3600, q_loss:-2.6015796336448854e-05, rewards:-1.5368282794952393, queue:1.0192707777023315, delay:0.05860455706715584, throughput:2929
episode:91/250, real avg travel time:319.8394233992625
step:3600/3600, q_loss:-1.624706675539966e-05, rewards:-1.5622450113296509, queue:1.0383681058883667, delay:0.05954015627503395, throughput:2934
episode:92/250, real avg travel time:320.2691920885015
step:3600/3600, q_loss:-2.7149048832210675e-05, rewards:-1.538610816001892, queue:1.0230902433395386, delay:0.0583079494535923, throughput:2931
episode:93/250, real avg travel time:319.7871270533021
step:3600/3600, q_loss:-1.765091707326334e-05, rewards:-1.5241204500198364, queue:1.0130208730697632, delay:0.05718108266592026, throughput:2932
episode:94/250, real avg travel time:319.70030170968823
step:3600/3600, q_loss:-1.4324380188352531e-05, rewards:-1.5273610353469849, queue:1.0168402194976807, delay:0.05796118825674057, throughput:2933
episode:95/250, real avg travel time:319.82567884679855
Test step:95/250, travel time :316.70264834059674, rewards:-1.3494212627410889, queue:0.8925347328186035, delay:0.05298474803566933, throughput:2931
New best TEST travel time 316.7026 at episode 95, saved as best checkpoint
step:3600/3600, q_loss:-2.8424600949855868e-05, rewards:-1.5135645866394043, queue:1.0026041269302368, delay:0.057420890778303146, throughput:2931
episode:96/250, real avg travel time:319.50988937311433
step:3600/3600, q_loss:-1.3804604101029258e-05, rewards:-1.5278931856155396, queue:1.0151041746139526, delay:0.05749945715069771, throughput:2931
episode:97/250, real avg travel time:319.67046597385183
step:3600/3600, q_loss:-1.7251641515435444e-05, rewards:-1.5232174396514893, queue:1.0161458253860474, delay:0.058471277356147766, throughput:2932
episode:98/250, real avg travel time:319.40965471002346
step:3600/3600, q_loss:-2.1439120259687854e-05, rewards:-1.5432409048080444, queue:1.0354167222976685, delay:0.058451272547245026, throughput:2931
episode:99/250, real avg travel time:319.8166275561515
step:3600/3600, q_loss:-1.720333530101925e-05, rewards:-1.501157283782959, queue:1.0013889074325562, delay:0.05747165530920029, throughput:2934
episode:100/250, real avg travel time:319.08649011062687
Test step:100/250, travel time :317.71237009721756, rewards:-1.4088425636291504, queue:0.9378471970558167, delay:0.0551510713994503, throughput:2933
step:3600/3600, q_loss:-1.3435311201545927e-05, rewards:-1.5215044021606445, queue:1.0138888359069824, delay:0.057652801275253296, throughput:2932
episode:101/250, real avg travel time:319.50150854844117
step:3600/3600, q_loss:-2.5585987303337016e-05, rewards:-1.5228705406188965, queue:1.0151041746139526, delay:0.05836084857583046, throughput:2931
episode:102/250, real avg travel time:319.6473348977539
step:3600/3600, q_loss:-1.4243061283465338e-05, rewards:-1.498773217201233, queue:0.9949652552604675, delay:0.05660073086619377, throughput:2930
episode:103/250, real avg travel time:319.13878645658735
step:3600/3600, q_loss:-1.5238274850330696e-05, rewards:-1.5103702545166016, queue:1.003819465637207, delay:0.05635655298829079, throughput:2933
episode:104/250, real avg travel time:319.2547770700637
step:3600/3600, q_loss:-1.4335497204835217e-05, rewards:-1.5086110830307007, queue:1.0072916746139526, delay:0.058007605373859406, throughput:2931
episode:105/250, real avg travel time:319.3442842775729
Test step:105/250, travel time :317.1599061347637, rewards:-1.3763427734375, queue:0.9097222089767456, delay:0.05397474393248558, throughput:2931
step:3600/3600, q_loss:-2.4738196710435053e-05, rewards:-1.5414116382598877, queue:1.0286458730697632, delay:0.05840951204299927, throughput:2932
episode:106/250, real avg travel time:319.9534026148173
step:3600/3600, q_loss:-1.9304539913449574e-05, rewards:-1.5578935146331787, queue:1.0425347089767456, delay:0.05899104103446007, throughput:2932
episode:107/250, real avg travel time:319.9778746228629
step:3600/3600, q_loss:-1.448565205835082e-05, rewards:-1.4753007888793945, queue:0.9826388955116272, delay:0.056774042546749115, throughput:2934
episode:108/250, real avg travel time:318.62420382165607
step:3600/3600, q_loss:-2.0586006791779286e-05, rewards:-1.5057867765426636, queue:1.0052083730697632, delay:0.05873904749751091, throughput:2932
episode:109/250, real avg travel time:318.97452229299364
step:3600/3600, q_loss:-2.1462007619750997e-05, rewards:-1.4872219562530518, queue:0.988368034362793, delay:0.057200804352760315, throughput:2930
episode:110/250, real avg travel time:318.9688233322159
Test step:110/250, travel time :316.27790814616156, rewards:-1.3282642364501953, queue:0.8819444179534912, delay:0.0527772381901741, throughput:2930
New best TEST travel time 316.2779 at episode 110, saved as best checkpoint
step:3600/3600, q_loss:-2.5440548563858977e-05, rewards:-1.4625228643417358, queue:0.9753472208976746, delay:0.05748647078871727, throughput:2930
episode:111/250, real avg travel time:318.4632919879316
step:3600/3600, q_loss:-2.175711151384921e-05, rewards:-1.4661343097686768, queue:0.9831597208976746, delay:0.05769433081150055, throughput:2931
episode:112/250, real avg travel time:318.34696614146833
step:3600/3600, q_loss:-2.559369658464911e-05, rewards:-1.4843980073928833, queue:0.9930555820465088, delay:0.05759008228778839, throughput:2933
episode:113/250, real avg travel time:318.65504525645326
step:3600/3600, q_loss:-2.074975550554141e-05, rewards:-1.4294445514678955, queue:0.9534721970558167, delay:0.056663841009140015, throughput:2931
episode:114/250, real avg travel time:317.7163928930607
step:3600/3600, q_loss:-2.0960403425205086e-05, rewards:-1.4243285655975342, queue:0.9510416388511658, delay:0.05585971474647522, throughput:2933
episode:115/250, real avg travel time:317.7978545088837
Test step:115/250, travel time :316.2832718739524, rewards:-1.3324074745178223, queue:0.8840277791023254, delay:0.05334442853927612, throughput:2931
step:3600/3600, q_loss:-1.6531965768620096e-05, rewards:-1.4289815425872803, queue:0.9538194537162781, delay:0.05639458820223808, throughput:2930
episode:116/250, real avg travel time:317.78176332551124
step:3600/3600, q_loss:-2.328215955963565e-05, rewards:-1.4477546215057373, queue:0.9598958492279053, delay:0.05599129945039749, throughput:2932
episode:117/250, real avg travel time:318.23768018773046
step:3600/3600, q_loss:-1.6019571490620296e-05, rewards:-1.4654399156570435, queue:0.9777777791023254, delay:0.05797668546438217, throughput:2930
episode:118/250, real avg travel time:318.47971840429096
step:3600/3600, q_loss:-1.4681158117363573e-05, rewards:-1.4425232410430908, queue:0.9564236402511597, delay:0.056682322174310684, throughput:2932
episode:119/250, real avg travel time:318.08347301374454
step:3600/3600, q_loss:-1.8352330274259052e-05, rewards:-1.4666897058486938, queue:0.9850694537162781, delay:0.05815768614411354, throughput:2933
episode:120/250, real avg travel time:318.3623868588669
Test step:120/250, travel time :316.60174321153204, rewards:-1.3394907712936401, queue:0.8838541507720947, delay:0.05335763841867447, throughput:2933
step:3600/3600, q_loss:-4.7377755874078026e-06, rewards:-1.4531712532043457, queue:0.9652777910232544, delay:0.0569869801402092, throughput:2932
episode:121/250, real avg travel time:318.25846463291987
step:3600/3600, q_loss:-1.8249735499180302e-05, rewards:-1.4388424158096313, queue:0.9607638716697693, delay:0.05652910843491554, throughput:2932
episode:122/250, real avg travel time:318.21689574254106
step:3600/3600, q_loss:-2.1334042712287218e-05, rewards:-1.4224071502685547, queue:0.9472222328186035, delay:0.05631198734045029, throughput:2930
episode:123/250, real avg travel time:317.72108615487764
step:3600/3600, q_loss:-1.2927914697987338e-05, rewards:-1.420231580734253, queue:0.9434027671813965, delay:0.05425524339079857, throughput:2931
episode:124/250, real avg travel time:317.7177338250084
step:3600/3600, q_loss:-1.1469621892535576e-05, rewards:-1.437986135482788, queue:0.956250011920929, delay:0.05569487065076828, throughput:2931
episode:125/250, real avg travel time:318.1994636272209
Test step:125/250, travel time :316.4860878310426, rewards:-1.3393054008483887, queue:0.8803819417953491, delay:0.05318494513630867, throughput:2932
step:3600/3600, q_loss:-1.2408775014423384e-05, rewards:-1.4511799812316895, queue:0.9661458134651184, delay:0.05721816048026085, throughput:2931
episode:126/250, real avg travel time:318.3804894401609
step:3600/3600, q_loss:-1.1594472474556554e-05, rewards:-1.4812268018722534, queue:0.9862847328186035, delay:0.05703360587358475, throughput:2931
episode:127/250, real avg travel time:318.83338920549784
step:3600/3600, q_loss:-1.8802216746499418e-05, rewards:-1.4801156520843506, queue:0.981249988079071, delay:0.0570949912071228, throughput:2931
episode:128/250, real avg travel time:318.81193429433455
step:3600/3600, q_loss:-2.2719527327421086e-05, rewards:-1.4774768352508545, queue:0.9788194298744202, delay:0.057327672839164734, throughput:2932
episode:129/250, real avg travel time:318.7787462286289
step:3600/3600, q_loss:-2.1904043818789498e-05, rewards:-1.4733794927597046, queue:0.9869791865348816, delay:0.05670405551791191, throughput:2932
episode:130/250, real avg travel time:318.7070063694268
Test step:130/250, travel time :317.3013744552464, rewards:-1.3868516683578491, queue:0.9151041507720947, delay:0.05430016666650772, throughput:2933
step:3600/3600, q_loss:5.150654060007246e-06, rewards:-1.519768476486206, queue:1.019618034362793, delay:0.057768356055021286, throughput:2930
episode:131/250, real avg travel time:319.5487763995977
step:3600/3600, q_loss:-2.302259586199566e-05, rewards:-1.5326389074325562, queue:1.0260416269302368, delay:0.0591709204018116, throughput:2932
episode:132/250, real avg travel time:319.55916862219243
step:3600/3600, q_loss:-2.2361164533153728e-05, rewards:-1.4648840427398682, queue:0.9723958373069763, delay:0.058197859674692154, throughput:2933
episode:133/250, real avg travel time:318.5534696614147
step:3600/3600, q_loss:-1.9059388432651758e-05, rewards:-1.4307175874710083, queue:0.949131965637207, delay:0.05590914562344551, throughput:2932
episode:134/250, real avg travel time:317.9688233322159
step:3600/3600, q_loss:-2.4860188002801602e-05, rewards:-1.4685418605804443, queue:0.9746527671813965, delay:0.05649641901254654, throughput:2933
episode:135/250, real avg travel time:318.8478042239356
Test step:135/250, travel time :316.33791485082133, rewards:-1.3304864168167114, queue:0.886631965637207, delay:0.05350254848599434, throughput:2931
step:3600/3600, q_loss:-2.0220375693127236e-05, rewards:-1.4657641649246216, queue:0.9791666865348816, delay:0.05729704350233078, throughput:2931
episode:136/250, real avg travel time:318.4502179014415
step:3600/3600, q_loss:-1.8204809640775675e-05, rewards:-1.5149997472763062, queue:1.0081597566604614, delay:0.05843241885304451, throughput:2931
episode:137/250, real avg travel time:319.5222929936306
step:3600/3600, q_loss:-1.854027289448789e-05, rewards:-1.495601773262024, queue:0.9977430701255798, delay:0.05761297047138214, throughput:2932
episode:138/250, real avg travel time:319.199128394234
step:3600/3600, q_loss:-1.9820536167740272e-05, rewards:-1.5103237628936768, queue:1.0138888359069824, delay:0.057488251477479935, throughput:2932
episode:139/250, real avg travel time:319.24539054642975
step:3600/3600, q_loss:-2.29861326429441e-05, rewards:-1.464421272277832, queue:0.9788194298744202, delay:0.056647416204214096, throughput:2932
episode:140/250, real avg travel time:318.592691920885
Test step:140/250, travel time :317.16526986255445, rewards:-1.3735648393630981, queue:0.9140625, delay:0.054315052926540375, throughput:2933
step:3600/3600, q_loss:-2.4631927954033016e-05, rewards:-1.4729167222976685, queue:0.9784722328186035, delay:0.05590127781033516, throughput:2933
episode:141/250, real avg travel time:318.98122695273213
step:3600/3600, q_loss:-3.054298814041195e-05, rewards:-1.4649536609649658, queue:0.9704861044883728, delay:0.05611724779009819, throughput:2933
episode:142/250, real avg travel time:318.68354006034195
step:3600/3600, q_loss:-1.7463336526243773e-05, rewards:-1.473217487335205, queue:0.9763888716697693, delay:0.056414976716041565, throughput:2933
episode:143/250, real avg travel time:318.9396580623533
step:3600/3600, q_loss:-1.890803105197847e-05, rewards:-1.4146528244018555, queue:0.9375, delay:0.05467947944998741, throughput:2933
episode:144/250, real avg travel time:318.0392222594703
step:3600/3600, q_loss:-2.5742401420656178e-05, rewards:-1.4214118719100952, queue:0.9416666626930237, delay:0.05477318912744522, throughput:2932
episode:145/250, real avg travel time:318.1300703989273
Test step:145/250, travel time :316.5031847133758, rewards:-1.326296091079712, queue:0.8743055462837219, delay:0.051972612738609314, throughput:2934
step:3600/3600, q_loss:-1.5257783147885844e-05, rewards:-1.3973147869110107, queue:0.9270833134651184, delay:0.05549158900976181, throughput:2932
episode:146/250, real avg travel time:317.54006034193765
step:3600/3600, q_loss:-1.694995142450487e-05, rewards:-1.3699535131454468, queue:0.9079861044883728, delay:0.053968966007232666, throughput:2932
episode:147/250, real avg travel time:317.2433791485082
step:3600/3600, q_loss:-2.4284882130342778e-05, rewards:-1.424189805984497, queue:0.9451388716697693, delay:0.054403677582740784, throughput:2934
episode:148/250, real avg travel time:317.990948709353
step:3600/3600, q_loss:-1.4190933736110176e-05, rewards:-1.4059027433395386, queue:0.9295138716697693, delay:0.05495042726397514, throughput:2933
episode:149/250, real avg travel time:317.85584981562187
step:3600/3600, q_loss:-2.1480724077533793e-05, rewards:-1.415462851524353, queue:0.9442708492279053, delay:0.05513177067041397, throughput:2932
episode:150/250, real avg travel time:317.85283271873953
Test step:150/250, travel time :316.70030170968823, rewards:-1.3626850843429565, queue:0.9111111164093018, delay:0.05491531267762184, throughput:2932
step:3600/3600, q_loss:-1.7296307702997215e-05, rewards:-1.433449149131775, queue:0.9505208134651184, delay:0.055580444633960724, throughput:2933
episode:151/250, real avg travel time:318.02447200804556
step:3600/3600, q_loss:-1.1877042103420805e-05, rewards:-1.3974074125289917, queue:0.9269097447395325, delay:0.05430637300014496, throughput:2932
episode:152/250, real avg travel time:317.3104257458934
step:3600/3600, q_loss:-1.596424985176849e-05, rewards:-1.422175645828247, queue:0.9470486044883728, delay:0.054890260100364685, throughput:2932
episode:153/250, real avg travel time:317.99463627220916
step:3600/3600, q_loss:-2.827305342415693e-05, rewards:-1.4526387453079224, queue:0.9651041626930237, delay:0.056207578629255295, throughput:2934
episode:154/250, real avg travel time:318.5548105933624
step:3600/3600, q_loss:-2.7484574066302568e-05, rewards:-1.4247684478759766, queue:0.949999988079071, delay:0.05507851764559746, throughput:2933
episode:155/250, real avg travel time:317.8719409989943
Test step:155/250, travel time :317.04860878310427, rewards:-1.3797682523727417, queue:0.9190972447395325, delay:0.05438540130853653, throughput:2933
step:3600/3600, q_loss:-2.881863059613992e-05, rewards:-1.4431942701339722, queue:0.9593750238418579, delay:0.0546378567814827, throughput:2933
episode:156/250, real avg travel time:318.3248407643312
step:3600/3600, q_loss:-1.206910453253874e-05, rewards:-1.4540741443634033, queue:0.971875011920929, delay:0.055038802325725555, throughput:2931
episode:157/250, real avg travel time:318.5045256453235
step:3600/3600, q_loss:-1.9666512552821252e-05, rewards:-1.4752542972564697, queue:0.9798611402511597, delay:0.056261803954839706, throughput:2930
episode:158/250, real avg travel time:318.72846128059
step:3600/3600, q_loss:-2.5761425085538238e-05, rewards:-1.4452314376831055, queue:0.9579861164093018, delay:0.05472206696867943, throughput:2931
episode:159/250, real avg travel time:318.5873281930942
step:3600/3600, q_loss:-2.51657270214141e-05, rewards:-1.5165276527404785, queue:1.0123263597488403, delay:0.05758325755596161, throughput:2928
episode:160/250, real avg travel time:319.4763660744217
Test step:160/250, travel time :315.9919544083138, rewards:-1.3034026622772217, queue:0.8588541746139526, delay:0.05113241448998451, throughput:2932
New best TEST travel time 315.9920 at episode 160, saved as best checkpoint
step:3600/3600, q_loss:-1.9309794556142554e-05, rewards:-1.4188425540924072, queue:0.9378471970558167, delay:0.05431552603840828, throughput:2934
episode:161/250, real avg travel time:317.959101575595
step:3600/3600, q_loss:-2.883267179303975e-05, rewards:-1.4371758699417114, queue:0.9496527910232544, delay:0.0548984631896019, throughput:2931
episode:162/250, real avg travel time:318.21890714046265
step:3600/3600, q_loss:-2.3045147450088903e-05, rewards:-1.466897964477539, queue:0.9770833253860474, delay:0.055401112884283066, throughput:2930
episode:163/250, real avg travel time:318.64096547100235
step:3600/3600, q_loss:-1.8844447159035888e-05, rewards:-1.4265971183776855, queue:0.9519097208976746, delay:0.05380204692482948, throughput:2932
episode:164/250, real avg travel time:317.9973181361046
step:3600/3600, q_loss:-2.5834224760290922e-05, rewards:-1.4019675254821777, queue:0.9296875, delay:0.05283750966191292, throughput:2932
episode:165/250, real avg travel time:317.6935970499497
Test step:165/250, travel time :315.8263493127724, rewards:-1.2924305200576782, queue:0.8506944179534912, delay:0.051082074642181396, throughput:2934
New best TEST travel time 315.8263 at episode 165, saved as best checkpoint
step:3600/3600, q_loss:-1.7483665659609768e-05, rewards:-1.3375694751739502, queue:0.8828125, delay:0.05146209895610809, throughput:2934
episode:166/250, real avg travel time:316.57123700972176
step:3600/3600, q_loss:-2.214641286560369e-05, rewards:-1.3779398202896118, queue:0.9156249761581421, delay:0.052281592041254044, throughput:2933
episode:167/250, real avg travel time:317.1840429098223
step:3600/3600, q_loss:-1.9998556968790513e-05, rewards:-1.3733794689178467, queue:0.9116319417953491, delay:0.052990976721048355, throughput:2934
episode:168/250, real avg travel time:317.1609118337244
step:3600/3600, q_loss:-1.5752755872974242e-05, rewards:-1.3825461864471436, queue:0.9107638597488403, delay:0.052817247807979584, throughput:2934
episode:169/250, real avg travel time:317.58162923231646
step:3600/3600, q_loss:-2.1070390573219843e-05, rewards:-1.3764119148254395, queue:0.9145833253860474, delay:0.05315518006682396, throughput:2933
episode:170/250, real avg travel time:317.26986255447537
Test step:170/250, travel time :316.4441837076768, rewards:-1.318379521369934, queue:0.8668403029441833, delay:0.050332020968198776, throughput:2932
step:3600/3600, q_loss:-2.4173353233857563e-05, rewards:-1.370115876197815, queue:0.9086805582046509, delay:0.051734212785959244, throughput:2933
episode:171/250, real avg travel time:317.0720750921891
step:3600/3600, q_loss:-1.3684130411733079e-05, rewards:-1.355046033859253, queue:0.8961805701255798, delay:0.05205754190683365, throughput:2932
episode:172/250, real avg travel time:316.93362386858865
step:3600/3600, q_loss:-2.37627026055836e-05, rewards:-1.3642359972000122, queue:0.9043402671813965, delay:0.05218026414513588, throughput:2934
episode:173/250, real avg travel time:317.0308414347972
step:3600/3600, q_loss:-2.147365885321051e-05, rewards:-1.3609952926635742, queue:0.901562511920929, delay:0.052320342510938644, throughput:2933
episode:174/250, real avg travel time:317.1827019778746
step:3600/3600, q_loss:-1.7231541224410413e-05, rewards:-1.3734025955200195, queue:0.9095486402511597, delay:0.05279632285237312, throughput:2933
episode:175/250, real avg travel time:317.2517599731814
Test step:175/250, travel time :315.8796513576936, rewards:-1.2844445705413818, queue:0.8413194417953491, delay:0.05014614015817642, throughput:2932
step:3600/3600, q_loss:-1.979129641161611e-05, rewards:-1.4088194370269775, queue:0.9307291507720947, delay:0.05340389534831047, throughput:2932
episode:176/250, real avg travel time:317.9574254106604
step:3600/3600, q_loss:-1.3329852286174343e-05, rewards:-1.4059953689575195, queue:0.9355902671813965, delay:0.053588200360536575, throughput:2933
episode:177/250, real avg travel time:317.9084813945692
step:3600/3600, q_loss:-2.136835990111447e-05, rewards:-1.366851806640625, queue:0.9001736044883728, delay:0.052204228937625885, throughput:2931
episode:178/250, real avg travel time:317.1837076768354
step:3600/3600, q_loss:-3.057026144772492e-06, rewards:-1.374166488647461, queue:0.9083333611488342, delay:0.05282943695783615, throughput:2933
episode:179/250, real avg travel time:317.32651692926584
step:3600/3600, q_loss:-1.9970244546938272e-05, rewards:-1.3916667699813843, queue:0.9223958253860474, delay:0.053154993802309036, throughput:2931
episode:180/250, real avg travel time:317.4334562520952
Test step:180/250, travel time :317.0921890714046, rewards:-1.3604397773742676, queue:0.9008680582046509, delay:0.053248245269060135, throughput:2932
step:3600/3600, q_loss:-1.8465583141530967e-05, rewards:-1.3892822265625, queue:0.9210069179534912, delay:0.05287770554423332, throughput:2933
episode:181/250, real avg travel time:317.5437479047938
step:3600/3600, q_loss:-1.3869921504347411e-05, rewards:-1.4189814329147339, queue:0.9402777552604675, delay:0.053562864661216736, throughput:2930
episode:182/250, real avg travel time:317.97452229299364
step:3600/3600, q_loss:-1.8760238351576306e-05, rewards:-1.429189682006836, queue:0.9437500238418579, delay:0.054082710295915604, throughput:2932
episode:183/250, real avg travel time:318.325846463292
step:3600/3600, q_loss:-6.267766433733481e-06, rewards:-1.4176619052886963, queue:0.9366319179534912, delay:0.05354633927345276, throughput:2931
episode:184/250, real avg travel time:318.0231310760979
step:3600/3600, q_loss:-2.3267441806469667e-05, rewards:-1.4002313613891602, queue:0.9305555820465088, delay:0.05297710746526718, throughput:2932
episode:185/250, real avg travel time:317.91317465638616
Test step:185/250, travel time :315.8079114984915, rewards:-1.2802082300186157, queue:0.8378472328186035, delay:0.05008568614721298, throughput:2933
New best TEST travel time 315.8079 at episode 185, saved as best checkpoint
step:3600/3600, q_loss:-1.465878363146826e-05, rewards:-1.3826156854629517, queue:0.9097222089767456, delay:0.053389232605695724, throughput:2932
episode:186/250, real avg travel time:317.515923566879
step:3600/3600, q_loss:-1.8746051527732225e-05, rewards:-1.3650926351547241, queue:0.9027777910232544, delay:0.0513891838490963, throughput:2934
episode:187/250, real avg travel time:317.49614482065033
step:3600/3600, q_loss:-1.3891427672071452e-05, rewards:-1.3305554389953613, queue:0.8715277910232544, delay:0.05124741792678833, throughput:2932
episode:188/250, real avg travel time:316.9986590680523
step:3600/3600, q_loss:-1.6003718203002657e-05, rewards:-1.3348842859268188, queue:0.8784722089767456, delay:0.051391806453466415, throughput:2934
episode:189/250, real avg travel time:316.8903788132752
step:3600/3600, q_loss:-8.720033306249038e-06, rewards:-1.3553705215454102, queue:0.8932291865348816, delay:0.05176693573594093, throughput:2933
episode:190/250, real avg travel time:317.18940663761316
Test step:190/250, travel time :315.882333221589, rewards:-1.2920832633972168, queue:0.8487847447395325, delay:0.0510091558098793, throughput:2933
step:3600/3600, q_loss:-2.7564540720993168e-06, rewards:-1.362199068069458, queue:0.8972222208976746, delay:0.05233629047870636, throughput:2934
episode:191/250, real avg travel time:317.39121689574256
step:3600/3600, q_loss:-1.572643943493151e-05, rewards:-1.3668982982635498, queue:0.9050347208976746, delay:0.052301932126283646, throughput:2932
episode:192/250, real avg travel time:317.221924237345
step:3600/3600, q_loss:-1.842293767603459e-05, rewards:-1.3629629611968994, queue:0.903124988079071, delay:0.052818186581134796, throughput:2932
episode:193/250, real avg travel time:316.99497150519613
step:3600/3600, q_loss:-1.7271587502263074e-05, rewards:-1.3767129182815552, queue:0.9130208492279053, delay:0.05293735861778259, throughput:2933
episode:194/250, real avg travel time:317.31813610459267
step:3600/3600, q_loss:-1.2357114906922948e-05, rewards:-1.3568516969680786, queue:0.8954861164093018, delay:0.053176965564489365, throughput:2933
episode:195/250, real avg travel time:317.00603419376466
Test step:195/250, travel time :315.7086825343614, rewards:-1.273263692855835, queue:0.839756965637207, delay:0.05051383003592491, throughput:2934
New best TEST travel time 315.7087 at episode 195, saved as best checkpoint
step:3600/3600, q_loss:-2.056191636559864e-05, rewards:-1.3382868766784668, queue:0.8833333253860474, delay:0.05201370269060135, throughput:2934
episode:196/250, real avg travel time:316.62420382165607
step:3600/3600, q_loss:-2.1771708593910767e-05, rewards:-1.371805191040039, queue:0.9050347208976746, delay:0.05312970653176308, throughput:2932
episode:197/250, real avg travel time:317.35769359704994
step:3600/3600, q_loss:-9.157651489928227e-06, rewards:-1.3159722089767456, queue:0.8619791865348816, delay:0.05113596469163895, throughput:2933
episode:198/250, real avg travel time:316.3271873952397
step:3600/3600, q_loss:-1.1384161620366353e-05, rewards:-1.3566205501556396, queue:0.8930555582046509, delay:0.052148692309856415, throughput:2934
episode:199/250, real avg travel time:316.92289641300704
step:3600/3600, q_loss:-1.3137347694417392e-05, rewards:-1.344259262084961, queue:0.8843749761581421, delay:0.052146248519420624, throughput:2934
episode:200/250, real avg travel time:316.97217566208514
Test step:200/250, travel time :315.1726449882668, rewards:-1.240139126777649, queue:0.8178819417953491, delay:0.04971916228532791, throughput:2931
New best TEST travel time 315.1726 at episode 200, saved as best checkpoint
step:3600/3600, q_loss:-2.1107375720964262e-05, rewards:-1.2688887119293213, queue:0.8380208611488342, delay:0.04966570436954498, throughput:2932
episode:201/250, real avg travel time:315.54944686557155
step:3600/3600, q_loss:-1.3806515899314372e-05, rewards:-1.3315740823745728, queue:0.8779513835906982, delay:0.05083613842725754, throughput:2932
episode:202/250, real avg travel time:316.6449882668455
step:3600/3600, q_loss:-1.179780649383449e-05, rewards:-1.305509328842163, queue:0.8621527552604675, delay:0.050465911626815796, throughput:2932
episode:203/250, real avg travel time:316.27153871941
step:3600/3600, q_loss:-1.4795639974720499e-05, rewards:-1.3002079725265503, queue:0.8604166507720947, delay:0.04979301616549492, throughput:2932
episode:204/250, real avg travel time:316.1035869929601
step:3600/3600, q_loss:-1.7942922056169696e-05, rewards:-1.31685209274292, queue:0.8671875, delay:0.0505094937980175, throughput:2931
episode:205/250, real avg travel time:316.28762990278244
Test step:205/250, travel time :314.80154207173985, rewards:-1.2245371341705322, queue:0.8088541626930237, delay:0.0487518273293972, throughput:2933
New best TEST travel time 314.8015 at episode 205, saved as best checkpoint
step:3600/3600, q_loss:-1.462761418359285e-05, rewards:-1.317638874053955, queue:0.8696180582046509, delay:0.050836388021707535, throughput:2934
episode:206/250, real avg travel time:316.50385517934967
step:3600/3600, q_loss:-8.273525896516664e-06, rewards:-1.3241204023361206, queue:0.878993034362793, delay:0.0510646291077137, throughput:2934
episode:207/250, real avg travel time:316.52832718739523
step:3600/3600, q_loss:-1.6953818461236856e-05, rewards:-1.3253931999206543, queue:0.8812500238418579, delay:0.051672130823135376, throughput:2934
episode:208/250, real avg travel time:316.37914850821323
step:3600/3600, q_loss:-2.4060500544254425e-05, rewards:-1.3252779245376587, queue:0.8763889074325562, delay:0.05166573449969292, throughput:2932
episode:209/250, real avg travel time:316.7505866577271
step:3600/3600, q_loss:-2.3862526372626977e-05, rewards:-1.3367823362350464, queue:0.8833333253860474, delay:0.05298420041799545, throughput:2934
episode:210/250, real avg travel time:316.5846463291988
Test step:210/250, travel time :315.4438484746899, rewards:-1.2781251668930054, queue:0.8453124761581421, delay:0.05068877711892128, throughput:2933
step:3600/3600, q_loss:-1.305231190700498e-05, rewards:-1.3234028816223145, queue:0.8802083134651184, delay:0.05078563839197159, throughput:2934
episode:211/250, real avg travel time:316.5045256453235
step:3600/3600, q_loss:-2.457919235220524e-05, rewards:-1.3154398202896118, queue:0.8725694417953491, delay:0.05165780335664749, throughput:2933
episode:212/250, real avg travel time:316.40931947703655
step:3600/3600, q_loss:-1.604389722665979e-05, rewards:-1.311319351196289, queue:0.8659722208976746, delay:0.0513526052236557, throughput:2932
episode:213/250, real avg travel time:316.2413677505867
step:3600/3600, q_loss:-1.9803033231895554e-05, rewards:-1.3168056011199951, queue:0.8765624761581421, delay:0.05114351212978363, throughput:2933
episode:214/250, real avg travel time:316.18605430774386
step:3600/3600, q_loss:-2.21650060632749e-05, rewards:-1.3152085542678833, queue:0.8680555820465088, delay:0.052302904427051544, throughput:2933
episode:215/250, real avg travel time:316.09554140127386
Test step:215/250, travel time :314.9393228293664, rewards:-1.2448610067367554, queue:0.8220486044883728, delay:0.04917290434241295, throughput:2933
step:3600/3600, q_loss:-2.3131846898683797e-05, rewards:-1.3495368957519531, queue:0.8932291865348816, delay:0.053260575979948044, throughput:2932
episode:216/250, real avg travel time:316.90278243379146
step:3600/3600, q_loss:-1.408602714676548e-05, rewards:-1.3472684621810913, queue:0.8890625238418579, delay:0.05187065154314041, throughput:2932
episode:217/250, real avg travel time:316.82467314783776
step:3600/3600, q_loss:-2.5123169891432756e-05, rewards:-1.3356711864471436, queue:0.8822916746139526, delay:0.05226956307888031, throughput:2932
episode:218/250, real avg travel time:316.57123700972176
step:3600/3600, q_loss:-1.844370832528781e-05, rewards:-1.3241899013519287, queue:0.8715277910232544, delay:0.051459573209285736, throughput:2932
episode:219/250, real avg travel time:316.35769359704994
step:3600/3600, q_loss:-1.530646760430601e-05, rewards:-1.2734259366989136, queue:0.8324652910232544, delay:0.04918968304991722, throughput:2932
episode:220/250, real avg travel time:315.687898089172
Test step:220/250, travel time :315.1002346630909, rewards:-1.2389121055603027, queue:0.8145833611488342, delay:0.04913128912448883, throughput:2932
step:3600/3600, q_loss:-1.81304289812774e-05, rewards:-1.299861192703247, queue:0.8517361283302307, delay:0.05044127628207207, throughput:2932
episode:221/250, real avg travel time:316.0593362386859
step:3600/3600, q_loss:-1.8686314244944326e-05, rewards:-1.2478008270263672, queue:0.817187488079071, delay:0.04904872179031372, throughput:2933
episode:222/250, real avg travel time:315.20885015085486
step:3600/3600, q_loss:-1.4385785390105512e-05, rewards:-1.2745602130889893, queue:0.8343750238418579, delay:0.04976469650864601, throughput:2932
episode:223/250, real avg travel time:315.80154207173985
step:3600/3600, q_loss:-1.545541141509872e-05, rewards:-1.315648078918457, queue:0.8618055582046509, delay:0.050926513969898224, throughput:2933
episode:224/250, real avg travel time:316.3040563191418
step:3600/3600, q_loss:-5.641825609254065e-06, rewards:-1.291990876197815, queue:0.848437488079071, delay:0.04908721148967743, throughput:2934
episode:225/250, real avg travel time:316.08481394569225
Test step:225/250, travel time :314.90479383171305, rewards:-1.2286109924316406, queue:0.8024305701255798, delay:0.04879898950457573, throughput:2933
step:3600/3600, q_loss:-1.211521524021885e-05, rewards:-1.3367127180099487, queue:0.8815972208976746, delay:0.0510900504887104, throughput:2932
episode:226/250, real avg travel time:316.72008045591684
step:3600/3600, q_loss:-2.333415948130466e-05, rewards:-1.3265972137451172, queue:0.8715277910232544, delay:0.05148717015981674, throughput:2931
episode:227/250, real avg travel time:316.4126718069058
step:3600/3600, q_loss:-2.088328517318048e-05, rewards:-1.2998148202896118, queue:0.8498263955116272, delay:0.050972070544958115, throughput:2933
episode:228/250, real avg travel time:316.0288300368756
step:3600/3600, q_loss:-1.7371429755628386e-05, rewards:-1.3083564043045044, queue:0.8609374761581421, delay:0.0511799193918705, throughput:2932
episode:229/250, real avg travel time:316.1293999329534
step:3600/3600, q_loss:-1.969139201618317e-05, rewards:-1.3240045309066772, queue:0.8779513835906982, delay:0.0504586435854435, throughput:2928
episode:230/250, real avg travel time:316.37579617834393
Test step:230/250, travel time :314.81528662420385, rewards:-1.2184027433395386, queue:0.7986111044883728, delay:0.04762820154428482, throughput:2932
step:3600/3600, q_loss:-1.8244451752656865e-05, rewards:-1.3168981075286865, queue:0.8722222447395325, delay:0.05027461424469948, throughput:2931
episode:231/250, real avg travel time:316.39959772041567
step:3600/3600, q_loss:-1.686518177545319e-05, rewards:-1.32620370388031, queue:0.8777777552604675, delay:0.05130503326654434, throughput:2932
episode:232/250, real avg travel time:316.4941334227288
step:3600/3600, q_loss:-2.8083763458265888e-05, rewards:-1.3855092525482178, queue:0.917187511920929, delay:0.05319375917315483, throughput:2932
episode:233/250, real avg travel time:317.3312101910828
step:3600/3600, q_loss:-1.949973262122108e-05, rewards:-1.3027546405792236, queue:0.8571180701255798, delay:0.049865420907735825, throughput:2931
episode:234/250, real avg travel time:315.8374120013409
step:3600/3600, q_loss:-2.8402270550874097e-05, rewards:-1.3282636404037476, queue:0.8729166388511658, delay:0.05176489055156708, throughput:2930
episode:235/250, real avg travel time:316.3623868588669
Test step:235/250, travel time :315.4773717733825, rewards:-1.258912205696106, queue:0.8248263597488403, delay:0.04887128993868828, throughput:2931
step:3600/3600, q_loss:-1.770440495521244e-05, rewards:-1.3487268686294556, queue:0.8914930820465088, delay:0.052010588347911835, throughput:2932
episode:236/250, real avg travel time:316.8585316795173
step:3600/3600, q_loss:-2.0512102249388894e-05, rewards:-1.3473148345947266, queue:0.8869791626930237, delay:0.05153781920671463, throughput:2933
episode:237/250, real avg travel time:316.9406637613141
step:3600/3600, q_loss:-1.9851281454234763e-05, rewards:-1.3185185194015503, queue:0.8689236044883728, delay:0.05147809907793999, throughput:2932
episode:238/250, real avg travel time:316.40026818638955
step:3600/3600, q_loss:-2.428576818029224e-05, rewards:-1.3094213008880615, queue:0.8626736402511597, delay:0.05009905621409416, throughput:2934
episode:239/250, real avg travel time:316.45222929936307
step:3600/3600, q_loss:-2.3454024900544296e-05, rewards:-1.289050817489624, queue:0.8446180820465088, delay:0.04943004250526428, throughput:2932
episode:240/250, real avg travel time:316.108615487764
Test step:240/250, travel time :314.873281930942, rewards:-1.2174535989761353, queue:0.792187511920929, delay:0.04661668837070465, throughput:2932
step:3600/3600, q_loss:-2.1651000025923606e-05, rewards:-1.275833249092102, queue:0.8348958492279053, delay:0.04872344806790352, throughput:2934
episode:241/250, real avg travel time:315.93697619845796
step:3600/3600, q_loss:-1.347381055691383e-05, rewards:-1.3311340808868408, queue:0.8755208253860474, delay:0.051525820046663284, throughput:2932
episode:242/250, real avg travel time:316.7777405296681
step:3600/3600, q_loss:-1.7952702128914773e-05, rewards:-1.2994211912155151, queue:0.8538194298744202, delay:0.04957624524831772, throughput:2933
episode:243/250, real avg travel time:316.2906469996648
step:3600/3600, q_loss:-2.2706251776846194e-05, rewards:-1.3216897249221802, queue:0.8651041388511658, delay:0.049665652215480804, throughput:2933
episode:244/250, real avg travel time:316.665102246061
step:3600/3600, q_loss:-2.0112743907332144e-05, rewards:-1.2739121913909912, queue:0.8361111283302307, delay:0.04814855754375458, throughput:2932
episode:245/250, real avg travel time:315.75460945357025
Test step:245/250, travel time :314.9054642976869, rewards:-1.2160879373550415, queue:0.7953125238418579, delay:0.04710031673312187, throughput:2933
step:3600/3600, q_loss:-9.650989280392726e-06, rewards:-1.2758331298828125, queue:0.8416666388511658, delay:0.04935632646083832, throughput:2932
episode:246/250, real avg travel time:315.8602078444519
step:3600/3600, q_loss:-1.8787579567827007e-05, rewards:-1.3099536895751953, queue:0.8576388955116272, delay:0.049601905047893524, throughput:2932
episode:247/250, real avg travel time:316.5467650016762
step:3600/3600, q_loss:-1.767219563825401e-05, rewards:-1.2877779006958008, queue:0.8460069298744202, delay:0.04974283277988434, throughput:2935
episode:248/250, real avg travel time:316.1696278913845
step:3600/3600, q_loss:-1.4819978753587715e-05, rewards:-1.30990731716156, queue:0.8619791865348816, delay:0.05002788081765175, throughput:2934
episode:249/250, real avg travel time:316.33556821991283
Hyperparameters saved to: data/output_data/tsc/cityflow_hyperlight_mappo/cityflow4x4/struct_4x4_seed1/hyperparameters.json
Loaded best checkpoint for final evaluation
Final Travel Time is 314.8015, mean rewards: -1.2245, queue: 0.8089, delay: 0.0488, throughput: 2933
Total time taken: 11465.032529592514
