structural conditioning spec: structural_v1:in_lane_count,out_lane_count,in_degree,out_degree,node_degree,neighbor_count,phase_count,startlane_count,lanes_per_in_road,lanes_per_out_road,out_in_lane_ratio,controlled_neighbor_ratio
structural features (min/mean/max): in_lane_count[12/12.00/12] out_lane_count[12/12.00/12] in_degree[4/4.00/4] out_degree[4/4.00/4] node_degree[8/8.00/8] neighbor_count[2/3.21/4] phase_count[8/8.00/8] startlane_count[12/12.00/12] lanes_per_in_road[3/3.00/3] lanes_per_out_road[3/3.00/3] out_in_lane_ratio[1/1.00/1] controlled_neighbor_ratio[0.5/0.80/1]
transfer from best_0.pt (16 -> 48 intersections) | actor_hypernet=4/4 | topology_encoder=4/4 | value_hypernet=4/4 | differs=node_count,phase_lengths
  not transferred: agent_embeddings (per-intersection index table has no meaning in a different network)
  not transferred: optimizer (Adam moments belong to the source task)
step:3600/3600, q_loss:3.4432773899436456e-05, rewards:-3.1071527004241943, queue:0.6832754611968994, delay:0.04758866876363754, throughput:2809
episode:0/50, real avg travel time:232.92209631728045
Test step:0/50, travel time :212.6179178470255, rewards:-2.28391170501709, queue:0.49103009700775146, delay:0.03942112997174263, throughput:2811
New best TEST travel time 212.6179 at episode 0, saved as best checkpoint
step:3600/3600, q_loss:-9.72908955314599e-06, rewards:-3.065810203552246, queue:0.6730902791023254, delay:0.0470164492726326, throughput:2810
episode:1/50, real avg travel time:232.2542492917847
step:3600/3600, q_loss:-1.1377576932621498e-05, rewards:-2.701134204864502, queue:0.5918981432914734, delay:0.04444815218448639, throughput:2808
episode:2/50, real avg travel time:222.8470254957507
step:3600/3600, q_loss:-1.432940164109531e-05, rewards:-2.7316203117370605, queue:0.6005787253379822, delay:0.0443447045981884, throughput:2809
episode:3/50, real avg travel time:224.78045325779036
step:3600/3600, q_loss:-1.4434086250854128e-05, rewards:-2.6149532794952393, queue:0.5673032402992249, delay:0.04308159276843071, throughput:2809
episode:4/50, real avg travel time:221.81267705382436
step:3600/3600, q_loss:-4.013250136380026e-06, rewards:-2.6781017780303955, queue:0.5864583253860474, delay:0.04405512288212776, throughput:2808
episode:5/50, real avg travel time:223.4663597733711
Test step:5/50, travel time :200.0899433427762, rewards:-1.8340740203857422, queue:0.3940972089767456, delay:0.033879753202199936, throughput:2810
New best TEST travel time 200.0899 at episode 5, saved as best checkpoint
step:3600/3600, q_loss:-1.0013202367706892e-05, rewards:-2.5081942081451416, queue:0.5429398417472839, delay:0.04255438223481178, throughput:2809
episode:6/50, real avg travel time:218.66041076487252
step:3600/3600, q_loss:-1.0978938281582095e-05, rewards:-2.426226854324341, queue:0.5223958492279053, delay:0.04226534813642502, throughput:2810
episode:7/50, real avg travel time:216.35162889518415
step:3600/3600, q_loss:-1.1540990233720269e-05, rewards:-2.2362728118896484, queue:0.47974535822868347, delay:0.03993700072169304, throughput:2809
episode:8/50, real avg travel time:211.56126062322946
step:3600/3600, q_loss:-9.711018086549034e-06, rewards:-2.243171215057373, queue:0.48223379254341125, delay:0.040037788450717926, throughput:2809
episode:9/50, real avg travel time:212.05169971671387
step:3600/3600, q_loss:-1.635588791773275e-05, rewards:-2.213124990463257, queue:0.4758680462837219, delay:0.039325978606939316, throughput:2810
episode:10/50, real avg travel time:211.35623229461757
Test step:10/50, travel time :191.66466005665723, rewards:-1.4899998903274536, queue:0.31365740299224854, delay:0.02955172210931778, throughput:2810
New best TEST travel time 191.6647 at episode 10, saved as best checkpoint
step:3600/3600, q_loss:-1.6615271908202337e-05, rewards:-1.9843283891677856, queue:0.42152777314186096, delay:0.037171490490436554, throughput:2810
episode:11/50, real avg travel time:205.2315864022663
step:3600/3600, q_loss:-1.0421783066883591e-05, rewards:-1.9825693368911743, queue:0.41811344027519226, delay:0.03734944015741348, throughput:2810
episode:12/50, real avg travel time:205.3962464589235
step:3600/3600, q_loss:-1.4037519037999488e-06, rewards:-1.8062498569488525, queue:0.38310185074806213, delay:0.035608455538749695, throughput:2810
episode:13/50, real avg travel time:200.17067988668555
step:3600/3600, q_loss:-1.1876056669279933e-05, rewards:-1.7736341953277588, queue:0.3724536895751953, delay:0.0345904640853405, throughput:2809
episode:14/50, real avg travel time:199.91253541076486
step:3600/3600, q_loss:-1.7467228391058284e-05, rewards:-1.7705090045928955, queue:0.3741319477558136, delay:0.03470785915851593, throughput:2810
episode:15/50, real avg travel time:199.9086402266289
Test step:15/50, travel time :187.2191926345609, rewards:-1.3455555438995361, queue:0.28234952688217163, delay:0.028514336794614792, throughput:2809
New best TEST travel time 187.2192 at episode 15, saved as best checkpoint
step:3600/3600, q_loss:-6.063640287237954e-06, rewards:-1.6595370769500732, queue:0.3473379611968994, delay:0.03348224610090256, throughput:2811
episode:16/50, real avg travel time:196.37252124645892
step:3600/3600, q_loss:-8.017611244325469e-06, rewards:-1.586759090423584, queue:0.3357639014720917, delay:0.032309405505657196, throughput:2810
episode:17/50, real avg travel time:193.56161473087818
step:3600/3600, q_loss:-6.504320571153068e-06, rewards:-1.5360881090164185, queue:0.32228007912635803, delay:0.03187403455376625, throughput:2810
episode:18/50, real avg travel time:192.3682719546742
step:3600/3600, q_loss:-5.984731898125675e-06, rewards:-1.4940739870071411, queue:0.3144097328186035, delay:0.031110484153032303, throughput:2810
episode:19/50, real avg travel time:191.65474504249292
step:3600/3600, q_loss:1.2431713755323012e-06, rewards:-1.4516665935516357, queue:0.3048032522201538, delay:0.03060884214937687, throughput:2810
episode:20/50, real avg travel time:190.2935552407932
Test step:20/50, travel time :184.00495750708214, rewards:-1.1999768018722534, queue:0.24988426268100739, delay:0.02656051144003868, throughput:2810
New best TEST travel time 184.0050 at episode 20, saved as best checkpoint
step:3600/3600, q_loss:-6.868925382509644e-06, rewards:-1.4149998426437378, queue:0.2942708432674408, delay:0.030294863507151604, throughput:2809
episode:21/50, real avg travel time:189.77762039660055
step:3600/3600, q_loss:1.3125618419575471e-06, rewards:-1.408078670501709, queue:0.2959490716457367, delay:0.030043326318264008, throughput:2809
episode:22/50, real avg travel time:189.04178470254956
step:3600/3600, q_loss:1.0283769702648077e-05, rewards:-1.4120138883590698, queue:0.2951967716217041, delay:0.030229851603507996, throughput:2810
episode:23/50, real avg travel time:188.89907932011332
step:3600/3600, q_loss:-8.370779220440229e-07, rewards:-1.4570139646530151, queue:0.310127317905426, delay:0.031146006658673286, throughput:2810
episode:24/50, real avg travel time:190.0198300283286
step:3600/3600, q_loss:4.0705649923809155e-06, rewards:-1.4760879278182983, queue:0.31290510296821594, delay:0.031229563057422638, throughput:2810
episode:25/50, real avg travel time:189.6405807365439
Test step:25/50, travel time :184.5155807365439, rewards:-1.2720370292663574, queue:0.2673032283782959, delay:0.02830687165260315, throughput:2810
step:3600/3600, q_loss:-3.586659340164911e-06, rewards:-1.459930419921875, queue:0.30850693583488464, delay:0.03103797324001789, throughput:2808
episode:26/50, real avg travel time:189.0
step:3600/3600, q_loss:5.2374881048353366e-06, rewards:-1.4186341762542725, queue:0.2985532283782959, delay:0.030439892783761024, throughput:2811
episode:27/50, real avg travel time:188.19157223796034
step:3600/3600, q_loss:2.06067016273507e-06, rewards:-1.3897454738616943, queue:0.2927662134170532, delay:0.029653163626790047, throughput:2810
episode:28/50, real avg travel time:187.76487252124645
step:3600/3600, q_loss:6.3984604720543655e-06, rewards:-1.314398169517517, queue:0.27471065521240234, delay:0.02846144139766693, throughput:2810
episode:29/50, real avg travel time:186.046388101983
step:3600/3600, q_loss:-5.326466563008266e-06, rewards:-1.3194212913513184, queue:0.2741898000240326, delay:0.028685318306088448, throughput:2810
episode:30/50, real avg travel time:186.34596317280455
Test step:30/50, travel time :182.25779036827194, rewards:-1.1584954261779785, queue:0.2361689805984497, delay:0.025830451399087906, throughput:2810
New best TEST travel time 182.2578 at episode 30, saved as best checkpoint
step:3600/3600, q_loss:3.0626937025514097e-06, rewards:-1.3448842763900757, queue:0.2828703820705414, delay:0.02871488407254219, throughput:2811
episode:31/50, real avg travel time:186.75920679886684
step:3600/3600, q_loss:1.3308331009609924e-06, rewards:-1.2744675874710083, queue:0.26504629850387573, delay:0.027991026639938354, throughput:2810
episode:32/50, real avg travel time:185.41749291784703
step:3600/3600, q_loss:-2.58313238988688e-06, rewards:-1.2862269878387451, queue:0.268344908952713, delay:0.02829340472817421, throughput:2810
episode:33/50, real avg travel time:185.28470254957506
step:3600/3600, q_loss:-2.27683562969352e-06, rewards:-1.239097237586975, queue:0.2571180462837219, delay:0.027468154206871986, throughput:2809
episode:34/50, real avg travel time:184.31373937677054
step:3600/3600, q_loss:-6.970758535496799e-06, rewards:-1.233101725578308, queue:0.25578704476356506, delay:0.027495313435792923, throughput:2809
episode:35/50, real avg travel time:184.30134560906515
Test step:35/50, travel time :181.1094192634561, rewards:-1.0980786085128784, queue:0.22349536418914795, delay:0.025168679654598236, throughput:2810
New best TEST travel time 181.1094 at episode 35, saved as best checkpoint
step:3600/3600, q_loss:-3.448571437785839e-06, rewards:-1.2142130136489868, queue:0.2499421238899231, delay:0.027258390560746193, throughput:2808
episode:36/50, real avg travel time:183.94936260623228
step:3600/3600, q_loss:-3.3828116382794155e-06, rewards:-1.265717625617981, queue:0.26417824625968933, delay:0.02788279391825199, throughput:2810
episode:37/50, real avg travel time:184.953611898017
step:3600/3600, q_loss:1.185450093521748e-05, rewards:-1.2797222137451172, queue:0.2655092477798462, delay:0.02793186902999878, throughput:2810
episode:38/50, real avg travel time:185.3314447592068
step:3600/3600, q_loss:5.3887696897921465e-06, rewards:-1.2154861688613892, queue:0.2526620328426361, delay:0.027075860649347305, throughput:2810
episode:39/50, real avg travel time:183.9157223796034
step:3600/3600, q_loss:-4.283288374462706e-06, rewards:-1.322824239730835, queue:0.2736110985279083, delay:0.02872835285961628, throughput:2811
episode:40/50, real avg travel time:186.11898016997168
Test step:40/50, travel time :182.27549575070822, rewards:-1.1507407426834106, queue:0.23541666567325592, delay:0.0259281937032938, throughput:2810
step:3600/3600, q_loss:-3.872707182179309e-06, rewards:-1.293217658996582, queue:0.26684027910232544, delay:0.028506208211183548, throughput:2809
episode:41/50, real avg travel time:185.71883852691218
step:3600/3600, q_loss:-1.2167369232536005e-06, rewards:-1.318009376525879, queue:0.2762731611728668, delay:0.028865983709692955, throughput:2808
episode:42/50, real avg travel time:185.8888101983003
step:3600/3600, q_loss:1.6679422840774978e-06, rewards:-1.258657455444336, queue:0.2623842656612396, delay:0.027781084179878235, throughput:2809
episode:43/50, real avg travel time:184.78753541076486
step:3600/3600, q_loss:-9.182973493201037e-06, rewards:-1.2536112070083618, queue:0.2611689865589142, delay:0.02752218395471573, throughput:2809
episode:44/50, real avg travel time:184.73654390934846
step:3600/3600, q_loss:3.551697447597061e-06, rewards:-1.2414120435714722, queue:0.25914353132247925, delay:0.027310747653245926, throughput:2808
episode:45/50, real avg travel time:184.66111898016996
Test step:45/50, travel time :180.06196883852692, rewards:-1.0627083778381348, queue:0.21741898357868195, delay:0.024320924654603004, throughput:2809
New best TEST travel time 180.0620 at episode 45, saved as best checkpoint
step:3600/3600, q_loss:-5.495340335556524e-06, rewards:-1.2468518018722534, queue:0.2603009343147278, delay:0.027162835001945496, throughput:2809
episode:46/50, real avg travel time:184.71883852691218
step:3600/3600, q_loss:-2.975039019531076e-06, rewards:-1.2315971851348877, queue:0.2559606432914734, delay:0.027141621336340904, throughput:2809
episode:47/50, real avg travel time:184.13668555240793
step:3600/3600, q_loss:-5.7594895213382474e-06, rewards:-1.2148611545562744, queue:0.2515625059604645, delay:0.027030780911445618, throughput:2810
episode:48/50, real avg travel time:183.92634560906515
step:3600/3600, q_loss:-1.6530878327350006e-06, rewards:-1.2450463771820068, queue:0.26006942987442017, delay:0.02720971219241619, throughput:2809
episode:49/50, real avg travel time:184.0279745042493
Hyperparameters saved to: data/output_data/tsc/cityflow_hyperlight_mappo/cityflow16x3/ft_struct_4x4to16x3_seed0/hyperparameters.json
Loaded best checkpoint for final evaluation
Final Travel Time is 180.0620, mean rewards: -1.0627, queue: 0.2174, delay: 0.0243, throughput: 2809
Total time taken: 6238.343204259872
