hyperlight_mappo	TRAIN	0	482.5315	0.001284	-22.9856	6.6474	0.2677	3558
hyperlight_mappo	TEST	0	788.8451	0.001284	-47.0532	13.9058	0.4530	697
hyperlight_mappo	TRAIN	1	454.3416	0.000728	-21.7338	6.4848	0.2716	3595
hyperlight_mappo	TRAIN	2	431.1462	0.000548	-17.4286	5.0853	0.2567	3817
hyperlight_mappo	TRAIN	3	333.4173	0.000272	-14.0118	4.3016	0.2356	3920
hyperlight_mappo	TRAIN	4	321.6668	0.000173	-11.5754	3.5528	0.2153	3901
hyperlight_mappo	TRAIN	5	294.5459	0.000090	-9.8510	2.9999	0.2049	3889
hyperlight_mappo	TEST	5	275.1898	0.000090	-13.6473	4.3028	0.2058	3250
hyperlight_mappo	TRAIN	6	260.5751	0.000061	-8.2727	2.6717	0.1904	3963
hyperlight_mappo	TRAIN	7	253.2331	0.000035	-6.8534	2.2899	0.1815	4037
hyperlight_mappo	TRAIN	8	260.0215	0.000053	-7.3941	2.3988	0.1772	4000
hyperlight_mappo	TRAIN	9	263.6148	0.000048	-7.1781	2.4103	0.1713	3985
hyperlight_mappo	TRAIN	10	269.0817	0.000138	-7.8889	2.5623	0.1811	4002
hyperlight_mappo	TEST	10	247.9063	0.000138	-8.0895	2.8716	0.1697	3810
hyperlight_mappo	TRAIN	11	253.8243	0.000045	-6.4304	2.2094	0.1639	4018
hyperlight_mappo	TRAIN	12	270.7340	0.000058	-6.6635	2.2825	0.1682	3955
hyperlight_mappo	TRAIN	13	251.8725	0.000033	-5.8900	2.0946	0.1616	3984
hyperlight_mappo	TRAIN	14	251.5867	0.000032	-5.7645	2.0265	0.1605	4009
hyperlight_mappo	TRAIN	15	247.3251	0.000027	-6.0585	2.0466	0.1704	4039
hyperlight_mappo	TEST	15	244.8326	0.000027	-8.2544	2.9168	0.1713	3896
hyperlight_mappo	TRAIN	16	249.8913	0.000051	-6.6961	2.2958	0.1706	4012
hyperlight_mappo	TRAIN	17	240.7275	0.000022	-5.7385	2.0079	0.1664	4018
hyperlight_mappo	TRAIN	18	246.5110	0.000037	-6.2294	2.1684	0.1699	4018
hyperlight_mappo	TRAIN	19	237.6239	0.000038	-5.4998	2.0078	0.1633	4039
hyperlight_mappo	TRAIN	20	232.8305	0.000026	-5.1705	1.8458	0.1614	4029
hyperlight_mappo	TEST	20	248.3149	0.000026	-8.0181	2.8522	0.1609	3855
hyperlight_mappo	TRAIN	21	240.5935	0.000009	-5.3323	1.9053	0.1616	4049
hyperlight_mappo	TRAIN	22	248.3691	0.000010	-4.9162	1.8111	0.1597	4031
hyperlight_mappo	TRAIN	23	260.7677	0.000085	-5.9040	2.0011	0.1610	4016
hyperlight_mappo	TRAIN	24	237.4685	0.000005	-4.9789	1.8131	0.1566	4021
hyperlight_mappo	TRAIN	25	255.2439	0.000025	-5.3964	1.9663	0.1611	4027
hyperlight_mappo	TEST	25	270.6020	0.000025	-7.6038	2.8005	0.1718	3809
hyperlight_mappo	TRAIN	26	244.8366	0.000018	-5.0870	1.8434	0.1601	4052
hyperlight_mappo	TRAIN	27	241.6559	0.000022	-5.2713	1.9029	0.1595	4011
hyperlight_mappo	TRAIN	28	248.7822	0.000014	-4.8491	1.7858	0.1507	4036
hyperlight_mappo	TRAIN	29	247.6107	0.000008	-4.8793	1.7769	0.1566	4033
hyperlight_mappo	TRAIN	30	256.3766	0.000023	-5.2337	1.8606	0.1568	3956
hyperlight_mappo	TEST	30	271.4019	0.000023	-13.2009	4.2671	0.2021	3454
hyperlight_mappo	TRAIN	31	238.8993	0.000020	-4.8272	1.7638	0.1534	4013
hyperlight_mappo	TRAIN	32	249.6062	0.000029	-4.8482	1.8155	0.1544	4007
hyperlight_mappo	TRAIN	33	282.4740	0.000154	-6.5885	2.1026	0.1656	3941
hyperlight_mappo	TRAIN	34	269.9617	0.000032	-5.2457	1.8558	0.1630	4046
hyperlight_mappo	TRAIN	35	275.4365	0.000204	-6.5820	2.1649	0.1610	4009
hyperlight_mappo	TEST	35	245.0694	0.000204	-7.3425	2.4606	0.1984	3919
hyperlight_mappo	TRAIN	36	241.3685	0.000019	-4.5729	1.6827	0.1544	4022
hyperlight_mappo	TRAIN	37	249.7921	0.000014	-4.6055	1.7290	0.1542	4006
hyperlight_mappo	TRAIN	38	239.1745	0.000024	-4.5021	1.6845	0.1491	4041
hyperlight_mappo	TRAIN	39	237.4587	0.000016	-4.3884	1.6603	0.1498	4007
hyperlight_mappo	TRAIN	40	235.6602	0.000016	-4.5088	1.7005	0.1490	4035
hyperlight_mappo	TEST	40	261.6407	0.000016	-10.5031	2.9569	0.2131	3755
hyperlight_mappo	TRAIN	41	230.0147	0.000012	-4.0317	1.5340	0.1465	4013
hyperlight_mappo	TRAIN	42	245.0934	0.000056	-5.1023	1.7541	0.1582	4067
hyperlight_mappo	TRAIN	43	223.8308	0.000016	-4.2588	1.5690	0.1494	4042
hyperlight_mappo	TRAIN	44	229.5476	0.000012	-4.3247	1.6366	0.1487	4061
hyperlight_mappo	TRAIN	45	221.3799	0.000014	-3.9463	1.4848	0.1453	4062
hyperlight_mappo	TEST	45	241.2784	0.000014	-6.2080	2.0746	0.1812	3951
hyperlight_mappo	TRAIN	46	221.9159	0.000017	-3.9843	1.5091	0.1451	4057
hyperlight_mappo	TRAIN	47	215.7014	0.000002	-3.8703	1.4897	0.1421	4066
hyperlight_mappo	TRAIN	48	216.0135	0.000019	-3.8007	1.4366	0.1434	4063
hyperlight_mappo	TRAIN	49	211.8310	0.000021	-3.7983	1.4071	0.1434	4054
hyperlight_mappo	TRAIN	50	214.7411	0.000024	-4.2570	1.5357	0.1496	4055
hyperlight_mappo	TEST	50	269.6418	0.000024	-7.7374	2.3798	0.1898	3875
hyperlight_mappo	TRAIN	51	209.6645	0.000001	-3.6884	1.3888	0.1442	4063
hyperlight_mappo	TRAIN	52	209.3335	0.000003	-3.7304	1.3927	0.1455	4045
hyperlight_mappo	TRAIN	53	216.1816	0.000008	-4.0498	1.4534	0.1462	4064
hyperlight_mappo	TRAIN	54	208.0389	0.000001	-3.5498	1.3595	0.1442	4065
hyperlight_mappo	TRAIN	55	208.8342	0.000003	-3.6501	1.3766	0.1453	4048
hyperlight_mappo	TEST	55	218.3986	0.000003	-6.0363	1.8225	0.1649	4034
hyperlight_mappo	TRAIN	56	229.4786	0.000056	-4.6037	1.5946	0.1519	4068
hyperlight_mappo	TRAIN	57	205.8631	0.000003	-3.2312	1.2733	0.1385	4070
hyperlight_mappo	TRAIN	58	210.3898	0.000000	-3.6935	1.3639	0.1425	4066
hyperlight_mappo	TRAIN	59	206.3584	-0.000002	-3.4425	1.2962	0.1400	4054
hyperlight_mappo	TRAIN	60	218.6475	0.000080	-4.3013	1.5097	0.1441	4059
hyperlight_mappo	TEST	60	230.9317	0.000080	-5.1179	1.8106	0.1661	3968
hyperlight_mappo	TRAIN	61	207.1155	0.000002	-3.4176	1.3000	0.1379	4068
hyperlight_mappo	TRAIN	62	212.5769	0.000054	-4.1914	1.4393	0.1441	4065
hyperlight_mappo	TRAIN	63	246.5918	0.001466	-12.2512	3.6328	0.1554	3969
hyperlight_mappo	TRAIN	64	270.2719	0.000463	-7.8512	2.3458	0.1567	4045
hyperlight_mappo	TRAIN	65	207.7696	0.000023	-3.8126	1.3840	0.1397	4071
hyperlight_mappo	TEST	65	242.6666	0.000023	-6.0356	2.1116	0.1761	3902
hyperlight_mappo	TRAIN	66	214.4483	0.000015	-3.5524	1.3462	0.1411	4073
hyperlight_mappo	TRAIN	67	207.1725	0.000008	-3.3377	1.2763	0.1370	4064
hyperlight_mappo	TRAIN	68	206.5644	0.000004	-3.4765	1.2981	0.1408	4070
hyperlight_mappo	TRAIN	69	206.2400	0.000006	-3.3798	1.2769	0.1379	4070
hyperlight_mappo	TRAIN	70	209.6150	0.000015	-3.4763	1.3159	0.1421	4060
hyperlight_mappo	TEST	70	248.2947	0.000015	-5.1610	1.8298	0.1666	3963
hyperlight_mappo	TRAIN	71	209.8378	0.000015	-3.5584	1.3194	0.1394	4063
hyperlight_mappo	TRAIN	72	207.1603	0.000002	-3.3764	1.2865	0.1386	4068
hyperlight_mappo	TRAIN	73	208.3510	0.000006	-3.2929	1.2602	0.1367	4066
hyperlight_mappo	TRAIN	74	213.7398	0.000004	-3.3783	1.2876	0.1375	4055
hyperlight_mappo	TRAIN	75	205.5752	0.000004	-3.2183	1.2344	0.1379	4065
hyperlight_mappo	TEST	75	342.9165	0.000004	-16.7808	5.0393	0.2084	3103
hyperlight_mappo	TRAIN	76	229.8774	0.000188	-5.1400	1.6563	0.1422	4063
hyperlight_mappo	TRAIN	77	206.1995	0.000008	-3.1101	1.2044	0.1355	4066
hyperlight_mappo	TRAIN	78	210.0283	0.000011	-3.3335	1.2745	0.1366	4060
hyperlight_mappo	TRAIN	79	209.1949	0.000006	-3.1462	1.2269	0.1353	4068
hyperlight_mappo	TRAIN	80	210.9042	0.000005	-3.1688	1.2046	0.1351	4059
hyperlight_mappo	TEST	80	257.2856	0.000005	-4.7582	1.5570	0.1497	4013
hyperlight_mappo	TRAIN	81	210.9459	0.000018	-3.5350	1.3046	0.1375	4063
hyperlight_mappo	TRAIN	82	211.0804	0.000002	-3.2875	1.2266	0.1381	4065
hyperlight_mappo	TRAIN	83	205.5777	0.000001	-2.9967	1.1800	0.1349	4071
hyperlight_mappo	TRAIN	84	207.6081	0.000001	-2.9401	1.1573	0.1328	4070
hyperlight_mappo	TRAIN	85	207.6272	-0.000003	-2.8838	1.1407	0.1326	4064
hyperlight_mappo	TEST	85	203.2060	-0.000003	-2.4915	1.0123	0.1242	3873
hyperlight_mappo	TRAIN	86	204.1192	0.000009	-2.9376	1.1567	0.1328	4068
hyperlight_mappo	TRAIN	87	209.4564	0.000004	-3.0592	1.1885	0.1347	4064
hyperlight_mappo	TRAIN	88	219.4710	0.000028	-3.5597	1.3172	0.1392	3989
hyperlight_mappo	TRAIN	89	209.2849	-0.000002	-2.8726	1.1684	0.1353	4064
hyperlight_mappo	TRAIN	90	207.3270	0.000002	-2.8234	1.1507	0.1311	4064
hyperlight_mappo	TEST	90	216.8147	0.000002	-3.5828	1.3563	0.1459	4069
hyperlight_mappo	TRAIN	91	208.8645	0.000001	-2.9174	1.1741	0.1337	4074
hyperlight_mappo	TRAIN	92	208.2012	0.000010	-3.0274	1.2053	0.1354	4056
hyperlight_mappo	TRAIN	93	214.4620	0.000000	-3.0873	1.2188	0.1377	4056
hyperlight_mappo	TRAIN	94	210.5357	0.000004	-3.1628	1.2284	0.1343	4066
hyperlight_mappo	TRAIN	95	215.5204	0.000019	-3.3246	1.2839	0.1367	3974
hyperlight_mappo	TEST	95	318.7046	0.000019	-14.1457	4.1857	0.1758	3639
hyperlight_mappo	TRAIN	96	218.2341	0.000016	-3.3714	1.3216	0.1392	3969
hyperlight_mappo	TRAIN	97	226.1904	0.000037	-3.7379	1.3913	0.1413	4071
hyperlight_mappo	TRAIN	98	212.0654	0.000002	-3.0794	1.2160	0.1348	4065
hyperlight_mappo	TRAIN	99	206.9958	0.000003	-2.7535	1.1358	0.1314	4054
hyperlight_mappo	TRAIN	100	217.9575	0.000005	-3.2023	1.2398	0.1388	4069
hyperlight_mappo	TEST	100	215.3736	0.000005	-2.9918	1.1940	0.1372	4063
hyperlight_mappo	TRAIN	101	206.4470	-0.000002	-3.1231	1.2019	0.1366	4065
hyperlight_mappo	TRAIN	102	203.7003	0.000000	-2.8770	1.1364	0.1318	4068
hyperlight_mappo	TRAIN	103	206.4247	0.000008	-2.7393	1.1172	0.1330	4066
hyperlight_mappo	TRAIN	104	202.9867	0.000000	-2.8966	1.1651	0.1342	4069
hyperlight_mappo	TRAIN	105	215.6736	0.000033	-3.5065	1.2979	0.1380	4069
hyperlight_mappo	TEST	105	214.4782	0.000033	-3.1965	1.2722	0.1370	4065
hyperlight_mappo	TRAIN	106	209.5526	0.000012	-3.2472	1.2279	0.1357	4072
hyperlight_mappo	TRAIN	107	241.9025	0.000053	-4.3767	1.5712	0.1465	3989
hyperlight_mappo	TRAIN	108	209.3489	0.000021	-3.3335	1.2652	0.1352	4067
hyperlight_mappo	TRAIN	109	206.4906	0.000006	-2.8806	1.1560	0.1327	4060
hyperlight_mappo	TRAIN	110	214.2969	0.000020	-3.2281	1.2340	0.1373	4062
hyperlight_mappo	TEST	110	236.0885	0.000020	-3.1312	1.2546	0.1374	4069
hyperlight_mappo	TRAIN	111	212.4003	0.000003	-3.1374	1.2029	0.1360	4067
hyperlight_mappo	TRAIN	112	211.0703	0.000005	-3.0282	1.1930	0.1339	4070
hyperlight_mappo	TRAIN	113	222.3347	0.000018	-3.4002	1.2716	0.1362	3983
hyperlight_mappo	TRAIN	114	229.0787	0.000010	-3.3363	1.2628	0.1379	4066
hyperlight_mappo	TRAIN	115	218.7118	0.000004	-3.1172	1.2241	0.1373	4043
hyperlight_mappo	TEST	115	335.0064	0.000004	-12.5699	3.7534	0.1624	3614
hyperlight_mappo	TRAIN	116	243.8693	0.000854	-7.7939	2.4258	0.1404	3924
hyperlight_mappo	TRAIN	117	224.1543	0.000016	-3.1956	1.2282	0.1349	4070
hyperlight_mappo	TRAIN	118	210.6982	0.000000	-2.8252	1.1296	0.1311	4062
hyperlight_mappo	TRAIN	119	222.6953	0.000003	-3.0267	1.1881	0.1337	4063
hyperlight_mappo	TRAIN	120	243.2237	0.000053	-4.1025	1.4687	0.1437	4064
hyperlight_mappo	TEST	120	221.5573	0.000053	-2.7387	1.0894	0.1274	4061
hyperlight_mappo	TRAIN	121	218.6473	0.000004	-3.0166	1.1917	0.1358	4054
hyperlight_mappo	TRAIN	122	212.1369	0.000005	-3.0655	1.1868	0.1338	4054
hyperlight_mappo	TRAIN	123	230.9581	0.000012	-3.3480	1.2520	0.1376	4034
hyperlight_mappo	TRAIN	124	223.1278	-0.000000	-3.1741	1.2032	0.1369	4046
hyperlight_mappo	TRAIN	125	220.4425	0.000010	-2.9567	1.1521	0.1324	4061
hyperlight_mappo	TEST	125	266.0239	0.000010	-4.7717	1.4778	0.1385	3976
hyperlight_mappo	TRAIN	126	219.1061	0.000002	-3.0184	1.1437	0.1296	4072
hyperlight_mappo	TRAIN	127	210.7323	0.000011	-2.9652	1.1541	0.1306	4072
hyperlight_mappo	TRAIN	128	260.8255	0.000154	-4.8769	1.6533	0.1477	4064
hyperlight_mappo	TRAIN	129	222.1347	0.000006	-3.2743	1.2017	0.1318	4039
hyperlight_mappo	TRAIN	130	216.0324	0.000006	-2.9635	1.1075	0.1283	3950
hyperlight_mappo	TEST	130	218.7177	0.000006	-2.8546	1.0542	0.1239	3837
hyperlight_mappo	TRAIN	131	214.8216	0.000005	-2.8140	1.0824	0.1284	3912
hyperlight_mappo	TRAIN	132	210.6427	0.000008	-2.9230	1.1058	0.1313	3960
hyperlight_mappo	TRAIN	133	216.7380	0.000005	-2.9634	1.1176	0.1306	3939
hyperlight_mappo	TRAIN	134	217.7454	0.000010	-2.8334	1.0790	0.1268	3939
hyperlight_mappo	TRAIN	135	216.2638	0.000005	-2.9494	1.1288	0.1297	3954
hyperlight_mappo	TEST	135	212.8700	0.000005	-2.7174	1.0160	0.1282	3861
hyperlight_mappo	TRAIN	136	214.2285	0.000001	-2.8008	1.0776	0.1288	3956
hyperlight_mappo	TRAIN	137	215.3565	0.000006	-2.9721	1.1270	0.1328	3958
hyperlight_mappo	TRAIN	138	208.0037	0.000002	-2.6872	1.0845	0.1281	4047
hyperlight_mappo	TRAIN	139	209.1377	-0.000005	-2.5815	1.0384	0.1269	3986
hyperlight_mappo	TRAIN	140	208.1388	0.000003	-2.6770	1.0651	0.1304	3971
hyperlight_mappo	TEST	140	243.0256	0.000003	-3.2793	1.1845	0.1330	3864
hyperlight_mappo	TRAIN	141	222.5372	0.000011	-3.0842	1.1849	0.1320	3920
hyperlight_mappo	TRAIN	142	225.7516	0.000024	-3.2822	1.2279	0.1348	3877
hyperlight_mappo	TRAIN	143	235.0951	0.000075	-3.7526	1.3266	0.1362	3954
hyperlight_mappo	TRAIN	144	218.4356	0.000013	-2.9562	1.1214	0.1295	3914
hyperlight_mappo	TRAIN	145	216.7470	0.000003	-2.9747	1.1304	0.1324	3988
hyperlight_mappo	TEST	145	211.9330	0.000003	-2.5630	1.0085	0.1242	3898
hyperlight_mappo	TRAIN	146	211.9978	0.000008	-2.7246	1.1056	0.1278	4059
hyperlight_mappo	TRAIN	147	234.0773	0.000026	-3.5812	1.2985	0.1381	3969
hyperlight_mappo	TRAIN	148	210.0354	-0.000003	-2.7874	1.0975	0.1310	4037
hyperlight_mappo	TRAIN	149	224.7597	0.000021	-3.1974	1.1880	0.1334	3937
hyperlight_mappo	TRAIN	150	215.8074	0.000003	-2.7565	1.0644	0.1278	3962
hyperlight_mappo	TEST	150	221.9150	0.000003	-3.0739	1.1304	0.1264	3883
hyperlight_mappo	TRAIN	151	217.4874	0.000003	-2.7416	1.0583	0.1261	3919
hyperlight_mappo	TRAIN	152	226.3892	0.000066	-3.6856	1.2335	0.1346	3898
hyperlight_mappo	TRAIN	153	227.6996	0.000015	-3.7448	1.3702	0.1395	3911
hyperlight_mappo	TRAIN	154	213.7251	0.000004	-2.6846	1.0649	0.1275	3939
hyperlight_mappo	TRAIN	155	219.5523	0.000007	-2.9597	1.1388	0.1307	4045
hyperlight_mappo	TEST	155	211.5241	0.000007	-2.5780	0.9889	0.1232	3873
hyperlight_mappo	TRAIN	156	222.5005	0.000017	-3.3045	1.2298	0.1364	3994
hyperlight_mappo	TRAIN	157	229.3284	0.000014	-3.1101	1.1485	0.1299	3928
hyperlight_mappo	TRAIN	158	222.2392	0.000011	-2.9280	1.1148	0.1269	3930
hyperlight_mappo	TRAIN	159	222.5869	0.000006	-2.8852	1.0921	0.1284	3948
hyperlight_mappo	TRAIN	160	218.9640	0.000010	-2.8685	1.1050	0.1275	3968
hyperlight_mappo	TEST	160	238.0751	0.000010	-2.7177	1.0078	0.1254	3889
hyperlight_mappo	TRAIN	161	234.7684	0.000022	-3.3910	1.2261	0.1326	3955
hyperlight_mappo	TRAIN	162	214.1273	0.000008	-2.6842	1.0324	0.1254	3936
hyperlight_mappo	TRAIN	163	220.1349	0.000003	-2.6682	1.0421	0.1272	3913
hyperlight_mappo	TRAIN	164	221.6517	0.000054	-3.3507	1.2324	0.1324	4008
hyperlight_mappo	TRAIN	165	210.6274	0.000000	-2.7204	1.0556	0.1272	3935
hyperlight_mappo	TEST	165	246.4760	0.000000	-3.4250	1.2466	0.1326	3847
hyperlight_mappo	TRAIN	166	220.9714	0.000003	-2.8931	1.1061	0.1302	3981
hyperlight_mappo	TRAIN	167	216.2431	0.000006	-2.6579	1.0386	0.1267	4006
hyperlight_mappo	TRAIN	168	219.9537	0.000004	-2.6803	1.0417	0.1264	3998
hyperlight_mappo	TRAIN	169	251.7328	0.000060	-3.7853	1.3411	0.1363	3907
hyperlight_mappo	TRAIN	170	230.7173	0.000075	-3.3884	1.2112	0.1319	3941
hyperlight_mappo	TEST	170	237.8404	0.000075	-2.7500	1.0127	0.1254	3846
hyperlight_mappo	TRAIN	171	218.3549	0.000004	-2.6050	1.0372	0.1275	3956
hyperlight_mappo	TRAIN	172	214.4564	0.000004	-2.7819	1.0915	0.1294	4047
hyperlight_mappo	TRAIN	173	226.7856	0.000013	-3.0535	1.1758	0.1321	4048
hyperlight_mappo	TRAIN	174	216.3041	0.000005	-2.6046	1.0296	0.1243	4032
hyperlight_mappo	TRAIN	175	215.5855	0.000004	-2.5775	1.0257	0.1240	4014
hyperlight_mappo	TEST	175	236.0038	0.000004	-2.7435	1.0175	0.1239	3898
hyperlight_mappo	TRAIN	176	233.6843	0.000017	-3.3276	1.2357	0.1351	4061
hyperlight_mappo	TRAIN	177	216.3610	0.000004	-2.7730	1.0635	0.1273	3906
hyperlight_mappo	TRAIN	178	215.9211	0.000002	-2.6919	1.0537	0.1257	4058
hyperlight_mappo	TRAIN	179	234.0535	0.000006	-2.9785	1.1308	0.1314	4056
hyperlight_mappo	TRAIN	180	227.0101	0.000005	-2.8217	1.0905	0.1296	4062
hyperlight_mappo	TEST	180	276.5128	0.000005	-3.6409	1.2503	0.1397	3974
hyperlight_mappo	TRAIN	181	261.2888	0.000094	-4.0509	1.3749	0.1341	4020
hyperlight_mappo	TRAIN	182	242.5878	-0.000000	-3.0391	1.1235	0.1308	4039
hyperlight_mappo	TRAIN	183	226.3118	-0.000003	-2.8019	1.0933	0.1296	4060
hyperlight_mappo	TRAIN	184	229.2111	0.000006	-2.9216	1.1000	0.1283	4027
hyperlight_mappo	TRAIN	185	233.5825	0.000007	-2.9366	1.1079	0.1276	4057
hyperlight_mappo	TEST	185	265.3040	0.000007	-5.0772	1.5877	0.1342	3642
hyperlight_mappo	TRAIN	186	243.2806	0.000032	-3.5570	1.2208	0.1313	4023
hyperlight_mappo	TRAIN	187	253.0167	0.000074	-3.9541	1.3163	0.1341	3944
hyperlight_mappo	TRAIN	188	247.2444	0.000005	-3.2564	1.1630	0.1314	4009
hyperlight_mappo	TRAIN	189	248.7326	0.000017	-3.1918	1.1463	0.1296	4017
hyperlight_mappo	TRAIN	190	251.0673	0.000008	-3.5249	1.2157	0.1348	3980
hyperlight_mappo	TEST	190	259.0081	0.000008	-3.0769	1.1127	0.1292	3814
hyperlight_mappo	TRAIN	191	267.9412	0.000092	-3.8352	1.3097	0.1348	3963
hyperlight_mappo	TRAIN	192	272.1680	0.000132	-4.4561	1.4709	0.1359	3875
hyperlight_mappo	TRAIN	193	280.2895	0.000091	-3.9975	1.3413	0.1358	3948
hyperlight_mappo	TRAIN	194	262.1818	0.000013	-3.1068	1.1053	0.1296	3922
hyperlight_mappo	TRAIN	195	258.8695	0.000013	-3.2701	1.1735	0.1328	3961
hyperlight_mappo	TEST	195	302.6868	0.000013	-5.1505	1.5533	0.1407	3755
hyperlight_mappo	TRAIN	196	295.6085	0.000112	-4.5588	1.4757	0.1402	3905
hyperlight_mappo	TRAIN	197	282.2406	0.000095	-4.0461	1.3509	0.1358	3903
hyperlight_mappo	TRAIN	198	252.6287	0.000008	-3.1527	1.1286	0.1314	3835
hyperlight_mappo	TRAIN	199	273.3674	0.000162	-4.7001	1.4888	0.1394	3914
hyperlight_mappo	TRAIN	200	262.1828	0.000009	-3.3420	1.1706	0.1312	3911
hyperlight_mappo	TEST	200	272.5593	0.000009	-4.9114	1.5069	0.1452	3578
hyperlight_mappo	TRAIN	201	316.5288	0.000140	-5.5471	1.6475	0.1481	3901
hyperlight_mappo	TRAIN	202	254.4944	0.000005	-3.3277	1.1802	0.1348	3906
hyperlight_mappo	TRAIN	203	313.1668	0.000265	-7.0276	1.8952	0.1541	3807
hyperlight_mappo	TRAIN	204	337.5455	0.000076	-4.3656	1.4218	0.1368	3965
hyperlight_mappo	TRAIN	205	257.8852	0.000014	-3.6022	1.2315	0.1345	3953
hyperlight_mappo	TEST	205	314.3571	0.000014	-6.3767	1.8365	0.1544	3657
hyperlight_mappo	TRAIN	206	256.6947	0.000003	-3.2974	1.1429	0.1295	3882
hyperlight_mappo	TRAIN	207	316.8028	0.000272	-5.9226	1.8228	0.1451	3910
hyperlight_mappo	TRAIN	208	259.5270	0.000011	-3.6723	1.2634	0.1363	3871
hyperlight_mappo	TRAIN	209	306.0141	0.000632	-8.3860	2.4991	0.1471	3679
hyperlight_mappo	TRAIN	210	341.3529	0.000393	-8.4078	2.4877	0.1648	3392
hyperlight_mappo	TEST	210	337.3231	0.000393	-9.9655	3.0239	0.1535	3374
hyperlight_mappo	TRAIN	211	272.9775	0.000323	-5.7264	1.7995	0.1416	3818
hyperlight_mappo	TRAIN	212	330.9269	0.000610	-8.8874	2.4763	0.1610	3488
hyperlight_mappo	TRAIN	213	303.7868	0.000135	-5.0982	1.5503	0.1411	3902
hyperlight_mappo	TRAIN	214	266.7364	0.000022	-3.5214	1.2070	0.1322	3964
hyperlight_mappo	TRAIN	215	270.8885	0.000037	-3.9801	1.3304	0.1385	3864
hyperlight_mappo	TEST	215	338.4145	0.000037	-6.7428	1.9750	0.1443	3694
hyperlight_mappo	TRAIN	216	281.7414	0.000100	-4.8616	1.5190	0.1381	3701
hyperlight_mappo	TRAIN	217	268.9997	0.000010	-3.7712	1.2712	0.1374	3889
hyperlight_mappo	TRAIN	218	299.9471	0.000061	-4.6519	1.4972	0.1404	3878
hyperlight_mappo	TRAIN	219	268.3906	0.000059	-4.1339	1.2840	0.1345	3810
hyperlight_mappo	TRAIN	220	289.0887	0.000119	-5.0410	1.6053	0.1402	3810
hyperlight_mappo	TEST	220	291.7436	0.000119	-5.3514	1.5319	0.1387	3588
hyperlight_mappo	TRAIN	221	283.9370	0.000162	-5.0976	1.6062	0.1377	3856
hyperlight_mappo	TRAIN	222	287.9838	0.000098	-4.2788	1.4077	0.1338	3884
hyperlight_mappo	TRAIN	223	252.0976	0.000019	-3.2014	1.1472	0.1325	3956
hyperlight_mappo	TRAIN	224	283.9464	0.000100	-4.3393	1.4344	0.1346	4008
hyperlight_mappo	TRAIN	225	264.6734	0.000046	-3.7881	1.2728	0.1344	4005
hyperlight_mappo	TEST	225	279.2796	0.000046	-7.3526	2.1025	0.1503	3344
hyperlight_mappo	TRAIN	226	265.8837	0.000108	-4.3136	1.4388	0.1380	3948
hyperlight_mappo	TRAIN	227	268.4699	0.000004	-3.9726	1.3282	0.1398	3933
hyperlight_mappo	TRAIN	228	284.0390	0.000021	-4.3180	1.4142	0.1412	3818
hyperlight_mappo	TRAIN	229	335.5764	0.000546	-9.4297	2.4431	0.1645	3680
hyperlight_mappo	TRAIN	230	268.4262	0.000015	-3.9907	1.3024	0.1397	3951
hyperlight_mappo	TEST	230	340.1186	0.000015	-5.8842	1.7299	0.1441	3517
hyperlight_mappo	TRAIN	231	284.8321	0.000044	-4.6579	1.4828	0.1425	3806
hyperlight_mappo	TRAIN	232	282.5489	0.000007	-3.8022	1.2541	0.1356	3835
hyperlight_mappo	TRAIN	233	267.6171	0.000147	-5.0005	1.5399	0.1391	3667
hyperlight_mappo	TRAIN	234	285.7294	0.000074	-4.9703	1.5294	0.1392	3758
hyperlight_mappo	TRAIN	235	282.9945	0.000015	-4.3310	1.3496	0.1389	3791
hyperlight_mappo	TEST	235	346.2431	0.000015	-7.9268	2.1270	0.1596	3467
hyperlight_mappo	TRAIN	236	296.5176	0.000018	-4.1411	1.3257	0.1407	3758
hyperlight_mappo	TRAIN	237	349.8100	0.000369	-7.8992	2.2177	0.1578	3647
hyperlight_mappo	TRAIN	238	310.4928	0.000123	-5.3062	1.5939	0.1422	3841
hyperlight_mappo	TRAIN	239	279.9186	0.000016	-4.5360	1.4294	0.1426	3844
hyperlight_mappo	TRAIN	240	290.5964	0.000121	-4.6861	1.5230	0.1411	3853
hyperlight_mappo	TEST	240	295.2073	0.000121	-4.8745	1.4467	0.1412	3715
hyperlight_mappo	TRAIN	241	304.1593	0.000077	-5.1400	1.5786	0.1495	3849
hyperlight_mappo	TRAIN	242	291.7548	0.000042	-4.6271	1.4999	0.1477	3890
hyperlight_mappo	TRAIN	243	270.4896	0.000019	-3.8275	1.3007	0.1377	3877
hyperlight_mappo	TRAIN	244	277.2409	0.000010	-3.7405	1.2484	0.1356	3885
hyperlight_mappo	TRAIN	245	266.0391	0.000004	-3.7433	1.2521	0.1364	3883
hyperlight_mappo	TEST	245	325.1209	0.000004	-5.8766	1.8200	0.1436	3698
hyperlight_mappo	TRAIN	246	281.6748	0.000008	-3.9852	1.3042	0.1417	3914
hyperlight_mappo	TRAIN	247	312.1859	0.000237	-6.4412	1.8283	0.1526	3604
hyperlight_mappo	TRAIN	248	289.4027	0.000046	-4.4374	1.3803	0.1398	3809
hyperlight_mappo	TRAIN	249	259.3400	0.000026	-3.5209	1.1930	0.1341	3832
