step:3600/3600, q_loss:0.0022859251425590044, rewards:-68.4104232788086, queue:17.112211227416992, delay:0.13601981103420258, throughput:1631
episode:0/250, real avg travel time:1343.8225920679886
Test step:0/250, travel time :1671.9621104815865, rewards:-89.90921020507812, queue:22.52777862548828, delay:0.1636361926794052, throughput:1061
New best TEST travel time 1671.9621 at episode 0, saved as best checkpoint
step:3600/3600, q_loss:0.0019698004433770237, rewards:-65.97935485839844, queue:16.506771087646484, delay:0.1307336390018463, throughput:1647
episode:1/250, real avg travel time:1308.0747167138811
step:3600/3600, q_loss:0.001800366872806608, rewards:-64.89303588867188, queue:16.23373794555664, delay:0.13207010924816132, throughput:1724
episode:2/250, real avg travel time:1278.6002124645893
step:3600/3600, q_loss:0.001787191762784381, rewards:-67.59306335449219, queue:16.9141788482666, delay:0.1340164691209793, throughput:1667
episode:3/250, real avg travel time:1313.895538243626
step:3600/3600, q_loss:0.001613118545508679, rewards:-65.58078002929688, queue:16.405845642089844, delay:0.1340794861316681, throughput:1644
episode:4/250, real avg travel time:1298.4861898016998
step:3600/3600, q_loss:0.0014566852596163014, rewards:-63.22699737548828, queue:15.813484191894531, delay:0.12875911593437195, throughput:1727
episode:5/250, real avg travel time:1249.1685552407932
Test step:5/250, travel time :1723.4539660056657, rewards:-97.01302337646484, queue:24.302257537841797, delay:0.16554707288742065, throughput:884
step:3600/3600, q_loss:0.0014726520481484907, rewards:-65.46617889404297, queue:16.377777099609375, delay:0.12930557131767273, throughput:1651
episode:6/250, real avg travel time:1298.415014164306
step:3600/3600, q_loss:0.001371696253341657, rewards:-63.92612838745117, queue:15.990220069885254, delay:0.12900042533874512, throughput:1701
episode:7/250, real avg travel time:1262.032223796034
step:3600/3600, q_loss:0.0012236712787898234, rewards:-63.61943435668945, queue:15.915162086486816, delay:0.13004766404628754, throughput:1683
episode:8/250, real avg travel time:1257.5538243626063
step:3600/3600, q_loss:0.001277834336836765, rewards:-65.00013732910156, queue:16.258216857910156, delay:0.13002265989780426, throughput:1649
episode:9/250, real avg travel time:1273.46388101983
step:3600/3600, q_loss:0.0010967485169753616, rewards:-63.824424743652344, queue:15.964004516601562, delay:0.13256430625915527, throughput:1723
episode:10/250, real avg travel time:1265.1905099150142
Test step:10/250, travel time :1691.03611898017, rewards:-92.95792388916016, queue:23.2891788482666, delay:0.14936670660972595, throughput:806
step:3600/3600, q_loss:0.0009408501694036395, rewards:-61.049407958984375, queue:15.270023345947266, delay:0.1292470544576645, throughput:1806
episode:11/250, real avg travel time:1202.460339943343
step:3600/3600, q_loss:0.0009975135889778166, rewards:-64.26940155029297, queue:16.07725715637207, delay:0.13311809301376343, throughput:1712
episode:12/250, real avg travel time:1249.8509206798867
step:3600/3600, q_loss:0.0008666441235461353, rewards:-62.447776794433594, queue:15.622221946716309, delay:0.1297050416469574, throughput:1711
episode:13/250, real avg travel time:1230.188385269122
step:3600/3600, q_loss:0.0008078204812826933, rewards:-59.53094482421875, queue:14.887442588806152, delay:0.13008297979831696, throughput:1782
episode:14/250, real avg travel time:1180.8980169971671
step:3600/3600, q_loss:0.0007129797617111492, rewards:-60.39741897583008, queue:15.105093002319336, delay:0.13018372654914856, throughput:1764
episode:15/250, real avg travel time:1182.1349150141643
Test step:15/250, travel time :1685.5987960339944, rewards:-93.61543273925781, queue:23.453876495361328, delay:0.15536148846149445, throughput:895
step:3600/3600, q_loss:0.0006139287684848647, rewards:-56.478939056396484, queue:14.119791984558105, delay:0.12848448753356934, throughput:1776
episode:16/250, real avg travel time:1136.0506373937676
step:3600/3600, q_loss:0.0005763106214825386, rewards:-57.57777786254883, queue:14.39751148223877, delay:0.12979993224143982, throughput:1737
episode:17/250, real avg travel time:1138.8576487252124
step:3600/3600, q_loss:0.0005174804254676457, rewards:-59.78548049926758, queue:14.953009605407715, delay:0.1296086311340332, throughput:1785
episode:18/250, real avg travel time:1169.7815155807366
step:3600/3600, q_loss:0.0003982953651072342, rewards:-56.98552703857422, queue:14.250984191894531, delay:0.1297605335712433, throughput:1835
episode:19/250, real avg travel time:1137.8856232294618
step:3600/3600, q_loss:0.00041070131564880773, rewards:-59.04207229614258, queue:14.76649284362793, delay:0.13444802165031433, throughput:1759
episode:20/250, real avg travel time:1167.3813739376772
Test step:20/250, travel time :1635.2779745042492, rewards:-91.09774017333984, queue:22.82008171081543, delay:0.1559242606163025, throughput:958
New best TEST travel time 1635.2780 at episode 20, saved as best checkpoint
step:3600/3600, q_loss:0.00039403301744181434, rewards:-56.94301223754883, queue:14.24045181274414, delay:0.12809862196445465, throughput:1816
episode:21/250, real avg travel time:1128.014164305949
step:3600/3600, q_loss:0.0003262195033366205, rewards:-57.394290924072266, queue:14.356134414672852, delay:0.12867453694343567, throughput:1803
episode:22/250, real avg travel time:1140.7365439093485
step:3600/3600, q_loss:0.00029265967924952687, rewards:-52.116146087646484, queue:13.031712532043457, delay:0.1255902647972107, throughput:1827
episode:23/250, real avg travel time:1044.6423512747876
step:3600/3600, q_loss:0.00032045551357261925, rewards:-57.64545822143555, queue:14.414814949035645, delay:0.1311781108379364, throughput:1820
episode:24/250, real avg travel time:1148.3601274787536
step:3600/3600, q_loss:0.0002398258341004911, rewards:-55.38762664794922, queue:13.848380088806152, delay:0.12950024008750916, throughput:1831
episode:25/250, real avg travel time:1099.9182011331445
Test step:25/250, travel time :1683.908640226629, rewards:-93.0815658569336, queue:23.32181739807129, delay:0.1558070182800293, throughput:911
step:3600/3600, q_loss:0.00022175786398742116, rewards:-53.150943756103516, queue:13.28663158416748, delay:0.12969139218330383, throughput:1858
episode:26/250, real avg travel time:1060.2620396600566
step:3600/3600, q_loss:0.0001647130926829521, rewards:-52.68302917480469, queue:13.172337532043457, delay:0.12706258893013, throughput:1856
episode:27/250, real avg travel time:1071.4808781869688
step:3600/3600, q_loss:0.0001982743512655114, rewards:-54.205013275146484, queue:13.5547456741333, delay:0.12782426178455353, throughput:1809
episode:28/250, real avg travel time:1086.8392351274788
step:3600/3600, q_loss:0.00016685440664949977, rewards:-55.27962112426758, queue:13.82725715637207, delay:0.13159680366516113, throughput:1832
episode:29/250, real avg travel time:1100.3937677053825
step:3600/3600, q_loss:0.00012156371153707121, rewards:-54.135074615478516, queue:13.537789344787598, delay:0.12820550799369812, throughput:1834
episode:30/250, real avg travel time:1087.3668555240793
Test step:30/250, travel time :1682.3431303116147, rewards:-92.39479064941406, queue:23.147512435913086, delay:0.1699478179216385, throughput:1012
step:3600/3600, q_loss:0.0001335570890525425, rewards:-57.14992904663086, queue:14.294560432434082, delay:0.13004867732524872, throughput:1761
episode:31/250, real avg travel time:1151.2167138810198
step:3600/3600, q_loss:9.189954194251771e-05, rewards:-55.736839294433594, queue:13.938888549804688, delay:0.125849649310112, throughput:1844
episode:32/250, real avg travel time:1111.729461756374
step:3600/3600, q_loss:0.00011321485134554497, rewards:-53.6308479309082, queue:13.404687881469727, delay:0.12739738821983337, throughput:1803
episode:33/250, real avg travel time:1086.5817988668555
step:3600/3600, q_loss:3.6580055768107186e-05, rewards:-55.04891586303711, queue:13.763657569885254, delay:0.12864480912685394, throughput:1824
episode:34/250, real avg travel time:1110.110835694051
step:3600/3600, q_loss:4.940352051944276e-05, rewards:-52.855712890625, queue:13.217476844787598, delay:0.127125546336174, throughput:1823
episode:35/250, real avg travel time:1062.6589943342776
Test step:35/250, travel time :1636.348087818697, rewards:-90.65586853027344, queue:22.714351654052734, delay:0.16547946631908417, throughput:1094
step:3600/3600, q_loss:4.1186680189437335e-05, rewards:-49.884098052978516, queue:12.466666221618652, delay:0.12605835497379303, throughput:1840
episode:36/250, real avg travel time:1036.1802407932012
step:3600/3600, q_loss:3.282646361140557e-05, rewards:-50.42965316772461, queue:12.606886863708496, delay:0.1238688975572586, throughput:1855
episode:37/250, real avg travel time:1026.8271954674221
step:3600/3600, q_loss:3.522656840720662e-05, rewards:-49.62660598754883, queue:12.401330947875977, delay:0.12540994584560394, throughput:1879
episode:38/250, real avg travel time:1020.4451133144476
step:3600/3600, q_loss:6.60388739089723e-05, rewards:-48.907840728759766, queue:12.220312118530273, delay:0.1226007267832756, throughput:1869
episode:39/250, real avg travel time:1016.1281869688386
step:3600/3600, q_loss:4.265275596997436e-05, rewards:-46.929073333740234, queue:11.724884033203125, delay:0.12167525291442871, throughput:1863
episode:40/250, real avg travel time:983.2252124645893
Test step:40/250, travel time :1652.6186260623228, rewards:-89.85594940185547, queue:22.51290512084961, delay:0.16975922882556915, throughput:999
step:3600/3600, q_loss:2.4225268035805152e-05, rewards:-48.891178131103516, queue:12.219155311584473, delay:0.12459486722946167, throughput:1884
episode:41/250, real avg travel time:1013.8785410764873
step:3600/3600, q_loss:4.381537236227298e-05, rewards:-44.55780792236328, queue:11.12858772277832, delay:0.12156645953655243, throughput:1932
episode:42/250, real avg travel time:930.6402266288952
step:3600/3600, q_loss:2.6971139775497125e-05, rewards:-40.24962615966797, queue:10.04149341583252, delay:0.12001726776361465, throughput:2018
episode:43/250, real avg travel time:884.5570113314448
step:3600/3600, q_loss:3.116220353677133e-05, rewards:-43.989906311035156, queue:10.984086036682129, delay:0.12223117798566818, throughput:1948
episode:44/250, real avg travel time:939.8013456090652
step:3600/3600, q_loss:7.980572315576819e-05, rewards:-36.765506744384766, queue:9.170660018920898, delay:0.11199504137039185, throughput:1974
episode:45/250, real avg travel time:818.792492917847
Test step:45/250, travel time :1557.979461756374, rewards:-85.42713165283203, queue:21.398784637451172, delay:0.1756146252155304, throughput:1403
New best TEST travel time 1557.9795 at episode 45, saved as best checkpoint
step:3600/3600, q_loss:3.7497373292061653e-05, rewards:-41.192867279052734, queue:10.280902862548828, delay:0.11589059233665466, throughput:1917
episode:46/250, real avg travel time:898.2117563739376
step:3600/3600, q_loss:4.5563494729131086e-05, rewards:-40.309471130371094, queue:10.064467430114746, delay:0.11681175976991653, throughput:1970
episode:47/250, real avg travel time:882.2043201133145
step:3600/3600, q_loss:3.6128832998881004e-05, rewards:-39.628639221191406, queue:9.886631965637207, delay:0.11411050707101822, throughput:1954
episode:48/250, real avg travel time:860.893059490085
step:3600/3600, q_loss:7.523433765235506e-05, rewards:-36.95060729980469, queue:9.214351654052734, delay:0.11063247919082642, throughput:1957
episode:49/250, real avg travel time:822.4702549575071
step:3600/3600, q_loss:3.5323775703961283e-05, rewards:-39.61879348754883, queue:9.893692016601562, delay:0.11484847217798233, throughput:1950
episode:50/250, real avg travel time:858.6618271954674
Test step:50/250, travel time :1308.9822946175636, rewards:-70.76632690429688, queue:17.723438262939453, delay:0.15623022615909576, throughput:1717
New best TEST travel time 1308.9823 at episode 50, saved as best checkpoint
step:3600/3600, q_loss:-2.5460538943010714e-06, rewards:-40.60808181762695, queue:10.13975715637207, delay:0.11520171165466309, throughput:1979
episode:51/250, real avg travel time:890.4454674220963
step:3600/3600, q_loss:1.641271224843315e-05, rewards:-40.316410064697266, queue:10.066030502319336, delay:0.11447586119174957, throughput:1990
episode:52/250, real avg travel time:886.9557365439093
step:3600/3600, q_loss:-5.728140096812521e-06, rewards:-41.19916534423828, queue:10.287557601928711, delay:0.11364058405160904, throughput:1960
episode:53/250, real avg travel time:912.9139518413598
step:3600/3600, q_loss:-1.3993630317948114e-05, rewards:-40.90196990966797, queue:10.210301399230957, delay:0.11185691505670547, throughput:1972
episode:54/250, real avg travel time:886.6657223796034
step:3600/3600, q_loss:-1.707742145905892e-05, rewards:-40.59215545654297, queue:10.135879516601562, delay:0.11116861552000046, throughput:1906
episode:55/250, real avg travel time:905.6373937677054
Test step:55/250, travel time :1214.6193342776205, rewards:-61.16429138183594, queue:15.30555534362793, delay:0.13356226682662964, throughput:1573
New best TEST travel time 1214.6193 at episode 55, saved as best checkpoint
step:3600/3600, q_loss:-2.497516185861587e-05, rewards:-38.770606994628906, queue:9.6797456741333, delay:0.10998554527759552, throughput:1948
episode:56/250, real avg travel time:871.8179886685552
step:3600/3600, q_loss:-1.0272913991853042e-05, rewards:-41.082908630371094, queue:10.263425827026367, delay:0.11371173709630966, throughput:1958
episode:57/250, real avg travel time:920.9302407932012
step:3600/3600, q_loss:8.10073810790516e-06, rewards:-41.08831787109375, queue:10.259259223937988, delay:0.11161022633314133, throughput:1928
episode:58/250, real avg travel time:916.0031869688386
step:3600/3600, q_loss:4.2801272673072454e-05, rewards:-35.15388870239258, queue:8.765393257141113, delay:0.10356592386960983, throughput:1949
episode:59/250, real avg travel time:798.417492917847
step:3600/3600, q_loss:1.4097226013279992e-05, rewards:-35.728885650634766, queue:8.913251876831055, delay:0.10587836802005768, throughput:2007
episode:60/250, real avg travel time:817.5577195467422
Test step:60/250, travel time :1238.8070113314448, rewards:-64.5389404296875, queue:16.162790298461914, delay:0.14783957600593567, throughput:1737
step:3600/3600, q_loss:3.2231677754747646e-05, rewards:-35.27474594116211, queue:8.79780101776123, delay:0.10604456067085266, throughput:2041
episode:61/250, real avg travel time:780.3197592067988
step:3600/3600, q_loss:2.3285738755891352e-05, rewards:-35.96627426147461, queue:8.971758842468262, delay:0.10422234237194061, throughput:1974
episode:62/250, real avg travel time:808.2266288951841
step:3600/3600, q_loss:3.054587315641528e-05, rewards:-31.27132225036621, queue:7.793692111968994, delay:0.10027902573347092, throughput:2084
episode:63/250, real avg travel time:721.6175637393768
step:3600/3600, q_loss:0.00010034140475370265, rewards:-21.913331985473633, queue:5.4339118003845215, delay:0.09632941335439682, throughput:2343
episode:64/250, real avg travel time:581.5428470254958
step:3600/3600, q_loss:9.48919782438028e-05, rewards:-20.418426513671875, queue:5.058796405792236, delay:0.09538079798221588, throughput:2354
episode:65/250, real avg travel time:564.3909348441927
Test step:65/250, travel time :1046.4128895184135, rewards:-49.53870391845703, queue:12.3983793258667, delay:0.1313454508781433, throughput:2033
New best TEST travel time 1046.4129 at episode 65, saved as best checkpoint
step:3600/3600, q_loss:5.08222856162185e-05, rewards:-20.035951614379883, queue:4.965856552124023, delay:0.09298879653215408, throughput:2359
episode:66/250, real avg travel time:550.2368980169972
step:3600/3600, q_loss:1.7839454309899867e-05, rewards:-15.792130470275879, queue:3.888425827026367, delay:0.08975604176521301, throughput:2569
episode:67/250, real avg travel time:494.28753541076486
step:3600/3600, q_loss:1.855805662840053e-05, rewards:-14.75733757019043, queue:3.6222801208496094, delay:0.08953589200973511, throughput:2601
episode:68/250, real avg travel time:487.2004249291785
step:3600/3600, q_loss:8.217188304025726e-05, rewards:-22.17835807800293, queue:5.5030670166015625, delay:0.09342261403799057, throughput:2292
episode:69/250, real avg travel time:587.0711756373938
step:3600/3600, q_loss:1.1735526704010957e-05, rewards:-14.814308166503906, queue:3.6381945610046387, delay:0.08593858033418655, throughput:2560
episode:70/250, real avg travel time:497.5084985835694
Test step:70/250, travel time :730.4582152974505, rewards:-26.66826629638672, queue:6.638252258300781, delay:0.10418818145990372, throughput:2317
New best TEST travel time 730.4582 at episode 70, saved as best checkpoint
step:3600/3600, q_loss:3.2115533278197236e-05, rewards:-19.582754135131836, queue:4.847222328186035, delay:0.09051357209682465, throughput:2380
episode:71/250, real avg travel time:545.7344192634561
step:3600/3600, q_loss:3.9398168748313626e-05, rewards:-19.218517303466797, queue:4.757986068725586, delay:0.09129738807678223, throughput:2368
episode:72/250, real avg travel time:543.7687677053824
step:3600/3600, q_loss:2.229273093599872e-05, rewards:-16.678680419921875, queue:4.11417818069458, delay:0.08840767294168472, throughput:2532
episode:73/250, real avg travel time:522.5300991501416
step:3600/3600, q_loss:4.998231903120968e-05, rewards:-18.084882736206055, queue:4.466434955596924, delay:0.08938707411289215, throughput:2427
episode:74/250, real avg travel time:522.099150141643
step:3600/3600, q_loss:3.749472994564308e-06, rewards:-14.839329719543457, queue:3.6484954357147217, delay:0.08596004545688629, throughput:2573
episode:75/250, real avg travel time:491.7365439093484
Test step:75/250, travel time :703.1051699716714, rewards:-27.605783462524414, queue:6.870601654052734, delay:0.10833673924207687, throughput:2347
New best TEST travel time 703.1052 at episode 75, saved as best checkpoint
step:3600/3600, q_loss:7.262627844250312e-06, rewards:-12.544677734375, queue:3.06701397895813, delay:0.0831567719578743, throughput:2579
episode:76/250, real avg travel time:453.4691926345609
step:3600/3600, q_loss:-1.9683384330782258e-05, rewards:-13.265182495117188, queue:3.246643543243408, delay:0.08418458700180054, throughput:2581
episode:77/250, real avg travel time:471.97415014164307
step:3600/3600, q_loss:-3.333076206610803e-05, rewards:-10.864144325256348, queue:2.6482059955596924, delay:0.0776238664984703, throughput:2614
episode:78/250, real avg travel time:424.7057365439093
step:3600/3600, q_loss:-1.568820235537894e-05, rewards:-10.223913192749023, queue:2.4896411895751953, delay:0.07781054079532623, throughput:2592
episode:79/250, real avg travel time:429.9061614730878
step:3600/3600, q_loss:-7.809275102997084e-06, rewards:-9.777292251586914, queue:2.3694443702697754, delay:0.07954157143831253, throughput:2704
episode:80/250, real avg travel time:356.0304532577904
Test step:80/250, travel time :895.5888810198301, rewards:-37.65140914916992, queue:9.406423568725586, delay:0.12275087088346481, throughput:2099
step:3600/3600, q_loss:-2.8671183907944294e-05, rewards:-10.36523151397705, queue:2.524132013320923, delay:0.07563724368810654, throughput:2693
episode:81/250, real avg travel time:375.65084985835693
step:3600/3600, q_loss:9.939666445091091e-05, rewards:-16.99433135986328, queue:4.202141284942627, delay:0.08434092253446579, throughput:2433
episode:82/250, real avg travel time:477.25743626062325
step:3600/3600, q_loss:-2.835133521857867e-05, rewards:-10.49759292602539, queue:2.560532331466675, delay:0.07601134479045868, throughput:2648
episode:83/250, real avg travel time:397.99327195467424
step:3600/3600, q_loss:-6.318060583492487e-06, rewards:-12.818610191345215, queue:3.14392352104187, delay:0.07880736887454987, throughput:2549
episode:84/250, real avg travel time:457.8820821529745
step:3600/3600, q_loss:-2.6513631081921453e-05, rewards:-10.296341896057129, queue:2.5065972805023193, delay:0.07395212352275848, throughput:2636
episode:85/250, real avg travel time:405.97379603399435
Test step:85/250, travel time :951.1303116147309, rewards:-41.31301498413086, queue:10.333564758300781, delay:0.11497507989406586, throughput:1803
step:3600/3600, q_loss:-2.6052800239995123e-05, rewards:-9.491225242614746, queue:2.3011574745178223, delay:0.07266071438789368, throughput:2640
episode:86/250, real avg travel time:394.72981586402267
step:3600/3600, q_loss:-3.863165024265555e-05, rewards:-9.858842849731445, queue:2.3909144401550293, delay:0.07240574061870575, throughput:2652
episode:87/250, real avg travel time:391.09773371104814
step:3600/3600, q_loss:-1.412220342360713e-05, rewards:-8.07414436340332, queue:1.9509837627410889, delay:0.06910393387079239, throughput:2605
episode:88/250, real avg travel time:391.4911473087819
step:3600/3600, q_loss:6.710194240979574e-07, rewards:-7.47479248046875, queue:1.7901041507720947, delay:0.0703253298997879, throughput:2708
episode:89/250, real avg travel time:340.1083569405099
step:3600/3600, q_loss:-6.824658276731677e-06, rewards:-7.984421253204346, queue:1.9181712865829468, delay:0.07239819318056107, throughput:2766
episode:90/250, real avg travel time:336.6122521246459
Test step:90/250, travel time :655.2167138810198, rewards:-26.55002212524414, queue:6.629860877990723, delay:0.08547177165746689, throughput:2142
New best TEST travel time 655.2167 at episode 90, saved as best checkpoint
step:3600/3600, q_loss:3.0215460243692368e-06, rewards:-7.69342565536499, queue:1.8491319417953491, delay:0.07103923708200455, throughput:2767
episode:91/250, real avg travel time:321.72698300283287
step:3600/3600, q_loss:-5.829518259916868e-06, rewards:-8.311249732971191, queue:2.0089120864868164, delay:0.07181724905967712, throughput:2728
episode:92/250, real avg travel time:337.4026203966006
step:3600/3600, q_loss:-3.5776592285176854e-05, rewards:-10.336251258850098, queue:2.517939805984497, delay:0.069972924888134, throughput:2697
episode:93/250, real avg travel time:383.0293909348442
step:3600/3600, q_loss:1.5371758778246095e-05, rewards:-13.34638786315918, queue:3.285937547683716, delay:0.07360664755105972, throughput:2553
episode:94/250, real avg travel time:426.20184135977337
step:3600/3600, q_loss:-2.004566999801929e-05, rewards:-12.775068283081055, queue:3.1370949745178223, delay:0.07444103807210922, throughput:2598
episode:95/250, real avg travel time:431.4550283286119
Test step:95/250, travel time :622.0609065155808, rewards:-19.921297073364258, queue:4.951562404632568, delay:0.08036497235298157, throughput:2182
New best TEST travel time 622.0609 at episode 95, saved as best checkpoint
step:3600/3600, q_loss:-1.1107678464786323e-05, rewards:-12.01671314239502, queue:2.949652671813965, delay:0.07398899644613266, throughput:2619
episode:96/250, real avg travel time:415.4337818696884
step:3600/3600, q_loss:2.0760064226011802e-05, rewards:-16.17180824279785, queue:3.993055582046509, delay:0.07927345484495163, throughput:2465
episode:97/250, real avg travel time:466.5938385269122
step:3600/3600, q_loss:-3.9364942593821956e-05, rewards:-9.05604076385498, queue:2.19861102104187, delay:0.06532947719097137, throughput:2675
episode:98/250, real avg travel time:372.8424220963173
step:3600/3600, q_loss:-4.289398777563079e-05, rewards:-8.298680305480957, queue:2.00630784034729, delay:0.06337849795818329, throughput:2688
episode:99/250, real avg travel time:357.39518413597733
step:3600/3600, q_loss:-2.9599450939668363e-05, rewards:-7.424721717834473, queue:1.7862846851348877, delay:0.062028586864471436, throughput:2694
episode:100/250, real avg travel time:339.45963172804534
Test step:100/250, travel time :426.0899433427762, rewards:-7.407986640930176, queue:1.8131365776062012, delay:0.058568719774484634, throughput:2471
New best TEST travel time 426.0899 at episode 100, saved as best checkpoint
step:3600/3600, q_loss:-3.0572104618459205e-05, rewards:-6.953841209411621, queue:1.6662037372589111, delay:0.06175007298588753, throughput:2691
episode:101/250, real avg travel time:330.2907223796034
step:3600/3600, q_loss:-3.3143481432264786e-05, rewards:-6.7479166984558105, queue:1.6154513359069824, delay:0.062484078109264374, throughput:2680
episode:102/250, real avg travel time:332.29815864022663
step:3600/3600, q_loss:-3.202124768264453e-05, rewards:-5.887476921081543, queue:1.3989583253860474, delay:0.05994686484336853, throughput:2701
episode:103/250, real avg travel time:310.3587110481586
step:3600/3600, q_loss:-2.880042812637525e-05, rewards:-5.583355903625488, queue:1.3256944417953491, delay:0.05923451855778694, throughput:2707
episode:104/250, real avg travel time:302.66218130311614
step:3600/3600, q_loss:-3.459684523454879e-05, rewards:-5.721850395202637, queue:1.3597800731658936, delay:0.058777906000614166, throughput:2714
episode:105/250, real avg travel time:303.93165722379604
Test step:105/250, travel time :300.4029745042493, rewards:-5.677870750427246, queue:1.380555510520935, delay:0.050931334495544434, throughput:2705
New best TEST travel time 300.4030 at episode 105, saved as best checkpoint
step:3600/3600, q_loss:-3.209658255254459e-05, rewards:-4.991296768188477, queue:1.1772569417953491, delay:0.05632704496383667, throughput:2724
episode:106/250, real avg travel time:282.324716713881
step:3600/3600, q_loss:-3.061264952397503e-05, rewards:-5.074443340301514, queue:1.2013888359069824, delay:0.05609089881181717, throughput:2718
episode:107/250, real avg travel time:284.59631728045326
step:3600/3600, q_loss:-3.406031622787087e-05, rewards:-4.863171577453613, queue:1.1489005088806152, delay:0.05444971099495888, throughput:2703
episode:108/250, real avg travel time:279.5084985835694
step:3600/3600, q_loss:-3.322635969164333e-05, rewards:-4.871389865875244, queue:1.1453125476837158, delay:0.05490489676594734, throughput:2714
episode:109/250, real avg travel time:280.2793909348442
step:3600/3600, q_loss:-3.329517088405052e-05, rewards:-4.900209426879883, queue:1.1564815044403076, delay:0.05353971943259239, throughput:2718
episode:110/250, real avg travel time:284.2064447592068
Test step:110/250, travel time :279.7747875354108, rewards:-4.540834426879883, queue:1.0956597328186035, delay:0.04773401841521263, throughput:2705
New best TEST travel time 279.7748 at episode 110, saved as best checkpoint
step:3600/3600, q_loss:-2.9508004153296813e-05, rewards:-4.589120864868164, queue:1.0782407522201538, delay:0.052284594625234604, throughput:2711
episode:111/250, real avg travel time:280.7684135977337
step:3600/3600, q_loss:-3.48141339297096e-05, rewards:-4.548796653747559, queue:1.067997694015503, delay:0.05145585536956787, throughput:2705
episode:112/250, real avg travel time:282.19015580736544
step:3600/3600, q_loss:-3.359553854722805e-05, rewards:-4.320671081542969, queue:1.013946771621704, delay:0.050278276205062866, throughput:2715
episode:113/250, real avg travel time:272.93484419263456
step:3600/3600, q_loss:-2.410218869134738e-05, rewards:-4.283796310424805, queue:1.0067708492279053, delay:0.04976576939225197, throughput:2728
episode:114/250, real avg travel time:271.58463172804534
step:3600/3600, q_loss:-3.7379598533907145e-05, rewards:-4.214489936828613, queue:0.9832754731178284, delay:0.04964253306388855, throughput:2746
episode:115/250, real avg travel time:270.32365439093485
Test step:115/250, travel time :275.52726628895186, rewards:-4.032407760620117, queue:0.9662615656852722, delay:0.036288514733314514, throughput:2703
New best TEST travel time 275.5273 at episode 115, saved as best checkpoint
step:3600/3600, q_loss:-2.931531527321096e-05, rewards:-4.023842811584473, queue:0.9375578761100769, delay:0.048342492431402206, throughput:2803
episode:116/250, real avg travel time:260.08463172804534
step:3600/3600, q_loss:-1.817100194863469e-05, rewards:-3.224027395248413, queue:0.735127329826355, delay:0.04704369977116585, throughput:2794
episode:117/250, real avg travel time:223.99079320113316
step:3600/3600, q_loss:-2.8821815992418075e-05, rewards:-4.287780284881592, queue:1.0094329118728638, delay:0.04801046848297119, throughput:2742
episode:118/250, real avg travel time:281.1859065155807
step:3600/3600, q_loss:-1.635281904456838e-05, rewards:-3.3010878562927246, queue:0.7612847089767456, delay:0.04575874283909798, throughput:2809
episode:119/250, real avg travel time:229.27584985835693
step:3600/3600, q_loss:-2.353306734692995e-05, rewards:-2.8073837757110596, queue:0.6343171000480652, delay:0.04458148404955864, throughput:2806
episode:120/250, real avg travel time:217.04426345609065
Test step:120/250, travel time :268.71990084985833, rewards:-3.5815510749816895, queue:0.8517361283302307, delay:0.03304876387119293, throughput:2722
New best TEST travel time 268.7199 at episode 120, saved as best checkpoint
step:3600/3600, q_loss:-4.371305752292644e-05, rewards:-4.1843061447143555, queue:0.9809027910232544, delay:0.04636954143643379, throughput:2754
episode:121/250, real avg travel time:281.5552407932011
step:3600/3600, q_loss:-1.5165656409801248e-05, rewards:-2.44777774810791, queue:0.5431134104728699, delay:0.04341394081711769, throughput:2808
episode:122/250, real avg travel time:208.81515580736544
step:3600/3600, q_loss:-2.2755432687124904e-05, rewards:-2.523634195327759, queue:0.5625, delay:0.043616872280836105, throughput:2808
episode:123/250, real avg travel time:211.19546742209633
step:3600/3600, q_loss:-2.8115822207815024e-05, rewards:-2.4726154804229736, queue:0.551620364189148, delay:0.04342368617653847, throughput:2810
episode:124/250, real avg travel time:209.3973087818697
step:3600/3600, q_loss:-3.1127403296219806e-05, rewards:-2.5201849937438965, queue:0.5614583492279053, delay:0.04354182258248329, throughput:2805
episode:125/250, real avg travel time:210.47131728045326
Test step:125/250, travel time :197.91784702549575, rewards:-1.9815971851348877, queue:0.4504629671573639, delay:0.03251844272017479, throughput:2809
New best TEST travel time 197.9178 at episode 125, saved as best checkpoint
step:3600/3600, q_loss:-2.987475298276102e-05, rewards:-2.641597270965576, queue:0.5933449268341064, delay:0.044479623436927795, throughput:2807
episode:126/250, real avg travel time:212.94971671388103
step:3600/3600, q_loss:-2.437175386642784e-05, rewards:-2.4930553436279297, queue:0.5575231313705444, delay:0.04305407777428627, throughput:2808
episode:127/250, real avg travel time:210.09206798866856
step:3600/3600, q_loss:-3.6682612995651586e-05, rewards:-3.266782522201538, queue:0.7515046000480652, delay:0.04490668699145317, throughput:2808
episode:128/250, real avg travel time:237.5081444759207
step:3600/3600, q_loss:-2.542822672065669e-05, rewards:-2.3752081394195557, queue:0.5316550731658936, delay:0.04166784510016441, throughput:2808
episode:129/250, real avg travel time:206.91076487252124
step:3600/3600, q_loss:-2.5606787882825752e-05, rewards:-2.2622222900390625, queue:0.5000578761100769, delay:0.04111304134130478, throughput:2805
episode:130/250, real avg travel time:204.7737252124646
Test step:130/250, travel time :190.6405807365439, rewards:-1.696967601776123, queue:0.3821180462837219, delay:0.03064889647066593, throughput:2808
New best TEST travel time 190.6406 at episode 130, saved as best checkpoint
step:3600/3600, q_loss:-2.7231534621045914e-05, rewards:-2.297847270965576, queue:0.5111689567565918, delay:0.04105647653341293, throughput:2808
episode:131/250, real avg travel time:205.69688385269123
step:3600/3600, q_loss:-2.4605680251333082e-05, rewards:-2.229189872741699, queue:0.4974536895751953, delay:0.04033058509230614, throughput:2807
episode:132/250, real avg travel time:203.95998583569406
step:3600/3600, q_loss:-2.4677236761357408e-05, rewards:-2.277082920074463, queue:0.509432852268219, delay:0.039895616471767426, throughput:2809
episode:133/250, real avg travel time:205.27868271954674
step:3600/3600, q_loss:-5.395079195430433e-05, rewards:-3.7572693824768066, queue:0.8806134462356567, delay:0.0422351136803627, throughput:2771
episode:134/250, real avg travel time:270.3693342776204
step:3600/3600, q_loss:-2.9122324898999967e-05, rewards:-1.9171065092086792, queue:0.41811344027519226, delay:0.03718773275613785, throughput:2809
episode:135/250, real avg travel time:197.50601983002832
Test step:135/250, travel time :184.28895184135976, rewards:-1.396851897239685, queue:0.307060182094574, delay:0.029399065300822258, throughput:2808
New best TEST travel time 184.2890 at episode 135, saved as best checkpoint
step:3600/3600, q_loss:-3.1245118912516366e-05, rewards:-1.8859952688217163, queue:0.41273146867752075, delay:0.037332795560359955, throughput:2809
episode:136/250, real avg travel time:197.14376770538243
step:3600/3600, q_loss:-3.320278390023259e-05, rewards:-1.9555323123931885, queue:0.4272569417953491, delay:0.03828970715403557, throughput:2810
episode:137/250, real avg travel time:198.68696883852692
step:3600/3600, q_loss:-3.198519931893428e-05, rewards:-1.8260879516601562, queue:0.4000578820705414, delay:0.036090314388275146, throughput:2808
episode:138/250, real avg travel time:195.55559490084985
step:3600/3600, q_loss:-2.8241209306374746e-05, rewards:-1.7438658475875854, queue:0.3802661895751953, delay:0.035297691822052, throughput:2809
episode:139/250, real avg travel time:193.81692634560906
step:3600/3600, q_loss:-2.987317077637317e-05, rewards:-1.8026156425476074, queue:0.395717591047287, delay:0.03623532876372337, throughput:2809
episode:140/250, real avg travel time:194.84808781869688
Test step:140/250, travel time :181.6012747875354, rewards:-1.260138988494873, queue:0.275810182094574, delay:0.027345018461346626, throughput:2809
New best TEST travel time 181.6013 at episode 140, saved as best checkpoint
step:3600/3600, q_loss:-2.9146513487729762e-05, rewards:-1.7014814615249634, queue:0.3741319477558136, delay:0.03402240201830864, throughput:2809
episode:141/250, real avg travel time:192.78257790368272
step:3600/3600, q_loss:-2.9202578136593933e-05, rewards:-1.7366204261779785, queue:0.37887731194496155, delay:0.034815043210983276, throughput:2807
episode:142/250, real avg travel time:193.82436260623228
step:3600/3600, q_loss:-2.5800091895723233e-05, rewards:-1.656157374382019, queue:0.36059027910232544, delay:0.03347168490290642, throughput:2808
episode:143/250, real avg travel time:192.2372521246459
step:3600/3600, q_loss:-3.062975880356483e-05, rewards:-1.6631481647491455, queue:0.36493057012557983, delay:0.03316338732838631, throughput:2809
episode:144/250, real avg travel time:192.01770538243625
step:3600/3600, q_loss:-2.834969678071592e-05, rewards:-1.6015509366989136, queue:0.3462384343147278, delay:0.03294593095779419, throughput:2809
episode:145/250, real avg travel time:191.26770538243625
Test step:145/250, travel time :183.27832861189802, rewards:-1.3501620292663574, queue:0.29635417461395264, delay:0.028617773205041885, throughput:2807
step:3600/3600, q_loss:-2.2728435794339966e-05, rewards:-1.6525695323944092, queue:0.3628472089767456, delay:0.03391300514340401, throughput:2807
episode:146/250, real avg travel time:191.8356940509915
step:3600/3600, q_loss:-2.9152702614894984e-05, rewards:-1.5668057203292847, queue:0.3412036895751953, delay:0.03245434910058975, throughput:2811
episode:147/250, real avg travel time:189.56834277620396
step:3600/3600, q_loss:-1.8724442185132682e-05, rewards:-1.5310649871826172, queue:0.3366319537162781, delay:0.03204765170812607, throughput:2807
episode:148/250, real avg travel time:187.91890934844193
step:3600/3600, q_loss:-2.8931396728795436e-05, rewards:-1.5667362213134766, queue:0.3447916805744171, delay:0.032131377607584, throughput:2807
episode:149/250, real avg travel time:188.58817280453258
step:3600/3600, q_loss:-2.080735960331412e-05, rewards:-1.51303231716156, queue:0.3344328701496124, delay:0.03149711340665817, throughput:2804
episode:150/250, real avg travel time:187.59348441926346
Test step:150/250, travel time :181.80205382436262, rewards:-1.3094907999038696, queue:0.28946760296821594, delay:0.028338845819234848, throughput:2807
step:3600/3600, q_loss:-1.9098970468477978e-05, rewards:-1.476967692375183, queue:0.32586807012557983, delay:0.03082868456840515, throughput:2807
episode:151/250, real avg travel time:186.7021954674221
step:3600/3600, q_loss:-2.2338601429285594e-05, rewards:-1.4452084302902222, queue:0.31915509700775146, delay:0.03050224855542183, throughput:2808
episode:152/250, real avg travel time:186.47096317280455
step:3600/3600, q_loss:-1.7928138657697237e-05, rewards:-1.4434953927993774, queue:0.31655094027519226, delay:0.030386829748749733, throughput:2808
episode:153/250, real avg travel time:186.45396600566573
step:3600/3600, q_loss:-1.5187388150176655e-05, rewards:-1.4438890218734741, queue:0.31481480598449707, delay:0.030422518029808998, throughput:2808
episode:154/250, real avg travel time:186.25070821529744
step:3600/3600, q_loss:-1.7411114499231595e-05, rewards:-1.3831019401550293, queue:0.2993055582046509, delay:0.02931411936879158, throughput:2807
episode:155/250, real avg travel time:185.83675637393767
Test step:155/250, travel time :180.84313031161474, rewards:-1.175694465637207, queue:0.24884259700775146, delay:0.02579348534345627, throughput:2808
New best TEST travel time 180.8431 at episode 155, saved as best checkpoint
step:3600/3600, q_loss:-1.6709910342786002e-05, rewards:-1.3426852226257324, queue:0.28871527314186096, delay:0.028624672442674637, throughput:2810
episode:156/250, real avg travel time:185.03541076487252
step:3600/3600, q_loss:-2.022898437262708e-05, rewards:-1.3731482028961182, queue:0.29635417461395264, delay:0.02957949787378311, throughput:2808
episode:157/250, real avg travel time:185.8721671388102
step:3600/3600, q_loss:-1.1125549528155659e-05, rewards:-1.3387037515640259, queue:0.2872685194015503, delay:0.02852308750152588, throughput:2809
episode:158/250, real avg travel time:184.5265580736544
step:3600/3600, q_loss:-1.6791189795814135e-05, rewards:-1.3104397058486938, queue:0.28431713581085205, delay:0.027813324704766273, throughput:2809
episode:159/250, real avg travel time:183.98123229461757
step:3600/3600, q_loss:-1.5695393516647597e-05, rewards:-1.3049999475479126, queue:0.2786458432674408, delay:0.02751212939620018, throughput:2809
episode:160/250, real avg travel time:183.93236543909347
Test step:160/250, travel time :180.47556657223797, rewards:-1.1697916984558105, queue:0.25023147463798523, delay:0.025295903906226158, throughput:2810
New best TEST travel time 180.4756 at episode 160, saved as best checkpoint
step:3600/3600, q_loss:-1.978146684439393e-05, rewards:-1.300879716873169, queue:0.2803240716457367, delay:0.027895137667655945, throughput:2807
episode:161/250, real avg travel time:184.32259206798867
step:3600/3600, q_loss:-1.642708826514053e-05, rewards:-1.2962498664855957, queue:0.27916666865348816, delay:0.028155628591775894, throughput:2809
episode:162/250, real avg travel time:184.07188385269123
step:3600/3600, q_loss:-2.5965461315569918e-05, rewards:-1.2815741300582886, queue:0.2734953761100769, delay:0.027853328734636307, throughput:2808
episode:163/250, real avg travel time:184.08179886685554
step:3600/3600, q_loss:-1.5838908852238988e-05, rewards:-1.2764815092086792, queue:0.2744791805744171, delay:0.027343129739165306, throughput:2807
episode:164/250, real avg travel time:183.73264872521247
step:3600/3600, q_loss:-6.806778356455911e-06, rewards:-1.270763874053955, queue:0.2717013955116272, delay:0.027381829917430878, throughput:2809
episode:165/250, real avg travel time:182.92563739376772
Test step:165/250, travel time :179.06161473087818, rewards:-1.1236343383789062, queue:0.23981481790542603, delay:0.024294165894389153, throughput:2809
New best TEST travel time 179.0616 at episode 165, saved as best checkpoint
step:3600/3600, q_loss:-9.467196974178983e-06, rewards:-1.2569212913513184, queue:0.2672453820705414, delay:0.02677082270383835, throughput:2808
episode:166/250, real avg travel time:182.79461756373937
step:3600/3600, q_loss:-1.8752203053467113e-05, rewards:-1.2479166984558105, queue:0.2690972089767456, delay:0.026958543807268143, throughput:2808
episode:167/250, real avg travel time:182.20467422096317
step:3600/3600, q_loss:-1.0795440570807752e-05, rewards:-1.2410415410995483, queue:0.2682870328426361, delay:0.026643181219697, throughput:2811
episode:168/250, real avg travel time:182.45432011331445
step:3600/3600, q_loss:-1.131158936869376e-05, rewards:-1.217476725578308, queue:0.2614583373069763, delay:0.0263943150639534, throughput:2810
episode:169/250, real avg travel time:182.19582152974505
step:3600/3600, q_loss:-9.78687174120964e-06, rewards:-1.2318518161773682, queue:0.2646411955356598, delay:0.02624088153243065, throughput:2810
episode:170/250, real avg travel time:182.17528328611897
Test step:170/250, travel time :179.72450424929178, rewards:-1.1576851606369019, queue:0.24693286418914795, delay:0.025063857436180115, throughput:2810
step:3600/3600, q_loss:-1.1698938446280396e-05, rewards:-1.223078727722168, queue:0.2630786895751953, delay:0.026274217292666435, throughput:2810
episode:171/250, real avg travel time:181.81090651558074
step:3600/3600, q_loss:-1.3620217537714376e-05, rewards:-1.2217130661010742, queue:0.2603588104248047, delay:0.026499610394239426, throughput:2810
episode:172/250, real avg travel time:182.64412181303115
step:3600/3600, q_loss:-1.3367287088099317e-05, rewards:-1.194560170173645, queue:0.2553819417953491, delay:0.025960631668567657, throughput:2810
episode:173/250, real avg travel time:181.21388101983004
step:3600/3600, q_loss:-1.576123654951606e-05, rewards:-1.1914119720458984, queue:0.25202545523643494, delay:0.02606935426592827, throughput:2811
episode:174/250, real avg travel time:181.7262747875354
step:3600/3600, q_loss:-1.1006368030966433e-05, rewards:-1.2184027433395386, queue:0.25978007912635803, delay:0.026053138077259064, throughput:2810
episode:175/250, real avg travel time:182.19546742209633
Test step:175/250, travel time :179.05913597733712, rewards:-1.0784027576446533, queue:0.2281828671693802, delay:0.024344973266124725, throughput:2809
New best TEST travel time 179.0591 at episode 175, saved as best checkpoint
step:3600/3600, q_loss:-2.8826740791699216e-06, rewards:-1.1861573457717896, queue:0.2553819417953491, delay:0.02612685039639473, throughput:2809
episode:176/250, real avg travel time:181.55028328611897
step:3600/3600, q_loss:-3.1801263290100996e-06, rewards:-1.1939351558685303, queue:0.2570023238658905, delay:0.026328666135668755, throughput:2808
episode:177/250, real avg travel time:181.37429178470256
step:3600/3600, q_loss:-9.160686660138316e-06, rewards:-1.1919444799423218, queue:0.25648146867752075, delay:0.025980882346630096, throughput:2809
episode:178/250, real avg travel time:181.41076487252124
step:3600/3600, q_loss:-4.4577369498042965e-06, rewards:-1.1962730884552002, queue:0.25925925374031067, delay:0.025986647233366966, throughput:2810
episode:179/250, real avg travel time:180.83533994334277
step:3600/3600, q_loss:-1.2966376146514336e-05, rewards:-1.260879635810852, queue:0.2758680582046509, delay:0.027158690616488457, throughput:2810
episode:180/250, real avg travel time:182.15793201133144
Test step:180/250, travel time :179.15084985835693, rewards:-1.1609259843826294, queue:0.25387731194496155, delay:0.025343941524624825, throughput:2810
step:3600/3600, q_loss:-6.377051388959826e-06, rewards:-1.2172454595565796, queue:0.26157405972480774, delay:0.026516493409872055, throughput:2810
episode:181/250, real avg travel time:181.36720963172806
step:3600/3600, q_loss:-8.632466707229154e-06, rewards:-1.2042129039764404, queue:0.26076388359069824, delay:0.0259136650711298, throughput:2809
episode:182/250, real avg travel time:180.9815864022663
step:3600/3600, q_loss:-6.830420403994253e-06, rewards:-1.2004398107528687, queue:0.2576389014720917, delay:0.02613784372806549, throughput:2810
episode:183/250, real avg travel time:180.78611898016996
step:3600/3600, q_loss:-6.414318466587796e-06, rewards:-1.1912732124328613, queue:0.25908565521240234, delay:0.025956859812140465, throughput:2810
episode:184/250, real avg travel time:180.84242209631728
step:3600/3600, q_loss:-1.2316956992525561e-05, rewards:-1.182175874710083, queue:0.25653934478759766, delay:0.025892246514558792, throughput:2809
episode:185/250, real avg travel time:181.13385269121812
Test step:185/250, travel time :179.45856940509915, rewards:-1.12733793258667, queue:0.2447916716337204, delay:0.02491399459540844, throughput:2809
step:3600/3600, q_loss:-1.0338154611361708e-05, rewards:-1.186574101448059, queue:0.2568865716457367, delay:0.025945249944925308, throughput:2808
episode:186/250, real avg travel time:181.42528328611897
step:3600/3600, q_loss:-9.417572769445632e-06, rewards:-1.1810879707336426, queue:0.2543402910232544, delay:0.0256655216217041, throughput:2809
episode:187/250, real avg travel time:181.30559490084985
step:3600/3600, q_loss:-9.700219918697797e-06, rewards:-1.1907405853271484, queue:0.25480324029922485, delay:0.02584375999867916, throughput:2809
episode:188/250, real avg travel time:181.235835694051
step:3600/3600, q_loss:-1.1036963720179313e-05, rewards:-1.1587731838226318, queue:0.2482060194015503, delay:0.02549952268600464, throughput:2811
episode:189/250, real avg travel time:180.893059490085
step:3600/3600, q_loss:-8.022282427079101e-06, rewards:-1.1955093145370483, queue:0.25746527314186096, delay:0.02601809985935688, throughput:2808
episode:190/250, real avg travel time:180.93449008498584
Test step:190/250, travel time :179.43944759206798, rewards:-1.1521528959274292, queue:0.24965277314186096, delay:0.024983858689665794, throughput:2808
step:3600/3600, q_loss:-5.383437939913782e-06, rewards:-1.188264012336731, queue:0.2576967477798462, delay:0.025722907856106758, throughput:2810
episode:191/250, real avg travel time:180.55240793201133
step:3600/3600, q_loss:-7.237575913744944e-06, rewards:-1.1645139455795288, queue:0.24971064925193787, delay:0.025292234495282173, throughput:2811
episode:192/250, real avg travel time:180.31444759206798
step:3600/3600, q_loss:-1.20632277325911e-05, rewards:-1.1415741443634033, queue:0.24629630148410797, delay:0.02529960125684738, throughput:2808
episode:193/250, real avg travel time:179.84631728045326
step:3600/3600, q_loss:-8.930361407153584e-06, rewards:-1.1479166746139526, queue:0.24843749403953552, delay:0.02516341395676136, throughput:2810
episode:194/250, real avg travel time:179.82046742209633
step:3600/3600, q_loss:-8.086484273389719e-06, rewards:-1.1483101844787598, queue:0.24861110746860504, delay:0.025127481669187546, throughput:2810
episode:195/250, real avg travel time:179.967776203966
Test step:195/250, travel time :177.8668555240793, rewards:-1.0582175254821777, queue:0.22499999403953552, delay:0.023222632706165314, throughput:2810
New best TEST travel time 177.8669 at episode 195, saved as best checkpoint
step:3600/3600, q_loss:-9.215980865935116e-07, rewards:-1.1387962102890015, queue:0.24357639253139496, delay:0.02501099929213524, throughput:2809
episode:196/250, real avg travel time:179.7850566572238
step:3600/3600, q_loss:2.2326059995885984e-06, rewards:-1.129884123802185, queue:0.24432870745658875, delay:0.024496784433722496, throughput:2810
episode:197/250, real avg travel time:179.52726628895184
step:3600/3600, q_loss:-2.79595109599608e-06, rewards:-1.1440739631652832, queue:0.24635416269302368, delay:0.025109410285949707, throughput:2810
episode:198/250, real avg travel time:179.5771954674221
step:3600/3600, q_loss:-1.3349927551498245e-05, rewards:-1.1421527862548828, queue:0.2473379671573639, delay:0.02492419444024563, throughput:2811
episode:199/250, real avg travel time:179.52584985835693
step:3600/3600, q_loss:5.7164523937383e-07, rewards:-1.1966898441314697, queue:0.2612268626689911, delay:0.025751279667019844, throughput:2811
episode:200/250, real avg travel time:180.33675637393767
Test step:200/250, travel time :178.58675637393767, rewards:-1.1187962293624878, queue:0.24189814925193787, delay:0.024638324975967407, throughput:2810
step:3600/3600, q_loss:-4.397844320830004e-06, rewards:-1.1663426160812378, queue:0.24959491193294525, delay:0.025471996515989304, throughput:2809
episode:201/250, real avg travel time:180.2234419263456
step:3600/3600, q_loss:-1.1798619353039949e-05, rewards:-1.1559491157531738, queue:0.2483796328306198, delay:0.025035548955202103, throughput:2811
episode:202/250, real avg travel time:179.67776203966005
step:3600/3600, q_loss:-6.055335958350311e-06, rewards:-1.1369214057922363, queue:0.2448495328426361, delay:0.024604585021734238, throughput:2810
episode:203/250, real avg travel time:179.3654390934844
step:3600/3600, q_loss:-6.360471403847138e-06, rewards:-1.1821296215057373, queue:0.255439817905426, delay:0.025408128276467323, throughput:2811
episode:204/250, real avg travel time:180.22981586402267
step:3600/3600, q_loss:-5.460467407290168e-06, rewards:-1.195879578590393, queue:0.2587963044643402, delay:0.025457778945565224, throughput:2809
episode:205/250, real avg travel time:180.4734419263456
Test step:205/250, travel time :178.72131728045326, rewards:-1.1421527862548828, queue:0.24855324625968933, delay:0.024788668379187584, throughput:2809
step:3600/3600, q_loss:-9.751205823389974e-06, rewards:-1.1538888216018677, queue:0.24855324625968933, delay:0.02521013654768467, throughput:2810
episode:206/250, real avg travel time:179.68378186968837
step:3600/3600, q_loss:-5.158941357764473e-06, rewards:-1.1686573028564453, queue:0.25196757912635803, delay:0.02504611201584339, throughput:2811
episode:207/250, real avg travel time:180.12004249291786
step:3600/3600, q_loss:-3.057286642020407e-06, rewards:-1.1669443845748901, queue:0.2534722089767456, delay:0.02535301446914673, throughput:2810
episode:208/250, real avg travel time:179.82046742209633
step:3600/3600, q_loss:-1.1547606576372076e-05, rewards:-1.1410417556762695, queue:0.2448495328426361, delay:0.024979988113045692, throughput:2809
episode:209/250, real avg travel time:179.97096317280455
step:3600/3600, q_loss:-5.481064780960205e-06, rewards:-1.165555477142334, queue:0.2519097328186035, delay:0.025415243580937386, throughput:2809
episode:210/250, real avg travel time:179.9830028328612
Test step:210/250, travel time :178.19582152974505, rewards:-1.087847113609314, queue:0.2335069477558136, delay:0.02353224903345108, throughput:2810
step:3600/3600, q_loss:-6.817198704488369e-06, rewards:-1.158911943435669, queue:0.24861110746860504, delay:0.02516394667327404, throughput:2809
episode:211/250, real avg travel time:180.0941926345609
step:3600/3600, q_loss:-5.9092747741723785e-06, rewards:-1.1815509796142578, queue:0.25196757912635803, delay:0.025310611352324486, throughput:2809
episode:212/250, real avg travel time:180.27549575070822
step:3600/3600, q_loss:-8.458838464669239e-06, rewards:-1.170694351196289, queue:0.2528356611728668, delay:0.02526252157986164, throughput:2811
episode:213/250, real avg travel time:179.80736543909347
step:3600/3600, q_loss:-1.3511121272322157e-05, rewards:-1.1421527862548828, queue:0.2456018477678299, delay:0.024961402639746666, throughput:2810
episode:214/250, real avg travel time:179.3565864022663
step:3600/3600, q_loss:-9.26145260081408e-06, rewards:-1.1602778434753418, queue:0.24878472089767456, delay:0.024976765736937523, throughput:2811
episode:215/250, real avg travel time:179.44228045325778
Test step:215/250, travel time :178.21423512747876, rewards:-1.1187267303466797, queue:0.24230323731899261, delay:0.024174243211746216, throughput:2810
step:3600/3600, q_loss:-8.143465109040132e-06, rewards:-1.1627546548843384, queue:0.2508101761341095, delay:0.025127403438091278, throughput:2811
episode:216/250, real avg travel time:179.81940509915015
step:3600/3600, q_loss:-6.301742694541858e-06, rewards:-1.142291784286499, queue:0.2465277761220932, delay:0.02502216026186943, throughput:2810
episode:217/250, real avg travel time:179.764164305949
step:3600/3600, q_loss:-6.043788995651275e-06, rewards:-1.1210647821426392, queue:0.23859953880310059, delay:0.024541528895497322, throughput:2811
episode:218/250, real avg travel time:179.28541076487252
step:3600/3600, q_loss:-3.2406790041146274e-07, rewards:-1.1229630708694458, queue:0.23859953880310059, delay:0.02446650341153145, throughput:2809
episode:219/250, real avg travel time:179.77053824362605
step:3600/3600, q_loss:-6.275049128345456e-06, rewards:-1.1491668224334717, queue:0.2446759194135666, delay:0.02497362531721592, throughput:2809
episode:220/250, real avg travel time:180.36048158640227
Test step:220/250, travel time :177.67245042492917, rewards:-1.04469895362854, queue:0.22540509700775146, delay:0.023306366056203842, throughput:2811
New best TEST travel time 177.6725 at episode 220, saved as best checkpoint
step:3600/3600, q_loss:-5.341047842564337e-06, rewards:-1.0896759033203125, queue:0.23246528208255768, delay:0.024243418127298355, throughput:2811
episode:221/250, real avg travel time:179.0198300283286
step:3600/3600, q_loss:5.272534182927582e-07, rewards:-1.1267361640930176, queue:0.24091434478759766, delay:0.024908196181058884, throughput:2809
episode:222/250, real avg travel time:179.7708923512748
step:3600/3600, q_loss:-1.04430848969733e-05, rewards:-1.1082638502120972, queue:0.23460647463798523, delay:0.024417519569396973, throughput:2809
episode:223/250, real avg travel time:179.9957507082153
step:3600/3600, q_loss:-9.666415424385096e-06, rewards:-1.1027545928955078, queue:0.23472222685813904, delay:0.02431388758122921, throughput:2811
episode:224/250, real avg travel time:179.89695467422095
step:3600/3600, q_loss:-8.411948097708785e-06, rewards:-1.1048611402511597, queue:0.23541666567325592, delay:0.024490218609571457, throughput:2809
episode:225/250, real avg travel time:180.1165014164306
Test step:225/250, travel time :191.25637393767704, rewards:-1.7590276002883911, queue:0.4020254611968994, delay:0.024549933150410652, throughput:2761
step:3600/3600, q_loss:-1.0669571857749957e-06, rewards:-1.11196768283844, queue:0.2362268567085266, delay:0.024618783965706825, throughput:2810
episode:226/250, real avg travel time:180.22662889518415
step:3600/3600, q_loss:3.3528264827543384e-06, rewards:-1.8315972089767456, queue:0.41788193583488464, delay:0.025515343993902206, throughput:2761
episode:227/250, real avg travel time:192.80063739376772
step:3600/3600, q_loss:8.711443741857592e-06, rewards:-2.8825466632843018, queue:0.6840277910232544, delay:0.026982424780726433, throughput:2725
episode:228/250, real avg travel time:222.2737252124646
step:3600/3600, q_loss:7.692958913846976e-07, rewards:-1.1503241062164307, queue:0.24641203880310059, delay:0.024887682870030403, throughput:2810
episode:229/250, real avg travel time:180.33888101983004
step:3600/3600, q_loss:-6.239873789722261e-06, rewards:-1.4753704071044922, queue:0.32771989703178406, delay:0.025667160749435425, throughput:2809
episode:230/250, real avg travel time:185.9157223796034
Test step:230/250, travel time :178.6264164305949, rewards:-1.0721989870071411, queue:0.2273726910352707, delay:0.023714065551757812, throughput:2809
step:3600/3600, q_loss:-6.842599512670005e-06, rewards:-1.1380555629730225, queue:0.24079860746860504, delay:0.024575727060437202, throughput:2809
episode:231/250, real avg travel time:180.52266288951841
step:3600/3600, q_loss:-2.0688474587923675e-06, rewards:-1.139629602432251, queue:0.24427083134651184, delay:0.02490704506635666, throughput:2809
episode:232/250, real avg travel time:180.65262039660055
step:3600/3600, q_loss:-7.544043865543503e-06, rewards:-1.1470601558685303, queue:0.24166665971279144, delay:0.025102773681282997, throughput:2810
episode:233/250, real avg travel time:180.9171388101983
step:3600/3600, q_loss:2.6151435133529666e-06, rewards:-1.1285648345947266, queue:0.23773148655891418, delay:0.024933334439992905, throughput:2810
episode:234/250, real avg travel time:180.91536827195466
step:3600/3600, q_loss:-1.0584556838256065e-05, rewards:-1.164560317993164, queue:0.247280091047287, delay:0.025032682344317436, throughput:2809
episode:235/250, real avg travel time:182.0169971671388
Test step:235/250, travel time :179.38703966005664, rewards:-1.0792360305786133, queue:0.2300925999879837, delay:0.023861082270741463, throughput:2810
step:3600/3600, q_loss:-6.3854987937152205e-06, rewards:-1.1324537992477417, queue:0.24184027314186096, delay:0.024830777198076248, throughput:2811
episode:236/250, real avg travel time:181.00070821529744
step:3600/3600, q_loss:-1.0111933788945783e-05, rewards:-1.1496527194976807, queue:0.24594907462596893, delay:0.025242414325475693, throughput:2809
episode:237/250, real avg travel time:181.34029745042494
step:3600/3600, q_loss:-8.913909928028093e-06, rewards:-1.1212036609649658, queue:0.23726852238178253, delay:0.024575136601924896, throughput:2810
episode:238/250, real avg travel time:180.57046742209633
step:3600/3600, q_loss:-7.1256571516889015e-06, rewards:-1.138124942779541, queue:0.23981481790542603, delay:0.024702563881874084, throughput:2809
episode:239/250, real avg travel time:180.82294617563738
step:3600/3600, q_loss:-6.15498426702322e-06, rewards:-1.1536343097686768, queue:0.24450232088565826, delay:0.025052038952708244, throughput:2811
episode:240/250, real avg travel time:181.26593484419263
Test step:240/250, travel time :178.42174220963173, rewards:-1.0419443845748901, queue:0.2196759283542633, delay:0.023387597873806953, throughput:2810
step:3600/3600, q_loss:-5.927685390220795e-06, rewards:-1.1193286180496216, queue:0.23663194477558136, delay:0.024779658764600754, throughput:2810
episode:241/250, real avg travel time:180.4844192634561
step:3600/3600, q_loss:-2.0192201460573684e-06, rewards:-1.0961573123931885, queue:0.23020833730697632, delay:0.024084024131298065, throughput:2809
episode:242/250, real avg travel time:180.11756373937678
step:3600/3600, q_loss:-1.7448721912022633e-05, rewards:-1.1186574697494507, queue:0.23755787312984467, delay:0.024484802037477493, throughput:2809
episode:243/250, real avg travel time:180.56303116147308
step:3600/3600, q_loss:-4.75310144894239e-06, rewards:-1.071967601776123, queue:0.22442129254341125, delay:0.02435307949781418, throughput:2809
episode:244/250, real avg travel time:179.71458923512748
step:3600/3600, q_loss:-5.433079050020258e-06, rewards:-1.1293748617172241, queue:0.23634259402751923, delay:0.02478589117527008, throughput:2810
episode:245/250, real avg travel time:180.9157223796034
Test step:245/250, travel time :178.8888101983003, rewards:-1.050948977470398, queue:0.2222222238779068, delay:0.023730270564556122, throughput:2809
step:3600/3600, q_loss:-5.382645130013748e-06, rewards:-1.1084953546524048, queue:0.23414352536201477, delay:0.02464284747838974, throughput:2809
episode:246/250, real avg travel time:180.57896600566573
step:3600/3600, q_loss:-1.0088625824636561e-05, rewards:-1.1104397773742676, queue:0.23460647463798523, delay:0.02448665164411068, throughput:2809
episode:247/250, real avg travel time:180.29886685552407
step:3600/3600, q_loss:-8.244134135757009e-06, rewards:-1.111759066581726, queue:0.23634259402751923, delay:0.024599796161055565, throughput:2810
episode:248/250, real avg travel time:180.33321529745044
step:3600/3600, q_loss:-4.138864711915821e-06, rewards:-1.0742360353469849, queue:0.2265625, delay:0.02392697148025036, throughput:2809
episode:249/250, real avg travel time:179.61189801699717
Hyperparameters saved to: data/output_data/tsc/cityflow_hyperlight_mappo/cityflow16x3/c8rf_16x3_seed2/hyperparameters.json
Loaded best checkpoint for final evaluation
Final Travel Time is 177.6725, mean rewards: -1.0447, queue: 0.2254, delay: 0.0233, throughput: 2811
Total time taken: 25828.879900455475
