step:3600/3600, q_loss:0.0002274951638860835, rewards:-10.804596900939941, queue:3.354365110397339, delay:0.21364279091358185, throughput:3911
episode:0/250, real avg travel time:289.14011761697776
Test step:0/250, travel time :788.8450502152081, rewards:-47.0532341003418, queue:13.9058198928833, delay:0.45299258828163147, throughput:697
New best TEST travel time 788.8451 at episode 0, saved as best checkpoint
step:3600/3600, q_loss:0.0004110456496063206, rewards:-12.599425315856934, queue:3.8621692657470703, delay:0.22062259912490845, throughput:3975
episode:1/250, real avg travel time:301.7667924528302
step:3600/3600, q_loss:0.00022388597313288808, rewards:-11.328911781311035, queue:3.4997353553771973, delay:0.21128204464912415, throughput:3972
episode:2/250, real avg travel time:298.4818731117825
step:3600/3600, q_loss:0.0002641234850873136, rewards:-11.869889259338379, queue:3.76111102104187, delay:0.21408765017986298, throughput:3979
episode:3/250, real avg travel time:299.0389545111837
step:3600/3600, q_loss:0.00017848988387009337, rewards:-10.737360000610352, queue:3.4003968238830566, delay:0.21045199036598206, throughput:3905
episode:4/250, real avg travel time:295.049423815621
step:3600/3600, q_loss:0.0004090940010630422, rewards:-12.343591690063477, queue:3.7047619819641113, delay:0.2182009071111679, throughput:3823
episode:5/250, real avg travel time:320.70886738163745
Test step:5/250, travel time :597.7213836477987, rewards:-39.90880584716797, queue:11.676719665527344, delay:0.36350759863853455, throughput:1590
New best TEST travel time 597.7214 at episode 5, saved as best checkpoint
step:3600/3600, q_loss:0.00021414650254882872, rewards:-11.02811050415039, queue:3.4132275581359863, delay:0.20720277726650238, throughput:3946
episode:6/250, real avg travel time:289.47212366953875
step:3600/3600, q_loss:0.0001051126073838936, rewards:-9.44088363647461, queue:3.0451059341430664, delay:0.20361196994781494, throughput:3948
episode:7/250, real avg travel time:295.5111448834853
step:3600/3600, q_loss:0.0001230471062525693, rewards:-9.95702075958252, queue:3.132672071456909, delay:0.20486116409301758, throughput:3945
episode:8/250, real avg travel time:288.1297845373891
step:3600/3600, q_loss:0.00011260973260505125, rewards:-9.294240951538086, queue:2.9530422687530518, delay:0.1942395269870758, throughput:3972
episode:9/250, real avg travel time:281.8197381671702
step:3600/3600, q_loss:0.00010815557697141129, rewards:-9.3525972366333, queue:3.004629611968994, delay:0.2012796401977539, throughput:3908
episode:10/250, real avg travel time:295.36693961105425
Test step:10/250, travel time :597.7213836477987, rewards:-39.90880584716797, queue:11.676719665527344, delay:0.36350759863853455, throughput:1590
step:3600/3600, q_loss:0.00015189837528547894, rewards:-9.887903213500977, queue:3.1054232120513916, delay:0.19456470012664795, throughput:3973
episode:11/250, real avg travel time:299.12962496853766
step:3600/3600, q_loss:0.0001621997575663651, rewards:-9.903016090393066, queue:3.1887567043304443, delay:0.19473595917224884, throughput:3921
episode:12/250, real avg travel time:290.71206324917114
step:3600/3600, q_loss:0.0001899101603258815, rewards:-9.679436683654785, queue:2.98968243598938, delay:0.19909881055355072, throughput:3902
episode:13/250, real avg travel time:309.96207073295744
step:3600/3600, q_loss:0.00010454724623640586, rewards:-9.158316612243652, queue:3.011904716491699, delay:0.18800266087055206, throughput:3926
episode:14/250, real avg travel time:291.2345899133979
step:3600/3600, q_loss:6.906150811119005e-05, rewards:-8.751445770263672, queue:2.8228836059570312, delay:0.18865326046943665, throughput:3958
episode:15/250, real avg travel time:278.38959070237496
Test step:15/250, travel time :597.7213836477987, rewards:-39.90880584716797, queue:11.676719665527344, delay:0.36350759863853455, throughput:1590
step:3600/3600, q_loss:7.109385397699144e-05, rewards:-8.467215538024902, queue:2.7551586627960205, delay:0.19009964168071747, throughput:3957
episode:16/250, real avg travel time:275.94389689158453
step:3600/3600, q_loss:8.851013181912195e-05, rewards:-8.936956405639648, queue:2.9206349849700928, delay:0.1903250366449356, throughput:3961
episode:17/250, real avg travel time:283.6372128250442
step:3600/3600, q_loss:8.595232906777205e-05, rewards:-8.301301002502441, queue:2.649338722229004, delay:0.1841261386871338, throughput:3984
episode:18/250, real avg travel time:268.0519578313253
step:3600/3600, q_loss:0.00015941835768494962, rewards:-8.96247386932373, queue:2.8436508178710938, delay:0.18661925196647644, throughput:3947
episode:19/250, real avg travel time:274.57233341778567
step:3600/3600, q_loss:0.0001210634813307681, rewards:-8.534750938415527, queue:2.7162697315216064, delay:0.1846277266740799, throughput:3848
episode:20/250, real avg travel time:287.8225051975052
Test step:20/250, travel time :597.7213836477987, rewards:-39.90880584716797, queue:11.676719665527344, delay:0.36350759863853455, throughput:1590
step:3600/3600, q_loss:8.992477750224579e-05, rewards:-8.416144371032715, queue:2.7501323223114014, delay:0.1884644627571106, throughput:3980
episode:21/250, real avg travel time:288.1153266331658
step:3600/3600, q_loss:8.146939265619342e-05, rewards:-8.61012077331543, queue:2.845370292663574, delay:0.18997013568878174, throughput:3986
episode:22/250, real avg travel time:284.79653788258906
step:3600/3600, q_loss:9.403553348319191e-05, rewards:-8.721827507019043, queue:2.8493385314941406, delay:0.18709729611873627, throughput:3986
episode:23/250, real avg travel time:286.9759157049674
step:3600/3600, q_loss:4.130864593510826e-05, rewards:-7.496078968048096, queue:2.514153480529785, delay:0.1788031905889511, throughput:3981
episode:24/250, real avg travel time:258.67093695051494
step:3600/3600, q_loss:5.2335113772035886e-05, rewards:-7.494283676147461, queue:2.4972221851348877, delay:0.18060848116874695, throughput:4039
episode:25/250, real avg travel time:258.578856152513
Test step:25/250, travel time :249.14964557626675, rewards:-8.071487426757812, queue:2.9011905193328857, delay:0.1723688840866089, throughput:3809
New best TEST travel time 249.1496 at episode 25, saved as best checkpoint
step:3600/3600, q_loss:3.816531194994847e-05, rewards:-7.004278659820557, queue:2.3899471759796143, delay:0.17377084493637085, throughput:4028
episode:26/250, real avg travel time:259.4215491559086
step:3600/3600, q_loss:5.423051592919769e-05, rewards:-7.420731067657471, queue:2.520238161087036, delay:0.17728596925735474, throughput:3958
episode:27/250, real avg travel time:271.6859525012633
step:3600/3600, q_loss:4.214497053504197e-05, rewards:-6.830280780792236, queue:2.332275152206421, delay:0.17140761017799377, throughput:3988
episode:28/250, real avg travel time:256.25025075225676
step:3600/3600, q_loss:6.086602111786811e-05, rewards:-7.174492835998535, queue:2.383730173110962, delay:0.17632721364498138, throughput:4014
episode:29/250, real avg travel time:251.7232187344295
step:3600/3600, q_loss:5.40506956490895e-05, rewards:-7.325310707092285, queue:2.426455020904541, delay:0.17581327259540558, throughput:4016
episode:30/250, real avg travel time:264.1964641434263
Test step:30/250, travel time :251.95962490231832, rewards:-8.014278411865234, queue:2.8736772537231445, delay:0.1718371957540512, throughput:3839
step:3600/3600, q_loss:1.9376885514551153e-05, rewards:-6.253589630126953, queue:2.1183862686157227, delay:0.16985467076301575, throughput:4031
episode:31/250, real avg travel time:246.3386256512032
step:3600/3600, q_loss:3.554221426990504e-05, rewards:-6.433243751525879, queue:2.2563493251800537, delay:0.16673585772514343, throughput:4041
episode:32/250, real avg travel time:254.16530561742144
step:3600/3600, q_loss:2.7600472579554967e-05, rewards:-5.831188201904297, queue:2.0116403102874756, delay:0.16227954626083374, throughput:4001
episode:33/250, real avg travel time:251.53286678330417
step:3600/3600, q_loss:4.1554514448054966e-05, rewards:-5.954814434051514, queue:2.0600528717041016, delay:0.1617511659860611, throughput:4041
episode:34/250, real avg travel time:253.4625092798812
step:3600/3600, q_loss:4.189916572714638e-05, rewards:-6.026967525482178, queue:2.110185146331787, delay:0.1596294492483139, throughput:4028
episode:35/250, real avg travel time:250.77557100297915
Test step:35/250, travel time :251.95962490231832, rewards:-8.014278411865234, queue:2.8736772537231445, delay:0.1718371957540512, throughput:3839
step:3600/3600, q_loss:5.379766824060223e-05, rewards:-6.295501232147217, queue:2.175661325454712, delay:0.16841067373752594, throughput:4014
episode:36/250, real avg travel time:245.62057797708022
step:3600/3600, q_loss:4.615915370070272e-05, rewards:-5.9219889640808105, queue:2.0837302207946777, delay:0.1600111424922943, throughput:4027
episode:37/250, real avg travel time:248.05934939160664
step:3600/3600, q_loss:4.213985327320794e-05, rewards:-5.80679988861084, queue:2.0146825313568115, delay:0.16034959256649017, throughput:4026
episode:38/250, real avg travel time:235.82190760059612
step:3600/3600, q_loss:4.5060041722738083e-05, rewards:-6.072125434875488, queue:2.123544931411743, delay:0.16780635714530945, throughput:4017
episode:39/250, real avg travel time:243.00224047796863
step:3600/3600, q_loss:5.09260088923232e-05, rewards:-6.154191970825195, queue:2.1400792598724365, delay:0.16398704051971436, throughput:4031
episode:40/250, real avg travel time:242.43363929546018
Test step:40/250, travel time :251.95962490231832, rewards:-8.014278411865234, queue:2.8736772537231445, delay:0.1718371957540512, throughput:3839
step:3600/3600, q_loss:3.829559363010857e-05, rewards:-5.805479049682617, queue:2.0515873432159424, delay:0.16000857949256897, throughput:4028
episode:41/250, real avg travel time:244.79518371400198
step:3600/3600, q_loss:4.432309845772882e-05, rewards:-5.829078674316406, queue:2.0519840717315674, delay:0.16157148778438568, throughput:4004
episode:42/250, real avg travel time:238.12112887112886
step:3600/3600, q_loss:4.470995991141535e-05, rewards:-5.780446529388428, queue:1.9854497909545898, delay:0.16421270370483398, throughput:4035
episode:43/250, real avg travel time:237.78587360594796
step:3600/3600, q_loss:3.729571180883795e-05, rewards:-5.639519691467285, queue:1.9887566566467285, delay:0.1621944159269333, throughput:4031
episode:44/250, real avg travel time:242.87546514512528
step:3600/3600, q_loss:4.982452883268706e-05, rewards:-5.866724967956543, queue:2.005687713623047, delay:0.16203366219997406, throughput:4053
episode:45/250, real avg travel time:247.63286454478165
Test step:45/250, travel time :253.09979263867288, rewards:-7.910919189453125, queue:2.8435184955596924, delay:0.1641312688589096, throughput:3858
step:3600/3600, q_loss:5.157103603576413e-05, rewards:-5.672106742858887, queue:1.9890211820602417, delay:0.16050374507904053, throughput:4038
episode:46/250, real avg travel time:240.135710747895
step:3600/3600, q_loss:4.081059313547384e-05, rewards:-5.601217746734619, queue:1.9625661373138428, delay:0.15855391323566437, throughput:4032
episode:47/250, real avg travel time:236.54613095238096
step:3600/3600, q_loss:3.8336150302913867e-05, rewards:-5.166450500488281, queue:1.8604497909545898, delay:0.1553674191236496, throughput:4045
episode:48/250, real avg travel time:239.58961681087763
step:3600/3600, q_loss:0.0001900404264839987, rewards:-7.242098808288574, queue:2.3649470806121826, delay:0.1666843742132187, throughput:4006
episode:49/250, real avg travel time:265.6912131802297
step:3600/3600, q_loss:6.561994030360237e-05, rewards:-5.697963237762451, queue:1.9780423641204834, delay:0.16029642522335052, throughput:4032
episode:50/250, real avg travel time:237.57118055555554
Test step:50/250, travel time :249.35561290322582, rewards:-7.870800971984863, queue:2.812433958053589, delay:0.1633024513721466, throughput:3875
step:3600/3600, q_loss:7.705063989204872e-05, rewards:-6.519039630889893, queue:2.2243385314941406, delay:0.16815821826457977, throughput:4045
episode:51/250, real avg travel time:252.35451174289247
step:3600/3600, q_loss:5.796049323786671e-05, rewards:-5.6682233810424805, queue:2.037301540374756, delay:0.15531423687934875, throughput:4021
episode:52/250, real avg travel time:246.1753295200199
step:3600/3600, q_loss:7.836219625055997e-05, rewards:-5.7945876121521, queue:1.9997354745864868, delay:0.15749582648277283, throughput:4041
episode:53/250, real avg travel time:238.47438752783964
step:3600/3600, q_loss:6.999758099684388e-05, rewards:-5.522761821746826, queue:1.9084656238555908, delay:0.1591947227716446, throughput:4040
episode:54/250, real avg travel time:239.67128712871286
step:3600/3600, q_loss:4.7169383065516334e-05, rewards:-5.230764865875244, queue:1.8756613731384277, delay:0.15851092338562012, throughput:4050
episode:55/250, real avg travel time:238.38592592592593
Test step:55/250, travel time :253.09979263867288, rewards:-7.910919189453125, queue:2.8435184955596924, delay:0.1641312688589096, throughput:3858
step:3600/3600, q_loss:6.660159091956707e-05, rewards:-5.912499904632568, queue:2.0673279762268066, delay:0.1617405116558075, throughput:4020
episode:56/250, real avg travel time:244.75199004975124
step:3600/3600, q_loss:6.741656220078261e-05, rewards:-5.842052459716797, queue:2.0314815044403076, delay:0.16105730831623077, throughput:4022
episode:57/250, real avg travel time:244.31029338637495
step:3600/3600, q_loss:6.159545535208762e-05, rewards:-5.618743419647217, queue:1.978439211845398, delay:0.16012494266033173, throughput:4058
episode:58/250, real avg travel time:242.52020699852145
step:3600/3600, q_loss:5.9945504310437373e-05, rewards:-5.710154056549072, queue:2.0169312953948975, delay:0.16049450635910034, throughput:4047
episode:59/250, real avg travel time:248.47022485791945
step:3600/3600, q_loss:5.940316534381256e-05, rewards:-5.49218225479126, queue:1.9161375761032104, delay:0.16035543382167816, throughput:4034
episode:60/250, real avg travel time:238.04065443728308
Test step:60/250, travel time :253.09979263867288, rewards:-7.910919189453125, queue:2.8435184955596924, delay:0.1641312688589096, throughput:3858
step:3600/3600, q_loss:5.077000427667776e-05, rewards:-5.584490776062012, queue:1.992195725440979, delay:0.16355377435684204, throughput:4043
episode:61/250, real avg travel time:243.8426910709869
step:3600/3600, q_loss:4.2761389502427645e-05, rewards:-5.044222831726074, queue:1.817989468574524, delay:0.15490569174289703, throughput:4049
episode:62/250, real avg travel time:241.72808100765621
step:3600/3600, q_loss:6.500445944968507e-05, rewards:-5.818960189819336, queue:1.9862433671951294, delay:0.1628367155790329, throughput:4052
episode:63/250, real avg travel time:245.08094768015795
step:3600/3600, q_loss:5.3649517859513356e-05, rewards:-5.367588996887207, queue:1.8705025911331177, delay:0.1565379798412323, throughput:4042
episode:64/250, real avg travel time:238.14670954972786
step:3600/3600, q_loss:6.071450932520545e-05, rewards:-5.720417499542236, queue:2.014417886734009, delay:0.16170622408390045, throughput:4054
episode:65/250, real avg travel time:245.63443512580167
Test step:65/250, travel time :251.95962490231832, rewards:-8.014278411865234, queue:2.8736772537231445, delay:0.1718371957540512, throughput:3839
step:3600/3600, q_loss:5.209115487458702e-05, rewards:-5.360555171966553, queue:1.8665343523025513, delay:0.1566132754087448, throughput:4053
episode:66/250, real avg travel time:230.0458919319023
step:3600/3600, q_loss:5.8258425027209645e-05, rewards:-5.674367904663086, queue:1.9920635223388672, delay:0.15641701221466064, throughput:4030
episode:67/250, real avg travel time:243.76625310173696
step:3600/3600, q_loss:4.934694968849524e-05, rewards:-5.365655422210693, queue:1.90753972530365, delay:0.15502850711345673, throughput:4029
episode:68/250, real avg travel time:235.97642094812608
step:3600/3600, q_loss:5.498955377131804e-05, rewards:-5.547091007232666, queue:1.9658730030059814, delay:0.1583126038312912, throughput:4016
episode:69/250, real avg travel time:245.56025896414343
step:3600/3600, q_loss:4.8434348880416816e-05, rewards:-5.422374248504639, queue:1.932539701461792, delay:0.16113118827342987, throughput:4047
episode:70/250, real avg travel time:245.00691870521374
Test step:70/250, travel time :251.95962490231832, rewards:-8.014278411865234, queue:2.8736772537231445, delay:0.1718371957540512, throughput:3839
step:3600/3600, q_loss:4.7026788201441784e-05, rewards:-5.4173054695129395, queue:1.8996031284332275, delay:0.15954278409481049, throughput:4041
episode:71/250, real avg travel time:235.86958673595646
step:3600/3600, q_loss:5.511532759151628e-05, rewards:-5.491117477416992, queue:1.9710317850112915, delay:0.1603773981332779, throughput:4034
episode:72/250, real avg travel time:237.55825483391175
step:3600/3600, q_loss:0.00011514658407476316, rewards:-6.944268226623535, queue:2.2608466148376465, delay:0.16747598350048065, throughput:3740
episode:73/250, real avg travel time:252.9245989304813
step:3600/3600, q_loss:9.171552931851087e-05, rewards:-6.043493747711182, queue:2.071296215057373, delay:0.1621626615524292, throughput:4012
episode:74/250, real avg travel time:239.61490528414757
step:3600/3600, q_loss:5.5073623904415096e-05, rewards:-5.45569372177124, queue:1.943386197090149, delay:0.15602128207683563, throughput:4039
episode:75/250, real avg travel time:244.5085417182471
Test step:75/250, travel time :251.95962490231832, rewards:-8.014278411865234, queue:2.8736772537231445, delay:0.1718371957540512, throughput:3839
step:3600/3600, q_loss:8.549626258577013e-05, rewards:-5.682481288909912, queue:1.9785714149475098, delay:0.15642376244068146, throughput:3960
episode:76/250, real avg travel time:241.67727272727274
step:3600/3600, q_loss:8.155928589985706e-05, rewards:-5.691384315490723, queue:1.9322751760482788, delay:0.1589289754629135, throughput:4046
episode:77/250, real avg travel time:240.74518042511122
step:3600/3600, q_loss:5.509960351951627e-05, rewards:-5.280893325805664, queue:1.9007936716079712, delay:0.15866775810718536, throughput:4029
episode:78/250, real avg travel time:240.5500124100273
step:3600/3600, q_loss:9.578982588007219e-05, rewards:-6.033763408660889, queue:2.085449695587158, delay:0.15902581810951233, throughput:4031
episode:79/250, real avg travel time:238.54998759613
step:3600/3600, q_loss:6.632667743057633e-05, rewards:-5.202915191650391, queue:1.8712962865829468, delay:0.1583600491285324, throughput:4045
episode:80/250, real avg travel time:240.7948084054388
Test step:80/250, travel time :253.09979263867288, rewards:-7.910919189453125, queue:2.8435184955596924, delay:0.1641312688589096, throughput:3858
step:3600/3600, q_loss:5.901985512334957e-05, rewards:-5.538658618927002, queue:1.9301587343215942, delay:0.16179431974887848, throughput:4040
episode:81/250, real avg travel time:239.89331683168317
step:3600/3600, q_loss:3.7860235816980194e-05, rewards:-4.950973987579346, queue:1.8128306865692139, delay:0.15833675861358643, throughput:4059
episode:82/250, real avg travel time:238.359940872136
step:3600/3600, q_loss:4.337061376039249e-05, rewards:-5.270379066467285, queue:1.867195725440979, delay:0.15571153163909912, throughput:4051
episode:83/250, real avg travel time:237.70970130831893
step:3600/3600, q_loss:3.9852777182305644e-05, rewards:-5.206005096435547, queue:1.867724895477295, delay:0.15810632705688477, throughput:4042
episode:84/250, real avg travel time:232.6378030677882
step:3600/3600, q_loss:4.003051217296161e-05, rewards:-5.432803153991699, queue:1.9097883701324463, delay:0.16090033948421478, throughput:4056
episode:85/250, real avg travel time:236.4879191321499
Test step:85/250, travel time :253.09979263867288, rewards:-7.910919189453125, queue:2.8435184955596924, delay:0.1641312688589096, throughput:3858
step:3600/3600, q_loss:5.949443964507534e-05, rewards:-5.6228928565979, queue:1.9343914985656738, delay:0.1601768434047699, throughput:4060
episode:86/250, real avg travel time:237.44926108374383
step:3600/3600, q_loss:4.232924402458593e-05, rewards:-5.437681198120117, queue:1.895370364189148, delay:0.1603390872478485, throughput:4033
episode:87/250, real avg travel time:235.95958343664765
step:3600/3600, q_loss:5.5400379965754435e-05, rewards:-5.280799865722656, queue:1.8187830448150635, delay:0.15472149848937988, throughput:4037
episode:88/250, real avg travel time:243.35496655932624
step:3600/3600, q_loss:4.723717324345166e-05, rewards:-5.30139684677124, queue:1.875, delay:0.16000303626060486, throughput:4046
episode:89/250, real avg travel time:235.07587740978744
step:3600/3600, q_loss:4.369214463319319e-05, rewards:-5.150389194488525, queue:1.843915343284607, delay:0.15747080743312836, throughput:4027
episode:90/250, real avg travel time:232.7216290042215
Test step:90/250, travel time :253.09979263867288, rewards:-7.910919189453125, queue:2.8435184955596924, delay:0.1641312688589096, throughput:3858
step:3600/3600, q_loss:4.784028480773688e-05, rewards:-5.130362510681152, queue:1.8634920120239258, delay:0.15647806227207184, throughput:4029
episode:91/250, real avg travel time:238.62074956564905
step:3600/3600, q_loss:6.443425405046178e-05, rewards:-5.442505359649658, queue:1.8425925970077515, delay:0.15562693774700165, throughput:4048
episode:92/250, real avg travel time:230.85054347826087
step:3600/3600, q_loss:5.1523895187225814e-05, rewards:-5.253634929656982, queue:1.8486772775650024, delay:0.15543609857559204, throughput:4030
episode:93/250, real avg travel time:231.22679900744416
step:3600/3600, q_loss:3.6993635148974136e-05, rewards:-4.964280128479004, queue:1.807539701461792, delay:0.15340878069400787, throughput:4037
episode:94/250, real avg travel time:234.1555610601932
step:3600/3600, q_loss:4.6545765427355134e-05, rewards:-5.280987739562988, queue:1.867724895477295, delay:0.15562200546264648, throughput:4012
episode:95/250, real avg travel time:235.9857926221336
Test step:95/250, travel time :253.09979263867288, rewards:-7.910919189453125, queue:2.8435184955596924, delay:0.1641312688589096, throughput:3858
step:3600/3600, q_loss:5.713845966965891e-05, rewards:-5.335628032684326, queue:1.8687831163406372, delay:0.15490829944610596, throughput:4047
episode:96/250, real avg travel time:238.5124783790462
step:3600/3600, q_loss:6.534334275379984e-05, rewards:-5.409904479980469, queue:1.904894232749939, delay:0.15774354338645935, throughput:4038
episode:97/250, real avg travel time:242.12902426944032
step:3600/3600, q_loss:4.203473322882524e-05, rewards:-4.954156875610352, queue:1.779894232749939, delay:0.15697577595710754, throughput:4042
episode:98/250, real avg travel time:228.8203859475507
step:3600/3600, q_loss:4.046395519657785e-05, rewards:-5.009489059448242, queue:1.7649470567703247, delay:0.15602119266986847, throughput:4056
episode:99/250, real avg travel time:228.53920118343194
step:3600/3600, q_loss:4.4176190971888394e-05, rewards:-5.153430938720703, queue:1.8457671403884888, delay:0.1575959473848343, throughput:4041
episode:100/250, real avg travel time:238.88987874288543
Test step:100/250, travel time :253.09979263867288, rewards:-7.910919189453125, queue:2.8435184955596924, delay:0.1641312688589096, throughput:3858
step:3600/3600, q_loss:5.842594990907754e-05, rewards:-5.64001989364624, queue:1.9170634746551514, delay:0.16161614656448364, throughput:4040
episode:101/250, real avg travel time:230.60346534653465
step:3600/3600, q_loss:6.104794875783328e-05, rewards:-5.771956443786621, queue:2.008068799972534, delay:0.15894141793251038, throughput:4024
episode:102/250, real avg travel time:247.5700795228628
step:3600/3600, q_loss:5.1904938300140205e-05, rewards:-5.230949401855469, queue:1.8531745672225952, delay:0.15985436737537384, throughput:4042
episode:103/250, real avg travel time:231.49752597723898
step:3600/3600, q_loss:6.894893675861467e-05, rewards:-5.774953842163086, queue:1.9842592477798462, delay:0.16032715141773224, throughput:4044
episode:104/250, real avg travel time:240.38501483679525
step:3600/3600, q_loss:4.128916690307152e-05, rewards:-5.308778762817383, queue:1.8337301015853882, delay:0.15455500781536102, throughput:4012
episode:105/250, real avg travel time:237.13160518444667
Test step:105/250, travel time :253.09979263867288, rewards:-7.910919189453125, queue:2.8435184955596924, delay:0.1641312688589096, throughput:3858
step:3600/3600, q_loss:5.396490782408768e-05, rewards:-5.406134605407715, queue:1.8949735164642334, delay:0.1609121561050415, throughput:4044
episode:106/250, real avg travel time:236.45375865479724
step:3600/3600, q_loss:5.373452651029867e-05, rewards:-5.221502780914307, queue:1.8071428537368774, delay:0.15595155954360962, throughput:4052
episode:107/250, real avg travel time:234.33316880552815
step:3600/3600, q_loss:4.575728518021707e-05, rewards:-5.115144729614258, queue:1.8116402626037598, delay:0.15653328597545624, throughput:4037
episode:108/250, real avg travel time:231.82561307901906
step:3600/3600, q_loss:3.835363119530181e-05, rewards:-4.732358932495117, queue:1.717195749282837, delay:0.15480029582977295, throughput:4019
episode:109/250, real avg travel time:237.71933316745458
step:3600/3600, q_loss:3.9917209344114076e-05, rewards:-5.0286784172058105, queue:1.8046296834945679, delay:0.15619909763336182, throughput:4049
episode:110/250, real avg travel time:236.2289454186219
Test step:110/250, travel time :253.09979263867288, rewards:-7.910919189453125, queue:2.8435184955596924, delay:0.1641312688589096, throughput:3858
step:3600/3600, q_loss:3.03665199478726e-05, rewards:-4.934569835662842, queue:1.7757936716079712, delay:0.15793061256408691, throughput:4059
episode:111/250, real avg travel time:231.55875831485588
step:3600/3600, q_loss:5.616030313022848e-05, rewards:-5.536186218261719, queue:1.891931176185608, delay:0.15914702415466309, throughput:4038
episode:112/250, real avg travel time:232.49306587419514
step:3600/3600, q_loss:6.143061303494808e-05, rewards:-5.5988898277282715, queue:1.8834656476974487, delay:0.16090431809425354, throughput:4024
episode:113/250, real avg travel time:232.79075546719682
step:3600/3600, q_loss:5.13752792256936e-05, rewards:-5.5528788566589355, queue:1.8880952596664429, delay:0.16415928304195404, throughput:4067
episode:114/250, real avg travel time:233.9773789033686
step:3600/3600, q_loss:3.916097597943412e-05, rewards:-5.138824462890625, queue:1.8091269731521606, delay:0.1526615470647812, throughput:4041
episode:115/250, real avg travel time:243.40113833209602
Test step:115/250, travel time :253.09979263867288, rewards:-7.910919189453125, queue:2.8435184955596924, delay:0.1641312688589096, throughput:3858
step:3600/3600, q_loss:4.58337934105657e-05, rewards:-5.381354808807373, queue:1.8809523582458496, delay:0.15854421257972717, throughput:3991
episode:116/250, real avg travel time:240.8729641693811
step:3600/3600, q_loss:4.9007281793617744e-05, rewards:-5.472102642059326, queue:1.9124338626861572, delay:0.16147588193416595, throughput:4037
episode:117/250, real avg travel time:245.61902402774336
step:3600/3600, q_loss:4.6885291926122994e-05, rewards:-5.25853967666626, queue:1.860185146331787, delay:0.16037127375602722, throughput:4050
episode:118/250, real avg travel time:230.2306172839506
step:3600/3600, q_loss:5.019277482966168e-05, rewards:-5.201030254364014, queue:1.782804250717163, delay:0.15491056442260742, throughput:4059
episode:119/250, real avg travel time:232.68563685636857
step:3600/3600, q_loss:4.9978893366642295e-05, rewards:-5.108993053436279, queue:1.7955026626586914, delay:0.15331782400608063, throughput:4033
episode:120/250, real avg travel time:237.09422266303
Test step:120/250, travel time :253.09979263867288, rewards:-7.910919189453125, queue:2.8435184955596924, delay:0.1641312688589096, throughput:3858
step:3600/3600, q_loss:0.00011538559677622591, rewards:-6.056143760681152, queue:1.9447089433670044, delay:0.16064628958702087, throughput:4044
episode:121/250, real avg travel time:242.06305637982197
step:3600/3600, q_loss:5.1212500693509355e-05, rewards:-5.0398149490356445, queue:1.7689152956008911, delay:0.1580091416835785, throughput:4040
episode:122/250, real avg travel time:230.29034653465345
step:3600/3600, q_loss:5.4164664793966545e-05, rewards:-5.1537933349609375, queue:1.784656047821045, delay:0.1562415510416031, throughput:4035
episode:123/250, real avg travel time:230.66319702602232
step:3600/3600, q_loss:7.236323015402175e-05, rewards:-5.567885875701904, queue:1.9239418506622314, delay:0.1600780487060547, throughput:4035
episode:124/250, real avg travel time:238.02156133828996
step:3600/3600, q_loss:4.773798387355378e-05, rewards:-4.985594272613525, queue:1.7920634746551514, delay:0.15431734919548035, throughput:4039
episode:125/250, real avg travel time:231.6793760831889
Test step:125/250, travel time :253.09979263867288, rewards:-7.910919189453125, queue:2.8435184955596924, delay:0.1641312688589096, throughput:3858
step:3600/3600, q_loss:0.00017706153319320745, rewards:-6.70733118057251, queue:2.063227415084839, delay:0.15984579920768738, throughput:4048
episode:126/250, real avg travel time:257.3703063241107
step:3600/3600, q_loss:6.262947443044849e-05, rewards:-5.41717529296875, queue:1.8772486448287964, delay:0.15466032922267914, throughput:4015
episode:127/250, real avg travel time:232.00448318804484
step:3600/3600, q_loss:5.307983527826663e-05, rewards:-5.263360500335693, queue:1.8533068895339966, delay:0.1558123230934143, throughput:4048
episode:128/250, real avg travel time:233.95676877470356
step:3600/3600, q_loss:4.8074809375167305e-05, rewards:-5.171084880828857, queue:1.8223545551300049, delay:0.15914767980575562, throughput:4034
episode:129/250, real avg travel time:226.73177987109568
step:3600/3600, q_loss:3.9382542389729576e-05, rewards:-4.9265618324279785, queue:1.735714316368103, delay:0.15535986423492432, throughput:4056
episode:130/250, real avg travel time:228.96104536489153
Test step:130/250, travel time :253.09979263867288, rewards:-7.910919189453125, queue:2.8435184955596924, delay:0.1641312688589096, throughput:3858
step:3600/3600, q_loss:0.00016422504195361397, rewards:-5.899149417877197, queue:2.026984214782715, delay:0.16004016995429993, throughput:4053
episode:131/250, real avg travel time:238.41327411793733
step:3600/3600, q_loss:4.920558381450569e-05, rewards:-5.452951908111572, queue:1.9129629135131836, delay:0.16190028190612793, throughput:4021
episode:132/250, real avg travel time:244.8560059686645
step:3600/3600, q_loss:4.320218011141858e-05, rewards:-5.468259334564209, queue:1.8857142925262451, delay:0.16525912284851074, throughput:4050
episode:133/250, real avg travel time:228.56123456790124
step:3600/3600, q_loss:4.125889075415519e-05, rewards:-5.261222839355469, queue:1.8283069133758545, delay:0.1597163826227188, throughput:4045
episode:134/250, real avg travel time:224.7159456118665
step:3600/3600, q_loss:3.79505872034416e-05, rewards:-4.941614627838135, queue:1.8029100894927979, delay:0.15543431043624878, throughput:4044
episode:135/250, real avg travel time:233.5670128585559
Test step:135/250, travel time :253.09979263867288, rewards:-7.910919189453125, queue:2.8435184955596924, delay:0.1641312688589096, throughput:3858
step:3600/3600, q_loss:2.673484608142947e-05, rewards:-4.541397571563721, queue:1.6503968238830566, delay:0.15301023423671722, throughput:4024
episode:136/250, real avg travel time:223.80144135188866
step:3600/3600, q_loss:4.609175561603883e-05, rewards:-5.117663383483887, queue:1.7593915462493896, delay:0.15523502230644226, throughput:4052
episode:137/250, real avg travel time:224.5128331688055
step:3600/3600, q_loss:2.6456603599298333e-05, rewards:-5.061257362365723, queue:1.8096561431884766, delay:0.16116996109485626, throughput:4057
episode:138/250, real avg travel time:228.49839783090954
step:3600/3600, q_loss:2.8631284011579636e-05, rewards:-4.866402626037598, queue:1.7095237970352173, delay:0.15306222438812256, throughput:4046
episode:139/250, real avg travel time:230.37592684132477
step:3600/3600, q_loss:2.5420532620046287e-05, rewards:-4.666880130767822, queue:1.71746027469635, delay:0.15157504379749298, throughput:4042
episode:140/250, real avg travel time:235.7624938149431
Test step:140/250, travel time :253.09979263867288, rewards:-7.910919189453125, queue:2.8435184955596924, delay:0.1641312688589096, throughput:3858
step:3600/3600, q_loss:5.041549342826733e-05, rewards:-5.6775407791137695, queue:1.983068823814392, delay:0.1600526124238968, throughput:4030
episode:141/250, real avg travel time:246.38411910669976
step:3600/3600, q_loss:3.8095967789154704e-05, rewards:-4.928250312805176, queue:1.758201003074646, delay:0.15298287570476532, throughput:4039
episode:142/250, real avg travel time:233.7132953701411
step:3600/3600, q_loss:2.6477884158440348e-05, rewards:-4.733034133911133, queue:1.7164021730422974, delay:0.1561919003725052, throughput:4058
episode:143/250, real avg travel time:228.9354361754559
step:3600/3600, q_loss:4.184338758932427e-05, rewards:-5.042562484741211, queue:1.7736772298812866, delay:0.15743882954120636, throughput:4050
episode:144/250, real avg travel time:225.28395061728395
step:3600/3600, q_loss:2.5538769922503788e-05, rewards:-4.710690021514893, queue:1.664814829826355, delay:0.15475890040397644, throughput:4046
episode:145/250, real avg travel time:225.4804745427583
Test step:145/250, travel time :253.09979263867288, rewards:-7.910919189453125, queue:2.8435184955596924, delay:0.1641312688589096, throughput:3858
step:3600/3600, q_loss:3.8500002928129914e-05, rewards:-5.225647449493408, queue:1.8088624477386475, delay:0.15817220509052277, throughput:4035
episode:146/250, real avg travel time:226.81462205700123
step:3600/3600, q_loss:3.4516784216975795e-05, rewards:-4.882976055145264, queue:1.7583333253860474, delay:0.15677966177463531, throughput:4041
episode:147/250, real avg travel time:229.2783964365256
step:3600/3600, q_loss:2.413656265060935e-05, rewards:-4.646506309509277, queue:1.6760581731796265, delay:0.15518629550933838, throughput:4044
episode:148/250, real avg travel time:222.8261622156281
step:3600/3600, q_loss:4.688345725298859e-05, rewards:-4.751832962036133, queue:1.6952381134033203, delay:0.1516801416873932, throughput:4057
episode:149/250, real avg travel time:231.10204584668475
step:3600/3600, q_loss:3.470202484297463e-05, rewards:-4.826108932495117, queue:1.6775132417678833, delay:0.1574995070695877, throughput:4025
episode:150/250, real avg travel time:226.65391304347827
Test step:150/250, travel time :254.8975420439845, rewards:-8.055037498474121, queue:2.8992063999176025, delay:0.16507260501384735, throughput:3865
step:3600/3600, q_loss:3.040906667592935e-05, rewards:-4.624971389770508, queue:1.6887565851211548, delay:0.15303654968738556, throughput:4025
episode:151/250, real avg travel time:220.17664596273292
step:3600/3600, q_loss:3.670727124295404e-05, rewards:-4.847343444824219, queue:1.733465552330017, delay:0.1569395512342453, throughput:4051
episode:152/250, real avg travel time:230.75857812885707
step:3600/3600, q_loss:0.00013835396805209004, rewards:-6.06972599029541, queue:1.9816137552261353, delay:0.16307573020458221, throughput:4036
episode:153/250, real avg travel time:262.0874628344896
step:3600/3600, q_loss:2.934220416742998e-05, rewards:-4.622195243835449, queue:1.6949735879898071, delay:0.15628884732723236, throughput:4044
episode:154/250, real avg travel time:227.8746290801187
step:3600/3600, q_loss:3.115806749620889e-05, rewards:-4.65863037109375, queue:1.6900793313980103, delay:0.1509864181280136, throughput:4036
episode:155/250, real avg travel time:226.1169474727453
Test step:155/250, travel time :253.09979263867288, rewards:-7.910919189453125, queue:2.8435184955596924, delay:0.1641312688589096, throughput:3858
step:3600/3600, q_loss:3.401405483600683e-05, rewards:-5.005774021148682, queue:1.765211582183838, delay:0.15430033206939697, throughput:4055
episode:156/250, real avg travel time:229.07718865598028
step:3600/3600, q_loss:2.9668337002577673e-05, rewards:-4.641970157623291, queue:1.6679893732070923, delay:0.15466634929180145, throughput:4058
episode:157/250, real avg travel time:227.28634795465746
step:3600/3600, q_loss:2.9680033751194263e-05, rewards:-4.81944465637207, queue:1.7396825551986694, delay:0.15551812946796417, throughput:4049
episode:158/250, real avg travel time:226.71375648308225
step:3600/3600, q_loss:3.371341234823275e-05, rewards:-4.848369598388672, queue:1.6944444179534912, delay:0.1541118025779724, throughput:4049
episode:159/250, real avg travel time:225.66658434181278
step:3600/3600, q_loss:2.27120912717914e-05, rewards:-4.6462931632995605, queue:1.7091269493103027, delay:0.1551639586687088, throughput:4036
episode:160/250, real avg travel time:235.89172447968286
Test step:160/250, travel time :241.20949647795462, rewards:-8.510619163513184, queue:2.964946985244751, delay:0.16963054239749908, throughput:3833
New best TEST travel time 241.2095 at episode 160, saved as best checkpoint
step:3600/3600, q_loss:4.6911409137667056e-05, rewards:-5.173678874969482, queue:1.8623015880584717, delay:0.15346431732177734, throughput:4030
episode:161/250, real avg travel time:228.5454094292804
step:3600/3600, q_loss:4.134173464586234e-05, rewards:-4.831255912780762, queue:1.7175925970077515, delay:0.1551634520292282, throughput:4039
episode:162/250, real avg travel time:223.68160435751423
step:3600/3600, q_loss:3.2659277672387863e-05, rewards:-4.892737865447998, queue:1.7576719522476196, delay:0.16126711666584015, throughput:4053
episode:163/250, real avg travel time:229.07722674562052
step:3600/3600, q_loss:3.470158497091486e-05, rewards:-4.841643333435059, queue:1.778174638748169, delay:0.15188442170619965, throughput:4048
episode:164/250, real avg travel time:226.56645256916997
step:3600/3600, q_loss:9.735243058659965e-05, rewards:-5.860000133514404, queue:1.9682539701461792, delay:0.16224053502082825, throughput:3990
episode:165/250, real avg travel time:237.89899749373433
Test step:165/250, travel time :253.0109489051095, rewards:-8.60448169708252, queue:3.030423164367676, delay:0.162039652466774, throughput:3836
step:3600/3600, q_loss:4.9833587238228777e-05, rewards:-4.9290852546691895, queue:1.7597883939743042, delay:0.1569688469171524, throughput:4017
episode:166/250, real avg travel time:231.5561364202141
step:3600/3600, q_loss:3.089157786841194e-05, rewards:-4.478811740875244, queue:1.6607142686843872, delay:0.1513308882713318, throughput:4055
episode:167/250, real avg travel time:226.3122071516646
step:3600/3600, q_loss:3.034211913472973e-05, rewards:-4.748111248016357, queue:1.7087301015853882, delay:0.15383580327033997, throughput:4026
episode:168/250, real avg travel time:227.1835568802782
step:3600/3600, q_loss:2.4495832136987397e-05, rewards:-4.611909866333008, queue:1.684259295463562, delay:0.1536654233932495, throughput:4063
episode:169/250, real avg travel time:222.19911395520552
step:3600/3600, q_loss:2.152838496840559e-05, rewards:-4.658944129943848, queue:1.6984126567840576, delay:0.15701420605182648, throughput:4045
episode:170/250, real avg travel time:224.53325092707047
Test step:170/250, travel time :239.5283067421513, rewards:-7.7265753746032715, queue:2.709656000137329, delay:0.1656855344772339, throughput:3886
New best TEST travel time 239.5283 at episode 170, saved as best checkpoint
step:3600/3600, q_loss:2.6066589958241416e-05, rewards:-4.68019962310791, queue:1.7083333730697632, delay:0.1554245501756668, throughput:4051
episode:171/250, real avg travel time:229.01283633670698
step:3600/3600, q_loss:0.0001744392370003172, rewards:-5.961667060852051, queue:1.9343914985656738, delay:0.15680184960365295, throughput:4038
episode:172/250, real avg travel time:242.46706290242693
step:3600/3600, q_loss:3.905549698780912e-05, rewards:-4.978507041931152, queue:1.7287037372589111, delay:0.15526576340198517, throughput:4069
episode:173/250, real avg travel time:226.19120176947652
step:3600/3600, q_loss:2.7808070929798607e-05, rewards:-4.629612445831299, queue:1.6435185670852661, delay:0.15472620725631714, throughput:4048
episode:174/250, real avg travel time:222.87351778656125
step:3600/3600, q_loss:3.305699372301913e-05, rewards:-4.687827110290527, queue:1.686375617980957, delay:0.15442784130573273, throughput:4052
episode:175/250, real avg travel time:231.08020730503455
Test step:175/250, travel time :244.82058521560575, rewards:-7.716187000274658, queue:2.7462964057922363, delay:0.1660221815109253, throughput:3896
step:3600/3600, q_loss:2.7001047742992846e-05, rewards:-4.667898654937744, queue:1.6732804775238037, delay:0.15038511157035828, throughput:4037
episode:176/250, real avg travel time:225.42482041119644
step:3600/3600, q_loss:2.9302658044293316e-05, rewards:-4.6991353034973145, queue:1.6805555820465088, delay:0.1537778526544571, throughput:4063
episode:177/250, real avg travel time:225.81466896381983
step:3600/3600, q_loss:3.205040864284254e-05, rewards:-4.887787342071533, queue:1.7707672119140625, delay:0.15460830926895142, throughput:4053
episode:178/250, real avg travel time:231.0140636565507
step:3600/3600, q_loss:1.771435563568957e-05, rewards:-4.403831481933594, queue:1.602116346359253, delay:0.1517331302165985, throughput:4049
episode:179/250, real avg travel time:227.50901457149914
step:3600/3600, q_loss:3.3150531008787864e-05, rewards:-4.793420314788818, queue:1.7097883224487305, delay:0.155694380402565, throughput:4038
episode:180/250, real avg travel time:225.25730559683012
Test step:180/250, travel time :244.47080010290713, rewards:-7.7660136222839355, queue:2.7082011699676514, delay:0.1692676693201065, throughput:3887
step:3600/3600, q_loss:2.9498344843482804e-05, rewards:-4.610499382019043, queue:1.6742063760757446, delay:0.15432153642177582, throughput:4044
episode:181/250, real avg travel time:222.3135509396637
step:3600/3600, q_loss:2.6096148697736984e-05, rewards:-4.603044033050537, queue:1.6493386030197144, delay:0.15612518787384033, throughput:4069
episode:182/250, real avg travel time:226.13467682477267
step:3600/3600, q_loss:2.095696108881384e-05, rewards:-4.56777811050415, queue:1.6625661849975586, delay:0.15360896289348602, throughput:4051
episode:183/250, real avg travel time:223.57640088866947
step:3600/3600, q_loss:4.213295995012029e-05, rewards:-4.993259906768799, queue:1.8277777433395386, delay:0.15704208612442017, throughput:4050
episode:184/250, real avg travel time:227.90740740740742
step:3600/3600, q_loss:2.256719785186255e-05, rewards:-4.432388782501221, queue:1.608465552330017, delay:0.15285012125968933, throughput:4043
episode:185/250, real avg travel time:222.90625772940885
Test step:185/250, travel time :240.03288451579493, rewards:-7.677009582519531, queue:2.690211534500122, delay:0.16374735534191132, throughput:3862
step:3600/3600, q_loss:2.3616058994472646e-05, rewards:-4.335389614105225, queue:1.5911375284194946, delay:0.15043380856513977, throughput:4054
episode:186/250, real avg travel time:221.17020226936359
step:3600/3600, q_loss:3.468296134896162e-05, rewards:-4.71325159072876, queue:1.668254017829895, delay:0.15103431046009064, throughput:4023
episode:187/250, real avg travel time:225.74770072085508
step:3600/3600, q_loss:3.366376210275727e-05, rewards:-5.093053817749023, queue:1.7588623762130737, delay:0.15618285536766052, throughput:4040
episode:188/250, real avg travel time:223.18960396039603
step:3600/3600, q_loss:2.766415434760145e-05, rewards:-4.620318412780762, queue:1.6583333015441895, delay:0.15363657474517822, throughput:4019
episode:189/250, real avg travel time:228.7723314257278
step:3600/3600, q_loss:2.247738803917956e-05, rewards:-4.341398239135742, queue:1.5945767164230347, delay:0.15195922553539276, throughput:4056
episode:190/250, real avg travel time:223.4018737672584
Test step:190/250, travel time :240.11234791612736, rewards:-7.852235794067383, queue:2.7497353553771973, delay:0.16921062767505646, throughput:3863
step:3600/3600, q_loss:2.3148483887780457e-05, rewards:-4.468568801879883, queue:1.6226190328598022, delay:0.15146976709365845, throughput:4029
episode:191/250, real avg travel time:223.52022834450236
step:3600/3600, q_loss:2.465676370775327e-05, rewards:-4.484356880187988, queue:1.6264550685882568, delay:0.15132184326648712, throughput:4055
episode:192/250, real avg travel time:224.28951911220716
step:3600/3600, q_loss:1.9253306769921135e-05, rewards:-4.319770336151123, queue:1.5928571224212646, delay:0.14986209571361542, throughput:4026
episode:193/250, real avg travel time:223.00869349230004
step:3600/3600, q_loss:2.578289608613381e-05, rewards:-4.52461051940918, queue:1.6268517971038818, delay:0.1525447815656662, throughput:4056
episode:194/250, real avg travel time:222.13560157790928
step:3600/3600, q_loss:2.4691010589271577e-05, rewards:-4.543741703033447, queue:1.6369047164916992, delay:0.15382473170757294, throughput:4061
episode:195/250, real avg travel time:222.06919477961094
Test step:195/250, travel time :233.86335242061426, rewards:-7.159876346588135, queue:2.5173280239105225, delay:0.16577206552028656, throughput:3842
New best TEST travel time 233.8634 at episode 195, saved as best checkpoint
step:3600/3600, q_loss:2.235690626548603e-05, rewards:-4.656761169433594, queue:1.6650793552398682, delay:0.1529300957918167, throughput:4045
episode:196/250, real avg travel time:225.5441285537701
step:3600/3600, q_loss:2.390878637217813e-05, rewards:-4.764328479766846, queue:1.7150793075561523, delay:0.1551751047372818, throughput:4052
episode:197/250, real avg travel time:228.7692497532083
step:3600/3600, q_loss:2.2421608688697838e-05, rewards:-4.510235786437988, queue:1.6390211582183838, delay:0.1562822461128235, throughput:4052
episode:198/250, real avg travel time:217.06614017769002
step:3600/3600, q_loss:2.7725160422657305e-05, rewards:-4.742968559265137, queue:1.6939153671264648, delay:0.15618844330310822, throughput:4044
episode:199/250, real avg travel time:226.3219584569733
step:3600/3600, q_loss:2.441829815830311e-05, rewards:-4.41557502746582, queue:1.6141533851623535, delay:0.15087564289569855, throughput:4029
episode:200/250, real avg travel time:222.12583767684288
Test step:200/250, travel time :238.53410256410257, rewards:-6.7309393882751465, queue:2.4456348419189453, delay:0.1631641536951065, throughput:3900
step:3600/3600, q_loss:2.589025041541188e-05, rewards:-4.3939104080200195, queue:1.5894179344177246, delay:0.14993898570537567, throughput:4036
episode:201/250, real avg travel time:221.07358771060456
step:3600/3600, q_loss:2.0069670184360197e-05, rewards:-4.332706928253174, queue:1.6068782806396484, delay:0.1544453352689743, throughput:4038
episode:202/250, real avg travel time:219.19465081723627
step:3600/3600, q_loss:1.7620361662314585e-05, rewards:-4.394680976867676, queue:1.5907407999038696, delay:0.15300409495830536, throughput:4050
episode:203/250, real avg travel time:219.50320987654322
step:3600/3600, q_loss:2.608644499559887e-05, rewards:-4.8580474853515625, queue:1.7202380895614624, delay:0.15779627859592438, throughput:4048
episode:204/250, real avg travel time:223.85573122529644
step:3600/3600, q_loss:4.822168702958152e-05, rewards:-5.307474136352539, queue:1.7914021015167236, delay:0.16071759164333344, throughput:4052
episode:205/250, real avg travel time:239.5888450148075
Test step:205/250, travel time :251.1304569823845, rewards:-6.3988037109375, queue:2.338359832763672, delay:0.16255877912044525, throughput:3917
step:3600/3600, q_loss:2.8509864852013482e-05, rewards:-4.476953983306885, queue:1.6317460536956787, delay:0.15338702499866486, throughput:4035
episode:206/250, real avg travel time:221.05055762081784
step:3600/3600, q_loss:1.8392083277123878e-05, rewards:-4.108769416809082, queue:1.53253972530365, delay:0.14694702625274658, throughput:4056
episode:207/250, real avg travel time:220.26356015779092
step:3600/3600, q_loss:1.661285989232258e-05, rewards:-4.342687129974365, queue:1.6111111640930176, delay:0.1556205004453659, throughput:4054
episode:208/250, real avg travel time:228.4647261963493
step:3600/3600, q_loss:1.8410654593026266e-05, rewards:-4.471841812133789, queue:1.5911375284194946, delay:0.15412959456443787, throughput:4048
episode:209/250, real avg travel time:224.36487154150197
step:3600/3600, q_loss:2.3033847860966085e-05, rewards:-4.384040832519531, queue:1.5615079402923584, delay:0.1526915431022644, throughput:4051
episode:210/250, real avg travel time:219.85509750678844
Test step:210/250, travel time :252.24198923352986, rewards:-6.642083644866943, queue:2.432539701461792, delay:0.16512303054332733, throughput:3901
step:3600/3600, q_loss:2.476985634226973e-05, rewards:-4.460043907165527, queue:1.605555534362793, delay:0.15225781500339508, throughput:4046
episode:211/250, real avg travel time:219.4340088976767
step:3600/3600, q_loss:3.187603886342711e-05, rewards:-4.831140518188477, queue:1.7435184717178345, delay:0.15593908727169037, throughput:4029
episode:212/250, real avg travel time:219.48299826259617
step:3600/3600, q_loss:2.4296076864831976e-05, rewards:-4.544386863708496, queue:1.6335978507995605, delay:0.15466687083244324, throughput:4046
episode:213/250, real avg travel time:227.58872960949085
step:3600/3600, q_loss:2.727767916642026e-05, rewards:-4.662841320037842, queue:1.6218253374099731, delay:0.15562227368354797, throughput:4052
episode:214/250, real avg travel time:220.69225074037513
step:3600/3600, q_loss:2.5299447992842438e-05, rewards:-4.506076335906982, queue:1.6013227701187134, delay:0.150311678647995, throughput:4064
episode:215/250, real avg travel time:218.38853346456693
Test step:215/250, travel time :249.92061459667093, rewards:-6.829355239868164, queue:2.4275131225585938, delay:0.1655856966972351, throughput:3905
step:3600/3600, q_loss:1.9401008386113164e-05, rewards:-4.633224964141846, queue:1.6846561431884766, delay:0.152620330452919, throughput:4063
episode:216/250, real avg travel time:227.8151612109279
step:3600/3600, q_loss:2.4521347384304842e-05, rewards:-4.412721157073975, queue:1.5841269493103027, delay:0.15449334681034088, throughput:4040
episode:217/250, real avg travel time:216.3269801980198
step:3600/3600, q_loss:2.9366699325489915e-05, rewards:-4.613407611846924, queue:1.6800264120101929, delay:0.15173201262950897, throughput:4055
episode:218/250, real avg travel time:225.96325524044389
step:3600/3600, q_loss:3.158394586838161e-05, rewards:-4.54691219329834, queue:1.661375641822815, delay:0.15271498262882233, throughput:4051
episode:219/250, real avg travel time:219.87138978030117
step:3600/3600, q_loss:2.8118626101382285e-05, rewards:-4.6659417152404785, queue:1.6296296119689941, delay:0.15523916482925415, throughput:4042
episode:220/250, real avg travel time:224.92825333993073
Test step:220/250, travel time :254.70143149284254, rewards:-7.694961071014404, queue:2.4876983165740967, delay:0.16491097211837769, throughput:3912
step:3600/3600, q_loss:1.5158486753029541e-05, rewards:-4.256518363952637, queue:1.538888931274414, delay:0.1522957682609558, throughput:4060
episode:221/250, real avg travel time:221.63251231527093
step:3600/3600, q_loss:2.54525773117267e-05, rewards:-4.385444164276123, queue:1.5986772775650024, delay:0.15021739900112152, throughput:4041
episode:222/250, real avg travel time:223.49492699826774
step:3600/3600, q_loss:2.1238832980290883e-05, rewards:-4.592399597167969, queue:1.6566137075424194, delay:0.15643788874149323, throughput:4044
episode:223/250, real avg travel time:223.1362512363996
step:3600/3600, q_loss:2.148979401681572e-05, rewards:-4.716676235198975, queue:1.6722222566604614, delay:0.15588705241680145, throughput:4047
episode:224/250, real avg travel time:220.33728687916977
step:3600/3600, q_loss:2.2877839122277994e-05, rewards:-4.369578838348389, queue:1.5722222328186035, delay:0.15390069782733917, throughput:4047
episode:225/250, real avg travel time:219.08500123548308
Test step:225/250, travel time :266.17506493506494, rewards:-9.458841323852539, queue:2.841402053833008, delay:0.18876220285892487, throughput:3850
step:3600/3600, q_loss:9.124679814299775e-05, rewards:-5.995410919189453, queue:1.9734127521514893, delay:0.16174164414405823, throughput:4048
episode:226/250, real avg travel time:238.10918972332016
step:3600/3600, q_loss:2.3381295533100557e-05, rewards:-4.470370292663574, queue:1.6182539463043213, delay:0.1556200087070465, throughput:4066
episode:227/250, real avg travel time:222.1945400885391
step:3600/3600, q_loss:3.011189223293008e-05, rewards:-4.541754245758057, queue:1.6403439044952393, delay:0.14908042550086975, throughput:4046
episode:228/250, real avg travel time:220.1112209589718
step:3600/3600, q_loss:2.8639888963274037e-05, rewards:-4.556385517120361, queue:1.6134920120239258, delay:0.15561041235923767, throughput:4045
episode:229/250, real avg travel time:221.79703337453645
step:3600/3600, q_loss:2.5119159383595817e-05, rewards:-4.436261177062988, queue:1.5894179344177246, delay:0.1554994285106659, throughput:4040
episode:230/250, real avg travel time:219.76336633663365
Test step:230/250, travel time :255.33776188042924, rewards:-8.187738418579102, queue:2.597090005874634, delay:0.17643405497074127, throughput:3914
step:3600/3600, q_loss:1.57768243095941e-05, rewards:-4.290781497955322, queue:1.5611110925674438, delay:0.15267083048820496, throughput:4051
episode:231/250, real avg travel time:222.51764996297211
step:3600/3600, q_loss:1.8713374609231122e-05, rewards:-4.291297912597656, queue:1.5660053491592407, delay:0.14930881559848785, throughput:4044
episode:232/250, real avg travel time:223.91666666666666
step:3600/3600, q_loss:2.0099507754720334e-05, rewards:-4.347513675689697, queue:1.5875661373138428, delay:0.15255597233772278, throughput:4061
episode:233/250, real avg travel time:224.14208323073134
step:3600/3600, q_loss:1.799001685059112e-05, rewards:-4.355379104614258, queue:1.5797618627548218, delay:0.15485212206840515, throughput:4051
episode:234/250, real avg travel time:217.97383362132805
step:3600/3600, q_loss:5.098187320982106e-05, rewards:-5.102557182312012, queue:1.7824074029922485, delay:0.1589599996805191, throughput:4041
episode:235/250, real avg travel time:228.4397426379609
Test step:235/250, travel time :247.6017789072427, rewards:-5.885470390319824, queue:2.1441798210144043, delay:0.160559743642807, throughput:3935
step:3600/3600, q_loss:1.9736352826132336e-05, rewards:-4.379142761230469, queue:1.5974867343902588, delay:0.1534392237663269, throughput:4055
episode:236/250, real avg travel time:220.7494451294698
step:3600/3600, q_loss:2.2266057203523815e-05, rewards:-4.461059093475342, queue:1.6103174686431885, delay:0.15209674835205078, throughput:4039
episode:237/250, real avg travel time:218.10497647932655
step:3600/3600, q_loss:3.234318994347834e-05, rewards:-4.657190799713135, queue:1.7126984596252441, delay:0.15701542794704437, throughput:4043
episode:238/250, real avg travel time:220.3094236952758
step:3600/3600, q_loss:2.0653514123599356e-05, rewards:-4.484092712402344, queue:1.6271164417266846, delay:0.15500064194202423, throughput:4039
episode:239/250, real avg travel time:224.77444912106958
step:3600/3600, q_loss:2.0168595074210317e-05, rewards:-4.503439903259277, queue:1.6087301969528198, delay:0.15509605407714844, throughput:4036
episode:240/250, real avg travel time:218.20267591674926
Test step:240/250, travel time :273.58705536239637, rewards:-11.220976829528809, queue:3.486375570297241, delay:0.18682169914245605, throughput:3739
step:3600/3600, q_loss:1.9635220491586046e-05, rewards:-4.534721851348877, queue:1.6484127044677734, delay:0.15338893234729767, throughput:4060
episode:241/250, real avg travel time:223.57167487684728
step:3600/3600, q_loss:1.7941525584319606e-05, rewards:-4.491642475128174, queue:1.6203703880310059, delay:0.15418584644794464, throughput:4034
episode:242/250, real avg travel time:221.19881011403075
step:3600/3600, q_loss:2.55329889316474e-05, rewards:-4.640215873718262, queue:1.6544973850250244, delay:0.15364883840084076, throughput:4033
episode:243/250, real avg travel time:224.1837341929085
step:3600/3600, q_loss:2.881026214001597e-05, rewards:-4.609968185424805, queue:1.6603174209594727, delay:0.15346497297286987, throughput:4051
episode:244/250, real avg travel time:222.66674895087633
step:3600/3600, q_loss:2.7648860203852464e-05, rewards:-4.523428440093994, queue:1.6374338865280151, delay:0.15326760709285736, throughput:4062
episode:245/250, real avg travel time:225.35327424913837
Test step:245/250, travel time :270.5692064329027, rewards:-12.918173789978027, queue:4.266005516052246, delay:0.1792546808719635, throughput:3793
step:3600/3600, q_loss:9.685107959537871e-05, rewards:-5.781227111816406, queue:1.908730149269104, delay:0.16043026745319366, throughput:4023
episode:246/250, real avg travel time:247.70121799652
step:3600/3600, q_loss:3.1437315677370255e-05, rewards:-4.521048069000244, queue:1.6379629373550415, delay:0.15325699746608734, throughput:4041
episode:247/250, real avg travel time:228.0029695619896
step:3600/3600, q_loss:2.7547962963581087e-05, rewards:-4.405040264129639, queue:1.5611110925674438, delay:0.15312990546226501, throughput:4049
episode:248/250, real avg travel time:217.42701901704123
step:3600/3600, q_loss:2.18452342475454e-05, rewards:-4.316792011260986, queue:1.5616402626037598, delay:0.15056955814361572, throughput:4057
episode:249/250, real avg travel time:219.5863938871087
Hyperparameters saved to: data/output_data/tsc/sumo_mappo/sumo1x21/mappo_sumo1x21_seed0/hyperparameters.json
Loaded best checkpoint for final evaluation
Final Travel Time is 233.8634, mean rewards: -7.1599, queue: 2.5173, delay: 0.1658, throughput: 3842
Total time taken: 9000.661202907562
