step:3600/3600, q_loss:0.003968645715051227, rewards:-25.61599349975586, queue:19.139062881469727, delay:0.13451150059700012, throughput:2415
episode:0/250, real avg travel time:747.380154207174
Test step:0/250, travel time :1279.199128394234, rewards:-66.87326049804688, queue:50.257118225097656, delay:0.2271116077899933, throughput:1791
New best TEST travel time 1279.1991 at episode 0, saved as best checkpoint
step:3600/3600, q_loss:0.003574801567527983, rewards:-24.843751907348633, queue:18.575868606567383, delay:0.13460198044776917, throughput:2383
episode:1/250, real avg travel time:740.4441837076769
step:3600/3600, q_loss:0.003218607466529917, rewards:-23.083290100097656, queue:17.23263931274414, delay:0.1329796016216278, throughput:2460
episode:2/250, real avg travel time:725.800871605766
step:3600/3600, q_loss:0.0038489637551484285, rewards:-24.079954147338867, queue:17.99479103088379, delay:0.13004709780216217, throughput:2366
episode:3/250, real avg travel time:747.8588669125041
step:3600/3600, q_loss:0.003989378445678287, rewards:-26.235902786254883, queue:19.614757537841797, delay:0.13311414420604706, throughput:2378
episode:4/250, real avg travel time:757.9215554810594
step:3600/3600, q_loss:0.0034328142525973143, rewards:-25.424972534179688, queue:19.004167556762695, delay:0.1327068954706192, throughput:2507
episode:5/250, real avg travel time:702.9430103922226
Test step:5/250, travel time :1310.6238685886692, rewards:-69.95646667480469, queue:52.579689025878906, delay:0.2524789571762085, throughput:1722
step:3600/3600, q_loss:0.0019301099495755301, rewards:-21.555580139160156, queue:16.087499618530273, delay:0.13005463778972626, throughput:2578
episode:6/250, real avg travel time:675.1981226952732
step:3600/3600, q_loss:0.0013559536111575586, rewards:-18.42164421081543, queue:13.71701431274414, delay:0.12696437537670135, throughput:2648
episode:7/250, real avg travel time:607.5129064699967
step:3600/3600, q_loss:0.001240466507496657, rewards:-19.574975967407227, queue:14.590104103088379, delay:0.12695808708667755, throughput:2616
episode:8/250, real avg travel time:651.439155212873
step:3600/3600, q_loss:0.001127179753449228, rewards:-17.97933006286621, queue:13.38975715637207, delay:0.12193845957517624, throughput:2638
episode:9/250, real avg travel time:614.6459939658063
step:3600/3600, q_loss:0.0008328848725391759, rewards:-15.963494300842285, queue:11.875347137451172, delay:0.12146148830652237, throughput:2789
episode:10/250, real avg travel time:549.7388535031847
Test step:10/250, travel time :1144.0549782098558, rewards:-64.2333755493164, queue:48.28489685058594, delay:0.28208717703819275, throughput:2314
New best TEST travel time 1144.0550 at episode 10, saved as best checkpoint
step:3600/3600, q_loss:0.000360852673097893, rewards:-12.122686386108398, queue:8.976909637451172, delay:0.12668119370937347, throughput:2812
episode:11/250, real avg travel time:503.5253100905129
step:3600/3600, q_loss:0.0006244971968785481, rewards:-16.35698699951172, queue:12.17517375946045, delay:0.12540926039218903, throughput:2751
episode:12/250, real avg travel time:573.6161582299699
step:3600/3600, q_loss:0.00026640523811457336, rewards:-13.331645965576172, queue:9.896528244018555, delay:0.13037054240703583, throughput:2843
episode:13/250, real avg travel time:511.5135769359705
step:3600/3600, q_loss:7.821641284627496e-05, rewards:-10.114168167114258, queue:7.473784923553467, delay:0.13332219421863556, throughput:2900
episode:14/250, real avg travel time:457.2393563526651
step:3600/3600, q_loss:6.693339544451899e-05, rewards:-8.965948104858398, queue:6.601909637451172, delay:0.12682168185710907, throughput:2915
episode:15/250, real avg travel time:438.73516594032856
Test step:15/250, travel time :1118.4270868253436, rewards:-62.25263595581055, queue:46.7944450378418, delay:0.28744184970855713, throughput:2359
New best TEST travel time 1118.4271 at episode 15, saved as best checkpoint
step:3600/3600, q_loss:0.00018500122026091924, rewards:-9.384445190429688, queue:6.910243034362793, delay:0.12922406196594238, throughput:2897
episode:16/250, real avg travel time:442.54140127388536
step:3600/3600, q_loss:-2.6934332197049152e-05, rewards:-6.087499141693115, queue:4.430034637451172, delay:0.12312425673007965, throughput:2903
episode:17/250, real avg travel time:391.0750921890714
step:3600/3600, q_loss:-3.2242122580538744e-05, rewards:-5.60168981552124, queue:4.058159828186035, delay:0.12250646203756332, throughput:2924
episode:18/250, real avg travel time:382.30740864901105
step:3600/3600, q_loss:-2.2541034397565657e-05, rewards:-5.228981971740723, queue:3.784374952316284, delay:0.12078754603862762, throughput:2925
episode:19/250, real avg travel time:375.36808581964465
step:3600/3600, q_loss:-3.739629130534552e-05, rewards:-5.567152976989746, queue:4.035763740539551, delay:0.12314258515834808, throughput:2927
episode:20/250, real avg travel time:381.99296010727454
Test step:20/250, travel time :811.3808246731478, rewards:-39.61456298828125, queue:29.73142433166504, delay:0.26812082529067993, throughput:2658
New best TEST travel time 811.3808 at episode 20, saved as best checkpoint
step:3600/3600, q_loss:-4.445783906029882e-05, rewards:-5.060509204864502, queue:3.6552083492279053, delay:0.12530912458896637, throughput:2929
episode:21/250, real avg travel time:371.23700972175664
step:3600/3600, q_loss:-4.381537437438965e-05, rewards:-4.9751386642456055, queue:3.589062452316284, delay:0.11964630335569382, throughput:2925
episode:22/250, real avg travel time:370.9822326516929
step:3600/3600, q_loss:-4.273219598905632e-05, rewards:-4.4839348793029785, queue:3.218055486679077, delay:0.11589045077562332, throughput:2928
episode:23/250, real avg travel time:363.36808581964465
step:3600/3600, q_loss:-4.995659023902759e-05, rewards:-4.048402786254883, queue:2.894444465637207, delay:0.11059881746768951, throughput:2926
episode:24/250, real avg travel time:356.97318136104593
step:3600/3600, q_loss:-4.52186172845325e-05, rewards:-4.15266227722168, queue:2.969270944595337, delay:0.11193719506263733, throughput:2928
episode:25/250, real avg travel time:358.19678176332553
Test step:25/250, travel time :732.7720415688904, rewards:-33.31511306762695, queue:24.991493225097656, delay:0.25972801446914673, throughput:2803
New best TEST travel time 732.7720 at episode 25, saved as best checkpoint
step:3600/3600, q_loss:-5.67697385257041e-05, rewards:-3.842569351196289, queue:2.7355902194976807, delay:0.11070322245359421, throughput:2931
episode:26/250, real avg travel time:353.50385517934967
step:3600/3600, q_loss:-5.319527807404046e-05, rewards:-3.8197686672210693, queue:2.7215278148651123, delay:0.10958202928304672, throughput:2927
episode:27/250, real avg travel time:353.02480724103253
step:3600/3600, q_loss:-5.4231453126434374e-05, rewards:-3.6860415935516357, queue:2.6229166984558105, delay:0.1061071902513504, throughput:2924
episode:28/250, real avg travel time:351.03654039557495
step:3600/3600, q_loss:-5.620116242897455e-05, rewards:-3.594259738922119, queue:2.5524306297302246, delay:0.10511641204357147, throughput:2930
episode:29/250, real avg travel time:349.54307743882
step:3600/3600, q_loss:-5.87097198823122e-05, rewards:-3.3551392555236816, queue:2.3689236640930176, delay:0.10329730808734894, throughput:2932
episode:30/250, real avg travel time:345.62252765672145
Test step:30/250, travel time :634.5863224941335, rewards:-25.585346221923828, queue:19.149478912353516, delay:0.23199619352817535, throughput:2834
New best TEST travel time 634.5863 at episode 30, saved as best checkpoint
step:3600/3600, q_loss:-4.9379982778595554e-05, rewards:-3.210278034210205, queue:2.2602429389953613, delay:0.1001347228884697, throughput:2931
episode:31/250, real avg travel time:343.4049614482065
step:3600/3600, q_loss:-5.901411123987701e-05, rewards:-3.2034027576446533, queue:2.2520833015441895, delay:0.09888757020235062, throughput:2933
episode:32/250, real avg travel time:343.9299363057325
step:3600/3600, q_loss:-5.94484376186436e-05, rewards:-3.137291431427002, queue:2.203993082046509, delay:0.09722743928432465, throughput:2932
episode:33/250, real avg travel time:343.0003352329869
step:3600/3600, q_loss:-5.2579359099682837e-05, rewards:-3.1043057441711426, queue:2.179166555404663, delay:0.09803202748298645, throughput:2927
episode:34/250, real avg travel time:342.5263157894737
step:3600/3600, q_loss:-5.2295598692985046e-05, rewards:-2.9753010272979736, queue:2.086805582046509, delay:0.09830620884895325, throughput:2932
episode:35/250, real avg travel time:340.4458598726115
Test step:35/250, travel time :443.9289306067717, rewards:-10.808634757995605, queue:8.008159637451172, delay:0.18553483486175537, throughput:2907
New best TEST travel time 443.9289 at episode 35, saved as best checkpoint
step:3600/3600, q_loss:-5.049929195256145e-05, rewards:-2.875856637954712, queue:2.0142362117767334, delay:0.09439881891012192, throughput:2931
episode:36/250, real avg travel time:339.37043245055315
step:3600/3600, q_loss:-5.181811564532971e-05, rewards:-2.687685251235962, queue:1.8725694417953491, delay:0.09007617831230164, throughput:2931
episode:37/250, real avg travel time:336.3633925578277
step:3600/3600, q_loss:-4.208557937225258e-05, rewards:-2.746828556060791, queue:1.9079861640930176, delay:0.09198864549398422, throughput:2929
episode:38/250, real avg travel time:337.2936640965471
step:3600/3600, q_loss:-4.4305659226935224e-05, rewards:-2.5746755599975586, queue:1.7909722328186035, delay:0.08625238388776779, throughput:2924
episode:39/250, real avg travel time:334.79215554810594
step:3600/3600, q_loss:-4.226189533558985e-05, rewards:-2.5791900157928467, queue:1.7920138835906982, delay:0.0878036841750145, throughput:2929
episode:40/250, real avg travel time:334.84445189406637
Test step:40/250, travel time :382.79349648005365, rewards:-6.115602016448975, queue:4.457985877990723, delay:0.15548229217529297, throughput:2926
New best TEST travel time 382.7935 at episode 40, saved as best checkpoint
step:3600/3600, q_loss:-5.040535405795607e-05, rewards:-2.6031484603881836, queue:1.806944489479065, delay:0.08978892117738724, throughput:2931
episode:41/250, real avg travel time:335.3922225947033
step:3600/3600, q_loss:-3.668388278499521e-05, rewards:-2.5259952545166016, queue:1.7494791746139526, delay:0.0856320708990097, throughput:2933
episode:42/250, real avg travel time:334.21421387864564
step:3600/3600, q_loss:-4.903428575575903e-05, rewards:-2.4269208908081055, queue:1.6722222566604614, delay:0.08555664122104645, throughput:2932
episode:43/250, real avg travel time:332.73047267851155
step:3600/3600, q_loss:-3.7974313427521675e-05, rewards:-2.4698843955993652, queue:1.7059028148651123, delay:0.08456216752529144, throughput:2930
episode:44/250, real avg travel time:333.6275561515253
step:3600/3600, q_loss:-4.250091841202919e-05, rewards:-2.393078565597534, queue:1.6449652910232544, delay:0.0845157653093338, throughput:2927
episode:45/250, real avg travel time:332.5085484411666
Test step:45/250, travel time :354.1414683204827, rewards:-4.031875133514404, queue:2.8800346851348877, delay:0.12823642790317535, throughput:2931
New best TEST travel time 354.1415 at episode 45, saved as best checkpoint
step:3600/3600, q_loss:-3.776873474837177e-05, rewards:-2.364838123321533, queue:1.621180534362793, delay:0.08340857923030853, throughput:2932
episode:46/250, real avg travel time:332.2423734495474
step:3600/3600, q_loss:-5.0134954249693286e-05, rewards:-2.335139036178589, queue:1.6010416746139526, delay:0.08198095858097076, throughput:2932
episode:47/250, real avg travel time:331.79215554810594
step:3600/3600, q_loss:-3.4297382161538635e-05, rewards:-2.2392361164093018, queue:1.5404514074325562, delay:0.0800539031624794, throughput:2930
episode:48/250, real avg travel time:330.2289641300704
step:3600/3600, q_loss:-4.003003101657938e-05, rewards:-2.2306017875671387, queue:1.5255208015441895, delay:0.07835295796394348, throughput:2934
episode:49/250, real avg travel time:330.289641300704
step:3600/3600, q_loss:-3.837687092729741e-05, rewards:-2.1275691986083984, queue:1.4526041746139526, delay:0.07757548987865448, throughput:2932
episode:50/250, real avg travel time:328.3540060341938
Test step:50/250, travel time :340.74052966811934, rewards:-3.027431011199951, queue:2.125, delay:0.10218176245689392, throughput:2930
New best TEST travel time 340.7405 at episode 50, saved as best checkpoint
step:3600/3600, q_loss:-4.688385999071653e-05, rewards:-2.118703603744507, queue:1.4472222328186035, delay:0.07503672689199448, throughput:2931
episode:51/250, real avg travel time:328.26684545759304
step:3600/3600, q_loss:-3.9029868828408695e-05, rewards:-2.1842825412750244, queue:1.498437523841858, delay:0.0795256718993187, throughput:2932
episode:52/250, real avg travel time:329.2842775729132
step:3600/3600, q_loss:-3.1151543630080094e-05, rewards:-2.1004858016967773, queue:1.4366319179534912, delay:0.07547057420015335, throughput:2934
episode:53/250, real avg travel time:328.2011397921556
step:3600/3600, q_loss:-4.5381426483530686e-05, rewards:-2.12384295463562, queue:1.4489582777023315, delay:0.07759233564138412, throughput:2931
episode:54/250, real avg travel time:328.4049614482065
step:3600/3600, q_loss:-4.477075999602676e-05, rewards:-2.1064813137054443, queue:1.4416667222976685, delay:0.07719176262617111, throughput:2932
episode:55/250, real avg travel time:328.2755615152531
Test step:55/250, travel time :331.434461951056, rewards:-2.3916897773742676, queue:1.6611111164093018, delay:0.08854300528764725, throughput:2933
New best TEST travel time 331.4345 at episode 55, saved as best checkpoint
step:3600/3600, q_loss:-3.8051877830487986e-05, rewards:-1.9837266206741333, queue:1.3470486402511597, delay:0.07350744307041168, throughput:2932
episode:56/250, real avg travel time:326.22326516929263
step:3600/3600, q_loss:-3.7118608209614955e-05, rewards:-2.021157741546631, queue:1.3852430582046509, delay:0.07429397106170654, throughput:2929
episode:57/250, real avg travel time:326.85182701977874
step:3600/3600, q_loss:-3.645354817207489e-05, rewards:-1.9738423824310303, queue:1.3454861640930176, delay:0.07310998439788818, throughput:2929
episode:58/250, real avg travel time:326.01542071739857
step:3600/3600, q_loss:-3.1673032747305654e-05, rewards:-1.9809492826461792, queue:1.347569465637207, delay:0.07315614074468613, throughput:2930
episode:59/250, real avg travel time:326.38115990613477
step:3600/3600, q_loss:-3.034891733140857e-05, rewards:-1.9570139646530151, queue:1.3295139074325562, delay:0.0720030665397644, throughput:2929
episode:60/250, real avg travel time:326.0097217566209
Test step:60/250, travel time :326.7053302044921, rewards:-2.0618746280670166, queue:1.4159722328186035, delay:0.0761638730764389, throughput:2933
New best TEST travel time 326.7053 at episode 60, saved as best checkpoint
step:3600/3600, q_loss:-4.126831212218989e-05, rewards:-1.937523365020752, queue:1.3151041269302368, delay:0.07022292912006378, throughput:2931
episode:61/250, real avg travel time:325.37177338250086
step:3600/3600, q_loss:-3.622131814524807e-05, rewards:-1.935161828994751, queue:1.3184027671813965, delay:0.07005161792039871, throughput:2933
episode:62/250, real avg travel time:325.95574924572577
step:3600/3600, q_loss:-3.090302106337967e-05, rewards:-1.9567362070083618, queue:1.3348958492279053, delay:0.07266499847173691, throughput:2934
episode:63/250, real avg travel time:326.19879316124707
step:3600/3600, q_loss:-3.778866666834801e-05, rewards:-1.9243285655975342, queue:1.3137152194976807, delay:0.0727209746837616, throughput:2928
episode:64/250, real avg travel time:325.40060341937647
step:3600/3600, q_loss:-2.8119095238960452e-05, rewards:-1.8283562660217285, queue:1.248437523841858, delay:0.06814542412757874, throughput:2933
episode:65/250, real avg travel time:323.6795172644988
Test step:65/250, travel time :323.9936305732484, rewards:-1.8629398345947266, queue:1.2673611640930176, delay:0.07263972610235214, throughput:2934
New best TEST travel time 323.9936 at episode 65, saved as best checkpoint
step:3600/3600, q_loss:-2.4030831776110938e-05, rewards:-1.8467592000961304, queue:1.2491319179534912, delay:0.06921977549791336, throughput:2934
episode:66/250, real avg travel time:324.3067381830372
step:3600/3600, q_loss:-2.938714848520855e-05, rewards:-1.8099768161773682, queue:1.2237846851348877, delay:0.06778530776500702, throughput:2931
episode:67/250, real avg travel time:323.48005363727793
step:3600/3600, q_loss:-3.3916662343674236e-05, rewards:-1.7661112546920776, queue:1.1939235925674438, delay:0.0663762018084526, throughput:2930
episode:68/250, real avg travel time:323.14783774723435
step:3600/3600, q_loss:-3.842159079525758e-05, rewards:-1.7813193798065186, queue:1.2027777433395386, delay:0.0683523416519165, throughput:2931
episode:69/250, real avg travel time:323.38752933288634
step:3600/3600, q_loss:-3.3787786917485025e-05, rewards:-1.8240509033203125, queue:1.234375, delay:0.06994625926017761, throughput:2933
episode:70/250, real avg travel time:323.868923902112
Test step:70/250, travel time :321.5072075092189, rewards:-1.6821526288986206, queue:1.1317708492279053, delay:0.06847270578145981, throughput:2931
New best TEST travel time 321.5072 at episode 70, saved as best checkpoint
step:3600/3600, q_loss:-3.520558713245447e-05, rewards:-1.7510186433792114, queue:1.1802083253860474, delay:0.06578336656093597, throughput:2934
episode:71/250, real avg travel time:323.02614817298024
step:3600/3600, q_loss:-3.386665506426383e-05, rewards:-1.7946527004241943, queue:1.2088541984558105, delay:0.06768525391817093, throughput:2930
episode:72/250, real avg travel time:323.8903788132752
step:3600/3600, q_loss:-3.146180016402569e-05, rewards:-1.7901618480682373, queue:1.2034722566604614, delay:0.06843678653240204, throughput:2930
episode:73/250, real avg travel time:323.4813945692256
step:3600/3600, q_loss:-2.0261801546439527e-05, rewards:-1.679699182510376, queue:1.1286457777023315, delay:0.06453217566013336, throughput:2930
episode:74/250, real avg travel time:321.93496480053636
step:3600/3600, q_loss:-2.4715980678727782e-05, rewards:-1.69784677028656, queue:1.146180510520935, delay:0.06526058912277222, throughput:2933
episode:75/250, real avg travel time:322.08548441166613
Test step:75/250, travel time :322.8756285618505, rewards:-1.7361571788787842, queue:1.1722222566604614, delay:0.06613603234291077, throughput:2934
step:3600/3600, q_loss:-3.445233127826618e-05, rewards:-1.7574998140335083, queue:1.1789931058883667, delay:0.06557510048151016, throughput:2931
episode:76/250, real avg travel time:323.371102916527
step:3600/3600, q_loss:-9.339769948618832e-06, rewards:-1.794884204864502, queue:1.2065972089767456, delay:0.0659475103020668, throughput:2933
episode:77/250, real avg travel time:323.80355346966144
step:3600/3600, q_loss:-3.26190963042555e-05, rewards:-1.7462965250015259, queue:1.1682292222976685, delay:0.06511638313531876, throughput:2930
episode:78/250, real avg travel time:323.0295005028495
step:3600/3600, q_loss:-2.530537657784643e-05, rewards:-1.7166666984558105, queue:1.153993010520935, delay:0.0659550130367279, throughput:2931
episode:79/250, real avg travel time:322.57894736842104
step:3600/3600, q_loss:-2.894625595891503e-05, rewards:-1.7111341953277588, queue:1.1567708253860474, delay:0.06488210707902908, throughput:2932
episode:80/250, real avg travel time:322.51961112973515
Test step:80/250, travel time :320.67247737177337, rewards:-1.6066200733184814, queue:1.0711805820465088, delay:0.06454189866781235, throughput:2931
New best TEST travel time 320.6725 at episode 80, saved as best checkpoint
step:3600/3600, q_loss:-2.5515189109784034e-05, rewards:-1.6834492683410645, queue:1.1317708492279053, delay:0.06316730380058289, throughput:2932
episode:81/250, real avg travel time:322.12504190412335
step:3600/3600, q_loss:-3.360670051296e-05, rewards:-1.7004395723342896, queue:1.1352430582046509, delay:0.062475383281707764, throughput:2933
episode:82/250, real avg travel time:322.5346966141468
step:3600/3600, q_loss:-2.4006235266656238e-05, rewards:-1.6395142078399658, queue:1.0913194417953491, delay:0.06266552954912186, throughput:2932
episode:83/250, real avg travel time:321.5638618840094
step:3600/3600, q_loss:-2.891539177788353e-05, rewards:-1.6567823886871338, queue:1.1081597805023193, delay:0.06387987732887268, throughput:2931
episode:84/250, real avg travel time:321.6691250419041
step:3600/3600, q_loss:-2.3871503071859478e-05, rewards:-1.661388874053955, queue:1.1124999523162842, delay:0.06462682783603668, throughput:2931
episode:85/250, real avg travel time:321.70030170968823
Test step:85/250, travel time :319.6195105598391, rewards:-1.538958191871643, queue:1.0269097089767456, delay:0.062229592353105545, throughput:2933
New best TEST travel time 319.6195 at episode 85, saved as best checkpoint
step:3600/3600, q_loss:-3.340500428479303e-05, rewards:-1.5858795642852783, queue:1.0605902671813965, delay:0.061122454702854156, throughput:2932
episode:86/250, real avg travel time:320.40797854508884
step:3600/3600, q_loss:-2.815348712761921e-05, rewards:-1.6153934001922607, queue:1.0812499523162842, delay:0.0635242760181427, throughput:2932
episode:87/250, real avg travel time:320.8746228628897
step:3600/3600, q_loss:-2.9040878655871856e-05, rewards:-1.601250171661377, queue:1.0690972805023193, delay:0.06167657673358917, throughput:2932
episode:88/250, real avg travel time:320.95306738183035
step:3600/3600, q_loss:-2.6490455773590065e-05, rewards:-1.5613653659820557, queue:1.0416666269302368, delay:0.060869250446558, throughput:2931
episode:89/250, real avg travel time:320.303050620181
step:3600/3600, q_loss:-1.3522773601666644e-05, rewards:-1.5965275764465332, queue:1.0708333253860474, delay:0.06189008802175522, throughput:2932
episode:90/250, real avg travel time:320.5574924572578
Test step:90/250, travel time :319.1692926583976, rewards:-1.4985185861587524, queue:0.9939236044883728, delay:0.06081869453191757, throughput:2929
New best TEST travel time 319.1693 at episode 90, saved as best checkpoint
step:3600/3600, q_loss:-2.1152779960108025e-05, rewards:-1.6332868337631226, queue:1.0958333015441895, delay:0.0631638839840889, throughput:2933
episode:91/250, real avg travel time:321.4227287965136
step:3600/3600, q_loss:-2.4486385303101052e-05, rewards:-1.6467360258102417, queue:1.1090277433395386, delay:0.0637471079826355, throughput:2932
episode:92/250, real avg travel time:321.4257458933959
step:3600/3600, q_loss:-2.4975509020603365e-05, rewards:-1.57870352268219, queue:1.0572916269302368, delay:0.06006701663136482, throughput:2928
episode:93/250, real avg travel time:320.583640630238
step:3600/3600, q_loss:-2.627360701336767e-05, rewards:-1.5841667652130127, queue:1.0574653148651123, delay:0.06122848019003868, throughput:2932
episode:94/250, real avg travel time:320.6144820650352
step:3600/3600, q_loss:-1.2900976408100513e-05, rewards:-1.543541669845581, queue:1.031076431274414, delay:0.0596337653696537, throughput:2932
episode:95/250, real avg travel time:319.8290311766678
Test step:95/250, travel time :318.8746228628897, rewards:-1.4814351797103882, queue:0.9876736402511597, delay:0.059605326503515244, throughput:2931
New best TEST travel time 318.8746 at episode 95, saved as best checkpoint
step:3600/3600, q_loss:-1.8491675533975163e-05, rewards:-1.559559941291809, queue:1.0449652671813965, delay:0.06049056723713875, throughput:2933
episode:96/250, real avg travel time:320.0918538384177
step:3600/3600, q_loss:-2.5618989106819586e-05, rewards:-1.6225460767745972, queue:1.0901042222976685, delay:0.06318116933107376, throughput:2928
episode:97/250, real avg travel time:321.0010056989608
step:3600/3600, q_loss:-2.57913382180656e-05, rewards:-1.5896528959274292, queue:1.0644097328186035, delay:0.061977777630090714, throughput:2932
episode:98/250, real avg travel time:320.65135769359705
step:3600/3600, q_loss:-2.3903386210332867e-05, rewards:-1.5169676542282104, queue:1.0147569179534912, delay:0.05969730019569397, throughput:2929
episode:99/250, real avg travel time:319.42842775729133
step:3600/3600, q_loss:-3.319755444492869e-05, rewards:-1.5604630708694458, queue:1.0454860925674438, delay:0.060738060623407364, throughput:2932
episode:100/250, real avg travel time:320.0372108615488
Test step:100/250, travel time :318.3942339926249, rewards:-1.4657636880874634, queue:0.981249988079071, delay:0.05991180241107941, throughput:2933
New best TEST travel time 318.3942 at episode 100, saved as best checkpoint
step:3600/3600, q_loss:-2.8488679284540315e-05, rewards:-1.503078579902649, queue:1.0064235925674438, delay:0.05960888788104057, throughput:2931
episode:101/250, real avg travel time:318.9627891384512
step:3600/3600, q_loss:-1.8074041064311233e-05, rewards:-1.5728936195373535, queue:1.0592013597488403, delay:0.0622037872672081, throughput:2931
episode:102/250, real avg travel time:320.10693932282936
step:3600/3600, q_loss:-1.3483857576459369e-05, rewards:-1.583495020866394, queue:1.0708333253860474, delay:0.0622931569814682, throughput:2929
episode:103/250, real avg travel time:320.0281595709018
step:3600/3600, q_loss:-2.814604333791606e-05, rewards:-1.48520827293396, queue:0.9880208373069763, delay:0.05869562178850174, throughput:2932
episode:104/250, real avg travel time:318.9329534026148
step:3600/3600, q_loss:-3.0393859143023964e-05, rewards:-1.5846292972564697, queue:1.0621527433395386, delay:0.06233888864517212, throughput:2933
episode:105/250, real avg travel time:320.2933288635602
Test step:105/250, travel time :317.93597049949716, rewards:-1.4457173347473145, queue:0.9697916507720947, delay:0.05925662815570831, throughput:2933
New best TEST travel time 317.9360 at episode 105, saved as best checkpoint
step:3600/3600, q_loss:-1.960895627875019e-05, rewards:-1.4988194704055786, queue:0.9944444298744202, delay:0.05883793905377388, throughput:2933
episode:106/250, real avg travel time:319.02447200804556
step:3600/3600, q_loss:-3.084402285619742e-05, rewards:-1.501967191696167, queue:1.0048611164093018, delay:0.05898573622107506, throughput:2931
episode:107/250, real avg travel time:319.13677505866576
step:3600/3600, q_loss:-1.140032631896988e-05, rewards:-1.4990508556365967, queue:0.9982638955116272, delay:0.05787121504545212, throughput:2933
episode:108/250, real avg travel time:319.18806570566545
step:3600/3600, q_loss:-2.8011441032436713e-05, rewards:-1.4841898679733276, queue:0.9920138716697693, delay:0.05817032977938652, throughput:2932
episode:109/250, real avg travel time:318.5866577271203
step:3600/3600, q_loss:-1.889815547555271e-05, rewards:-1.4854395389556885, queue:0.9918403029441833, delay:0.05825065076351166, throughput:2932
episode:110/250, real avg travel time:318.8253436138116
Test step:110/250, travel time :317.2608112638284, rewards:-1.3940279483795166, queue:0.9291666746139526, delay:0.05682803690433502, throughput:2932
New best TEST travel time 317.2608 at episode 110, saved as best checkpoint
step:3600/3600, q_loss:-2.927551729414888e-05, rewards:-1.4392359256744385, queue:0.9616319537162781, delay:0.056626029312610626, throughput:2932
episode:111/250, real avg travel time:318.040563191418
step:3600/3600, q_loss:-2.5542783421567745e-05, rewards:-1.4727084636688232, queue:0.9817708134651184, delay:0.05803513899445534, throughput:2931
episode:112/250, real avg travel time:318.63157894736844
step:3600/3600, q_loss:-2.8545496860277597e-05, rewards:-1.4503703117370605, queue:0.9715277552604675, delay:0.057573508471250534, throughput:2932
episode:113/250, real avg travel time:318.0388870264834
step:3600/3600, q_loss:-1.452806194450844e-05, rewards:-1.489583134651184, queue:0.9916666746139526, delay:0.058535076677799225, throughput:2933
episode:114/250, real avg travel time:318.90244720080454
step:3600/3600, q_loss:-1.6165920317655914e-05, rewards:-1.4873608350753784, queue:0.9913194179534912, delay:0.058281801640987396, throughput:2934
episode:115/250, real avg travel time:318.6996312437144
Test step:115/250, travel time :317.3700972175662, rewards:-1.4114348888397217, queue:0.9423611164093018, delay:0.057833436876535416, throughput:2931
step:3600/3600, q_loss:-2.129135386052507e-05, rewards:-1.499583125114441, queue:1.0052083730697632, delay:0.06020475551486015, throughput:2930
episode:116/250, real avg travel time:318.7458933959102
step:3600/3600, q_loss:-2.9731519127919997e-05, rewards:-1.5093286037445068, queue:1.013368010520935, delay:0.05885595083236694, throughput:2931
episode:117/250, real avg travel time:319.0311766677841
step:3600/3600, q_loss:-1.9785566406358997e-05, rewards:-1.4936113357543945, queue:0.9979166388511658, delay:0.05884711071848869, throughput:2933
episode:118/250, real avg travel time:318.8796513576936
step:3600/3600, q_loss:-1.9867355392004052e-05, rewards:-1.4791666269302368, queue:0.9951388835906982, delay:0.05802672356367111, throughput:2933
episode:119/250, real avg travel time:318.7562856185049
step:3600/3600, q_loss:-2.4781062664395132e-05, rewards:-1.4476851224899292, queue:0.9706597328186035, delay:0.05682996287941933, throughput:2934
episode:120/250, real avg travel time:318.04223935635264
Test step:120/250, travel time :316.4924572577942, rewards:-1.3479630947113037, queue:0.8987846970558167, delay:0.05469829589128494, throughput:2933
New best TEST travel time 316.4925 at episode 120, saved as best checkpoint
step:3600/3600, q_loss:-9.018358671002918e-06, rewards:-1.4328701496124268, queue:0.9560763835906982, delay:0.05670803040266037, throughput:2933
episode:121/250, real avg travel time:318.04592691920885
step:3600/3600, q_loss:-2.313360681809071e-05, rewards:-1.480879545211792, queue:0.9888888597488403, delay:0.05874517187476158, throughput:2929
episode:122/250, real avg travel time:318.7100234663091
step:3600/3600, q_loss:-2.4186520453507977e-05, rewards:-1.4694212675094604, queue:0.9819444417953491, delay:0.05754556134343147, throughput:2932
episode:123/250, real avg travel time:318.63995977204155
step:3600/3600, q_loss:-2.4396679536611942e-05, rewards:-1.4462965726852417, queue:0.9638888835906982, delay:0.05776634067296982, throughput:2930
episode:124/250, real avg travel time:318.20650351994635
step:3600/3600, q_loss:-1.644811213568405e-05, rewards:-1.4914813041687012, queue:0.9956597089767456, delay:0.05887822061777115, throughput:2932
episode:125/250, real avg travel time:318.78209855849815
Test step:125/250, travel time :316.2691920885015, rewards:-1.3290972709655762, queue:0.8862847089767456, delay:0.053669556975364685, throughput:2932
New best TEST travel time 316.2692 at episode 125, saved as best checkpoint
step:3600/3600, q_loss:-6.391548581800802e-06, rewards:-1.4454169273376465, queue:0.9699652791023254, delay:0.05710674449801445, throughput:2933
episode:126/250, real avg travel time:318.1833724438485
step:3600/3600, q_loss:-2.5924153332770974e-05, rewards:-1.4612730741500854, queue:0.9756944179534912, delay:0.058201566338539124, throughput:2931
episode:127/250, real avg travel time:318.2856185048609
step:3600/3600, q_loss:-1.7127056532815376e-05, rewards:-1.5443518161773682, queue:1.0394097566604614, delay:0.06098199263215065, throughput:2933
episode:128/250, real avg travel time:319.6221924237345
step:3600/3600, q_loss:-2.3638422782015468e-05, rewards:-1.420601725578308, queue:0.9489583373069763, delay:0.056273821741342545, throughput:2930
episode:129/250, real avg travel time:317.8357358364063
step:3600/3600, q_loss:-2.0986802216308812e-05, rewards:-1.418055772781372, queue:0.9489583373069763, delay:0.05702318996191025, throughput:2934
episode:130/250, real avg travel time:317.75997318136103
Test step:130/250, travel time :316.8538384177003, rewards:-1.3562960624694824, queue:0.9013888835906982, delay:0.05471673607826233, throughput:2931
step:3600/3600, q_loss:-1.947696544919853e-05, rewards:-1.4532407522201538, queue:0.9666666388511658, delay:0.057273272424936295, throughput:2931
episode:131/250, real avg travel time:318.3298692591351
step:3600/3600, q_loss:-2.0730515071018426e-05, rewards:-1.4174072742462158, queue:0.9434027671813965, delay:0.05581975355744362, throughput:2932
episode:132/250, real avg travel time:317.8977539389876
step:3600/3600, q_loss:-2.989799853552271e-05, rewards:-1.41886568069458, queue:0.9447916746139526, delay:0.055635567754507065, throughput:2931
episode:133/250, real avg travel time:317.7502514247402
step:3600/3600, q_loss:-1.860445783542538e-05, rewards:-1.3863657712936401, queue:0.9194444417953491, delay:0.05473438277840614, throughput:2935
episode:134/250, real avg travel time:317.3322158900436
step:3600/3600, q_loss:-1.3560909859801609e-05, rewards:-1.3944674730300903, queue:0.9314236044883728, delay:0.054239802062511444, throughput:2934
episode:135/250, real avg travel time:317.4039557492457
Test step:135/250, travel time :316.2303050620181, rewards:-1.3259259462356567, queue:0.8791666626930237, delay:0.05313870683312416, throughput:2930
New best TEST travel time 316.2303 at episode 135, saved as best checkpoint
step:3600/3600, q_loss:-3.1102672262393215e-05, rewards:-1.4024301767349243, queue:0.9303819537162781, delay:0.054807525128126144, throughput:2931
episode:136/250, real avg travel time:317.5766007375126
step:3600/3600, q_loss:-2.4263305089401975e-05, rewards:-1.3681480884552002, queue:0.9078124761581421, delay:0.053913433104753494, throughput:2933
episode:137/250, real avg travel time:317.1505196111297
step:3600/3600, q_loss:-1.7374647884733147e-05, rewards:-1.40365731716156, queue:0.9329861402511597, delay:0.055694401264190674, throughput:2931
episode:138/250, real avg travel time:317.62185719074756
step:3600/3600, q_loss:-1.733139377190835e-05, rewards:-1.429837942123413, queue:0.9543402791023254, delay:0.05604686588048935, throughput:2931
episode:139/250, real avg travel time:317.93731143144487
step:3600/3600, q_loss:-2.9743491743122123e-05, rewards:-1.399190068244934, queue:0.9319444298744202, delay:0.05371865630149841, throughput:2930
episode:140/250, real avg travel time:317.66443178008717
Test step:140/250, travel time :316.7053302044921, rewards:-1.3464813232421875, queue:0.8921874761581421, delay:0.05317133292555809, throughput:2933
step:3600/3600, q_loss:-1.941801876657539e-05, rewards:-1.3837960958480835, queue:0.9133680462837219, delay:0.05376414582133293, throughput:2930
episode:141/250, real avg travel time:317.17432115320145
step:3600/3600, q_loss:-1.507239778422647e-05, rewards:-1.440972089767456, queue:0.9590277671813965, delay:0.05536557361483574, throughput:2931
episode:142/250, real avg travel time:318.32819309420046
step:3600/3600, q_loss:-1.6717327418047243e-05, rewards:-1.4098610877990723, queue:0.9364583492279053, delay:0.05527755990624428, throughput:2930
episode:143/250, real avg travel time:317.7157224270868
step:3600/3600, q_loss:-1.2305827005076462e-05, rewards:-1.4055324792861938, queue:0.9371528029441833, delay:0.05489528924226761, throughput:2932
episode:144/250, real avg travel time:317.52195776064366
step:3600/3600, q_loss:-1.4433479238370503e-05, rewards:-1.3814120292663574, queue:0.9192708134651184, delay:0.05328056961297989, throughput:2934
episode:145/250, real avg travel time:317.1887361716393
Test step:145/250, travel time :316.1089507207509, rewards:-1.3116897344589233, queue:0.8699652552604675, delay:0.05229174718260765, throughput:2932
New best TEST travel time 316.1090 at episode 145, saved as best checkpoint
step:3600/3600, q_loss:-2.175392701583742e-05, rewards:-1.4266666173934937, queue:0.9501736164093018, delay:0.05624975636601448, throughput:2932
episode:146/250, real avg travel time:317.7361716392893
step:3600/3600, q_loss:-2.462789890597816e-05, rewards:-1.3990509510040283, queue:0.926562488079071, delay:0.05538984760642052, throughput:2932
episode:147/250, real avg travel time:317.4280925243044
step:3600/3600, q_loss:-2.0377108335701956e-05, rewards:-1.3640044927597046, queue:0.9076389074325562, delay:0.05338078737258911, throughput:2933
episode:148/250, real avg travel time:316.8756285618505
step:3600/3600, q_loss:-1.0691281446876626e-05, rewards:-1.3987960815429688, queue:0.9303819537162781, delay:0.05395393446087837, throughput:2931
episode:149/250, real avg travel time:317.4076433121019
step:3600/3600, q_loss:-1.4568318147212266e-05, rewards:-1.3709721565246582, queue:0.9067708253860474, delay:0.054514408111572266, throughput:2931
episode:150/250, real avg travel time:316.86356017432115
Test step:150/250, travel time :316.05263157894734, rewards:-1.3140970468521118, queue:0.8760416507720947, delay:0.05310581997036934, throughput:2932
New best TEST travel time 316.0526 at episode 150, saved as best checkpoint
step:3600/3600, q_loss:-2.3866619772484732e-05, rewards:-1.3552080392837524, queue:0.9020833373069763, delay:0.05381457507610321, throughput:2931
episode:151/250, real avg travel time:316.6449882668455
step:3600/3600, q_loss:-3.61902129413836e-05, rewards:-1.3821526765823364, queue:0.921875, delay:0.054313383996486664, throughput:2933
episode:152/250, real avg travel time:317.3741200134093
step:3600/3600, q_loss:-2.327155584848865e-05, rewards:-1.389305591583252, queue:0.9189236164093018, delay:0.054212845861911774, throughput:2933
episode:153/250, real avg travel time:317.3945692256118
step:3600/3600, q_loss:-2.8371676388714047e-05, rewards:-1.3702313899993896, queue:0.9126735925674438, delay:0.05429176613688469, throughput:2931
episode:154/250, real avg travel time:317.040898424405
step:3600/3600, q_loss:-2.0129668000326664e-05, rewards:-1.3878239393234253, queue:0.9262152910232544, delay:0.054701462388038635, throughput:2931
episode:155/250, real avg travel time:317.2406972846128
Test step:155/250, travel time :315.2899765336909, rewards:-1.2549307346343994, queue:0.8288194537162781, delay:0.05024341866374016, throughput:2933
New best TEST travel time 315.2900 at episode 155, saved as best checkpoint
step:3600/3600, q_loss:-8.043499568615248e-06, rewards:-1.3661574125289917, queue:0.9060763716697693, delay:0.05308472365140915, throughput:2932
episode:156/250, real avg travel time:317.13543412671805
step:3600/3600, q_loss:-1.3083446214699911e-05, rewards:-1.3435876369476318, queue:0.8881944417953491, delay:0.05367686599493027, throughput:2930
episode:157/250, real avg travel time:316.63325511230306
step:3600/3600, q_loss:-2.2541045607929983e-05, rewards:-1.3520832061767578, queue:0.8923611044883728, delay:0.05228034779429436, throughput:2932
episode:158/250, real avg travel time:316.9580958766343
step:3600/3600, q_loss:-1.910277512959308e-05, rewards:-1.3612496852874756, queue:0.9036458134651184, delay:0.05310148745775223, throughput:2932
episode:159/250, real avg travel time:317.1253771371103
step:3600/3600, q_loss:-3.131758701918578e-05, rewards:-1.332870364189148, queue:0.8831596970558167, delay:0.05200979858636856, throughput:2930
episode:160/250, real avg travel time:316.5155883338921
Test step:160/250, travel time :315.77271203486424, rewards:-1.266273021697998, queue:0.8376736044883728, delay:0.049703799188137054, throughput:2932
step:3600/3600, q_loss:-2.287584486313992e-05, rewards:-1.3408331871032715, queue:0.8902778029441833, delay:0.05259404703974724, throughput:2930
episode:161/250, real avg travel time:316.8059001005699
step:3600/3600, q_loss:-1.61547814194044e-05, rewards:-1.3466663360595703, queue:0.8934027552604675, delay:0.052846759557724, throughput:2933
episode:162/250, real avg travel time:316.9282601407979
step:3600/3600, q_loss:-2.485368965642044e-05, rewards:-1.3467822074890137, queue:0.8932291865348816, delay:0.052187077701091766, throughput:2933
episode:163/250, real avg travel time:316.92155548105933
step:3600/3600, q_loss:-1.3782818051468995e-05, rewards:-1.3584954738616943, queue:0.901562511920929, delay:0.053019601851701736, throughput:2930
episode:164/250, real avg travel time:317.20851491786794
step:3600/3600, q_loss:-1.2642574815631464e-05, rewards:-1.3426388502120972, queue:0.886805534362793, delay:0.052419111132621765, throughput:2931
episode:165/250, real avg travel time:316.9604425075427
Test step:165/250, travel time :316.13643982567885, rewards:-1.2937729358673096, queue:0.8545138835906982, delay:0.05139360576868057, throughput:2931
step:3600/3600, q_loss:-2.889620319129554e-05, rewards:-1.3287960290908813, queue:0.8795138597488403, delay:0.052125051617622375, throughput:2931
episode:166/250, real avg travel time:316.68286959436807
step:3600/3600, q_loss:-2.5109490282678357e-05, rewards:-1.3377083539962769, queue:0.8840277791023254, delay:0.05312086641788483, throughput:2930
episode:167/250, real avg travel time:316.6657727120349
step:3600/3600, q_loss:-2.7632080471246605e-05, rewards:-1.3444905281066895, queue:0.8914930820465088, delay:0.05171224847435951, throughput:2932
episode:168/250, real avg travel time:316.7814280925243
step:3600/3600, q_loss:-2.2729094618827932e-05, rewards:-1.3471064567565918, queue:0.887499988079071, delay:0.05181897431612015, throughput:2932
episode:169/250, real avg travel time:317.1096211867248
step:3600/3600, q_loss:-1.7463246412161324e-05, rewards:-1.3313888311386108, queue:0.8782986402511597, delay:0.052780088037252426, throughput:2932
episode:170/250, real avg travel time:316.6895742541066
Test step:170/250, travel time :315.22963459604426, rewards:-1.2340278625488281, queue:0.8112847208976746, delay:0.04915537312626839, throughput:2932
New best TEST travel time 315.2296 at episode 170, saved as best checkpoint
step:3600/3600, q_loss:-2.3793717910949554e-05, rewards:-1.3226155042648315, queue:0.8751736283302307, delay:0.0518278032541275, throughput:2932
episode:171/250, real avg travel time:316.57995306738184
step:3600/3600, q_loss:-2.597469709278947e-05, rewards:-1.358101725578308, queue:0.8994791507720947, delay:0.053091246634721756, throughput:2934
episode:172/250, real avg travel time:317.1461615822997
step:3600/3600, q_loss:-1.99129801735075e-05, rewards:-1.3541433811187744, queue:0.9006944298744202, delay:0.053897131234407425, throughput:2931
episode:173/250, real avg travel time:316.86490110626886
step:3600/3600, q_loss:-1.2737365129093329e-05, rewards:-1.3290506601333618, queue:0.8763889074325562, delay:0.05210673063993454, throughput:2930
episode:174/250, real avg travel time:316.66141468320484
step:3600/3600, q_loss:-1.1521070566097343e-05, rewards:-1.368009090423584, queue:0.9123263955116272, delay:0.054460566490888596, throughput:2933
episode:175/250, real avg travel time:317.1525310090513
Test step:175/250, travel time :315.6463291987932, rewards:-1.274606466293335, queue:0.8409722447395325, delay:0.051725611090660095, throughput:2932
step:3600/3600, q_loss:-1.6682594798988214e-05, rewards:-1.338101863861084, queue:0.8843749761581421, delay:0.05384983867406845, throughput:2933
episode:176/250, real avg travel time:316.64331210191085
step:3600/3600, q_loss:-2.4873578567402785e-05, rewards:-1.3003239631652832, queue:0.863194465637207, delay:0.0529157780110836, throughput:2934
episode:177/250, real avg travel time:315.95574924572577
step:3600/3600, q_loss:-2.9639064235164333e-05, rewards:-1.3093518018722534, queue:0.8701388835906982, delay:0.051539983600378036, throughput:2934
episode:178/250, real avg travel time:316.28662420382165
step:3600/3600, q_loss:-2.5847124871452925e-05, rewards:-1.3192821741104126, queue:0.875, delay:0.051908817142248154, throughput:2932
episode:179/250, real avg travel time:316.4042909822326
step:3600/3600, q_loss:-2.851338164570431e-05, rewards:-1.353217363357544, queue:0.8975694179534912, delay:0.05303036421537399, throughput:2932
episode:180/250, real avg travel time:316.8575259805565
Test step:180/250, travel time :315.0797854508884, rewards:-1.2311570644378662, queue:0.808680534362793, delay:0.048648472875356674, throughput:2931
New best TEST travel time 315.0798 at episode 180, saved as best checkpoint
step:3600/3600, q_loss:-2.6483291811827158e-05, rewards:-1.3399536609649658, queue:0.8887152671813965, delay:0.05175841599702835, throughput:2932
episode:181/250, real avg travel time:316.93462956754945
step:3600/3600, q_loss:-2.492431365815854e-05, rewards:-1.3261805772781372, queue:0.8736110925674438, delay:0.05086647719144821, throughput:2931
episode:182/250, real avg travel time:316.6845457593027
step:3600/3600, q_loss:-2.1612072574768077e-05, rewards:-1.3571758270263672, queue:0.8993055820465088, delay:0.05258876830339432, throughput:2934
episode:183/250, real avg travel time:316.96580623533356
step:3600/3600, q_loss:-2.36896519911372e-05, rewards:-1.3720600605010986, queue:0.9074652791023254, delay:0.05362766981124878, throughput:2934
episode:184/250, real avg travel time:317.28796513576935
step:3600/3600, q_loss:-1.884647095317228e-05, rewards:-1.3325695991516113, queue:0.8819444179534912, delay:0.052105989307165146, throughput:2931
episode:185/250, real avg travel time:316.6221924237345
Test step:185/250, travel time :315.5923566878981, rewards:-1.2688655853271484, queue:0.8357638716697693, delay:0.050521306693553925, throughput:2932
step:3600/3600, q_loss:-2.4196800573177084e-05, rewards:-1.3394676446914673, queue:0.8828125, delay:0.051888976246118546, throughput:2932
episode:186/250, real avg travel time:316.7666778410996
step:3600/3600, q_loss:-5.110586493241566e-06, rewards:-1.309837818145752, queue:0.8708333373069763, delay:0.051140207797288895, throughput:2933
episode:187/250, real avg travel time:316.2936640965471
step:3600/3600, q_loss:-2.587638176649947e-05, rewards:-1.32594895362854, queue:0.8774305582046509, delay:0.051038943231105804, throughput:2932
episode:188/250, real avg travel time:316.416359369762
step:3600/3600, q_loss:-3.2168793216071746e-05, rewards:-1.340740442276001, queue:0.8873263597488403, delay:0.05226338282227516, throughput:2934
episode:189/250, real avg travel time:316.91317465638616
step:3600/3600, q_loss:-1.576579331109921e-05, rewards:-1.3465973138809204, queue:0.8935763835906982, delay:0.051864638924598694, throughput:2931
episode:190/250, real avg travel time:316.8561850486088
Test step:190/250, travel time :315.92323164599395, rewards:-1.284536600112915, queue:0.8489583134651184, delay:0.050448957830667496, throughput:2933
step:3600/3600, q_loss:-2.3442205511619922e-05, rewards:-1.3765276670455933, queue:0.9140625, delay:0.053128380328416824, throughput:2931
episode:191/250, real avg travel time:317.1930942004693
step:3600/3600, q_loss:-2.259745109498639e-05, rewards:-1.3831944465637207, queue:0.9175347089767456, delay:0.05362097918987274, throughput:2933
episode:192/250, real avg travel time:317.4555816292323
step:3600/3600, q_loss:-1.1355932090534932e-05, rewards:-1.3693979978561401, queue:0.9083333611488342, delay:0.053220536559820175, throughput:2933
episode:193/250, real avg travel time:317.3466309084814
step:3600/3600, q_loss:-2.633619932802739e-05, rewards:-1.3720370531082153, queue:0.9067708253860474, delay:0.05291042849421501, throughput:2931
episode:194/250, real avg travel time:317.36976198457927
step:3600/3600, q_loss:-2.4025961303979986e-05, rewards:-1.3849997520446777, queue:0.9065971970558167, delay:0.05240369960665703, throughput:2931
episode:195/250, real avg travel time:317.74086490110625
Test step:195/250, travel time :315.09420046932615, rewards:-1.2407406568527222, queue:0.8144097328186035, delay:0.04874743893742561, throughput:2931
step:3600/3600, q_loss:-1.9761994136152444e-05, rewards:-1.32953679561615, queue:0.8760416507720947, delay:0.05164178088307381, throughput:2930
episode:196/250, real avg travel time:316.61247066711366
step:3600/3600, q_loss:-1.5801865460903003e-05, rewards:-1.3628934621810913, queue:0.9008680582046509, delay:0.05216057971119881, throughput:2933
episode:197/250, real avg travel time:317.26751592356686
step:3600/3600, q_loss:-2.1376223863895845e-05, rewards:-1.3730785846710205, queue:0.9098958373069763, delay:0.05247335508465767, throughput:2934
episode:198/250, real avg travel time:317.5393898759638
step:3600/3600, q_loss:-1.6151312458397892e-05, rewards:-1.3234952688217163, queue:0.8725694417953491, delay:0.05098528787493706, throughput:2933
episode:199/250, real avg travel time:316.61213543412674
step:3600/3600, q_loss:-2.1529564508926813e-05, rewards:-1.3609720468521118, queue:0.8994791507720947, delay:0.052282512187957764, throughput:2933
episode:200/250, real avg travel time:317.1203486423064
Test step:200/250, travel time :316.0311766677841, rewards:-1.2907637357711792, queue:0.8524305820465088, delay:0.04973054304718971, throughput:2931
step:3600/3600, q_loss:6.411070461143498e-07, rewards:-1.3155092000961304, queue:0.8673611283302307, delay:0.051080599427223206, throughput:2933
episode:201/250, real avg travel time:316.41602413677504
step:3600/3600, q_loss:-1.250535521345834e-05, rewards:-1.345323920249939, queue:0.8843749761581421, delay:0.05137402564287186, throughput:2930
episode:202/250, real avg travel time:317.0489440160912
step:3600/3600, q_loss:-1.7082577040936383e-05, rewards:-1.3485417366027832, queue:0.8932291865348816, delay:0.05133577436208725, throughput:2931
episode:203/250, real avg travel time:316.88032182366743
step:3600/3600, q_loss:-2.3318050026083017e-05, rewards:-1.3441896438598633, queue:0.886631965637207, delay:0.0522674135863781, throughput:2932
episode:204/250, real avg travel time:316.95776064364736
step:3600/3600, q_loss:-1.300072493635256e-05, rewards:-1.330138921737671, queue:0.8732638955116272, delay:0.05095639079809189, throughput:2932
episode:205/250, real avg travel time:316.81964465303383
Test step:205/250, travel time :315.40864901106266, rewards:-1.2333101034164429, queue:0.8041666746139526, delay:0.048421140760183334, throughput:2933
step:3600/3600, q_loss:-2.337878179753682e-05, rewards:-1.3075002431869507, queue:0.8645833134651184, delay:0.05000457912683487, throughput:2932
episode:206/250, real avg travel time:316.46999664767014
step:3600/3600, q_loss:-2.861559925669873e-05, rewards:-1.3311806917190552, queue:0.8732638955116272, delay:0.05056155472993851, throughput:2932
episode:207/250, real avg travel time:316.99798860207846
step:3600/3600, q_loss:-2.6920816270393075e-05, rewards:-1.3325227499008179, queue:0.8690972328186035, delay:0.05058233439922333, throughput:2932
episode:208/250, real avg travel time:316.85417365068724
step:3600/3600, q_loss:-2.2084590077779635e-05, rewards:-1.3714582920074463, queue:0.901562511920929, delay:0.05072076991200447, throughput:2932
episode:209/250, real avg travel time:317.7090177673483
step:3600/3600, q_loss:-1.177737743731726e-05, rewards:-1.3556945323944092, queue:0.8970485925674438, delay:0.05148479714989662, throughput:2935
episode:210/250, real avg travel time:317.1914180355347
Test step:210/250, travel time :315.6429768689239, rewards:-1.254791498184204, queue:0.8204861283302307, delay:0.04864992946386337, throughput:2933
step:3600/3600, q_loss:-2.420901372614834e-05, rewards:-1.3468981981277466, queue:0.8847222328186035, delay:0.050900649279356, throughput:2932
episode:211/250, real avg travel time:317.063359034529
step:3600/3600, q_loss:-2.228685210596908e-05, rewards:-1.3199998140335083, queue:0.8663194179534912, delay:0.050467852503061295, throughput:2933
episode:212/250, real avg travel time:316.7378478042239
step:3600/3600, q_loss:-1.543160706879226e-05, rewards:-1.3460649251937866, queue:0.8852430582046509, delay:0.051805008202791214, throughput:2931
episode:213/250, real avg travel time:317.1019108280255
step:3600/3600, q_loss:-2.9723088826156323e-05, rewards:-1.346735954284668, queue:0.8831596970558167, delay:0.05125238001346588, throughput:2933
episode:214/250, real avg travel time:317.09252430439153
step:3600/3600, q_loss:-2.778258985253396e-05, rewards:-1.2900924682617188, queue:0.8460069298744202, delay:0.049481794238090515, throughput:2935
episode:215/250, real avg travel time:316.0687227623198
Test step:215/250, travel time :315.4891049279249, rewards:-1.2479859590530396, queue:0.8109375238418579, delay:0.04831665754318237, throughput:2934
step:3600/3600, q_loss:-2.536862496829902e-05, rewards:-1.3093054294586182, queue:0.8590278029441833, delay:0.050008609890937805, throughput:2933
episode:216/250, real avg travel time:316.3442842775729
step:3600/3600, q_loss:-9.910159321777798e-06, rewards:-1.3069908618927002, queue:0.8581597208976746, delay:0.05055208131670952, throughput:2932
episode:217/250, real avg travel time:316.37981897418706
step:3600/3600, q_loss:-1.9209576270508545e-05, rewards:-1.2977311611175537, queue:0.8491319417953491, delay:0.05053103715181351, throughput:2934
episode:218/250, real avg travel time:316.17499161917533
step:3600/3600, q_loss:-1.2470771455102496e-05, rewards:-1.3238656520843506, queue:0.8701388835906982, delay:0.05174320191144943, throughput:2932
episode:219/250, real avg travel time:316.3818303721086
step:3600/3600, q_loss:-1.1315519805066287e-05, rewards:-1.2985879182815552, queue:0.8501735925674438, delay:0.05066685751080513, throughput:2933
episode:220/250, real avg travel time:316.117666778411
Test step:220/250, travel time :315.7576265504526, rewards:-1.266527771949768, queue:0.8298611044883728, delay:0.04993068799376488, throughput:2932
step:3600/3600, q_loss:-2.2188762819428963e-05, rewards:-1.3281946182250977, queue:0.8758680820465088, delay:0.05125910043716431, throughput:2932
episode:221/250, real avg travel time:316.8266845457593
step:3600/3600, q_loss:-1.4106244499864126e-05, rewards:-1.3005785942077637, queue:0.855555534362793, delay:0.050810687243938446, throughput:2931
episode:222/250, real avg travel time:316.19611129735165
step:3600/3600, q_loss:-1.7592406247449282e-05, rewards:-1.3204858303070068, queue:0.8696180582046509, delay:0.05233518406748772, throughput:2930
episode:223/250, real avg travel time:316.68387529332887
step:3600/3600, q_loss:-1.896463902624048e-05, rewards:-1.3562732934951782, queue:0.8980903029441833, delay:0.05240262299776077, throughput:2932
episode:224/250, real avg travel time:317.2822661749916
step:3600/3600, q_loss:-1.4429626322385889e-05, rewards:-1.300601840019226, queue:0.8545138835906982, delay:0.050542645156383514, throughput:2934
episode:225/250, real avg travel time:316.4384847468991
Test step:225/250, travel time :315.7978545088837, rewards:-1.2752546072006226, queue:0.8371527791023254, delay:0.05060034245252609, throughput:2934
step:3600/3600, q_loss:-2.456007145897106e-05, rewards:-1.3267823457717896, queue:0.8741319179534912, delay:0.051601652055978775, throughput:2933
episode:226/250, real avg travel time:316.55950385517934
step:3600/3600, q_loss:-1.3573808677460033e-05, rewards:-1.3434028625488281, queue:0.8895833492279053, delay:0.05268631875514984, throughput:2930
episode:227/250, real avg travel time:316.94770365403957
step:3600/3600, q_loss:-2.435513198617156e-05, rewards:-1.335347294807434, queue:0.8810763955116272, delay:0.052765730768442154, throughput:2933
episode:228/250, real avg travel time:316.8266845457593
step:3600/3600, q_loss:-1.943841063486481e-05, rewards:-1.3387500047683716, queue:0.8822916746139526, delay:0.052765797823667526, throughput:2932
episode:229/250, real avg travel time:316.7140462621522
step:3600/3600, q_loss:-1.013687341818931e-05, rewards:-1.3437728881835938, queue:0.8894097208976746, delay:0.05237160250544548, throughput:2931
episode:230/250, real avg travel time:316.959436808582
Test step:230/250, travel time :316.07945021790147, rewards:-1.2864121198654175, queue:0.8491319417953491, delay:0.051032643765211105, throughput:2932
step:3600/3600, q_loss:-1.756286246408881e-05, rewards:-1.3339120149612427, queue:0.8795138597488403, delay:0.052916981279850006, throughput:2933
episode:231/250, real avg travel time:316.746563861884
step:3600/3600, q_loss:-2.188043770190604e-05, rewards:-1.3532869815826416, queue:0.8972222208976746, delay:0.052740614861249924, throughput:2931
episode:232/250, real avg travel time:317.0395574924573
step:3600/3600, q_loss:-1.8064008866160832e-05, rewards:-1.3667360544204712, queue:0.9048610925674438, delay:0.05304079130291939, throughput:2931
episode:233/250, real avg travel time:317.08850150854846
step:3600/3600, q_loss:-1.4175708875646471e-05, rewards:-1.3315043449401855, queue:0.8815972208976746, delay:0.052028633654117584, throughput:2931
episode:234/250, real avg travel time:316.5873281930942
step:3600/3600, q_loss:-2.4574650861150415e-05, rewards:-1.3322917222976685, queue:0.8732638955116272, delay:0.051704343408346176, throughput:2932
episode:235/250, real avg travel time:316.66946027489104
Test step:235/250, travel time :316.0509554140127, rewards:-1.29770827293396, queue:0.8527777791023254, delay:0.05091235786676407, throughput:2934
step:3600/3600, q_loss:-1.7368201871350823e-05, rewards:-1.3220371007919312, queue:0.8717013597488403, delay:0.05180548131465912, throughput:2933
episode:236/250, real avg travel time:316.4629567549447
step:3600/3600, q_loss:-1.634200560618882e-05, rewards:-1.3209255933761597, queue:0.8725694417953491, delay:0.05099602788686752, throughput:2930
episode:237/250, real avg travel time:316.33791485082133
step:3600/3600, q_loss:-1.1851857157631053e-05, rewards:-1.3746527433395386, queue:0.9067708253860474, delay:0.052392568439245224, throughput:2934
episode:238/250, real avg travel time:317.4371438149514
step:3600/3600, q_loss:-2.356836727509896e-05, rewards:-1.352708101272583, queue:0.8885416388511658, delay:0.05185316875576973, throughput:2932
episode:239/250, real avg travel time:317.08380824673145
step:3600/3600, q_loss:-2.1011768236618352e-05, rewards:-1.3543981313705444, queue:0.8923611044883728, delay:0.05184708535671234, throughput:2929
episode:240/250, real avg travel time:317.1532014750251
Test step:240/250, travel time :315.95541401273886, rewards:-1.28317129611969, queue:0.8439236283302307, delay:0.050285544246435165, throughput:2932
step:3600/3600, q_loss:-2.4143354676198214e-05, rewards:-1.3071757555007935, queue:0.8586805462837219, delay:0.051427122205495834, throughput:2930
episode:241/250, real avg travel time:316.29433456252093
step:3600/3600, q_loss:-2.946705132705608e-05, rewards:-1.3481945991516113, queue:0.8876736164093018, delay:0.05250939354300499, throughput:2934
episode:242/250, real avg travel time:317.1025812939993
step:3600/3600, q_loss:-1.8494407898591212e-05, rewards:-1.3387268781661987, queue:0.8835069537162781, delay:0.05174010992050171, throughput:2932
episode:243/250, real avg travel time:316.83640630238017
step:3600/3600, q_loss:-2.202834423062288e-05, rewards:-1.3902082443237305, queue:0.9177083373069763, delay:0.05238243564963341, throughput:2932
episode:244/250, real avg travel time:317.8967482400268
step:3600/3600, q_loss:-1.6394265953244435e-05, rewards:-1.3503704071044922, queue:0.8914930820465088, delay:0.051739998161792755, throughput:2933
episode:245/250, real avg travel time:317.13643982567885
Test step:245/250, travel time :315.64867582970163, rewards:-1.2561110258102417, queue:0.8177083134651184, delay:0.04925684258341789, throughput:2932
step:3600/3600, q_loss:-1.6444037815004035e-05, rewards:-1.3171062469482422, queue:0.8654513955116272, delay:0.04961911961436272, throughput:2929
episode:246/250, real avg travel time:316.6148172980221
step:3600/3600, q_loss:-1.6787153651454933e-05, rewards:-1.3261570930480957, queue:0.8704861402511597, delay:0.05109914019703865, throughput:2931
episode:247/250, real avg travel time:316.52061682869595
step:3600/3600, q_loss:-2.1340702099863578e-05, rewards:-1.375, queue:0.9074652791023254, delay:0.05249562859535217, throughput:2933
episode:248/250, real avg travel time:317.6573918873617
step:3600/3600, q_loss:-2.1853151243973385e-05, rewards:-1.3257174491882324, queue:0.8746528029441833, delay:0.05126449838280678, throughput:2934
episode:249/250, real avg travel time:316.6252095206168
Hyperparameters saved to: data/output_data/tsc/cityflow_hyperlight_mappo/cityflow4x4/c8g64hh256_4x4_seed0/hyperparameters.json
Loaded best checkpoint for final evaluation
Final Travel Time is 315.0798, mean rewards: -1.2312, queue: 0.8087, delay: 0.0486, throughput: 2931
Total time taken: 16808.694521188736
