structural conditioning spec: structural_v1:in_lane_count,out_lane_count,in_degree,out_degree,node_degree,neighbor_count,phase_count,startlane_count,lanes_per_in_road,lanes_per_out_road,out_in_lane_ratio,controlled_neighbor_ratio
structural features (min/mean/max): in_lane_count[12/12.00/12] out_lane_count[12/12.00/12] in_degree[4/4.00/4] out_degree[4/4.00/4] node_degree[8/8.00/8] neighbor_count[2/3.21/4] phase_count[8/8.00/8] startlane_count[12/12.00/12] lanes_per_in_road[3/3.00/3] lanes_per_out_road[3/3.00/3] out_in_lane_ratio[1/1.00/1] controlled_neighbor_ratio[0.5/0.80/1]
step:3600/3600, q_loss:0.0021657769614255723, rewards:-68.42601776123047, queue:17.118865966796875, delay:0.13133683800697327, throughput:1642
episode:0/250, real avg travel time:1334.0555949008499
Test step:0/250, travel time :1748.620042492918, rewards:-87.4659194946289, queue:21.913484573364258, delay:0.1397598534822464, throughput:859
New best TEST travel time 1748.6200 at episode 0, saved as best checkpoint
step:3600/3600, q_loss:0.0021566244635593005, rewards:-68.46833038330078, queue:17.133275985717773, delay:0.13254790008068085, throughput:1604
episode:1/250, real avg travel time:1346.1165014164305
step:3600/3600, q_loss:0.001991175639408606, rewards:-66.94558715820312, queue:16.751157760620117, delay:0.13538524508476257, throughput:1665
episode:2/250, real avg travel time:1328.5867563739378
step:3600/3600, q_loss:0.0019307833992772633, rewards:-67.0741195678711, queue:16.78061294555664, delay:0.13093289732933044, throughput:1662
episode:3/250, real avg travel time:1310.6774079320114
step:3600/3600, q_loss:0.0018738149009920931, rewards:-67.21089935302734, queue:16.81400489807129, delay:0.13393080234527588, throughput:1662
episode:4/250, real avg travel time:1320.5871104815865
step:3600/3600, q_loss:0.001790524483370928, rewards:-66.85909271240234, queue:16.725290298461914, delay:0.1324460506439209, throughput:1636
episode:5/250, real avg travel time:1317.1589943342776
Test step:5/250, travel time :1773.412181303116, rewards:-95.00362396240234, queue:23.802892684936523, delay:0.1341760754585266, throughput:588
step:3600/3600, q_loss:0.0016931282264398939, rewards:-66.55531311035156, queue:16.65277862548828, delay:0.13454702496528625, throughput:1710
episode:6/250, real avg travel time:1303.0031869688385
step:3600/3600, q_loss:0.0015614763431159066, rewards:-65.80027770996094, queue:16.46267318725586, delay:0.13252882659435272, throughput:1688
episode:7/250, real avg travel time:1293.9217422096317
step:3600/3600, q_loss:0.0014541070540378123, rewards:-65.8624267578125, queue:16.475231170654297, delay:0.12990500032901764, throughput:1674
episode:8/250, real avg travel time:1282.0715297450424
step:3600/3600, q_loss:0.0013231261311397876, rewards:-64.91551971435547, queue:16.23761558532715, delay:0.13193735480308533, throughput:1662
episode:9/250, real avg travel time:1272.4752124645893
step:3600/3600, q_loss:0.001286524003026662, rewards:-64.55745697021484, queue:16.15092658996582, delay:0.1324775516986847, throughput:1676
episode:10/250, real avg travel time:1265.667492917847
Test step:10/250, travel time :1565.7482294617564, rewards:-85.60819244384766, queue:21.44976806640625, delay:0.12745429575443268, throughput:745
New best TEST travel time 1565.7482 at episode 10, saved as best checkpoint
step:3600/3600, q_loss:0.0011232229386582786, rewards:-61.47846603393555, queue:15.376041412353516, delay:0.12983034551143646, throughput:1736
episode:11/250, real avg travel time:1224.5839235127478
step:3600/3600, q_loss:0.0010384811076944993, rewards:-59.02581787109375, queue:14.76203727722168, delay:0.129489928483963, throughput:1771
episode:12/250, real avg travel time:1182.4224504249291
step:3600/3600, q_loss:0.0010185440116918382, rewards:-62.45878982543945, queue:15.620948791503906, delay:0.13100481033325195, throughput:1691
episode:13/250, real avg travel time:1242.1979461756373
step:3600/3600, q_loss:0.0009118405849109461, rewards:-62.71831130981445, queue:15.687211036682129, delay:0.1304689645767212, throughput:1739
episode:14/250, real avg travel time:1223.7804532577904
step:3600/3600, q_loss:0.0009467893475551665, rewards:-62.89871597290039, queue:15.734895706176758, delay:0.13051170110702515, throughput:1670
episode:15/250, real avg travel time:1230.2471671388103
Test step:15/250, travel time :1683.6968838526911, rewards:-91.15403747558594, queue:22.837209701538086, delay:0.13000015914440155, throughput:572
step:3600/3600, q_loss:0.0009807377915691446, rewards:-62.05598831176758, queue:15.524073600769043, delay:0.1318821907043457, throughput:1727
episode:16/250, real avg travel time:1218.6724504249291
step:3600/3600, q_loss:0.0007791691344737271, rewards:-61.13946533203125, queue:15.294270515441895, delay:0.13043741881847382, throughput:1805
episode:17/250, real avg travel time:1189.7354815864023
step:3600/3600, q_loss:0.0007123804030319055, rewards:-61.502723693847656, queue:15.382001876831055, delay:0.13510964810848236, throughput:1754
episode:18/250, real avg travel time:1207.1285410764872
step:3600/3600, q_loss:0.000724393861759224, rewards:-57.16191482543945, queue:14.291203498840332, delay:0.13002409040927887, throughput:1816
episode:19/250, real avg travel time:1130.1370396600566
step:3600/3600, q_loss:0.0006806907255524471, rewards:-58.063377380371094, queue:14.517013549804688, delay:0.13069817423820496, throughput:1802
episode:20/250, real avg travel time:1161.9787535410765
Test step:20/250, travel time :1683.1685552407932, rewards:-89.60112762451172, queue:22.448205947875977, delay:0.11577282100915909, throughput:545
step:3600/3600, q_loss:0.0007095951471983651, rewards:-61.301876068115234, queue:15.33142375946045, delay:0.13118568062782288, throughput:1765
episode:21/250, real avg travel time:1201.291430594901
step:3600/3600, q_loss:0.0006703045184689539, rewards:-61.79646301269531, queue:15.455382347106934, delay:0.128944993019104, throughput:1748
episode:22/250, real avg travel time:1207.4348441926345
step:3600/3600, q_loss:0.0006624685669386828, rewards:-57.714290618896484, queue:14.432522773742676, delay:0.12842951714992523, throughput:1789
episode:23/250, real avg travel time:1138.1409348441925
step:3600/3600, q_loss:0.0007205090152076733, rewards:-59.54872512817383, queue:14.894097328186035, delay:0.12799473106861115, throughput:1777
episode:24/250, real avg travel time:1171.2535410764872
step:3600/3600, q_loss:0.0006608302475033719, rewards:-57.511436462402344, queue:14.38611125946045, delay:0.1267470419406891, throughput:1839
episode:25/250, real avg travel time:1118.6437677053825
Test step:25/250, travel time :1481.985835694051, rewards:-81.47476196289062, queue:20.41927146911621, delay:0.11176282912492752, throughput:992
New best TEST travel time 1481.9858 at episode 25, saved as best checkpoint
step:3600/3600, q_loss:0.000643053205890788, rewards:-57.30135726928711, queue:14.333911895751953, delay:0.12789712846279144, throughput:1829
episode:26/250, real avg travel time:1114.685552407932
step:3600/3600, q_loss:0.0007300050630245679, rewards:-52.92414093017578, queue:13.231596946716309, delay:0.12473560124635696, throughput:1869
episode:27/250, real avg travel time:1049.8098441926345
step:3600/3600, q_loss:0.0006764628395530177, rewards:-55.75352478027344, queue:13.941145896911621, delay:0.12849394977092743, throughput:1825
episode:28/250, real avg travel time:1091.4100566572238
step:3600/3600, q_loss:0.0006112616388472143, rewards:-54.44911193847656, queue:13.616146087646484, delay:0.13009175658226013, throughput:1871
episode:29/250, real avg travel time:1065.1922804532578
step:3600/3600, q_loss:0.0007771106931254452, rewards:-52.729740142822266, queue:13.17795181274414, delay:0.1225660964846611, throughput:1886
episode:30/250, real avg travel time:1022.0701133144476
Test step:30/250, travel time :1702.4036827195469, rewards:-91.36505889892578, queue:22.890161514282227, delay:0.1296314299106598, throughput:525
step:3600/3600, q_loss:0.0006390968061707638, rewards:-56.0131721496582, queue:14.007638931274414, delay:0.12824201583862305, throughput:1825
episode:31/250, real avg travel time:1106.287181303116
step:3600/3600, q_loss:0.0006959289979235626, rewards:-58.629844665527344, queue:14.664409637451172, delay:0.12737396359443665, throughput:1784
episode:32/250, real avg travel time:1149.2046742209632
step:3600/3600, q_loss:0.0006807825769539233, rewards:-59.89999008178711, queue:14.983043670654297, delay:0.1290457546710968, throughput:1749
episode:33/250, real avg travel time:1171.2029036827196
step:3600/3600, q_loss:0.0006674855763529554, rewards:-55.96870040893555, queue:13.997974395751953, delay:0.12648162245750427, throughput:1828
episode:34/250, real avg travel time:1117.9050991501417
step:3600/3600, q_loss:0.000650176701400383, rewards:-55.30224609375, queue:13.828413963317871, delay:0.12952971458435059, throughput:1818
episode:35/250, real avg travel time:1101.234773371105
Test step:35/250, travel time :1696.1848441926345, rewards:-94.11310577392578, queue:23.5792236328125, delay:0.14127400517463684, throughput:581
step:3600/3600, q_loss:0.0006974682947735727, rewards:-58.62958908081055, queue:14.664873123168945, delay:0.12904945015907288, throughput:1759
episode:36/250, real avg travel time:1167.7223796033995
step:3600/3600, q_loss:0.0007475880147130401, rewards:-57.096099853515625, queue:14.273322105407715, delay:0.1282527595758438, throughput:1827
episode:37/250, real avg travel time:1136.3356940509916
step:3600/3600, q_loss:0.0007200607397582061, rewards:-57.58820343017578, queue:14.401215553283691, delay:0.12766095995903015, throughput:1803
episode:38/250, real avg travel time:1146.5272662889518
step:3600/3600, q_loss:0.0007321503898703758, rewards:-59.160091400146484, queue:14.798784255981445, delay:0.12835398316383362, throughput:1745
episode:39/250, real avg travel time:1173.7733711048159
step:3600/3600, q_loss:0.0007449807403724135, rewards:-58.15581130981445, queue:14.542593002319336, delay:0.12940828502178192, throughput:1807
episode:40/250, real avg travel time:1153.1905099150142
Test step:40/250, travel time :1696.4068696883853, rewards:-94.08052062988281, queue:23.5703125, delay:0.14118675887584686, throughput:578
step:3600/3600, q_loss:0.0007480810775800988, rewards:-61.09524154663086, queue:15.279803276062012, delay:0.1332857608795166, throughput:1769
episode:41/250, real avg travel time:1196.9635269121814
step:3600/3600, q_loss:0.0007443558539689323, rewards:-58.577640533447266, queue:14.651678085327148, delay:0.13299396634101868, throughput:1803
episode:42/250, real avg travel time:1152.21388101983
step:3600/3600, q_loss:0.0006931103202571839, rewards:-57.93252944946289, queue:14.49045181274414, delay:0.13563598692417145, throughput:1850
episode:43/250, real avg travel time:1158.1281869688385
step:3600/3600, q_loss:0.0008210083584726592, rewards:-58.26993179321289, queue:14.569965362548828, delay:0.1308998465538025, throughput:1819
episode:44/250, real avg travel time:1166.7815155807366
step:3600/3600, q_loss:0.0007891033569143878, rewards:-61.37367630004883, queue:15.34982681274414, delay:0.1314079314470291, throughput:1714
episode:45/250, real avg travel time:1208.1820113314448
Test step:45/250, travel time :1697.0230169971671, rewards:-94.08810424804688, queue:23.57291603088379, delay:0.14204704761505127, throughput:572
step:3600/3600, q_loss:0.0007426989598222721, rewards:-60.66532516479492, queue:15.174074172973633, delay:0.13183729350566864, throughput:1696
episode:46/250, real avg travel time:1185.46388101983
step:3600/3600, q_loss:0.0008672308855126669, rewards:-56.46937942504883, queue:14.121817588806152, delay:0.13011616468429565, throughput:1832
episode:47/250, real avg travel time:1140.0754249291786
step:3600/3600, q_loss:0.0007951973247583266, rewards:-60.31868362426758, queue:15.084259033203125, delay:0.13175182044506073, throughput:1749
episode:48/250, real avg travel time:1187.9769830028329
step:3600/3600, q_loss:0.0008332266000869834, rewards:-57.52095413208008, queue:14.383912086486816, delay:0.12596717476844788, throughput:1788
episode:49/250, real avg travel time:1149.2248583569406
step:3600/3600, q_loss:0.0007246497673568902, rewards:-58.091732025146484, queue:14.528124809265137, delay:0.12719902396202087, throughput:1826
episode:50/250, real avg travel time:1151.9157223796035
Test step:50/250, travel time :1549.3796033994333, rewards:-85.60464477539062, queue:21.43912124633789, delay:0.1637851893901825, throughput:1384
step:3600/3600, q_loss:0.0009558428550300039, rewards:-59.16035079956055, queue:14.793923377990723, delay:0.1270524263381958, throughput:1779
episode:51/250, real avg travel time:1166.4978753541077
step:3600/3600, q_loss:0.0010011093920947592, rewards:-56.699214935302734, queue:14.178240776062012, delay:0.12474817037582397, throughput:1847
episode:52/250, real avg travel time:1144.2850566572238
step:3600/3600, q_loss:0.0010050953147403988, rewards:-62.31065368652344, queue:15.585648536682129, delay:0.1287446916103363, throughput:1728
episode:53/250, real avg travel time:1226.943342776204
step:3600/3600, q_loss:0.0009485561584616885, rewards:-58.95111846923828, queue:14.7421875, delay:0.12620145082473755, throughput:1803
episode:54/250, real avg travel time:1172.7772662889518
step:3600/3600, q_loss:0.0009698876237243781, rewards:-61.4338493347168, queue:15.367361068725586, delay:0.12995491921901703, throughput:1734
episode:55/250, real avg travel time:1207.3052407932012
Test step:55/250, travel time :1397.2723087818697, rewards:-76.82540893554688, queue:19.2489013671875, delay:0.12215033918619156, throughput:1119
New best TEST travel time 1397.2723 at episode 55, saved as best checkpoint
step:3600/3600, q_loss:0.0013685651905374762, rewards:-60.33367919921875, queue:15.092708587646484, delay:0.1273563802242279, throughput:1750
episode:56/250, real avg travel time:1193.3881019830028
step:3600/3600, q_loss:0.0009869916100100971, rewards:-59.783050537109375, queue:14.952140808105469, delay:0.12598277628421783, throughput:1794
episode:57/250, real avg travel time:1178.761685552408
step:3600/3600, q_loss:0.0010560375753284235, rewards:-60.05716323852539, queue:15.023205757141113, delay:0.12706318497657776, throughput:1739
episode:58/250, real avg travel time:1181.705028328612
step:3600/3600, q_loss:0.0010006321594119073, rewards:-58.56980895996094, queue:14.647858619689941, delay:0.12652641534805298, throughput:1769
episode:59/250, real avg travel time:1157.4837110481587
step:3600/3600, q_loss:0.0009144694521379323, rewards:-59.00108337402344, queue:14.755786895751953, delay:0.12770386040210724, throughput:1767
episode:60/250, real avg travel time:1164.0534702549576
Test step:60/250, travel time :1693.0552407932012, rewards:-94.5208740234375, queue:23.680381774902344, delay:0.14716500043869019, throughput:696
step:3600/3600, q_loss:0.0012100319918475033, rewards:-58.5278205871582, queue:14.636631965637207, delay:0.12575292587280273, throughput:1776
episode:61/250, real avg travel time:1148.2800991501417
step:3600/3600, q_loss:0.000944925191593759, rewards:-57.856834411621094, queue:14.471701622009277, delay:0.12237001955509186, throughput:1768
episode:62/250, real avg travel time:1136.9766288951841
step:3600/3600, q_loss:0.0008753284834969191, rewards:-59.20901107788086, queue:14.810242652893066, delay:0.12593992054462433, throughput:1791
episode:63/250, real avg travel time:1150.7818696883853
step:3600/3600, q_loss:0.000891994237669824, rewards:-60.29376220703125, queue:15.085126876831055, delay:0.12707525491714478, throughput:1794
episode:64/250, real avg travel time:1158.2800991501417
step:3600/3600, q_loss:0.0007999960356104522, rewards:-60.96440887451172, queue:15.248958587646484, delay:0.12644149363040924, throughput:1725
episode:65/250, real avg travel time:1187.6111898016998
Test step:65/250, travel time :1665.9313031161473, rewards:-92.14337921142578, queue:23.085126876831055, delay:0.1414322406053543, throughput:672
step:3600/3600, q_loss:0.0008786009935041268, rewards:-56.67794418334961, queue:14.174074172973633, delay:0.12391427904367447, throughput:1829
episode:66/250, real avg travel time:1110.1951133144476
step:3600/3600, q_loss:0.0009076234585617058, rewards:-59.31145477294922, queue:14.83865737915039, delay:0.12544183433055878, throughput:1783
episode:67/250, real avg travel time:1162.0251416430594
step:3600/3600, q_loss:0.0009052568299258932, rewards:-59.26991271972656, queue:14.831250190734863, delay:0.12516245245933533, throughput:1793
episode:68/250, real avg travel time:1164.009206798867
step:3600/3600, q_loss:0.001057954668354841, rewards:-58.62234115600586, queue:14.662615776062012, delay:0.12344542890787125, throughput:1787
episode:69/250, real avg travel time:1155.4012039660056
step:3600/3600, q_loss:0.0008670472976878102, rewards:-58.810794830322266, queue:14.710590362548828, delay:0.12408365309238434, throughput:1766
episode:70/250, real avg travel time:1168.6395184135977
Test step:70/250, travel time :1561.2262747875354, rewards:-85.75507354736328, queue:21.477083206176758, delay:0.157033771276474, throughput:1463
step:3600/3600, q_loss:0.0007048088240862628, rewards:-60.03156280517578, queue:15.018807411193848, delay:0.12241651862859726, throughput:1749
episode:71/250, real avg travel time:1181.4309490084986
step:3600/3600, q_loss:0.0010731968522807698, rewards:-59.02423095703125, queue:14.764872550964355, delay:0.12087810784578323, throughput:1790
episode:72/250, real avg travel time:1166.3668555240793
step:3600/3600, q_loss:0.0008172831452095214, rewards:-60.852638244628906, queue:15.223669052124023, delay:0.12789413332939148, throughput:1815
episode:73/250, real avg travel time:1192.336402266289
step:3600/3600, q_loss:0.0010164469538003573, rewards:-61.08619689941406, queue:15.283217430114746, delay:0.12225549668073654, throughput:1750
episode:74/250, real avg travel time:1187.0460339943343
step:3600/3600, q_loss:0.0008763377945640205, rewards:-62.621219635009766, queue:15.667593002319336, delay:0.12565547227859497, throughput:1727
episode:75/250, real avg travel time:1201.7854107648725
Test step:75/250, travel time :1322.3123229461755, rewards:-68.81622314453125, queue:17.23524284362793, delay:0.12968747317790985, throughput:1573
New best TEST travel time 1322.3123 at episode 75, saved as best checkpoint
step:3600/3600, q_loss:0.0009593803849485185, rewards:-60.57926559448242, queue:15.158564567565918, delay:0.12297721952199936, throughput:1779
episode:76/250, real avg travel time:1182.959985835694
step:3600/3600, q_loss:0.0007616695522526164, rewards:-58.481300354003906, queue:14.630613327026367, delay:0.12124492228031158, throughput:1781
episode:77/250, real avg travel time:1146.6080028328613
step:3600/3600, q_loss:0.00073935018254467, rewards:-60.44272994995117, queue:15.12164306640625, delay:0.12394080311059952, throughput:1799
episode:78/250, real avg travel time:1176.9610481586403
step:3600/3600, q_loss:0.0007108946480316881, rewards:-63.63130569458008, queue:15.923263549804688, delay:0.12707804143428802, throughput:1744
episode:79/250, real avg travel time:1218.2167138810198
step:3600/3600, q_loss:0.0007316340278420183, rewards:-61.52446746826172, queue:15.392129898071289, delay:0.1247580349445343, throughput:1808
episode:80/250, real avg travel time:1181.1660764872522
Test step:80/250, travel time :1099.5304532577904, rewards:-57.85881805419922, queue:14.48616886138916, delay:0.1357695460319519, throughput:1807
New best TEST travel time 1099.5305 at episode 80, saved as best checkpoint
step:3600/3600, q_loss:0.0007021069446187697, rewards:-59.11112594604492, queue:14.786458015441895, delay:0.12111487239599228, throughput:1811
episode:81/250, real avg travel time:1154.179178470255
step:3600/3600, q_loss:0.0006956645011625907, rewards:-60.56752395629883, queue:15.154629707336426, delay:0.12234765291213989, throughput:1745
episode:82/250, real avg travel time:1184.845254957507
step:3600/3600, q_loss:0.0007374291262232963, rewards:-59.75133514404297, queue:14.948437690734863, delay:0.12193527072668076, throughput:1785
episode:83/250, real avg travel time:1165.9390934844193
step:3600/3600, q_loss:0.0006411836724038478, rewards:-61.09832763671875, queue:15.28634262084961, delay:0.1226113811135292, throughput:1743
episode:84/250, real avg travel time:1188.809135977337
step:3600/3600, q_loss:0.0008528255294134587, rewards:-60.89927673339844, queue:15.233854293823242, delay:0.12309544533491135, throughput:1784
episode:85/250, real avg travel time:1189.3229461756373
Test step:85/250, travel time :1271.879957507082, rewards:-67.50875854492188, queue:16.907407760620117, delay:0.1402917057275772, throughput:1914
step:3600/3600, q_loss:0.0007031210663693923, rewards:-59.46708297729492, queue:14.876041412353516, delay:0.12397944182157516, throughput:1764
episode:86/250, real avg travel time:1179.2620396600566
step:3600/3600, q_loss:0.0006629069324260876, rewards:-58.78031539916992, queue:14.705034255981445, delay:0.12152351438999176, throughput:1792
episode:87/250, real avg travel time:1144.4968130311615
step:3600/3600, q_loss:0.0006845137897740912, rewards:-59.02542495727539, queue:14.766435623168945, delay:0.12665541470050812, throughput:1784
episode:88/250, real avg travel time:1155.0028328611897
step:3600/3600, q_loss:0.0007998387904170854, rewards:-57.224098205566406, queue:14.306654930114746, delay:0.12448005378246307, throughput:1789
episode:89/250, real avg travel time:1134.8966005665723
step:3600/3600, q_loss:0.0007568858954825519, rewards:-54.389747619628906, queue:13.601851463317871, delay:0.12321123480796814, throughput:1827
episode:90/250, real avg travel time:1095.529745042493
Test step:90/250, travel time :1675.7227337110482, rewards:-92.6507568359375, queue:23.211515426635742, delay:0.15422357618808746, throughput:1127
step:3600/3600, q_loss:0.0007833343321158562, rewards:-57.786354064941406, queue:14.455671310424805, delay:0.12360355257987976, throughput:1792
episode:91/250, real avg travel time:1156.5173512747876
step:3600/3600, q_loss:0.0007732679848961625, rewards:-59.158382415771484, queue:14.801273345947266, delay:0.12520119547843933, throughput:1816
episode:92/250, real avg travel time:1163.417492917847
step:3600/3600, q_loss:0.0007313368278613061, rewards:-57.098026275634766, queue:14.28032398223877, delay:0.12154249846935272, throughput:1786
episode:93/250, real avg travel time:1132.5941926345608
step:3600/3600, q_loss:0.0007438678524376434, rewards:-57.03690719604492, queue:14.259779930114746, delay:0.12302836775779724, throughput:1823
episode:94/250, real avg travel time:1120.965297450425
step:3600/3600, q_loss:0.000764307467105948, rewards:-56.81554412841797, queue:14.211226463317871, delay:0.12413205951452255, throughput:1809
episode:95/250, real avg travel time:1144.6997167138811
Test step:95/250, travel time :1654.5899433427762, rewards:-92.14598846435547, queue:23.08333396911621, delay:0.1583159863948822, throughput:1247
step:3600/3600, q_loss:0.0006818185341946872, rewards:-57.74042892456055, queue:14.441434860229492, delay:0.12199526280164719, throughput:1755
episode:96/250, real avg travel time:1149.0046033994333
step:3600/3600, q_loss:0.000725015910503305, rewards:-57.76164245605469, queue:14.448321342468262, delay:0.1230945736169815, throughput:1856
episode:97/250, real avg travel time:1129.5704674220963
step:3600/3600, q_loss:0.0007191305324711182, rewards:-57.21935272216797, queue:14.310300827026367, delay:0.12219063192605972, throughput:1814
episode:98/250, real avg travel time:1127.8045325779037
step:3600/3600, q_loss:0.0007949164976584322, rewards:-57.090885162353516, queue:14.278067588806152, delay:0.12127809971570969, throughput:1836
episode:99/250, real avg travel time:1123.2889518413597
step:3600/3600, q_loss:0.0007305751209733663, rewards:-58.3320426940918, queue:14.589468002319336, delay:0.12164901196956635, throughput:1736
episode:100/250, real avg travel time:1141.8604815864023
Test step:100/250, travel time :1261.9022662889518, rewards:-67.67350006103516, queue:16.930845260620117, delay:0.1438254415988922, throughput:1873
step:3600/3600, q_loss:0.0006495774505131039, rewards:-58.62691879272461, queue:14.66851806640625, delay:0.1243993416428566, throughput:1782
episode:101/250, real avg travel time:1158.6628895184135
step:3600/3600, q_loss:0.000725913161618842, rewards:-57.44361877441406, queue:14.368171691894531, delay:0.12096764147281647, throughput:1800
episode:102/250, real avg travel time:1124.6692634560907
step:3600/3600, q_loss:0.0007204544730484485, rewards:-59.46156692504883, queue:14.875, delay:0.12114369124174118, throughput:1802
episode:103/250, real avg travel time:1166.1607648725212
step:3600/3600, q_loss:0.0007704596690557621, rewards:-56.277320861816406, queue:14.074420928955078, delay:0.1204763874411583, throughput:1829
episode:104/250, real avg travel time:1112.0332861189802
step:3600/3600, q_loss:0.0007233092434888269, rewards:-57.44100570678711, queue:14.3672456741333, delay:0.12265783548355103, throughput:1829
episode:105/250, real avg travel time:1130.8537535410765
Test step:105/250, travel time :1296.3845609065156, rewards:-72.10773468017578, queue:18.06001091003418, delay:0.13890552520751953, throughput:1562
step:3600/3600, q_loss:0.0007554583090506954, rewards:-57.78864288330078, queue:14.456597328186035, delay:0.12203595042228699, throughput:1818
episode:106/250, real avg travel time:1144.384206798867
step:3600/3600, q_loss:0.0007080341758275474, rewards:-56.49467849731445, queue:14.131365776062012, delay:0.12252502143383026, throughput:1816
episode:107/250, real avg travel time:1113.7167138810198
step:3600/3600, q_loss:0.0007770268315518344, rewards:-56.948822021484375, queue:14.244096755981445, delay:0.12026195973157883, throughput:1768
episode:108/250, real avg travel time:1122.4284702549576
step:3600/3600, q_loss:0.000649846411873529, rewards:-59.17623519897461, queue:14.804976463317871, delay:0.12038207054138184, throughput:1759
episode:109/250, real avg travel time:1157.1731586402266
step:3600/3600, q_loss:0.0007221431114975317, rewards:-56.68781280517578, queue:14.178935050964355, delay:0.1187792494893074, throughput:1796
episode:110/250, real avg travel time:1125.0364730878186
Test step:110/250, travel time :1621.6915722379604, rewards:-89.05042266845703, queue:22.30763816833496, delay:0.1651925891637802, throughput:1305
step:3600/3600, q_loss:0.00083036227726642, rewards:-56.09980010986328, queue:14.03211784362793, delay:0.12137066572904587, throughput:1852
episode:111/250, real avg travel time:1092.796388101983
step:3600/3600, q_loss:0.0007653856764972945, rewards:-57.24613571166992, queue:14.320023536682129, delay:0.11846890300512314, throughput:1780
episode:112/250, real avg travel time:1117.8551699716713
step:3600/3600, q_loss:0.0007553527729562772, rewards:-59.06409454345703, queue:14.780265808105469, delay:0.1192418560385704, throughput:1756
episode:113/250, real avg travel time:1143.9868980169972
step:3600/3600, q_loss:0.000772964764662363, rewards:-59.4834098815918, queue:14.881481170654297, delay:0.12260391563177109, throughput:1784
episode:114/250, real avg travel time:1156.216359773371
step:3600/3600, q_loss:0.00077234216057408, rewards:-58.88719177246094, queue:14.732465744018555, delay:0.1224650889635086, throughput:1784
episode:115/250, real avg travel time:1157.8449008498583
Test step:115/250, travel time :1144.6614730878186, rewards:-59.127952575683594, queue:14.782002449035645, delay:0.1513623297214508, throughput:1965
step:3600/3600, q_loss:0.0006500463277377464, rewards:-55.24279022216797, queue:13.820080757141113, delay:0.11781837791204453, throughput:1799
episode:116/250, real avg travel time:1098.6466005665723
step:3600/3600, q_loss:0.0007233072348214962, rewards:-57.03104019165039, queue:14.265393257141113, delay:0.12069471925497055, throughput:1855
episode:117/250, real avg travel time:1118.2188385269121
step:3600/3600, q_loss:0.0007669014511285005, rewards:-55.89391326904297, queue:13.978414535522461, delay:0.11650678515434265, throughput:1833
episode:118/250, real avg travel time:1108.7252124645893
step:3600/3600, q_loss:0.000758430535364666, rewards:-56.549163818359375, queue:14.146932601928711, delay:0.11824803799390793, throughput:1815
episode:119/250, real avg travel time:1121.9337818696883
step:3600/3600, q_loss:0.0007087941074536906, rewards:-54.86834716796875, queue:13.723553657531738, delay:0.11576740443706512, throughput:1845
episode:120/250, real avg travel time:1079.2269830028329
Test step:120/250, travel time :1591.4674220963173, rewards:-86.25721740722656, queue:21.59994125366211, delay:0.1737205535173416, throughput:1275
step:3600/3600, q_loss:0.0007883121328497375, rewards:-55.169315338134766, queue:13.798437118530273, delay:0.11754866689443588, throughput:1824
episode:121/250, real avg travel time:1080.7623937677054
step:3600/3600, q_loss:0.0007440785405996406, rewards:-54.68807601928711, queue:13.680034637451172, delay:0.1206030547618866, throughput:1878
episode:122/250, real avg travel time:1075.313385269122
step:3600/3600, q_loss:0.0006682101855583397, rewards:-55.83660125732422, queue:13.964872360229492, delay:0.12114660441875458, throughput:1810
episode:123/250, real avg travel time:1113.2227337110482
step:3600/3600, q_loss:0.0008539137579960588, rewards:-57.10330581665039, queue:14.283854484558105, delay:0.12125321477651596, throughput:1860
episode:124/250, real avg travel time:1124.4104107648725
step:3600/3600, q_loss:0.0008110462044032267, rewards:-58.62274932861328, queue:14.660590171813965, delay:0.12300163507461548, throughput:1847
episode:125/250, real avg travel time:1146.165014164306
Test step:125/250, travel time :1121.8257790368273, rewards:-59.617958068847656, queue:14.913426399230957, delay:0.15012677013874054, throughput:1921
step:3600/3600, q_loss:0.0006668648659539075, rewards:-56.00499725341797, queue:14.009374618530273, delay:0.12334179133176804, throughput:1831
episode:126/250, real avg travel time:1105.613314447592
step:3600/3600, q_loss:0.0007162726771684341, rewards:-55.62242889404297, queue:13.911516189575195, delay:0.12393859773874283, throughput:1874
episode:127/250, real avg travel time:1089.6296033994333
step:3600/3600, q_loss:0.0007086903604184404, rewards:-53.79902267456055, queue:13.44976806640625, delay:0.12084835022687912, throughput:1825
episode:128/250, real avg travel time:1066.3686260623228
step:3600/3600, q_loss:0.0007332107903044901, rewards:-54.32371520996094, queue:13.589756965637207, delay:0.12073720246553421, throughput:1859
episode:129/250, real avg travel time:1063.0028328611897
step:3600/3600, q_loss:0.0007688065565386673, rewards:-53.660648345947266, queue:13.417940139770508, delay:0.12051785737276077, throughput:1835
episode:130/250, real avg travel time:1056.3796033994333
Test step:130/250, travel time :1160.341359773371, rewards:-66.3807373046875, queue:16.619155883789062, delay:0.15324407815933228, throughput:1915
step:3600/3600, q_loss:0.0006423527604819816, rewards:-50.64129638671875, queue:12.659432411193848, delay:0.1178470179438591, throughput:1833
episode:131/250, real avg travel time:1024.8303824362606
step:3600/3600, q_loss:0.0005952066103755324, rewards:-50.241580963134766, queue:12.55827522277832, delay:0.11834045499563217, throughput:1901
episode:132/250, real avg travel time:1006.0949008498584
step:3600/3600, q_loss:0.0006770122037441642, rewards:-53.263824462890625, queue:13.319154739379883, delay:0.12128656357526779, throughput:1888
episode:133/250, real avg travel time:1046.5177053824364
step:3600/3600, q_loss:0.0007477219733926985, rewards:-49.74747085571289, queue:12.434027671813965, delay:0.1198662668466568, throughput:1894
episode:134/250, real avg travel time:997.3360481586402
step:3600/3600, q_loss:0.0007611950365021641, rewards:-50.72205352783203, queue:12.676273345947266, delay:0.11920033395290375, throughput:1876
episode:135/250, real avg travel time:1001.1033994334277
Test step:135/250, travel time :1040.479461756374, rewards:-54.79413986206055, queue:13.704513549804688, delay:0.15016092360019684, throughput:2033
New best TEST travel time 1040.4795 at episode 135, saved as best checkpoint
step:3600/3600, q_loss:0.0007044169304455504, rewards:-51.81630325317383, queue:12.955265998840332, delay:0.11876845359802246, throughput:1859
episode:136/250, real avg travel time:1018.375
step:3600/3600, q_loss:0.0006661036350752836, rewards:-51.71038055419922, queue:12.926215171813965, delay:0.1187988817691803, throughput:1815
episode:137/250, real avg travel time:1041.5354107648725
step:3600/3600, q_loss:0.0006838482724111758, rewards:-52.95587921142578, queue:13.238541603088379, delay:0.11863619834184647, throughput:1833
episode:138/250, real avg travel time:1046.5743626062324
step:3600/3600, q_loss:0.0007601175951644962, rewards:-50.78011703491211, queue:12.693923950195312, delay:0.11728309094905853, throughput:1858
episode:139/250, real avg travel time:999.5417847025495
step:3600/3600, q_loss:0.0006454867540778202, rewards:-49.13507843017578, queue:12.282234191894531, delay:0.1158125102519989, throughput:1909
episode:140/250, real avg travel time:989.3172804532578
Test step:140/250, travel time :1096.6189801699716, rewards:-57.30325698852539, queue:14.326157569885254, delay:0.1433171033859253, throughput:1844
step:3600/3600, q_loss:0.0006334729262708145, rewards:-51.750953674316406, queue:12.936053276062012, delay:0.11835626512765884, throughput:1859
episode:141/250, real avg travel time:1025.7262747875354
step:3600/3600, q_loss:0.0006832248128858613, rewards:-51.62062072753906, queue:12.905961036682129, delay:0.11562524735927582, throughput:1872
episode:142/250, real avg travel time:1012.2531869688386
step:3600/3600, q_loss:0.0006451436456430842, rewards:-49.797752380371094, queue:12.446990966796875, delay:0.1182437315583229, throughput:1860
episode:143/250, real avg travel time:1004.4915014164307
step:3600/3600, q_loss:0.0007382069472913389, rewards:-50.80110168457031, queue:12.698147773742676, delay:0.11810054630041122, throughput:1874
episode:144/250, real avg travel time:1009.4178470254958
step:3600/3600, q_loss:0.0006069653724998603, rewards:-49.67707061767578, queue:12.415624618530273, delay:0.11542222648859024, throughput:1902
episode:145/250, real avg travel time:1004.6111898016998
Test step:145/250, travel time :1226.0325779036827, rewards:-67.26725006103516, queue:16.82725715637207, delay:0.14299294352531433, throughput:1717
step:3600/3600, q_loss:0.000640333896893778, rewards:-50.055137634277344, queue:12.510821342468262, delay:0.11588652431964874, throughput:1880
episode:146/250, real avg travel time:1003.8668555240794
step:3600/3600, q_loss:0.0007215194795050739, rewards:-47.9584846496582, queue:11.980440139770508, delay:0.1172194555401802, throughput:1869
episode:147/250, real avg travel time:983.7039660056657
step:3600/3600, q_loss:0.0006745384891092041, rewards:-46.7861213684082, queue:11.686168670654297, delay:0.11227254569530487, throughput:1912
episode:148/250, real avg travel time:942.9210339943343
step:3600/3600, q_loss:0.0007002086045197498, rewards:-47.62600326538086, queue:11.90179443359375, delay:0.1151929497718811, throughput:1915
episode:149/250, real avg travel time:957.5729461756374
step:3600/3600, q_loss:0.0006629736944573161, rewards:-47.414817810058594, queue:11.846990585327148, delay:0.11387474834918976, throughput:1860
episode:150/250, real avg travel time:959.2574362606232
Test step:150/250, travel time :852.7606232294618, rewards:-42.36298370361328, queue:10.575984001159668, delay:0.13639524579048157, throughput:2033
New best TEST travel time 852.7606 at episode 150, saved as best checkpoint
step:3600/3600, q_loss:0.0006680449608851362, rewards:-46.59700012207031, queue:11.639410018920898, delay:0.11619727313518524, throughput:1917
episode:151/250, real avg travel time:955.4957507082153
step:3600/3600, q_loss:0.0006859281594738548, rewards:-44.6413688659668, queue:11.14751148223877, delay:0.11328229308128357, throughput:1917
episode:152/250, real avg travel time:927.1260623229462
step:3600/3600, q_loss:0.0005101463251551728, rewards:-44.79010772705078, queue:11.182291984558105, delay:0.11398282647132874, throughput:1934
episode:153/250, real avg travel time:918.3509206798867
step:3600/3600, q_loss:0.0005615268201555735, rewards:-45.40741729736328, queue:11.341609001159668, delay:0.11419293284416199, throughput:1945
episode:154/250, real avg travel time:928.1083569405099
step:3600/3600, q_loss:0.0005885806452069018, rewards:-41.40513610839844, queue:10.333333015441895, delay:0.10818169265985489, throughput:2002
episode:155/250, real avg travel time:858.171388101983
Test step:155/250, travel time :793.9210339943343, rewards:-39.31644821166992, queue:9.823553085327148, delay:0.1349969059228897, throughput:2169
New best TEST travel time 793.9210 at episode 155, saved as best checkpoint
step:3600/3600, q_loss:0.0005823927483072987, rewards:-43.18143844604492, queue:10.778761863708496, delay:0.11126365512609482, throughput:1932
episode:156/250, real avg travel time:904.2400849858357
step:3600/3600, q_loss:0.0007588333703209589, rewards:-42.123802185058594, queue:10.518171310424805, delay:0.11093815416097641, throughput:2030
episode:157/250, real avg travel time:865.4865439093485
step:3600/3600, q_loss:0.0006598210652117376, rewards:-43.9477653503418, queue:10.972395896911621, delay:0.10981906205415726, throughput:1958
episode:158/250, real avg travel time:896.1023371104816
step:3600/3600, q_loss:0.0006615883486782327, rewards:-41.29979705810547, queue:10.306076049804688, delay:0.10993953794240952, throughput:2017
episode:159/250, real avg travel time:861.8987252124646
step:3600/3600, q_loss:0.0007943906878799567, rewards:-44.390235900878906, queue:11.087963104248047, delay:0.11475922912359238, throughput:1909
episode:160/250, real avg travel time:916.6264164305949
Test step:160/250, travel time :802.707507082153, rewards:-40.71448516845703, queue:10.171469688415527, delay:0.12322703003883362, throughput:2190
step:3600/3600, q_loss:0.0005838013932476808, rewards:-41.97523498535156, queue:10.4765043258667, delay:0.11012386530637741, throughput:1985
episode:161/250, real avg travel time:870.2708923512748
step:3600/3600, q_loss:0.0006988543131745157, rewards:-40.76018524169922, queue:10.171643257141113, delay:0.109132781624794, throughput:2013
episode:162/250, real avg travel time:847.3162181303117
step:3600/3600, q_loss:0.0006695945873672579, rewards:-42.087928771972656, queue:10.504803657531738, delay:0.10816403478384018, throughput:1979
episode:163/250, real avg travel time:861.621104815864
step:3600/3600, q_loss:0.000675219736625383, rewards:-40.837398529052734, queue:10.193171501159668, delay:0.106179378926754, throughput:1987
episode:164/250, real avg travel time:845.2450424929178
step:3600/3600, q_loss:0.0006556832220083401, rewards:-41.38203048706055, queue:10.331076622009277, delay:0.10811995714902878, throughput:1994
episode:165/250, real avg travel time:847.3282577903683
Test step:165/250, travel time :672.5697592067988, rewards:-31.295764923095703, queue:7.79809045791626, delay:0.11966679990291595, throughput:2302
New best TEST travel time 672.5698 at episode 165, saved as best checkpoint
step:3600/3600, q_loss:0.0006971099241464226, rewards:-43.972068786621094, queue:10.983738899230957, delay:0.10967767238616943, throughput:1933
episode:166/250, real avg travel time:900.3541076487252
step:3600/3600, q_loss:0.0007856684886379006, rewards:-43.95774841308594, queue:10.976967811584473, delay:0.1104201227426529, throughput:1985
episode:167/250, real avg travel time:884.6299575070822
step:3600/3600, q_loss:0.000705651984906491, rewards:-42.277278900146484, queue:10.556539535522461, delay:0.10773815214633942, throughput:1958
episode:168/250, real avg travel time:856.8541076487252
step:3600/3600, q_loss:0.000591442261443094, rewards:-43.006980895996094, queue:10.736574172973633, delay:0.10774870961904526, throughput:1859
episode:169/250, real avg travel time:893.4844192634561
step:3600/3600, q_loss:0.0006924943906473525, rewards:-42.12870407104492, queue:10.518460273742676, delay:0.10713069885969162, throughput:1974
episode:170/250, real avg travel time:878.7691218130311
Test step:170/250, travel time :701.9012039660057, rewards:-33.089866638183594, queue:8.26116943359375, delay:0.11351124197244644, throughput:2242
step:3600/3600, q_loss:0.0008210682551617975, rewards:-39.94615173339844, queue:9.969212532043457, delay:0.10801073908805847, throughput:2031
episode:171/250, real avg travel time:843.0226628895184
step:3600/3600, q_loss:0.0006167023132244746, rewards:-41.463035583496094, queue:10.346817016601562, delay:0.10788179934024811, throughput:1918
episode:172/250, real avg travel time:867.371104815864
step:3600/3600, q_loss:0.0007178925357207104, rewards:-39.72218322753906, queue:9.912789344787598, delay:0.10563304275274277, throughput:2027
episode:173/250, real avg travel time:824.8831444759206
step:3600/3600, q_loss:0.0007112052452601033, rewards:-41.585575103759766, queue:10.382465362548828, delay:0.10609306395053864, throughput:2005
episode:174/250, real avg travel time:849.5184135977337
step:3600/3600, q_loss:0.0007390299639492123, rewards:-40.77130126953125, queue:10.175868034362793, delay:0.10895408689975739, throughput:1968
episode:175/250, real avg travel time:844.752478753541
Test step:175/250, travel time :750.1643059490085, rewards:-37.18793869018555, queue:9.300057411193848, delay:0.11132369935512543, throughput:2124
step:3600/3600, q_loss:0.0007919484651704997, rewards:-39.21803283691406, queue:9.781828880310059, delay:0.10441958159208298, throughput:1982
episode:176/250, real avg travel time:828.9766288951841
step:3600/3600, q_loss:0.0008003552455777003, rewards:-37.05525588989258, queue:9.243402481079102, delay:0.10167383402585983, throughput:2014
episode:177/250, real avg travel time:789.3431303116147
step:3600/3600, q_loss:0.0008377850964021536, rewards:-36.15812683105469, queue:9.016030311584473, delay:0.10082915425300598, throughput:2003
episode:178/250, real avg travel time:768.7283994334277
step:3600/3600, q_loss:0.0007267589991291364, rewards:-34.49073791503906, queue:8.5936918258667, delay:0.10094821453094482, throughput:2100
episode:179/250, real avg travel time:747.5601983002833
step:3600/3600, q_loss:0.0007471343295441733, rewards:-34.092411041259766, queue:8.495369911193848, delay:0.10209192335605621, throughput:2038
episode:180/250, real avg travel time:757.2457507082153
Test step:180/250, travel time :748.9507790368272, rewards:-37.96649932861328, queue:9.476273536682129, delay:0.13368424773216248, throughput:2312
step:3600/3600, q_loss:0.0007000969745862631, rewards:-34.07012176513672, queue:8.492534637451172, delay:0.10210812836885452, throughput:2120
episode:181/250, real avg travel time:743.243626062323
step:3600/3600, q_loss:0.0007052896233896415, rewards:-34.06182861328125, queue:8.48796272277832, delay:0.10206747055053711, throughput:2111
episode:182/250, real avg travel time:742.5240793201133
step:3600/3600, q_loss:0.0006064138524694208, rewards:-39.583614349365234, queue:9.876678466796875, delay:0.10633943229913712, throughput:1994
episode:183/250, real avg travel time:827.2485835694051
step:3600/3600, q_loss:0.0006416307854247682, rewards:-34.31145477294922, queue:8.551620483398438, delay:0.09939323365688324, throughput:2042
episode:184/250, real avg travel time:747.996104815864
step:3600/3600, q_loss:0.0006001725143258586, rewards:-33.834327697753906, queue:8.434606552124023, delay:0.10229626297950745, throughput:2044
episode:185/250, real avg travel time:742.1526203966006
Test step:185/250, travel time :526.9500708215297, rewards:-22.948974609375, queue:5.715277671813965, delay:0.11067505925893784, throughput:2396
New best TEST travel time 526.9501 at episode 185, saved as best checkpoint
step:3600/3600, q_loss:0.0006944466853675283, rewards:-33.71171569824219, queue:8.405439376831055, delay:0.10224363952875137, throughput:2102
episode:186/250, real avg travel time:737.2825779036827
step:3600/3600, q_loss:0.0006912142578742387, rewards:-33.07136917114258, queue:8.244154930114746, delay:0.09848485141992569, throughput:2080
episode:187/250, real avg travel time:730.7266288951841
step:3600/3600, q_loss:0.0008423830497504015, rewards:-26.64171028137207, queue:6.622337818145752, delay:0.09443112462759018, throughput:2235
episode:188/250, real avg travel time:623.5421388101983
step:3600/3600, q_loss:0.0008761622126639625, rewards:-27.99764060974121, queue:6.960474491119385, delay:0.09537048637866974, throughput:2201
episode:189/250, real avg travel time:645.6660764872521
step:3600/3600, q_loss:0.0007751723532967362, rewards:-27.199283599853516, queue:6.763946533203125, delay:0.09413290023803711, throughput:2213
episode:190/250, real avg travel time:622.1614730878186
Test step:190/250, travel time :396.3250708215297, rewards:-13.818355560302734, queue:3.4204862117767334, delay:0.08652178943157196, throughput:2647
New best TEST travel time 396.3251 at episode 190, saved as best checkpoint
step:3600/3600, q_loss:0.0006353752722066862, rewards:-28.47608757019043, queue:7.081481456756592, delay:0.09558761119842529, throughput:2212
episode:191/250, real avg travel time:655.1143767705382
step:3600/3600, q_loss:0.000684938125634267, rewards:-23.090646743774414, queue:5.730844974517822, delay:0.09054777771234512, throughput:2322
episode:192/250, real avg travel time:569.6356232294618
step:3600/3600, q_loss:0.0006107845360896102, rewards:-25.055463790893555, queue:6.22054386138916, delay:0.09272651374340057, throughput:2246
episode:193/250, real avg travel time:601.1929886685552
step:3600/3600, q_loss:0.0006562089225576247, rewards:-28.917545318603516, queue:7.194849491119385, delay:0.09458135813474655, throughput:2195
episode:194/250, real avg travel time:658.7981586402266
step:3600/3600, q_loss:0.0005432820108569698, rewards:-19.70439910888672, queue:4.87980318069458, delay:0.08775466680526733, throughput:2368
episode:195/250, real avg travel time:516.6303116147309
Test step:195/250, travel time :341.45998583569406, rewards:-11.974213600158691, queue:2.9390625953674316, delay:0.09348179399967194, throughput:2761
New best TEST travel time 341.4600 at episode 195, saved as best checkpoint
step:3600/3600, q_loss:0.0006507813706304188, rewards:-22.83687400817871, queue:5.666840076446533, delay:0.09204932302236557, throughput:2351
episode:196/250, real avg travel time:557.1363314447592
step:3600/3600, q_loss:0.0005702481076213313, rewards:-21.94552993774414, queue:5.443113327026367, delay:0.09239522367715836, throughput:2386
episode:197/250, real avg travel time:556.1908640226629
step:3600/3600, q_loss:0.0006709321045581205, rewards:-24.135066986083984, queue:5.997048377990723, delay:0.09144986420869827, throughput:2287
episode:198/250, real avg travel time:579.2365439093485
step:3600/3600, q_loss:0.0005251751195087476, rewards:-23.405393600463867, queue:5.809085845947266, delay:0.09154421836137772, throughput:2297
episode:199/250, real avg travel time:569.278328611898
step:3600/3600, q_loss:0.0005860519221765391, rewards:-25.04916763305664, queue:6.225520610809326, delay:0.09380250424146652, throughput:2288
episode:200/250, real avg travel time:598.0453257790368
Test step:200/250, travel time :358.16111898017, rewards:-13.032267570495605, queue:3.208796262741089, delay:0.09819721430540085, throughput:2752
step:3600/3600, q_loss:0.0005904012302189698, rewards:-23.7751407623291, queue:5.90925931930542, delay:0.09133551269769669, throughput:2321
episode:201/250, real avg travel time:569.896954674221
step:3600/3600, q_loss:0.0005473530276414053, rewards:-22.05011558532715, queue:5.473032474517822, delay:0.089870385825634, throughput:2347
episode:202/250, real avg travel time:547.3594192634561
step:3600/3600, q_loss:0.0001885406007518831, rewards:-13.159330368041992, queue:3.227372646331787, delay:0.07960726320743561, throughput:2626
episode:203/250, real avg travel time:418.0116855524079
step:3600/3600, q_loss:0.0007006203065867777, rewards:-22.750673294067383, queue:5.647800922393799, delay:0.08865347504615784, throughput:2349
episode:204/250, real avg travel time:553.9500708215297
step:3600/3600, q_loss:0.0005784509738010389, rewards:-25.98363494873047, queue:6.464756965637207, delay:0.09134376049041748, throughput:2266
episode:205/250, real avg travel time:608.6434135977337
Test step:205/250, travel time :320.84773371104814, rewards:-10.636988639831543, queue:2.6069445610046387, delay:0.08952352404594421, throughput:2765
New best TEST travel time 320.8477 at episode 205, saved as best checkpoint
step:3600/3600, q_loss:0.000553284563055193, rewards:-19.2794189453125, queue:4.778298377990723, delay:0.08830814063549042, throughput:2463
episode:206/250, real avg travel time:504.52443342776206
step:3600/3600, q_loss:0.00043271725801866, rewards:-17.020694732666016, queue:4.211053371429443, delay:0.08741141855716705, throughput:2489
episode:207/250, real avg travel time:468.5070821529745
step:3600/3600, q_loss:0.0006326774485915164, rewards:-22.01460838317871, queue:5.46481466293335, delay:0.09045043587684631, throughput:2357
episode:208/250, real avg travel time:544.0017705382436
step:3600/3600, q_loss:0.0005331682874878615, rewards:-20.40865707397461, queue:5.058333396911621, delay:0.08887943625450134, throughput:2417
episode:209/250, real avg travel time:517.3119688385269
step:3600/3600, q_loss:0.00042724668761186393, rewards:-17.63437271118164, queue:4.3596062660217285, delay:0.08918743580579758, throughput:2486
episode:210/250, real avg travel time:484.4883144475921
Test step:210/250, travel time :327.1575779036827, rewards:-10.984536170959473, queue:2.6990740299224854, delay:0.08272206038236618, throughput:2770
step:3600/3600, q_loss:0.0005766871551994556, rewards:-22.511320114135742, queue:5.587094783782959, delay:0.09093883633613586, throughput:2368
episode:211/250, real avg travel time:551.6983002832861
step:3600/3600, q_loss:0.000419510392771091, rewards:-17.33418846130371, queue:4.2854743003845215, delay:0.08740676939487457, throughput:2513
episode:212/250, real avg travel time:469.8604815864023
step:3600/3600, q_loss:0.0003243917240013863, rewards:-13.728981018066406, queue:3.3748843669891357, delay:0.0811847448348999, throughput:2608
episode:213/250, real avg travel time:419.76310198300285
step:3600/3600, q_loss:0.0006223604146299171, rewards:-20.279998779296875, queue:5.026273250579834, delay:0.08907722681760788, throughput:2388
episode:214/250, real avg travel time:515.7082152974505
step:3600/3600, q_loss:0.0005095732099388117, rewards:-17.902851104736328, queue:4.430324077606201, delay:0.08604658395051956, throughput:2455
episode:215/250, real avg travel time:475.7978045325779
Test step:215/250, travel time :340.4298866855524, rewards:-11.899581909179688, queue:2.94201397895813, delay:0.08928558975458145, throughput:2772
step:3600/3600, q_loss:9.082897801964004e-05, rewards:-11.527362823486328, queue:2.8112268447875977, delay:0.07786938548088074, throughput:2689
episode:216/250, real avg travel time:384.4475920679887
step:3600/3600, q_loss:0.0005278905606426207, rewards:-20.575115203857422, queue:5.099826335906982, delay:0.08826705068349838, throughput:2375
episode:217/250, real avg travel time:525.2871813031162
step:3600/3600, q_loss:0.0001599918010380165, rewards:-12.533610343933105, queue:3.066319465637207, delay:0.08064164221286774, throughput:2704
episode:218/250, real avg travel time:410.2528328611898
step:3600/3600, q_loss:5.19288772067492e-05, rewards:-11.739632606506348, queue:2.8669559955596924, delay:0.0798334926366806, throughput:2700
episode:219/250, real avg travel time:391.23796033994336
step:3600/3600, q_loss:0.00037803344118098416, rewards:-19.988006591796875, queue:4.946990966796875, delay:0.08835137635469437, throughput:2414
episode:220/250, real avg travel time:523.0552407932012
Test step:220/250, travel time :278.0945467422096, rewards:-7.573958873748779, queue:1.8604745864868164, delay:0.06983105838298798, throughput:2798
New best TEST travel time 278.0945 at episode 220, saved as best checkpoint
step:3600/3600, q_loss:0.0003689235817916967, rewards:-23.206249237060547, queue:5.7557291984558105, delay:0.09000349044799805, throughput:2314
episode:221/250, real avg travel time:566.2262747875354
step:3600/3600, q_loss:0.0004522861297713753, rewards:-26.8594913482666, queue:6.683854103088379, delay:0.09241751581430435, throughput:2235
episode:222/250, real avg travel time:623.4075779036827
step:3600/3600, q_loss:0.000504872418169714, rewards:-25.27916717529297, queue:6.284606456756592, delay:0.09208895266056061, throughput:2311
episode:223/250, real avg travel time:599.2666430594901
step:3600/3600, q_loss:0.0004266809442161042, rewards:-18.770599365234375, queue:4.646411895751953, delay:0.08479778468608856, throughput:2400
episode:224/250, real avg travel time:498.17669971671387
step:3600/3600, q_loss:9.813770043870641e-05, rewards:-11.784514427185059, queue:2.8750579357147217, delay:0.07906665652990341, throughput:2689
episode:225/250, real avg travel time:391.8133852691218
Test step:225/250, travel time :262.00354107648724, rewards:-6.574373245239258, queue:1.6043403148651123, delay:0.07296507060527802, throughput:2792
New best TEST travel time 262.0035 at episode 225, saved as best checkpoint
step:3600/3600, q_loss:0.0003368330058745212, rewards:-13.669768333435059, queue:3.366203784942627, delay:0.08045380562543869, throughput:2622
episode:226/250, real avg travel time:415.8838526912181
step:3600/3600, q_loss:0.0004964595384619855, rewards:-22.288379669189453, queue:5.534953594207764, delay:0.08668700605630875, throughput:2370
episode:227/250, real avg travel time:557.0378895184136
step:3600/3600, q_loss:0.0004238991107055802, rewards:-14.70532512664795, queue:3.6199073791503906, delay:0.07867271453142166, throughput:2579
episode:228/250, real avg travel time:436.79284702549575
step:3600/3600, q_loss:0.00038040070449588473, rewards:-14.028077125549316, queue:3.4559028148651123, delay:0.07716527581214905, throughput:2607
episode:229/250, real avg travel time:430.65793201133147
step:3600/3600, q_loss:5.3488435353048974e-05, rewards:-10.723564147949219, queue:2.610069513320923, delay:0.07272211462259293, throughput:2706
episode:230/250, real avg travel time:378.09631728045326
Test step:230/250, travel time :250.46140226628896, rewards:-5.910462856292725, queue:1.4308449029922485, delay:0.06684059649705887, throughput:2789
New best TEST travel time 250.4614 at episode 230, saved as best checkpoint
step:3600/3600, q_loss:2.909200488773669e-05, rewards:-10.192152976989746, queue:2.4816551208496094, delay:0.07116514444351196, throughput:2713
episode:231/250, real avg travel time:368.939447592068
step:3600/3600, q_loss:0.00025627485097006516, rewards:-12.304443359375, queue:3.022279977798462, delay:0.0741891860961914, throughput:2656
episode:232/250, real avg travel time:396.00070821529744
step:3600/3600, q_loss:0.00033369147488962356, rewards:-16.78615951538086, queue:4.146933078765869, delay:0.08149754256010056, throughput:2499
episode:233/250, real avg travel time:466.199716713881
step:3600/3600, q_loss:0.00033602886890739573, rewards:-14.22525405883789, queue:3.5009260177612305, delay:0.07654912024736404, throughput:2591
episode:234/250, real avg travel time:428.3806657223796
step:3600/3600, q_loss:0.0003130244924744338, rewards:-13.556203842163086, queue:3.333101749420166, delay:0.07696561515331268, throughput:2647
episode:235/250, real avg travel time:419.45467422096317
Test step:235/250, travel time :203.67103399433427, rewards:-2.761273145675659, queue:0.6487846970558167, delay:0.04343627765774727, throughput:2807
New best TEST travel time 203.6710 at episode 235, saved as best checkpoint
step:3600/3600, q_loss:0.0002711836024428959, rewards:-14.302175521850586, queue:3.520775556564331, delay:0.07901431620121002, throughput:2601
episode:236/250, real avg travel time:430.23512747875355
step:3600/3600, q_loss:7.178388970018721e-05, rewards:-9.518818855285645, queue:2.314178228378296, delay:0.06788746267557144, throughput:2701
episode:237/250, real avg travel time:352.90793201133147
step:3600/3600, q_loss:7.203919166285131e-05, rewards:-7.997592449188232, queue:1.9307870864868164, delay:0.06526558846235275, throughput:2725
episode:238/250, real avg travel time:328.3186968838527
step:3600/3600, q_loss:5.453747580759227e-05, rewards:-7.9567131996154785, queue:1.9212384223937988, delay:0.06664963811635971, throughput:2727
episode:239/250, real avg travel time:329.8091359773371
step:3600/3600, q_loss:4.7806494245535614e-05, rewards:-10.428287506103516, queue:2.545254707336426, delay:0.0677046850323677, throughput:2701
episode:240/250, real avg travel time:366.17032577903683
Test step:240/250, travel time :207.94263456090653, rewards:-3.0554633140563965, queue:0.7233796119689941, delay:0.04721708968281746, throughput:2804
step:3600/3600, q_loss:0.0001367457601224521, rewards:-6.9342360496521, queue:1.6650463342666626, delay:0.06303810328245163, throughput:2758
episode:241/250, real avg travel time:302.36862606232296
step:3600/3600, q_loss:4.4867712256993046e-05, rewards:-7.579190254211426, queue:1.832696795463562, delay:0.06443598866462708, throughput:2724
episode:242/250, real avg travel time:321.8417138810198
step:3600/3600, q_loss:4.798952212706668e-05, rewards:-8.555764198303223, queue:2.07662034034729, delay:0.06478948146104813, throughput:2718
episode:243/250, real avg travel time:336.34490084985833
step:3600/3600, q_loss:7.864462397130276e-05, rewards:-6.309628486633301, queue:1.5087963342666626, delay:0.06186923384666443, throughput:2783
episode:244/250, real avg travel time:285.73937677053823
step:3600/3600, q_loss:1.9547877902234044e-05, rewards:-6.846897602081299, queue:1.6458911895751953, delay:0.06254108250141144, throughput:2744
episode:245/250, real avg travel time:306.84915014164307
Test step:245/250, travel time :231.1154390934844, rewards:-2.8554399013519287, queue:0.6701967716217041, delay:0.039046499878168106, throughput:2750
step:3600/3600, q_loss:5.5540078980733215e-05, rewards:-5.929976940155029, queue:1.4119212627410889, delay:0.05936349928379059, throughput:2791
episode:246/250, real avg travel time:278.6051699716714
step:3600/3600, q_loss:5.851471358277824e-05, rewards:-4.866273403167725, queue:1.1391782760620117, delay:0.0578162856400013, throughput:2805
episode:247/250, real avg travel time:257.9383852691218
step:3600/3600, q_loss:7.058455476560342e-05, rewards:-5.0890278816223145, queue:1.1979166269302368, delay:0.05912147834897041, throughput:2807
episode:248/250, real avg travel time:260.97662889518415
step:3600/3600, q_loss:4.156464121568902e-05, rewards:-3.976226806640625, queue:0.9140625, delay:0.056204210966825485, throughput:2807
episode:249/250, real avg travel time:240.14270538243625
Hyperparameters saved to: data/output_data/tsc/cityflow_hyperlight_mappo/cityflow16x3/struct_16x3_seed1/hyperparameters.json
Loaded best checkpoint for final evaluation
Final Travel Time is 203.6710, mean rewards: -2.7613, queue: 0.6488, delay: 0.0434, throughput: 2807
Total time taken: 32126.829542160034
