hyperlight_mappo	TRAIN	0	291.2774	0.000188	-11.5164	3.5594	0.2226	3991
hyperlight_mappo	TEST	0	597.7214	0.000188	-39.9088	11.6767	0.3635	1590
hyperlight_mappo	TRAIN	1	294.8311	0.000153	-10.2410	3.3389	0.2072	3943
hyperlight_mappo	TRAIN	2	312.0880	0.000240	-11.2969	3.4775	0.2088	3932
hyperlight_mappo	TRAIN	3	290.6800	0.000078	-8.9763	2.8995	0.1947	3888
hyperlight_mappo	TRAIN	4	313.4791	0.000185	-9.4650	2.9786	0.1919	3874
hyperlight_mappo	TRAIN	5	273.5167	0.000021	-7.5566	2.4770	0.1812	4004
hyperlight_mappo	TEST	5	278.9802	0.000021	-10.7910	3.4878	0.1928	3736
hyperlight_mappo	TRAIN	6	263.3841	0.000020	-6.9636	2.3577	0.1761	4033
hyperlight_mappo	TRAIN	7	272.8501	0.000027	-6.9848	2.3694	0.1746	3997
hyperlight_mappo	TRAIN	8	253.5339	-0.000015	-5.6366	1.9459	0.1647	4027
hyperlight_mappo	TRAIN	9	242.6413	-0.000008	-5.3985	1.8144	0.1617	4034
hyperlight_mappo	TRAIN	10	236.9482	-0.000009	-4.9801	1.6634	0.1539	4051
hyperlight_mappo	TEST	10	384.9924	-0.000009	-14.2575	4.5149	0.2230	2761
hyperlight_mappo	TRAIN	11	237.6551	-0.000015	-4.4782	1.5869	0.1562	4042
hyperlight_mappo	TRAIN	12	244.4372	-0.000004	-4.5558	1.6292	0.1519	4060
hyperlight_mappo	TRAIN	13	224.3604	-0.000008	-4.3098	1.4960	0.1506	4048
hyperlight_mappo	TRAIN	14	236.2015	0.000087	-5.4226	1.7955	0.1540	4055
hyperlight_mappo	TRAIN	15	216.2018	-0.000014	-3.7814	1.3701	0.1431	4063
hyperlight_mappo	TEST	15	232.0851	-0.000014	-8.8057	3.3155	0.1657	3513
hyperlight_mappo	TRAIN	16	215.3925	-0.000016	-3.7418	1.3462	0.1415	4043
hyperlight_mappo	TRAIN	17	220.3081	-0.000016	-3.7580	1.3331	0.1418	4047
hyperlight_mappo	TRAIN	18	213.7554	-0.000018	-3.6708	1.3078	0.1398	4052
hyperlight_mappo	TRAIN	19	209.6847	-0.000009	-3.5719	1.2811	0.1373	4050
hyperlight_mappo	TRAIN	20	213.6817	-0.000007	-3.4534	1.2431	0.1339	4037
hyperlight_mappo	TEST	20	217.8354	-0.000007	-6.2405	2.2418	0.1413	3761
hyperlight_mappo	TRAIN	21	214.0311	-0.000006	-3.4979	1.2452	0.1340	3988
hyperlight_mappo	TRAIN	22	206.1684	-0.000010	-3.1853	1.1643	0.1340	3920
hyperlight_mappo	TRAIN	23	207.4173	-0.000011	-3.1912	1.1815	0.1309	3954
hyperlight_mappo	TRAIN	24	215.0683	-0.000002	-3.4769	1.2108	0.1347	4028
hyperlight_mappo	TRAIN	25	210.0625	-0.000005	-3.2835	1.2298	0.1345	4063
hyperlight_mappo	TEST	25	222.2735	-0.000005	-6.5028	2.2632	0.1458	3762
hyperlight_mappo	TRAIN	26	213.7353	-0.000012	-3.2878	1.2054	0.1331	3997
hyperlight_mappo	TRAIN	27	218.7207	0.000004	-3.6709	1.3013	0.1345	4007
hyperlight_mappo	TRAIN	28	207.5661	-0.000007	-3.0298	1.1526	0.1278	3946
hyperlight_mappo	TRAIN	29	205.3197	-0.000004	-2.9972	1.1328	0.1311	3982
hyperlight_mappo	TRAIN	30	202.9987	-0.000016	-2.8561	1.0984	0.1287	3982
hyperlight_mappo	TEST	30	216.4171	-0.000016	-5.9563	2.1712	0.1432	3762
hyperlight_mappo	TRAIN	31	207.0418	-0.000010	-3.1412	1.1541	0.1292	3972
hyperlight_mappo	TRAIN	32	209.9522	-0.000012	-3.4014	1.2324	0.1295	3973
hyperlight_mappo	TRAIN	33	209.7791	-0.000007	-3.2138	1.1528	0.1311	3957
hyperlight_mappo	TRAIN	34	216.3048	-0.000009	-3.3346	1.2384	0.1321	4022
hyperlight_mappo	TRAIN	35	210.3113	-0.000004	-3.3925	1.1955	0.1316	3909
hyperlight_mappo	TEST	35	298.6515	-0.000004	-7.4699	2.5020	0.1653	3745
hyperlight_mappo	TRAIN	36	209.0426	-0.000003	-3.0770	1.1546	0.1305	3995
hyperlight_mappo	TRAIN	37	214.1350	-0.000005	-3.5429	1.2429	0.1336	4006
hyperlight_mappo	TRAIN	38	215.0688	-0.000001	-3.2670	1.1661	0.1298	3954
hyperlight_mappo	TRAIN	39	222.1621	0.000008	-3.4298	1.2467	0.1323	3948
hyperlight_mappo	TRAIN	40	210.5921	-0.000003	-3.0461	1.1296	0.1286	3962
hyperlight_mappo	TEST	40	371.6438	-0.000003	-12.1285	3.9843	0.1957	3074
hyperlight_mappo	TRAIN	41	215.1971	-0.000011	-3.0881	1.1579	0.1297	3992
hyperlight_mappo	TRAIN	42	214.5866	-0.000006	-2.9770	1.1288	0.1308	3979
hyperlight_mappo	TRAIN	43	215.7634	-0.000002	-3.0267	1.1392	0.1291	3982
hyperlight_mappo	TRAIN	44	213.5822	-0.000009	-3.1572	1.1439	0.1319	3935
hyperlight_mappo	TRAIN	45	212.7526	-0.000004	-2.8603	1.0877	0.1245	3961
hyperlight_mappo	TEST	45	326.0273	-0.000004	-14.8513	4.5615	0.2075	2780
hyperlight_mappo	TRAIN	46	218.8647	-0.000003	-3.0002	1.1351	0.1300	3963
hyperlight_mappo	TRAIN	47	211.4930	-0.000007	-2.8022	1.0857	0.1262	4008
hyperlight_mappo	TRAIN	48	226.5703	-0.000005	-3.4479	1.2731	0.1381	4033
hyperlight_mappo	TRAIN	49	211.3945	-0.000009	-3.0987	1.1669	0.1280	4010
hyperlight_mappo	TRAIN	50	208.2709	-0.000006	-2.8416	1.0898	0.1293	4009
hyperlight_mappo	TEST	50	220.8480	-0.000006	-3.9730	1.5134	0.1355	3815
hyperlight_mappo	TRAIN	51	214.6677	-0.000005	-2.9791	1.1339	0.1296	4015
hyperlight_mappo	TRAIN	52	216.6828	-0.000006	-2.8610	1.0710	0.1285	3963
hyperlight_mappo	TRAIN	53	211.2546	-0.000003	-2.9944	1.1413	0.1300	4061
hyperlight_mappo	TRAIN	54	215.6129	-0.000006	-2.8669	1.0796	0.1262	3976
hyperlight_mappo	TRAIN	55	207.7832	-0.000012	-2.6691	1.0323	0.1255	3949
hyperlight_mappo	TEST	55	247.4805	-0.000012	-5.1977	1.6784	0.1465	3767
hyperlight_mappo	TRAIN	56	210.4481	-0.000005	-2.7065	1.0324	0.1255	3975
hyperlight_mappo	TRAIN	57	217.3834	-0.000002	-3.0140	1.1153	0.1264	3996
hyperlight_mappo	TRAIN	58	219.3573	-0.000006	-2.9917	1.1101	0.1297	3969
hyperlight_mappo	TRAIN	59	221.3538	-0.000002	-3.0214	1.0917	0.1274	3951
hyperlight_mappo	TRAIN	60	221.6578	0.000005	-2.9191	1.0726	0.1252	3936
hyperlight_mappo	TEST	60	286.7612	0.000005	-8.6439	2.9444	0.1809	3426
hyperlight_mappo	TRAIN	61	223.0609	-0.000004	-2.6758	1.0052	0.1247	3908
hyperlight_mappo	TRAIN	62	214.4443	-0.000006	-2.5321	0.9840	0.1241	3932
hyperlight_mappo	TRAIN	63	214.5617	-0.000002	-2.6446	1.0032	0.1227	3917
hyperlight_mappo	TRAIN	64	229.2877	0.000002	-2.9404	1.1108	0.1293	3956
hyperlight_mappo	TRAIN	65	219.7591	0.000001	-2.7159	1.0649	0.1257	4059
hyperlight_mappo	TEST	65	229.3916	0.000001	-2.8245	1.0652	0.1346	3800
hyperlight_mappo	TRAIN	66	236.8056	0.000037	-3.4029	1.1501	0.1289	4017
hyperlight_mappo	TRAIN	67	237.9922	0.000004	-2.9641	1.0906	0.1284	3985
hyperlight_mappo	TRAIN	68	223.6135	-0.000003	-2.8190	1.0820	0.1251	4067
hyperlight_mappo	TRAIN	69	217.4181	-0.000004	-2.6243	0.9947	0.1236	4023
hyperlight_mappo	TRAIN	70	220.3543	0.000002	-2.8612	1.1025	0.1268	4011
hyperlight_mappo	TEST	70	253.1997	0.000002	-3.6760	1.2852	0.1370	3766
hyperlight_mappo	TRAIN	71	231.7506	0.000077	-3.5320	1.2390	0.1282	3949
hyperlight_mappo	TRAIN	72	222.1057	0.000012	-3.0199	1.0976	0.1256	3908
hyperlight_mappo	TRAIN	73	218.9262	-0.000003	-2.7843	1.0224	0.1268	3914
hyperlight_mappo	TRAIN	74	214.2640	-0.000003	-2.5941	0.9889	0.1240	3921
hyperlight_mappo	TRAIN	75	212.1284	-0.000000	-2.5791	0.9827	0.1240	4010
hyperlight_mappo	TEST	75	255.2021	-0.000000	-6.3895	2.2981	0.1640	3582
hyperlight_mappo	TRAIN	76	210.4279	-0.000010	-2.5086	0.9840	0.1227	3952
hyperlight_mappo	TRAIN	77	214.6905	-0.000002	-2.8580	1.0601	0.1248	3990
hyperlight_mappo	TRAIN	78	212.5514	-0.000003	-2.5807	0.9821	0.1225	3917
hyperlight_mappo	TRAIN	79	214.7329	-0.000002	-2.6343	0.9972	0.1250	3972
hyperlight_mappo	TRAIN	80	221.7993	-0.000000	-2.6924	1.0266	0.1246	3957
hyperlight_mappo	TEST	80	291.1914	-0.000000	-7.6693	2.7065	0.1656	3578
hyperlight_mappo	TRAIN	81	213.6563	-0.000001	-2.5358	0.9763	0.1218	3907
hyperlight_mappo	TRAIN	82	216.3935	-0.000005	-2.5170	0.9922	0.1220	4061
hyperlight_mappo	TRAIN	83	216.8366	0.000031	-3.0241	1.1189	0.1245	3954
hyperlight_mappo	TRAIN	84	245.2766	0.000099	-3.7129	1.2570	0.1278	3980
hyperlight_mappo	TRAIN	85	220.7966	0.000057	-3.1905	1.1311	0.1244	3963
hyperlight_mappo	TEST	85	260.1255	0.000057	-4.0188	1.3429	0.1369	3738
hyperlight_mappo	TRAIN	86	220.8264	-0.000003	-2.7202	1.0386	0.1245	3974
hyperlight_mappo	TRAIN	87	226.4232	-0.000009	-2.5433	0.9811	0.1234	3960
hyperlight_mappo	TRAIN	88	239.4311	0.000024	-3.3800	1.1520	0.1269	3927
hyperlight_mappo	TRAIN	89	239.4308	0.000002	-3.1948	1.1315	0.1268	3946
hyperlight_mappo	TRAIN	90	237.2194	0.000022	-3.2914	1.1644	0.1296	4057
hyperlight_mappo	TEST	90	245.8151	0.000022	-4.9224	1.4001	0.1373	3623
hyperlight_mappo	TRAIN	91	239.8077	-0.000001	-2.8777	1.0418	0.1282	4020
hyperlight_mappo	TRAIN	92	241.7543	0.000107	-3.8903	1.2425	0.1291	4005
hyperlight_mappo	TRAIN	93	247.9707	0.000028	-3.5436	1.2187	0.1286	3990
hyperlight_mappo	TRAIN	94	288.2543	0.000071	-3.7985	1.2918	0.1335	4035
hyperlight_mappo	TRAIN	95	263.0629	0.000030	-3.5217	1.2201	0.1321	3973
hyperlight_mappo	TEST	95	247.5748	0.000030	-3.4754	1.1623	0.1377	3751
hyperlight_mappo	TRAIN	96	226.6800	-0.000002	-2.5873	0.9942	0.1231	3969
hyperlight_mappo	TRAIN	97	241.9191	0.000013	-2.9154	1.0475	0.1230	3978
hyperlight_mappo	TRAIN	98	237.8818	-0.000001	-2.6111	0.9618	0.1220	3933
hyperlight_mappo	TRAIN	99	257.7039	0.000014	-3.4367	1.1790	0.1285	3870
hyperlight_mappo	TRAIN	100	229.9642	0.000001	-2.5870	0.9749	0.1224	3881
hyperlight_mappo	TEST	100	250.6868	0.000001	-6.3145	1.8089	0.1454	3518
hyperlight_mappo	TRAIN	101	233.9980	-0.000000	-2.7483	1.0087	0.1233	3948
hyperlight_mappo	TRAIN	102	249.5398	0.000103	-3.7626	1.2730	0.1270	3957
hyperlight_mappo	TRAIN	103	260.3159	0.000084	-3.8221	1.2615	0.1283	3922
hyperlight_mappo	TRAIN	104	254.3648	0.000015	-3.4560	1.1626	0.1291	3920
hyperlight_mappo	TRAIN	105	234.0434	-0.000000	-2.6767	0.9840	0.1223	3916
hyperlight_mappo	TEST	105	250.6053	-0.000000	-3.8375	1.2324	0.1377	3732
hyperlight_mappo	TRAIN	106	243.0488	0.000004	-2.7745	1.0140	0.1245	3936
hyperlight_mappo	TRAIN	107	239.1466	0.000005	-2.6923	0.9955	0.1208	4003
hyperlight_mappo	TRAIN	108	235.8274	-0.000000	-2.7207	1.0004	0.1225	3957
hyperlight_mappo	TRAIN	109	240.9393	-0.000001	-2.9479	1.0577	0.1267	4067
hyperlight_mappo	TRAIN	110	230.7042	-0.000007	-2.6458	1.0044	0.1227	3992
hyperlight_mappo	TEST	110	238.1451	-0.000007	-3.4363	1.1869	0.1315	3791
hyperlight_mappo	TRAIN	111	221.4265	-0.000001	-2.5442	0.9784	0.1234	3885
hyperlight_mappo	TRAIN	112	241.5984	0.000055	-3.7055	1.1751	0.1301	4006
hyperlight_mappo	TRAIN	113	227.4257	-0.000002	-2.5352	0.9921	0.1248	4024
hyperlight_mappo	TRAIN	114	249.1157	0.000003	-3.1674	1.0985	0.1258	3967
hyperlight_mappo	TRAIN	115	274.6147	0.000132	-4.9115	1.3971	0.1365	3877
hyperlight_mappo	TEST	115	337.4121	0.000132	-7.2268	1.9739	0.1462	3567
hyperlight_mappo	TRAIN	116	275.4367	0.000054	-3.8750	1.3058	0.1342	3982
hyperlight_mappo	TRAIN	117	237.6846	-0.000001	-2.5505	0.9683	0.1215	3967
hyperlight_mappo	TRAIN	118	251.9150	0.000070	-3.4314	1.1782	0.1263	3917
hyperlight_mappo	TRAIN	119	266.0728	0.000126	-4.4715	1.3530	0.1320	3804
hyperlight_mappo	TRAIN	120	239.3069	-0.000004	-2.6909	0.9770	0.1200	3861
hyperlight_mappo	TEST	120	298.7530	-0.000004	-5.6333	1.5937	0.1431	3676
hyperlight_mappo	TRAIN	121	253.0964	0.000016	-3.1134	1.0905	0.1247	3890
hyperlight_mappo	TRAIN	122	316.0225	0.000249	-5.3308	1.5546	0.1358	3873
hyperlight_mappo	TRAIN	123	271.1606	0.000131	-4.4310	1.3966	0.1300	3737
hyperlight_mappo	TRAIN	124	241.9497	0.000006	-2.9486	1.0370	0.1243	3893
hyperlight_mappo	TRAIN	125	264.5151	0.000074	-4.2310	1.2827	0.1355	4005
hyperlight_mappo	TEST	125	297.7462	0.000074	-6.0181	1.6913	0.1500	3617
hyperlight_mappo	TRAIN	126	297.6928	0.000166	-5.2822	1.5029	0.1358	3887
hyperlight_mappo	TRAIN	127	247.0059	0.000006	-3.2612	1.0886	0.1262	3887
hyperlight_mappo	TRAIN	128	238.4533	0.000014	-3.2016	1.1011	0.1238	3938
hyperlight_mappo	TRAIN	129	243.5308	0.000004	-2.9739	1.0222	0.1229	4015
hyperlight_mappo	TRAIN	130	271.1458	0.000016	-3.3055	1.1058	0.1246	3897
hyperlight_mappo	TEST	130	261.0502	0.000016	-4.1751	1.3254	0.1318	3563
hyperlight_mappo	TRAIN	131	238.3511	0.000005	-3.2636	1.0824	0.1237	3939
hyperlight_mappo	TRAIN	132	251.4866	0.000019	-3.6309	1.1934	0.1283	3989
hyperlight_mappo	TRAIN	133	257.5343	0.000019	-3.6486	1.1938	0.1285	3919
hyperlight_mappo	TRAIN	134	268.6292	0.000034	-4.0909	1.2956	0.1313	3867
hyperlight_mappo	TRAIN	135	259.7373	0.000103	-4.0967	1.2579	0.1227	3890
hyperlight_mappo	TEST	135	288.4074	0.000103	-3.8109	1.2357	0.1312	3746
hyperlight_mappo	TRAIN	136	242.3264	0.000010	-3.1384	1.0528	0.1216	3928
hyperlight_mappo	TRAIN	137	251.0760	0.000057	-3.9516	1.2483	0.1263	3946
hyperlight_mappo	TRAIN	138	244.3301	0.000016	-3.3002	1.1237	0.1239	3932
hyperlight_mappo	TRAIN	139	240.5637	0.000002	-3.2206	1.1049	0.1268	3977
hyperlight_mappo	TRAIN	140	235.6486	0.000007	-2.8428	0.9841	0.1199	3953
hyperlight_mappo	TEST	140	285.7278	0.000007	-5.2383	1.4726	0.1309	3707
hyperlight_mappo	TRAIN	141	231.2828	0.000009	-2.8418	1.0012	0.1206	3961
hyperlight_mappo	TRAIN	142	240.9738	0.000003	-2.7560	0.9823	0.1229	3968
hyperlight_mappo	TRAIN	143	239.1372	0.000008	-2.6580	0.9607	0.1184	3862
hyperlight_mappo	TRAIN	144	243.1652	0.000000	-2.6491	0.9757	0.1221	4020
hyperlight_mappo	TRAIN	145	235.2273	-0.000002	-2.5097	0.9444	0.1193	4061
hyperlight_mappo	TEST	145	258.9618	-0.000002	-3.6255	1.1865	0.1254	3718
hyperlight_mappo	TRAIN	146	240.4935	0.000001	-2.5920	0.9519	0.1198	3945
hyperlight_mappo	TRAIN	147	237.0522	-0.000005	-2.6037	0.9659	0.1214	3905
hyperlight_mappo	TRAIN	148	264.2794	0.000010	-3.3985	1.1335	0.1253	3858
hyperlight_mappo	TRAIN	149	255.9800	0.000065	-3.4145	1.1492	0.1234	3850
hyperlight_mappo	TRAIN	150	238.1871	-0.000001	-2.6051	0.9422	0.1171	3865
hyperlight_mappo	TEST	150	268.2352	-0.000001	-4.2051	1.3197	0.1320	3758
hyperlight_mappo	TRAIN	151	237.0440	-0.000001	-2.4815	0.9439	0.1210	3956
hyperlight_mappo	TRAIN	152	268.0169	0.000245	-5.2901	1.5335	0.1276	3783
hyperlight_mappo	TRAIN	153	240.4502	0.000009	-2.5414	0.9561	0.1199	3896
hyperlight_mappo	TRAIN	154	252.9605	0.000041	-3.2705	1.0955	0.1226	3924
hyperlight_mappo	TRAIN	155	241.5150	0.000066	-3.5270	1.1813	0.1246	3903
hyperlight_mappo	TEST	155	238.3428	0.000066	-4.9439	1.4615	0.1293	3445
hyperlight_mappo	TRAIN	156	241.3788	0.000016	-3.0354	1.0421	0.1230	3931
hyperlight_mappo	TRAIN	157	266.4122	0.000150	-4.4259	1.3259	0.1267	3780
hyperlight_mappo	TRAIN	158	336.0045	0.000411	-6.4309	1.8896	0.1378	3804
hyperlight_mappo	TRAIN	159	232.5146	0.000002	-2.5349	0.9495	0.1177	3894
hyperlight_mappo	TRAIN	160	234.1263	0.000009	-2.7208	0.9993	0.1208	3990
hyperlight_mappo	TEST	160	285.3579	0.000009	-4.2754	1.2836	0.1354	3702
hyperlight_mappo	TRAIN	161	251.0982	0.000058	-3.2549	1.1177	0.1217	3868
hyperlight_mappo	TRAIN	162	261.7737	0.000123	-3.8996	1.2193	0.1249	3879
hyperlight_mappo	TRAIN	163	257.7992	0.000070	-3.6008	1.1803	0.1265	3855
hyperlight_mappo	TRAIN	164	245.2818	0.000067	-3.3790	1.1474	0.1253	3943
hyperlight_mappo	TRAIN	165	240.1271	0.000001	-2.7870	1.0034	0.1240	3933
hyperlight_mappo	TEST	165	241.8138	0.000001	-4.8127	1.4134	0.1319	3534
hyperlight_mappo	TRAIN	166	249.2392	0.000007	-2.7967	0.9933	0.1212	3888
hyperlight_mappo	TRAIN	167	254.3674	0.000034	-3.3431	1.0956	0.1261	4001
hyperlight_mappo	TRAIN	168	242.6487	0.000007	-2.9976	1.0587	0.1264	3934
hyperlight_mappo	TRAIN	169	249.4147	0.000032	-3.7070	1.1882	0.1249	3972
hyperlight_mappo	TRAIN	170	284.2289	0.000012	-3.4901	1.1608	0.1278	4010
hyperlight_mappo	TEST	170	265.1617	0.000012	-4.2372	1.3119	0.1277	3685
hyperlight_mappo	TRAIN	171	235.8683	0.000003	-2.9789	1.0187	0.1231	3956
hyperlight_mappo	TRAIN	172	237.0724	-0.000002	-2.8941	1.0048	0.1223	3922
hyperlight_mappo	TRAIN	173	270.8508	0.000096	-4.1155	1.2690	0.1282	4042
hyperlight_mappo	TRAIN	174	253.3560	0.000017	-3.5370	1.1467	0.1279	4011
hyperlight_mappo	TRAIN	175	292.9808	0.000107	-4.5551	1.4149	0.1299	3968
hyperlight_mappo	TEST	175	281.5956	0.000107	-4.3985	1.3636	0.1288	3717
hyperlight_mappo	TRAIN	176	288.4641	0.000210	-5.5973	1.5812	0.1333	3917
hyperlight_mappo	TRAIN	177	255.7581	0.000074	-3.9118	1.1951	0.1273	3886
hyperlight_mappo	TRAIN	178	260.1683	0.000022	-3.5151	1.1249	0.1218	3928
hyperlight_mappo	TRAIN	179	260.1163	0.000005	-3.2847	1.0741	0.1215	3954
hyperlight_mappo	TRAIN	180	297.1245	0.000330	-5.8738	1.6751	0.1338	3832
hyperlight_mappo	TEST	180	269.2112	0.000330	-4.0376	1.2283	0.1319	3703
hyperlight_mappo	TRAIN	181	253.2181	-0.000001	-3.4550	1.0956	0.1226	3916
hyperlight_mappo	TRAIN	182	312.4537	0.000294	-6.4633	1.8300	0.1348	3919
hyperlight_mappo	TRAIN	183	256.0638	0.000005	-3.3149	1.0913	0.1265	3964
hyperlight_mappo	TRAIN	184	260.5148	0.000057	-3.7720	1.2303	0.1282	3990
hyperlight_mappo	TRAIN	185	242.2472	0.000001	-2.8890	1.0044	0.1221	3976
hyperlight_mappo	TEST	185	308.8217	0.000001	-7.4777	1.9698	0.1533	3562
hyperlight_mappo	TRAIN	186	249.6712	0.000080	-3.9876	1.2659	0.1234	3865
hyperlight_mappo	TRAIN	187	241.1505	0.000005	-3.0343	1.0443	0.1216	4014
hyperlight_mappo	TRAIN	188	253.7297	0.000090	-4.1733	1.3210	0.1276	3970
hyperlight_mappo	TRAIN	189	274.5958	0.000130	-4.6149	1.3791	0.1319	4035
hyperlight_mappo	TRAIN	190	287.2391	0.000054	-3.8262	1.2663	0.1304	4011
hyperlight_mappo	TEST	190	303.7855	0.000054	-4.8329	1.5315	0.1364	3735
hyperlight_mappo	TRAIN	191	264.5888	0.000091	-4.3765	1.4114	0.1314	4020
hyperlight_mappo	TRAIN	192	243.9281	0.000003	-3.0386	1.0422	0.1240	4034
hyperlight_mappo	TRAIN	193	253.4082	0.000287	-5.5506	1.5880	0.1342	3751
hyperlight_mappo	TRAIN	194	244.8435	0.000007	-2.7962	1.0050	0.1221	4033
hyperlight_mappo	TRAIN	195	251.0432	0.000095	-3.9940	1.2689	0.1270	3934
hyperlight_mappo	TEST	195	259.3127	0.000095	-3.6252	1.1159	0.1284	3723
hyperlight_mappo	TRAIN	196	273.0232	0.000067	-4.1163	1.3067	0.1311	4001
hyperlight_mappo	TRAIN	197	275.8758	0.000113	-4.4902	1.3734	0.1330	3994
hyperlight_mappo	TRAIN	198	238.3146	0.000007	-2.6655	0.9923	0.1254	4037
hyperlight_mappo	TRAIN	199	271.6597	0.000171	-4.4200	1.4263	0.1264	3973
hyperlight_mappo	TRAIN	200	243.4431	0.000006	-3.1384	1.0702	0.1266	4042
hyperlight_mappo	TEST	200	268.0129	0.000006	-3.9235	1.1853	0.1300	3724
hyperlight_mappo	TRAIN	201	268.2451	0.000119	-4.3212	1.3425	0.1316	3925
hyperlight_mappo	TRAIN	202	228.8901	0.000003	-2.7823	0.9815	0.1212	3996
hyperlight_mappo	TRAIN	203	252.1430	0.000019	-2.9520	1.0393	0.1239	3952
hyperlight_mappo	TRAIN	204	296.1476	0.000079	-3.9376	1.2701	0.1272	3916
hyperlight_mappo	TRAIN	205	250.1195	0.000002	-2.9601	1.0265	0.1245	3943
hyperlight_mappo	TEST	205	292.2993	0.000002	-6.5192	1.7927	0.1389	3425
hyperlight_mappo	TRAIN	206	241.6934	0.000010	-2.8220	1.0171	0.1237	3966
hyperlight_mappo	TRAIN	207	250.4503	0.000074	-3.5765	1.1929	0.1249	3953
hyperlight_mappo	TRAIN	208	248.4331	0.000002	-3.1152	1.0565	0.1237	3978
hyperlight_mappo	TRAIN	209	251.8909	0.000020	-3.3549	1.1430	0.1266	4005
hyperlight_mappo	TRAIN	210	239.9955	0.000008	-2.5538	0.9549	0.1200	3957
hyperlight_mappo	TEST	210	249.0583	0.000008	-3.2858	1.0858	0.1219	3771
hyperlight_mappo	TRAIN	211	233.5674	0.000006	-2.5731	0.9692	0.1212	3994
hyperlight_mappo	TRAIN	212	238.8408	0.000002	-2.5520	0.9690	0.1212	4051
hyperlight_mappo	TRAIN	213	239.0413	0.000009	-2.7153	1.0052	0.1216	4046
hyperlight_mappo	TRAIN	214	266.6648	0.000067	-3.6646	1.2196	0.1272	4051
hyperlight_mappo	TRAIN	215	247.2527	0.000008	-2.6638	0.9914	0.1242	4025
hyperlight_mappo	TEST	215	268.1066	0.000008	-6.2382	1.7520	0.1369	3479
hyperlight_mappo	TRAIN	216	225.8703	0.000001	-2.4942	0.9513	0.1204	4048
hyperlight_mappo	TRAIN	217	246.2966	0.000071	-3.6711	1.2089	0.1240	3955
hyperlight_mappo	TRAIN	218	250.5271	0.000066	-3.4281	1.1663	0.1274	4045
hyperlight_mappo	TRAIN	219	235.3308	-0.000001	-2.5484	0.9522	0.1209	4020
hyperlight_mappo	TRAIN	220	266.7750	0.000032	-3.3208	1.1312	0.1282	4018
hyperlight_mappo	TEST	220	261.0964	0.000032	-3.8831	1.2135	0.1244	3828
hyperlight_mappo	TRAIN	221	240.6618	0.000007	-2.8491	1.0351	0.1257	4054
hyperlight_mappo	TRAIN	222	231.6416	0.000002	-2.3752	0.9239	0.1187	4010
hyperlight_mappo	TRAIN	223	230.2807	0.000001	-2.5048	0.9356	0.1196	4018
hyperlight_mappo	TRAIN	224	234.3771	-0.000001	-2.6229	0.9522	0.1221	4010
hyperlight_mappo	TRAIN	225	243.0070	0.000031	-3.6443	1.2339	0.1320	3865
hyperlight_mappo	TEST	225	240.8027	0.000031	-2.6521	0.9638	0.1194	3806
hyperlight_mappo	TRAIN	226	221.1562	0.000001	-2.4571	0.9537	0.1190	4032
hyperlight_mappo	TRAIN	227	218.2116	-0.000006	-2.5146	0.9663	0.1217	4035
hyperlight_mappo	TRAIN	228	219.5164	-0.000004	-2.3054	0.9044	0.1193	3956
hyperlight_mappo	TRAIN	229	214.3519	-0.000004	-2.2851	0.8889	0.1171	3975
hyperlight_mappo	TRAIN	230	218.0062	-0.000006	-2.4737	0.9522	0.1203	4038
hyperlight_mappo	TEST	230	280.2915	-0.000006	-4.4068	1.3373	0.1293	3664
hyperlight_mappo	TRAIN	231	251.8402	0.000132	-4.3626	1.3475	0.1271	3868
hyperlight_mappo	TRAIN	232	220.4748	-0.000007	-2.3587	0.9050	0.1178	3974
hyperlight_mappo	TRAIN	233	252.8027	0.000065	-3.2174	1.1140	0.1217	4045
hyperlight_mappo	TRAIN	234	220.9360	-0.000005	-2.3724	0.8989	0.1178	3967
hyperlight_mappo	TRAIN	235	239.7743	0.000025	-2.8724	1.0101	0.1196	3997
hyperlight_mappo	TEST	235	269.3871	0.000025	-4.5560	1.3511	0.1307	3606
hyperlight_mappo	TRAIN	236	230.1141	-0.000001	-2.3105	0.8893	0.1170	3890
hyperlight_mappo	TRAIN	237	215.3777	0.000104	-3.3352	1.1132	0.1209	3932
hyperlight_mappo	TRAIN	238	242.1956	0.000069	-3.4656	1.1862	0.1247	4039
hyperlight_mappo	TRAIN	239	214.4259	-0.000001	-2.3130	0.9079	0.1167	4022
hyperlight_mappo	TRAIN	240	215.4018	-0.000001	-2.3181	0.9012	0.1180	4012
hyperlight_mappo	TEST	240	237.0809	-0.000001	-3.0037	0.9853	0.1164	3793
hyperlight_mappo	TRAIN	241	275.2975	0.000222	-4.5312	1.4513	0.1301	4051
hyperlight_mappo	TRAIN	242	216.1139	-0.000002	-2.3672	0.9192	0.1188	4065
hyperlight_mappo	TRAIN	243	235.0204	0.000012	-3.1287	1.0663	0.1287	4074
hyperlight_mappo	TRAIN	244	217.9864	0.000008	-2.4825	0.9525	0.1201	4050
hyperlight_mappo	TRAIN	245	214.3649	-0.000005	-2.1869	0.8696	0.1162	4023
hyperlight_mappo	TEST	245	251.9805	-0.000005	-3.7254	1.2181	0.1209	3794
hyperlight_mappo	TRAIN	246	230.0748	0.000015	-3.0794	1.0380	0.1236	4022
hyperlight_mappo	TRAIN	247	213.3497	0.000001	-2.4117	0.9353	0.1198	4044
hyperlight_mappo	TRAIN	248	230.6372	0.000006	-2.7392	0.9849	0.1197	4032
hyperlight_mappo	TRAIN	249	242.8156	0.000076	-3.4569	1.1988	0.1258	4014
