structural conditioning spec: structural_v1:in_lane_count,out_lane_count
structural features (min/mean/max): in_lane_count[12/12.00/12] out_lane_count[12/12.00/12]
step:3600/3600, q_loss:0.002914231601688597, rewards:-21.344234466552734, queue:15.922395706176758, delay:0.12377356737852097, throughput:2390
episode:0/250, real avg travel time:743.6218571907476
Test step:0/250, travel time :1165.7294669795508, rewards:-66.03555297851562, queue:49.64323043823242, delay:0.28254106640815735, throughput:2202
New best TEST travel time 1165.7295 at episode 0, saved as best checkpoint
step:3600/3600, q_loss:0.002207463496813068, rewards:-19.664745330810547, queue:14.654861450195312, delay:0.12417002767324448, throughput:2537
episode:1/250, real avg travel time:665.353000335233
step:3600/3600, q_loss:0.0016573049541976717, rewards:-16.96354103088379, queue:12.620312690734863, delay:0.1269425004720688, throughput:2657
episode:2/250, real avg travel time:604.2604760308415
step:3600/3600, q_loss:0.0018804440895716348, rewards:-19.6031494140625, queue:14.618576049804688, delay:0.12923166155815125, throughput:2627
episode:3/250, real avg travel time:634.2976868923902
step:3600/3600, q_loss:0.0008052529836142505, rewards:-14.256922721862793, queue:10.583333015441895, delay:0.13259108364582062, throughput:2815
episode:4/250, real avg travel time:518.642641635937
step:3600/3600, q_loss:0.001122860079286275, rewards:-15.56648063659668, queue:11.568750381469727, delay:0.12801261246204376, throughput:2732
episode:5/250, real avg travel time:571.1387864565874
Test step:5/250, travel time :1165.7294669795508, rewards:-66.03555297851562, queue:49.64323043823242, delay:0.28254106640815735, throughput:2202
step:3600/3600, q_loss:0.0008490754912296931, rewards:-13.266643524169922, queue:9.832118034362793, delay:0.12392579019069672, throughput:2747
episode:6/250, real avg travel time:538.325846463292
step:3600/3600, q_loss:0.000435435261439394, rewards:-11.19279956817627, queue:8.267708778381348, delay:0.12660381197929382, throughput:2855
episode:7/250, real avg travel time:471.99396580623534
step:3600/3600, q_loss:0.0005579859294273235, rewards:-12.15381908416748, queue:9.012673377990723, delay:0.12911847233772278, throughput:2827
episode:8/250, real avg travel time:495.2718739523969
step:3600/3600, q_loss:0.00031044741885529625, rewards:-10.13631820678711, queue:7.489583492279053, delay:0.12654855847358704, throughput:2851
episode:9/250, real avg travel time:456.3650687227623
step:3600/3600, q_loss:0.000616133316523499, rewards:-12.369677543640137, queue:9.165277481079102, delay:0.12256553769111633, throughput:2816
episode:10/250, real avg travel time:501.08514917867916
Test step:10/250, travel time :1165.7294669795508, rewards:-66.03555297851562, queue:49.64323043823242, delay:0.28254106640815735, throughput:2202
step:3600/3600, q_loss:0.00044884241910444366, rewards:-11.260903358459473, queue:8.335416793823242, delay:0.12807437777519226, throughput:2835
episode:11/250, real avg travel time:473.6543747904794
step:3600/3600, q_loss:0.00013555974863400615, rewards:-8.28754711151123, queue:6.089062690734863, delay:0.1263597011566162, throughput:2883
episode:12/250, real avg travel time:426.39523969158563
step:3600/3600, q_loss:0.00020741644505135437, rewards:-9.015926361083984, queue:6.640451431274414, delay:0.12829390168190002, throughput:2892
episode:13/250, real avg travel time:441.52966811934294
step:3600/3600, q_loss:1.7486817927824125e-05, rewards:-6.384490489959717, queue:4.661458492279053, delay:0.13104824721813202, throughput:2912
episode:14/250, real avg travel time:393.4458598726115
step:3600/3600, q_loss:-9.751519947140305e-06, rewards:-5.772454261779785, queue:4.196354389190674, delay:0.13182432949543, throughput:2895
episode:15/250, real avg travel time:381.416359369762
Test step:15/250, travel time :977.3355682199128, rewards:-52.156044006347656, queue:39.21284866333008, delay:0.2964300811290741, throughput:2544
New best TEST travel time 977.3356 at episode 15, saved as best checkpoint
step:3600/3600, q_loss:-2.1658310692550407e-05, rewards:-5.385740280151367, queue:3.9010417461395264, delay:0.1280941218137741, throughput:2914
episode:16/250, real avg travel time:376.03486423064027
step:3600/3600, q_loss:-3.127026225060776e-05, rewards:-4.475139141082764, queue:3.215625047683716, delay:0.11957620829343796, throughput:2922
episode:17/250, real avg travel time:362.27891384512236
step:3600/3600, q_loss:-2.296119993035164e-05, rewards:-4.41761589050293, queue:3.1743054389953613, delay:0.11324778944253922, throughput:2924
episode:18/250, real avg travel time:362.7287965135769
step:3600/3600, q_loss:-3.2980455499556326e-05, rewards:-3.9678471088409424, queue:2.828125, delay:0.10659144818782806, throughput:2927
episode:19/250, real avg travel time:356.1193429433456
step:3600/3600, q_loss:-3.0908843338558516e-05, rewards:-4.0137038230896, queue:2.8651041984558105, delay:0.1090008020401001, throughput:2925
episode:20/250, real avg travel time:356.6030841434797
Test step:20/250, travel time :665.3593697619846, rewards:-28.276784896850586, queue:21.208507537841797, delay:0.24204717576503754, throughput:2795
New best TEST travel time 665.3594 at episode 20, saved as best checkpoint
step:3600/3600, q_loss:-3.13199644787582e-05, rewards:-3.7696757316589355, queue:2.68298602104187, delay:0.10409818589687347, throughput:2927
episode:21/250, real avg travel time:353.5360375460945
step:3600/3600, q_loss:-3.863081521423602e-05, rewards:-3.990694761276245, queue:2.84826397895813, delay:0.10774122923612595, throughput:2931
episode:22/250, real avg travel time:356.0419041233657
step:3600/3600, q_loss:-3.021514146692223e-05, rewards:-3.6666436195373535, queue:2.6116318702697754, delay:0.1063157394528389, throughput:2923
episode:23/250, real avg travel time:350.7666778410996
step:3600/3600, q_loss:-3.477029278184529e-05, rewards:-3.324629783630371, queue:2.3532986640930176, delay:0.10310298204421997, throughput:2924
episode:24/250, real avg travel time:345.93496480053636
step:3600/3600, q_loss:-3.71078180183691e-05, rewards:-3.4452319145202637, queue:2.4310762882232666, delay:0.10561954975128174, throughput:2927
episode:25/250, real avg travel time:347.7576265504526
Test step:25/250, travel time :560.0760978880322, rewards:-20.316530227661133, queue:15.19704818725586, delay:0.2432623952627182, throughput:2842
New best TEST travel time 560.0761 at episode 25, saved as best checkpoint
step:3600/3600, q_loss:-3.5356512914101286e-05, rewards:-3.172685146331787, queue:2.234722137451172, delay:0.09936347603797913, throughput:2929
episode:26/250, real avg travel time:343.96815286624206
step:3600/3600, q_loss:-3.994715408663507e-05, rewards:-3.1545145511627197, queue:2.222395896911621, delay:0.09986500442028046, throughput:2929
episode:27/250, real avg travel time:343.2926583975863
step:3600/3600, q_loss:-3.919467282550478e-05, rewards:-3.0792365074157715, queue:2.1619791984558105, delay:0.09766733646392822, throughput:2927
episode:28/250, real avg travel time:342.21555481059335
step:3600/3600, q_loss:-3.725691995997396e-05, rewards:-2.8941433429718018, queue:2.0223958492279053, delay:0.09532991796731949, throughput:2929
episode:29/250, real avg travel time:339.1840429098223
step:3600/3600, q_loss:-4.02330994364564e-05, rewards:-3.0188424587249756, queue:2.1111111640930176, delay:0.09658660739660263, throughput:2927
episode:30/250, real avg travel time:341.3607106939323
Test step:30/250, travel time :363.606436473349, rewards:-4.905486583709717, queue:3.563194513320923, delay:0.13647066056728363, throughput:2920
New best TEST travel time 363.6064 at episode 30, saved as best checkpoint
step:3600/3600, q_loss:-4.0835184174486335e-05, rewards:-2.8205325603485107, queue:1.9701389074325562, delay:0.0953219085931778, throughput:2928
episode:31/250, real avg travel time:338.3617163928931
step:3600/3600, q_loss:-4.452228054611219e-05, rewards:-2.707453727722168, queue:1.8887152671813965, delay:0.09003473073244095, throughput:2929
episode:32/250, real avg travel time:336.90211196781763
step:3600/3600, q_loss:-4.3508714642720636e-05, rewards:-2.590602159500122, queue:1.7902777194976807, delay:0.08975392580032349, throughput:2933
episode:33/250, real avg travel time:335.41099564197117
step:3600/3600, q_loss:-4.018889265824799e-05, rewards:-2.5991666316986084, queue:1.7963541746139526, delay:0.08660401403903961, throughput:2931
episode:34/250, real avg travel time:335.5615152531009
step:3600/3600, q_loss:-3.7105923897966186e-05, rewards:-2.4936344623565674, queue:1.7232638597488403, delay:0.08535511791706085, throughput:2930
episode:35/250, real avg travel time:334.04492122024806
Test step:35/250, travel time :337.0533020449212, rewards:-2.787684917449951, queue:1.9585069417953491, delay:0.09908944368362427, throughput:2929
New best TEST travel time 337.0533 at episode 35, saved as best checkpoint
step:3600/3600, q_loss:-4.088911809958517e-05, rewards:-2.4805095195770264, queue:1.7126736640930176, delay:0.08578908443450928, throughput:2932
episode:36/250, real avg travel time:333.6352665102246
step:3600/3600, q_loss:-3.2856786209676e-05, rewards:-2.4028239250183105, queue:1.6545138359069824, delay:0.08231248706579208, throughput:2930
episode:37/250, real avg travel time:332.5923566878981
step:3600/3600, q_loss:-4.522308159654063e-05, rewards:-2.3977084159851074, queue:1.648263931274414, delay:0.08195146173238754, throughput:2930
episode:38/250, real avg travel time:332.63023801542073
step:3600/3600, q_loss:-4.305124791614987e-05, rewards:-2.3775925636291504, queue:1.6348958015441895, delay:0.08256593346595764, throughput:2927
episode:39/250, real avg travel time:332.2437143814951
step:3600/3600, q_loss:-3.8927036803215743e-05, rewards:-2.3348612785339355, queue:1.5973957777023315, delay:0.08125852793455124, throughput:2929
episode:40/250, real avg travel time:331.5316795172645
Test step:40/250, travel time :326.69024472008044, rewards:-2.0353705883026123, queue:1.3923611640930176, delay:0.0789203941822052, throughput:2932
New best TEST travel time 326.6902 at episode 40, saved as best checkpoint
step:3600/3600, q_loss:-3.9562062011100355e-05, rewards:-2.270277976989746, queue:1.556249976158142, delay:0.08002834022045135, throughput:2933
episode:41/250, real avg travel time:330.6667784109956
step:3600/3600, q_loss:-3.641471611680808e-05, rewards:-2.1970601081848145, queue:1.5017361640930176, delay:0.07738024741411209, throughput:2931
episode:42/250, real avg travel time:329.55950385517934
step:3600/3600, q_loss:-2.7555321705424123e-05, rewards:-2.2043282985687256, queue:1.5092014074325562, delay:0.07688947021961212, throughput:2931
episode:43/250, real avg travel time:329.76265504525645
step:3600/3600, q_loss:-3.640333220742091e-05, rewards:-2.164259433746338, queue:1.4868055582046509, delay:0.07757054269313812, throughput:2932
episode:44/250, real avg travel time:329.00469326181695
step:3600/3600, q_loss:-3.4824370070257124e-05, rewards:-2.034398078918457, queue:1.390451431274414, delay:0.07461793720722198, throughput:2931
episode:45/250, real avg travel time:326.91619175326855
Test step:45/250, travel time :326.6885685551458, rewards:-2.0820369720458984, queue:1.4392361640930176, delay:0.07877257466316223, throughput:2931
New best TEST travel time 326.6886 at episode 45, saved as best checkpoint
step:3600/3600, q_loss:-3.814171046811949e-05, rewards:-2.0378010272979736, queue:1.3975694179534912, delay:0.07560895383358002, throughput:2930
episode:46/250, real avg travel time:326.97452229299364
step:3600/3600, q_loss:-2.796008603009223e-05, rewards:-2.038055658340454, queue:1.4010416269302368, delay:0.07404401898384094, throughput:2933
episode:47/250, real avg travel time:327.0107274555816
step:3600/3600, q_loss:-3.0920290198453045e-05, rewards:-2.0740973949432373, queue:1.4243055582046509, delay:0.07871442288160324, throughput:2930
episode:48/250, real avg travel time:327.1612470667114
step:3600/3600, q_loss:-3.291469798164649e-05, rewards:-1.9744211435317993, queue:1.3545138835906982, delay:0.0728372186422348, throughput:2933
episode:49/250, real avg travel time:325.5162587998659
step:3600/3600, q_loss:-3.66641389619973e-05, rewards:-2.0417821407318115, queue:1.3937499523162842, delay:0.07567949593067169, throughput:2933
episode:50/250, real avg travel time:327.04358028830035
Test step:50/250, travel time :325.45960442507544, rewards:-1.9834257364273071, queue:1.3684027194976807, delay:0.07653965055942535, throughput:2932
New best TEST travel time 325.4596 at episode 50, saved as best checkpoint
step:3600/3600, q_loss:-3.7147291651409534e-05, rewards:-2.0590741634368896, queue:1.410243034362793, delay:0.07432007789611816, throughput:2931
episode:51/250, real avg travel time:327.23868588669126
step:3600/3600, q_loss:-3.234672853809402e-05, rewards:-1.9206478595733643, queue:1.3171875476837158, delay:0.07087826728820801, throughput:2930
episode:52/250, real avg travel time:325.11330874958094
step:3600/3600, q_loss:-3.671196625671453e-05, rewards:-2.02673602104187, queue:1.384374976158142, delay:0.07487821578979492, throughput:2933
episode:53/250, real avg travel time:327.1005698960778
step:3600/3600, q_loss:-3.674601795393284e-05, rewards:-1.9272915124893188, queue:1.3173611164093018, delay:0.0726720541715622, throughput:2933
episode:54/250, real avg travel time:325.5457593027154
step:3600/3600, q_loss:-3.273453136595587e-05, rewards:-1.9505550861358643, queue:1.3295139074325562, delay:0.07209900766611099, throughput:2932
episode:55/250, real avg travel time:325.7606436473349
Test step:55/250, travel time :323.75393898759637, rewards:-1.855231523513794, queue:1.2739583253860474, delay:0.07211623340845108, throughput:2931
New best TEST travel time 323.7539 at episode 55, saved as best checkpoint
step:3600/3600, q_loss:-2.9377642958597452e-05, rewards:-1.9550923109054565, queue:1.335763931274414, delay:0.07388376444578171, throughput:2932
episode:56/250, real avg travel time:325.8005363727791
step:3600/3600, q_loss:-3.022715628267852e-05, rewards:-2.0336806774139404, queue:1.390451431274414, delay:0.07288648933172226, throughput:2933
episode:57/250, real avg travel time:327.12738853503186
step:3600/3600, q_loss:-3.485250603666322e-05, rewards:-1.8416897058486938, queue:1.2524305582046509, delay:0.06859997659921646, throughput:2934
episode:58/250, real avg travel time:324.32785786121354
step:3600/3600, q_loss:-3.399871768326395e-05, rewards:-1.8395137786865234, queue:1.248437523841858, delay:0.06813642382621765, throughput:2928
episode:59/250, real avg travel time:324.45859872611464
step:3600/3600, q_loss:-3.3604515354252524e-05, rewards:-1.8397221565246582, queue:1.2402777671813965, delay:0.06807240098714828, throughput:2931
episode:60/250, real avg travel time:324.56218571907476
Test step:60/250, travel time :322.65102246061014, rewards:-1.7414815425872803, queue:1.1809027194976807, delay:0.06918250024318695, throughput:2931
New best TEST travel time 322.6510 at episode 60, saved as best checkpoint
step:3600/3600, q_loss:-2.6128173555695902e-05, rewards:-1.8115973472595215, queue:1.2289930582046509, delay:0.06862176209688187, throughput:2933
episode:61/250, real avg travel time:323.93496480053636
step:3600/3600, q_loss:-3.5282923232039645e-05, rewards:-1.838749885559082, queue:1.2440972328186035, delay:0.06753313541412354, throughput:2933
episode:62/250, real avg travel time:324.5960442507543
step:3600/3600, q_loss:-2.8942433763640347e-05, rewards:-1.785740852355957, queue:1.2034722566604614, delay:0.06584874540567398, throughput:2933
episode:63/250, real avg travel time:323.75460945357025
step:3600/3600, q_loss:-1.547176313276092e-05, rewards:-1.8714121580123901, queue:1.2684028148651123, delay:0.06816922128200531, throughput:2933
episode:64/250, real avg travel time:325.16795172644987
step:3600/3600, q_loss:-2.8290706083040545e-05, rewards:-1.7429860830307007, queue:1.178125023841858, delay:0.06594295799732208, throughput:2932
episode:65/250, real avg travel time:323.04559168622194
Test step:65/250, travel time :321.6845457593027, rewards:-1.6641665697097778, queue:1.1223958730697632, delay:0.0643363744020462, throughput:2933
New best TEST travel time 321.6845 at episode 65, saved as best checkpoint
step:3600/3600, q_loss:-2.917133700706203e-05, rewards:-1.766203761100769, queue:1.1911457777023315, delay:0.0661211833357811, throughput:2932
episode:66/250, real avg travel time:323.1508548441167
step:3600/3600, q_loss:-2.2537443847223014e-05, rewards:-1.808333158493042, queue:1.2279514074325562, delay:0.06798757612705231, throughput:2933
episode:67/250, real avg travel time:323.93563526651025
step:3600/3600, q_loss:-2.401031379122287e-05, rewards:-1.7794442176818848, queue:1.2092013359069824, delay:0.06762382388114929, throughput:2932
episode:68/250, real avg travel time:323.69292658397586
step:3600/3600, q_loss:-2.7878028211287327e-05, rewards:-1.723726749420166, queue:1.1682292222976685, delay:0.06628382205963135, throughput:2929
episode:69/250, real avg travel time:322.4150184378143
step:3600/3600, q_loss:-2.1901450883079736e-05, rewards:-1.7477777004241943, queue:1.179513931274414, delay:0.06510569155216217, throughput:2934
episode:70/250, real avg travel time:323.140127388535
Test step:70/250, travel time :320.18840093865236, rewards:-1.5760647058486938, queue:1.058680534362793, delay:0.062183696776628494, throughput:2933
New best TEST travel time 320.1884 at episode 70, saved as best checkpoint
step:3600/3600, q_loss:-2.322160009363735e-05, rewards:-1.6946526765823364, queue:1.142187476158142, delay:0.0621744729578495, throughput:2931
episode:71/250, real avg travel time:322.15621857190746
step:3600/3600, q_loss:-2.4572782718610986e-05, rewards:-1.741342544555664, queue:1.1730902194976807, delay:0.06434953212738037, throughput:2933
episode:72/250, real avg travel time:323.08347301374454
step:3600/3600, q_loss:-2.524699537186987e-05, rewards:-1.7206249237060547, queue:1.1536458730697632, delay:0.06513238698244095, throughput:2931
episode:73/250, real avg travel time:322.3516594032853
step:3600/3600, q_loss:-2.741684675803063e-05, rewards:-1.7244442701339722, queue:1.163888931274414, delay:0.06395379453897476, throughput:2933
episode:74/250, real avg travel time:322.6982903117667
step:3600/3600, q_loss:-1.7733302148472933e-05, rewards:-1.6791895627975464, queue:1.1267361640930176, delay:0.06264405697584152, throughput:2931
episode:75/250, real avg travel time:321.95440831377806
Test step:75/250, travel time :319.27656721421386, rewards:-1.5325924158096313, queue:1.0340278148651123, delay:0.06070181354880333, throughput:2932
New best TEST travel time 319.2766 at episode 75, saved as best checkpoint
step:3600/3600, q_loss:-2.526185492536536e-05, rewards:-1.6882869005203247, queue:1.1342014074325562, delay:0.06394223868846893, throughput:2931
episode:76/250, real avg travel time:321.9715051961113
step:3600/3600, q_loss:-2.3675231366521783e-05, rewards:-1.7428009510040283, queue:1.1777777671813965, delay:0.06557338684797287, throughput:2932
episode:77/250, real avg travel time:322.8984244049615
step:3600/3600, q_loss:-2.4345486330006412e-05, rewards:-1.6484025716781616, queue:1.1104166507720947, delay:0.06310360878705978, throughput:2929
episode:78/250, real avg travel time:321.60174321153204
step:3600/3600, q_loss:-3.0411282312814833e-05, rewards:-1.6494675874710083, queue:1.1052082777023315, delay:0.0635107085108757, throughput:2930
episode:79/250, real avg travel time:321.55816292323163
step:3600/3600, q_loss:-2.9457476705795636e-05, rewards:-1.6523149013519287, queue:1.109375, delay:0.06266941130161285, throughput:2930
episode:80/250, real avg travel time:321.6118002011398
Test step:80/250, travel time :319.07475695608446, rewards:-1.4993979930877686, queue:0.9986110925674438, delay:0.05919210612773895, throughput:2932
New best TEST travel time 319.0748 at episode 80, saved as best checkpoint
step:3600/3600, q_loss:-2.3957246405727888e-05, rewards:-1.714606523513794, queue:1.1565972566604614, delay:0.06398236006498337, throughput:2933
episode:81/250, real avg travel time:322.5484411666108
step:3600/3600, q_loss:-2.996224136074522e-05, rewards:-1.6355555057525635, queue:1.1026041507720947, delay:0.06275879591703415, throughput:2935
episode:82/250, real avg travel time:321.11196781763323
step:3600/3600, q_loss:-2.5977464867065905e-05, rewards:-1.6565741300582886, queue:1.1100693941116333, delay:0.062404997646808624, throughput:2930
episode:83/250, real avg travel time:321.5571572242709
step:3600/3600, q_loss:-3.0118559219839945e-05, rewards:-1.6450693607330322, queue:1.1043403148651123, delay:0.06162899732589722, throughput:2930
episode:84/250, real avg travel time:321.6795172644988
step:3600/3600, q_loss:-2.1670859186323705e-05, rewards:-1.6230323314666748, queue:1.0868055820465088, delay:0.061060212552547455, throughput:2930
episode:85/250, real avg travel time:321.31847133757964
Test step:85/250, travel time :318.7562856185049, rewards:-1.474814534187317, queue:0.9822916388511658, delay:0.05828936770558357, throughput:2933
New best TEST travel time 318.7563 at episode 85, saved as best checkpoint
step:3600/3600, q_loss:-2.4819659302011132e-05, rewards:-1.6233564615249634, queue:1.0862847566604614, delay:0.06189123913645744, throughput:2930
episode:86/250, real avg travel time:321.2249413342273
step:3600/3600, q_loss:-2.1507924733062584e-05, rewards:-1.6025230884552002, queue:1.0715277194976807, delay:0.06070464476943016, throughput:2931
episode:87/250, real avg travel time:320.9262487428763
step:3600/3600, q_loss:-2.5582029829146687e-05, rewards:-1.6240044832229614, queue:1.0946180820465088, delay:0.061462149024009705, throughput:2933
episode:88/250, real avg travel time:321.21421387864564
step:3600/3600, q_loss:-2.1722339874098974e-05, rewards:-1.580532193183899, queue:1.0536458492279053, delay:0.060046758502721786, throughput:2934
episode:89/250, real avg travel time:320.53201475025145
step:3600/3600, q_loss:-2.5347554172320225e-05, rewards:-1.5825228691101074, queue:1.0572916269302368, delay:0.06089772284030914, throughput:2933
episode:90/250, real avg travel time:320.34629567549445
Test step:90/250, travel time :318.6761649346296, rewards:-1.4818753004074097, queue:0.9928819537162781, delay:0.058364689350128174, throughput:2933
New best TEST travel time 318.6762 at episode 90, saved as best checkpoint
step:3600/3600, q_loss:-1.6943172064471853e-05, rewards:-1.6307176351547241, queue:1.0973957777023315, delay:0.06111479923129082, throughput:2932
episode:91/250, real avg travel time:321.3251759973181
step:3600/3600, q_loss:-4.3547658370462834e-06, rewards:-1.6369211673736572, queue:1.0984375476837158, delay:0.06202761456370354, throughput:2930
episode:92/250, real avg travel time:321.26617499161915
step:3600/3600, q_loss:-2.999844383103428e-05, rewards:-1.6302778720855713, queue:1.0887153148651123, delay:0.061214085668325424, throughput:2931
episode:93/250, real avg travel time:321.0703989272544
step:3600/3600, q_loss:-1.929530257324654e-05, rewards:-1.5978010892868042, queue:1.0730903148651123, delay:0.06097561493515968, throughput:2932
episode:94/250, real avg travel time:320.61012403620515
step:3600/3600, q_loss:-2.4207334758506882e-05, rewards:-1.593402624130249, queue:1.0633680820465088, delay:0.06055942177772522, throughput:2933
episode:95/250, real avg travel time:320.5538048944016
Test step:95/250, travel time :317.846128059001, rewards:-1.4239119291305542, queue:0.9543402791023254, delay:0.05557789281010628, throughput:2933
New best TEST travel time 317.8461 at episode 95, saved as best checkpoint
step:3600/3600, q_loss:-2.4887254780710297e-05, rewards:-1.5666897296905518, queue:1.0503472089767456, delay:0.05859358608722687, throughput:2932
episode:96/250, real avg travel time:320.15856520281596
step:3600/3600, q_loss:-2.232405995191247e-05, rewards:-1.6285879611968994, queue:1.0909721851348877, delay:0.06206220015883446, throughput:2931
episode:97/250, real avg travel time:321.2638283607107
step:3600/3600, q_loss:-2.445746374885655e-05, rewards:-1.6371757984161377, queue:1.0923610925674438, delay:0.061452098190784454, throughput:2933
episode:98/250, real avg travel time:321.3855179349648
step:3600/3600, q_loss:-2.098091785295832e-05, rewards:-1.6473380327224731, queue:1.1043403148651123, delay:0.06044818088412285, throughput:2932
episode:99/250, real avg travel time:321.45893395910156
step:3600/3600, q_loss:-2.6623923353057495e-05, rewards:-1.6122914552688599, queue:1.0772569179534912, delay:0.060271915048360825, throughput:2931
episode:100/250, real avg travel time:320.9282601407979
Test step:100/250, travel time :318.35903452899765, rewards:-1.458657145500183, queue:0.9746527671813965, delay:0.056379616260528564, throughput:2931
step:3600/3600, q_loss:-1.9433707671446933e-05, rewards:-1.592059850692749, queue:1.0666667222976685, delay:0.0593850240111351, throughput:2933
episode:101/250, real avg travel time:320.6195105598391
step:3600/3600, q_loss:-2.7219814149214437e-05, rewards:-1.587592601776123, queue:1.0553818941116333, delay:0.058845892548561096, throughput:2932
episode:102/250, real avg travel time:320.58162923231646
step:3600/3600, q_loss:-2.7512593725178803e-05, rewards:-1.5721296072006226, queue:1.0501736402511597, delay:0.05862388014793396, throughput:2932
episode:103/250, real avg travel time:320.33992624874287
step:3600/3600, q_loss:-2.4375738144886715e-05, rewards:-1.5707868337631226, queue:1.0477430820465088, delay:0.05823063850402832, throughput:2932
episode:104/250, real avg travel time:320.22661749916193
step:3600/3600, q_loss:-1.994265799617602e-05, rewards:-1.6431018114089966, queue:1.097569465637207, delay:0.059874121099710464, throughput:2932
episode:105/250, real avg travel time:321.29869259135097
Test step:105/250, travel time :318.1106268856856, rewards:-1.4442362785339355, queue:0.9630208611488342, delay:0.05655288323760033, throughput:2932
step:3600/3600, q_loss:-2.694986059968532e-05, rewards:-1.601550579071045, queue:1.076562523841858, delay:0.06097380444407463, throughput:2933
episode:106/250, real avg travel time:320.63191418035535
step:3600/3600, q_loss:-2.344146045356023e-05, rewards:-1.54620361328125, queue:1.0338541269302368, delay:0.0591682530939579, throughput:2932
episode:107/250, real avg travel time:319.90579953067385
step:3600/3600, q_loss:-2.8673731032069085e-05, rewards:-1.5437265634536743, queue:1.0277777910232544, delay:0.05931530520319939, throughput:2933
episode:108/250, real avg travel time:319.88400938652364
step:3600/3600, q_loss:-2.5449057984924706e-05, rewards:-1.55097234249115, queue:1.0414930582046509, delay:0.05923764407634735, throughput:2933
episode:109/250, real avg travel time:319.85048608783103
step:3600/3600, q_loss:-2.610265283793625e-05, rewards:-1.608194351196289, queue:1.074131965637207, delay:0.06053626164793968, throughput:2931
episode:110/250, real avg travel time:321.0804559168622
Test step:110/250, travel time :317.6459939658062, rewards:-1.4268286228179932, queue:0.9519097208976746, delay:0.057233747094869614, throughput:2932
New best TEST travel time 317.6460 at episode 110, saved as best checkpoint
step:3600/3600, q_loss:-2.8003964581768272e-05, rewards:-1.6332870721817017, queue:1.0963541269302368, delay:0.062227025628089905, throughput:2934
episode:111/250, real avg travel time:321.1320817968488
step:3600/3600, q_loss:-2.628101221354747e-05, rewards:-1.596481442451477, queue:1.0699652433395386, delay:0.0605732761323452, throughput:2932
episode:112/250, real avg travel time:320.46798524974855
step:3600/3600, q_loss:-2.578004129679391e-05, rewards:-1.6059489250183105, queue:1.0750000476837158, delay:0.06061301380395889, throughput:2932
episode:113/250, real avg travel time:320.88434461951056
step:3600/3600, q_loss:-1.9048245114929697e-05, rewards:-1.5259721279144287, queue:1.0173611640930176, delay:0.058693207800388336, throughput:2931
episode:114/250, real avg travel time:319.5155883338921
step:3600/3600, q_loss:-2.4429735236076844e-05, rewards:-1.478610873222351, queue:0.988368034362793, delay:0.05636664852499962, throughput:2932
episode:115/250, real avg travel time:318.86221924237344
Test step:115/250, travel time :317.40697284612804, rewards:-1.3926852941513062, queue:0.9272569417953491, delay:0.054923053830862045, throughput:2931
New best TEST travel time 317.4070 at episode 115, saved as best checkpoint
step:3600/3600, q_loss:-2.6723248797848268e-05, rewards:-1.498356580734253, queue:1.0017361640930176, delay:0.05681566521525383, throughput:2932
episode:116/250, real avg travel time:319.1837076768354
step:3600/3600, q_loss:-1.544668608672779e-05, rewards:-1.5302544832229614, queue:1.0170139074325562, delay:0.05762766674160957, throughput:2929
episode:117/250, real avg travel time:319.719409989943
step:3600/3600, q_loss:-1.5770457469409816e-05, rewards:-1.539838194847107, queue:1.027430534362793, delay:0.058105796575546265, throughput:2934
episode:118/250, real avg travel time:319.8605430774388
step:3600/3600, q_loss:-3.0085373523265677e-05, rewards:-1.534999966621399, queue:1.0244791507720947, delay:0.058168865740299225, throughput:2933
episode:119/250, real avg travel time:319.502179014415
step:3600/3600, q_loss:-2.8819751416988395e-05, rewards:-1.5223841667175293, queue:1.019444465637207, delay:0.05894990637898445, throughput:2932
episode:120/250, real avg travel time:319.4666443178009
Test step:120/250, travel time :316.190077103587, rewards:-1.3295139074325562, queue:0.8803819417953491, delay:0.053188223391771317, throughput:2933
New best TEST travel time 316.1901 at episode 120, saved as best checkpoint
step:3600/3600, q_loss:-2.2988836065417636e-05, rewards:-1.4908331632614136, queue:0.9888888597488403, delay:0.057831402868032455, throughput:2929
episode:121/250, real avg travel time:319.022460610124
step:3600/3600, q_loss:-1.9333361436750876e-05, rewards:-1.4677315950393677, queue:0.9788194298744202, delay:0.05684128776192665, throughput:2933
episode:122/250, real avg travel time:318.5226282266175
step:3600/3600, q_loss:-2.4719532100587257e-05, rewards:-1.4764814376831055, queue:0.9789930582046509, delay:0.0576617456972599, throughput:2931
episode:123/250, real avg travel time:318.7770700636943
step:3600/3600, q_loss:-2.201021125074476e-05, rewards:-1.4529860019683838, queue:0.964756965637207, delay:0.056949976831674576, throughput:2931
episode:124/250, real avg travel time:318.19611129735165
step:3600/3600, q_loss:-1.9146976087035406e-05, rewards:-1.4417592287063599, queue:0.9524305462837219, delay:0.055247899144887924, throughput:2932
episode:125/250, real avg travel time:318.1589004358029
Test step:125/250, travel time :317.3804894401609, rewards:-1.397199034690857, queue:0.9241319298744202, delay:0.05566760525107384, throughput:2933
step:3600/3600, q_loss:-2.8818037740334316e-05, rewards:-1.4875695705413818, queue:0.9894097447395325, delay:0.057709094136953354, throughput:2929
episode:126/250, real avg travel time:318.9802212537714
step:3600/3600, q_loss:-2.9350365339605897e-05, rewards:-1.5141435861587524, queue:1.007986068725586, delay:0.058671120554208755, throughput:2933
episode:127/250, real avg travel time:319.4019443513242
step:3600/3600, q_loss:-2.5146381274141646e-05, rewards:-1.51168954372406, queue:1.0067708492279053, delay:0.05772585794329643, throughput:2932
episode:128/250, real avg travel time:319.36842105263156
step:3600/3600, q_loss:-1.9449081392613826e-05, rewards:-1.5045137405395508, queue:1.0012152194976807, delay:0.05767836049199104, throughput:2931
episode:129/250, real avg travel time:319.2514247401944
step:3600/3600, q_loss:-1.2632489476042489e-05, rewards:-1.4209951162338257, queue:0.9378471970558167, delay:0.054719436913728714, throughput:2933
episode:130/250, real avg travel time:318.11431444854173
Test step:130/250, travel time :317.23600402279584, rewards:-1.3781249523162842, queue:0.9118055701255798, delay:0.05490362271666527, throughput:2934
step:3600/3600, q_loss:-2.4177372257259712e-05, rewards:-1.433773159980774, queue:0.9513888955116272, delay:0.055709775537252426, throughput:2932
episode:131/250, real avg travel time:318.0305062018103
step:3600/3600, q_loss:-1.860194886965608e-05, rewards:-1.4377777576446533, queue:0.9505208134651184, delay:0.05629293620586395, throughput:2933
episode:132/250, real avg travel time:318.3503184713376
step:3600/3600, q_loss:-2.6517239382007608e-05, rewards:-1.4596755504608154, queue:0.9697916507720947, delay:0.05805059149861336, throughput:2933
episode:133/250, real avg travel time:318.4653033858532
step:3600/3600, q_loss:-2.0444962083948434e-05, rewards:-1.4403239488601685, queue:0.9560763835906982, delay:0.056105200201272964, throughput:2933
episode:134/250, real avg travel time:318.29668119342944
step:3600/3600, q_loss:-2.242913793048097e-05, rewards:-1.4775925874710083, queue:0.9861111044883728, delay:0.057829391211271286, throughput:2933
episode:135/250, real avg travel time:318.83305397251087
Test step:135/250, travel time :316.3637277908146, rewards:-1.3315972089767456, queue:0.8810763955116272, delay:0.0537201352417469, throughput:2933
step:3600/3600, q_loss:-3.1029480440473115e-05, rewards:-1.4500463008880615, queue:0.9638888835906982, delay:0.05724899470806122, throughput:2932
episode:136/250, real avg travel time:318.24907810928596
step:3600/3600, q_loss:-2.0848075466885885e-05, rewards:-1.4434492588043213, queue:0.9637152552604675, delay:0.056975800544023514, throughput:2932
episode:137/250, real avg travel time:318.15822996982905
step:3600/3600, q_loss:-9.489360403407503e-06, rewards:-1.4718519449234009, queue:0.9763888716697693, delay:0.057490862905979156, throughput:2932
episode:138/250, real avg travel time:318.7190747569561
step:3600/3600, q_loss:-2.2478464288050657e-05, rewards:-1.4951156377792358, queue:0.9951388835906982, delay:0.057388804852962494, throughput:2932
episode:139/250, real avg travel time:319.1525310090513
step:3600/3600, q_loss:-2.495949544633428e-05, rewards:-1.4344675540924072, queue:0.9553819298744202, delay:0.056563038378953934, throughput:2933
episode:140/250, real avg travel time:318.07408649011063
Test step:140/250, travel time :316.334897753939, rewards:-1.3347219228744507, queue:0.8883680701255798, delay:0.05411648377776146, throughput:2930
step:3600/3600, q_loss:-3.060507523413334e-05, rewards:-1.480370044708252, queue:0.9798611402511597, delay:0.057142969220876694, throughput:2932
episode:141/250, real avg travel time:318.8273550117332
step:3600/3600, q_loss:-3.055989089059747e-05, rewards:-1.4293285608291626, queue:0.9470486044883728, delay:0.05575857684016228, throughput:2932
episode:142/250, real avg travel time:318.10526315789474
step:3600/3600, q_loss:-2.557044477995347e-05, rewards:-1.4746758937835693, queue:0.9789930582046509, delay:0.056950218975543976, throughput:2933
episode:143/250, real avg travel time:318.9202145491116
step:3600/3600, q_loss:-1.9869382527691345e-05, rewards:-1.464027762413025, queue:0.9678819179534912, delay:0.056061916053295135, throughput:2930
episode:144/250, real avg travel time:318.6081126382836
step:3600/3600, q_loss:-2.505674169191884e-05, rewards:-1.4493287801742554, queue:0.9675347208976746, delay:0.0565582811832428, throughput:2931
episode:145/250, real avg travel time:318.1112973516594
Test step:145/250, travel time :316.6366074421723, rewards:-1.34358811378479, queue:0.8916666507720947, delay:0.05344311520457268, throughput:2933
step:3600/3600, q_loss:-1.9136878998122283e-05, rewards:-1.4719672203063965, queue:0.9788194298744202, delay:0.057046737521886826, throughput:2931
episode:146/250, real avg travel time:318.7562856185049
step:3600/3600, q_loss:-2.2683598325346353e-05, rewards:-1.4503008127212524, queue:0.9626736044883728, delay:0.05495896190404892, throughput:2933
episode:147/250, real avg travel time:318.4579282601408
step:3600/3600, q_loss:-2.2472784513849077e-05, rewards:-1.4246525764465332, queue:0.9437500238418579, delay:0.05414540320634842, throughput:2932
episode:148/250, real avg travel time:318.35098893731146
step:3600/3600, q_loss:-2.562537858331645e-05, rewards:-1.4563193321228027, queue:0.9663194417953491, delay:0.05619197338819504, throughput:2933
episode:149/250, real avg travel time:318.60207844451895
step:3600/3600, q_loss:-2.4002756604372902e-05, rewards:-1.4445832967758179, queue:0.9612846970558167, delay:0.055654559284448624, throughput:2932
episode:150/250, real avg travel time:318.40026818638955
Test step:150/250, travel time :316.5135769359705, rewards:-1.3228238821029663, queue:0.8727430701255798, delay:0.051764849573373795, throughput:2933
step:3600/3600, q_loss:-1.4324980589595656e-05, rewards:-1.4991899728775024, queue:0.9991319179534912, delay:0.057057853788137436, throughput:2933
episode:151/250, real avg travel time:319.2041568890379
step:3600/3600, q_loss:-1.6261763111860665e-05, rewards:-1.4441664218902588, queue:0.9614583253860474, delay:0.055660661309957504, throughput:2932
episode:152/250, real avg travel time:318.1106268856856
step:3600/3600, q_loss:-1.9332324370258935e-05, rewards:-1.4780787229537964, queue:0.9814236164093018, delay:0.05775919556617737, throughput:2932
episode:153/250, real avg travel time:318.769024472008
step:3600/3600, q_loss:-2.7493605523853114e-05, rewards:-1.4553241729736328, queue:0.9651041626930237, delay:0.054963693022727966, throughput:2931
episode:154/250, real avg travel time:318.49882668454575
step:3600/3600, q_loss:-2.579900643063916e-05, rewards:-1.4565972089767456, queue:0.9699652791023254, delay:0.05563752353191376, throughput:2930
episode:155/250, real avg travel time:318.6040898424405
Test step:155/250, travel time :316.01743211532016, rewards:-1.3025463819503784, queue:0.8548611402511597, delay:0.05177885666489601, throughput:2931
New best TEST travel time 316.0174 at episode 155, saved as best checkpoint
step:3600/3600, q_loss:-2.2717572627934043e-05, rewards:-1.396435022354126, queue:0.9255208373069763, delay:0.05343326926231384, throughput:2930
episode:156/250, real avg travel time:317.4951391216896
step:3600/3600, q_loss:-1.883806565914441e-05, rewards:-1.4006482362747192, queue:0.9211805462837219, delay:0.054934415966272354, throughput:2932
episode:157/250, real avg travel time:317.64264163593697
step:3600/3600, q_loss:-2.8908614250313904e-05, rewards:-1.3980553150177002, queue:0.9236111044883728, delay:0.05491237714886665, throughput:2931
episode:158/250, real avg travel time:317.39021119678176
step:3600/3600, q_loss:-2.0886588350145353e-05, rewards:-1.393286943435669, queue:0.9208333492279053, delay:0.05364125594496727, throughput:2933
episode:159/250, real avg travel time:317.6134763660744
step:3600/3600, q_loss:-2.265106908183683e-05, rewards:-1.398865818977356, queue:0.9276041388511658, delay:0.05371281877160072, throughput:2933
episode:160/250, real avg travel time:317.68354006034195
Test step:160/250, travel time :315.59302715387196, rewards:-1.2589350938796997, queue:0.824131965637207, delay:0.04973214492201805, throughput:2933
New best TEST travel time 315.5930 at episode 160, saved as best checkpoint
step:3600/3600, q_loss:-1.953573621533535e-05, rewards:-1.4428237676620483, queue:0.9510416388511658, delay:0.0547439269721508, throughput:2933
episode:161/250, real avg travel time:318.4515588333892
step:3600/3600, q_loss:-1.9181146139830904e-05, rewards:-1.3834720849990845, queue:0.9116319417953491, delay:0.05333102494478226, throughput:2931
episode:162/250, real avg travel time:317.45759302715385
step:3600/3600, q_loss:-2.700512823476284e-05, rewards:-1.3779629468917847, queue:0.910069465637207, delay:0.05356061831116676, throughput:2931
episode:163/250, real avg travel time:317.3747904793832
step:3600/3600, q_loss:-1.3700170502825467e-05, rewards:-1.4316202402114868, queue:0.9461805820465088, delay:0.053986020386219025, throughput:2933
episode:164/250, real avg travel time:318.4358028830037
step:3600/3600, q_loss:-1.8167877418885903e-05, rewards:-1.428032636642456, queue:0.9439235925674438, delay:0.0547088086605072, throughput:2933
episode:165/250, real avg travel time:318.03654039557495
Test step:165/250, travel time :315.1293999329534, rewards:-1.249837875366211, queue:0.8184027671813965, delay:0.04950891062617302, throughput:2932
New best TEST travel time 315.1294 at episode 165, saved as best checkpoint
step:3600/3600, q_loss:-5.751372211509281e-06, rewards:-1.3682174682617188, queue:0.8970485925674438, delay:0.052508268505334854, throughput:2931
episode:166/250, real avg travel time:317.1890714046262
step:3600/3600, q_loss:-2.597988652134383e-05, rewards:-1.3737269639968872, queue:0.9036458134651184, delay:0.053371381014585495, throughput:2931
episode:167/250, real avg travel time:317.2417029835736
step:3600/3600, q_loss:-4.6131842450618195e-06, rewards:-1.414884090423584, queue:0.9340277910232544, delay:0.05311933159828186, throughput:2932
episode:168/250, real avg travel time:317.94133422728794
step:3600/3600, q_loss:-1.4802309386949572e-05, rewards:-1.3810877799987793, queue:0.9092013835906982, delay:0.053424712270498276, throughput:2933
episode:169/250, real avg travel time:317.4374790479383
step:3600/3600, q_loss:-2.1931817173026502e-05, rewards:-1.4105554819107056, queue:0.9286458492279053, delay:0.054578784853219986, throughput:2931
episode:170/250, real avg travel time:317.8897083473014
Test step:170/250, travel time :315.6972846128059, rewards:-1.278981328010559, queue:0.8374999761581421, delay:0.04949435219168663, throughput:2934
step:3600/3600, q_loss:-2.5423255498969445e-05, rewards:-1.3548378944396973, queue:0.8916666507720947, delay:0.05152016878128052, throughput:2932
episode:171/250, real avg travel time:317.02145491116323
step:3600/3600, q_loss:-1.2215421345360854e-05, rewards:-1.3642128705978394, queue:0.901562511920929, delay:0.05235879868268967, throughput:2933
episode:172/250, real avg travel time:317.0881662755615
step:3600/3600, q_loss:-2.8161077298810358e-05, rewards:-1.3639121055603027, queue:0.9005208611488342, delay:0.05245504900813103, throughput:2930
episode:173/250, real avg travel time:317.30774388199796
step:3600/3600, q_loss:-2.4000508495158067e-05, rewards:-1.37935209274292, queue:0.9069444537162781, delay:0.05228646099567413, throughput:2934
episode:174/250, real avg travel time:317.5149178679182
step:3600/3600, q_loss:-1.3149560631804719e-05, rewards:-1.3672454357147217, queue:0.9032986164093018, delay:0.050309017300605774, throughput:2934
episode:175/250, real avg travel time:317.2819309420047
Test step:175/250, travel time :316.18437814280924, rewards:-1.3126158714294434, queue:0.8689236044883728, delay:0.05177535489201546, throughput:2932
step:3600/3600, q_loss:-2.2078440438404126e-05, rewards:-1.4210878610610962, queue:0.9407986402511597, delay:0.05395336076617241, throughput:2931
episode:176/250, real avg travel time:317.9208850150855
step:3600/3600, q_loss:-2.6792755212496828e-05, rewards:-1.4039814472198486, queue:0.9359375238418579, delay:0.05358777567744255, throughput:2930
episode:177/250, real avg travel time:317.7472343278579
step:3600/3600, q_loss:-2.981024153996259e-05, rewards:-1.3976620435714722, queue:0.9239583611488342, delay:0.05393955484032631, throughput:2931
episode:178/250, real avg travel time:317.55983908816626
step:3600/3600, q_loss:-1.9266563079630335e-05, rewards:-1.3746988773345947, queue:0.9092013835906982, delay:0.05272971838712692, throughput:2931
episode:179/250, real avg travel time:317.2691920885015
step:3600/3600, q_loss:-2.737904821212093e-05, rewards:-1.4004629850387573, queue:0.9270833134651184, delay:0.05364159494638443, throughput:2933
episode:180/250, real avg travel time:317.47133757961785
Test step:180/250, travel time :315.15957090177676, rewards:-1.2644445896148682, queue:0.8335069417953491, delay:0.050688013434410095, throughput:2932
step:3600/3600, q_loss:-2.156211574199713e-05, rewards:-1.3543980121612549, queue:0.8925347328186035, delay:0.05336190387606621, throughput:2931
episode:181/250, real avg travel time:316.80187730472676
step:3600/3600, q_loss:-1.727395380536715e-05, rewards:-1.3659030199050903, queue:0.9076389074325562, delay:0.052245981991291046, throughput:2933
episode:182/250, real avg travel time:316.95641971169965
step:3600/3600, q_loss:-2.150550200086501e-05, rewards:-1.3599302768707275, queue:0.9005208611488342, delay:0.05277173966169357, throughput:2933
episode:183/250, real avg travel time:316.9279249078109
step:3600/3600, q_loss:-1.6480912152608787e-05, rewards:-1.413819432258606, queue:0.9366319179534912, delay:0.05383077263832092, throughput:2932
episode:184/250, real avg travel time:317.87294669795506
step:3600/3600, q_loss:-2.2798901988641808e-05, rewards:-1.3571760654449463, queue:0.8967013955116272, delay:0.052253756672143936, throughput:2931
episode:185/250, real avg travel time:317.0606771706336
Test step:185/250, travel time :315.4683204827355, rewards:-1.2696527242660522, queue:0.8409722447395325, delay:0.04989192634820938, throughput:2933
step:3600/3600, q_loss:-2.0375443381015903e-05, rewards:-1.3748379945755005, queue:0.9090277552604675, delay:0.0527411550283432, throughput:2931
episode:186/250, real avg travel time:317.21924237344956
step:3600/3600, q_loss:-2.241135818487102e-05, rewards:-1.368125081062317, queue:0.9064236283302307, delay:0.052715543657541275, throughput:2932
episode:187/250, real avg travel time:317.135769359705
step:3600/3600, q_loss:-1.9838435778014912e-05, rewards:-1.3574074506759644, queue:0.8982638716697693, delay:0.05193750560283661, throughput:2933
episode:188/250, real avg travel time:317.06402950050284
step:3600/3600, q_loss:-2.0346390212782555e-05, rewards:-1.3372915983200073, queue:0.8779513835906982, delay:0.05115262046456337, throughput:2932
episode:189/250, real avg travel time:316.72209185383844
step:3600/3600, q_loss:-1.0127841960638762e-05, rewards:-1.319074034690857, queue:0.871180534362793, delay:0.05172709375619888, throughput:2933
episode:190/250, real avg travel time:316.3318806570567
Test step:190/250, travel time :314.63291987931615, rewards:-1.225485920906067, queue:0.8095486164093018, delay:0.048678234219551086, throughput:2932
New best TEST travel time 314.6329 at episode 190, saved as best checkpoint
step:3600/3600, q_loss:-9.156350710394757e-06, rewards:-1.3587268590927124, queue:0.8982638716697693, delay:0.05260111019015312, throughput:2930
episode:191/250, real avg travel time:317.05766007375126
step:3600/3600, q_loss:-1.803084332668395e-05, rewards:-1.3649768829345703, queue:0.9045138955116272, delay:0.05272853001952171, throughput:2932
episode:192/250, real avg travel time:317.2423734495474
step:3600/3600, q_loss:-2.4884463723369495e-05, rewards:-1.3247454166412354, queue:0.8708333373069763, delay:0.0510128028690815, throughput:2932
episode:193/250, real avg travel time:316.69057995306736
step:3600/3600, q_loss:-2.0055301461575758e-05, rewards:-1.3271758556365967, queue:0.8776041865348816, delay:0.050726518034935, throughput:2934
episode:194/250, real avg travel time:316.65403955749247
step:3600/3600, q_loss:-8.431031838645813e-06, rewards:-1.3506944179534912, queue:0.8894097208976746, delay:0.05176336318254471, throughput:2929
episode:195/250, real avg travel time:316.9808917197452
Test step:195/250, travel time :315.43781428092524, rewards:-1.2638425827026367, queue:0.8282986283302307, delay:0.04982752352952957, throughput:2931
step:3600/3600, q_loss:-1.763599640172389e-05, rewards:-1.3757175207138062, queue:0.90625, delay:0.05256712809205055, throughput:2932
episode:196/250, real avg travel time:317.30975527991956
step:3600/3600, q_loss:-1.613635610771814e-05, rewards:-1.3312269449234009, queue:0.8765624761581421, delay:0.050992272794246674, throughput:2933
episode:197/250, real avg travel time:316.5843110962119
step:3600/3600, q_loss:-2.354252490611678e-05, rewards:-1.3489583730697632, queue:0.8883680701255798, delay:0.05115162581205368, throughput:2932
episode:198/250, real avg travel time:317.0207844451894
step:3600/3600, q_loss:-1.6623439754497397e-05, rewards:-1.3732870817184448, queue:0.9130208492279053, delay:0.05244075879454613, throughput:2932
episode:199/250, real avg travel time:317.0911833724438
step:3600/3600, q_loss:-2.5452929117751343e-05, rewards:-1.3615971803665161, queue:0.902430534362793, delay:0.05240291357040405, throughput:2933
episode:200/250, real avg travel time:317.0824673147838
Test step:200/250, travel time :315.11330874958094, rewards:-1.2426387071609497, queue:0.8173611164093018, delay:0.04834328591823578, throughput:2931
step:3600/3600, q_loss:-2.554392192029843e-05, rewards:-1.3330554962158203, queue:0.8812500238418579, delay:0.051844317466020584, throughput:2931
episode:201/250, real avg travel time:316.51927589674824
step:3600/3600, q_loss:-2.207597965564303e-05, rewards:-1.3453007936477661, queue:0.8850694298744202, delay:0.050785720348358154, throughput:2933
episode:202/250, real avg travel time:316.9869259135099
step:3600/3600, q_loss:-1.4229919502718582e-05, rewards:-1.3590506315231323, queue:0.8965277671813965, delay:0.05093753710389137, throughput:2932
episode:203/250, real avg travel time:317.22695273214885
step:3600/3600, q_loss:-1.3063116757958023e-05, rewards:-1.3774768114089966, queue:0.9088541865348816, delay:0.052309297025203705, throughput:2932
episode:204/250, real avg travel time:317.59135098893734
step:3600/3600, q_loss:-1.8213385461691628e-05, rewards:-1.3210645914077759, queue:0.8671875, delay:0.0496857650578022, throughput:2932
episode:205/250, real avg travel time:316.61381159906136
Test step:205/250, travel time :315.60174321153204, rewards:-1.2791666984558105, queue:0.8473958373069763, delay:0.05009507015347481, throughput:2931
step:3600/3600, q_loss:-9.35221474652213e-06, rewards:-1.3763887882232666, queue:0.9111111164093018, delay:0.052277542650699615, throughput:2932
episode:206/250, real avg travel time:317.23969158565205
step:3600/3600, q_loss:-2.4910533748981025e-05, rewards:-1.3493285179138184, queue:0.8899305462837219, delay:0.051753826439380646, throughput:2932
episode:207/250, real avg travel time:316.8773047267851
step:3600/3600, q_loss:-2.3245402284104515e-05, rewards:-1.3556945323944092, queue:0.8989583253860474, delay:0.05229398235678673, throughput:2933
episode:208/250, real avg travel time:316.89306067717064
step:3600/3600, q_loss:-1.8127080423895406e-05, rewards:-1.3495368957519531, queue:0.894618034362793, delay:0.052944380789995193, throughput:2931
episode:209/250, real avg travel time:316.84512236004025
step:3600/3600, q_loss:-2.5441484844863967e-05, rewards:-1.361203670501709, queue:0.8980903029441833, delay:0.05223962292075157, throughput:2930
episode:210/250, real avg travel time:317.06537043245055
Test step:210/250, travel time :315.13610459269194, rewards:-1.2493287324905396, queue:0.8279513716697693, delay:0.04886290058493614, throughput:2933
step:3600/3600, q_loss:-1.9990444653322575e-05, rewards:-1.387453556060791, queue:0.9144096970558167, delay:0.05293040722608566, throughput:2933
episode:211/250, real avg travel time:317.5571572242709
step:3600/3600, q_loss:-1.6877335750635852e-05, rewards:-1.3603007793426514, queue:0.902256965637207, delay:0.052763473242521286, throughput:2931
episode:212/250, real avg travel time:316.92423734495475
step:3600/3600, q_loss:-2.0198564959207067e-05, rewards:-1.3643054962158203, queue:0.903124988079071, delay:0.05206337943673134, throughput:2934
episode:213/250, real avg travel time:317.21723097552797
step:3600/3600, q_loss:-1.6542966693156847e-05, rewards:-1.4329397678375244, queue:0.9498263597488403, delay:0.0536363385617733, throughput:2933
episode:214/250, real avg travel time:318.15688903788134
step:3600/3600, q_loss:-2.3233055900264946e-05, rewards:-1.4000693559646606, queue:0.9300346970558167, delay:0.0532793328166008, throughput:2933
episode:215/250, real avg travel time:317.7143814951391
Test step:215/250, travel time :315.6061012403621, rewards:-1.278611183166504, queue:0.8432291746139526, delay:0.049091536551713943, throughput:2933
step:3600/3600, q_loss:-1.7798135565869787e-05, rewards:-1.4460649490356445, queue:0.9642361402511597, delay:0.05381201580166817, throughput:2933
episode:216/250, real avg travel time:318.4924572577942
step:3600/3600, q_loss:-1.9641155463263943e-05, rewards:-1.398866057395935, queue:0.9246527552604675, delay:0.05299946293234825, throughput:2932
episode:217/250, real avg travel time:317.7053302044921
step:3600/3600, q_loss:-2.0764789143059817e-05, rewards:-1.3681482076644897, queue:0.9057291746139526, delay:0.05233640596270561, throughput:2931
episode:218/250, real avg travel time:317.2551123030506
step:3600/3600, q_loss:-2.1906847056622306e-05, rewards:-1.3863656520843506, queue:0.9118055701255798, delay:0.05248838663101196, throughput:2933
episode:219/250, real avg travel time:317.59202145491116
step:3600/3600, q_loss:-2.1011738917203963e-05, rewards:-1.3929166793823242, queue:0.9137153029441833, delay:0.0521993525326252, throughput:2933
episode:220/250, real avg travel time:317.6325846463292
Test step:220/250, travel time :315.45759302715385, rewards:-1.2574074268341064, queue:0.8309027552604675, delay:0.04934220761060715, throughput:2932
step:3600/3600, q_loss:-1.518945888771365e-05, rewards:-1.401435136795044, queue:0.9272569417953491, delay:0.05356524884700775, throughput:2933
episode:221/250, real avg travel time:317.83405967147166
step:3600/3600, q_loss:-3.308306073045565e-05, rewards:-1.3572221994400024, queue:0.8907986283302307, delay:0.05211658030748367, throughput:2933
episode:222/250, real avg travel time:317.1190077103587
step:3600/3600, q_loss:-2.3577790664232994e-05, rewards:-1.3649766445159912, queue:0.9013888835906982, delay:0.052770234644412994, throughput:2934
episode:223/250, real avg travel time:317.3375796178344
step:3600/3600, q_loss:-1.9914857801739816e-05, rewards:-1.4273148775100708, queue:0.9418402910232544, delay:0.053227487951517105, throughput:2932
episode:224/250, real avg travel time:318.3027153871941
step:3600/3600, q_loss:-1.8630249434392208e-05, rewards:-1.362106442451477, queue:0.8927083611488342, delay:0.051284678280353546, throughput:2934
episode:225/250, real avg travel time:317.26483405967144
Test step:225/250, travel time :316.0888367415354, rewards:-1.2863192558288574, queue:0.8480902910232544, delay:0.05051316320896149, throughput:2933
step:3600/3600, q_loss:-8.852122657656394e-06, rewards:-1.3541202545166016, queue:0.8960069417953491, delay:0.05147005617618561, throughput:2932
episode:226/250, real avg travel time:317.0600067046597
step:3600/3600, q_loss:-2.4311829798130526e-05, rewards:-1.4108566045761108, queue:0.933680534362793, delay:0.05207843706011772, throughput:2932
episode:227/250, real avg travel time:317.9393228293664
step:3600/3600, q_loss:-1.836673688591906e-05, rewards:-1.3797684907913208, queue:0.9142361283302307, delay:0.052282921969890594, throughput:2932
episode:228/250, real avg travel time:317.3543412671807
step:3600/3600, q_loss:-1.92600649488331e-05, rewards:-1.3915975093841553, queue:0.9203125238418579, delay:0.05304398387670517, throughput:2932
episode:229/250, real avg travel time:317.574589339591
step:3600/3600, q_loss:-2.4294928557032512e-05, rewards:-1.3901852369308472, queue:0.9157986044883728, delay:0.05316948890686035, throughput:2933
episode:230/250, real avg travel time:317.79349648005365
Test step:230/250, travel time :315.194435132417, rewards:-1.243009328842163, queue:0.8173611164093018, delay:0.04921218380331993, throughput:2933
step:3600/3600, q_loss:-2.4400485024132108e-05, rewards:-1.3657639026641846, queue:0.901562511920929, delay:0.05238595977425575, throughput:2930
episode:231/250, real avg travel time:317.37847804223935
step:3600/3600, q_loss:-2.2660478565807418e-05, rewards:-1.3552550077438354, queue:0.8897569179534912, delay:0.05140259116888046, throughput:2932
episode:232/250, real avg travel time:317.1371102916527
step:3600/3600, q_loss:-2.2690957498357255e-05, rewards:-1.3447915315628052, queue:0.8894097208976746, delay:0.05141885578632355, throughput:2932
episode:233/250, real avg travel time:317.1099564197117
step:3600/3600, q_loss:-2.178584076722877e-05, rewards:-1.3075923919677734, queue:0.8604166507720947, delay:0.05011054128408432, throughput:2931
episode:234/250, real avg travel time:316.29902782433794
step:3600/3600, q_loss:-2.5246286855286193e-05, rewards:-1.3299535512924194, queue:0.8760416507720947, delay:0.051115985959768295, throughput:2931
episode:235/250, real avg travel time:316.7204156889038
Test step:235/250, travel time :314.91451558833387, rewards:-1.2251619100570679, queue:0.8043403029441833, delay:0.047689639031887054, throughput:2931
step:3600/3600, q_loss:-2.536521998182353e-05, rewards:-1.393680453300476, queue:0.9234374761581421, delay:0.052848730236291885, throughput:2932
episode:236/250, real avg travel time:317.8783104257459
step:3600/3600, q_loss:-2.025460233670418e-05, rewards:-1.372731328010559, queue:0.9071180820465088, delay:0.052104558795690536, throughput:2932
episode:237/250, real avg travel time:317.50787797519274
step:3600/3600, q_loss:-1.9362490167151445e-05, rewards:-1.3770140409469604, queue:0.9118055701255798, delay:0.051932886242866516, throughput:2933
episode:238/250, real avg travel time:317.5222929936306
step:3600/3600, q_loss:-2.494190433666248e-05, rewards:-1.3480091094970703, queue:0.8902778029441833, delay:0.05117011442780495, throughput:2934
episode:239/250, real avg travel time:317.04693261816965
step:3600/3600, q_loss:-2.6155315033436095e-05, rewards:-1.3631713390350342, queue:0.9027777910232544, delay:0.05208168923854828, throughput:2930
episode:240/250, real avg travel time:317.31009051290647
Test step:240/250, travel time :315.2953402614817, rewards:-1.2376620769500732, queue:0.8098958134651184, delay:0.04881992191076279, throughput:2932
step:3600/3600, q_loss:-1.6090594861587438e-05, rewards:-1.3179397583007812, queue:0.8671875, delay:0.05054585263133049, throughput:2933
episode:241/250, real avg travel time:316.7770700636943
step:3600/3600, q_loss:-1.3713649133461768e-05, rewards:-1.3416204452514648, queue:0.8805555701255798, delay:0.05043264478445053, throughput:2931
episode:242/250, real avg travel time:317.027153871941
step:3600/3600, q_loss:-1.956273831806525e-05, rewards:-1.3162962198257446, queue:0.863194465637207, delay:0.04958135634660721, throughput:2932
episode:243/250, real avg travel time:316.6842105263158
step:3600/3600, q_loss:-1.833633987526237e-05, rewards:-1.3252315521240234, queue:0.8706597089767456, delay:0.05076346918940544, throughput:2933
episode:244/250, real avg travel time:316.9222259470332
step:3600/3600, q_loss:-2.6144133018398724e-05, rewards:-1.3380786180496216, queue:0.8748263716697693, delay:0.050982262939214706, throughput:2933
episode:245/250, real avg travel time:316.9523969158565
Test step:245/250, travel time :315.1407978545089, rewards:-1.2245138883590698, queue:0.8013888597488403, delay:0.048215411603450775, throughput:2933
step:3600/3600, q_loss:-2.0811607504987882e-05, rewards:-1.3314353227615356, queue:0.8763889074325562, delay:0.05052455887198448, throughput:2932
episode:246/250, real avg travel time:316.9795507877975
step:3600/3600, q_loss:-1.805008063523996e-05, rewards:-1.3284491300582886, queue:0.8791666626930237, delay:0.051036253571510315, throughput:2932
episode:247/250, real avg travel time:316.7572913174656
step:3600/3600, q_loss:-1.7138426968206963e-05, rewards:-1.3054397106170654, queue:0.8630208373069763, delay:0.050779733806848526, throughput:2933
episode:248/250, real avg travel time:316.4052966811934
step:3600/3600, q_loss:-2.1183383392377033e-05, rewards:-1.345162034034729, queue:0.8821180462837219, delay:0.051057517528533936, throughput:2932
episode:249/250, real avg travel time:316.9996647670131
Hyperparameters saved to: data/output_data/tsc/cityflow_hyperlight_mappo/cityflow4x4/lanecount2_4x4_seed1/hyperparameters.json
Loaded best checkpoint for final evaluation
Final Travel Time is 314.6329, mean rewards: -1.2255, queue: 0.8095, delay: 0.0487, throughput: 2932
Total time taken: 10682.543932199478
