structural conditioning spec: structural_v1:in_lane_count,out_lane_count
structural features (min/mean/max): in_lane_count[4/7.43/14] out_lane_count[3/5.10/8]
step:3600/3600, q_loss:0.0003676215341935555, rewards:-13.020198822021484, queue:3.922619104385376, delay:0.2241697758436203, throughput:3926
episode:0/250, real avg travel time:311.1716760061131
Test step:0/250, travel time :248.73640167364016, rewards:-8.2590970993042, queue:2.9124338626861572, delay:0.17350319027900696, throughput:3824
New best TEST travel time 248.7364 at episode 0, saved as best checkpoint
step:3600/3600, q_loss:0.0003850135007976658, rewards:-13.00715160369873, queue:3.8440475463867188, delay:0.2206336408853531, throughput:3911
episode:1/250, real avg travel time:327.6238813602659
step:3600/3600, q_loss:0.00026560797123238445, rewards:-11.215734481811523, queue:3.482804298400879, delay:0.20541702210903168, throughput:3943
episode:2/250, real avg travel time:301.85645447628707
step:3600/3600, q_loss:0.000276771735581052, rewards:-10.888272285461426, queue:3.3546295166015625, delay:0.19946660101413727, throughput:3958
episode:3/250, real avg travel time:297.45376452753914
step:3600/3600, q_loss:0.00018800346685263019, rewards:-10.109152793884277, queue:3.184788465499878, delay:0.19703015685081482, throughput:3965
episode:4/250, real avg travel time:307.48776796973516
step:3600/3600, q_loss:0.00014721215217529485, rewards:-9.685477256774902, queue:3.191666603088379, delay:0.1923903077840805, throughput:3897
episode:5/250, real avg travel time:314.1562740569669
Test step:5/250, travel time :597.7213836477987, rewards:-39.90880584716797, queue:11.676719665527344, delay:0.36350759863853455, throughput:1590
step:3600/3600, q_loss:0.0001033277750442115, rewards:-9.024996757507324, queue:2.9654762744903564, delay:0.19092130661010742, throughput:3936
episode:6/250, real avg travel time:299.994156504065
step:3600/3600, q_loss:9.739076566701341e-05, rewards:-8.988045692443848, queue:2.9353175163269043, delay:0.19177256524562836, throughput:3866
episode:7/250, real avg travel time:283.4930160372478
step:3600/3600, q_loss:8.245697746234428e-05, rewards:-8.74332046508789, queue:2.9289681911468506, delay:0.1897030472755432, throughput:3945
episode:8/250, real avg travel time:290.73105196451206
step:3600/3600, q_loss:0.00010181144623654998, rewards:-8.80945110321045, queue:2.8980159759521484, delay:0.18453171849250793, throughput:3905
episode:9/250, real avg travel time:272.1638924455826
step:3600/3600, q_loss:6.59318969054665e-05, rewards:-8.080206871032715, queue:2.6763226985931396, delay:0.18162775039672852, throughput:3972
episode:10/250, real avg travel time:268.7019133937563
Test step:10/250, travel time :245.33333333333334, rewards:-7.795140266418457, queue:2.8548941612243652, delay:0.16751740872859955, throughput:3849
New best TEST travel time 245.3333 at episode 10, saved as best checkpoint
step:3600/3600, q_loss:5.756069408057051e-05, rewards:-7.49030876159668, queue:2.5261905193328857, delay:0.17520815134048462, throughput:3964
episode:11/250, real avg travel time:281.9066599394551
step:3600/3600, q_loss:5.694529665763387e-05, rewards:-7.197817802429199, queue:2.430555582046509, delay:0.17303194105625153, throughput:3998
episode:12/250, real avg travel time:272.41645822911454
step:3600/3600, q_loss:3.731824706644855e-05, rewards:-6.615169048309326, queue:2.2298941612243652, delay:0.1726534515619278, throughput:4006
episode:13/250, real avg travel time:258.6480279580629
step:3600/3600, q_loss:3.343057420958455e-05, rewards:-6.021891117095947, queue:2.1153438091278076, delay:0.16575798392295837, throughput:4046
episode:14/250, real avg travel time:253.23479980227384
step:3600/3600, q_loss:6.045681447075266e-05, rewards:-6.307167053222656, queue:2.12156081199646, delay:0.1677102893590927, throughput:4002
episode:15/250, real avg travel time:247.76386806596702
Test step:15/250, travel time :251.95962490231832, rewards:-8.014278411865234, queue:2.8736772537231445, delay:0.1718371957540512, throughput:3839
step:3600/3600, q_loss:3.690401305599759e-05, rewards:-5.723898887634277, queue:2.0096561908721924, delay:0.1652071475982666, throughput:4041
episode:16/250, real avg travel time:242.885424399901
step:3600/3600, q_loss:4.316912090871483e-05, rewards:-6.046611785888672, queue:2.0900793075561523, delay:0.16477517783641815, throughput:4041
episode:17/250, real avg travel time:242.76738431081415
step:3600/3600, q_loss:5.1160613818663274e-05, rewards:-6.203526496887207, queue:2.112036943435669, delay:0.16584162414073944, throughput:4027
episode:18/250, real avg travel time:250.61609138316365
step:3600/3600, q_loss:3.8519655451333774e-05, rewards:-5.671343803405762, queue:1.9958994388580322, delay:0.16349181532859802, throughput:4036
episode:19/250, real avg travel time:239.8171456888008
step:3600/3600, q_loss:2.8980518416372233e-05, rewards:-5.408915996551514, queue:1.8973544836044312, delay:0.15924760699272156, throughput:4037
episode:20/250, real avg travel time:241.33292048550905
Test step:20/250, travel time :251.95962490231832, rewards:-8.014278411865234, queue:2.8736772537231445, delay:0.1718371957540512, throughput:3839
step:3600/3600, q_loss:2.4563742287379378e-05, rewards:-5.280325889587402, queue:1.9092592000961304, delay:0.15847797691822052, throughput:4036
episode:21/250, real avg travel time:238.5091674925669
step:3600/3600, q_loss:3.74229735623683e-05, rewards:-5.286397457122803, queue:1.8153438568115234, delay:0.1553955376148224, throughput:4059
episode:22/250, real avg travel time:228.28332101502832
step:3600/3600, q_loss:1.5011340373247448e-05, rewards:-4.566237449645996, queue:1.6788359880447388, delay:0.1505482792854309, throughput:4037
episode:23/250, real avg travel time:225.78721823135993
step:3600/3600, q_loss:1.2386286188201565e-05, rewards:-4.72502326965332, queue:1.7062169313430786, delay:0.15416423976421356, throughput:4030
episode:24/250, real avg travel time:225.3377171215881
step:3600/3600, q_loss:2.846265172896286e-05, rewards:-5.312880516052246, queue:1.8488094806671143, delay:0.1617637425661087, throughput:4051
episode:25/250, real avg travel time:236.20340656627994
Test step:25/250, travel time :246.11009639776762, rewards:-9.258310317993164, queue:3.071693181991577, delay:0.18271590769290924, throughput:3942
step:3600/3600, q_loss:2.344154224071341e-05, rewards:-4.805744647979736, queue:1.6928571462631226, delay:0.15337905287742615, throughput:4054
episode:26/250, real avg travel time:228.501233349778
step:3600/3600, q_loss:2.1570627480590096e-05, rewards:-4.723641395568848, queue:1.6821428537368774, delay:0.1521645188331604, throughput:4062
episode:27/250, real avg travel time:222.59281142294435
step:3600/3600, q_loss:4.545592099829163e-05, rewards:-5.167567729949951, queue:1.876190423965454, delay:0.15200075507164001, throughput:4057
episode:28/250, real avg travel time:225.7281242297264
step:3600/3600, q_loss:2.413582527272714e-05, rewards:-4.337129592895508, queue:1.6048941612243652, delay:0.14954660832881927, throughput:4053
episode:29/250, real avg travel time:221.15815445349125
step:3600/3600, q_loss:1.545490102014608e-05, rewards:-4.09384822845459, queue:1.5530422925949097, delay:0.14626607298851013, throughput:4057
episode:30/250, real avg travel time:222.17106236135075
Test step:30/250, travel time :245.68982880161127, rewards:-7.3120436668396, queue:2.6277778148651123, delay:0.16041992604732513, throughput:3972
step:3600/3600, q_loss:1.746392396550315e-05, rewards:-4.266092300415039, queue:1.5933862924575806, delay:0.14881330728530884, throughput:4039
episode:31/250, real avg travel time:216.1651398861104
step:3600/3600, q_loss:5.7626101948294994e-05, rewards:-5.286725044250488, queue:1.9134920835494995, delay:0.15219716727733612, throughput:4040
episode:32/250, real avg travel time:233.4069306930693
step:3600/3600, q_loss:2.5478510360699146e-05, rewards:-4.462268829345703, queue:1.6353174448013306, delay:0.14944569766521454, throughput:4067
episode:33/250, real avg travel time:224.82271944922547
step:3600/3600, q_loss:2.4044709183120478e-05, rewards:-4.624048709869385, queue:1.6718254089355469, delay:0.1498573273420334, throughput:4060
episode:34/250, real avg travel time:218.02364532019703
step:3600/3600, q_loss:1.7517552300382198e-05, rewards:-4.1504011154174805, queue:1.5780422687530518, delay:0.1525573432445526, throughput:4050
episode:35/250, real avg travel time:219.08962962962963
Test step:35/250, travel time :217.82367632367632, rewards:-7.325409412384033, queue:2.553703784942627, delay:0.17370615899562836, throughput:4004
New best TEST travel time 217.8237 at episode 35, saved as best checkpoint
step:3600/3600, q_loss:2.275893841417403e-05, rewards:-4.151271343231201, queue:1.5623016357421875, delay:0.14679765701293945, throughput:4056
episode:36/250, real avg travel time:217.86070019723866
step:3600/3600, q_loss:1.5111281876064216e-05, rewards:-3.9161553382873535, queue:1.521164059638977, delay:0.14307613670825958, throughput:4065
episode:37/250, real avg travel time:213.26765067650678
step:3600/3600, q_loss:2.138378468872462e-05, rewards:-3.879749298095703, queue:1.5097883939743042, delay:0.14329972863197327, throughput:4043
episode:38/250, real avg travel time:215.43729903536976
step:3600/3600, q_loss:2.002638114693885e-05, rewards:-3.9901177883148193, queue:1.50515878200531, delay:0.1447032243013382, throughput:4066
episode:39/250, real avg travel time:213.72257747171668
step:3600/3600, q_loss:1.2436416970255474e-05, rewards:-3.8896992206573486, queue:1.4579365253448486, delay:0.1427539587020874, throughput:4035
episode:40/250, real avg travel time:212.53779429987608
Test step:40/250, travel time :219.34600099354196, rewards:-6.107077598571777, queue:2.1240739822387695, delay:0.16301633417606354, throughput:4026
step:3600/3600, q_loss:0.000128844966416687, rewards:-5.137646675109863, queue:1.7309523820877075, delay:0.15125682950019836, throughput:4057
episode:41/250, real avg travel time:236.77076657628788
step:3600/3600, q_loss:9.097655436360381e-05, rewards:-5.001693248748779, queue:1.6525132656097412, delay:0.1508985459804535, throughput:4067
episode:42/250, real avg travel time:228.59282026063437
step:3600/3600, q_loss:2.4064319586614146e-05, rewards:-3.9208624362945557, queue:1.491798996925354, delay:0.14587847888469696, throughput:4053
episode:43/250, real avg travel time:212.36960276338516
step:3600/3600, q_loss:2.2081435195610134e-05, rewards:-4.174136161804199, queue:1.522089958190918, delay:0.14664821326732635, throughput:4057
episode:44/250, real avg travel time:213.1833867389697
step:3600/3600, q_loss:1.717892567588327e-05, rewards:-4.226961135864258, queue:1.5870370864868164, delay:0.15182289481163025, throughput:4050
episode:45/250, real avg travel time:218.36814814814815
Test step:45/250, travel time :214.8544288181594, rewards:-4.306522846221924, queue:1.5843915939331055, delay:0.15570423007011414, throughput:4053
New best TEST travel time 214.8544 at episode 45, saved as best checkpoint
step:3600/3600, q_loss:1.9024079099633835e-05, rewards:-3.95025634765625, queue:1.4850529432296753, delay:0.147901251912117, throughput:4038
episode:46/250, real avg travel time:214.4787023278851
step:3600/3600, q_loss:2.4639964815125697e-05, rewards:-4.0314178466796875, queue:1.4769841432571411, delay:0.1493115872144699, throughput:4053
episode:47/250, real avg travel time:214.27288428324698
step:3600/3600, q_loss:1.7037779859189565e-05, rewards:-4.172654628753662, queue:1.5109788179397583, delay:0.15230652689933777, throughput:4049
episode:48/250, real avg travel time:212.71474438132873
step:3600/3600, q_loss:8.614742627186287e-06, rewards:-4.108806133270264, queue:1.5137566328048706, delay:0.15157487988471985, throughput:4057
episode:49/250, real avg travel time:218.08602415578014
step:3600/3600, q_loss:2.7482304075318905e-05, rewards:-4.053715229034424, queue:1.4724867343902588, delay:0.1496400535106659, throughput:4055
episode:50/250, real avg travel time:213.8577065351418
Test step:50/250, travel time :212.39855972187732, rewards:-5.365070343017578, queue:1.853439211845398, delay:0.1712740808725357, throughput:4027
New best TEST travel time 212.3986 at episode 50, saved as best checkpoint
step:3600/3600, q_loss:1.1980423571205595e-05, rewards:-3.944718360900879, queue:1.4392857551574707, delay:0.14539675414562225, throughput:4065
episode:51/250, real avg travel time:216.3658056580566
step:3600/3600, q_loss:1.5184544705941031e-05, rewards:-3.784353733062744, queue:1.3990740776062012, delay:0.1425173282623291, throughput:4063
episode:52/250, real avg travel time:213.5998031011568
step:3600/3600, q_loss:1.3292135796897735e-05, rewards:-3.8752803802490234, queue:1.4144179821014404, delay:0.1451519876718521, throughput:4049
episode:53/250, real avg travel time:212.85033341565818
step:3600/3600, q_loss:1.0672660250242592e-05, rewards:-3.7977914810180664, queue:1.4117724895477295, delay:0.14328870177268982, throughput:4065
episode:54/250, real avg travel time:211.33357933579336
step:3600/3600, q_loss:6.048870757998278e-06, rewards:-3.7618632316589355, queue:1.3972222805023193, delay:0.14754228293895721, throughput:4060
episode:55/250, real avg travel time:214.2551724137931
Test step:55/250, travel time :286.4070285864149, rewards:-9.554707527160645, queue:2.8584656715393066, delay:0.20746244490146637, throughput:3813
step:3600/3600, q_loss:2.2846458644683783e-05, rewards:-3.997525453567505, queue:1.4845237731933594, delay:0.14751574397087097, throughput:4070
episode:56/250, real avg travel time:218.22334152334153
step:3600/3600, q_loss:1.2812563767915385e-05, rewards:-3.5427026748657227, queue:1.3437830209732056, delay:0.14534051716327667, throughput:4044
episode:57/250, real avg travel time:213.5769040553907
step:3600/3600, q_loss:1.769611497163876e-05, rewards:-3.829596519470215, queue:1.4001322984695435, delay:0.14396409690380096, throughput:4053
episode:58/250, real avg travel time:214.74167283493708
step:3600/3600, q_loss:1.34175951340391e-05, rewards:-3.4704089164733887, queue:1.3514549732208252, delay:0.1410522162914276, throughput:4058
episode:59/250, real avg travel time:208.77895515032034
step:3600/3600, q_loss:1.2047416142498453e-05, rewards:-3.5501604080200195, queue:1.3838623762130737, delay:0.14272689819335938, throughput:4059
episode:60/250, real avg travel time:211.50628233555062
Test step:60/250, travel time :277.22322348094747, rewards:-8.68476390838623, queue:2.6818783283233643, delay:0.18345759809017181, throughput:3884
step:3600/3600, q_loss:7.917994419888904e-06, rewards:-3.533823013305664, queue:1.360714316368103, delay:0.14278320968151093, throughput:4046
episode:61/250, real avg travel time:208.82550667325754
step:3600/3600, q_loss:1.3351811584369797e-05, rewards:-3.5815908908843994, queue:1.3986772298812866, delay:0.14061598479747772, throughput:4057
episode:62/250, real avg travel time:208.98767562238106
step:3600/3600, q_loss:1.686112332713997e-05, rewards:-3.5532467365264893, queue:1.3735449314117432, delay:0.13847927749156952, throughput:4048
episode:63/250, real avg travel time:215.1795948616601
step:3600/3600, q_loss:1.9403652711642077e-05, rewards:-3.632100820541382, queue:1.3841270208358765, delay:0.14368927478790283, throughput:4050
episode:64/250, real avg travel time:215.8148148148148
step:3600/3600, q_loss:1.5853522361592494e-05, rewards:-3.493269920349121, queue:1.3398147821426392, delay:0.14125478267669678, throughput:4045
episode:65/250, real avg travel time:211.78788627935722
Test step:65/250, travel time :228.53431494883952, rewards:-5.811885356903076, queue:1.997354507446289, delay:0.1728537529706955, throughput:4007
step:3600/3600, q_loss:2.467545701721166e-05, rewards:-3.7646968364715576, queue:1.4041005373001099, delay:0.1433567851781845, throughput:4061
episode:66/250, real avg travel time:220.91332184191086
step:3600/3600, q_loss:2.3530634320599752e-05, rewards:-3.874751567840576, queue:1.464550256729126, delay:0.14810146391391754, throughput:4060
episode:67/250, real avg travel time:221.25344827586207
step:3600/3600, q_loss:8.544717081046352e-05, rewards:-4.529822826385498, queue:1.5837301015853882, delay:0.14867056906223297, throughput:4052
episode:68/250, real avg travel time:223.65646594274432
step:3600/3600, q_loss:1.690098829890808e-05, rewards:-3.5463619232177734, queue:1.3768517971038818, delay:0.14476528763771057, throughput:4057
episode:69/250, real avg travel time:216.23391668720728
step:3600/3600, q_loss:7.623078579652227e-05, rewards:-4.236277103424072, queue:1.5309523344039917, delay:0.14499422907829285, throughput:4059
episode:70/250, real avg travel time:224.83789110618378
Test step:70/250, travel time :231.92376458902407, rewards:-4.978285789489746, queue:1.8568782806396484, delay:0.1660429984331131, throughput:4027
step:3600/3600, q_loss:2.7840785898863234e-05, rewards:-3.9012701511383057, queue:1.475000023841858, delay:0.1458166241645813, throughput:4059
episode:71/250, real avg travel time:222.50307957625031
step:3600/3600, q_loss:8.24098703257429e-06, rewards:-3.20186185836792, queue:1.3021163940429688, delay:0.13719542324543, throughput:4062
episode:72/250, real avg travel time:213.46725750861646
step:3600/3600, q_loss:1.0355276147796151e-05, rewards:-3.2606403827667236, queue:1.3093914985656738, delay:0.1398501992225647, throughput:4070
episode:73/250, real avg travel time:212.9012285012285
step:3600/3600, q_loss:2.044468621736289e-06, rewards:-3.1613407135009766, queue:1.2563492059707642, delay:0.13633635640144348, throughput:4060
episode:74/250, real avg travel time:209.25689655172414
step:3600/3600, q_loss:3.2864389342850904e-05, rewards:-4.226033687591553, queue:1.5621693134307861, delay:0.14873959124088287, throughput:4022
episode:75/250, real avg travel time:232.15589259075088
Test step:75/250, travel time :260.7274163813537, rewards:-7.487611293792725, queue:2.4646825790405273, delay:0.19885122776031494, throughput:3797
step:3600/3600, q_loss:2.5208166415622043e-05, rewards:-4.4624152183532715, queue:1.6441799402236938, delay:0.15394842624664307, throughput:4011
episode:76/250, real avg travel time:236.07678883071554
step:3600/3600, q_loss:6.354294803006471e-06, rewards:-3.362793207168579, queue:1.3326719999313354, delay:0.14044128358364105, throughput:4063
episode:77/250, real avg travel time:212.5235047994093
step:3600/3600, q_loss:1.1077672186527505e-05, rewards:-3.367112159729004, queue:1.3193122148513794, delay:0.14038078486919403, throughput:4054
episode:78/250, real avg travel time:211.52146028613714
step:3600/3600, q_loss:6.757782102795318e-06, rewards:-3.5870375633239746, queue:1.3935185670852661, delay:0.14349301159381866, throughput:4044
episode:79/250, real avg travel time:217.52448071216617
step:3600/3600, q_loss:8.249903597364513e-06, rewards:-3.6368658542633057, queue:1.4041005373001099, delay:0.14270277321338654, throughput:4068
episode:80/250, real avg travel time:218.7239429695182
Test step:80/250, travel time :216.07455708661416, rewards:-3.9067163467407227, queue:1.4994709491729736, delay:0.14667373895645142, throughput:4064
step:3600/3600, q_loss:4.224439342376879e-06, rewards:-3.305448055267334, queue:1.3149471282958984, delay:0.13945196568965912, throughput:4055
episode:81/250, real avg travel time:210.64611590628854
step:3600/3600, q_loss:7.072146601987899e-06, rewards:-3.5418195724487305, queue:1.4039682149887085, delay:0.14088137447834015, throughput:4065
episode:82/250, real avg travel time:217.87207872078721
step:3600/3600, q_loss:0.00013914452833382207, rewards:-5.088061332702637, queue:1.6788359880447388, delay:0.15083596110343933, throughput:4043
episode:83/250, real avg travel time:238.41528567895128
step:3600/3600, q_loss:8.085343061894592e-05, rewards:-4.887696266174316, queue:1.7047618627548218, delay:0.1502692550420761, throughput:4072
episode:84/250, real avg travel time:257.08005893909626
step:3600/3600, q_loss:8.364481012298104e-06, rewards:-3.2313218116760254, queue:1.2943121194839478, delay:0.14122401177883148, throughput:4063
episode:85/250, real avg travel time:210.03962589219788
Test step:85/250, travel time :216.3152842727049, rewards:-4.371155738830566, queue:1.548545002937317, delay:0.15579728782176971, throughput:4063
step:3600/3600, q_loss:9.911389537996405e-06, rewards:-3.192793130874634, queue:1.2919312715530396, delay:0.13581334054470062, throughput:4062
episode:86/250, real avg travel time:209.4537173806007
step:3600/3600, q_loss:9.50825742620509e-06, rewards:-3.523526668548584, queue:1.3682539463043213, delay:0.1447022557258606, throughput:4066
episode:87/250, real avg travel time:213.64067879980325
step:3600/3600, q_loss:4.339336939867482e-06, rewards:-3.3769545555114746, queue:1.3280422687530518, delay:0.1415519416332245, throughput:4049
episode:88/250, real avg travel time:210.60064213386022
step:3600/3600, q_loss:7.441807368498606e-06, rewards:-3.158686637878418, queue:1.2630952596664429, delay:0.13938212394714355, throughput:4050
episode:89/250, real avg travel time:210.10148148148147
step:3600/3600, q_loss:1.0094655024456894e-05, rewards:-3.2829110622406006, queue:1.2855820655822754, delay:0.1395752727985382, throughput:4068
episode:90/250, real avg travel time:206.76548672566372
Test step:90/250, travel time :214.35433070866142, rewards:-5.052103519439697, queue:1.6775132417678833, delay:0.1632879227399826, throughput:4064
step:3600/3600, q_loss:6.351241124017785e-06, rewards:-3.3095312118530273, queue:1.275925874710083, delay:0.14097177982330322, throughput:4071
episode:91/250, real avg travel time:205.5325472856792
step:3600/3600, q_loss:9.761774627905753e-06, rewards:-3.216827154159546, queue:1.2554233074188232, delay:0.13756288588047028, throughput:4065
episode:92/250, real avg travel time:207.1060270602706
step:3600/3600, q_loss:7.06806196022727e-06, rewards:-3.180954694747925, queue:1.2481482028961182, delay:0.14021748304367065, throughput:4069
episode:93/250, real avg travel time:208.97886458589335
step:3600/3600, q_loss:3.7059321685875247e-06, rewards:-3.0972602367401123, queue:1.2548941373825073, delay:0.1377096325159073, throughput:4068
episode:94/250, real avg travel time:212.79916420845623
step:3600/3600, q_loss:5.779848490621791e-06, rewards:-3.115236759185791, queue:1.254365086555481, delay:0.13879910111427307, throughput:4062
episode:95/250, real avg travel time:212.35499753815853
Test step:95/250, travel time :259.89325121888635, rewards:-7.08553409576416, queue:2.351454973220825, delay:0.17637120187282562, throughput:3897
step:3600/3600, q_loss:4.281596920918673e-06, rewards:-3.1505188941955566, queue:1.2546296119689941, delay:0.138226717710495, throughput:4055
episode:96/250, real avg travel time:212.83501849568435
step:3600/3600, q_loss:8.820861371027099e-05, rewards:-4.523975849151611, queue:1.4231481552124023, delay:0.14296042919158936, throughput:4046
episode:97/250, real avg travel time:212.34923381117153
step:3600/3600, q_loss:7.73017139484485e-06, rewards:-3.243647575378418, queue:1.2783068418502808, delay:0.13786040246486664, throughput:4065
episode:98/250, real avg travel time:208.71463714637147
step:3600/3600, q_loss:8.640908021738546e-06, rewards:-3.0974209308624268, queue:1.2433862686157227, delay:0.13807545602321625, throughput:4049
episode:99/250, real avg travel time:215.74438132872314
step:3600/3600, q_loss:8.671121395309456e-06, rewards:-3.153102397918701, queue:1.2314814329147339, delay:0.13906827569007874, throughput:4069
episode:100/250, real avg travel time:211.44753010567706
Test step:100/250, travel time :284.4116865869854, rewards:-10.393125534057617, queue:2.761904716491699, delay:0.1939067393541336, throughput:3765
step:3600/3600, q_loss:6.104931607195693e-06, rewards:-3.17578125, queue:1.244444489479065, delay:0.1383175104856491, throughput:4062
episode:101/250, real avg travel time:209.9512555391433
step:3600/3600, q_loss:9.424835896222955e-05, rewards:-4.755764484405518, queue:1.456745982170105, delay:0.1465059220790863, throughput:4047
episode:102/250, real avg travel time:207.98591549295776
step:3600/3600, q_loss:1.094891453653367e-05, rewards:-3.208538055419922, queue:1.2384920120239258, delay:0.139389306306839, throughput:4062
episode:103/250, real avg travel time:210.04652880354504
step:3600/3600, q_loss:7.71037231768585e-05, rewards:-4.497455596923828, queue:1.4088624715805054, delay:0.14237256348133087, throughput:4049
episode:104/250, real avg travel time:207.22746357125217
step:3600/3600, q_loss:6.4093512062552485e-06, rewards:-3.189924716949463, queue:1.243915319442749, delay:0.13868771493434906, throughput:4061
episode:105/250, real avg travel time:211.09800541738488
Test step:105/250, travel time :263.2828408244351, rewards:-4.778476238250732, queue:1.6588624715805054, delay:0.16481466591358185, throughput:4027
step:3600/3600, q_loss:7.586178132138836e-06, rewards:-3.107590675354004, queue:1.2138888835906982, delay:0.13583461940288544, throughput:4064
episode:106/250, real avg travel time:209.7426181102362
step:3600/3600, q_loss:5.16235813847743e-06, rewards:-3.136199951171875, queue:1.2243386507034302, delay:0.13550347089767456, throughput:4049
episode:107/250, real avg travel time:211.69325759446778
step:3600/3600, q_loss:1.2840098133892752e-05, rewards:-3.2023959159851074, queue:1.2419312000274658, delay:0.13664476573467255, throughput:4064
episode:108/250, real avg travel time:211.92125984251967
step:3600/3600, q_loss:1.6254524841012123e-05, rewards:-3.3136839866638184, queue:1.2575396299362183, delay:0.136550173163414, throughput:4053
episode:109/250, real avg travel time:216.99259807549964
step:3600/3600, q_loss:1.620843067939859e-05, rewards:-3.7570199966430664, queue:1.3593915700912476, delay:0.1407887190580368, throughput:4061
episode:110/250, real avg travel time:233.23565624230486
Test step:110/250, travel time :242.96195069667738, rewards:-8.930669784545898, queue:2.9201059341430664, delay:0.18217796087265015, throughput:3732
step:3600/3600, q_loss:1.547430223985834e-05, rewards:-3.268636465072632, queue:1.2485449314117432, delay:0.13631275296211243, throughput:4055
episode:111/250, real avg travel time:221.46189889025894
step:3600/3600, q_loss:1.388889391415028e-05, rewards:-3.391950845718384, queue:1.2748677730560303, delay:0.1358506977558136, throughput:4046
episode:112/250, real avg travel time:215.25827978250123
step:3600/3600, q_loss:9.649429525274577e-05, rewards:-5.1244683265686035, queue:1.5178571939468384, delay:0.14660030603408813, throughput:4033
episode:113/250, real avg travel time:219.6518720555418
step:3600/3600, q_loss:1.1741924875726303e-05, rewards:-3.165017604827881, queue:1.231349229812622, delay:0.1387430727481842, throughput:4073
episode:114/250, real avg travel time:213.81340535232016
step:3600/3600, q_loss:1.5662926873321543e-05, rewards:-3.2979071140289307, queue:1.2550264596939087, delay:0.1390158236026764, throughput:4059
episode:115/250, real avg travel time:215.57354028085734
Test step:115/250, travel time :255.65718884120173, rewards:-7.372945308685303, queue:2.479761838912964, delay:0.17627891898155212, throughput:3728
step:3600/3600, q_loss:2.1644466566309953e-06, rewards:-2.9016706943511963, queue:1.171296238899231, delay:0.1353396773338318, throughput:4058
episode:116/250, real avg travel time:212.82134056185313
step:3600/3600, q_loss:6.367629450525985e-06, rewards:-3.1741933822631836, queue:1.2302910089492798, delay:0.13663798570632935, throughput:4060
episode:117/250, real avg travel time:210.8987684729064
step:3600/3600, q_loss:1.5253991498159142e-05, rewards:-3.155360698699951, queue:1.2226190567016602, delay:0.13791190087795258, throughput:4069
episode:118/250, real avg travel time:216.3738019169329
step:3600/3600, q_loss:5.306408113230848e-06, rewards:-3.10638689994812, queue:1.2214285135269165, delay:0.13676904141902924, throughput:4071
episode:119/250, real avg travel time:208.28420535494965
step:3600/3600, q_loss:1.070877102999172e-05, rewards:-2.9425292015075684, queue:1.1615079641342163, delay:0.13467952609062195, throughput:4059
episode:120/250, real avg travel time:206.15989159891598
Test step:120/250, travel time :246.0687418936446, rewards:-5.8786492347717285, queue:1.9945766925811768, delay:0.16503344476222992, throughput:3855
step:3600/3600, q_loss:2.509473419599494e-05, rewards:-3.4633586406707764, queue:1.3060846328735352, delay:0.1378040611743927, throughput:4050
episode:121/250, real avg travel time:218.2037037037037
step:3600/3600, q_loss:4.082068173576974e-06, rewards:-2.992360830307007, queue:1.168254017829895, delay:0.13090646266937256, throughput:4058
episode:122/250, real avg travel time:208.3790044356826
step:3600/3600, q_loss:2.566346867954255e-06, rewards:-3.0532422065734863, queue:1.2096561193466187, delay:0.13514450192451477, throughput:4033
episode:123/250, real avg travel time:212.38581700967023
step:3600/3600, q_loss:1.468590408977535e-05, rewards:-2.8915741443634033, queue:1.1661375761032104, delay:0.1335969865322113, throughput:4065
episode:124/250, real avg travel time:209.99557195571956
step:3600/3600, q_loss:4.269561436053158e-06, rewards:-2.9471468925476074, queue:1.166534423828125, delay:0.13498659431934357, throughput:4067
episode:125/250, real avg travel time:211.7641996557659
Test step:125/250, travel time :277.8332062039156, rewards:-6.687580108642578, queue:2.1591269969940186, delay:0.17441363632678986, throughput:3933
step:3600/3600, q_loss:7.030176251040151e-06, rewards:-2.8657641410827637, queue:1.1511905193328857, delay:0.1342059224843979, throughput:4064
episode:126/250, real avg travel time:210.45570866141733
step:3600/3600, q_loss:6.745293851256267e-06, rewards:-2.9265332221984863, queue:1.1706348657608032, delay:0.13447223603725433, throughput:4070
episode:127/250, real avg travel time:209.509828009828
step:3600/3600, q_loss:1.3916627600944291e-05, rewards:-3.1433119773864746, queue:1.193253993988037, delay:0.13531160354614258, throughput:4068
episode:128/250, real avg travel time:213.6674041297935
step:3600/3600, q_loss:8.022233386226515e-06, rewards:-2.960495710372925, queue:1.1718254089355469, delay:0.13353945314884186, throughput:4064
episode:129/250, real avg travel time:212.29822834645668
step:3600/3600, q_loss:1.1513155752456644e-05, rewards:-3.091522216796875, queue:1.2195767164230347, delay:0.1358659565448761, throughput:4053
episode:130/250, real avg travel time:213.75845053047126
Test step:130/250, travel time :211.81829419035847, rewards:-2.9583990573883057, queue:1.198544979095459, delay:0.13484545052051544, throughput:4045
New best TEST travel time 211.8183 at episode 130, saved as best checkpoint
step:3600/3600, q_loss:5.645414744827172e-06, rewards:-2.8283371925354004, queue:1.1464285850524902, delay:0.13232773542404175, throughput:4063
episode:131/250, real avg travel time:208.6071868077775
step:3600/3600, q_loss:5.682276362980095e-06, rewards:-3.0593903064727783, queue:1.204100489616394, delay:0.1309066116809845, throughput:4054
episode:132/250, real avg travel time:213.5004933399112
step:3600/3600, q_loss:3.50785380255224e-06, rewards:-3.0707638263702393, queue:1.1919312477111816, delay:0.1338094174861908, throughput:4056
episode:133/250, real avg travel time:211.41050295857988
step:3600/3600, q_loss:9.082156805864846e-05, rewards:-4.536346435546875, queue:1.4071428775787354, delay:0.14423558115959167, throughput:4023
episode:134/250, real avg travel time:211.26522495650013
step:3600/3600, q_loss:6.073470063307064e-06, rewards:-2.8349151611328125, queue:1.1447089910507202, delay:0.1329014003276825, throughput:4040
episode:135/250, real avg travel time:210.21485148514853
Test step:135/250, travel time :222.744099378882, rewards:-2.9776737689971924, queue:1.2003967761993408, delay:0.13722482323646545, throughput:4025
step:3600/3600, q_loss:7.644426194828056e-06, rewards:-2.8881306648254395, queue:1.152645468711853, delay:0.12972107529640198, throughput:4052
episode:136/250, real avg travel time:211.77788746298125
step:3600/3600, q_loss:1.5200323307201163e-05, rewards:-3.250478506088257, queue:1.2525131702423096, delay:0.13591165840625763, throughput:4040
episode:137/250, real avg travel time:213.56064356435644
step:3600/3600, q_loss:1.2842500655096956e-05, rewards:-3.067399740219116, queue:1.2109788656234741, delay:0.132139191031456, throughput:4052
episode:138/250, real avg travel time:212.95607107601185
step:3600/3600, q_loss:6.0517753202778595e-06, rewards:-2.985255002975464, queue:1.185185194015503, delay:0.13665448129177094, throughput:4042
episode:139/250, real avg travel time:215.95794161306284
step:3600/3600, q_loss:1.3157847853209306e-05, rewards:-3.2232868671417236, queue:1.2443121671676636, delay:0.133262038230896, throughput:4032
episode:140/250, real avg travel time:220.70510912698413
Test step:140/250, travel time :222.53374689826302, rewards:-3.1428589820861816, queue:1.237433910369873, delay:0.13654421269893646, throughput:4030
step:3600/3600, q_loss:1.1421207940050711e-05, rewards:-3.006192445755005, queue:1.182539701461792, delay:0.133008673787117, throughput:4061
episode:141/250, real avg travel time:215.6367889682344
step:3600/3600, q_loss:8.333566155569213e-06, rewards:-3.0343852043151855, queue:1.1899471282958984, delay:0.13412165641784668, throughput:4042
episode:142/250, real avg travel time:212.02350321622959
step:3600/3600, q_loss:6.702201806345127e-05, rewards:-4.027793884277344, queue:1.4027777910232544, delay:0.1348654329776764, throughput:4068
episode:143/250, real avg travel time:233.9530481809243
step:3600/3600, q_loss:1.5132152152040767e-05, rewards:-3.1350209712982178, queue:1.1952381134033203, delay:0.13204926252365112, throughput:4048
episode:144/250, real avg travel time:215.30657114624506
step:3600/3600, q_loss:7.866660436977529e-06, rewards:-2.7061052322387695, queue:1.0980159044265747, delay:0.12758372724056244, throughput:4058
episode:145/250, real avg travel time:207.1357811729916
Test step:145/250, travel time :215.6576086956522, rewards:-3.354267120361328, queue:1.2369047403335571, delay:0.1372399479150772, throughput:4048
step:3600/3600, q_loss:6.672094241366722e-06, rewards:-2.9480109214782715, queue:1.148809552192688, delay:0.12939216196537018, throughput:4066
episode:146/250, real avg travel time:214.67535661583867
step:3600/3600, q_loss:1.5948160378482295e-05, rewards:-3.206451177597046, queue:1.2367725372314453, delay:0.1350529044866562, throughput:4065
episode:147/250, real avg travel time:218.31070110701106
step:3600/3600, q_loss:9.135256146287752e-06, rewards:-2.8724539279937744, queue:1.1359788179397583, delay:0.13160823285579681, throughput:4051
episode:148/250, real avg travel time:209.79733399160702
step:3600/3600, q_loss:1.171900007142944e-05, rewards:-2.8753411769866943, queue:1.143650770187378, delay:0.13234972953796387, throughput:4044
episode:149/250, real avg travel time:207.2608803165183
step:3600/3600, q_loss:8.166999638585063e-06, rewards:-2.7629973888397217, queue:1.1273809671401978, delay:0.13229380548000336, throughput:4059
episode:150/250, real avg travel time:209.8359201773836
Test step:150/250, travel time :222.49617755856966, rewards:-3.5144155025482178, queue:1.2489417791366577, delay:0.1476135551929474, throughput:4055
step:3600/3600, q_loss:6.735956695693959e-06, rewards:-2.9371023178100586, queue:1.1731481552124023, delay:0.1347752958536148, throughput:4068
episode:151/250, real avg travel time:211.38151425762047
step:3600/3600, q_loss:1.737881595747442e-06, rewards:-2.815314531326294, queue:1.1455026865005493, delay:0.13251283764839172, throughput:4054
episode:152/250, real avg travel time:217.5907745436606
step:3600/3600, q_loss:1.2325171782221231e-05, rewards:-3.0003066062927246, queue:1.1809524297714233, delay:0.13231036067008972, throughput:4049
episode:153/250, real avg travel time:214.46357125216102
step:3600/3600, q_loss:6.757920143880054e-06, rewards:-2.816924810409546, queue:1.1216931343078613, delay:0.13063094019889832, throughput:4051
episode:154/250, real avg travel time:208.63589237225378
step:3600/3600, q_loss:4.487324905413617e-06, rewards:-2.9927921295166016, queue:1.1559523344039917, delay:0.13041430711746216, throughput:4054
episode:155/250, real avg travel time:212.55550074000988
Test step:155/250, travel time :214.96781381530081, rewards:-3.0762743949890137, queue:1.1821428537368774, delay:0.13572397828102112, throughput:4039
step:3600/3600, q_loss:8.673085782599324e-06, rewards:-2.9157698154449463, queue:1.1403439044952393, delay:0.1287923902273178, throughput:4075
episode:156/250, real avg travel time:211.68588957055215
step:3600/3600, q_loss:7.895912886952929e-05, rewards:-3.7054779529571533, queue:1.3248677253723145, delay:0.13188911974430084, throughput:4036
episode:157/250, real avg travel time:227.24454905847372
step:3600/3600, q_loss:1.138007549646621e-05, rewards:-3.0016818046569824, queue:1.1263227462768555, delay:0.1272767335176468, throughput:4041
episode:158/250, real avg travel time:217.85201682751793
step:3600/3600, q_loss:3.8500596484583285e-05, rewards:-3.7399861812591553, queue:1.3202381134033203, delay:0.13687533140182495, throughput:4032
episode:159/250, real avg travel time:232.21949404761904
step:3600/3600, q_loss:1.7846075752459e-05, rewards:-3.2831366062164307, queue:1.2104496955871582, delay:0.13098157942295074, throughput:4041
episode:160/250, real avg travel time:220.63127938629052
Test step:160/250, travel time :225.29253731343283, rewards:-3.8708646297454834, queue:1.3678570985794067, delay:0.13754813373088837, throughput:4020
step:3600/3600, q_loss:2.0311687573363695e-05, rewards:-3.6676697731018066, queue:1.3407407999038696, delay:0.1393389254808426, throughput:4048
episode:161/250, real avg travel time:225.0701581027668
step:3600/3600, q_loss:2.6597277044654927e-05, rewards:-3.4509494304656982, queue:1.2548941373825073, delay:0.13535533845424652, throughput:4036
episode:162/250, real avg travel time:226.0180872150644
step:3600/3600, q_loss:1.3753265112528525e-05, rewards:-3.36249041557312, queue:1.241269826889038, delay:0.13187411427497864, throughput:4027
episode:163/250, real avg travel time:221.12441023094115
step:3600/3600, q_loss:2.1822563091215368e-05, rewards:-3.594043016433716, queue:1.3326719999313354, delay:0.13774260878562927, throughput:4039
episode:164/250, real avg travel time:223.69744986382767
step:3600/3600, q_loss:2.1071805955822736e-05, rewards:-3.210115671157837, queue:1.1875661611557007, delay:0.13111895322799683, throughput:4042
episode:165/250, real avg travel time:213.83151904997527
Test step:165/250, travel time :216.96009913258985, rewards:-3.2231900691986084, queue:1.2039682865142822, delay:0.13550251722335815, throughput:4035
step:3600/3600, q_loss:1.3132246304950159e-05, rewards:-3.201091766357422, queue:1.2185184955596924, delay:0.1348487287759781, throughput:4063
episode:166/250, real avg travel time:220.50849126261383
step:3600/3600, q_loss:1.8380334080979488e-05, rewards:-3.208116292953491, queue:1.2132275104522705, delay:0.13464775681495667, throughput:4051
episode:167/250, real avg travel time:220.60775117255
step:3600/3600, q_loss:1.644797715319631e-05, rewards:-3.592801570892334, queue:1.2902116775512695, delay:0.13426415622234344, throughput:4046
episode:168/250, real avg travel time:222.2501235788433
step:3600/3600, q_loss:1.1408527401120712e-05, rewards:-3.2122626304626465, queue:1.2194443941116333, delay:0.1338394284248352, throughput:4051
episode:169/250, real avg travel time:218.3858306590965
step:3600/3600, q_loss:0.00012104245666301317, rewards:-5.245990753173828, queue:1.5130952596664429, delay:0.14078108966350555, throughput:4023
episode:170/250, real avg travel time:226.18394233159333
Test step:170/250, travel time :269.3259082471493, rewards:-5.582571983337402, queue:1.869444489479065, delay:0.15639173984527588, throughput:3771
step:3600/3600, q_loss:9.66760522310829e-06, rewards:-3.309797525405884, queue:1.2108465433120728, delay:0.1322634071111679, throughput:4051
episode:171/250, real avg travel time:223.0365341890891
step:3600/3600, q_loss:1.873819570998118e-05, rewards:-3.6108992099761963, queue:1.3022487163543701, delay:0.1353296935558319, throughput:4045
episode:172/250, real avg travel time:226.99876390605687
step:3600/3600, q_loss:0.0001330938154650438, rewards:-4.89468240737915, queue:1.456745982170105, delay:0.14263653755187988, throughput:4032
episode:173/250, real avg travel time:221.22842261904762
step:3600/3600, q_loss:1.5375504921798387e-05, rewards:-3.22233247756958, queue:1.2318782806396484, delay:0.1332612931728363, throughput:4048
episode:174/250, real avg travel time:221.9416996047431
step:3600/3600, q_loss:1.8150174683897705e-05, rewards:-3.662834405899048, queue:1.3510582447052002, delay:0.1444268822669983, throughput:4042
episode:175/250, real avg travel time:235.71796140524492
Test step:175/250, travel time :263.21870248352764, rewards:-5.363846778869629, queue:1.7596560716629028, delay:0.15439052879810333, throughput:3946
step:3600/3600, q_loss:7.810331537459408e-05, rewards:-4.003047466278076, queue:1.4064815044403076, delay:0.14011810719966888, throughput:4044
episode:176/250, real avg travel time:238.1713649851632
step:3600/3600, q_loss:1.707451414808424e-05, rewards:-3.455416440963745, queue:1.25171959400177, delay:0.13220421969890594, throughput:4025
episode:177/250, real avg travel time:229.1704347826087
step:3600/3600, q_loss:7.906908459618636e-05, rewards:-4.959096908569336, queue:1.4638888835906982, delay:0.14385350048542023, throughput:4027
episode:178/250, real avg travel time:224.04395331512293
step:3600/3600, q_loss:2.022476714450426e-05, rewards:-3.4828970432281494, queue:1.2593915462493896, delay:0.13502530753612518, throughput:4047
episode:179/250, real avg travel time:230.2394366197183
step:3600/3600, q_loss:1.468844315645078e-05, rewards:-3.266120433807373, queue:1.236640214920044, delay:0.13532349467277527, throughput:4028
episode:180/250, real avg travel time:217.72989076464748
Test step:180/250, travel time :228.39175257731958, rewards:-3.246840000152588, queue:1.2150793075561523, delay:0.13187876343727112, throughput:4074
step:3600/3600, q_loss:2.320386247447459e-05, rewards:-3.3923418521881104, queue:1.2527778148651123, delay:0.1350359320640564, throughput:4043
episode:181/250, real avg travel time:222.11377689834282
step:3600/3600, q_loss:1.944767377103239e-05, rewards:-3.081585645675659, queue:1.1927248239517212, delay:0.1327722668647766, throughput:4061
episode:182/250, real avg travel time:217.8463432652056
step:3600/3600, q_loss:1.0230246860171772e-05, rewards:-3.2849860191345215, queue:1.2379629611968994, delay:0.13387934863567352, throughput:4065
episode:183/250, real avg travel time:220.96432964329642
step:3600/3600, q_loss:2.055853908839506e-05, rewards:-3.179637908935547, queue:1.223280429840088, delay:0.13385389745235443, throughput:4054
episode:184/250, real avg travel time:216.73877651702023
step:3600/3600, q_loss:2.6795612130728034e-05, rewards:-3.76678466796875, queue:1.4335979223251343, delay:0.13841791450977325, throughput:4044
episode:185/250, real avg travel time:248.8135509396637
Test step:185/250, travel time :239.48592442302814, rewards:-3.8140718936920166, queue:1.3693121671676636, delay:0.1394537389278412, throughput:3943
step:3600/3600, q_loss:4.409217658071106e-05, rewards:-3.822455406188965, queue:1.3678570985794067, delay:0.13384711742401123, throughput:4045
episode:186/250, real avg travel time:229.05191594561185
step:3600/3600, q_loss:1.7463926512088315e-05, rewards:-3.538041830062866, queue:1.2865079641342163, delay:0.135032057762146, throughput:4032
episode:187/250, real avg travel time:224.765625
step:3600/3600, q_loss:4.1852310742898323e-05, rewards:-3.9789235591888428, queue:1.4648147821426392, delay:0.1427289843559265, throughput:4035
episode:188/250, real avg travel time:243.29318463444858
step:3600/3600, q_loss:1.2724043113444672e-05, rewards:-3.09060001373291, queue:1.1576719284057617, delay:0.12809418141841888, throughput:4044
episode:189/250, real avg travel time:221.00148367952522
step:3600/3600, q_loss:2.706556976287781e-05, rewards:-3.527496337890625, queue:1.309259295463562, delay:0.13490928709506989, throughput:4049
episode:190/250, real avg travel time:232.69770313657693
Test step:190/250, travel time :237.4303298867553, rewards:-3.850013256072998, queue:1.4240740537643433, delay:0.14331142604351044, throughput:4062
step:3600/3600, q_loss:1.9598666646440203e-05, rewards:-2.969487190246582, queue:1.1900793313980103, delay:0.13153736293315887, throughput:4030
episode:191/250, real avg travel time:220.8047146401985
step:3600/3600, q_loss:1.2559955616274642e-05, rewards:-2.8768069744110107, queue:1.1416666507720947, delay:0.1273828148841858, throughput:4064
episode:192/250, real avg travel time:215.62573818897638
step:3600/3600, q_loss:7.316160574393709e-06, rewards:-2.800736904144287, queue:1.132804274559021, delay:0.1290762722492218, throughput:4053
episode:193/250, real avg travel time:214.80532938564028
step:3600/3600, q_loss:9.231916273064497e-06, rewards:-2.813788414001465, queue:1.1601852178573608, delay:0.13206331431865692, throughput:4045
episode:194/250, real avg travel time:213.04054388133497
step:3600/3600, q_loss:1.4379943402471124e-05, rewards:-2.9346415996551514, queue:1.1510581970214844, delay:0.12838977575302124, throughput:4039
episode:195/250, real avg travel time:213.08937855904927
Test step:195/250, travel time :217.63910891089108, rewards:-2.694770574569702, queue:1.0530422925949097, delay:0.12056055665016174, throughput:4040
step:3600/3600, q_loss:1.5675229446464478e-05, rewards:-2.8977160453796387, queue:1.151719570159912, delay:0.1300358772277832, throughput:4031
episode:196/250, real avg travel time:209.61696849417018
step:3600/3600, q_loss:6.840162596846413e-06, rewards:-2.6956446170806885, queue:1.0919312238693237, delay:0.1270209401845932, throughput:4035
episode:197/250, real avg travel time:214.24386617100373
step:3600/3600, q_loss:9.325174748179658e-06, rewards:-2.901134490966797, queue:1.1749999523162842, delay:0.12924715876579285, throughput:4045
episode:198/250, real avg travel time:217.12929542645242
step:3600/3600, q_loss:1.3169652750851432e-05, rewards:-3.1144425868988037, queue:1.2103174924850464, delay:0.1285175234079361, throughput:4027
episode:199/250, real avg travel time:216.5212316861187
step:3600/3600, q_loss:2.390118396659899e-05, rewards:-3.115140676498413, queue:1.2251322269439697, delay:0.12941431999206543, throughput:4076
episode:200/250, real avg travel time:221.3037291462218
Test step:200/250, travel time :212.65, rewards:-2.743271589279175, queue:1.1263227462768555, delay:0.12800244987010956, throughput:4040
step:3600/3600, q_loss:2.3092095943866298e-05, rewards:-3.2996392250061035, queue:1.2379629611968994, delay:0.13281719386577606, throughput:4068
episode:201/250, real avg travel time:221.7959685349066
step:3600/3600, q_loss:1.4016466452125719e-05, rewards:-3.000401735305786, queue:1.2048941850662231, delay:0.13067485392093658, throughput:4049
episode:202/250, real avg travel time:215.90590269202272
step:3600/3600, q_loss:5.041180459860091e-06, rewards:-2.860727310180664, queue:1.147883653640747, delay:0.12667617201805115, throughput:4042
episode:203/250, real avg travel time:213.22785749628898
step:3600/3600, q_loss:2.603998107386158e-05, rewards:-3.138547658920288, queue:1.2437831163406372, delay:0.13176557421684265, throughput:4042
episode:204/250, real avg travel time:226.27140029688272
step:3600/3600, q_loss:8.825308662684014e-05, rewards:-4.1353044509887695, queue:1.3100528717041016, delay:0.1334829181432724, throughput:4021
episode:205/250, real avg travel time:214.6682417309127
Test step:205/250, travel time :212.34902155065643, rewards:-2.6982712745666504, queue:1.1023809909820557, delay:0.12525668740272522, throughput:4037
step:3600/3600, q_loss:9.441484386722247e-06, rewards:-2.8230340480804443, queue:1.163888931274414, delay:0.12945154309272766, throughput:4043
episode:206/250, real avg travel time:215.17165471184765
step:3600/3600, q_loss:6.452614777824945e-06, rewards:-2.728101968765259, queue:1.1343915462493896, delay:0.12897856533527374, throughput:4052
episode:207/250, real avg travel time:213.3714215202369
step:3600/3600, q_loss:1.5584996718745162e-06, rewards:-2.64975905418396, queue:1.0976190567016602, delay:0.124129518866539, throughput:4044
episode:208/250, real avg travel time:215.05786350148367
step:3600/3600, q_loss:2.6790947029237737e-05, rewards:-3.1936404705047607, queue:1.2641534805297852, delay:0.13522160053253174, throughput:4073
episode:209/250, real avg travel time:223.78934446354037
step:3600/3600, q_loss:1.6176374709983872e-05, rewards:-3.0474092960357666, queue:1.1882275342941284, delay:0.12703412771224976, throughput:4056
episode:210/250, real avg travel time:222.34590729783037
Test step:210/250, travel time :228.46818519435504, rewards:-3.3205363750457764, queue:1.292460322380066, delay:0.13535229861736298, throughput:4039
step:3600/3600, q_loss:9.763539209315139e-06, rewards:-2.7408947944641113, queue:1.1078041791915894, delay:0.12702898681163788, throughput:4071
episode:211/250, real avg travel time:216.98477032670107
step:3600/3600, q_loss:1.2763436744636339e-06, rewards:-2.731142044067383, queue:1.1157407760620117, delay:0.1283147782087326, throughput:4060
episode:212/250, real avg travel time:217.7665024630542
step:3600/3600, q_loss:4.595619450103388e-06, rewards:-2.688854217529297, queue:1.0867724418640137, delay:0.12537986040115356, throughput:4053
episode:213/250, real avg travel time:212.96570441648163
step:3600/3600, q_loss:1.6168886051875435e-06, rewards:-2.6905763149261475, queue:1.1252645254135132, delay:0.1309082806110382, throughput:4066
episode:214/250, real avg travel time:214.424249877029
step:3600/3600, q_loss:7.238605273111413e-06, rewards:-2.799189329147339, queue:1.1394180059432983, delay:0.13060206174850464, throughput:4054
episode:215/250, real avg travel time:215.30710409472127
Test step:215/250, travel time :221.38206144697722, rewards:-3.0238986015319824, queue:1.2038359642028809, delay:0.135537251830101, throughput:4036
step:3600/3600, q_loss:1.0966135111326972e-05, rewards:-2.8507273197174072, queue:1.1496031284332275, delay:0.1299407184123993, throughput:4048
episode:216/250, real avg travel time:214.90167984189722
step:3600/3600, q_loss:4.011168629302928e-05, rewards:-3.5492327213287354, queue:1.3177248239517212, delay:0.132736474275589, throughput:4064
episode:217/250, real avg travel time:236.3560531496063
step:3600/3600, q_loss:2.050065219615741e-05, rewards:-3.286931037902832, queue:1.2706348896026611, delay:0.13122551143169403, throughput:4037
episode:218/250, real avg travel time:223.7436215011147
step:3600/3600, q_loss:7.233813024261811e-06, rewards:-2.919621706008911, queue:1.158730149269104, delay:0.12736521661281586, throughput:4036
episode:219/250, real avg travel time:218.16204162537164
step:3600/3600, q_loss:3.945495942995573e-06, rewards:-2.78548264503479, queue:1.1219576597213745, delay:0.12747545540332794, throughput:4036
episode:220/250, real avg travel time:212.12784935579782
Test step:220/250, travel time :227.9092702169625, rewards:-3.1466784477233887, queue:1.16865074634552, delay:0.1284056156873703, throughput:4056
step:3600/3600, q_loss:8.781564307961768e-06, rewards:-2.7095234394073486, queue:1.1085978746414185, delay:0.1258777379989624, throughput:4038
episode:221/250, real avg travel time:213.61688954928184
step:3600/3600, q_loss:1.1250652298460612e-05, rewards:-2.9610307216644287, queue:1.148809552192688, delay:0.12985873222351074, throughput:4044
episode:222/250, real avg travel time:219.89490603363006
step:3600/3600, q_loss:2.154231171718695e-06, rewards:-2.80405855178833, queue:1.1300264596939087, delay:0.12898047268390656, throughput:4062
episode:223/250, real avg travel time:216.0588380108321
step:3600/3600, q_loss:9.075318990249393e-06, rewards:-2.691502809524536, queue:1.0943121910095215, delay:0.12467163801193237, throughput:4055
episode:224/250, real avg travel time:216.86041923551173
step:3600/3600, q_loss:1.5037329406671536e-05, rewards:-2.9922590255737305, queue:1.1448413133621216, delay:0.12775561213493347, throughput:4063
episode:225/250, real avg travel time:223.57420625153827
Test step:225/250, travel time :224.68561542263964, rewards:-2.9306132793426514, queue:1.146164059638977, delay:0.13040952384471893, throughput:4046
step:3600/3600, q_loss:1.1100094222153226e-05, rewards:-2.9215505123138428, queue:1.1346560716629028, delay:0.12638793885707855, throughput:4048
episode:226/250, real avg travel time:217.91205533596838
step:3600/3600, q_loss:1.9592299738885938e-05, rewards:-3.1869757175445557, queue:1.250793695449829, delay:0.1331937313079834, throughput:4053
episode:227/250, real avg travel time:225.86947939797682
step:3600/3600, q_loss:2.5096372216163824e-05, rewards:-3.1590161323547363, queue:1.2144179344177246, delay:0.13240282237529755, throughput:4035
episode:228/250, real avg travel time:226.0468401486989
step:3600/3600, q_loss:1.0540439891176195e-05, rewards:-2.652355432510376, queue:1.0719577074050903, delay:0.1268632858991623, throughput:4065
episode:229/250, real avg travel time:216.5148831488315
step:3600/3600, q_loss:1.2873948778885986e-05, rewards:-2.7678513526916504, queue:1.1140211820602417, delay:0.1265629529953003, throughput:4061
episode:230/250, real avg travel time:218.20167446441764
Test step:230/250, travel time :220.39738851933973, rewards:-3.032956838607788, queue:1.1896824836730957, delay:0.1316518932580948, throughput:4059
step:3600/3600, q_loss:7.2504698942389545e-06, rewards:-2.7457754611968994, queue:1.104629635810852, delay:0.12585920095443726, throughput:4031
episode:231/250, real avg travel time:216.55991069213596
step:3600/3600, q_loss:8.911597291848415e-06, rewards:-2.7744717597961426, queue:1.101190447807312, delay:0.12573403120040894, throughput:4039
episode:232/250, real avg travel time:219.45060658578856
step:3600/3600, q_loss:0.00013503300433512778, rewards:-3.969322443008423, queue:1.4402116537094116, delay:0.13511739671230316, throughput:4045
episode:233/250, real avg travel time:236.62323856613102
step:3600/3600, q_loss:1.3502606877106398e-05, rewards:-2.949265241622925, queue:1.1556878089904785, delay:0.1287294626235962, throughput:4046
episode:234/250, real avg travel time:216.8418190805734
step:3600/3600, q_loss:8.873575320143977e-06, rewards:-2.8697590827941895, queue:1.1370370388031006, delay:0.12637317180633545, throughput:4054
episode:235/250, real avg travel time:216.4652195362605
Test step:235/250, travel time :218.46358923722536, rewards:-2.810999631881714, queue:1.124074101448059, delay:0.12852385640144348, throughput:4051
step:3600/3600, q_loss:1.3816829495125502e-05, rewards:-2.855003595352173, queue:1.115476131439209, delay:0.12678736448287964, throughput:4047
episode:236/250, real avg travel time:211.42228811465282
step:3600/3600, q_loss:9.010791917616088e-06, rewards:-2.8741455078125, queue:1.1406084299087524, delay:0.12879419326782227, throughput:4053
episode:237/250, real avg travel time:219.38021218850236
step:3600/3600, q_loss:9.342622636015423e-06, rewards:-2.8353471755981445, queue:1.1395502090454102, delay:0.12974737584590912, throughput:4062
episode:238/250, real avg travel time:211.74643032988675
step:3600/3600, q_loss:4.954425538825388e-06, rewards:-2.4570024013519287, queue:1.0376983880996704, delay:0.12510880827903748, throughput:4065
episode:239/250, real avg travel time:205.28437884378843
step:3600/3600, q_loss:7.4127447684683524e-06, rewards:-2.7499115467071533, queue:1.1078041791915894, delay:0.12655165791511536, throughput:4043
episode:240/250, real avg travel time:210.9037843185753
Test step:240/250, travel time :205.65590337687948, rewards:-2.440098285675049, queue:1.0252645015716553, delay:0.12523485720157623, throughput:4057
New best TEST travel time 205.6559 at episode 240, saved as best checkpoint
step:3600/3600, q_loss:2.3432272428181023e-06, rewards:-2.6544349193573, queue:1.0681216716766357, delay:0.12536662817001343, throughput:4059
episode:241/250, real avg travel time:206.64843557526484
step:3600/3600, q_loss:-4.829755461186222e-06, rewards:-2.4331576824188232, queue:1.0339946746826172, delay:0.12459197640419006, throughput:4042
episode:242/250, real avg travel time:205.16872835230083
step:3600/3600, q_loss:7.104877133517422e-06, rewards:-2.5118770599365234, queue:1.04365074634552, delay:0.12346760928630829, throughput:4059
episode:243/250, real avg travel time:207.20349839862035
step:3600/3600, q_loss:1.0530899857662411e-05, rewards:-2.5570716857910156, queue:1.0580687522888184, delay:0.12254149466753006, throughput:4037
episode:244/250, real avg travel time:212.3861778548427
step:3600/3600, q_loss:2.6510120733291842e-05, rewards:-3.7635536193847656, queue:1.359920620918274, delay:0.1367815136909485, throughput:4046
episode:245/250, real avg travel time:245.55610479485912
Test step:245/250, travel time :217.87592684132477, rewards:-2.815831422805786, queue:1.126190423965454, delay:0.1316685974597931, throughput:4046
step:3600/3600, q_loss:8.023960819830083e-06, rewards:-2.6469600200653076, queue:1.0578042268753052, delay:0.12489267438650131, throughput:4046
episode:246/250, real avg travel time:206.89866534849233
step:3600/3600, q_loss:8.935490441217553e-05, rewards:-4.266932010650635, queue:1.3111110925674438, delay:0.13270814716815948, throughput:4015
episode:247/250, real avg travel time:220.3579078455791
step:3600/3600, q_loss:1.609247711813724e-05, rewards:-2.979418992996216, queue:1.1252645254135132, delay:0.12577320635318756, throughput:4047
episode:248/250, real avg travel time:218.4457622930566
step:3600/3600, q_loss:8.39125473753989e-06, rewards:-2.708435297012329, queue:1.0916666984558105, delay:0.12710267305374146, throughput:4068
episode:249/250, real avg travel time:212.41445427728613
Hyperparameters saved to: data/output_data/tsc/sumo_hyperlight_mappo/sumo1x21/lanecount2_sumo1x21_seed4/hyperparameters.json
Loaded best checkpoint for final evaluation
Final Travel Time is 205.6559, mean rewards: -2.4401, queue: 1.0253, delay: 0.1252, throughput: 4057
Total time taken: 16803.777703762054
