hyperlight_mappo	TRAIN	0	311.1717	0.000368	-13.0202	3.9226	0.2242	3926
hyperlight_mappo	TEST	0	248.7364	0.000368	-8.2591	2.9124	0.1735	3824
hyperlight_mappo	TRAIN	1	327.6239	0.000385	-13.0072	3.8440	0.2206	3911
hyperlight_mappo	TRAIN	2	301.8565	0.000266	-11.2157	3.4828	0.2054	3943
hyperlight_mappo	TRAIN	3	297.4538	0.000277	-10.8883	3.3546	0.1995	3958
hyperlight_mappo	TRAIN	4	307.4878	0.000188	-10.1092	3.1848	0.1970	3965
hyperlight_mappo	TRAIN	5	314.1563	0.000147	-9.6855	3.1917	0.1924	3897
hyperlight_mappo	TEST	5	597.7214	0.000147	-39.9088	11.6767	0.3635	1590
hyperlight_mappo	TRAIN	6	299.9942	0.000103	-9.0250	2.9655	0.1909	3936
hyperlight_mappo	TRAIN	7	283.4930	0.000097	-8.9880	2.9353	0.1918	3866
hyperlight_mappo	TRAIN	8	290.7311	0.000082	-8.7433	2.9290	0.1897	3945
hyperlight_mappo	TRAIN	9	272.1639	0.000102	-8.8095	2.8980	0.1845	3905
hyperlight_mappo	TRAIN	10	268.7019	0.000066	-8.0802	2.6763	0.1816	3972
hyperlight_mappo	TEST	10	245.3333	0.000066	-7.7951	2.8549	0.1675	3849
hyperlight_mappo	TRAIN	11	281.9067	0.000058	-7.4903	2.5262	0.1752	3964
hyperlight_mappo	TRAIN	12	272.4165	0.000057	-7.1978	2.4306	0.1730	3998
hyperlight_mappo	TRAIN	13	258.6480	0.000037	-6.6152	2.2299	0.1727	4006
hyperlight_mappo	TRAIN	14	253.2348	0.000033	-6.0219	2.1153	0.1658	4046
hyperlight_mappo	TRAIN	15	247.7639	0.000060	-6.3072	2.1216	0.1677	4002
hyperlight_mappo	TEST	15	251.9596	0.000060	-8.0143	2.8737	0.1718	3839
hyperlight_mappo	TRAIN	16	242.8854	0.000037	-5.7239	2.0097	0.1652	4041
hyperlight_mappo	TRAIN	17	242.7674	0.000043	-6.0466	2.0901	0.1648	4041
hyperlight_mappo	TRAIN	18	250.6161	0.000051	-6.2035	2.1120	0.1658	4027
hyperlight_mappo	TRAIN	19	239.8171	0.000039	-5.6713	1.9959	0.1635	4036
hyperlight_mappo	TRAIN	20	241.3329	0.000029	-5.4089	1.8974	0.1592	4037
hyperlight_mappo	TEST	20	251.9596	0.000029	-8.0143	2.8737	0.1718	3839
hyperlight_mappo	TRAIN	21	238.5092	0.000025	-5.2803	1.9093	0.1585	4036
hyperlight_mappo	TRAIN	22	228.2833	0.000037	-5.2864	1.8153	0.1554	4059
hyperlight_mappo	TRAIN	23	225.7872	0.000015	-4.5662	1.6788	0.1505	4037
hyperlight_mappo	TRAIN	24	225.3377	0.000012	-4.7250	1.7062	0.1542	4030
hyperlight_mappo	TRAIN	25	236.2034	0.000028	-5.3129	1.8488	0.1618	4051
hyperlight_mappo	TEST	25	246.1101	0.000028	-9.2583	3.0717	0.1827	3942
hyperlight_mappo	TRAIN	26	228.5012	0.000023	-4.8057	1.6929	0.1534	4054
hyperlight_mappo	TRAIN	27	222.5928	0.000022	-4.7236	1.6821	0.1522	4062
hyperlight_mappo	TRAIN	28	225.7281	0.000045	-5.1676	1.8762	0.1520	4057
hyperlight_mappo	TRAIN	29	221.1582	0.000024	-4.3371	1.6049	0.1495	4053
hyperlight_mappo	TRAIN	30	222.1711	0.000015	-4.0938	1.5530	0.1463	4057
hyperlight_mappo	TEST	30	245.6898	0.000015	-7.3120	2.6278	0.1604	3972
hyperlight_mappo	TRAIN	31	216.1651	0.000017	-4.2661	1.5934	0.1488	4039
hyperlight_mappo	TRAIN	32	233.4069	0.000058	-5.2867	1.9135	0.1522	4040
hyperlight_mappo	TRAIN	33	224.8227	0.000025	-4.4623	1.6353	0.1494	4067
hyperlight_mappo	TRAIN	34	218.0236	0.000024	-4.6240	1.6718	0.1499	4060
hyperlight_mappo	TRAIN	35	219.0896	0.000018	-4.1504	1.5780	0.1526	4050
hyperlight_mappo	TEST	35	217.8237	0.000018	-7.3254	2.5537	0.1737	4004
hyperlight_mappo	TRAIN	36	217.8607	0.000023	-4.1513	1.5623	0.1468	4056
hyperlight_mappo	TRAIN	37	213.2677	0.000015	-3.9162	1.5212	0.1431	4065
hyperlight_mappo	TRAIN	38	215.4373	0.000021	-3.8797	1.5098	0.1433	4043
hyperlight_mappo	TRAIN	39	213.7226	0.000020	-3.9901	1.5052	0.1447	4066
hyperlight_mappo	TRAIN	40	212.5378	0.000012	-3.8897	1.4579	0.1428	4035
hyperlight_mappo	TEST	40	219.3460	0.000012	-6.1071	2.1241	0.1630	4026
hyperlight_mappo	TRAIN	41	236.7708	0.000129	-5.1376	1.7310	0.1513	4057
hyperlight_mappo	TRAIN	42	228.5928	0.000091	-5.0017	1.6525	0.1509	4067
hyperlight_mappo	TRAIN	43	212.3696	0.000024	-3.9209	1.4918	0.1459	4053
hyperlight_mappo	TRAIN	44	213.1834	0.000022	-4.1741	1.5221	0.1466	4057
hyperlight_mappo	TRAIN	45	218.3681	0.000017	-4.2270	1.5870	0.1518	4050
hyperlight_mappo	TEST	45	214.8544	0.000017	-4.3065	1.5844	0.1557	4053
hyperlight_mappo	TRAIN	46	214.4787	0.000019	-3.9503	1.4851	0.1479	4038
hyperlight_mappo	TRAIN	47	214.2729	0.000025	-4.0314	1.4770	0.1493	4053
hyperlight_mappo	TRAIN	48	212.7147	0.000017	-4.1727	1.5110	0.1523	4049
hyperlight_mappo	TRAIN	49	218.0860	0.000009	-4.1088	1.5138	0.1516	4057
hyperlight_mappo	TRAIN	50	213.8577	0.000027	-4.0537	1.4725	0.1496	4055
hyperlight_mappo	TEST	50	212.3986	0.000027	-5.3651	1.8534	0.1713	4027
hyperlight_mappo	TRAIN	51	216.3658	0.000012	-3.9447	1.4393	0.1454	4065
hyperlight_mappo	TRAIN	52	213.5998	0.000015	-3.7844	1.3991	0.1425	4063
hyperlight_mappo	TRAIN	53	212.8503	0.000013	-3.8753	1.4144	0.1452	4049
hyperlight_mappo	TRAIN	54	211.3336	0.000011	-3.7978	1.4118	0.1433	4065
hyperlight_mappo	TRAIN	55	214.2552	0.000006	-3.7619	1.3972	0.1475	4060
hyperlight_mappo	TEST	55	286.4070	0.000006	-9.5547	2.8585	0.2075	3813
hyperlight_mappo	TRAIN	56	218.2233	0.000023	-3.9975	1.4845	0.1475	4070
hyperlight_mappo	TRAIN	57	213.5769	0.000013	-3.5427	1.3438	0.1453	4044
hyperlight_mappo	TRAIN	58	214.7417	0.000018	-3.8296	1.4001	0.1440	4053
hyperlight_mappo	TRAIN	59	208.7790	0.000013	-3.4704	1.3515	0.1411	4058
hyperlight_mappo	TRAIN	60	211.5063	0.000012	-3.5502	1.3839	0.1427	4059
hyperlight_mappo	TEST	60	277.2232	0.000012	-8.6848	2.6819	0.1835	3884
hyperlight_mappo	TRAIN	61	208.8255	0.000008	-3.5338	1.3607	0.1428	4046
hyperlight_mappo	TRAIN	62	208.9877	0.000013	-3.5816	1.3987	0.1406	4057
hyperlight_mappo	TRAIN	63	215.1796	0.000017	-3.5532	1.3735	0.1385	4048
hyperlight_mappo	TRAIN	64	215.8148	0.000019	-3.6321	1.3841	0.1437	4050
hyperlight_mappo	TRAIN	65	211.7879	0.000016	-3.4933	1.3398	0.1413	4045
hyperlight_mappo	TEST	65	228.5343	0.000016	-5.8119	1.9974	0.1729	4007
hyperlight_mappo	TRAIN	66	220.9133	0.000025	-3.7647	1.4041	0.1434	4061
hyperlight_mappo	TRAIN	67	221.2534	0.000024	-3.8748	1.4646	0.1481	4060
hyperlight_mappo	TRAIN	68	223.6565	0.000085	-4.5298	1.5837	0.1487	4052
hyperlight_mappo	TRAIN	69	216.2339	0.000017	-3.5464	1.3769	0.1448	4057
hyperlight_mappo	TRAIN	70	224.8379	0.000076	-4.2363	1.5310	0.1450	4059
hyperlight_mappo	TEST	70	231.9238	0.000076	-4.9783	1.8569	0.1660	4027
hyperlight_mappo	TRAIN	71	222.5031	0.000028	-3.9013	1.4750	0.1458	4059
hyperlight_mappo	TRAIN	72	213.4673	0.000008	-3.2019	1.3021	0.1372	4062
hyperlight_mappo	TRAIN	73	212.9012	0.000010	-3.2606	1.3094	0.1399	4070
hyperlight_mappo	TRAIN	74	209.2569	0.000002	-3.1613	1.2563	0.1363	4060
hyperlight_mappo	TRAIN	75	232.1559	0.000033	-4.2260	1.5622	0.1487	4022
hyperlight_mappo	TEST	75	260.7274	0.000033	-7.4876	2.4647	0.1989	3797
hyperlight_mappo	TRAIN	76	236.0768	0.000025	-4.4624	1.6442	0.1539	4011
hyperlight_mappo	TRAIN	77	212.5235	0.000006	-3.3628	1.3327	0.1404	4063
hyperlight_mappo	TRAIN	78	211.5215	0.000011	-3.3671	1.3193	0.1404	4054
hyperlight_mappo	TRAIN	79	217.5245	0.000007	-3.5870	1.3935	0.1435	4044
hyperlight_mappo	TRAIN	80	218.7239	0.000008	-3.6369	1.4041	0.1427	4068
hyperlight_mappo	TEST	80	216.0746	0.000008	-3.9067	1.4995	0.1467	4064
hyperlight_mappo	TRAIN	81	210.6461	0.000004	-3.3054	1.3149	0.1395	4055
hyperlight_mappo	TRAIN	82	217.8721	0.000007	-3.5418	1.4040	0.1409	4065
hyperlight_mappo	TRAIN	83	238.4153	0.000139	-5.0881	1.6788	0.1508	4043
hyperlight_mappo	TRAIN	84	257.0801	0.000081	-4.8877	1.7048	0.1503	4072
hyperlight_mappo	TRAIN	85	210.0396	0.000008	-3.2313	1.2943	0.1412	4063
hyperlight_mappo	TEST	85	216.3153	0.000008	-4.3712	1.5485	0.1558	4063
hyperlight_mappo	TRAIN	86	209.4537	0.000010	-3.1928	1.2919	0.1358	4062
hyperlight_mappo	TRAIN	87	213.6407	0.000010	-3.5235	1.3683	0.1447	4066
hyperlight_mappo	TRAIN	88	210.6006	0.000004	-3.3770	1.3280	0.1416	4049
hyperlight_mappo	TRAIN	89	210.1015	0.000007	-3.1587	1.2631	0.1394	4050
hyperlight_mappo	TRAIN	90	206.7655	0.000010	-3.2829	1.2856	0.1396	4068
hyperlight_mappo	TEST	90	214.3543	0.000010	-5.0521	1.6775	0.1633	4064
hyperlight_mappo	TRAIN	91	205.5325	0.000006	-3.3095	1.2759	0.1410	4071
hyperlight_mappo	TRAIN	92	207.1060	0.000010	-3.2168	1.2554	0.1376	4065
hyperlight_mappo	TRAIN	93	208.9789	0.000007	-3.1810	1.2481	0.1402	4069
hyperlight_mappo	TRAIN	94	212.7992	0.000004	-3.0973	1.2549	0.1377	4068
hyperlight_mappo	TRAIN	95	212.3550	0.000006	-3.1152	1.2544	0.1388	4062
hyperlight_mappo	TEST	95	259.8933	0.000006	-7.0855	2.3515	0.1764	3897
hyperlight_mappo	TRAIN	96	212.8350	0.000004	-3.1505	1.2546	0.1382	4055
hyperlight_mappo	TRAIN	97	212.3492	0.000088	-4.5240	1.4231	0.1430	4046
hyperlight_mappo	TRAIN	98	208.7146	0.000008	-3.2436	1.2783	0.1379	4065
hyperlight_mappo	TRAIN	99	215.7444	0.000009	-3.0974	1.2434	0.1381	4049
hyperlight_mappo	TRAIN	100	211.4475	0.000009	-3.1531	1.2315	0.1391	4069
hyperlight_mappo	TEST	100	284.4117	0.000009	-10.3931	2.7619	0.1939	3765
hyperlight_mappo	TRAIN	101	209.9513	0.000006	-3.1758	1.2444	0.1383	4062
hyperlight_mappo	TRAIN	102	207.9859	0.000094	-4.7558	1.4567	0.1465	4047
hyperlight_mappo	TRAIN	103	210.0465	0.000011	-3.2085	1.2385	0.1394	4062
hyperlight_mappo	TRAIN	104	207.2275	0.000077	-4.4975	1.4089	0.1424	4049
hyperlight_mappo	TRAIN	105	211.0980	0.000006	-3.1899	1.2439	0.1387	4061
hyperlight_mappo	TEST	105	263.2828	0.000006	-4.7785	1.6589	0.1648	4027
hyperlight_mappo	TRAIN	106	209.7426	0.000008	-3.1076	1.2139	0.1358	4064
hyperlight_mappo	TRAIN	107	211.6933	0.000005	-3.1362	1.2243	0.1355	4049
hyperlight_mappo	TRAIN	108	211.9213	0.000013	-3.2024	1.2419	0.1366	4064
hyperlight_mappo	TRAIN	109	216.9926	0.000016	-3.3137	1.2575	0.1366	4053
hyperlight_mappo	TRAIN	110	233.2357	0.000016	-3.7570	1.3594	0.1408	4061
hyperlight_mappo	TEST	110	242.9620	0.000016	-8.9307	2.9201	0.1822	3732
hyperlight_mappo	TRAIN	111	221.4619	0.000015	-3.2686	1.2485	0.1363	4055
hyperlight_mappo	TRAIN	112	215.2583	0.000014	-3.3920	1.2749	0.1359	4046
hyperlight_mappo	TRAIN	113	219.6519	0.000096	-5.1245	1.5179	0.1466	4033
hyperlight_mappo	TRAIN	114	213.8134	0.000012	-3.1650	1.2313	0.1387	4073
hyperlight_mappo	TRAIN	115	215.5735	0.000016	-3.2979	1.2550	0.1390	4059
hyperlight_mappo	TEST	115	255.6572	0.000016	-7.3729	2.4798	0.1763	3728
hyperlight_mappo	TRAIN	116	212.8213	0.000002	-2.9017	1.1713	0.1353	4058
hyperlight_mappo	TRAIN	117	210.8988	0.000006	-3.1742	1.2303	0.1366	4060
hyperlight_mappo	TRAIN	118	216.3738	0.000015	-3.1554	1.2226	0.1379	4069
hyperlight_mappo	TRAIN	119	208.2842	0.000005	-3.1064	1.2214	0.1368	4071
hyperlight_mappo	TRAIN	120	206.1599	0.000011	-2.9425	1.1615	0.1347	4059
hyperlight_mappo	TEST	120	246.0687	0.000011	-5.8786	1.9946	0.1650	3855
hyperlight_mappo	TRAIN	121	218.2037	0.000025	-3.4634	1.3061	0.1378	4050
hyperlight_mappo	TRAIN	122	208.3790	0.000004	-2.9924	1.1683	0.1309	4058
hyperlight_mappo	TRAIN	123	212.3858	0.000003	-3.0532	1.2097	0.1351	4033
hyperlight_mappo	TRAIN	124	209.9956	0.000015	-2.8916	1.1661	0.1336	4065
hyperlight_mappo	TRAIN	125	211.7642	0.000004	-2.9471	1.1665	0.1350	4067
hyperlight_mappo	TEST	125	277.8332	0.000004	-6.6876	2.1591	0.1744	3933
hyperlight_mappo	TRAIN	126	210.4557	0.000007	-2.8658	1.1512	0.1342	4064
hyperlight_mappo	TRAIN	127	209.5098	0.000007	-2.9265	1.1706	0.1345	4070
hyperlight_mappo	TRAIN	128	213.6674	0.000014	-3.1433	1.1933	0.1353	4068
hyperlight_mappo	TRAIN	129	212.2982	0.000008	-2.9605	1.1718	0.1335	4064
hyperlight_mappo	TRAIN	130	213.7585	0.000012	-3.0915	1.2196	0.1359	4053
hyperlight_mappo	TEST	130	211.8183	0.000012	-2.9584	1.1985	0.1348	4045
hyperlight_mappo	TRAIN	131	208.6072	0.000006	-2.8283	1.1464	0.1323	4063
hyperlight_mappo	TRAIN	132	213.5005	0.000006	-3.0594	1.2041	0.1309	4054
hyperlight_mappo	TRAIN	133	211.4105	0.000004	-3.0708	1.1919	0.1338	4056
hyperlight_mappo	TRAIN	134	211.2652	0.000091	-4.5363	1.4071	0.1442	4023
hyperlight_mappo	TRAIN	135	210.2149	0.000006	-2.8349	1.1447	0.1329	4040
hyperlight_mappo	TEST	135	222.7441	0.000006	-2.9777	1.2004	0.1372	4025
hyperlight_mappo	TRAIN	136	211.7779	0.000008	-2.8881	1.1526	0.1297	4052
hyperlight_mappo	TRAIN	137	213.5606	0.000015	-3.2505	1.2525	0.1359	4040
hyperlight_mappo	TRAIN	138	212.9561	0.000013	-3.0674	1.2110	0.1321	4052
hyperlight_mappo	TRAIN	139	215.9579	0.000006	-2.9853	1.1852	0.1367	4042
hyperlight_mappo	TRAIN	140	220.7051	0.000013	-3.2233	1.2443	0.1333	4032
hyperlight_mappo	TEST	140	222.5337	0.000013	-3.1429	1.2374	0.1365	4030
hyperlight_mappo	TRAIN	141	215.6368	0.000011	-3.0062	1.1825	0.1330	4061
hyperlight_mappo	TRAIN	142	212.0235	0.000008	-3.0344	1.1899	0.1341	4042
hyperlight_mappo	TRAIN	143	233.9530	0.000067	-4.0278	1.4028	0.1349	4068
hyperlight_mappo	TRAIN	144	215.3066	0.000015	-3.1350	1.1952	0.1320	4048
hyperlight_mappo	TRAIN	145	207.1358	0.000008	-2.7061	1.0980	0.1276	4058
hyperlight_mappo	TEST	145	215.6576	0.000008	-3.3543	1.2369	0.1372	4048
hyperlight_mappo	TRAIN	146	214.6754	0.000007	-2.9480	1.1488	0.1294	4066
hyperlight_mappo	TRAIN	147	218.3107	0.000016	-3.2065	1.2368	0.1351	4065
hyperlight_mappo	TRAIN	148	209.7973	0.000009	-2.8725	1.1360	0.1316	4051
hyperlight_mappo	TRAIN	149	207.2609	0.000012	-2.8753	1.1437	0.1323	4044
hyperlight_mappo	TRAIN	150	209.8359	0.000008	-2.7630	1.1274	0.1323	4059
hyperlight_mappo	TEST	150	222.4962	0.000008	-3.5144	1.2489	0.1476	4055
hyperlight_mappo	TRAIN	151	211.3815	0.000007	-2.9371	1.1731	0.1348	4068
hyperlight_mappo	TRAIN	152	217.5908	0.000002	-2.8153	1.1455	0.1325	4054
hyperlight_mappo	TRAIN	153	214.4636	0.000012	-3.0003	1.1810	0.1323	4049
hyperlight_mappo	TRAIN	154	208.6359	0.000007	-2.8169	1.1217	0.1306	4051
hyperlight_mappo	TRAIN	155	212.5555	0.000004	-2.9928	1.1560	0.1304	4054
hyperlight_mappo	TEST	155	214.9678	0.000004	-3.0763	1.1821	0.1357	4039
hyperlight_mappo	TRAIN	156	211.6859	0.000009	-2.9158	1.1403	0.1288	4075
hyperlight_mappo	TRAIN	157	227.2445	0.000079	-3.7055	1.3249	0.1319	4036
hyperlight_mappo	TRAIN	158	217.8520	0.000011	-3.0017	1.1263	0.1273	4041
hyperlight_mappo	TRAIN	159	232.2195	0.000039	-3.7400	1.3202	0.1369	4032
hyperlight_mappo	TRAIN	160	220.6313	0.000018	-3.2831	1.2104	0.1310	4041
hyperlight_mappo	TEST	160	225.2925	0.000018	-3.8709	1.3679	0.1375	4020
hyperlight_mappo	TRAIN	161	225.0702	0.000020	-3.6677	1.3407	0.1393	4048
hyperlight_mappo	TRAIN	162	226.0181	0.000027	-3.4509	1.2549	0.1354	4036
hyperlight_mappo	TRAIN	163	221.1244	0.000014	-3.3625	1.2413	0.1319	4027
hyperlight_mappo	TRAIN	164	223.6974	0.000022	-3.5940	1.3327	0.1377	4039
hyperlight_mappo	TRAIN	165	213.8315	0.000021	-3.2101	1.1876	0.1311	4042
hyperlight_mappo	TEST	165	216.9601	0.000021	-3.2232	1.2040	0.1355	4035
hyperlight_mappo	TRAIN	166	220.5085	0.000013	-3.2011	1.2185	0.1348	4063
hyperlight_mappo	TRAIN	167	220.6078	0.000018	-3.2081	1.2132	0.1346	4051
hyperlight_mappo	TRAIN	168	222.2501	0.000016	-3.5928	1.2902	0.1343	4046
hyperlight_mappo	TRAIN	169	218.3858	0.000011	-3.2123	1.2194	0.1338	4051
hyperlight_mappo	TRAIN	170	226.1839	0.000121	-5.2460	1.5131	0.1408	4023
hyperlight_mappo	TEST	170	269.3259	0.000121	-5.5826	1.8694	0.1564	3771
hyperlight_mappo	TRAIN	171	223.0365	0.000010	-3.3098	1.2108	0.1323	4051
hyperlight_mappo	TRAIN	172	226.9988	0.000019	-3.6109	1.3022	0.1353	4045
hyperlight_mappo	TRAIN	173	221.2284	0.000133	-4.8947	1.4567	0.1426	4032
hyperlight_mappo	TRAIN	174	221.9417	0.000015	-3.2223	1.2319	0.1333	4048
hyperlight_mappo	TRAIN	175	235.7180	0.000018	-3.6628	1.3511	0.1444	4042
hyperlight_mappo	TEST	175	263.2187	0.000018	-5.3638	1.7597	0.1544	3946
hyperlight_mappo	TRAIN	176	238.1714	0.000078	-4.0030	1.4065	0.1401	4044
hyperlight_mappo	TRAIN	177	229.1704	0.000017	-3.4554	1.2517	0.1322	4025
hyperlight_mappo	TRAIN	178	224.0440	0.000079	-4.9591	1.4639	0.1439	4027
hyperlight_mappo	TRAIN	179	230.2394	0.000020	-3.4829	1.2594	0.1350	4047
hyperlight_mappo	TRAIN	180	217.7299	0.000015	-3.2661	1.2366	0.1353	4028
hyperlight_mappo	TEST	180	228.3918	0.000015	-3.2468	1.2151	0.1319	4074
hyperlight_mappo	TRAIN	181	222.1138	0.000023	-3.3923	1.2528	0.1350	4043
hyperlight_mappo	TRAIN	182	217.8463	0.000019	-3.0816	1.1927	0.1328	4061
hyperlight_mappo	TRAIN	183	220.9643	0.000010	-3.2850	1.2380	0.1339	4065
hyperlight_mappo	TRAIN	184	216.7388	0.000021	-3.1796	1.2233	0.1339	4054
hyperlight_mappo	TRAIN	185	248.8136	0.000027	-3.7668	1.4336	0.1384	4044
hyperlight_mappo	TEST	185	239.4859	0.000027	-3.8141	1.3693	0.1395	3943
hyperlight_mappo	TRAIN	186	229.0519	0.000044	-3.8225	1.3679	0.1338	4045
hyperlight_mappo	TRAIN	187	224.7656	0.000017	-3.5380	1.2865	0.1350	4032
hyperlight_mappo	TRAIN	188	243.2932	0.000042	-3.9789	1.4648	0.1427	4035
hyperlight_mappo	TRAIN	189	221.0015	0.000013	-3.0906	1.1577	0.1281	4044
hyperlight_mappo	TRAIN	190	232.6977	0.000027	-3.5275	1.3093	0.1349	4049
hyperlight_mappo	TEST	190	237.4303	0.000027	-3.8500	1.4241	0.1433	4062
hyperlight_mappo	TRAIN	191	220.8047	0.000020	-2.9695	1.1901	0.1315	4030
hyperlight_mappo	TRAIN	192	215.6257	0.000013	-2.8768	1.1417	0.1274	4064
hyperlight_mappo	TRAIN	193	214.8053	0.000007	-2.8007	1.1328	0.1291	4053
hyperlight_mappo	TRAIN	194	213.0405	0.000009	-2.8138	1.1602	0.1321	4045
hyperlight_mappo	TRAIN	195	213.0894	0.000014	-2.9346	1.1511	0.1284	4039
hyperlight_mappo	TEST	195	217.6391	0.000014	-2.6948	1.0530	0.1206	4040
hyperlight_mappo	TRAIN	196	209.6170	0.000016	-2.8977	1.1517	0.1300	4031
hyperlight_mappo	TRAIN	197	214.2439	0.000007	-2.6956	1.0919	0.1270	4035
hyperlight_mappo	TRAIN	198	217.1293	0.000009	-2.9011	1.1750	0.1292	4045
hyperlight_mappo	TRAIN	199	216.5212	0.000013	-3.1144	1.2103	0.1285	4027
hyperlight_mappo	TRAIN	200	221.3037	0.000024	-3.1151	1.2251	0.1294	4076
hyperlight_mappo	TEST	200	212.6500	0.000024	-2.7433	1.1263	0.1280	4040
hyperlight_mappo	TRAIN	201	221.7960	0.000023	-3.2996	1.2380	0.1328	4068
hyperlight_mappo	TRAIN	202	215.9059	0.000014	-3.0004	1.2049	0.1307	4049
hyperlight_mappo	TRAIN	203	213.2279	0.000005	-2.8607	1.1479	0.1267	4042
hyperlight_mappo	TRAIN	204	226.2714	0.000026	-3.1385	1.2438	0.1318	4042
hyperlight_mappo	TRAIN	205	214.6682	0.000088	-4.1353	1.3101	0.1335	4021
hyperlight_mappo	TEST	205	212.3490	0.000088	-2.6983	1.1024	0.1253	4037
hyperlight_mappo	TRAIN	206	215.1717	0.000009	-2.8230	1.1639	0.1295	4043
hyperlight_mappo	TRAIN	207	213.3714	0.000006	-2.7281	1.1344	0.1290	4052
hyperlight_mappo	TRAIN	208	215.0579	0.000002	-2.6498	1.0976	0.1241	4044
hyperlight_mappo	TRAIN	209	223.7893	0.000027	-3.1936	1.2642	0.1352	4073
hyperlight_mappo	TRAIN	210	222.3459	0.000016	-3.0474	1.1882	0.1270	4056
hyperlight_mappo	TEST	210	228.4682	0.000016	-3.3205	1.2925	0.1354	4039
hyperlight_mappo	TRAIN	211	216.9848	0.000010	-2.7409	1.1078	0.1270	4071
hyperlight_mappo	TRAIN	212	217.7665	0.000001	-2.7311	1.1157	0.1283	4060
hyperlight_mappo	TRAIN	213	212.9657	0.000005	-2.6889	1.0868	0.1254	4053
hyperlight_mappo	TRAIN	214	214.4242	0.000002	-2.6906	1.1253	0.1309	4066
hyperlight_mappo	TRAIN	215	215.3071	0.000007	-2.7992	1.1394	0.1306	4054
hyperlight_mappo	TEST	215	221.3821	0.000007	-3.0239	1.2038	0.1355	4036
hyperlight_mappo	TRAIN	216	214.9017	0.000011	-2.8507	1.1496	0.1299	4048
hyperlight_mappo	TRAIN	217	236.3561	0.000040	-3.5492	1.3177	0.1327	4064
hyperlight_mappo	TRAIN	218	223.7436	0.000021	-3.2869	1.2706	0.1312	4037
hyperlight_mappo	TRAIN	219	218.1620	0.000007	-2.9196	1.1587	0.1274	4036
hyperlight_mappo	TRAIN	220	212.1278	0.000004	-2.7855	1.1220	0.1275	4036
hyperlight_mappo	TEST	220	227.9093	0.000004	-3.1467	1.1687	0.1284	4056
hyperlight_mappo	TRAIN	221	213.6169	0.000009	-2.7095	1.1086	0.1259	4038
hyperlight_mappo	TRAIN	222	219.8949	0.000011	-2.9610	1.1488	0.1299	4044
hyperlight_mappo	TRAIN	223	216.0588	0.000002	-2.8041	1.1300	0.1290	4062
hyperlight_mappo	TRAIN	224	216.8604	0.000009	-2.6915	1.0943	0.1247	4055
hyperlight_mappo	TRAIN	225	223.5742	0.000015	-2.9923	1.1448	0.1278	4063
hyperlight_mappo	TEST	225	224.6856	0.000015	-2.9306	1.1462	0.1304	4046
hyperlight_mappo	TRAIN	226	217.9121	0.000011	-2.9216	1.1347	0.1264	4048
hyperlight_mappo	TRAIN	227	225.8695	0.000020	-3.1870	1.2508	0.1332	4053
hyperlight_mappo	TRAIN	228	226.0468	0.000025	-3.1590	1.2144	0.1324	4035
hyperlight_mappo	TRAIN	229	216.5149	0.000011	-2.6524	1.0720	0.1269	4065
hyperlight_mappo	TRAIN	230	218.2017	0.000013	-2.7679	1.1140	0.1266	4061
hyperlight_mappo	TEST	230	220.3974	0.000013	-3.0330	1.1897	0.1317	4059
hyperlight_mappo	TRAIN	231	216.5599	0.000007	-2.7458	1.1046	0.1259	4031
hyperlight_mappo	TRAIN	232	219.4506	0.000009	-2.7745	1.1012	0.1257	4039
hyperlight_mappo	TRAIN	233	236.6232	0.000135	-3.9693	1.4402	0.1351	4045
hyperlight_mappo	TRAIN	234	216.8418	0.000014	-2.9493	1.1557	0.1287	4046
hyperlight_mappo	TRAIN	235	216.4652	0.000009	-2.8698	1.1370	0.1264	4054
hyperlight_mappo	TEST	235	218.4636	0.000009	-2.8110	1.1241	0.1285	4051
hyperlight_mappo	TRAIN	236	211.4223	0.000014	-2.8550	1.1155	0.1268	4047
hyperlight_mappo	TRAIN	237	219.3802	0.000009	-2.8741	1.1406	0.1288	4053
hyperlight_mappo	TRAIN	238	211.7464	0.000009	-2.8353	1.1396	0.1297	4062
hyperlight_mappo	TRAIN	239	205.2844	0.000005	-2.4570	1.0377	0.1251	4065
hyperlight_mappo	TRAIN	240	210.9038	0.000007	-2.7499	1.1078	0.1266	4043
hyperlight_mappo	TEST	240	205.6559	0.000007	-2.4401	1.0253	0.1252	4057
hyperlight_mappo	TRAIN	241	206.6484	0.000002	-2.6544	1.0681	0.1254	4059
hyperlight_mappo	TRAIN	242	205.1687	-0.000005	-2.4332	1.0340	0.1246	4042
hyperlight_mappo	TRAIN	243	207.2035	0.000007	-2.5119	1.0437	0.1235	4059
hyperlight_mappo	TRAIN	244	212.3862	0.000011	-2.5571	1.0581	0.1225	4037
hyperlight_mappo	TRAIN	245	245.5561	0.000027	-3.7636	1.3599	0.1368	4046
hyperlight_mappo	TEST	245	217.8759	0.000027	-2.8158	1.1262	0.1317	4046
hyperlight_mappo	TRAIN	246	206.8987	0.000008	-2.6470	1.0578	0.1249	4046
hyperlight_mappo	TRAIN	247	220.3579	0.000089	-4.2669	1.3111	0.1327	4015
hyperlight_mappo	TRAIN	248	218.4458	0.000016	-2.9794	1.1253	0.1258	4047
hyperlight_mappo	TRAIN	249	212.4145	0.000008	-2.7084	1.0917	0.1271	4068
