step:3600/3600, q_loss:0.002873179702847092, rewards:-22.095827102661133, queue:16.502429962158203, delay:0.1297036111354828, throughput:2403
episode:0/250, real avg travel time:730.484076433121
Test step:0/250, travel time :1184.112638283607, rewards:-67.01911926269531, queue:50.371700286865234, delay:0.26152071356773376, throughput:2258
New best TEST travel time 1184.1126 at episode 0, saved as best checkpoint
step:3600/3600, q_loss:0.0025086497405061017, rewards:-21.389326095581055, queue:15.95642375946045, delay:0.12669262290000916, throughput:2480
episode:1/250, real avg travel time:695.64230640295
step:3600/3600, q_loss:0.00196326633018476, rewards:-18.70229148864746, queue:13.933159828186035, delay:0.12771813571453094, throughput:2522
episode:2/250, real avg travel time:647.3224941334228
step:3600/3600, q_loss:0.001910982405145963, rewards:-20.632293701171875, queue:15.39236068725586, delay:0.13123029470443726, throughput:2553
episode:3/250, real avg travel time:645.1183372443849
step:3600/3600, q_loss:0.0015341506098155622, rewards:-19.236482620239258, queue:14.334548950195312, delay:0.12946933507919312, throughput:2605
episode:4/250, real avg travel time:649.3402614817298
step:3600/3600, q_loss:0.0009434627231072497, rewards:-17.06085968017578, queue:12.69288158416748, delay:0.13217638432979584, throughput:2779
episode:5/250, real avg travel time:567.7857861213544
Test step:5/250, travel time :1165.7294669795508, rewards:-66.03555297851562, queue:49.64323043823242, delay:0.28254106640815735, throughput:2202
New best TEST travel time 1165.7295 at episode 5, saved as best checkpoint
step:3600/3600, q_loss:0.0007584346389328991, rewards:-15.653030395507812, queue:11.629687309265137, delay:0.13127095997333527, throughput:2763
episode:6/250, real avg travel time:553.0435802883004
step:3600/3600, q_loss:0.0005553062522300968, rewards:-16.089630126953125, queue:11.961631774902344, delay:0.13385993242263794, throughput:2793
episode:7/250, real avg travel time:565.3814951391217
step:3600/3600, q_loss:0.00019207903856618538, rewards:-12.991110801696777, queue:9.635590553283691, delay:0.1356203556060791, throughput:2846
episode:8/250, real avg travel time:505.9208850150855
step:3600/3600, q_loss:0.00020093941905846197, rewards:-10.677221298217773, queue:7.8887152671813965, delay:0.12603633105754852, throughput:2859
episode:9/250, real avg travel time:466.69225611800204
step:3600/3600, q_loss:0.0001167140241401891, rewards:-9.440973281860352, queue:6.954166889190674, delay:0.12703052163124084, throughput:2878
episode:10/250, real avg travel time:446.01340931947703
Test step:10/250, travel time :1142.6637613141133, rewards:-63.97884750366211, queue:48.0961799621582, delay:0.28522613644599915, throughput:2361
New best TEST travel time 1142.6638 at episode 10, saved as best checkpoint
step:3600/3600, q_loss:-6.863099945433162e-06, rewards:-7.305996417999268, queue:5.346354007720947, delay:0.1276601254940033, throughput:2912
episode:11/250, real avg travel time:410.7076768354006
step:3600/3600, q_loss:-1.8376360768107352e-05, rewards:-6.496851921081543, queue:4.73315954208374, delay:0.1218322366476059, throughput:2909
episode:12/250, real avg travel time:398.5977204156889
step:3600/3600, q_loss:-4.028964796344991e-05, rewards:-5.321134567260742, queue:3.8487846851348877, delay:0.12245110422372818, throughput:2913
episode:13/250, real avg travel time:375.9383171304056
step:3600/3600, q_loss:-2.9626703622785434e-05, rewards:-5.47544002532959, queue:3.96545147895813, delay:0.1233958750963211, throughput:2925
episode:14/250, real avg travel time:380.80925243043913
step:3600/3600, q_loss:-3.4641090961587095e-05, rewards:-5.977269649505615, queue:4.3458333015441895, delay:0.12249232083559036, throughput:2915
episode:15/250, real avg travel time:384.95675494468657
Test step:15/250, travel time :1036.8746228628897, rewards:-56.320438385009766, queue:42.32447814941406, delay:0.28299570083618164, throughput:2605
New best TEST travel time 1036.8746 at episode 15, saved as best checkpoint
step:3600/3600, q_loss:-3.530623054959708e-05, rewards:-5.125185012817383, queue:3.706770896911621, delay:0.12143229693174362, throughput:2920
episode:16/250, real avg travel time:373.5843110962119
step:3600/3600, q_loss:-5.302091810369381e-05, rewards:-5.1113200187683105, queue:3.699131965637207, delay:0.12057550251483917, throughput:2929
episode:17/250, real avg travel time:372.85484411666107
step:3600/3600, q_loss:-4.868082296862094e-05, rewards:-5.083287239074707, queue:3.67517352104187, delay:0.12706968188285828, throughput:2923
episode:18/250, real avg travel time:370.74455246396246
step:3600/3600, q_loss:-4.0697928354213084e-05, rewards:-4.730972766876221, queue:3.413541555404663, delay:0.12262073159217834, throughput:2928
episode:19/250, real avg travel time:367.40295005028497
step:3600/3600, q_loss:-4.965840726745901e-05, rewards:-4.513171195983887, queue:3.2402777671813965, delay:0.12370456010103226, throughput:2926
episode:20/250, real avg travel time:362.5900100569896
Test step:20/250, travel time :898.9631243714382, rewards:-46.33268737792969, queue:34.79513931274414, delay:0.27654945850372314, throughput:2667
New best TEST travel time 898.9631 at episode 20, saved as best checkpoint
step:3600/3600, q_loss:-4.9555234404073824e-05, rewards:-4.336667060852051, queue:3.101388931274414, delay:0.1182660236954689, throughput:2927
episode:21/250, real avg travel time:361.45189406637616
step:3600/3600, q_loss:-5.508954809219749e-05, rewards:-4.373496055603027, queue:3.137500047683716, delay:0.12024334073066711, throughput:2921
episode:22/250, real avg travel time:361.2634931277238
step:3600/3600, q_loss:-4.795051990421834e-05, rewards:-4.032059669494629, queue:2.8809027671813965, delay:0.1147199496626854, throughput:2930
episode:23/250, real avg travel time:357.42775729131745
step:3600/3600, q_loss:-5.397029626355679e-05, rewards:-4.439537525177002, queue:3.1796875, delay:0.11552821099758148, throughput:2924
episode:24/250, real avg travel time:362.3342272879651
step:3600/3600, q_loss:-6.058688396243034e-05, rewards:-4.115046977996826, queue:2.9394097328186035, delay:0.11382550001144409, throughput:2930
episode:25/250, real avg travel time:357.6932618169628
Test step:25/250, travel time :821.0482735501173, rewards:-40.174922943115234, queue:30.135068893432617, delay:0.2581731379032135, throughput:2698
New best TEST travel time 821.0483 at episode 25, saved as best checkpoint
step:3600/3600, q_loss:-4.400173245273807e-05, rewards:-4.461944580078125, queue:3.2052083015441895, delay:0.11949501186609268, throughput:2926
episode:26/250, real avg travel time:363.1186724773718
step:3600/3600, q_loss:-4.9230591307773634e-05, rewards:-3.863935708999634, queue:2.753124952316284, delay:0.11313813179731369, throughput:2924
episode:27/250, real avg travel time:353.6795172644988
step:3600/3600, q_loss:-5.1400072751911696e-05, rewards:-3.9392826557159424, queue:2.8029513359069824, delay:0.11416161060333252, throughput:2923
episode:28/250, real avg travel time:355.49111632584646
step:3600/3600, q_loss:-4.166898477167167e-05, rewards:-4.091920852661133, queue:2.9229166507720947, delay:0.11335151642560959, throughput:2922
episode:29/250, real avg travel time:356.6221924237345
step:3600/3600, q_loss:-5.009124891970444e-05, rewards:-3.7770142555236816, queue:2.687673568725586, delay:0.10955268889665604, throughput:2929
episode:30/250, real avg travel time:352.80925243043913
Test step:30/250, travel time :688.9031176667784, rewards:-30.54798698425293, queue:22.889236450195312, delay:0.23938433825969696, throughput:2772
New best TEST travel time 688.9031 at episode 30, saved as best checkpoint
step:3600/3600, q_loss:-5.5541224234427015e-05, rewards:-3.871527671813965, queue:2.7529513835906982, delay:0.11289390921592712, throughput:2924
episode:31/250, real avg travel time:354.208179684881
step:3600/3600, q_loss:-4.486712493450829e-05, rewards:-3.9318060874938965, queue:2.804166555404663, delay:0.11161969602108002, throughput:2932
episode:32/250, real avg travel time:354.8380824673148
step:3600/3600, q_loss:-4.849999806740218e-05, rewards:-3.783635139465332, queue:2.6904513835906982, delay:0.11089345812797546, throughput:2927
episode:33/250, real avg travel time:351.5082132081797
step:3600/3600, q_loss:-4.223694925679377e-05, rewards:-3.6172919273376465, queue:2.5649304389953613, delay:0.11225786060094833, throughput:2924
episode:34/250, real avg travel time:350.70197787462286
step:3600/3600, q_loss:-5.867460923683312e-05, rewards:-3.707291603088379, queue:2.6272568702697754, delay:0.10719959437847137, throughput:2933
episode:35/250, real avg travel time:352.63090848139456
Test step:35/250, travel time :629.7391887361716, rewards:-25.97726821899414, queue:19.44322967529297, delay:0.22398851811885834, throughput:2795
New best TEST travel time 629.7392 at episode 35, saved as best checkpoint
step:3600/3600, q_loss:-5.518648260342026e-05, rewards:-3.6706254482269287, queue:2.59826397895813, delay:0.10798653215169907, throughput:2930
episode:36/250, real avg travel time:351.3000335232987
step:3600/3600, q_loss:-5.470310484438583e-05, rewards:-3.32629656791687, queue:2.3411457538604736, delay:0.10075385123491287, throughput:2928
episode:37/250, real avg travel time:346.10392222594703
step:3600/3600, q_loss:-5.977261419132076e-05, rewards:-3.3778934478759766, queue:2.3838541507720947, delay:0.10451196134090424, throughput:2929
episode:38/250, real avg travel time:345.93362386858865
step:3600/3600, q_loss:-5.068320401564792e-05, rewards:-3.497129201889038, queue:2.4765625, delay:0.1039101630449295, throughput:2928
episode:39/250, real avg travel time:348.4954743546765
step:3600/3600, q_loss:-4.8968947009631876e-05, rewards:-3.3112969398498535, queue:2.336458444595337, delay:0.1015288457274437, throughput:2929
episode:40/250, real avg travel time:345.70331880657056
Test step:40/250, travel time :637.9198793161247, rewards:-26.66404914855957, queue:19.95486068725586, delay:0.2242077738046646, throughput:2785
step:3600/3600, q_loss:-4.485099429816559e-05, rewards:-3.2807867527008057, queue:2.325000047683716, delay:0.10462788492441177, throughput:2929
episode:41/250, real avg travel time:345.3727790814616
step:3600/3600, q_loss:-3.965869373469441e-05, rewards:-3.234490394592285, queue:2.273958444595337, delay:0.1018277183175087, throughput:2930
episode:42/250, real avg travel time:344.7053302044921
step:3600/3600, q_loss:-4.6561079970733435e-05, rewards:-3.3978006839752197, queue:2.3960070610046387, delay:0.10551881045103073, throughput:2928
episode:43/250, real avg travel time:346.4646329198793
step:3600/3600, q_loss:-5.331318825483322e-05, rewards:-3.247222661972046, queue:2.280555486679077, delay:0.10052254796028137, throughput:2932
episode:44/250, real avg travel time:345.0683875293329
step:3600/3600, q_loss:-4.769996524340025e-05, rewards:-3.163425922393799, queue:2.218229055404663, delay:0.09844614565372467, throughput:2927
episode:45/250, real avg travel time:343.71270533020447
Test step:45/250, travel time :590.3540060341937, rewards:-22.8509464263916, queue:17.08194351196289, delay:0.21044082939624786, throughput:2803
New best TEST travel time 590.3540 at episode 45, saved as best checkpoint
step:3600/3600, q_loss:-4.6898326319124964e-05, rewards:-3.032731771469116, queue:2.117534637451172, delay:0.09637559950351715, throughput:2932
episode:46/250, real avg travel time:341.7294669795508
step:3600/3600, q_loss:-5.6960272033595374e-05, rewards:-2.9969210624694824, queue:2.097743034362793, delay:0.09775876998901367, throughput:2931
episode:47/250, real avg travel time:340.9001005698961
step:3600/3600, q_loss:-5.337977932800573e-05, rewards:-3.1686110496520996, queue:2.230729103088379, delay:0.10033190995454788, throughput:2929
episode:48/250, real avg travel time:343.24539054642975
step:3600/3600, q_loss:-4.044534310836483e-05, rewards:-3.147939682006836, queue:2.2095487117767334, delay:0.09631779789924622, throughput:2926
episode:49/250, real avg travel time:343.0398927254442
step:3600/3600, q_loss:-4.722615574590034e-05, rewards:-3.135671377182007, queue:2.2019097805023193, delay:0.0986790582537651, throughput:2926
episode:50/250, real avg travel time:342.88568555145827
Test step:50/250, travel time :538.022795843111, rewards:-18.23997688293457, queue:13.600000381469727, delay:0.20230184495449066, throughput:2860
New best TEST travel time 538.0228 at episode 50, saved as best checkpoint
step:3600/3600, q_loss:-5.413821393934389e-05, rewards:-3.029607057571411, queue:2.1197917461395264, delay:0.09670907258987427, throughput:2929
episode:51/250, real avg travel time:341.69125041904124
step:3600/3600, q_loss:-3.6291744672106926e-05, rewards:-3.00736141204834, queue:2.1116318702697754, delay:0.09586407244205475, throughput:2929
episode:52/250, real avg travel time:341.49111632584646
step:3600/3600, q_loss:-4.922049443444444e-05, rewards:-2.8749539852142334, queue:2.0078125, delay:0.09335435181856155, throughput:2925
episode:53/250, real avg travel time:339.2111967817633
step:3600/3600, q_loss:-4.886797547374886e-05, rewards:-2.8615970611572266, queue:2.000694513320923, delay:0.09526386111974716, throughput:2931
episode:54/250, real avg travel time:338.9198793161247
step:3600/3600, q_loss:-4.968377071674223e-05, rewards:-2.689467668533325, queue:1.8722221851348877, delay:0.09247902035713196, throughput:2930
episode:55/250, real avg travel time:336.2832718739524
Test step:55/250, travel time :487.3090848139457, rewards:-14.104931831359863, queue:10.484548568725586, delay:0.19699648022651672, throughput:2899
New best TEST travel time 487.3091 at episode 55, saved as best checkpoint
step:3600/3600, q_loss:-4.813517012667876e-05, rewards:-2.64916729927063, queue:1.8402777910232544, delay:0.09169159084558487, throughput:2931
episode:56/250, real avg travel time:335.6496815286624
step:3600/3600, q_loss:-5.0609928978331106e-05, rewards:-2.710416316986084, queue:1.8869792222976685, delay:0.0914791077375412, throughput:2931
episode:57/250, real avg travel time:336.9694937981897
step:3600/3600, q_loss:-4.15550340053246e-05, rewards:-2.5343055725097656, queue:1.7550346851348877, delay:0.08901392668485641, throughput:2931
episode:58/250, real avg travel time:334.03318806570564
step:3600/3600, q_loss:-5.2212914171697645e-05, rewards:-2.76629638671875, queue:1.9243055582046509, delay:0.09123437851667404, throughput:2931
episode:59/250, real avg travel time:337.208179684881
step:3600/3600, q_loss:-4.242300271505007e-05, rewards:-2.5642826557159424, queue:1.7673611640930176, delay:0.0896768793463707, throughput:2932
episode:60/250, real avg travel time:334.7076768354006
Test step:60/250, travel time :444.79249078109285, rewards:-10.878656387329102, queue:8.051041603088379, delay:0.18305562436580658, throughput:2904
New best TEST travel time 444.7925 at episode 60, saved as best checkpoint
step:3600/3600, q_loss:-4.3256098137202636e-05, rewards:-2.581064462661743, queue:1.7873263359069824, delay:0.08927593380212784, throughput:2929
episode:61/250, real avg travel time:334.98357358364063
step:3600/3600, q_loss:-5.15938516602748e-05, rewards:-2.643310308456421, queue:1.8324652910232544, delay:0.08929844200611115, throughput:2932
episode:62/250, real avg travel time:336.11599061347636
step:3600/3600, q_loss:-5.2002000760425015e-05, rewards:-2.5364813804626465, queue:1.7534722089767456, delay:0.08790747076272964, throughput:2929
episode:63/250, real avg travel time:334.33992624874287
step:3600/3600, q_loss:-4.76071830942399e-05, rewards:-2.5175461769104004, queue:1.7402777671813965, delay:0.08376862108707428, throughput:2929
episode:64/250, real avg travel time:334.52028159570904
step:3600/3600, q_loss:-4.6986967963339006e-05, rewards:-2.477754831314087, queue:1.7151042222976685, delay:0.0857459232211113, throughput:2930
episode:65/250, real avg travel time:333.48843446195104
Test step:65/250, travel time :396.4770365403956, rewards:-7.275602340698242, queue:5.329687595367432, delay:0.15588031709194183, throughput:2923
New best TEST travel time 396.4770 at episode 65, saved as best checkpoint
step:3600/3600, q_loss:-4.3022058714457134e-05, rewards:-2.556619882583618, queue:1.7701388597488403, delay:0.0906519666314125, throughput:2930
episode:66/250, real avg travel time:334.57056654374793
step:3600/3600, q_loss:-4.6519349389537064e-05, rewards:-2.3350698947906494, queue:1.6104166507720947, delay:0.08317843824625015, throughput:2932
episode:67/250, real avg travel time:331.3053972510895
step:3600/3600, q_loss:-5.1691916478038944e-05, rewards:-2.408032178878784, queue:1.658506989479065, delay:0.08630765974521637, throughput:2931
episode:68/250, real avg travel time:332.3831713040563
step:3600/3600, q_loss:-4.310679796617478e-05, rewards:-2.515972137451172, queue:1.742013931274414, delay:0.08764273673295975, throughput:2929
episode:69/250, real avg travel time:334.112973516594
step:3600/3600, q_loss:-4.7212345654972724e-05, rewards:-2.4450230598449707, queue:1.6869791746139526, delay:0.08398392796516418, throughput:2931
episode:70/250, real avg travel time:333.1421387864566
Test step:70/250, travel time :373.5367080120684, rewards:-5.532986640930176, queue:4.020833492279053, delay:0.14451219141483307, throughput:2931
New best TEST travel time 373.5367 at episode 70, saved as best checkpoint
step:3600/3600, q_loss:-4.729114309022273e-05, rewards:-2.482685089111328, queue:1.7180556058883667, delay:0.08613736927509308, throughput:2932
episode:71/250, real avg travel time:333.411666107945
step:3600/3600, q_loss:-4.039845425049188e-05, rewards:-2.334583282470703, queue:1.6041666269302368, delay:0.08176825940608978, throughput:2931
episode:72/250, real avg travel time:331.5833053972511
step:3600/3600, q_loss:-4.691354611336633e-05, rewards:-2.3147919178009033, queue:1.587499976158142, delay:0.08236391097307205, throughput:2934
episode:73/250, real avg travel time:331.1682869594368
step:3600/3600, q_loss:-4.3147923942241406e-05, rewards:-2.3611340522766113, queue:1.6347222328186035, delay:0.08438171446323395, throughput:2930
episode:74/250, real avg travel time:331.7264498826685
step:3600/3600, q_loss:-3.666351808028089e-05, rewards:-2.2791202068328857, queue:1.5611110925674438, delay:0.08132557570934296, throughput:2932
episode:75/250, real avg travel time:330.8581964465303
Test step:75/250, travel time :363.54307743882, rewards:-4.798635005950928, queue:3.472395896911621, delay:0.13901419937610626, throughput:2931
New best TEST travel time 363.5431 at episode 75, saved as best checkpoint
step:3600/3600, q_loss:-3.9573150247128475e-05, rewards:-2.2579166889190674, queue:1.5487847328186035, delay:0.08266954123973846, throughput:2933
episode:76/250, real avg travel time:329.92591350988937
step:3600/3600, q_loss:-4.745103824124844e-05, rewards:-2.2369441986083984, queue:1.5342013835906982, delay:0.08101790398359299, throughput:2931
episode:77/250, real avg travel time:329.846128059001
step:3600/3600, q_loss:-4.539443503340913e-05, rewards:-2.2050466537475586, queue:1.511631965637207, delay:0.07945661246776581, throughput:2932
episode:78/250, real avg travel time:329.43043915521287
step:3600/3600, q_loss:-3.582929881910483e-05, rewards:-2.168541669845581, queue:1.4864583015441895, delay:0.07869666814804077, throughput:2930
episode:79/250, real avg travel time:328.9882668454576
step:3600/3600, q_loss:-3.884362436279102e-05, rewards:-2.199652671813965, queue:1.5074652433395386, delay:0.08059103786945343, throughput:2930
episode:80/250, real avg travel time:329.40160911833726
Test step:80/250, travel time :345.7941669460275, rewards:-3.4487969875335693, queue:2.44861102104187, delay:0.12001773715019226, throughput:2930
New best TEST travel time 345.7942 at episode 80, saved as best checkpoint
step:3600/3600, q_loss:-4.795286718204066e-05, rewards:-2.085439682006836, queue:1.4230902194976807, delay:0.07519358396530151, throughput:2933
episode:81/250, real avg travel time:328.0372108615488
step:3600/3600, q_loss:-4.185475473706093e-05, rewards:-2.1085422039031982, queue:1.4416667222976685, delay:0.07755357772111893, throughput:2930
episode:82/250, real avg travel time:327.99631243714384
step:3600/3600, q_loss:-3.7247014417382027e-05, rewards:-2.119166374206543, queue:1.4489582777023315, delay:0.07690568268299103, throughput:2928
episode:83/250, real avg travel time:328.4133422728797
step:3600/3600, q_loss:-4.12792954766364e-05, rewards:-2.1210885047912598, queue:1.4460068941116333, delay:0.07724891602993011, throughput:2932
episode:84/250, real avg travel time:328.3010392222595
step:3600/3600, q_loss:-3.9298538791222706e-05, rewards:-2.080000162124634, queue:1.4277777671813965, delay:0.07682745158672333, throughput:2932
episode:85/250, real avg travel time:327.73047267851155
Test step:85/250, travel time :336.199128394234, rewards:-2.739189386367798, queue:1.9303818941116333, delay:0.10469979047775269, throughput:2930
New best TEST travel time 336.1991 at episode 85, saved as best checkpoint
step:3600/3600, q_loss:-2.6867658555231715e-05, rewards:-2.0265045166015625, queue:1.3814235925674438, delay:0.0747857466340065, throughput:2932
episode:86/250, real avg travel time:326.9936305732484
step:3600/3600, q_loss:-4.2449649858840365e-05, rewards:-2.033449172973633, queue:1.3848958015441895, delay:0.07626955211162567, throughput:2931
episode:87/250, real avg travel time:327.3436138115991
step:3600/3600, q_loss:-3.3293729561760466e-05, rewards:-2.006342649459839, queue:1.3642361164093018, delay:0.07435832917690277, throughput:2931
episode:88/250, real avg travel time:327.0006704659738
step:3600/3600, q_loss:-2.9593553928727353e-05, rewards:-2.022454023361206, queue:1.3781249523162842, delay:0.07491398602724075, throughput:2933
episode:89/250, real avg travel time:327.3848474689909
step:3600/3600, q_loss:-3.796462885845728e-05, rewards:-1.9764349460601807, queue:1.3472222089767456, delay:0.07294365018606186, throughput:2930
episode:90/250, real avg travel time:326.28628897083473
Test step:90/250, travel time :332.28830036875627, rewards:-2.4205551147460938, queue:1.6843750476837158, delay:0.09295117855072021, throughput:2931
New best TEST travel time 332.2883 at episode 90, saved as best checkpoint
step:3600/3600, q_loss:-4.0921817007647066e-05, rewards:-2.0038654804229736, queue:1.3621528148651123, delay:0.0741647258400917, throughput:2931
episode:91/250, real avg travel time:326.7361716392893
step:3600/3600, q_loss:-3.670275047490442e-05, rewards:-2.0319442749023438, queue:1.3802083730697632, delay:0.07498174160718918, throughput:2930
episode:92/250, real avg travel time:327.3020449212203
step:3600/3600, q_loss:-3.718852315580955e-05, rewards:-1.9347224235534668, queue:1.3097221851348877, delay:0.07252836227416992, throughput:2933
episode:93/250, real avg travel time:325.624539054643
step:3600/3600, q_loss:-3.9063396656678784e-05, rewards:-1.936990737915039, queue:1.312326431274414, delay:0.072931207716465, throughput:2931
episode:94/250, real avg travel time:325.69192088501507
step:3600/3600, q_loss:-3.1453655187592465e-05, rewards:-1.9368977546691895, queue:1.3151041269302368, delay:0.07215484976768494, throughput:2934
episode:95/250, real avg travel time:325.6986255447536
Test step:95/250, travel time :328.0120683875293, rewards:-2.162731647491455, queue:1.496006965637207, delay:0.08940857648849487, throughput:2931
New best TEST travel time 328.0121 at episode 95, saved as best checkpoint
step:3600/3600, q_loss:-3.180049997926862e-05, rewards:-1.9259024858474731, queue:1.3083332777023315, delay:0.07295431941747665, throughput:2931
episode:96/250, real avg travel time:325.6265504525645
step:3600/3600, q_loss:-3.344199934939819e-05, rewards:-1.9205552339553833, queue:1.303125023841858, delay:0.07294853776693344, throughput:2932
episode:97/250, real avg travel time:325.49078109285955
step:3600/3600, q_loss:-2.803222332322211e-05, rewards:-1.8285880088806152, queue:1.238194465637207, delay:0.07166529446840286, throughput:2930
episode:98/250, real avg travel time:323.9959772041569
step:3600/3600, q_loss:-3.8483151864191447e-05, rewards:-1.8397914171218872, queue:1.2465277910232544, delay:0.07064692676067352, throughput:2932
episode:99/250, real avg travel time:324.1190077103587
step:3600/3600, q_loss:-3.582867815297235e-05, rewards:-1.822569489479065, queue:1.2274305820465088, delay:0.06980954855680466, throughput:2931
episode:100/250, real avg travel time:324.0385517934965
Test step:100/250, travel time :324.41870600067045, rewards:-1.872939944267273, queue:1.2805556058883667, delay:0.07648027688264847, throughput:2933
New best TEST travel time 324.4187 at episode 100, saved as best checkpoint
step:3600/3600, q_loss:-3.249022346507344e-05, rewards:-1.7953470945358276, queue:1.2152777910232544, delay:0.06909304857254028, throughput:2930
episode:101/250, real avg travel time:323.4968152866242
step:3600/3600, q_loss:-3.0462475950588227e-05, rewards:-1.8237497806549072, queue:1.2276041507720947, delay:0.06862765550613403, throughput:2932
episode:102/250, real avg travel time:324.0194435132417
step:3600/3600, q_loss:-4.386956721578759e-05, rewards:-1.8181942701339722, queue:1.2333333492279053, delay:0.07022453844547272, throughput:2932
episode:103/250, real avg travel time:323.7945021790144
step:3600/3600, q_loss:-6.420761389933802e-06, rewards:-1.8153239488601685, queue:1.230381965637207, delay:0.06963393092155457, throughput:2932
episode:104/250, real avg travel time:324.01642641635937
step:3600/3600, q_loss:-3.0794191277689404e-05, rewards:-1.79620361328125, queue:1.2170138359069824, delay:0.06782004237174988, throughput:2932
episode:105/250, real avg travel time:323.4874287629903
Test step:105/250, travel time :322.61280590010057, rewards:-1.739258885383606, queue:1.1770833730697632, delay:0.07116297632455826, throughput:2930
New best TEST travel time 322.6128 at episode 105, saved as best checkpoint
step:3600/3600, q_loss:-4.170406264839349e-05, rewards:-1.811319351196289, queue:1.2230902910232544, delay:0.06841981410980225, throughput:2932
episode:106/250, real avg travel time:323.7039892725444
step:3600/3600, q_loss:-3.790884436090925e-05, rewards:-1.7871989011764526, queue:1.2065972089767456, delay:0.06844297796487808, throughput:2930
episode:107/250, real avg travel time:323.51994636272207
step:3600/3600, q_loss:-3.169348605701493e-05, rewards:-1.7681710720062256, queue:1.195138931274414, delay:0.06615016609430313, throughput:2933
episode:108/250, real avg travel time:323.2313107609789
step:3600/3600, q_loss:-3.563330694170738e-05, rewards:-1.773541808128357, queue:1.1960068941116333, delay:0.068107008934021, throughput:2933
episode:109/250, real avg travel time:323.2718739523969
step:3600/3600, q_loss:-3.289908000388769e-05, rewards:-1.7936344146728516, queue:1.2138888835906982, delay:0.06715508550405502, throughput:2934
episode:110/250, real avg travel time:323.7207509218907
Test step:110/250, travel time :321.76231981226954, rewards:-1.683657169342041, queue:1.1359374523162842, delay:0.06910735368728638, throughput:2932
New best TEST travel time 321.7623 at episode 110, saved as best checkpoint
step:3600/3600, q_loss:-4.155891882773075e-05, rewards:-1.707615613937378, queue:1.148263931274414, delay:0.06614519655704498, throughput:2932
episode:111/250, real avg travel time:322.2795843110962
step:3600/3600, q_loss:-2.1239067320022042e-05, rewards:-1.8218058347702026, queue:1.2315971851348877, delay:0.06785143911838531, throughput:2931
episode:112/250, real avg travel time:324.15588333892055
step:3600/3600, q_loss:-3.3208035165444014e-05, rewards:-1.753379464149475, queue:1.1772569417953491, delay:0.06579519063234329, throughput:2932
episode:113/250, real avg travel time:323.0117331545424
step:3600/3600, q_loss:-3.376613668580022e-05, rewards:-1.7778239250183105, queue:1.197569489479065, delay:0.06627491116523743, throughput:2933
episode:114/250, real avg travel time:323.6084478712705
step:3600/3600, q_loss:-3.610722013507728e-05, rewards:-1.7784489393234253, queue:1.1970486640930176, delay:0.0679565966129303, throughput:2932
episode:115/250, real avg travel time:323.4592691920885
Test step:115/250, travel time :322.43881997988603, rewards:-1.7019906044006348, queue:1.1411458253860474, delay:0.06851004809141159, throughput:2932
step:3600/3600, q_loss:-4.0100026052203715e-05, rewards:-1.6796988248825073, queue:1.125173568725586, delay:0.0631852075457573, throughput:2931
episode:116/250, real avg travel time:322.1508548441167
step:3600/3600, q_loss:-3.0886000712160706e-05, rewards:-1.7422220706939697, queue:1.1725693941116333, delay:0.06710217893123627, throughput:2931
episode:117/250, real avg travel time:322.7579617834395
step:3600/3600, q_loss:-3.154025201823701e-05, rewards:-1.6619672775268555, queue:1.115625023841858, delay:0.06270577013492584, throughput:2930
episode:118/250, real avg travel time:321.6855514582635
step:3600/3600, q_loss:-2.8842344181612135e-05, rewards:-1.65791654586792, queue:1.1118055582046509, delay:0.06352557241916656, throughput:2930
episode:119/250, real avg travel time:321.78243379148506
step:3600/3600, q_loss:-3.0730420257896184e-05, rewards:-1.6715277433395386, queue:1.1213542222976685, delay:0.06497729569673538, throughput:2932
episode:120/250, real avg travel time:321.85584981562187
Test step:120/250, travel time :320.1716392893061, rewards:-1.5588887929916382, queue:1.0395833253860474, delay:0.0625951960682869, throughput:2929
New best TEST travel time 320.1716 at episode 120, saved as best checkpoint
step:3600/3600, q_loss:-3.412097791658232e-05, rewards:-1.5998148918151855, queue:1.0628472566604614, delay:0.061740610748529434, throughput:2932
episode:121/250, real avg travel time:320.92457257794166
step:3600/3600, q_loss:-3.064644255640882e-05, rewards:-1.6371992826461792, queue:1.1003472805023193, delay:0.0634947121143341, throughput:2932
episode:122/250, real avg travel time:321.52162252765675
step:3600/3600, q_loss:-2.7238933533361114e-05, rewards:-1.5976157188415527, queue:1.0730903148651123, delay:0.06227387487888336, throughput:2930
episode:123/250, real avg travel time:320.6174991619175
step:3600/3600, q_loss:-2.8168627910350487e-05, rewards:-1.637476921081543, queue:1.1001735925674438, delay:0.06320928037166595, throughput:2931
episode:124/250, real avg travel time:321.3721086154878
step:3600/3600, q_loss:-3.270315700555565e-05, rewards:-1.597476840019226, queue:1.0682291984558105, delay:0.061287179589271545, throughput:2931
episode:125/250, real avg travel time:320.7448876969494
Test step:125/250, travel time :319.253436138116, rewards:-1.4987962245941162, queue:0.9970486164093018, delay:0.059274885803461075, throughput:2932
New best TEST travel time 319.2534 at episode 125, saved as best checkpoint
step:3600/3600, q_loss:-2.202551889543732e-05, rewards:-1.6414350271224976, queue:1.1010416746139526, delay:0.06276988238096237, throughput:2931
episode:126/250, real avg travel time:321.4579282601408
step:3600/3600, q_loss:-3.8861303107330094e-05, rewards:-1.6034722328186035, queue:1.0750000476837158, delay:0.06166859343647957, throughput:2930
episode:127/250, real avg travel time:320.78176332551124
step:3600/3600, q_loss:-3.217226303941398e-05, rewards:-1.5736806392669678, queue:1.0512152910232544, delay:0.06135723739862442, throughput:2933
episode:128/250, real avg travel time:320.30606771706334
step:3600/3600, q_loss:-2.081262829489316e-05, rewards:-1.5841203927993774, queue:1.056944489479065, delay:0.0613270029425621, throughput:2932
episode:129/250, real avg travel time:320.7173985920215
step:3600/3600, q_loss:-1.8851858826733576e-05, rewards:-1.5936572551727295, queue:1.060243010520935, delay:0.06195878982543945, throughput:2933
episode:130/250, real avg travel time:320.99798860207846
Test step:130/250, travel time :319.9611129735166, rewards:-1.5372222661972046, queue:1.031076431274414, delay:0.06223877891898155, throughput:2932
step:3600/3600, q_loss:-2.5513343172389327e-05, rewards:-1.5860414505004883, queue:1.0644097328186035, delay:0.060330189764499664, throughput:2932
episode:131/250, real avg travel time:320.5732484076433
step:3600/3600, q_loss:-3.122536646616128e-05, rewards:-1.581782341003418, queue:1.0512152910232544, delay:0.061086542904376984, throughput:2931
episode:132/250, real avg travel time:320.51827019778744
step:3600/3600, q_loss:-2.93826708069968e-05, rewards:-1.537221908569336, queue:1.0248264074325562, delay:0.059442292898893356, throughput:2932
episode:133/250, real avg travel time:319.8213208179685
step:3600/3600, q_loss:-3.2432519084842944e-05, rewards:-1.5664584636688232, queue:1.046701431274414, delay:0.05931134894490242, throughput:2931
episode:134/250, real avg travel time:320.35936976198457
step:3600/3600, q_loss:-1.7490276109634173e-05, rewards:-1.5479857921600342, queue:1.0322916507720947, delay:0.05978631600737572, throughput:2932
episode:135/250, real avg travel time:319.81059336238684
Test step:135/250, travel time :318.7790814616158, rewards:-1.4697916507720947, queue:0.9739583134651184, delay:0.05815642327070236, throughput:2931
New best TEST travel time 318.7791 at episode 135, saved as best checkpoint
step:3600/3600, q_loss:-2.7535668643260443e-05, rewards:-1.560601830482483, queue:1.0451388359069824, delay:0.05894932895898819, throughput:2931
episode:136/250, real avg travel time:320.29668119342944
step:3600/3600, q_loss:-2.9963511042296887e-05, rewards:-1.5153471231460571, queue:1.0083333253860474, delay:0.05816217511892319, throughput:2931
episode:137/250, real avg travel time:319.4384847468991
step:3600/3600, q_loss:-2.1241377194032626e-05, rewards:-1.5523147583007812, queue:1.0336805582046509, delay:0.058924026787281036, throughput:2933
episode:138/250, real avg travel time:320.21723097552797
step:3600/3600, q_loss:-2.6802571179966133e-05, rewards:-1.5283793210983276, queue:1.0206596851348877, delay:0.05694226548075676, throughput:2930
episode:139/250, real avg travel time:319.674153536708
step:3600/3600, q_loss:-2.920476307971748e-05, rewards:-1.5434490442276, queue:1.0276042222976685, delay:0.05896814167499542, throughput:2930
episode:140/250, real avg travel time:319.9088166275562
Test step:140/250, travel time :317.6781763325511, rewards:-1.4035649299621582, queue:0.9300346970558167, delay:0.05627764016389847, throughput:2931
New best TEST travel time 317.6782 at episode 140, saved as best checkpoint
step:3600/3600, q_loss:-2.142130235572242e-05, rewards:-1.5099073648452759, queue:1.0092014074325562, delay:0.057996585965156555, throughput:2930
episode:141/250, real avg travel time:319.4237344954744
step:3600/3600, q_loss:-2.4216449431454143e-05, rewards:-1.5126157999038696, queue:1.0112847089767456, delay:0.05938970297574997, throughput:2932
episode:142/250, real avg travel time:319.25913509889375
step:3600/3600, q_loss:-3.285542404261866e-05, rewards:-1.5207175016403198, queue:1.0152777433395386, delay:0.058359887450933456, throughput:2933
episode:143/250, real avg travel time:319.39021119678176
step:3600/3600, q_loss:-3.0417542654538045e-05, rewards:-1.5509029626846313, queue:1.0361111164093018, delay:0.05938632786273956, throughput:2928
episode:144/250, real avg travel time:319.95541401273886
step:3600/3600, q_loss:-2.9959757564399665e-05, rewards:-1.49875009059906, queue:0.9977430701255798, delay:0.05751468241214752, throughput:2933
episode:145/250, real avg travel time:319.14951391216897
Test step:145/250, travel time :316.6459939658062, rewards:-1.3593056201934814, queue:0.9027777910232544, delay:0.05465146154165268, throughput:2931
New best TEST travel time 316.6460 at episode 145, saved as best checkpoint
step:3600/3600, q_loss:-2.9694266763895198e-05, rewards:-1.4582867622375488, queue:0.9680555462837219, delay:0.0557219460606575, throughput:2933
episode:146/250, real avg travel time:318.62923231645993
step:3600/3600, q_loss:-2.400515271195521e-05, rewards:-1.4557174444198608, queue:0.9595485925674438, delay:0.05558051913976669, throughput:2931
episode:147/250, real avg travel time:318.6359369761985
step:3600/3600, q_loss:-2.0247123945780374e-05, rewards:-1.4709720611572266, queue:0.9791666865348816, delay:0.057292282581329346, throughput:2931
episode:148/250, real avg travel time:318.80221253771373
step:3600/3600, q_loss:-2.382658863940311e-05, rewards:-1.4741202592849731, queue:0.9861111044883728, delay:0.05833514407277107, throughput:2931
episode:149/250, real avg travel time:318.61381159906136
step:3600/3600, q_loss:-2.620136311398474e-05, rewards:-1.4771524667739868, queue:0.9876736402511597, delay:0.05910196155309677, throughput:2930
episode:150/250, real avg travel time:318.59436808581967
Test step:150/250, travel time :317.65303385853167, rewards:-1.4290971755981445, queue:0.9505208134651184, delay:0.0572490431368351, throughput:2929
step:3600/3600, q_loss:-2.893768962369197e-05, rewards:-1.4773379564285278, queue:0.9842013716697693, delay:0.058359697461128235, throughput:2933
episode:151/250, real avg travel time:318.69192088501507
step:3600/3600, q_loss:-2.3382053175872123e-05, rewards:-1.4549765586853027, queue:0.9663194417953491, delay:0.05708201229572296, throughput:2931
episode:152/250, real avg travel time:318.30874958095876
step:3600/3600, q_loss:-2.4916322716442802e-05, rewards:-1.4872453212738037, queue:0.9911458492279053, delay:0.05798957496881485, throughput:2931
episode:153/250, real avg travel time:318.7462286288971
step:3600/3600, q_loss:-2.7203157703668155e-05, rewards:-1.508078694343567, queue:1.0072916746139526, delay:0.0583728589117527, throughput:2932
episode:154/250, real avg travel time:319.42742205833054
step:3600/3600, q_loss:-2.4709875557433674e-05, rewards:-1.4777543544769287, queue:0.9880208373069763, delay:0.05606287717819214, throughput:2932
episode:155/250, real avg travel time:318.9497150519611
Test step:155/250, travel time :317.51022460610125, rewards:-1.3923382759094238, queue:0.918055534362793, delay:0.05531433969736099, throughput:2932
step:3600/3600, q_loss:-3.581090368916867e-05, rewards:-1.4833329916000366, queue:0.987500011920929, delay:0.056128259748220444, throughput:2931
episode:156/250, real avg travel time:318.9983238350654
step:3600/3600, q_loss:-2.3241984416489246e-05, rewards:-1.4496296644210815, queue:0.9555555582046509, delay:0.05548417940735817, throughput:2930
episode:157/250, real avg travel time:318.46094535702315
step:3600/3600, q_loss:-3.269055580151164e-05, rewards:-1.479953646659851, queue:0.9831597208976746, delay:0.0572730153799057, throughput:2931
episode:158/250, real avg travel time:318.97519275896747
step:3600/3600, q_loss:-3.3005576093543184e-05, rewards:-1.4559723138809204, queue:0.9722222089767456, delay:0.05652858316898346, throughput:2933
episode:159/250, real avg travel time:318.4606101240362
step:3600/3600, q_loss:-2.43128615828162e-05, rewards:-1.4357408285140991, queue:0.9545139074325562, delay:0.054140958935022354, throughput:2931
episode:160/250, real avg travel time:318.1049279249078
Test step:160/250, travel time :316.3674153536708, rewards:-1.3252544403076172, queue:0.8748263716697693, delay:0.052620287984609604, throughput:2932
New best TEST travel time 316.3674 at episode 160, saved as best checkpoint
step:3600/3600, q_loss:-2.5860729403103946e-05, rewards:-1.4130325317382812, queue:0.9319444298744202, delay:0.054497476667165756, throughput:2933
episode:161/250, real avg travel time:317.9272544418371
step:3600/3600, q_loss:-3.0608720435002056e-05, rewards:-1.4693981409072876, queue:0.9737847447395325, delay:0.057093843817710876, throughput:2934
episode:162/250, real avg travel time:318.6852162252766
step:3600/3600, q_loss:-2.5584786177474867e-05, rewards:-1.4729397296905518, queue:0.9835069179534912, delay:0.0576065368950367, throughput:2932
episode:163/250, real avg travel time:318.683204827355
step:3600/3600, q_loss:-2.9302862498702275e-05, rewards:-1.399027705192566, queue:0.9289930462837219, delay:0.054698433727025986, throughput:2931
episode:164/250, real avg travel time:317.6449882668455
step:3600/3600, q_loss:-2.641303494952067e-05, rewards:-1.442245364189148, queue:0.9560763835906982, delay:0.05517486110329628, throughput:2932
episode:165/250, real avg travel time:318.25645323499833
Test step:165/250, travel time :316.7267851156554, rewards:-1.354907512664795, queue:0.894618034362793, delay:0.054718416184186935, throughput:2933
step:3600/3600, q_loss:-2.63069395225978e-05, rewards:-1.4472917318344116, queue:0.9651041626930237, delay:0.05619914084672928, throughput:2933
episode:166/250, real avg travel time:318.39658062353334
step:3600/3600, q_loss:-2.2470957763424075e-05, rewards:-1.4593747854232788, queue:0.9692708253860474, delay:0.0565665140748024, throughput:2931
episode:167/250, real avg travel time:318.48206503519947
step:3600/3600, q_loss:-2.6336101021755627e-05, rewards:-1.4269442558288574, queue:0.9447916746139526, delay:0.055050499737262726, throughput:2934
episode:168/250, real avg travel time:318.0439155212873
step:3600/3600, q_loss:-2.671633739265855e-05, rewards:-1.4502081871032715, queue:0.9614583253860474, delay:0.05691999942064285, throughput:2931
episode:169/250, real avg travel time:318.3523298692591
step:3600/3600, q_loss:-1.617388722176353e-05, rewards:-1.4091665744781494, queue:0.9361110925674438, delay:0.05479307100176811, throughput:2934
episode:170/250, real avg travel time:317.75494468655717
Test step:170/250, travel time :316.2242708682534, rewards:-1.322638988494873, queue:0.8737847208976746, delay:0.053161442279815674, throughput:2932
New best TEST travel time 316.2243 at episode 170, saved as best checkpoint
step:3600/3600, q_loss:-1.928759092051122e-05, rewards:-1.3887265920639038, queue:0.9210069179534912, delay:0.05477314069867134, throughput:2932
episode:171/250, real avg travel time:317.2933288635602
step:3600/3600, q_loss:-2.666532204279469e-05, rewards:-1.3926620483398438, queue:0.9262152910232544, delay:0.054486874490976334, throughput:2932
episode:172/250, real avg travel time:317.4374790479383
step:3600/3600, q_loss:-2.3331247589171486e-05, rewards:-1.4076850414276123, queue:0.9321180582046509, delay:0.05506402999162674, throughput:2932
episode:173/250, real avg travel time:317.68387529332887
step:3600/3600, q_loss:-2.8072972781956196e-05, rewards:-1.3527774810791016, queue:0.8979166746139526, delay:0.05291566997766495, throughput:2933
episode:174/250, real avg travel time:316.68488099228966
step:3600/3600, q_loss:-2.6515229978098498e-05, rewards:-1.3925234079360962, queue:0.9244791865348816, delay:0.05490540340542793, throughput:2933
episode:175/250, real avg travel time:317.402614817298
Test step:175/250, travel time :315.87428762990277, rewards:-1.2910417318344116, queue:0.8496527671813965, delay:0.051283031702041626, throughput:2932
New best TEST travel time 315.8743 at episode 175, saved as best checkpoint
step:3600/3600, q_loss:-1.881406696392568e-05, rewards:-1.3368284702301025, queue:0.8767361044883728, delay:0.05284562706947327, throughput:2932
episode:176/250, real avg travel time:316.5062018102581
step:3600/3600, q_loss:-1.1186810486294605e-05, rewards:-1.341851830482483, queue:0.885937511920929, delay:0.05273691192269325, throughput:2931
episode:177/250, real avg travel time:316.3942339926249
step:3600/3600, q_loss:-2.465594012324733e-05, rewards:-1.3753007650375366, queue:0.909375011920929, delay:0.053509511053562164, throughput:2932
episode:178/250, real avg travel time:317.19644653033856
step:3600/3600, q_loss:-2.5190966941105822e-05, rewards:-1.346736192703247, queue:0.8939236402511597, delay:0.05331818759441376, throughput:2932
episode:179/250, real avg travel time:316.5796178343949
step:3600/3600, q_loss:-2.4178275769507444e-05, rewards:-1.316064715385437, queue:0.8637152910232544, delay:0.051845062524080276, throughput:2933
episode:180/250, real avg travel time:315.8897083473014
Test step:180/250, travel time :315.7686892390211, rewards:-1.3021066188812256, queue:0.8685764074325562, delay:0.051874563097953796, throughput:2933
New best TEST travel time 315.7687 at episode 180, saved as best checkpoint
step:3600/3600, q_loss:-2.1184425201715416e-05, rewards:-1.4104628562927246, queue:0.9430555701255798, delay:0.05556270107626915, throughput:2933
episode:181/250, real avg travel time:317.5940328528327
step:3600/3600, q_loss:-1.979447142393501e-05, rewards:-1.3569444417953491, queue:0.9005208611488342, delay:0.053784895688295364, throughput:2931
episode:182/250, real avg travel time:316.7053302044921
step:3600/3600, q_loss:-2.3567519167921056e-05, rewards:-1.3903473615646362, queue:0.9239583611488342, delay:0.054804928600788116, throughput:2931
episode:183/250, real avg travel time:317.29936305732485
step:3600/3600, q_loss:-2.4857679575992128e-05, rewards:-1.3544445037841797, queue:0.8967013955116272, delay:0.05255390703678131, throughput:2932
episode:184/250, real avg travel time:316.79249078109285
step:3600/3600, q_loss:-1.2250647489930055e-05, rewards:-1.383726716041565, queue:0.9164930582046509, delay:0.05376382917165756, throughput:2932
episode:185/250, real avg travel time:317.30975527991956
Test step:185/250, travel time :316.47033188065706, rewards:-1.333680510520935, queue:0.8831596970558167, delay:0.051847606897354126, throughput:2932
step:3600/3600, q_loss:-1.6465483780915816e-05, rewards:-1.3669908046722412, queue:0.9008680582046509, delay:0.05265794321894646, throughput:2932
episode:186/250, real avg travel time:316.95306738183035
step:3600/3600, q_loss:-3.371140941184152e-05, rewards:-1.377152681350708, queue:0.9095486402511597, delay:0.05288688838481903, throughput:2931
episode:187/250, real avg travel time:317.2225947033188
step:3600/3600, q_loss:-2.33352325503128e-05, rewards:-1.363448977470398, queue:0.9003472328186035, delay:0.052567508071660995, throughput:2931
episode:188/250, real avg travel time:316.97854508883677
step:3600/3600, q_loss:-3.163307135562516e-05, rewards:-1.3735417127609253, queue:0.9079861044883728, delay:0.05265045166015625, throughput:2932
episode:189/250, real avg travel time:317.2108615487764
step:3600/3600, q_loss:-1.965144528420987e-05, rewards:-1.3841897249221802, queue:0.9175347089767456, delay:0.052756112068891525, throughput:2929
episode:190/250, real avg travel time:317.3154542406973
Test step:190/250, travel time :315.84512236004025, rewards:-1.2863656282424927, queue:0.8434028029441833, delay:0.04997850954532623, throughput:2931
step:3600/3600, q_loss:-2.2128790765742047e-05, rewards:-1.3737035989761353, queue:0.9034722447395325, delay:0.05247487127780914, throughput:2930
episode:191/250, real avg travel time:317.1927589674824
step:3600/3600, q_loss:-1.4765562782822934e-05, rewards:-1.3887269496917725, queue:0.9137153029441833, delay:0.05236305668950081, throughput:2931
episode:192/250, real avg travel time:317.5125712370097
step:3600/3600, q_loss:-2.5319772410309978e-05, rewards:-1.3124537467956543, queue:0.8630208373069763, delay:0.05093969777226448, throughput:2933
episode:193/250, real avg travel time:316.0737512571237
step:3600/3600, q_loss:-2.3862455768890127e-05, rewards:-1.3725695610046387, queue:0.9038194417953491, delay:0.05323111265897751, throughput:2931
episode:194/250, real avg travel time:317.21555481059335
step:3600/3600, q_loss:-2.713623188254941e-05, rewards:-1.3337033987045288, queue:0.8795138597488403, delay:0.05076014623045921, throughput:2929
episode:195/250, real avg travel time:316.5538048944016
Test step:195/250, travel time :315.8478042239356, rewards:-1.3017361164093018, queue:0.8598958253860474, delay:0.05106302350759506, throughput:2932
step:3600/3600, q_loss:-2.0045466522720678e-05, rewards:-1.3439350128173828, queue:0.8854166865348816, delay:0.051446810364723206, throughput:2929
episode:196/250, real avg travel time:316.7080120683875
step:3600/3600, q_loss:-2.6973329281813842e-05, rewards:-1.3256943225860596, queue:0.8666666746139526, delay:0.051563579589128494, throughput:2933
episode:197/250, real avg travel time:316.6661079450218
step:3600/3600, q_loss:-2.229149513705461e-05, rewards:-1.3671988248825073, queue:0.8973958492279053, delay:0.05269285663962364, throughput:2933
episode:198/250, real avg travel time:317.2621521957761
step:3600/3600, q_loss:-1.5523674880602846e-05, rewards:-1.3302315473556519, queue:0.8767361044883728, delay:0.051252592355012894, throughput:2932
episode:199/250, real avg travel time:316.6765001676165
step:3600/3600, q_loss:-2.335487709691127e-05, rewards:-1.3614581823349, queue:0.8994791507720947, delay:0.051813140511512756, throughput:2932
episode:200/250, real avg travel time:316.98524974857526
Test step:200/250, travel time :316.1015755950385, rewards:-1.3126155138015747, queue:0.8614583611488342, delay:0.05097917839884758, throughput:2929
step:3600/3600, q_loss:-2.4214872219427318e-05, rewards:-1.3129397630691528, queue:0.8659722208976746, delay:0.05127263069152832, throughput:2932
episode:201/250, real avg travel time:316.4331210191083
step:3600/3600, q_loss:-2.1124410731890414e-05, rewards:-1.3526618480682373, queue:0.8918402791023254, delay:0.05145532637834549, throughput:2930
episode:202/250, real avg travel time:316.9892725444184
step:3600/3600, q_loss:-1.788760332770094e-05, rewards:-1.3231945037841797, queue:0.8659722208976746, delay:0.05156228691339493, throughput:2934
episode:203/250, real avg travel time:316.39926248742876
step:3600/3600, q_loss:-2.875409080405478e-05, rewards:-1.3727315664291382, queue:0.9065971970558167, delay:0.052331648766994476, throughput:2932
episode:204/250, real avg travel time:317.3338920549782
step:3600/3600, q_loss:-1.9314617923184953e-05, rewards:-1.361018419265747, queue:0.8963541388511658, delay:0.052063602954149246, throughput:2932
episode:205/250, real avg travel time:317.1783439490446
Test step:205/250, travel time :315.5420717398592, rewards:-1.2624536752700806, queue:0.8302083611488342, delay:0.04867393523454666, throughput:2933
New best TEST travel time 315.5421 at episode 205, saved as best checkpoint
step:3600/3600, q_loss:-1.968631867957474e-05, rewards:-1.3478240966796875, queue:0.8828125, delay:0.051412805914878845, throughput:2933
episode:206/250, real avg travel time:316.86456587328195
step:3600/3600, q_loss:-2.88507656444347e-05, rewards:-1.320069432258606, queue:0.871006965637207, delay:0.05163011699914932, throughput:2933
episode:207/250, real avg travel time:316.37177338250086
step:3600/3600, q_loss:-2.152536752099102e-05, rewards:-1.3446760177612305, queue:0.8885416388511658, delay:0.05261548236012459, throughput:2934
episode:208/250, real avg travel time:316.7995306738183
step:3600/3600, q_loss:-2.548146919623293e-05, rewards:-1.3448147773742676, queue:0.8862847089767456, delay:0.050266288220882416, throughput:2933
episode:209/250, real avg travel time:316.887026483406
step:3600/3600, q_loss:-2.202150396812983e-05, rewards:-1.336735725402832, queue:0.8831596970558167, delay:0.051239579916000366, throughput:2933
episode:210/250, real avg travel time:316.7046597385183
Test step:210/250, travel time :315.00670465973855, rewards:-1.2440741062164307, queue:0.8116319179534912, delay:0.0487448051571846, throughput:2930
New best TEST travel time 315.0067 at episode 210, saved as best checkpoint
step:3600/3600, q_loss:-1.4439426767812284e-05, rewards:-1.3204166889190674, queue:0.8687499761581421, delay:0.050340041518211365, throughput:2934
episode:211/250, real avg travel time:316.51692926583974
step:3600/3600, q_loss:-2.2552332127277083e-05, rewards:-1.3330788612365723, queue:0.8795138597488403, delay:0.05122392997145653, throughput:2930
episode:212/250, real avg travel time:316.68018773047265
step:3600/3600, q_loss:-2.76586257516303e-05, rewards:-1.3406020402908325, queue:0.8765624761581421, delay:0.050916846841573715, throughput:2929
episode:213/250, real avg travel time:316.90211196781763
step:3600/3600, q_loss:-2.5996895662198464e-05, rewards:-1.3383793830871582, queue:0.8842014074325562, delay:0.05157647281885147, throughput:2930
episode:214/250, real avg travel time:316.7867918203151
step:3600/3600, q_loss:-2.221453210545911e-05, rewards:-1.3181711435317993, queue:0.8657985925674438, delay:0.05019603297114372, throughput:2933
episode:215/250, real avg travel time:316.4559168622192
Test step:215/250, travel time :315.4958095876634, rewards:-1.26754629611969, queue:0.8317708373069763, delay:0.04894857853651047, throughput:2931
step:3600/3600, q_loss:-2.485653428636767e-05, rewards:-1.3523610830307007, queue:0.886805534362793, delay:0.050436586141586304, throughput:2932
episode:216/250, real avg travel time:317.1511900771036
step:3600/3600, q_loss:-2.1266495632180187e-05, rewards:-1.3192824125289917, queue:0.8637152910232544, delay:0.05059375241398811, throughput:2930
episode:217/250, real avg travel time:316.4545759302715
step:3600/3600, q_loss:-3.3242598874494433e-05, rewards:-1.3213425874710083, queue:0.8637152910232544, delay:0.04972958192229271, throughput:2931
episode:218/250, real avg travel time:316.6483405967147
step:3600/3600, q_loss:-2.4107273741349302e-05, rewards:-1.3688888549804688, queue:0.9038194417953491, delay:0.052195146679878235, throughput:2932
episode:219/250, real avg travel time:317.4542406972846
step:3600/3600, q_loss:-3.0305494631951055e-05, rewards:-1.3294209241867065, queue:0.8744791746139526, delay:0.05086542293429375, throughput:2931
episode:220/250, real avg travel time:316.7100234663091
Test step:220/250, travel time :315.93395910157557, rewards:-1.2695833444595337, queue:0.8314236402511597, delay:0.04836570471525192, throughput:2928
step:3600/3600, q_loss:-2.4605996333304104e-05, rewards:-1.329653024673462, queue:0.8663194179534912, delay:0.04944344237446785, throughput:2932
episode:221/250, real avg travel time:316.8263493127724
step:3600/3600, q_loss:-3.0394335906883635e-05, rewards:-1.356134057044983, queue:0.8894097208976746, delay:0.0507303811609745, throughput:2931
episode:222/250, real avg travel time:317.34830707341604
step:3600/3600, q_loss:-2.5742706364124187e-05, rewards:-1.3576852083206177, queue:0.8921874761581421, delay:0.05099542811512947, throughput:2932
episode:223/250, real avg travel time:317.3741200134093
step:3600/3600, q_loss:-1.6089631309215392e-05, rewards:-1.2977315187454224, queue:0.8496527671813965, delay:0.04985417425632477, throughput:2933
episode:224/250, real avg travel time:316.1411330874958
step:3600/3600, q_loss:-1.8394471974008613e-05, rewards:-1.3302081823349, queue:0.8730902671813965, delay:0.05111566185951233, throughput:2933
episode:225/250, real avg travel time:316.49212202480726
Test step:225/250, travel time :315.6443178008716, rewards:-1.2569444179534912, queue:0.8213541507720947, delay:0.04900584742426872, throughput:2932
step:3600/3600, q_loss:-2.042529091273469e-05, rewards:-1.3032639026641846, queue:0.8524305820465088, delay:0.050163622945547104, throughput:2931
episode:226/250, real avg travel time:316.25578276902445
step:3600/3600, q_loss:-2.5572816418759798e-05, rewards:-1.3381251096725464, queue:0.8746528029441833, delay:0.05045109987258911, throughput:2932
episode:227/250, real avg travel time:316.9587663426081
step:3600/3600, q_loss:-1.523830460091294e-05, rewards:-1.2743749618530273, queue:0.8324652910232544, delay:0.04966055601835251, throughput:2933
episode:228/250, real avg travel time:315.88434461951056
step:3600/3600, q_loss:-2.1199294779863623e-05, rewards:-1.2915507555007935, queue:0.8447916507720947, delay:0.05005137622356415, throughput:2932
episode:229/250, real avg travel time:316.2229299363057
step:3600/3600, q_loss:-2.4053350056487098e-05, rewards:-1.31141197681427, queue:0.8592013716697693, delay:0.05064110830426216, throughput:2932
episode:230/250, real avg travel time:316.2950050284948
Test step:230/250, travel time :315.2393563526651, rewards:-1.249513864517212, queue:0.8177083134651184, delay:0.048754237592220306, throughput:2932
step:3600/3600, q_loss:-2.28101540684562e-05, rewards:-1.2944211959838867, queue:0.8440971970558167, delay:0.05033810809254646, throughput:2932
episode:231/250, real avg travel time:316.22661749916193
step:3600/3600, q_loss:-2.024285387489255e-05, rewards:-1.3165509700775146, queue:0.8694444298744202, delay:0.05106157064437866, throughput:2934
episode:232/250, real avg travel time:316.4653033858532
step:3600/3600, q_loss:-2.856752177683154e-05, rewards:-1.3160648345947266, queue:0.8645833134651184, delay:0.05105461925268173, throughput:2932
episode:233/250, real avg travel time:316.5856520281596
step:3600/3600, q_loss:-2.3209201430694926e-05, rewards:-1.3052546977996826, queue:0.8567708134651184, delay:0.051266372203826904, throughput:2933
episode:234/250, real avg travel time:316.26684545759304
step:3600/3600, q_loss:-2.1817762495225503e-05, rewards:-1.3390506505966187, queue:0.8810763955116272, delay:0.052027225494384766, throughput:2933
episode:235/250, real avg travel time:316.74187060006705
Test step:235/250, travel time :315.2148843446195, rewards:-1.2550462484359741, queue:0.8225694298744202, delay:0.04962863028049469, throughput:2933
step:3600/3600, q_loss:-1.777243386540148e-05, rewards:-1.2813193798065186, queue:0.8407986164093018, delay:0.05074743553996086, throughput:2932
episode:236/250, real avg travel time:315.82065035199463
step:3600/3600, q_loss:-2.6160627668206063e-05, rewards:-1.33046293258667, queue:0.8793402910232544, delay:0.052690986543893814, throughput:2933
episode:237/250, real avg travel time:316.71203486423065
step:3600/3600, q_loss:-3.151483305609199e-05, rewards:-1.3068979978561401, queue:0.8600694537162781, delay:0.050608836114406586, throughput:2932
episode:238/250, real avg travel time:316.21756620851494
step:3600/3600, q_loss:-1.636424044759392e-05, rewards:-1.2831246852874756, queue:0.8473958373069763, delay:0.05121980607509613, throughput:2934
episode:239/250, real avg travel time:315.68219912839425
step:3600/3600, q_loss:-1.9472415119202602e-05, rewards:-1.2713888883590698, queue:0.8371527791023254, delay:0.05108165740966797, throughput:2933
episode:240/250, real avg travel time:315.48206503519947
Test step:240/250, travel time :315.583640630238, rewards:-1.2685415744781494, queue:0.8338541388511658, delay:0.05024125799536705, throughput:2932
step:3600/3600, q_loss:-2.951181662932935e-05, rewards:-1.2680785655975342, queue:0.8373264074325562, delay:0.05025528743863106, throughput:2933
episode:241/250, real avg travel time:315.325846463292
step:3600/3600, q_loss:-2.7103395701420528e-05, rewards:-1.3099536895751953, queue:0.8647569417953491, delay:0.05289608612656593, throughput:2930
episode:242/250, real avg travel time:316.0603419376467
step:3600/3600, q_loss:-1.7713576865692934e-05, rewards:-1.275092601776123, queue:0.8425347208976746, delay:0.050587043166160583, throughput:2931
episode:243/250, real avg travel time:315.53033858531677
step:3600/3600, q_loss:-2.3623371143238966e-05, rewards:-1.2621989250183105, queue:0.8291666507720947, delay:0.05121428146958351, throughput:2934
episode:244/250, real avg travel time:315.16694602748913
step:3600/3600, q_loss:-2.881155049652551e-05, rewards:-1.2847915887832642, queue:0.8458333611488342, delay:0.051500141620635986, throughput:2931
episode:245/250, real avg travel time:315.656050955414
Test step:245/250, travel time :315.7680187730473, rewards:-1.2939351797103882, queue:0.8559027910232544, delay:0.051874790340662, throughput:2934
step:3600/3600, q_loss:-1.735640959210556e-05, rewards:-1.3102080821990967, queue:0.8645833134651184, delay:0.05250510200858116, throughput:2932
episode:246/250, real avg travel time:315.95641971169965
step:3600/3600, q_loss:-2.1907278871232712e-05, rewards:-1.3110183477401733, queue:0.8666666746139526, delay:0.05091884359717369, throughput:2931
episode:247/250, real avg travel time:316.1920885015085
step:3600/3600, q_loss:-2.5351825105543766e-05, rewards:-1.3063656091690063, queue:0.8651041388511658, delay:0.052423350512981415, throughput:2932
episode:248/250, real avg travel time:315.8692591350989
step:3600/3600, q_loss:-2.1431098166094335e-05, rewards:-1.31057870388031, queue:0.8626736402511597, delay:0.05191350355744362, throughput:2932
episode:249/250, real avg travel time:316.1930942004693
Hyperparameters saved to: data/output_data/tsc/cityflow_hyperlight_mappo/cityflow4x4/learned_4x4_seed2/hyperparameters.json
Loaded best checkpoint for final evaluation
Final Travel Time is 315.0067, mean rewards: -1.2441, queue: 0.8116, delay: 0.0487, throughput: 2930
Total time taken: 12770.17051911354
