transfer from best_0.pt (16 -> 196 intersections) | actor_hypernet=4/4 | value_hypernet=4/4 | differs=node_count,phase_lengths
  not transferred: agent_embeddings (per-intersection index table has no meaning in a different network)
  not transferred: optimizer (Adam moments belong to the source task)
step:3600/3600, q_loss:0.003939967102336663, rewards:-314.6698913574219, queue:19.26344871520996, delay:0.11189360171556473, throughput:9140
episode:0/50, real avg travel time:1420.9632431750836
Test step:0/50, travel time :1415.5279616669818, rewards:-315.62811279296875, queue:19.33395767211914, delay:0.11275999993085861, throughput:9252
New best TEST travel time 1415.5280 at episode 0, saved as best checkpoint
step:3600/3600, q_loss:0.003716161868385511, rewards:-311.5022277832031, queue:19.067970275878906, delay:0.11076615750789642, throughput:9162
episode:1/50, real avg travel time:1420.6934619506967
step:3600/3600, q_loss:0.003567177916008887, rewards:-313.46331787109375, queue:19.191879272460938, delay:0.1096913069486618, throughput:8923
episode:2/50, real avg travel time:1427.293739360696
step:3600/3600, q_loss:0.0034079728895269426, rewards:-314.0367431640625, queue:19.22587776184082, delay:0.10793647915124893, throughput:9039
episode:3/50, real avg travel time:1432.2005548199988
step:3600/3600, q_loss:0.0031386056380277427, rewards:-307.5558166503906, queue:18.827835083007812, delay:0.10812781751155853, throughput:9094
episode:4/50, real avg travel time:1420.4647247966711
step:3600/3600, q_loss:0.003129314979032418, rewards:-312.1822814941406, queue:19.11346435546875, delay:0.10676900297403336, throughput:8931
episode:5/50, real avg travel time:1431.5770758464157
Test step:5/50, travel time :1438.6408801462708, rewards:-317.8489685058594, queue:19.474136352539062, delay:0.11311320215463638, throughput:8976
step:3600/3600, q_loss:0.003023327642729805, rewards:-312.23687744140625, queue:19.115703582763672, delay:0.10653167217969894, throughput:8766
episode:6/50, real avg travel time:1441.0760986066452
step:3600/3600, q_loss:0.00277626804869484, rewards:-304.8112487792969, queue:18.65925407409668, delay:0.10483618825674057, throughput:8809
episode:7/50, real avg travel time:1430.4161780467814
step:3600/3600, q_loss:0.0027967380446002436, rewards:-309.4797668457031, queue:18.947816848754883, delay:0.10355735570192337, throughput:8916
episode:8/50, real avg travel time:1434.2603871130445
step:3600/3600, q_loss:0.002488108746488981, rewards:-302.10003662109375, queue:18.49355125427246, delay:0.10275436192750931, throughput:8837
episode:9/50, real avg travel time:1425.2267196267574
step:3600/3600, q_loss:0.0023731161020322483, rewards:-300.302001953125, queue:18.38557243347168, delay:0.10131680965423584, throughput:8875
episode:10/50, real avg travel time:1418.6766912552803
Test step:10/50, travel time :1434.6426454826303, rewards:-323.6558837890625, queue:19.82910919189453, delay:0.11355467885732651, throughput:9083
step:3600/3600, q_loss:0.002347840889311039, rewards:-304.1654357910156, queue:18.621414184570312, delay:0.10053524374961853, throughput:8661
episode:11/50, real avg travel time:1435.7484395687536
step:3600/3600, q_loss:0.002126294493755717, rewards:-294.7699279785156, queue:18.04452896118164, delay:0.09864994138479233, throughput:8747
episode:12/50, real avg travel time:1412.9953344681924
step:3600/3600, q_loss:0.0020213713430379874, rewards:-294.72381591796875, queue:18.041963577270508, delay:0.09786243736743927, throughput:8673
episode:13/50, real avg travel time:1417.7212029506336
step:3600/3600, q_loss:0.001955051914167901, rewards:-298.5563659667969, queue:18.280712127685547, delay:0.09754074364900589, throughput:8655
episode:14/50, real avg travel time:1428.0587604816847
step:3600/3600, q_loss:0.001970534144187875, rewards:-301.84326171875, queue:18.482694625854492, delay:0.09735015779733658, throughput:8661
episode:15/50, real avg travel time:1431.734569068785
Test step:15/50, travel time :1408.359435092365, rewards:-312.04736328125, queue:19.119033813476562, delay:0.1082463338971138, throughput:9055
New best TEST travel time 1408.3594 at episode 15, saved as best checkpoint
step:3600/3600, q_loss:0.0018868613723711468, rewards:-300.2974548339844, queue:18.386960983276367, delay:0.09643964469432831, throughput:8605
episode:16/50, real avg travel time:1423.93915894332
step:3600/3600, q_loss:0.0016980382882599016, rewards:-295.9259948730469, queue:18.11981201171875, delay:0.0964721292257309, throughput:8695
episode:17/50, real avg travel time:1416.3593089969106
step:3600/3600, q_loss:0.0015548013550240867, rewards:-296.2542419433594, queue:18.137725830078125, delay:0.09623513370752335, throughput:8607
episode:18/50, real avg travel time:1418.5344555828763
step:3600/3600, q_loss:0.0015455103867017539, rewards:-298.7701416015625, queue:18.2926025390625, delay:0.09607522189617157, throughput:8617
episode:19/50, real avg travel time:1422.4639682239456
step:3600/3600, q_loss:0.001393316294688927, rewards:-297.1601867675781, queue:18.19175148010254, delay:0.09717296808958054, throughput:8654
episode:20/50, real avg travel time:1419.713069793834
Test step:20/50, travel time :1388.6893638484332, rewards:-308.8502197265625, queue:18.921188354492188, delay:0.11171849817037582, throughput:9462
New best TEST travel time 1388.6894 at episode 20, saved as best checkpoint
step:3600/3600, q_loss:0.0013783854892316424, rewards:-299.1317443847656, queue:18.314937591552734, delay:0.09619699418544769, throughput:8739
episode:21/50, real avg travel time:1427.007817918164
step:3600/3600, q_loss:0.0011948970846406381, rewards:-296.17913818359375, queue:18.13353157043457, delay:0.09647699445486069, throughput:8721
episode:22/50, real avg travel time:1419.0870689111657
step:3600/3600, q_loss:0.001083282322172265, rewards:-296.1287841796875, queue:18.1319580078125, delay:0.09712573885917664, throughput:8801
episode:23/50, real avg travel time:1416.801777945905
step:3600/3600, q_loss:0.0011153540958112886, rewards:-297.2596740722656, queue:18.204038619995117, delay:0.09607172012329102, throughput:8734
episode:24/50, real avg travel time:1415.6236050690372
step:3600/3600, q_loss:0.000991097331136166, rewards:-289.3421936035156, queue:17.713590621948242, delay:0.09687227755784988, throughput:8798
episode:25/50, real avg travel time:1408.9672151818927
Test step:25/50, travel time :1390.6401235735452, rewards:-307.4264221191406, queue:18.833715438842773, delay:0.11235034465789795, throughput:9590
step:3600/3600, q_loss:0.0010128039467855597, rewards:-298.509033203125, queue:18.276559829711914, delay:0.09620138257741928, throughput:8763
episode:26/50, real avg travel time:1423.1950696677384
step:3600/3600, q_loss:0.0009737138108768569, rewards:-297.28497314453125, queue:18.202083587646484, delay:0.09588906913995743, throughput:8547
episode:27/50, real avg travel time:1420.6485089212533
step:3600/3600, q_loss:0.0008087887278331133, rewards:-290.0661315917969, queue:17.75945281982422, delay:0.09532210230827332, throughput:8851
episode:28/50, real avg travel time:1394.2357984994642
step:3600/3600, q_loss:0.0007733626790951224, rewards:-292.6641845703125, queue:17.917856216430664, delay:0.09509322792291641, throughput:8720
episode:29/50, real avg travel time:1403.6051320849883
step:3600/3600, q_loss:0.0007072354684135428, rewards:-291.4678955078125, queue:17.84438705444336, delay:0.09479139000177383, throughput:8954
episode:30/50, real avg travel time:1401.0466553180759
Test step:30/50, travel time :1419.619633062228, rewards:-317.6025695800781, queue:19.460132598876953, delay:0.11170953512191772, throughput:9227
step:3600/3600, q_loss:0.0007042549843008826, rewards:-293.04022216796875, queue:17.943382263183594, delay:0.09458143264055252, throughput:8726
episode:31/50, real avg travel time:1404.3379358174138
step:3600/3600, q_loss:0.0006553719274737056, rewards:-298.8690185546875, queue:18.300552368164062, delay:0.09498461335897446, throughput:8775
episode:32/50, real avg travel time:1411.6777000189143
step:3600/3600, q_loss:0.0005832753427877138, rewards:-293.07110595703125, queue:17.94112777709961, delay:0.09480410814285278, throughput:8633
episode:33/50, real avg travel time:1397.2905239266124
step:3600/3600, q_loss:0.0005753489391573554, rewards:-289.8155822753906, queue:17.742488861083984, delay:0.09588966518640518, throughput:8808
episode:34/50, real avg travel time:1389.257171678961
step:3600/3600, q_loss:0.0005238551945593726, rewards:-290.90679931640625, queue:17.810644149780273, delay:0.09393032640218735, throughput:8784
episode:35/50, real avg travel time:1397.8221423617679
Test step:35/50, travel time :1415.4640943193997, rewards:-323.0754699707031, queue:19.79730796813965, delay:0.11303611099720001, throughput:9384
step:3600/3600, q_loss:0.0004104771114523626, rewards:-286.8199157714844, queue:17.560203552246094, delay:0.0952065959572792, throughput:8903
episode:36/50, real avg travel time:1377.7781350482314
step:3600/3600, q_loss:0.00039841221569301445, rewards:-286.621826171875, queue:17.551403045654297, delay:0.09526700526475906, throughput:8864
episode:37/50, real avg travel time:1382.2102641699767
step:3600/3600, q_loss:0.00040687216845711833, rewards:-286.0088195800781, queue:17.5106143951416, delay:0.09411830455064774, throughput:8925
episode:38/50, real avg travel time:1378.0382699703675
step:3600/3600, q_loss:0.00035058297121676006, rewards:-284.3240966796875, queue:17.40973663330078, delay:0.09366593509912491, throughput:9017
episode:39/50, real avg travel time:1369.716474371099
step:3600/3600, q_loss:0.0002916316623062206, rewards:-284.5792541503906, queue:17.421457290649414, delay:0.0939231812953949, throughput:8943
episode:40/50, real avg travel time:1374.334594287876
Test step:40/50, travel time :1412.2956307925099, rewards:-322.9592590332031, queue:19.7880802154541, delay:0.10944409668445587, throughput:9270
step:3600/3600, q_loss:0.0002724660456828761, rewards:-283.43377685546875, queue:17.352479934692383, delay:0.09378667920827866, throughput:9039
episode:41/50, real avg travel time:1362.203076729084
step:3600/3600, q_loss:0.0002515818177881208, rewards:-279.5316162109375, queue:17.114540100097656, delay:0.09278418868780136, throughput:8849
episode:42/50, real avg travel time:1355.6567051257803
step:3600/3600, q_loss:0.00024661226583433475, rewards:-283.2852783203125, queue:17.341651916503906, delay:0.094658762216568, throughput:9010
episode:43/50, real avg travel time:1370.272744467562
step:3600/3600, q_loss:0.0002223001269427456, rewards:-287.9324951171875, queue:17.631250381469727, delay:0.09518186002969742, throughput:8968
episode:44/50, real avg travel time:1375.4312464535653
step:3600/3600, q_loss:0.00024576442340248043, rewards:-287.8456115722656, queue:17.62185287475586, delay:0.09342169016599655, throughput:8890
episode:45/50, real avg travel time:1372.5136498329234
Test step:45/50, travel time :1426.7870247777569, rewards:-329.7413330078125, queue:20.203004837036133, delay:0.10820106416940689, throughput:9015
step:3600/3600, q_loss:0.00018022816381553752, rewards:-279.7239074707031, queue:17.123441696166992, delay:0.09417117387056351, throughput:9155
episode:46/50, real avg travel time:1346.9681608977996
step:3600/3600, q_loss:0.000330296376449513, rewards:-302.00799560546875, queue:18.497648239135742, delay:0.09422719478607178, throughput:8919
episode:47/50, real avg travel time:1398.5975033100058
step:3600/3600, q_loss:0.00026530736754971766, rewards:-291.2008361816406, queue:17.834680557250977, delay:0.09374555200338364, throughput:8883
episode:48/50, real avg travel time:1376.8087762436164
step:3600/3600, q_loss:0.0002632515346502057, rewards:-296.4513854980469, queue:18.152976989746094, delay:0.09437669068574905, throughput:9048
episode:49/50, real avg travel time:1381.3423491583128
Hyperparameters saved to: data/output_data/tsc/cityflow_hyperlight_mappo/cityflow7x28/ft_learned_4x4to7x28_seed1/hyperparameters.json
Loaded best checkpoint for final evaluation
Final Travel Time is 1388.6894, mean rewards: -308.8502, queue: 18.9212, delay: 0.1117, throughput: 9462
Total time taken: 34036.195306777954
