structural conditioning spec: structural_v1:in_lane_count,out_lane_count,in_degree,out_degree,node_degree,neighbor_count,phase_count,startlane_count,lanes_per_in_road,lanes_per_out_road,out_in_lane_ratio,controlled_neighbor_ratio
structural features (min/mean/max): in_lane_count[12/12.00/12] out_lane_count[12/12.00/12] in_degree[4/4.00/4] out_degree[4/4.00/4] node_degree[8/8.00/8] neighbor_count[2/3.64/4] phase_count[8/8.00/8] startlane_count[12/12.00/12] lanes_per_in_road[3/3.00/3] lanes_per_out_road[3/3.00/3] out_in_lane_ratio[1/1.00/1] controlled_neighbor_ratio[0.5/0.91/1]
transfer from best_0.pt (16 -> 196 intersections) | actor_hypernet=4/4 | topology_encoder=4/4 | value_hypernet=4/4 | differs=node_count,phase_lengths
  not transferred: agent_embeddings (per-intersection index table has no meaning in a different network)
  not transferred: optimizer (Adam moments belong to the source task)
step:3600/3600, q_loss:0.004165202990910153, rewards:-311.9880065917969, queue:19.11155128479004, delay:0.09996739029884338, throughput:9137
episode:0/50, real avg travel time:1409.747178614211
Test step:0/50, travel time :1383.7406216505894, rewards:-302.77923583984375, queue:18.546911239624023, delay:0.0955154299736023, throughput:9149
New best TEST travel time 1383.7406 at episode 0, saved as best checkpoint
step:3600/3600, q_loss:0.00367638153070009, rewards:-304.8805236816406, queue:18.677352905273438, delay:0.09613256901502609, throughput:9213
episode:1/50, real avg travel time:1397.2750772334657
step:3600/3600, q_loss:0.003235309595891769, rewards:-284.7366638183594, queue:17.437685012817383, delay:0.09159351885318756, throughput:9523
episode:2/50, real avg travel time:1339.7051888279427
step:3600/3600, q_loss:0.00321167481655002, rewards:-296.5970153808594, queue:18.166566848754883, delay:0.09494233876466751, throughput:9324
episode:3/50, real avg travel time:1371.285480108442
step:3600/3600, q_loss:0.002878643163008454, rewards:-287.84814453125, queue:17.62626075744629, delay:0.09768696874380112, throughput:9416
episode:4/50, real avg travel time:1361.8089023390708
step:3600/3600, q_loss:0.003105580179850042, rewards:-301.4403076171875, queue:18.464441299438477, delay:0.09917046874761581, throughput:9236
episode:5/50, real avg travel time:1399.1585650337306
Test step:5/50, travel time :1399.855809848055, rewards:-298.33831787109375, queue:18.27521324157715, delay:0.0973377600312233, throughput:9132
step:3600/3600, q_loss:0.002881028807296613, rewards:-300.14593505859375, queue:18.383745193481445, delay:0.09823192656040192, throughput:9179
episode:6/50, real avg travel time:1394.8350040981022
step:3600/3600, q_loss:0.0026950416597825142, rewards:-297.9846496582031, queue:18.251304626464844, delay:0.09912719577550888, throughput:9202
episode:7/50, real avg travel time:1383.732110207427
step:3600/3600, q_loss:0.0023286072859241636, rewards:-288.7117919921875, queue:17.68037223815918, delay:0.09569940716028214, throughput:9291
episode:8/50, real avg travel time:1381.4517369648825
step:3600/3600, q_loss:0.0022736046497744545, rewards:-289.7166442871094, queue:17.741823196411133, delay:0.09672471135854721, throughput:9475
episode:9/50, real avg travel time:1367.4588613580481
step:3600/3600, q_loss:0.002225368924691905, rewards:-291.9378356933594, queue:17.880172729492188, delay:0.0977657362818718, throughput:9288
episode:10/50, real avg travel time:1372.6923270916084
Test step:10/50, travel time :1384.7210768551793, rewards:-298.34429931640625, queue:18.278600692749023, delay:0.09719109535217285, throughput:9320
step:3600/3600, q_loss:0.0022271790528773433, rewards:-295.0902099609375, queue:18.073427200317383, delay:0.09934175759553909, throughput:9398
episode:11/50, real avg travel time:1375.3096904356598
step:3600/3600, q_loss:0.002042836550174764, rewards:-289.43267822265625, queue:17.72504234313965, delay:0.09683464467525482, throughput:9459
episode:12/50, real avg travel time:1365.395939726373
step:3600/3600, q_loss:0.00185906730339299, rewards:-280.764892578125, queue:17.194429397583008, delay:0.09604901820421219, throughput:9548
episode:13/50, real avg travel time:1350.8078305277095
step:3600/3600, q_loss:0.0017395227977914022, rewards:-279.3152770996094, queue:17.100553512573242, delay:0.09713438153266907, throughput:9456
episode:14/50, real avg travel time:1347.602547128176
step:3600/3600, q_loss:0.0016708992321021212, rewards:-283.7767028808594, queue:17.37628936767578, delay:0.09745273739099503, throughput:9490
episode:15/50, real avg travel time:1354.5574680032785
Test step:15/50, travel time :1324.1537103587416, rewards:-272.9223327636719, queue:16.714540481567383, delay:0.09828220307826996, throughput:9626
New best TEST travel time 1324.1537 at episode 15, saved as best checkpoint
step:3600/3600, q_loss:0.0015692721072147475, rewards:-277.3700866699219, queue:16.978302001953125, delay:0.09672526270151138, throughput:9464
episode:16/50, real avg travel time:1348.007817918164
step:3600/3600, q_loss:0.0015711518803634393, rewards:-275.8836364746094, queue:16.892942428588867, delay:0.09602919220924377, throughput:9508
episode:17/50, real avg travel time:1339.8783178866402
step:3600/3600, q_loss:0.0014778520653231275, rewards:-277.06878662109375, queue:16.96291160583496, delay:0.09587354958057404, throughput:9458
episode:18/50, real avg travel time:1341.9667738478029
step:3600/3600, q_loss:0.0014115716227226787, rewards:-274.00616455078125, queue:16.775297164916992, delay:0.0959041640162468, throughput:9428
episode:19/50, real avg travel time:1335.395939726373
step:3600/3600, q_loss:0.0014063206334586865, rewards:-275.4292297363281, queue:16.863039016723633, delay:0.09555136412382126, throughput:9483
episode:20/50, real avg travel time:1339.1400290019544
Test step:20/50, travel time :1349.2746358993759, rewards:-286.4918212890625, queue:17.5501708984375, delay:0.10059835016727448, throughput:9444
step:3600/3600, q_loss:0.001453970044989277, rewards:-284.7784118652344, queue:17.43671989440918, delay:0.0970698818564415, throughput:9412
episode:21/50, real avg travel time:1345.4615724103146
step:3600/3600, q_loss:0.0015095847566830522, rewards:-284.88067626953125, queue:17.444486618041992, delay:0.09773720800876617, throughput:9510
episode:22/50, real avg travel time:1349.8025345186306
step:3600/3600, q_loss:0.0014658843540804988, rewards:-283.8382568359375, queue:17.380470275878906, delay:0.09728197008371353, throughput:9436
episode:23/50, real avg travel time:1343.6608662757708
step:3600/3600, q_loss:0.0013713633049463416, rewards:-275.5586242675781, queue:16.870662689208984, delay:0.09538377821445465, throughput:9537
episode:24/50, real avg travel time:1325.7334972574238
step:3600/3600, q_loss:0.001411929379366798, rewards:-276.62127685546875, queue:16.93513298034668, delay:0.09451265633106232, throughput:9528
episode:25/50, real avg travel time:1336.4645356534897
Test step:25/50, travel time :1339.0839165248092, rewards:-291.2748718261719, queue:17.8416805267334, delay:0.10337616503238678, throughput:9584
step:3600/3600, q_loss:0.001478288508951664, rewards:-284.3796081542969, queue:17.414058685302734, delay:0.09596162289381027, throughput:9469
episode:26/50, real avg travel time:1344.5302944328857
step:3600/3600, q_loss:0.0014840626387776414, rewards:-278.7933654785156, queue:17.068721771240234, delay:0.09586743265390396, throughput:9465
episode:27/50, real avg travel time:1335.9469768614842
step:3600/3600, q_loss:0.0015166693062372044, rewards:-284.4579772949219, queue:17.41652488708496, delay:0.09610281884670258, throughput:9429
episode:28/50, real avg travel time:1343.8687976798437
step:3600/3600, q_loss:0.0015084409839071242, rewards:-282.62432861328125, queue:17.304534912109375, delay:0.09665004163980484, throughput:9433
episode:29/50, real avg travel time:1342.9938843704685
step:3600/3600, q_loss:0.0015932177981062804, rewards:-288.2615966796875, queue:17.649858474731445, delay:0.09631194174289703, throughput:9146
episode:30/50, real avg travel time:1354.0928693020617
Test step:30/50, travel time :1344.7949057436479, rewards:-284.1564025878906, queue:17.404605865478516, delay:0.10383290797472, throughput:9442
step:3600/3600, q_loss:0.0015284452029722339, rewards:-279.4710998535156, queue:17.10857391357422, delay:0.09524945169687271, throughput:9386
episode:31/50, real avg travel time:1332.3617048105416
step:3600/3600, q_loss:0.0015414634489534815, rewards:-282.75927734375, queue:17.312074661254883, delay:0.0945081040263176, throughput:9277
episode:32/50, real avg travel time:1337.989281886388
step:3600/3600, q_loss:0.0015979838684017273, rewards:-281.70849609375, queue:17.248441696166992, delay:0.0949413925409317, throughput:9184
episode:33/50, real avg travel time:1341.209948931341
step:3600/3600, q_loss:0.0015522370091926906, rewards:-276.5936279296875, queue:16.933290481567383, delay:0.09311702847480774, throughput:9101
episode:34/50, real avg travel time:1333.6538049303322
step:3600/3600, q_loss:0.0016560918444560634, rewards:-286.2668151855469, queue:17.530059814453125, delay:0.09430424124002457, throughput:9168
episode:35/50, real avg travel time:1341.5627009646303
Test step:35/50, travel time :1356.2088140722526, rewards:-297.4130554199219, queue:18.219287872314453, delay:0.10418611019849777, throughput:9209
step:3600/3600, q_loss:0.0017090184372608307, rewards:-276.5635681152344, queue:16.933361053466797, delay:0.09435917437076569, throughput:9233
episode:36/50, real avg travel time:1327.587352625938
step:3600/3600, q_loss:0.001636193593228121, rewards:-280.98175048828125, queue:17.20107650756836, delay:0.09514506161212921, throughput:9219
episode:37/50, real avg travel time:1335.6837526007187
step:3600/3600, q_loss:0.0016664778595261369, rewards:-282.4316101074219, queue:17.29182243347168, delay:0.09537587314844131, throughput:9190
episode:38/50, real avg travel time:1340.0606519134985
step:3600/3600, q_loss:0.001767478735519596, rewards:-283.0424499511719, queue:17.331207275390625, delay:0.09595831483602524, throughput:9079
episode:39/50, real avg travel time:1340.7650211209886
step:3600/3600, q_loss:0.0017056605140506119, rewards:-283.58221435546875, queue:17.362741470336914, delay:0.09510254114866257, throughput:9136
episode:40/50, real avg travel time:1340.445116953534
Test step:40/50, travel time :1329.2356093562828, rewards:-285.5897521972656, queue:17.488691329956055, delay:0.10281822085380554, throughput:9315
step:3600/3600, q_loss:0.0017463080228570802, rewards:-282.48419189453125, queue:17.2974910736084, delay:0.0955413430929184, throughput:9153
episode:41/50, real avg travel time:1332.4351554126474
step:3600/3600, q_loss:0.0016723747192709535, rewards:-284.99530029296875, queue:17.451969146728516, delay:0.0960613563656807, throughput:9082
episode:42/50, real avg travel time:1340.3681987264358
step:3600/3600, q_loss:0.0016894148875395824, rewards:-280.46331787109375, queue:17.173044204711914, delay:0.09430161118507385, throughput:9149
episode:43/50, real avg travel time:1333.0543471407855
step:3600/3600, q_loss:0.0017822835128754378, rewards:-276.5642395019531, queue:16.933517456054688, delay:0.09485841542482376, throughput:9115
episode:44/50, real avg travel time:1325.0990479793204
step:3600/3600, q_loss:0.00230301840023862, rewards:-280.3175354003906, queue:17.165616989135742, delay:0.09253814816474915, throughput:9010
episode:45/50, real avg travel time:1333.7916272618372
Test step:45/50, travel time :1334.0138074522413, rewards:-290.34747314453125, queue:17.78456687927246, delay:0.10207457840442657, throughput:9184
step:3600/3600, q_loss:0.0019502120414449844, rewards:-283.1017761230469, queue:17.335474014282227, delay:0.0941225215792656, throughput:9260
episode:46/50, real avg travel time:1330.5599268646365
step:3600/3600, q_loss:0.002043915825125612, rewards:-283.01910400390625, queue:17.329748153686523, delay:0.09354086220264435, throughput:9090
episode:47/50, real avg travel time:1336.5385536851397
step:3600/3600, q_loss:0.0019296230541335211, rewards:-283.79010009765625, queue:17.374191284179688, delay:0.09369902312755585, throughput:9042
episode:48/50, real avg travel time:1335.3001702288632
step:3600/3600, q_loss:0.002384577900815157, rewards:-288.8526306152344, queue:17.686677932739258, delay:0.09449730068445206, throughput:9189
episode:49/50, real avg travel time:1356.9480486728453
Hyperparameters saved to: data/output_data/tsc/cityflow_hyperlight_mappo/cityflow7x28/ft_struct_4x4to7x28_seed2/hyperparameters.json
Loaded best checkpoint for final evaluation
Final Travel Time is 1324.1537, mean rewards: -272.9223, queue: 16.7145, delay: 0.0983, throughput: 9626
Total time taken: 33853.00105571747
