structural conditioning spec: structural_v1:in_lane_count,out_lane_count
structural features (min/mean/max): in_lane_count[4/7.43/14] out_lane_count[3/5.10/8]
step:3600/3600, q_loss:0.0004430484854512744, rewards:-14.232522010803223, queue:4.347883701324463, delay:0.22783055901527405, throughput:3913
episode:0/250, real avg travel time:332.68898543317147
Test step:0/250, travel time :597.7213836477987, rewards:-39.90880584716797, queue:11.676719665527344, delay:0.36350759863853455, throughput:1590
New best TEST travel time 597.7214 at episode 0, saved as best checkpoint
step:3600/3600, q_loss:0.0003204495917695264, rewards:-12.304193496704102, queue:3.8899471759796143, delay:0.21864761412143707, throughput:3835
episode:1/250, real avg travel time:310.09491525423726
step:3600/3600, q_loss:0.00024793385269327296, rewards:-11.41800308227539, queue:3.6698412895202637, delay:0.20879316329956055, throughput:3892
episode:2/250, real avg travel time:309.6575025693731
step:3600/3600, q_loss:0.0001261967551221864, rewards:-9.624956130981445, queue:3.0797619819641113, delay:0.19819070398807526, throughput:3952
episode:3/250, real avg travel time:287.32995951417
step:3600/3600, q_loss:0.00014925515570212154, rewards:-9.424020767211914, queue:2.970370292663574, delay:0.1981392502784729, throughput:3924
episode:4/250, real avg travel time:287.7392966360856
step:3600/3600, q_loss:0.00010750349675719109, rewards:-8.758865356445312, queue:2.8937830924987793, delay:0.18698036670684814, throughput:3921
episode:5/250, real avg travel time:296.26396327467484
Test step:5/250, travel time :511.63335114911814, rewards:-36.94276428222656, queue:10.470237731933594, delay:0.34360411763191223, throughput:1871
New best TEST travel time 511.6334 at episode 5, saved as best checkpoint
step:3600/3600, q_loss:9.407417997459157e-05, rewards:-8.33244514465332, queue:2.8177249431610107, delay:0.18187551200389862, throughput:3951
episode:6/250, real avg travel time:277.6162996709694
step:3600/3600, q_loss:5.8481861035236056e-05, rewards:-7.386616230010986, queue:2.4285714626312256, delay:0.17789152264595032, throughput:3955
episode:7/250, real avg travel time:257.1117572692794
step:3600/3600, q_loss:1.9626850553322582e-05, rewards:-7.11738395690918, queue:2.4220900535583496, delay:0.17731380462646484, throughput:3972
episode:8/250, real avg travel time:266.7887713997986
step:3600/3600, q_loss:2.8008535446133463e-05, rewards:-6.543219566345215, queue:2.2462964057922363, delay:0.17231865227222443, throughput:4000
episode:9/250, real avg travel time:253.24625
step:3600/3600, q_loss:3.8685409526806326e-05, rewards:-6.765513896942139, queue:2.32962965965271, delay:0.16908769309520721, throughput:4033
episode:10/250, real avg travel time:251.54847508058518
Test step:10/250, travel time :251.95962490231832, rewards:-8.014278411865234, queue:2.8736772537231445, delay:0.1718371957540512, throughput:3839
New best TEST travel time 251.9596 at episode 10, saved as best checkpoint
step:3600/3600, q_loss:4.5291969015832165e-05, rewards:-6.71705436706543, queue:2.29193115234375, delay:0.16796155273914337, throughput:4011
episode:11/250, real avg travel time:251.06133133881826
step:3600/3600, q_loss:2.8241601830814035e-05, rewards:-6.213472366333008, queue:2.1275131702423096, delay:0.1616424173116684, throughput:3973
episode:12/250, real avg travel time:262.11930531084823
step:3600/3600, q_loss:6.817841834466284e-05, rewards:-6.294353008270264, queue:2.1338624954223633, delay:0.1616075187921524, throughput:3952
episode:13/250, real avg travel time:253.85905870445345
step:3600/3600, q_loss:2.921867263568048e-05, rewards:-5.448557376861572, queue:1.9517195224761963, delay:0.15519802272319794, throughput:4042
episode:14/250, real avg travel time:245.7666996536368
step:3600/3600, q_loss:3.175294405082241e-05, rewards:-5.467198848724365, queue:1.9603174924850464, delay:0.15711762011051178, throughput:4011
episode:15/250, real avg travel time:244.62602842183995
Test step:15/250, travel time :247.66045066045066, rewards:-8.042701721191406, queue:2.850661277770996, delay:0.16242794692516327, throughput:3861
New best TEST travel time 247.6605 at episode 15, saved as best checkpoint
step:3600/3600, q_loss:3.3328852522471505e-05, rewards:-5.4140143394470215, queue:1.9288359880447388, delay:0.15609785914421082, throughput:4024
episode:16/250, real avg travel time:245.31833996023857
step:3600/3600, q_loss:5.915119084723604e-05, rewards:-6.295929431915283, queue:2.169179916381836, delay:0.16543766856193542, throughput:4033
episode:17/250, real avg travel time:256.7773369699975
step:3600/3600, q_loss:6.432092987880524e-05, rewards:-5.791506767272949, queue:2.0291004180908203, delay:0.15934640169143677, throughput:4016
episode:18/250, real avg travel time:250.7308266932271
step:3600/3600, q_loss:4.468620059520213e-05, rewards:-5.01105260848999, queue:1.806746006011963, delay:0.1506388634443283, throughput:4017
episode:19/250, real avg travel time:244.9713716704008
step:3600/3600, q_loss:3.267613347917278e-05, rewards:-5.09597110748291, queue:1.8806878328323364, delay:0.15699219703674316, throughput:4047
episode:20/250, real avg travel time:254.50778354336546
Test step:20/250, travel time :251.53553581343698, rewards:-8.460369110107422, queue:3.084920644760132, delay:0.16919609904289246, throughput:3602
step:3600/3600, q_loss:4.674919077337513e-05, rewards:-5.08438777923584, queue:1.8665343523025513, delay:0.15122149884700775, throughput:3989
episode:21/250, real avg travel time:242.77086989220356
step:3600/3600, q_loss:2.879684082775687e-05, rewards:-4.59792423248291, queue:1.7272486686706543, delay:0.14926490187644958, throughput:4051
episode:22/250, real avg travel time:241.8254751913108
step:3600/3600, q_loss:2.690595679774156e-05, rewards:-4.799124240875244, queue:1.7833333015441895, delay:0.156432643532753, throughput:4031
episode:23/250, real avg travel time:232.2914909451749
step:3600/3600, q_loss:2.7443297747393243e-05, rewards:-4.595479965209961, queue:1.6957671642303467, delay:0.1522691249847412, throughput:4049
episode:24/250, real avg travel time:226.71400345764386
step:3600/3600, q_loss:2.7138719855833593e-05, rewards:-4.799582481384277, queue:1.7411376237869263, delay:0.15177510678768158, throughput:4032
episode:25/250, real avg travel time:225.75744047619048
Test step:25/250, travel time :228.98732289336317, rewards:-5.48065710067749, queue:2.0703704357147217, delay:0.1454983353614807, throughput:4023
New best TEST travel time 228.9873 at episode 25, saved as best checkpoint
step:3600/3600, q_loss:1.9415399906898123e-05, rewards:-4.665989398956299, queue:1.7178571224212646, delay:0.15672793984413147, throughput:4042
episode:26/250, real avg travel time:221.51360712518556
step:3600/3600, q_loss:3.728171262385634e-05, rewards:-4.903318405151367, queue:1.7608466148376465, delay:0.15426889061927795, throughput:4044
episode:27/250, real avg travel time:224.99530168150346
step:3600/3600, q_loss:6.95051391731896e-05, rewards:-5.271748065948486, queue:1.8215608596801758, delay:0.15697917342185974, throughput:4043
episode:28/250, real avg travel time:236.02349740291862
step:3600/3600, q_loss:3.240453273368378e-05, rewards:-4.46959924697876, queue:1.624074101448059, delay:0.14859111607074738, throughput:4045
episode:29/250, real avg travel time:225.39975278121136
step:3600/3600, q_loss:3.251546319612923e-05, rewards:-4.693514347076416, queue:1.685978889465332, delay:0.15168160200119019, throughput:4052
episode:30/250, real avg travel time:227.34279368213228
Test step:30/250, travel time :232.28523052878353, rewards:-7.639590740203857, queue:2.7601852416992188, delay:0.15546508133411407, throughput:3839
step:3600/3600, q_loss:1.725206934174316e-05, rewards:-4.167160511016846, queue:1.5428571701049805, delay:0.14981888234615326, throughput:4046
episode:31/250, real avg travel time:221.48690064260998
step:3600/3600, q_loss:1.0732021150437907e-05, rewards:-3.912914752960205, queue:1.4500000476837158, delay:0.14599674940109253, throughput:4058
episode:32/250, real avg travel time:214.54608181370133
step:3600/3600, q_loss:9.24902407051478e-06, rewards:-3.9981865882873535, queue:1.5003968477249146, delay:0.14675460755825043, throughput:4044
episode:33/250, real avg travel time:214.2457962413452
step:3600/3600, q_loss:1.9069879716779623e-05, rewards:-4.204855442047119, queue:1.5802910327911377, delay:0.14935511350631714, throughput:4051
episode:34/250, real avg travel time:216.79042211799555
step:3600/3600, q_loss:1.4378938552302618e-05, rewards:-4.064967155456543, queue:1.5038360357284546, delay:0.1475597470998764, throughput:4048
episode:35/250, real avg travel time:215.5373023715415
Test step:35/250, travel time :206.4232098765432, rewards:-4.7327728271484375, queue:1.7070106267929077, delay:0.16011221706867218, throughput:4050
New best TEST travel time 206.4232 at episode 35, saved as best checkpoint
step:3600/3600, q_loss:0.00020786549430340528, rewards:-6.12615966796875, queue:2.016005277633667, delay:0.1579417884349823, throughput:4052
episode:36/250, real avg travel time:240.3785784797631
step:3600/3600, q_loss:2.1790412817305574e-05, rewards:-4.042849063873291, queue:1.49484121799469, delay:0.1489366739988327, throughput:4068
episode:37/250, real avg travel time:216.20501474926255
step:3600/3600, q_loss:1.3104481008162515e-05, rewards:-3.918431282043457, queue:1.4633598327636719, delay:0.14648844301700592, throughput:4058
episode:38/250, real avg travel time:213.7067520946279
step:3600/3600, q_loss:1.961633153971181e-05, rewards:-4.118858337402344, queue:1.516534447669983, delay:0.1461021900177002, throughput:4051
episode:39/250, real avg travel time:217.012589484078
step:3600/3600, q_loss:1.2727079107814158e-05, rewards:-3.6824166774749756, queue:1.3896825313568115, delay:0.14459601044654846, throughput:4067
episode:40/250, real avg travel time:216.1637570690927
Test step:40/250, travel time :219.52923538230885, rewards:-6.285503387451172, queue:2.0343916416168213, delay:0.1624956727027893, throughput:4002
step:3600/3600, q_loss:8.935013061596287e-06, rewards:-3.6360723972320557, queue:1.3851852416992188, delay:0.14343009889125824, throughput:4056
episode:41/250, real avg travel time:213.78870808678502
step:3600/3600, q_loss:1.1563434155606147e-05, rewards:-3.7147610187530518, queue:1.4117724895477295, delay:0.14538301527500153, throughput:4059
episode:42/250, real avg travel time:213.38482384823848
step:3600/3600, q_loss:1.417847581453518e-05, rewards:-3.8657138347625732, queue:1.4923280477523804, delay:0.142247274518013, throughput:4038
episode:43/250, real avg travel time:212.3680039623576
step:3600/3600, q_loss:9.240083050422577e-06, rewards:-3.621784210205078, queue:1.3735449314117432, delay:0.14191684126853943, throughput:4053
episode:44/250, real avg travel time:213.1292869479398
step:3600/3600, q_loss:1.4382039969657652e-05, rewards:-3.594691753387451, queue:1.3780423402786255, delay:0.14351455867290497, throughput:4056
episode:45/250, real avg travel time:211.70636094674558
Test step:45/250, travel time :215.39060568603213, rewards:-4.2941131591796875, queue:1.6435185670852661, delay:0.14903855323791504, throughput:4045
step:3600/3600, q_loss:6.84140242002387e-06, rewards:-3.5413269996643066, queue:1.3533068895339966, delay:0.1407357156276703, throughput:4039
episode:46/250, real avg travel time:218.63010646199555
step:3600/3600, q_loss:1.8467721788005698e-05, rewards:-4.03811502456665, queue:1.4548941850662231, delay:0.14763811230659485, throughput:4062
episode:47/250, real avg travel time:210.87075332348596
step:3600/3600, q_loss:1.116366248526093e-05, rewards:-3.4183123111724854, queue:1.3466931581497192, delay:0.13935056328773499, throughput:4062
episode:48/250, real avg travel time:212.0642540620384
step:3600/3600, q_loss:8.647442882647738e-06, rewards:-3.5382370948791504, queue:1.3687831163406372, delay:0.1398012787103653, throughput:4062
episode:49/250, real avg travel time:211.9640571147218
step:3600/3600, q_loss:1.0255549326150988e-05, rewards:-3.3875691890716553, queue:1.3305555582046509, delay:0.13678091764450073, throughput:4057
episode:50/250, real avg travel time:210.23391668720728
Test step:50/250, travel time :213.7374907567168, rewards:-4.041807174682617, queue:1.5198413133621216, delay:0.1489245742559433, throughput:4057
step:3600/3600, q_loss:7.0157285841156005e-06, rewards:-3.565067768096924, queue:1.3697090148925781, delay:0.1388835459947586, throughput:4063
episode:51/250, real avg travel time:209.7826729017967
step:3600/3600, q_loss:1.2451389152880034e-05, rewards:-3.6842570304870605, queue:1.3940476179122925, delay:0.14489981532096863, throughput:4065
episode:52/250, real avg travel time:216.17269372693727
step:3600/3600, q_loss:5.4086419792535406e-05, rewards:-4.04775333404541, queue:1.4145503044128418, delay:0.14334920048713684, throughput:4055
episode:53/250, real avg travel time:219.14327990135635
step:3600/3600, q_loss:1.0246299724611971e-05, rewards:-3.4091684818267822, queue:1.3432539701461792, delay:0.14258158206939697, throughput:4055
episode:54/250, real avg travel time:210.36769420468556
step:3600/3600, q_loss:1.022416533184393e-05, rewards:-3.5091819763183594, queue:1.3543651103973389, delay:0.14104239642620087, throughput:4049
episode:55/250, real avg travel time:215.48728081007656
Test step:55/250, travel time :206.74119674956907, rewards:-4.114786624908447, queue:1.4728835821151733, delay:0.15165512263774872, throughput:4061
step:3600/3600, q_loss:1.5246833936544135e-05, rewards:-3.832566261291504, queue:1.3941799402236938, delay:0.1429261714220047, throughput:4068
episode:56/250, real avg travel time:217.28810226155358
step:3600/3600, q_loss:9.224749737768434e-06, rewards:-3.6089391708374023, queue:1.362830638885498, delay:0.1451113373041153, throughput:4051
episode:57/250, real avg travel time:211.8114045914589
step:3600/3600, q_loss:2.559237347870496e-05, rewards:-3.4257683753967285, queue:1.3141534328460693, delay:0.1396329700946808, throughput:4066
episode:58/250, real avg travel time:212.16355140186917
step:3600/3600, q_loss:8.349317835786172e-06, rewards:-3.446235179901123, queue:1.3578041791915894, delay:0.14310690760612488, throughput:4056
episode:59/250, real avg travel time:213.004191321499
step:3600/3600, q_loss:7.779680203788707e-06, rewards:-3.207961082458496, queue:1.2510582208633423, delay:0.13621169328689575, throughput:4060
episode:60/250, real avg travel time:206.05147783251232
Test step:60/250, travel time :207.01181102362204, rewards:-3.974604606628418, queue:1.4420634508132935, delay:0.15326043963432312, throughput:4064
step:3600/3600, q_loss:8.64050990559109e-06, rewards:-3.3940815925598145, queue:1.3305555582046509, delay:0.14127309620380402, throughput:4067
episode:61/250, real avg travel time:212.82222768625522
step:3600/3600, q_loss:3.887541222664165e-05, rewards:-3.8917346000671387, queue:1.4231481552124023, delay:0.14532755315303802, throughput:4062
episode:62/250, real avg travel time:217.98744460856722
step:3600/3600, q_loss:1.5837791417854734e-05, rewards:-3.330655574798584, queue:1.3123016357421875, delay:0.13950975239276886, throughput:4041
episode:63/250, real avg travel time:211.55407077456076
step:3600/3600, q_loss:1.0894262110620427e-05, rewards:-3.2790873050689697, queue:1.2853174209594727, delay:0.14189334213733673, throughput:4056
episode:64/250, real avg travel time:207.38510848126234
step:3600/3600, q_loss:0.00011199848971349032, rewards:-4.6083197593688965, queue:1.5816137790679932, delay:0.15015049278736115, throughput:4056
episode:65/250, real avg travel time:227.86858974358975
Test step:65/250, travel time :200.99705376872083, rewards:-3.3139376640319824, queue:1.2342592477798462, delay:0.14163224399089813, throughput:4073
New best TEST travel time 200.9971 at episode 65, saved as best checkpoint
step:3600/3600, q_loss:7.890015533323296e-06, rewards:-3.17870831489563, queue:1.2726190090179443, delay:0.13818047940731049, throughput:4063
episode:66/250, real avg travel time:211.6409057346788
step:3600/3600, q_loss:2.985141064628907e-05, rewards:-3.6411495208740234, queue:1.380555510520935, delay:0.14523887634277344, throughput:4062
episode:67/250, real avg travel time:214.0216642048252
step:3600/3600, q_loss:1.5840194504966753e-05, rewards:-3.4304111003875732, queue:1.3170634508132935, delay:0.1411767601966858, throughput:4068
episode:68/250, real avg travel time:208.0956243854474
step:3600/3600, q_loss:9.901739273724767e-06, rewards:-3.1100730895996094, queue:1.2468253374099731, delay:0.13939817249774933, throughput:4068
episode:69/250, real avg travel time:206.10914454277287
step:3600/3600, q_loss:3.914912906313677e-05, rewards:-3.7898714542388916, queue:1.3937830924987793, delay:0.14201967418193817, throughput:4064
episode:70/250, real avg travel time:216.50910433070865
Test step:70/250, travel time :204.2424987702902, rewards:-4.055712699890137, queue:1.4456349611282349, delay:0.15799683332443237, throughput:4066
step:3600/3600, q_loss:1.877460918977805e-05, rewards:-3.4377081394195557, queue:1.3097883462905884, delay:0.13755202293395996, throughput:4067
episode:71/250, real avg travel time:210.31104007868208
step:3600/3600, q_loss:2.728940631237088e-06, rewards:-3.082671880722046, queue:1.2297619581222534, delay:0.1370960772037506, throughput:4058
episode:72/250, real avg travel time:208.12518482010842
step:3600/3600, q_loss:1.0855578754368859e-05, rewards:-3.211965560913086, queue:1.2396825551986694, delay:0.13836906850337982, throughput:4065
episode:73/250, real avg travel time:209.89446494464946
step:3600/3600, q_loss:4.453430382353771e-06, rewards:-3.079914093017578, queue:1.2066137790679932, delay:0.13698892295360565, throughput:4058
episode:74/250, real avg travel time:203.4029078363726
step:3600/3600, q_loss:9.556148102597541e-06, rewards:-3.1287035942077637, queue:1.2141534090042114, delay:0.13360394537448883, throughput:4071
episode:75/250, real avg travel time:204.57234094817
Test step:75/250, travel time :208.24649446494465, rewards:-4.1518964767456055, queue:1.4117724895477295, delay:0.15114283561706543, throughput:4065
step:3600/3600, q_loss:7.831096364599135e-06, rewards:-3.0959432125091553, queue:1.2211639881134033, delay:0.13704799115657806, throughput:4065
episode:76/250, real avg travel time:204.99753997539975
step:3600/3600, q_loss:1.313961794140697e-05, rewards:-3.0203936100006104, queue:1.1960316896438599, delay:0.1351923644542694, throughput:4071
episode:77/250, real avg travel time:209.2478506509457
step:3600/3600, q_loss:1.3225451160299903e-06, rewards:-2.874208927154541, queue:1.1701058149337769, delay:0.13165032863616943, throughput:4067
episode:78/250, real avg travel time:205.84927464961888
step:3600/3600, q_loss:1.0174862392078567e-05, rewards:-3.479506015777588, queue:1.3248677253723145, delay:0.14000961184501648, throughput:4066
episode:79/250, real avg travel time:213.92006886374816
step:3600/3600, q_loss:5.203381766073612e-06, rewards:-3.0455901622772217, queue:1.211904764175415, delay:0.1330130696296692, throughput:4066
episode:80/250, real avg travel time:209.0592720118052
Test step:80/250, travel time :206.3942520265291, rewards:-3.5116865634918213, queue:1.2883597612380981, delay:0.1502261459827423, throughput:4071
step:3600/3600, q_loss:2.1843098875251598e-05, rewards:-3.175081491470337, queue:1.2220900058746338, delay:0.13248492777347565, throughput:4058
episode:81/250, real avg travel time:214.80482996550023
step:3600/3600, q_loss:3.5498049126342976e-06, rewards:-3.074967384338379, queue:1.210714340209961, delay:0.13307107985019684, throughput:4069
episode:82/250, real avg travel time:210.25190464487588
step:3600/3600, q_loss:1.6112187747947044e-06, rewards:-2.9666147232055664, queue:1.188095211982727, delay:0.13292545080184937, throughput:4052
episode:83/250, real avg travel time:208.93682132280355
step:3600/3600, q_loss:9.018922315186097e-06, rewards:-3.0633389949798584, queue:1.1977512836456299, delay:0.13252824544906616, throughput:4066
episode:84/250, real avg travel time:213.97319232661093
step:3600/3600, q_loss:1.5182262480569382e-05, rewards:-3.190443515777588, queue:1.2466931343078613, delay:0.1368667036294937, throughput:4061
episode:85/250, real avg travel time:213.74144299433638
Test step:85/250, travel time :216.88960396039604, rewards:-3.147796392440796, queue:1.2219576835632324, delay:0.1323942244052887, throughput:4040
step:3600/3600, q_loss:1.2520530274034374e-05, rewards:-3.2059528827667236, queue:1.2789682149887085, delay:0.13570143282413483, throughput:4034
episode:86/250, real avg travel time:216.25483391175013
step:3600/3600, q_loss:7.887251477869642e-06, rewards:-2.9924442768096924, queue:1.1896824836730957, delay:0.1338510662317276, throughput:4025
episode:87/250, real avg travel time:214.8151552795031
step:3600/3600, q_loss:1.1827113848994485e-05, rewards:-3.269430637359619, queue:1.2576719522476196, delay:0.1378215253353119, throughput:4054
episode:88/250, real avg travel time:223.1618154908732
step:3600/3600, q_loss:9.65658380462426e-06, rewards:-3.114967107772827, queue:1.2202380895614624, delay:0.13370497524738312, throughput:4067
episode:89/250, real avg travel time:212.06638800098352
step:3600/3600, q_loss:3.6624437699275506e-05, rewards:-3.728238821029663, queue:1.3888888359069824, delay:0.140238955616951, throughput:4063
episode:90/250, real avg travel time:231.00639921240463
Test step:90/250, travel time :301.4353982300885, rewards:-5.176806449890137, queue:1.730555534362793, delay:0.14702053368091583, throughput:3955
step:3600/3600, q_loss:8.31085300079495e-06, rewards:-3.1393651962280273, queue:1.2309523820877075, delay:0.13538062572479248, throughput:4069
episode:91/250, real avg travel time:222.82993364463013
step:3600/3600, q_loss:1.7069932154198694e-05, rewards:-3.569226026535034, queue:1.3153438568115234, delay:0.13972392678260803, throughput:4039
episode:92/250, real avg travel time:230.3701411240406
step:3600/3600, q_loss:1.3377330105868168e-05, rewards:-3.2832467555999756, queue:1.2716931104660034, delay:0.1371343731880188, throughput:4053
episode:93/250, real avg travel time:218.4394275845053
step:3600/3600, q_loss:4.059047528749539e-06, rewards:-2.8943498134613037, queue:1.170899510383606, delay:0.13038873672485352, throughput:4069
episode:94/250, real avg travel time:219.67387564512165
step:3600/3600, q_loss:8.985996957764858e-05, rewards:-4.961647033691406, queue:1.5044974088668823, delay:0.1435348242521286, throughput:4025
episode:95/250, real avg travel time:217.91478260869565
Test step:95/250, travel time :216.7927972372965, rewards:-2.913341522216797, queue:1.1592592000961304, delay:0.12982653081417084, throughput:4054
step:3600/3600, q_loss:6.549844692926854e-06, rewards:-3.04205584526062, queue:1.2173280715942383, delay:0.13394546508789062, throughput:4045
episode:96/250, real avg travel time:217.43263288009888
step:3600/3600, q_loss:1.0789049984951917e-05, rewards:-3.073946714401245, queue:1.2140212059020996, delay:0.13313667476177216, throughput:4049
episode:97/250, real avg travel time:217.70017288219313
step:3600/3600, q_loss:1.461374150595576e-05, rewards:-3.0357985496520996, queue:1.2076719999313354, delay:0.13298505544662476, throughput:4033
episode:98/250, real avg travel time:218.24770642201835
step:3600/3600, q_loss:1.1407027017816694e-05, rewards:-2.958698272705078, queue:1.1783069372177124, delay:0.1312676966190338, throughput:4040
episode:99/250, real avg travel time:216.64232673267327
step:3600/3600, q_loss:7.952662700619032e-06, rewards:-3.2554399967193604, queue:1.268650770187378, delay:0.1384604275226593, throughput:4069
episode:100/250, real avg travel time:220.1708036372573
Test step:100/250, travel time :229.0081764122894, rewards:-3.433499574661255, queue:1.3145502805709839, delay:0.1386738419532776, throughput:4036
step:3600/3600, q_loss:8.16625769301835e-06, rewards:-3.2604973316192627, queue:1.2706348896026611, delay:0.13902512192726135, throughput:4037
episode:101/250, real avg travel time:220.26306663363883
step:3600/3600, q_loss:3.8090802263468504e-06, rewards:-3.2818942070007324, queue:1.2719576358795166, delay:0.13662828505039215, throughput:4048
episode:102/250, real avg travel time:225.54693675889328
step:3600/3600, q_loss:9.783356047895115e-06, rewards:-3.0244832038879395, queue:1.1776454448699951, delay:0.13459640741348267, throughput:4039
episode:103/250, real avg travel time:217.16266402574894
step:3600/3600, q_loss:6.172424440996514e-06, rewards:-2.9508142471313477, queue:1.176455020904541, delay:0.13285960257053375, throughput:4054
episode:104/250, real avg travel time:215.4948199309324
step:3600/3600, q_loss:6.975497227459629e-06, rewards:-3.1041533946990967, queue:1.2182539701461792, delay:0.13560998439788818, throughput:4030
episode:105/250, real avg travel time:217.6940446650124
Test step:105/250, travel time :228.69770916334662, rewards:-3.2126657962799072, queue:1.274999976158142, delay:0.1394190490245819, throughput:4016
step:3600/3600, q_loss:1.1953970331685721e-05, rewards:-2.969594955444336, queue:1.1812169551849365, delay:0.1356734037399292, throughput:4058
episode:106/250, real avg travel time:218.30162641695418
step:3600/3600, q_loss:6.60840721846196e-06, rewards:-3.0064504146575928, queue:1.2030422687530518, delay:0.13486140966415405, throughput:4069
episode:107/250, real avg travel time:220.31555664782502
step:3600/3600, q_loss:2.3642992891836913e-05, rewards:-2.87872314453125, queue:1.1588624715805054, delay:0.1312277615070343, throughput:4043
episode:108/250, real avg travel time:215.08013851100668
step:3600/3600, q_loss:2.1777921453273545e-05, rewards:-3.3295114040374756, queue:1.3044973611831665, delay:0.1389722228050232, throughput:4045
episode:109/250, real avg travel time:231.99134734239803
step:3600/3600, q_loss:-1.3547065059861375e-06, rewards:-2.966815233230591, queue:1.186904788017273, delay:0.13170428574085236, throughput:4029
episode:110/250, real avg travel time:222.9607843137255
Test step:110/250, travel time :255.4173366834171, rewards:-3.643519878387451, queue:1.395370364189148, delay:0.1424112617969513, throughput:3980
step:3600/3600, q_loss:6.1885067326430644e-06, rewards:-3.29426908493042, queue:1.3099206686019897, delay:0.14037327468395233, throughput:4043
episode:111/250, real avg travel time:239.69156566905764
step:3600/3600, q_loss:1.4075135226852985e-05, rewards:-3.3877625465393066, queue:1.3242063522338867, delay:0.1387231945991516, throughput:4033
episode:112/250, real avg travel time:237.99280932308454
step:3600/3600, q_loss:2.6849565741334422e-05, rewards:-3.7764852046966553, queue:1.456745982170105, delay:0.14352397620677948, throughput:4034
episode:113/250, real avg travel time:242.1705503222608
step:3600/3600, q_loss:7.445121688457826e-06, rewards:-3.390899419784546, queue:1.3355820178985596, delay:0.14155861735343933, throughput:4006
episode:114/250, real avg travel time:235.50773839241137
step:3600/3600, q_loss:1.3012654380872846e-05, rewards:-3.1756343841552734, queue:1.2563492059707642, delay:0.13593420386314392, throughput:3982
episode:115/250, real avg travel time:240.2722250125565
Test step:115/250, travel time :259.09268169156746, rewards:-4.775264263153076, queue:1.7082010507583618, delay:0.14738920331001282, throughput:3949
step:3600/3600, q_loss:3.9442156169873975e-06, rewards:-3.008929491043091, queue:1.2093915939331055, delay:0.13197898864746094, throughput:4033
episode:116/250, real avg travel time:241.04537565088023
step:3600/3600, q_loss:4.787512322460922e-06, rewards:-3.285435676574707, queue:1.296296238899231, delay:0.13801579177379608, throughput:4026
episode:117/250, real avg travel time:241.84277198211623
step:3600/3600, q_loss:1.4187179557565186e-07, rewards:-3.1085472106933594, queue:1.2529100179672241, delay:0.13719841837882996, throughput:4039
episode:118/250, real avg travel time:233.28967566229264
step:3600/3600, q_loss:8.890716772940424e-05, rewards:-4.026002883911133, queue:1.4936507940292358, delay:0.14179633557796478, throughput:4008
episode:119/250, real avg travel time:252.811626746507
step:3600/3600, q_loss:5.577350667509664e-06, rewards:-3.3436710834503174, queue:1.318386197090149, delay:0.1411043107509613, throughput:3977
episode:120/250, real avg travel time:252.713351772693
Test step:120/250, travel time :252.76687578419072, rewards:-3.2462100982666016, queue:1.2826719284057617, delay:0.13559842109680176, throughput:3985
step:3600/3600, q_loss:1.3087615863898665e-05, rewards:-2.951544761657715, queue:1.1986773014068604, delay:0.13177908957004547, throughput:4040
episode:121/250, real avg travel time:223.9210396039604
step:3600/3600, q_loss:2.7792556567065833e-06, rewards:-2.9113423824310303, queue:1.164814829826355, delay:0.13147558271884918, throughput:4055
episode:122/250, real avg travel time:229.40049321824907
step:3600/3600, q_loss:1.5258330677170306e-05, rewards:-2.952688694000244, queue:1.1943122148513794, delay:0.13255630433559418, throughput:4065
episode:123/250, real avg travel time:227.56334563345632
step:3600/3600, q_loss:9.509623972310995e-06, rewards:-3.3209798336029053, queue:1.2957671880722046, delay:0.1399226039648056, throughput:4030
episode:124/250, real avg travel time:260.0059553349876
step:3600/3600, q_loss:2.6211755418141063e-05, rewards:-3.2246320247650146, queue:1.2753968238830566, delay:0.13415758311748505, throughput:3998
episode:125/250, real avg travel time:241.98324162081042
Test step:125/250, travel time :231.36969397828233, rewards:-2.6946468353271484, queue:1.1251323223114014, delay:0.12549473345279694, throughput:4052
step:3600/3600, q_loss:4.706477233816662e-06, rewards:-2.9664642810821533, queue:1.1874338388442993, delay:0.1324043720960617, throughput:4031
episode:126/250, real avg travel time:217.7119821384272
step:3600/3600, q_loss:6.171409081111455e-06, rewards:-2.85258150100708, queue:1.1667989492416382, delay:0.1316034495830536, throughput:4070
episode:127/250, real avg travel time:215.56289926289926
step:3600/3600, q_loss:1.238231290901442e-05, rewards:-2.798456907272339, queue:1.169179916381836, delay:0.13099242746829987, throughput:4051
episode:128/250, real avg travel time:224.31572451246606
step:3600/3600, q_loss:7.541876127814046e-05, rewards:-3.4046874046325684, queue:1.2199735641479492, delay:0.13238859176635742, throughput:3996
episode:129/250, real avg travel time:219.09259259259258
step:3600/3600, q_loss:7.257804746687827e-06, rewards:-2.596888542175293, queue:1.1031745672225952, delay:0.12528954446315765, throughput:4040
episode:130/250, real avg travel time:215.09356435643565
Test step:130/250, travel time :215.1797780517879, rewards:-2.5104105472564697, queue:1.064021110534668, delay:0.12314346432685852, throughput:4055
step:3600/3600, q_loss:2.857743917653958e-06, rewards:-2.731022596359253, queue:1.1104497909545898, delay:0.1271512359380722, throughput:4047
episode:131/250, real avg travel time:214.4529280948851
step:3600/3600, q_loss:4.843566784984432e-06, rewards:-2.7885940074920654, queue:1.117724895477295, delay:0.12793509662151337, throughput:4068
episode:132/250, real avg travel time:216.9252704031465
step:3600/3600, q_loss:5.996624450846058e-06, rewards:-2.6031885147094727, queue:1.085185170173645, delay:0.12704378366470337, throughput:4031
episode:133/250, real avg travel time:210.66459935499876
step:3600/3600, q_loss:-1.5515147929868867e-06, rewards:-2.6624207496643066, queue:1.0970900058746338, delay:0.1274937242269516, throughput:4037
episode:134/250, real avg travel time:213.27470894228387
step:3600/3600, q_loss:7.510323080674021e-06, rewards:-2.8398380279541016, queue:1.1480158567428589, delay:0.13029557466506958, throughput:4043
episode:135/250, real avg travel time:221.0509522631709
Test step:135/250, travel time :230.85615763546798, rewards:-3.0021965503692627, queue:1.20634925365448, delay:0.1321260631084442, throughput:4060
step:3600/3600, q_loss:1.3044560142184815e-05, rewards:-3.060840606689453, queue:1.1740740537643433, delay:0.13015411794185638, throughput:4044
episode:136/250, real avg travel time:226.04302670623144
step:3600/3600, q_loss:1.1374712711484688e-05, rewards:-2.6105215549468994, queue:1.0916666984558105, delay:0.12830890715122223, throughput:4041
episode:137/250, real avg travel time:211.63944568176194
step:3600/3600, q_loss:2.477861344232224e-05, rewards:-3.073471784591675, queue:1.2302910089492798, delay:0.13268420100212097, throughput:4027
episode:138/250, real avg travel time:224.3891234169357
step:3600/3600, q_loss:5.849832571887722e-06, rewards:-2.748229503631592, queue:1.133994698524475, delay:0.13024309277534485, throughput:4042
episode:139/250, real avg travel time:218.24789708065313
step:3600/3600, q_loss:1.5943510435237032e-06, rewards:-2.6932270526885986, queue:1.1087301969528198, delay:0.13036635518074036, throughput:4069
episode:140/250, real avg travel time:218.49250430081102
Test step:140/250, travel time :228.1634067838574, rewards:-2.68666410446167, queue:1.1142857074737549, delay:0.12879161536693573, throughput:4039
step:3600/3600, q_loss:2.055282958382223e-06, rewards:-2.6422994136810303, queue:1.0970900058746338, delay:0.12519386410713196, throughput:4038
episode:141/250, real avg travel time:216.1701337295691
step:3600/3600, q_loss:6.5942393727406545e-06, rewards:-2.797579050064087, queue:1.1452380418777466, delay:0.13078203797340393, throughput:4069
episode:142/250, real avg travel time:220.66207913492258
step:3600/3600, q_loss:4.51977139164228e-06, rewards:-2.9236247539520264, queue:1.1742063760757446, delay:0.1311417520046234, throughput:4047
episode:143/250, real avg travel time:224.09859154929578
step:3600/3600, q_loss:5.641066026227135e-06, rewards:-2.760082960128784, queue:1.1207672357559204, delay:0.12596751749515533, throughput:4040
episode:144/250, real avg travel time:218.2490099009901
step:3600/3600, q_loss:1.4644152300509934e-05, rewards:-2.874554395675659, queue:1.1608465909957886, delay:0.1281929910182953, throughput:4050
episode:145/250, real avg travel time:213.5427160493827
Test step:145/250, travel time :219.29226219812716, rewards:-2.510235548019409, queue:1.035449743270874, delay:0.12181687355041504, throughput:4058
step:3600/3600, q_loss:3.426055385110279e-06, rewards:-2.8279778957366943, queue:1.1448413133621216, delay:0.12773050367832184, throughput:4045
episode:146/250, real avg travel time:218.30951792336216
step:3600/3600, q_loss:7.916999311419205e-06, rewards:-2.6705422401428223, queue:1.116798996925354, delay:0.12773029506206512, throughput:4048
episode:147/250, real avg travel time:217.4715909090909
step:3600/3600, q_loss:9.722876671326554e-06, rewards:-2.6864891052246094, queue:1.0900793075561523, delay:0.12767578661441803, throughput:4044
episode:148/250, real avg travel time:213.86152324431256
step:3600/3600, q_loss:9.692975678869213e-06, rewards:-2.669515609741211, queue:1.0902116298675537, delay:0.1267629861831665, throughput:4048
episode:149/250, real avg travel time:214.26185770750988
step:3600/3600, q_loss:5.2629778818098e-06, rewards:-2.6682584285736084, queue:1.0932539701461792, delay:0.12975122034549713, throughput:4034
episode:150/250, real avg travel time:212.0912245909767
Test step:150/250, travel time :218.57694210786738, rewards:-2.3988406658172607, queue:1.0333333015441895, delay:0.12361900508403778, throughput:4042
step:3600/3600, q_loss:1.1776451154016993e-05, rewards:-2.5501599311828613, queue:1.0653438568115234, delay:0.12546417117118835, throughput:4039
episode:151/250, real avg travel time:213.09804407031444
step:3600/3600, q_loss:8.509901433879147e-06, rewards:-2.440244674682617, queue:1.033730149269104, delay:0.1231534332036972, throughput:4050
episode:152/250, real avg travel time:212.2664197530864
step:3600/3600, q_loss:5.701108845338846e-06, rewards:-2.6019198894500732, queue:1.0792328119277954, delay:0.12842896580696106, throughput:4057
episode:153/250, real avg travel time:207.63766329800345
step:3600/3600, q_loss:1.0927214397169235e-05, rewards:-2.6857075691223145, queue:1.1003968715667725, delay:0.1292620152235031, throughput:4047
episode:154/250, real avg travel time:212.31134173461822
step:3600/3600, q_loss:1.2716340481549398e-05, rewards:-2.4845213890075684, queue:1.0517195463180542, delay:0.12487098574638367, throughput:4072
episode:155/250, real avg travel time:211.87671905697445
Test step:155/250, travel time :218.60281759762728, rewards:-2.951436758041382, queue:1.210714340209961, delay:0.13032880425453186, throughput:4046
step:3600/3600, q_loss:1.7041885116163436e-05, rewards:-2.80619215965271, queue:1.1181217432022095, delay:0.1285163313150406, throughput:4036
episode:156/250, real avg travel time:211.80525272547075
step:3600/3600, q_loss:-6.45699805722365e-07, rewards:-2.5062808990478516, queue:1.0365079641342163, delay:0.12317860126495361, throughput:4048
episode:157/250, real avg travel time:211.12648221343875
step:3600/3600, q_loss:4.115938019013912e-06, rewards:-2.5065762996673584, queue:1.0472222566604614, delay:0.1256513148546219, throughput:4044
episode:158/250, real avg travel time:210.80365974282887
step:3600/3600, q_loss:1.1621310073274395e-05, rewards:-2.488290786743164, queue:1.0193121433258057, delay:0.12401414662599564, throughput:4052
episode:159/250, real avg travel time:205.27147087857847
step:3600/3600, q_loss:6.495730283657193e-06, rewards:-2.481861114501953, queue:1.0478836297988892, delay:0.12603464722633362, throughput:4065
episode:160/250, real avg travel time:205.91463714637146
Test step:160/250, travel time :206.13079960513326, rewards:-2.4604380130767822, queue:1.0353174209594727, delay:0.12377908080816269, throughput:4052
step:3600/3600, q_loss:6.828186128081547e-06, rewards:-2.6575405597686768, queue:1.0828042030334473, delay:0.12906089425086975, throughput:4068
episode:161/250, real avg travel time:206.3507866273353
step:3600/3600, q_loss:1.100181786265845e-05, rewards:-2.688279628753662, queue:1.1048941612243652, delay:0.1292915940284729, throughput:4073
episode:162/250, real avg travel time:207.38202798919716
step:3600/3600, q_loss:4.3162898994827024e-06, rewards:-2.647594451904297, queue:1.0997354984283447, delay:0.12915392220020294, throughput:4056
episode:163/250, real avg travel time:206.2344674556213
step:3600/3600, q_loss:1.1545005610160943e-05, rewards:-2.562054395675659, queue:1.0736773014068604, delay:0.13035349547863007, throughput:4069
episode:164/250, real avg travel time:204.35881051855492
step:3600/3600, q_loss:8.754699309873912e-06, rewards:-2.432187795639038, queue:1.0111111402511597, delay:0.12350697070360184, throughput:4062
episode:165/250, real avg travel time:202.22772033481044
Test step:165/250, travel time :212.39827160493826, rewards:-2.678722381591797, queue:1.1037037372589111, delay:0.12773427367210388, throughput:4050
step:3600/3600, q_loss:1.1222747990460549e-05, rewards:-2.6302490234375, queue:1.057539701461792, delay:0.12708717584609985, throughput:4076
episode:166/250, real avg travel time:204.63101079489695
step:3600/3600, q_loss:1.5857466253995276e-05, rewards:-2.4182910919189453, queue:1.025529146194458, delay:0.1247163861989975, throughput:4052
episode:167/250, real avg travel time:210.66559723593286
step:3600/3600, q_loss:9.668379607319367e-06, rewards:-2.586080551147461, queue:1.04880952835083, delay:0.12451367825269699, throughput:4049
episode:168/250, real avg travel time:209.23857742652507
step:3600/3600, q_loss:-1.451380214550429e-06, rewards:-2.472224473953247, queue:1.050264596939087, delay:0.12547840178012848, throughput:4068
episode:169/250, real avg travel time:208.46902654867256
step:3600/3600, q_loss:1.2436489406455723e-05, rewards:-2.5124599933624268, queue:1.032010555267334, delay:0.12338073551654816, throughput:4040
episode:170/250, real avg travel time:206.95940594059405
Test step:170/250, travel time :210.27407774201535, rewards:-2.364272356033325, queue:1.0124338865280151, delay:0.12211113423109055, throughput:4039
step:3600/3600, q_loss:1.831092049542349e-05, rewards:-2.4959702491760254, queue:1.0466930866241455, delay:0.12625490128993988, throughput:4053
episode:171/250, real avg travel time:205.61658031088083
step:3600/3600, q_loss:2.3286248769080785e-05, rewards:-2.538619041442871, queue:1.0351852178573608, delay:0.12592285871505737, throughput:4059
episode:172/250, real avg travel time:210.19241192411923
step:3600/3600, q_loss:7.732990424200478e-06, rewards:-2.4666588306427, queue:1.0189152956008911, delay:0.12264761328697205, throughput:4059
episode:173/250, real avg travel time:205.72924365607292
step:3600/3600, q_loss:5.1216204762264775e-06, rewards:-2.5807559490203857, queue:1.0544973611831665, delay:0.13170349597930908, throughput:4052
episode:174/250, real avg travel time:203.9486673247779
step:3600/3600, q_loss:1.897832015755638e-05, rewards:-3.097303867340088, queue:1.213624358177185, delay:0.13375967741012573, throughput:4049
episode:175/250, real avg travel time:215.32081995554458
Test step:175/250, travel time :210.7562469377756, rewards:-2.5609874725341797, queue:1.0246031284332275, delay:0.1220179870724678, throughput:4082
step:3600/3600, q_loss:3.072733612094049e-05, rewards:-3.616776466369629, queue:1.3316137790679932, delay:0.14029105007648468, throughput:3976
episode:176/250, real avg travel time:227.625
step:3600/3600, q_loss:4.168138431042381e-05, rewards:-3.583193063735962, queue:1.2742063999176025, delay:0.13875360786914825, throughput:4050
episode:177/250, real avg travel time:226.94024691358024
step:3600/3600, q_loss:1.998585503315553e-06, rewards:-2.6869966983795166, queue:1.0952380895614624, delay:0.13258293271064758, throughput:4041
episode:178/250, real avg travel time:205.78421182875525
step:3600/3600, q_loss:1.3254794693138037e-06, rewards:-2.592613935470581, queue:1.0591269731521606, delay:0.12794888019561768, throughput:4054
episode:179/250, real avg travel time:205.81746423285645
step:3600/3600, q_loss:-9.567039443128225e-08, rewards:-2.5751116275787354, queue:1.0498677492141724, delay:0.12679016590118408, throughput:4072
episode:180/250, real avg travel time:207.27455795677798
Test step:180/250, travel time :203.22035157217132, rewards:-2.4814908504486084, queue:1.0216931104660034, delay:0.1260184496641159, throughput:4039
step:3600/3600, q_loss:0.00010678219926679352, rewards:-3.7391397953033447, queue:1.2474868297576904, delay:0.13188302516937256, throughput:4068
episode:181/250, real avg travel time:227.14454277286137
step:3600/3600, q_loss:2.502968871138162e-06, rewards:-2.6804497241973877, queue:1.0781745910644531, delay:0.1296709179878235, throughput:4049
episode:182/250, real avg travel time:204.07927883428007
step:3600/3600, q_loss:7.572437324496504e-06, rewards:-2.5707154273986816, queue:1.04365074634552, delay:0.12835931777954102, throughput:4067
episode:183/250, real avg travel time:202.9997541185149
step:3600/3600, q_loss:-1.16316063617382e-06, rewards:-2.521329164505005, queue:1.046296238899231, delay:0.12822705507278442, throughput:4061
episode:184/250, real avg travel time:205.2649593696134
step:3600/3600, q_loss:9.679877661660106e-06, rewards:-2.383514404296875, queue:1.0076719522476196, delay:0.1249019056558609, throughput:4049
episode:185/250, real avg travel time:207.83724376389233
Test step:185/250, travel time :214.08004956629492, rewards:-2.4454996585845947, queue:1.0123015642166138, delay:0.12288539111614227, throughput:4035
step:3600/3600, q_loss:7.390785483746893e-06, rewards:-2.3399462699890137, queue:0.9834656119346619, delay:0.12540878355503082, throughput:4043
episode:186/250, real avg travel time:205.82240910215188
step:3600/3600, q_loss:1.0554944047827222e-05, rewards:-2.686959981918335, queue:1.1048941612243652, delay:0.1318395733833313, throughput:4055
episode:187/250, real avg travel time:220.38027127003699
step:3600/3600, q_loss:1.179226502346056e-05, rewards:-2.6140859127044678, queue:1.0742063522338867, delay:0.13053444027900696, throughput:4073
episode:188/250, real avg travel time:205.40682543579672
step:3600/3600, q_loss:4.068201350390963e-06, rewards:-2.5259687900543213, queue:1.0251322984695435, delay:0.12660779058933258, throughput:4051
episode:189/250, real avg travel time:202.56899530980004
step:3600/3600, q_loss:3.845394207423346e-06, rewards:-2.3488659858703613, queue:0.9863756895065308, delay:0.12370841950178146, throughput:4067
episode:190/250, real avg travel time:204.94885665109416
Test step:190/250, travel time :206.74074987666503, rewards:-2.4962172508239746, queue:1.0146825313568115, delay:0.12711268663406372, throughput:4054
step:3600/3600, q_loss:4.153303962084465e-06, rewards:-2.403697967529297, queue:0.99828040599823, delay:0.12406275421380997, throughput:4048
episode:191/250, real avg travel time:201.99604743083003
step:3600/3600, q_loss:5.234945234001821e-06, rewards:-2.532883882522583, queue:1.0542328357696533, delay:0.12988947331905365, throughput:4072
episode:192/250, real avg travel time:209.02111984282908
step:3600/3600, q_loss:8.917509189308879e-06, rewards:-2.3586266040802, queue:0.9855819940567017, delay:0.12031950801610947, throughput:4039
episode:193/250, real avg travel time:206.91631591978214
step:3600/3600, q_loss:3.2792609353135855e-05, rewards:-3.2892632484436035, queue:1.1873016357421875, delay:0.12982439994812012, throughput:4054
episode:194/250, real avg travel time:227.69215589541193
step:3600/3600, q_loss:2.7499712410240643e-06, rewards:-2.4860193729400635, queue:1.0001323223114014, delay:0.12376376241445541, throughput:4041
episode:195/250, real avg travel time:199.65998515219005
Test step:195/250, travel time :206.67777777777778, rewards:-2.2732253074645996, queue:0.992460310459137, delay:0.12168754637241364, throughput:4050
step:3600/3600, q_loss:7.979285874171182e-06, rewards:-2.5416526794433594, queue:1.0499999523162842, delay:0.1266806274652481, throughput:4070
episode:196/250, real avg travel time:209.86584766584767
step:3600/3600, q_loss:1.2059111557189478e-05, rewards:-2.369494915008545, queue:1.0022486448287964, delay:0.12637773156166077, throughput:4058
episode:197/250, real avg travel time:205.83711187777232
step:3600/3600, q_loss:9.380618010052582e-06, rewards:-2.614985942840576, queue:1.034523844718933, delay:0.12445977330207825, throughput:4065
episode:198/250, real avg travel time:203.29766297662977
step:3600/3600, q_loss:2.991810510542968e-05, rewards:-2.483588218688965, queue:1.037169337272644, delay:0.1275653839111328, throughput:4054
episode:199/250, real avg travel time:203.5394671928959
step:3600/3600, q_loss:1.9421050738957192e-07, rewards:-2.524685859680176, queue:1.0461640357971191, delay:0.1262628138065338, throughput:4051
episode:200/250, real avg travel time:207.64329795112317
Test step:200/250, travel time :203.6777309883577, rewards:-2.4766573905944824, queue:1.024735450744629, delay:0.12665219604969025, throughput:4037
step:3600/3600, q_loss:5.707796743889857e-06, rewards:-2.407193422317505, queue:0.995899498462677, delay:0.12408076226711273, throughput:4079
episode:201/250, real avg travel time:204.7452807060554
step:3600/3600, q_loss:1.722087896875261e-05, rewards:-2.4664907455444336, queue:1.0171958208084106, delay:0.1263967603445053, throughput:4057
episode:202/250, real avg travel time:202.35173773724426
step:3600/3600, q_loss:6.684751214278448e-06, rewards:-2.6952197551727295, queue:1.0919312238693237, delay:0.1320802867412567, throughput:4075
episode:203/250, real avg travel time:204.77398773006135
step:3600/3600, q_loss:6.037645208481182e-06, rewards:-2.682903289794922, queue:1.092989444732666, delay:0.13453148305416107, throughput:4041
episode:204/250, real avg travel time:208.36278148973025
step:3600/3600, q_loss:6.941059069100043e-06, rewards:-2.9843404293060303, queue:1.165740728378296, delay:0.1337100863456726, throughput:4067
episode:205/250, real avg travel time:216.02557167445292
Test step:205/250, travel time :205.7882323733863, rewards:-2.602388381958008, queue:1.0576719045639038, delay:0.12859360873699188, throughput:4028
step:3600/3600, q_loss:3.5056077952807147e-06, rewards:-2.63749623298645, queue:1.0838624238967896, delay:0.13378092646598816, throughput:4061
episode:206/250, real avg travel time:210.11844373307068
step:3600/3600, q_loss:1.1809632673652635e-06, rewards:-2.723719358444214, queue:1.0821428298950195, delay:0.12825444340705872, throughput:4051
episode:207/250, real avg travel time:207.7938780548013
step:3600/3600, q_loss:1.6323218389718225e-05, rewards:-2.6312406063079834, queue:1.0804232358932495, delay:0.12871456146240234, throughput:4049
episode:208/250, real avg travel time:204.07557421585577
step:3600/3600, q_loss:1.0529095925448928e-05, rewards:-2.7142012119293213, queue:1.1119047403335571, delay:0.13178516924381256, throughput:4056
episode:209/250, real avg travel time:209.51972386587772
step:3600/3600, q_loss:5.726379297104561e-06, rewards:-2.580150604248047, queue:1.0966931581497192, delay:0.13418951630592346, throughput:4067
episode:210/250, real avg travel time:205.518809933612
Test step:210/250, travel time :206.52640714108605, rewards:-2.695817708969116, queue:1.1027777194976807, delay:0.1338213086128235, throughput:4033
step:3600/3600, q_loss:5.632279498968273e-06, rewards:-2.611301898956299, queue:1.0756614208221436, delay:0.13317042589187622, throughput:4065
episode:211/250, real avg travel time:202.94120541205413
step:3600/3600, q_loss:4.34133823243125e-06, rewards:-2.5626797676086426, queue:1.0875661373138428, delay:0.13056252896785736, throughput:4071
episode:212/250, real avg travel time:204.98870056497177
step:3600/3600, q_loss:6.97525178515611e-06, rewards:-2.6351425647735596, queue:1.0730159282684326, delay:0.1320565789937973, throughput:4049
episode:213/250, real avg travel time:204.58878735490245
step:3600/3600, q_loss:7.220219130330305e-06, rewards:-2.4948322772979736, queue:1.0456348657608032, delay:0.12818855047225952, throughput:4070
episode:214/250, real avg travel time:205.93513513513514
step:3600/3600, q_loss:1.2257299709340765e-05, rewards:-2.498432159423828, queue:1.032010555267334, delay:0.12493743747472763, throughput:4040
episode:215/250, real avg travel time:202.34554455445544
Test step:215/250, travel time :215.72813121272367, rewards:-2.885009765625, queue:1.1412698030471802, delay:0.13056810200214386, throughput:4024
step:3600/3600, q_loss:6.071131631162846e-06, rewards:-2.3053300380706787, queue:1.0014550685882568, delay:0.12769319117069244, throughput:4081
episode:216/250, real avg travel time:207.99705954422936
step:3600/3600, q_loss:7.583993445021204e-06, rewards:-2.4189329147338867, queue:1.0206348896026611, delay:0.1262863129377365, throughput:4043
episode:217/250, real avg travel time:206.27182785060597
step:3600/3600, q_loss:7.98522685525111e-06, rewards:-2.4596407413482666, queue:1.0208994150161743, delay:0.12616094946861267, throughput:4048
episode:218/250, real avg travel time:204.50938735177866
step:3600/3600, q_loss:7.430180832872995e-07, rewards:-2.471467971801758, queue:1.0161375999450684, delay:0.12415716052055359, throughput:4047
episode:219/250, real avg travel time:203.27921917469732
step:3600/3600, q_loss:2.3928399564788886e-06, rewards:-2.5288615226745605, queue:1.0546296834945679, delay:0.13164986670017242, throughput:4048
episode:220/250, real avg travel time:204.52000988142294
Test step:220/250, travel time :211.4391639711371, rewards:-2.5747859477996826, queue:1.0518518686294556, delay:0.12781839072704315, throughput:4019
step:3600/3600, q_loss:7.821827097763566e-06, rewards:-2.305525064468384, queue:0.9862433671951294, delay:0.12259051948785782, throughput:4043
episode:221/250, real avg travel time:202.31387583477616
step:3600/3600, q_loss:1.1561921322330212e-05, rewards:-2.6390318870544434, queue:1.060978889465332, delay:0.12947358191013336, throughput:4050
episode:222/250, real avg travel time:205.0698765432099
step:3600/3600, q_loss:1.8731377349467947e-05, rewards:-2.99700665473938, queue:1.1600528955459595, delay:0.13098374009132385, throughput:4076
episode:223/250, real avg travel time:218.68915603532875
step:3600/3600, q_loss:1.1439801811421705e-05, rewards:-2.569326877593994, queue:1.0373015403747559, delay:0.12846601009368896, throughput:4062
episode:224/250, real avg travel time:205.75677006400787
step:3600/3600, q_loss:5.356582874406336e-06, rewards:-2.662891387939453, queue:1.0685185194015503, delay:0.13048343360424042, throughput:4050
episode:225/250, real avg travel time:205.47358024691357
Test step:225/250, travel time :211.48427828670464, rewards:-2.599040985107422, queue:1.0417989492416382, delay:0.12979280948638916, throughput:4039
step:3600/3600, q_loss:7.653869720848484e-06, rewards:-2.478983163833618, queue:1.016005277633667, delay:0.12597376108169556, throughput:4073
episode:226/250, real avg travel time:209.62263687699485
step:3600/3600, q_loss:5.2715997703166475e-06, rewards:-2.508671283721924, queue:1.0244709253311157, delay:0.1288904845714569, throughput:4050
episode:227/250, real avg travel time:206.03876543209876
step:3600/3600, q_loss:4.313001004953144e-06, rewards:-2.5233733654022217, queue:1.032010555267334, delay:0.1289832592010498, throughput:4054
episode:228/250, real avg travel time:202.8692649235323
step:3600/3600, q_loss:0.00011970992501220381, rewards:-4.885341167449951, queue:1.446825385093689, delay:0.1440473347902298, throughput:3986
episode:229/250, real avg travel time:223.85022579026594
step:3600/3600, q_loss:5.989401304557557e-06, rewards:-2.4939022064208984, queue:1.0197089910507202, delay:0.12755578756332397, throughput:4062
episode:230/250, real avg travel time:204.739537173806
Test step:230/250, travel time :208.3863188976378, rewards:-2.348219156265259, queue:0.972089946269989, delay:0.12442909181118011, throughput:4064
step:3600/3600, q_loss:4.103916014880977e-06, rewards:-2.40059232711792, queue:0.9894179701805115, delay:0.1231301799416542, throughput:4064
episode:231/250, real avg travel time:207.04822834645668
step:3600/3600, q_loss:7.77997289939473e-06, rewards:-2.3716163635253906, queue:0.9923280477523804, delay:0.1242765486240387, throughput:4075
episode:232/250, real avg travel time:204.7877300613497
step:3600/3600, q_loss:1.4029627204258254e-05, rewards:-2.4805476665496826, queue:1.0301587581634521, delay:0.12456191331148148, throughput:4051
episode:233/250, real avg travel time:209.67489508763268
step:3600/3600, q_loss:9.757292355061509e-06, rewards:-2.401698112487793, queue:0.9936507940292358, delay:0.12465063482522964, throughput:4063
episode:234/250, real avg travel time:204.7275412256953
step:3600/3600, q_loss:9.727683694412311e-06, rewards:-2.4876420497894287, queue:1.0134921073913574, delay:0.12693019211292267, throughput:4075
episode:235/250, real avg travel time:205.66674846625767
Test step:235/250, travel time :230.88305428716387, rewards:-3.2986834049224854, queue:1.2415343523025513, delay:0.13331051170825958, throughput:3942
step:3600/3600, q_loss:1.4955618098611012e-05, rewards:-2.471153497695923, queue:0.9986772537231445, delay:0.12437838315963745, throughput:4068
episode:236/250, real avg travel time:205.05088495575222
step:3600/3600, q_loss:6.136805394716147e-06, rewards:-2.256458282470703, queue:0.9589946866035461, delay:0.12244255095720291, throughput:4061
episode:237/250, real avg travel time:202.10293031273085
step:3600/3600, q_loss:7.771468072961498e-06, rewards:-2.3656036853790283, queue:0.9850528836250305, delay:0.12302836030721664, throughput:4064
episode:238/250, real avg travel time:209.25393700787401
step:3600/3600, q_loss:3.907822004597013e-06, rewards:-2.2926855087280273, queue:0.9798941612243652, delay:0.1242952048778534, throughput:4055
episode:239/250, real avg travel time:203.59827373612825
step:3600/3600, q_loss:1.1202524749225833e-06, rewards:-2.311483383178711, queue:0.9760581851005554, delay:0.12312428653240204, throughput:4064
episode:240/250, real avg travel time:203.42568897637796
Test step:240/250, travel time :210.22739591032274, rewards:-2.3239986896514893, queue:0.9620370268821716, delay:0.12237755209207535, throughput:4059
step:3600/3600, q_loss:6.9619875931594935e-06, rewards:-2.225527048110962, queue:0.9600529074668884, delay:0.11876409500837326, throughput:4048
episode:241/250, real avg travel time:209.83374505928853
step:3600/3600, q_loss:2.506388065941994e-06, rewards:-2.414062738418579, queue:1.0019841194152832, delay:0.12804409861564636, throughput:4062
episode:242/250, real avg travel time:205.21516494337766
step:3600/3600, q_loss:8.72693744895514e-06, rewards:-2.3893980979919434, queue:0.9986772537231445, delay:0.12563806772232056, throughput:4043
episode:243/250, real avg travel time:203.44867672520405
step:3600/3600, q_loss:5.035142203269061e-06, rewards:-2.364637613296509, queue:0.9962962865829468, delay:0.12316674739122391, throughput:4067
episode:244/250, real avg travel time:208.30686009343498
step:3600/3600, q_loss:8.122780268927777e-06, rewards:-2.326793670654297, queue:0.9953703880310059, delay:0.12389598786830902, throughput:4063
episode:245/250, real avg travel time:204.23037164656657
Test step:245/250, travel time :211.14306748466257, rewards:-2.553819179534912, queue:1.0673280954360962, delay:0.12585879862308502, throughput:4075
step:3600/3600, q_loss:1.0218236032718172e-06, rewards:-2.4410574436187744, queue:1.0171958208084106, delay:0.12513691186904907, throughput:4058
episode:246/250, real avg travel time:207.91941843272548
step:3600/3600, q_loss:1.1910843164110298e-05, rewards:-2.774843692779541, queue:1.117724895477295, delay:0.12796750664710999, throughput:4050
episode:247/250, real avg travel time:213.0274074074074
step:3600/3600, q_loss:8.680782102601369e-05, rewards:-3.2374510765075684, queue:1.2247354984283447, delay:0.13269555568695068, throughput:4039
episode:248/250, real avg travel time:214.84822975984156
step:3600/3600, q_loss:1.2042662193481294e-05, rewards:-2.3636648654937744, queue:1.0091270208358765, delay:0.12671956419944763, throughput:4071
episode:249/250, real avg travel time:202.89167280766395
Hyperparameters saved to: data/output_data/tsc/sumo_hyperlight_mappo/sumo1x21/lanecount2_sumo1x21_seed3/hyperparameters.json
Loaded best checkpoint for final evaluation
Final Travel Time is 200.9971, mean rewards: -3.3139, queue: 1.2343, delay: 0.1416, throughput: 4073
Total time taken: 16823.23082947731
