step:3600/3600, q_loss:0.012494175412036755, rewards:-50.35288619995117, queue:37.810935974121094, delay:0.22539690136909485, throughput:2162
episode:0/250, real avg travel time:1008.9470331880657
Test step:0/250, travel time :1230.9651357693597, rewards:-71.71310424804688, queue:53.90625, delay:0.28070709109306335, throughput:2135
New best TEST travel time 1230.9651 at episode 0, saved as best checkpoint
step:3600/3600, q_loss:0.007263422509034475, rewards:-47.438720703125, queue:35.6274299621582, delay:0.2534785866737366, throughput:2511
episode:1/250, real avg travel time:943.7683540060342
step:3600/3600, q_loss:0.00550223715879299, rewards:-43.73844528198242, queue:32.842185974121094, delay:0.2568458914756775, throughput:2542
episode:2/250, real avg travel time:893.9125041904124
step:3600/3600, q_loss:0.0037277517771279367, rewards:-42.08937454223633, queue:31.604686737060547, delay:0.2593352198600769, throughput:2584
episode:3/250, real avg travel time:868.5705665437479
step:3600/3600, q_loss:0.001368406042456627, rewards:-34.51891326904297, queue:25.884721755981445, delay:0.24350662529468536, throughput:2768
episode:4/250, real avg travel time:777.7975192758968
step:3600/3600, q_loss:0.0006695034292836984, rewards:-27.287776947021484, queue:20.44791603088379, delay:0.237843319773674, throughput:2860
episode:5/250, real avg travel time:684.8548441166611
Test step:5/250, travel time :908.4475360375461, rewards:-45.995758056640625, queue:34.55329895019531, delay:0.268402636051178, throughput:2550
New best TEST travel time 908.4475 at episode 5, saved as best checkpoint
step:3600/3600, q_loss:0.0001893202593136165, rewards:-18.24687385559082, queue:13.631423950195312, delay:0.22047829627990723, throughput:2872
episode:6/250, real avg travel time:559.6466644317801
step:3600/3600, q_loss:0.00012127958643422634, rewards:-17.34303092956543, queue:12.957812309265137, delay:0.2187647521495819, throughput:2890
episode:7/250, real avg travel time:543.6892390211196
step:3600/3600, q_loss:7.726968033239245e-05, rewards:-14.701135635375977, queue:10.950346946716309, delay:0.21033155918121338, throughput:2886
episode:8/250, real avg travel time:507.1233657391887
step:3600/3600, q_loss:5.4213682758725354e-05, rewards:-11.516597747802734, queue:8.548263549804688, delay:0.19002628326416016, throughput:2904
episode:9/250, real avg travel time:460.2815957090178
step:3600/3600, q_loss:3.490309075762828e-05, rewards:-10.290833473205566, queue:7.62378454208374, delay:0.18299171328544617, throughput:2917
episode:10/250, real avg travel time:444.86356017432115
Test step:10/250, travel time :704.2611464968153, rewards:-30.52073860168457, queue:22.881250381469727, delay:0.2593114376068115, throughput:2795
New best TEST travel time 704.2611 at episode 10, saved as best checkpoint
step:3600/3600, q_loss:3.0030682898574957e-05, rewards:-9.657130241394043, queue:7.136458396911621, delay:0.1660444438457489, throughput:2903
episode:11/250, real avg travel time:434.91786791820317
step:3600/3600, q_loss:2.2980418375313835e-05, rewards:-7.34844970703125, queue:5.385416507720947, delay:0.1538204848766327, throughput:2919
episode:12/250, real avg travel time:403.0184378142809
step:3600/3600, q_loss:1.2455531180387846e-05, rewards:-7.479862689971924, queue:5.484722137451172, delay:0.15029127895832062, throughput:2922
episode:13/250, real avg travel time:405.03553469661415
step:3600/3600, q_loss:2.9064526703829566e-05, rewards:-6.649815559387207, queue:4.865798473358154, delay:0.1378456950187683, throughput:2922
episode:14/250, real avg travel time:393.0911833724438
step:3600/3600, q_loss:3.0719057260150155e-05, rewards:-6.210347652435303, queue:4.526736259460449, delay:0.13437701761722565, throughput:2921
episode:15/250, real avg travel time:388.3037210861549
Test step:15/250, travel time :575.945692256118, rewards:-21.322338104248047, queue:15.943923950195312, delay:0.2182302474975586, throughput:2833
New best TEST travel time 575.9457 at episode 15, saved as best checkpoint
step:3600/3600, q_loss:3.1726201996207236e-06, rewards:-5.799629211425781, queue:4.225520610809326, delay:0.13241899013519287, throughput:2914
episode:16/250, real avg travel time:381.90445859872614
step:3600/3600, q_loss:-1.0840487192143444e-05, rewards:-5.402708530426025, queue:3.9090278148651123, delay:0.1275675743818283, throughput:2924
episode:17/250, real avg travel time:375.4824002681864
step:3600/3600, q_loss:2.4375947692466006e-05, rewards:-4.881782531738281, queue:3.5335068702697754, delay:0.12282662093639374, throughput:2921
episode:18/250, real avg travel time:368.16728126047605
step:3600/3600, q_loss:-1.5191991459923208e-05, rewards:-5.214351654052734, queue:3.7800347805023193, delay:0.1226525530219078, throughput:2918
episode:19/250, real avg travel time:372.334897753939
step:3600/3600, q_loss:-1.5887471683392373e-05, rewards:-4.859259128570557, queue:3.5092012882232666, delay:0.11988767236471176, throughput:2930
episode:20/250, real avg travel time:368.19477036540394
Test step:20/250, travel time :551.2594703318806, rewards:-19.498125076293945, queue:14.567708015441895, delay:0.20277896523475647, throughput:2843
New best TEST travel time 551.2595 at episode 20, saved as best checkpoint
step:3600/3600, q_loss:-1.8407021761285484e-05, rewards:-4.789306163787842, queue:3.4593749046325684, delay:0.1222100555896759, throughput:2922
episode:21/250, real avg travel time:366.6862219242374
step:3600/3600, q_loss:-2.4039544061654145e-05, rewards:-4.47141170501709, queue:3.2213542461395264, delay:0.11471409350633621, throughput:2923
episode:22/250, real avg travel time:361.5548105933624
step:3600/3600, q_loss:-1.5969212701613154e-05, rewards:-4.396944046020508, queue:3.163715362548828, delay:0.11224166303873062, throughput:2924
episode:23/250, real avg travel time:361.17633255112304
step:3600/3600, q_loss:-2.650755675319858e-05, rewards:-4.203147888183594, queue:3.015625, delay:0.11066010594367981, throughput:2918
episode:24/250, real avg travel time:357.6389540730808
step:3600/3600, q_loss:-3.363180235114501e-05, rewards:-4.3451151847839355, queue:3.124305486679077, delay:0.1109098568558693, throughput:2925
episode:25/250, real avg travel time:360.5263157894737
Test step:25/250, travel time :513.0687227623198, rewards:-16.473146438598633, queue:12.27517318725586, delay:0.1904621124267578, throughput:2856
New best TEST travel time 513.0687 at episode 25, saved as best checkpoint
step:3600/3600, q_loss:-2.606766464412902e-05, rewards:-3.9879863262176514, queue:2.8503472805023193, delay:0.10801900923252106, throughput:2923
episode:26/250, real avg travel time:354.9882668454576
step:3600/3600, q_loss:-2.183965450428702e-06, rewards:-3.716226577758789, queue:2.652083396911621, delay:0.10399040579795837, throughput:2927
episode:27/250, real avg travel time:351.1786791820315
step:3600/3600, q_loss:-3.4973378879604514e-05, rewards:-4.094305992126465, queue:2.941840171813965, delay:0.11284931749105453, throughput:2930
episode:28/250, real avg travel time:356.14415018437813
step:3600/3600, q_loss:-2.274485800794705e-05, rewards:-3.9218525886535645, queue:2.7986111640930176, delay:0.10902716219425201, throughput:2927
episode:29/250, real avg travel time:353.9285953737848
step:3600/3600, q_loss:-3.4645610247497206e-05, rewards:-3.9197449684143066, queue:2.7946181297302246, delay:0.11195529252290726, throughput:2929
episode:30/250, real avg travel time:353.6664431780087
Test step:30/250, travel time :440.6148172980221, rewards:-10.599676132202148, queue:7.830381870269775, delay:0.17166469991207123, throughput:2912
New best TEST travel time 440.6148 at episode 30, saved as best checkpoint
step:3600/3600, q_loss:-2.6695412385311945e-05, rewards:-3.7010185718536377, queue:2.6390624046325684, delay:0.10983378440141678, throughput:2932
episode:31/250, real avg travel time:350.7294669795508
step:3600/3600, q_loss:-3.8287200947740565e-05, rewards:-3.614513397216797, queue:2.5758681297302246, delay:0.10364188998937607, throughput:2927
episode:32/250, real avg travel time:349.212537713711
step:3600/3600, q_loss:-3.6388963754116386e-05, rewards:-3.7185418605804443, queue:2.6456596851348877, delay:0.10654828697443008, throughput:2924
episode:33/250, real avg travel time:351.0120683875293
step:3600/3600, q_loss:-9.26351101413645e-06, rewards:-3.3965511322021484, queue:2.4079861640930176, delay:0.09961032122373581, throughput:2928
episode:34/250, real avg travel time:346.23902111967817
step:3600/3600, q_loss:-3.3534768779106714e-05, rewards:-3.262639045715332, queue:2.305382013320923, delay:0.10278646647930145, throughput:2927
episode:35/250, real avg travel time:344.0385517934965
Test step:35/250, travel time :363.63359034529, rewards:-4.7078471183776855, queue:3.3923611640930176, delay:0.13305126130580902, throughput:2925
New best TEST travel time 363.6336 at episode 35, saved as best checkpoint
step:3600/3600, q_loss:-3.4703356774385876e-05, rewards:-3.248796224594116, queue:2.2916667461395264, delay:0.10017744451761246, throughput:2931
episode:36/250, real avg travel time:344.30740864901105
step:3600/3600, q_loss:-3.5104347194579464e-05, rewards:-3.2900702953338623, queue:2.320833444595337, delay:0.0987461656332016, throughput:2930
episode:37/250, real avg travel time:345.1716392893061
step:3600/3600, q_loss:-2.7479652608572335e-05, rewards:-3.033565044403076, queue:2.1347222328186035, delay:0.0950370579957962, throughput:2935
episode:38/250, real avg travel time:340.8692591350989
step:3600/3600, q_loss:-3.237923051023649e-05, rewards:-3.2086575031280518, queue:2.2588541507720947, delay:0.10230337828397751, throughput:2923
episode:39/250, real avg travel time:342.97720415688906
step:3600/3600, q_loss:-2.2375461412593722e-05, rewards:-3.149096965789795, queue:2.222395896911621, delay:0.0987972691655159, throughput:2929
episode:40/250, real avg travel time:342.85216225276565
Test step:40/250, travel time :343.1498491451559, rewards:-3.2101383209228516, queue:2.2789931297302246, delay:0.10537164658308029, throughput:2928
New best TEST travel time 343.1498 at episode 40, saved as best checkpoint
step:3600/3600, q_loss:-3.610515494882647e-05, rewards:-2.9825003147125244, queue:2.0986111164093018, delay:0.09567152708768845, throughput:2930
episode:41/250, real avg travel time:340.2735501173315
step:3600/3600, q_loss:-1.4290264354915254e-05, rewards:-2.8956947326660156, queue:2.026562452316284, delay:0.0929286777973175, throughput:2926
episode:42/250, real avg travel time:338.8488099228964
step:3600/3600, q_loss:-4.077811975514999e-05, rewards:-2.708564519882202, queue:1.8835068941116333, delay:0.08976154029369354, throughput:2930
episode:43/250, real avg travel time:336.7472343278579
step:3600/3600, q_loss:-4.0774080143482596e-05, rewards:-2.7896761894226074, queue:1.9486111402511597, delay:0.08953827619552612, throughput:2930
episode:44/250, real avg travel time:338.02681863895407
step:3600/3600, q_loss:-3.488709443007354e-05, rewards:-2.8053479194641113, queue:1.960763931274414, delay:0.08716467022895813, throughput:2930
episode:45/250, real avg travel time:338.54307743882
Test step:45/250, travel time :335.55313442842777, rewards:-2.644073963165283, queue:1.8458333015441895, delay:0.09070496261119843, throughput:2931
New best TEST travel time 335.5531 at episode 45, saved as best checkpoint
step:3600/3600, q_loss:-2.6099949523254676e-05, rewards:-2.733541488647461, queue:1.9053819179534912, delay:0.0898711308836937, throughput:2930
episode:46/250, real avg travel time:336.9664767013074
step:3600/3600, q_loss:-3.8318419548751854e-05, rewards:-2.6760878562927246, queue:1.8588541746139526, delay:0.08858534693717957, throughput:2932
episode:47/250, real avg travel time:336.08615487763996
step:3600/3600, q_loss:-2.5823847627853628e-05, rewards:-2.6615281105041504, queue:1.851736068725586, delay:0.08893140405416489, throughput:2929
episode:48/250, real avg travel time:335.89574254106606
step:3600/3600, q_loss:-2.8745378195135684e-05, rewards:-2.7166202068328857, queue:1.890451431274414, delay:0.08993574976921082, throughput:2929
episode:49/250, real avg travel time:336.62822661749914
step:3600/3600, q_loss:-4.199926732797865e-05, rewards:-2.653958320617676, queue:1.8444443941116333, delay:0.08935438841581345, throughput:2932
episode:50/250, real avg travel time:335.9399932953403
Test step:50/250, travel time :333.07609788803217, rewards:-2.468449115753174, queue:1.7121527194976807, delay:0.08570365607738495, throughput:2929
New best TEST travel time 333.0761 at episode 50, saved as best checkpoint
step:3600/3600, q_loss:-1.9115366632360274e-05, rewards:-2.590555191040039, queue:1.8019096851348877, delay:0.08716879040002823, throughput:2930
episode:51/250, real avg travel time:334.9886020784445
step:3600/3600, q_loss:-3.378061594924441e-05, rewards:-2.508680820465088, queue:1.7401041984558105, delay:0.0847587138414383, throughput:2927
episode:52/250, real avg travel time:333.9430103922226
step:3600/3600, q_loss:-3.654419798059044e-05, rewards:-2.483078956604004, queue:1.7237846851348877, delay:0.08682534843683243, throughput:2929
episode:53/250, real avg travel time:333.2403620516259
step:3600/3600, q_loss:-2.8844022718085737e-05, rewards:-2.4057867527008057, queue:1.6616319417953491, delay:0.08346248418092728, throughput:2927
episode:54/250, real avg travel time:332.29835735836406
step:3600/3600, q_loss:-3.1388053213487624e-05, rewards:-2.471203565597534, queue:1.7079861164093018, delay:0.08261115849018097, throughput:2929
episode:55/250, real avg travel time:333.78578612135436
Test step:55/250, travel time :330.8809922896413, rewards:-2.3103699684143066, queue:1.5895832777023315, delay:0.08498688042163849, throughput:2929
New best TEST travel time 330.8810 at episode 55, saved as best checkpoint
step:3600/3600, q_loss:-2.0659878780996356e-05, rewards:-2.3923840522766113, queue:1.649999976158142, delay:0.08150501549243927, throughput:2927
episode:56/250, real avg travel time:332.18773047267854
step:3600/3600, q_loss:-2.7174561249989048e-05, rewards:-2.3594908714294434, queue:1.6298611164093018, delay:0.08235304802656174, throughput:2929
episode:57/250, real avg travel time:331.77338250083807
step:3600/3600, q_loss:-2.784856952968295e-05, rewards:-2.3270604610443115, queue:1.6046874523162842, delay:0.08186812698841095, throughput:2930
episode:58/250, real avg travel time:331.2316459939658
step:3600/3600, q_loss:-3.07529768044198e-05, rewards:-2.2384724617004395, queue:1.5305556058883667, delay:0.07885229587554932, throughput:2931
episode:59/250, real avg travel time:330.1106268856856
step:3600/3600, q_loss:-2.9549886649302035e-05, rewards:-2.2290279865264893, queue:1.5269097089767456, delay:0.07786090672016144, throughput:2931
episode:60/250, real avg travel time:329.8990948709353
Test step:60/250, travel time :329.5548105933624, rewards:-2.1983563899993896, queue:1.5086805820465088, delay:0.08220632374286652, throughput:2932
New best TEST travel time 329.5548 at episode 60, saved as best checkpoint
step:3600/3600, q_loss:-2.123065200134146e-05, rewards:-2.227569580078125, queue:1.5279513597488403, delay:0.07833726704120636, throughput:2928
episode:61/250, real avg travel time:329.76131411330874
step:3600/3600, q_loss:-2.388573312028139e-05, rewards:-2.1884264945983887, queue:1.5050346851348877, delay:0.07946848124265671, throughput:2928
episode:62/250, real avg travel time:329.2946697955079
step:3600/3600, q_loss:-2.6913345532698765e-05, rewards:-2.2135183811187744, queue:1.5225694179534912, delay:0.07817234098911285, throughput:2933
episode:63/250, real avg travel time:329.7757291317466
step:3600/3600, q_loss:-1.828349195420742e-05, rewards:-2.208726644515991, queue:1.5135416984558105, delay:0.07933446764945984, throughput:2927
episode:64/250, real avg travel time:329.6429768689239
step:3600/3600, q_loss:-2.991778202596362e-05, rewards:-2.2007405757904053, queue:1.5149306058883667, delay:0.07695887982845306, throughput:2930
episode:65/250, real avg travel time:329.5645323499832
Test step:65/250, travel time :329.74287629902784, rewards:-2.230347156524658, queue:1.5359375476837158, delay:0.08255644142627716, throughput:2933
step:3600/3600, q_loss:-2.498868529477881e-05, rewards:-2.1475229263305664, queue:1.4684027433395386, delay:0.0756739005446434, throughput:2930
episode:66/250, real avg travel time:328.93194770365403
step:3600/3600, q_loss:-3.4129219366823905e-05, rewards:-2.233750343322754, queue:1.5371527671813965, delay:0.07912151515483856, throughput:2929
episode:67/250, real avg travel time:330.1324170298357
step:3600/3600, q_loss:-2.3537212379138776e-05, rewards:-2.1568515300750732, queue:1.4793403148651123, delay:0.07608669996261597, throughput:2930
episode:68/250, real avg travel time:328.72410325175997
step:3600/3600, q_loss:-1.0948972582506636e-05, rewards:-2.134791612625122, queue:1.4612847566604614, delay:0.07533850520849228, throughput:2932
episode:69/250, real avg travel time:328.4545759302715
step:3600/3600, q_loss:-2.6725008825047148e-05, rewards:-2.1588656902313232, queue:1.4777777194976807, delay:0.07595661282539368, throughput:2930
episode:70/250, real avg travel time:328.918538384177
Test step:70/250, travel time :327.09051290647, rewards:-2.038703441619873, queue:1.3911458253860474, delay:0.07604578882455826, throughput:2931
New best TEST travel time 327.0905 at episode 70, saved as best checkpoint
step:3600/3600, q_loss:-2.5973454143645037e-05, rewards:-2.131828546524048, queue:1.4574652910232544, delay:0.07710197567939758, throughput:2929
episode:71/250, real avg travel time:328.42943345625207
step:3600/3600, q_loss:-3.2078885663024805e-05, rewards:-2.1487271785736084, queue:1.4657986164093018, delay:0.0772508755326271, throughput:2931
episode:72/250, real avg travel time:328.60878310425744
step:3600/3600, q_loss:-2.400444592004297e-05, rewards:-2.1086111068725586, queue:1.4394097328186035, delay:0.07408444583415985, throughput:2931
episode:73/250, real avg travel time:328.41032517599734
step:3600/3600, q_loss:-2.7903166159780488e-05, rewards:-2.038749933242798, queue:1.3869792222976685, delay:0.07331087440252304, throughput:2931
episode:74/250, real avg travel time:327.03553469661415
step:3600/3600, q_loss:-6.863741954374645e-06, rewards:-2.0725460052490234, queue:1.414236068725586, delay:0.07295715808868408, throughput:2932
episode:75/250, real avg travel time:327.9249078109286
Test step:75/250, travel time :326.6366074421723, rewards:-1.976041555404663, queue:1.339930534362793, delay:0.071506068110466, throughput:2932
New best TEST travel time 326.6366 at episode 75, saved as best checkpoint
step:3600/3600, q_loss:-2.5861807969502276e-05, rewards:-1.9904625415802002, queue:1.3536458015441895, delay:0.07254853844642639, throughput:2928
episode:76/250, real avg travel time:326.4760308414348
step:3600/3600, q_loss:-3.342752763139153e-05, rewards:-2.022777557373047, queue:1.377256989479065, delay:0.07298135757446289, throughput:2931
episode:77/250, real avg travel time:326.86490110626886
step:3600/3600, q_loss:-2.578068675507826e-05, rewards:-2.019305467605591, queue:1.3746527433395386, delay:0.07198534160852432, throughput:2934
episode:78/250, real avg travel time:327.24002681863897
step:3600/3600, q_loss:-2.284426548242293e-05, rewards:-2.0181710720062256, queue:1.372743010520935, delay:0.07108552008867264, throughput:2930
episode:79/250, real avg travel time:327.01743211532016
step:3600/3600, q_loss:-8.46327737370437e-06, rewards:-2.0120368003845215, queue:1.3635417222976685, delay:0.0712561085820198, throughput:2934
episode:80/250, real avg travel time:327.0234663090848
Test step:80/250, travel time :325.27723768018774, rewards:-1.9051384925842285, queue:1.2887152433395386, delay:0.07147066295146942, throughput:2932
New best TEST travel time 325.2772 at episode 80, saved as best checkpoint
step:3600/3600, q_loss:-1.312192374219497e-05, rewards:-1.9311574697494507, queue:1.3074653148651123, delay:0.07048917561769485, throughput:2934
episode:81/250, real avg travel time:325.77036540395574
step:3600/3600, q_loss:-2.616007501880328e-05, rewards:-1.9618052244186401, queue:1.3315972089767456, delay:0.0712982565164566, throughput:2932
episode:82/250, real avg travel time:326.3700972175662
step:3600/3600, q_loss:-2.357656183583593e-05, rewards:-2.0689351558685303, queue:1.4055556058883667, delay:0.0756254643201828, throughput:2932
episode:83/250, real avg travel time:328.1796848809923
step:3600/3600, q_loss:-2.4077416984019454e-05, rewards:-2.000185251235962, queue:1.3605902194976807, delay:0.07243181765079498, throughput:2931
episode:84/250, real avg travel time:326.9225611800201
step:3600/3600, q_loss:-2.4573466766418682e-05, rewards:-1.99833345413208, queue:1.351736068725586, delay:0.07363119721412659, throughput:2930
episode:85/250, real avg travel time:326.91250419041233
Test step:85/250, travel time :324.8706000670466, rewards:-1.8828470706939697, queue:1.2777777910232544, delay:0.06928323954343796, throughput:2931
New best TEST travel time 324.8706 at episode 85, saved as best checkpoint
step:3600/3600, q_loss:-2.417555337564813e-05, rewards:-1.997499942779541, queue:1.3569444417953491, delay:0.07318605482578278, throughput:2930
episode:86/250, real avg travel time:326.5051961112974
step:3600/3600, q_loss:-2.4105894327577618e-05, rewards:-1.9532636404037476, queue:1.3236111402511597, delay:0.07197391986846924, throughput:2927
episode:87/250, real avg travel time:325.7589674824003
step:3600/3600, q_loss:-3.335105192726823e-05, rewards:-1.9355785846710205, queue:1.322569489479065, delay:0.07075577229261398, throughput:2932
episode:88/250, real avg travel time:325.67448876969496
step:3600/3600, q_loss:-2.162851591560024e-05, rewards:-1.9408562183380127, queue:1.3227430582046509, delay:0.0716828852891922, throughput:2928
episode:89/250, real avg travel time:325.4917867918203
step:3600/3600, q_loss:-2.3756346652387745e-05, rewards:-1.938957929611206, queue:1.3230903148651123, delay:0.07068528980016708, throughput:2931
episode:90/250, real avg travel time:325.5393898759638
Test step:90/250, travel time :323.9192088501509, rewards:-1.821805477142334, queue:1.2357639074325562, delay:0.0674697533249855, throughput:2932
New best TEST travel time 323.9192 at episode 90, saved as best checkpoint
step:3600/3600, q_loss:-2.4288946210786148e-05, rewards:-1.8898379802703857, queue:1.2836805582046509, delay:0.06920631974935532, throughput:2932
episode:91/250, real avg travel time:325.23633925578275
step:3600/3600, q_loss:-1.7828120919013466e-05, rewards:-1.940809965133667, queue:1.3177083730697632, delay:0.07046593725681305, throughput:2932
episode:92/250, real avg travel time:325.66309084813946
step:3600/3600, q_loss:-3.086535898209722e-05, rewards:-1.8919905424118042, queue:1.2848957777023315, delay:0.06977260112762451, throughput:2930
episode:93/250, real avg travel time:324.93429433456254
step:3600/3600, q_loss:-1.7052326842935548e-05, rewards:-1.9125691652297974, queue:1.300868034362793, delay:0.06967122107744217, throughput:2929
episode:94/250, real avg travel time:325.1508548441167
step:3600/3600, q_loss:-2.4528404982346628e-05, rewards:-1.9596526622772217, queue:1.331944465637207, delay:0.07214072346687317, throughput:2931
episode:95/250, real avg travel time:325.72276231981226
Test step:95/250, travel time :323.86356017432115, rewards:-1.8428473472595215, queue:1.255555510520935, delay:0.07112859934568405, throughput:2929
New best TEST travel time 323.8636 at episode 95, saved as best checkpoint
step:3600/3600, q_loss:-2.7129502484092008e-05, rewards:-1.88870370388031, queue:1.2807291746139526, delay:0.0709521695971489, throughput:2929
episode:96/250, real avg travel time:324.68354006034195
step:3600/3600, q_loss:-3.083033435460594e-05, rewards:-1.9128704071044922, queue:1.3057291507720947, delay:0.07033581286668777, throughput:2930
episode:97/250, real avg travel time:325.040898424405
step:3600/3600, q_loss:-2.5710075257208058e-05, rewards:-1.8753705024719238, queue:1.2737847566604614, delay:0.06984534859657288, throughput:2931
episode:98/250, real avg travel time:324.76366074421725
step:3600/3600, q_loss:-2.602410688133979e-05, rewards:-1.8850691318511963, queue:1.2727431058883667, delay:0.06923703849315643, throughput:2932
episode:99/250, real avg travel time:324.8166275561515
step:3600/3600, q_loss:-1.932943479106244e-05, rewards:-1.8014352321624756, queue:1.218576431274414, delay:0.06698744744062424, throughput:2933
episode:100/250, real avg travel time:323.52966811934294
Test step:100/250, travel time :322.33791485082133, rewards:-1.7334489822387695, queue:1.1673611402511597, delay:0.06536244601011276, throughput:2929
New best TEST travel time 322.3379 at episode 100, saved as best checkpoint
step:3600/3600, q_loss:-1.940698065381083e-05, rewards:-1.8879863023757935, queue:1.2836805582046509, delay:0.06850975751876831, throughput:2932
episode:101/250, real avg travel time:324.9694937981897
step:3600/3600, q_loss:-1.8404592130402174e-05, rewards:-1.8201390504837036, queue:1.2350693941116333, delay:0.06662185490131378, throughput:2930
episode:102/250, real avg travel time:323.68253436138116
step:3600/3600, q_loss:-2.1021562753486688e-05, rewards:-1.8266435861587524, queue:1.2329860925674438, delay:0.06818146258592606, throughput:2930
episode:103/250, real avg travel time:323.73416024136776
step:3600/3600, q_loss:-2.3697666970461052e-05, rewards:-1.7666432857513428, queue:1.187326431274414, delay:0.06640083342790604, throughput:2929
episode:104/250, real avg travel time:322.71169963124373
step:3600/3600, q_loss:-1.5254880957029483e-05, rewards:-1.8315047025680542, queue:1.2442708015441895, delay:0.06663959473371506, throughput:2932
episode:105/250, real avg travel time:323.8538384177003
Test step:105/250, travel time :321.29668119342944, rewards:-1.6505788564682007, queue:1.1135417222976685, delay:0.06286299228668213, throughput:2933
New best TEST travel time 321.2967 at episode 105, saved as best checkpoint
step:3600/3600, q_loss:-2.6377929585847864e-05, rewards:-1.828310489654541, queue:1.2350693941116333, delay:0.06695038080215454, throughput:2931
episode:106/250, real avg travel time:324.230640295005
step:3600/3600, q_loss:-3.299589799199667e-05, rewards:-1.7107406854629517, queue:1.1531250476837158, delay:0.06437963247299194, throughput:2931
episode:107/250, real avg travel time:322.2735501173315
step:3600/3600, q_loss:-2.6388054485087868e-05, rewards:-1.7987267971038818, queue:1.2095485925674438, delay:0.06667276471853256, throughput:2931
episode:108/250, real avg travel time:323.65001676164934
step:3600/3600, q_loss:-2.7647046846579074e-05, rewards:-1.730578899383545, queue:1.1609375476837158, delay:0.0649685487151146, throughput:2934
episode:109/250, real avg travel time:322.5953737847804
step:3600/3600, q_loss:-2.9674217350677482e-05, rewards:-1.7407640218734741, queue:1.1711806058883667, delay:0.06486453860998154, throughput:2926
episode:110/250, real avg travel time:322.6483405967147
Test step:110/250, travel time :321.8005363727791, rewards:-1.6683565378189087, queue:1.1199653148651123, delay:0.06365279108285904, throughput:2934
step:3600/3600, q_loss:-2.222929669423374e-05, rewards:-1.7536804676055908, queue:1.1788194179534912, delay:0.06556621193885803, throughput:2933
episode:111/250, real avg travel time:323.05464297686893
step:3600/3600, q_loss:-1.8974607896611644e-05, rewards:-1.7611804008483887, queue:1.1829861402511597, delay:0.06315827369689941, throughput:2933
episode:112/250, real avg travel time:323.2634931277238
step:3600/3600, q_loss:-3.234013889191879e-05, rewards:-1.7547916173934937, queue:1.1833332777023315, delay:0.06390631198883057, throughput:2932
episode:113/250, real avg travel time:323.0023466309085
step:3600/3600, q_loss:-2.8127196020688173e-05, rewards:-1.7180553674697876, queue:1.1552083492279053, delay:0.06279256939888, throughput:2929
episode:114/250, real avg travel time:322.25678846798525
step:3600/3600, q_loss:-2.8517481836455837e-05, rewards:-1.7598612308502197, queue:1.1866319179534912, delay:0.06545010954141617, throughput:2932
episode:115/250, real avg travel time:322.8890378813275
Test step:115/250, travel time :320.8183037210862, rewards:-1.6256015300750732, queue:1.0920138359069824, delay:0.062456607818603516, throughput:2931
New best TEST travel time 320.8183 at episode 115, saved as best checkpoint
step:3600/3600, q_loss:-2.3526188494913554e-05, rewards:-1.7936111688613892, queue:1.2116318941116333, delay:0.06593406200408936, throughput:2931
episode:116/250, real avg travel time:323.4669795507878
step:3600/3600, q_loss:-2.730631752422562e-05, rewards:-1.754305362701416, queue:1.181944489479065, delay:0.06445933133363724, throughput:2934
episode:117/250, real avg travel time:322.91283942339925
step:3600/3600, q_loss:-1.9280445822342126e-05, rewards:-1.7506710290908813, queue:1.1791666746139526, delay:0.06542772799730301, throughput:2934
episode:118/250, real avg travel time:323.01877304726787
step:3600/3600, q_loss:-1.6231784657402723e-05, rewards:-1.7335184812545776, queue:1.1657986640930176, delay:0.06447573006153107, throughput:2931
episode:119/250, real avg travel time:322.58397586322496
step:3600/3600, q_loss:-2.0674554764776044e-05, rewards:-1.6439582109451294, queue:1.1026041507720947, delay:0.06062420830130577, throughput:2932
episode:120/250, real avg travel time:321.22862889708347
Test step:120/250, travel time :320.4240697284613, rewards:-1.6135646104812622, queue:1.0831596851348877, delay:0.060670025646686554, throughput:2932
New best TEST travel time 320.4241 at episode 120, saved as best checkpoint
step:3600/3600, q_loss:-1.9717649168645344e-05, rewards:-1.719583511352539, queue:1.1607638597488403, delay:0.06467370688915253, throughput:2931
episode:121/250, real avg travel time:322.3660744217231
step:3600/3600, q_loss:-1.8974950890643177e-05, rewards:-1.7091434001922607, queue:1.1550347805023193, delay:0.06389538943767548, throughput:2930
episode:122/250, real avg travel time:322.00703989272546
step:3600/3600, q_loss:-1.7107348604541685e-05, rewards:-1.7163655757904053, queue:1.1541666984558105, delay:0.06385695934295654, throughput:2931
episode:123/250, real avg travel time:322.38719409989943
step:3600/3600, q_loss:-1.8598148663942183e-05, rewards:-1.6963657140731812, queue:1.1432291269302368, delay:0.06303741037845612, throughput:2930
episode:124/250, real avg travel time:322.2524304391552
step:3600/3600, q_loss:-2.2491456561342435e-05, rewards:-1.638634204864502, queue:1.1019097566604614, delay:0.061024539172649384, throughput:2931
episode:125/250, real avg travel time:320.8665772712035
Test step:125/250, travel time :320.18773047267854, rewards:-1.5982869863510132, queue:1.0748263597488403, delay:0.06122599169611931, throughput:2930
New best TEST travel time 320.1877 at episode 125, saved as best checkpoint
step:3600/3600, q_loss:-2.848303648298261e-05, rewards:-1.713240385055542, queue:1.1545138359069824, delay:0.06348676979541779, throughput:2933
episode:126/250, real avg travel time:322.0311766677841
step:3600/3600, q_loss:-1.6377583206458776e-05, rewards:-1.6608564853668213, queue:1.1178818941116333, delay:0.06256707012653351, throughput:2934
episode:127/250, real avg travel time:321.25645323499833
step:3600/3600, q_loss:-1.6627255482254207e-05, rewards:-1.764189600944519, queue:1.1967014074325562, delay:0.06588137149810791, throughput:2931
episode:128/250, real avg travel time:322.80925243043913
step:3600/3600, q_loss:-1.6717032175856054e-05, rewards:-1.7130327224731445, queue:1.1609375476837158, delay:0.06384038925170898, throughput:2932
episode:129/250, real avg travel time:322.0479383171304
step:3600/3600, q_loss:-2.336386360521256e-05, rewards:-1.7336112260818481, queue:1.174131989479065, delay:0.06377508491277695, throughput:2932
episode:130/250, real avg travel time:322.2531009051291
Test step:130/250, travel time :319.56956084478713, rewards:-1.5621294975280762, queue:1.050694465637207, delay:0.059505198150873184, throughput:2931
New best TEST travel time 319.5696 at episode 130, saved as best checkpoint
step:3600/3600, q_loss:-1.914792336282079e-05, rewards:-1.7206480503082275, queue:1.1614583730697632, delay:0.06369619816541672, throughput:2930
episode:131/250, real avg travel time:322.0804559168622
step:3600/3600, q_loss:-2.4649799646188814e-05, rewards:-1.670902967453003, queue:1.128819465637207, delay:0.06342480331659317, throughput:2931
episode:132/250, real avg travel time:321.29668119342944
step:3600/3600, q_loss:-1.5305944382109575e-05, rewards:-1.6425693035125732, queue:1.1046874523162842, delay:0.06169646605849266, throughput:2932
episode:133/250, real avg travel time:321.01575595038554
step:3600/3600, q_loss:-2.2920665732170973e-05, rewards:-1.7152546644210815, queue:1.1612846851348877, delay:0.06268967688083649, throughput:2935
episode:134/250, real avg travel time:322.21421387864564
step:3600/3600, q_loss:-1.5384162489445537e-05, rewards:-1.6134026050567627, queue:1.079687476158142, delay:0.060815393924713135, throughput:2931
episode:135/250, real avg travel time:320.64901106268854
Test step:135/250, travel time :319.3017096882333, rewards:-1.5380324125289917, queue:1.0345486402511597, delay:0.058438196778297424, throughput:2931
New best TEST travel time 319.3017 at episode 135, saved as best checkpoint
step:3600/3600, q_loss:-2.0584568308010973e-05, rewards:-1.6382867097854614, queue:1.1041666269302368, delay:0.06040161848068237, throughput:2932
episode:136/250, real avg travel time:320.990948709353
step:3600/3600, q_loss:-1.3981096735396596e-05, rewards:-1.6125234365463257, queue:1.0807291269302368, delay:0.05958898738026619, throughput:2928
episode:137/250, real avg travel time:320.67147167281263
step:3600/3600, q_loss:-2.2555933295128246e-05, rewards:-1.590509057044983, queue:1.066319465637207, delay:0.05845308303833008, throughput:2930
episode:138/250, real avg travel time:320.3945692256118
step:3600/3600, q_loss:-2.9499969591766044e-05, rewards:-1.5726157426834106, queue:1.0546875, delay:0.059546492993831635, throughput:2929
episode:139/250, real avg travel time:319.85283271873953
step:3600/3600, q_loss:-1.9820099718075384e-05, rewards:-1.5950924158096313, queue:1.0710068941116333, delay:0.05969689041376114, throughput:2933
episode:140/250, real avg travel time:320.0583305397251
Test step:140/250, travel time :318.4562520952062, rewards:-1.4950926303863525, queue:1.005555510520935, delay:0.057354725897312164, throughput:2932
New best TEST travel time 318.4563 at episode 140, saved as best checkpoint
step:3600/3600, q_loss:-2.3870333636834943e-05, rewards:-1.6157640218734741, queue:1.087499976158142, delay:0.06028037518262863, throughput:2932
episode:141/250, real avg travel time:320.58967482400266
step:3600/3600, q_loss:-3.2837125278698904e-05, rewards:-1.629814624786377, queue:1.1001735925674438, delay:0.06007933244109154, throughput:2930
episode:142/250, real avg travel time:320.8186389540731
step:3600/3600, q_loss:-2.1850455905897197e-05, rewards:-1.5670603513717651, queue:1.0534722805023193, delay:0.05845957249403, throughput:2928
episode:143/250, real avg travel time:319.981897418706
step:3600/3600, q_loss:-1.6961628851411793e-05, rewards:-1.5878009796142578, queue:1.072569489479065, delay:0.06067918613553047, throughput:2933
episode:144/250, real avg travel time:320.0811263828361
step:3600/3600, q_loss:-2.515507469609104e-05, rewards:-1.6282175779342651, queue:1.1015625, delay:0.06039523705840111, throughput:2934
episode:145/250, real avg travel time:320.6553804894402
Test step:145/250, travel time :317.5346966141468, rewards:-1.439884066581726, queue:0.9635416865348816, delay:0.05585268512368202, throughput:2932
New best TEST travel time 317.5347 at episode 145, saved as best checkpoint
step:3600/3600, q_loss:-2.4120965907867585e-05, rewards:-1.5951389074325562, queue:1.0734374523162842, delay:0.05985856428742409, throughput:2930
episode:146/250, real avg travel time:320.2611464968153
step:3600/3600, q_loss:-1.6759921089504605e-05, rewards:-1.5870832204818726, queue:1.066493034362793, delay:0.059887323528528214, throughput:2929
episode:147/250, real avg travel time:320.131076097888
step:3600/3600, q_loss:-1.9741625982095247e-05, rewards:-1.6040507555007935, queue:1.0883680582046509, delay:0.06094776839017868, throughput:2931
episode:148/250, real avg travel time:320.29668119342944
step:3600/3600, q_loss:-2.891826044543888e-05, rewards:-1.6093980073928833, queue:1.076562523841858, delay:0.05968042090535164, throughput:2930
episode:149/250, real avg travel time:320.63157894736844
step:3600/3600, q_loss:-2.388086415723794e-05, rewards:-1.604305386543274, queue:1.0809028148651123, delay:0.06099961698055267, throughput:2931
episode:150/250, real avg travel time:320.42876299027824
Test step:150/250, travel time :317.9993295340262, rewards:-1.465023159980774, queue:0.9850694537162781, delay:0.05787103623151779, throughput:2932
step:3600/3600, q_loss:-1.2333082957883125e-05, rewards:-1.5474073886871338, queue:1.0355902910232544, delay:0.059375032782554626, throughput:2933
episode:151/250, real avg travel time:319.70968823332214
step:3600/3600, q_loss:-2.8440462106286927e-05, rewards:-1.5316201448440552, queue:1.0282986164093018, delay:0.058487679809331894, throughput:2934
episode:152/250, real avg travel time:319.1102916526986
step:3600/3600, q_loss:-2.043380022600845e-05, rewards:-1.5527081489562988, queue:1.0451388359069824, delay:0.05825243145227432, throughput:2932
episode:153/250, real avg travel time:319.6061012403621
step:3600/3600, q_loss:-1.9933066235993195e-05, rewards:-1.5873609781265259, queue:1.0684027671813965, delay:0.05995099991559982, throughput:2931
episode:154/250, real avg travel time:320.2021454911163
step:3600/3600, q_loss:-2.6962989122020428e-05, rewards:-1.5450928211212158, queue:1.0366319417953491, delay:0.05826412886381149, throughput:2931
episode:155/250, real avg travel time:319.4720080455917
Test step:155/250, travel time :317.50921890714045, rewards:-1.441226840019226, queue:0.96875, delay:0.057130634784698486, throughput:2931
New best TEST travel time 317.5092 at episode 155, saved as best checkpoint
step:3600/3600, q_loss:-2.7166602645862708e-05, rewards:-1.5341434478759766, queue:1.033506989479065, delay:0.05798295512795448, throughput:2932
episode:156/250, real avg travel time:319.14582634931276
step:3600/3600, q_loss:-1.8469541531952997e-05, rewards:-1.491597294807434, queue:1.000173568725586, delay:0.056325625628232956, throughput:2931
episode:157/250, real avg travel time:318.72142138786455
step:3600/3600, q_loss:-2.1030046088896968e-05, rewards:-1.5096756219863892, queue:1.0131944417953491, delay:0.05688648298382759, throughput:2931
episode:158/250, real avg travel time:319.19778746228627
step:3600/3600, q_loss:-2.1414812956074324e-05, rewards:-1.5063656568527222, queue:1.007638931274414, delay:0.05620085820555687, throughput:2934
episode:159/250, real avg travel time:319.1786791820315
step:3600/3600, q_loss:-2.2971207228558204e-05, rewards:-1.5512734651565552, queue:1.0418403148651123, delay:0.05868935212492943, throughput:2932
episode:160/250, real avg travel time:319.50016761649346
Test step:160/250, travel time :316.51190077103587, rewards:-1.3821295499801636, queue:0.9289930462837219, delay:0.054147541522979736, throughput:2931
New best TEST travel time 316.5119 at episode 160, saved as best checkpoint
step:3600/3600, q_loss:-2.3710648141180474e-05, rewards:-1.5070831775665283, queue:1.0074652433395386, delay:0.05734575167298317, throughput:2934
episode:161/250, real avg travel time:318.8883674153537
step:3600/3600, q_loss:-3.0239025363698602e-05, rewards:-1.488518476486206, queue:0.9970486164093018, delay:0.056430261582136154, throughput:2934
episode:162/250, real avg travel time:318.556486758297
step:3600/3600, q_loss:-2.9092144298677643e-05, rewards:-1.4935414791107178, queue:0.9982638955116272, delay:0.057632606476545334, throughput:2931
episode:163/250, real avg travel time:318.7093530003352
step:3600/3600, q_loss:-2.4681999693038287e-05, rewards:-1.487430453300476, queue:0.996006965637207, delay:0.056623656302690506, throughput:2932
episode:164/250, real avg travel time:318.7157224270868
step:3600/3600, q_loss:-2.5801500844493234e-05, rewards:-1.4939351081848145, queue:0.9967013597488403, delay:0.056968603283166885, throughput:2931
episode:165/250, real avg travel time:318.76366074421725
Test step:165/250, travel time :316.50251424740196, rewards:-1.3690741062164307, queue:0.9173611402511597, delay:0.053595732897520065, throughput:2933
New best TEST travel time 316.5025 at episode 165, saved as best checkpoint
step:3600/3600, q_loss:-2.3262385932159506e-05, rewards:-1.4982174634933472, queue:1.0045138597488403, delay:0.05681696906685829, throughput:2930
episode:166/250, real avg travel time:318.70130740864903
step:3600/3600, q_loss:-1.2851298810414005e-05, rewards:-1.5042359828948975, queue:1.0050346851348877, delay:0.057190343737602234, throughput:2932
episode:167/250, real avg travel time:318.8253436138116
step:3600/3600, q_loss:-2.4542979641679534e-05, rewards:-1.5341203212738037, queue:1.0251736640930176, delay:0.0580483004450798, throughput:2930
episode:168/250, real avg travel time:319.5497820985585
step:3600/3600, q_loss:-2.5478291273530986e-05, rewards:-1.4876154661178589, queue:0.9925346970558167, delay:0.056361377239227295, throughput:2931
episode:169/250, real avg travel time:318.77338250083807
step:3600/3600, q_loss:-1.0024394119951736e-05, rewards:-1.4714351892471313, queue:0.984375, delay:0.05601891875267029, throughput:2932
episode:170/250, real avg travel time:318.48005363727793
Test step:170/250, travel time :316.3955749245726, rewards:-1.3309259414672852, queue:0.8829861283302307, delay:0.05210886523127556, throughput:2931
New best TEST travel time 316.3956 at episode 170, saved as best checkpoint
step:3600/3600, q_loss:-2.924748685607618e-05, rewards:-1.4664350748062134, queue:0.9751735925674438, delay:0.055745743215084076, throughput:2931
episode:171/250, real avg travel time:318.56855514582634
step:3600/3600, q_loss:-1.8892706483947456e-05, rewards:-1.461249828338623, queue:0.9706597328186035, delay:0.05445178970694542, throughput:2929
episode:172/250, real avg travel time:318.4720080455917
step:3600/3600, q_loss:-2.844442992850586e-05, rewards:-1.449398159980774, queue:0.9611111283302307, delay:0.05500158667564392, throughput:2931
episode:173/250, real avg travel time:318.312101910828
step:3600/3600, q_loss:-2.2774741066516274e-05, rewards:-1.493287205696106, queue:0.9947916865348816, delay:0.05627698451280594, throughput:2934
episode:174/250, real avg travel time:319.06402950050284
step:3600/3600, q_loss:-5.44992486808311e-06, rewards:-1.412824034690857, queue:0.9439235925674438, delay:0.054394859820604324, throughput:2931
episode:175/250, real avg travel time:317.7247737177338
Test step:175/250, travel time :317.018102581294, rewards:-1.362361192703247, queue:0.8975694179534912, delay:0.05213164910674095, throughput:2932
step:3600/3600, q_loss:-2.6843746093584707e-05, rewards:-1.4205554723739624, queue:0.9404513835906982, delay:0.0539136566221714, throughput:2932
episode:176/250, real avg travel time:318.05866577271206
step:3600/3600, q_loss:-2.3463948983354147e-05, rewards:-1.447245478630066, queue:0.9663194417953491, delay:0.05590752512216568, throughput:2930
episode:177/250, real avg travel time:318.17499161917533
step:3600/3600, q_loss:-2.979182226462635e-05, rewards:-1.429953694343567, queue:0.9489583373069763, delay:0.05494627356529236, throughput:2931
episode:178/250, real avg travel time:317.9664767013074
step:3600/3600, q_loss:-1.8359321661086545e-05, rewards:-1.4663889408111572, queue:0.9769096970558167, delay:0.055371180176734924, throughput:2930
episode:179/250, real avg travel time:318.52329869259137
step:3600/3600, q_loss:-2.3103090589521106e-05, rewards:-1.4337036609649658, queue:0.9545139074325562, delay:0.05524148792028427, throughput:2932
episode:180/250, real avg travel time:318.1371102916527
Test step:180/250, travel time :316.4874287629903, rewards:-1.331180453300476, queue:0.878993034362793, delay:0.05195606127381325, throughput:2931
step:3600/3600, q_loss:-2.0424542620916058e-05, rewards:-1.416990876197815, queue:0.9418402910232544, delay:0.05372266843914986, throughput:2932
episode:181/250, real avg travel time:318.0217901441502
step:3600/3600, q_loss:-1.5261702679304613e-05, rewards:-1.4465508460998535, queue:0.9607638716697693, delay:0.05508812144398689, throughput:2934
episode:182/250, real avg travel time:318.4156889037881
step:3600/3600, q_loss:-1.6025261289474588e-05, rewards:-1.4365507364273071, queue:0.9534721970558167, delay:0.05443831905722618, throughput:2933
episode:183/250, real avg travel time:318.3456252095206
step:3600/3600, q_loss:-1.4168107278507066e-05, rewards:-1.4775692224502563, queue:0.9833333492279053, delay:0.05565720796585083, throughput:2933
episode:184/250, real avg travel time:318.94468655715724
step:3600/3600, q_loss:-2.059490609638117e-05, rewards:-1.4099538326263428, queue:0.9357638955116272, delay:0.053649649024009705, throughput:2933
episode:185/250, real avg travel time:317.78243379148506
Test step:185/250, travel time :315.95373784780423, rewards:-1.3048378229141235, queue:0.8661458492279053, delay:0.051092687994241714, throughput:2931
New best TEST travel time 315.9537 at episode 185, saved as best checkpoint
step:3600/3600, q_loss:-1.939442504576787e-05, rewards:-1.4594441652297974, queue:0.9678819179534912, delay:0.05503033474087715, throughput:2932
episode:186/250, real avg travel time:318.5833053972511
step:3600/3600, q_loss:-3.1784111396754505e-05, rewards:-1.4467822313308716, queue:0.9623264074325562, delay:0.05493663251399994, throughput:2933
episode:187/250, real avg travel time:318.2333221589004
step:3600/3600, q_loss:-2.097877387078134e-05, rewards:-1.415555715560913, queue:0.9446180462837219, delay:0.05316046625375748, throughput:2933
episode:188/250, real avg travel time:317.7660073751257
step:3600/3600, q_loss:-2.5866933800797496e-05, rewards:-1.454282283782959, queue:0.9677083492279053, delay:0.05464654415845871, throughput:2932
episode:189/250, real avg travel time:318.7472343278579
step:3600/3600, q_loss:-1.7100151766229557e-05, rewards:-1.4330554008483887, queue:0.9541666507720947, delay:0.054477840662002563, throughput:2934
episode:190/250, real avg travel time:318.2135434126718
Test step:190/250, travel time :316.73248407643314, rewards:-1.3460876941680908, queue:0.8873263597488403, delay:0.05233358219265938, throughput:2931
step:3600/3600, q_loss:-1.1984327553633464e-05, rewards:-1.4026620388031006, queue:0.9331597089767456, delay:0.053460173308849335, throughput:2932
episode:191/250, real avg travel time:317.67046597385183
step:3600/3600, q_loss:-1.595763988680793e-05, rewards:-1.4054629802703857, queue:0.9326388835906982, delay:0.05366390943527222, throughput:2932
episode:192/250, real avg travel time:317.81193429433455
step:3600/3600, q_loss:-2.061866861940534e-05, rewards:-1.3884259462356567, queue:0.9144096970558167, delay:0.05333050712943077, throughput:2932
episode:193/250, real avg travel time:317.4150184378143
step:3600/3600, q_loss:-1.1672327915827434e-05, rewards:-1.4478702545166016, queue:0.9595485925674438, delay:0.05560976266860962, throughput:2933
episode:194/250, real avg travel time:318.37814280925244
step:3600/3600, q_loss:-1.810392487742421e-05, rewards:-1.3655091524124146, queue:0.9017361402511597, delay:0.053100574761629105, throughput:2932
episode:195/250, real avg travel time:316.77237680187733
Test step:195/250, travel time :316.10828025477707, rewards:-1.324814796447754, queue:0.878993034362793, delay:0.05303361266851425, throughput:2933
step:3600/3600, q_loss:-2.3404990335822932e-05, rewards:-1.3938888311386108, queue:0.9208333492279053, delay:0.054335445165634155, throughput:2930
episode:196/250, real avg travel time:317.384512236004
step:3600/3600, q_loss:-2.1006194206334098e-05, rewards:-1.407569408416748, queue:0.9322916865348816, delay:0.05525538697838783, throughput:2930
episode:197/250, real avg travel time:317.4773717733825
step:3600/3600, q_loss:-7.19579984433949e-06, rewards:-1.3710877895355225, queue:0.9053819179534912, delay:0.05266391485929489, throughput:2932
episode:198/250, real avg travel time:317.0516258799866
step:3600/3600, q_loss:-1.5894567305049685e-05, rewards:-1.388564944267273, queue:0.9215278029441833, delay:0.05468070134520531, throughput:2932
episode:199/250, real avg travel time:317.1193429433456
step:3600/3600, q_loss:-1.0619932005216402e-05, rewards:-1.4016896486282349, queue:0.9241319298744202, delay:0.05465998128056526, throughput:2934
episode:200/250, real avg travel time:317.27723768018774
Test step:200/250, travel time :315.40797854508884, rewards:-1.2864352464675903, queue:0.8496527671813965, delay:0.051098600029945374, throughput:2932
New best TEST travel time 315.4080 at episode 200, saved as best checkpoint
step:3600/3600, q_loss:-2.31519378118079e-05, rewards:-1.3997915983200073, queue:0.9319444298744202, delay:0.05454175919294357, throughput:2931
episode:201/250, real avg travel time:317.42004693261816
step:3600/3600, q_loss:-1.184251989427678e-05, rewards:-1.3534489870071411, queue:0.8975694179534912, delay:0.053333304822444916, throughput:2932
episode:202/250, real avg travel time:316.73281930942005
step:3600/3600, q_loss:-1.8359078482414284e-05, rewards:-1.3525694608688354, queue:0.8923611044883728, delay:0.052633244544267654, throughput:2932
episode:203/250, real avg travel time:316.5165940328528
step:3600/3600, q_loss:-8.311100989683635e-06, rewards:-1.3459490537643433, queue:0.8914930820465088, delay:0.05242810770869255, throughput:2932
episode:204/250, real avg travel time:316.3442842775729
step:3600/3600, q_loss:3.283090794596959e-06, rewards:-1.3858565092086792, queue:0.9220486283302307, delay:0.05441204085946083, throughput:2932
episode:205/250, real avg travel time:317.05766007375126
Test step:205/250, travel time :315.48172980221256, rewards:-1.293217658996582, queue:0.8600694537162781, delay:0.051360033452510834, throughput:2931
step:3600/3600, q_loss:-1.6990666335914283e-05, rewards:-1.3924767971038818, queue:0.9274305701255798, delay:0.05457597225904465, throughput:2932
episode:206/250, real avg travel time:317.09621186724775
step:3600/3600, q_loss:-2.208715126875581e-05, rewards:-1.3604629039764404, queue:0.9005208611488342, delay:0.05201350897550583, throughput:2933
episode:207/250, real avg travel time:316.81528662420385
step:3600/3600, q_loss:-6.782965458653592e-06, rewards:-1.3290972709655762, queue:0.879687488079071, delay:0.05206209793686867, throughput:2932
episode:208/250, real avg travel time:316.1615822996983
step:3600/3600, q_loss:-1.0285807150433322e-05, rewards:-1.3473378419876099, queue:0.8934027552604675, delay:0.05215645954012871, throughput:2932
episode:209/250, real avg travel time:316.47267851156556
step:3600/3600, q_loss:-1.8138062538734328e-05, rewards:-1.3663889169692993, queue:0.9086805582046509, delay:0.05273570120334625, throughput:2932
episode:210/250, real avg travel time:317.02648340596716
Test step:210/250, travel time :315.0707341602414, rewards:-1.2537035942077637, queue:0.8255208134651184, delay:0.04834882542490959, throughput:2933
New best TEST travel time 315.0707 at episode 210, saved as best checkpoint
step:3600/3600, q_loss:-1.3494983539675122e-05, rewards:-1.340347409248352, queue:0.8862847089767456, delay:0.051822301000356674, throughput:2934
episode:211/250, real avg travel time:316.54307743882
step:3600/3600, q_loss:-1.652704867646443e-05, rewards:-1.333587884902954, queue:0.8835069537162781, delay:0.051061470061540604, throughput:2933
episode:212/250, real avg travel time:316.43278578612137
step:3600/3600, q_loss:-1.910051764247732e-05, rewards:-1.429421305656433, queue:0.9508680701255798, delay:0.05498809739947319, throughput:2931
episode:213/250, real avg travel time:318.0385517934965
step:3600/3600, q_loss:-1.4888916350038793e-05, rewards:-1.3643749952316284, queue:0.9059028029441833, delay:0.05177327245473862, throughput:2933
episode:214/250, real avg travel time:316.9896077774053
step:3600/3600, q_loss:-1.5846080970260557e-05, rewards:-1.34391188621521, queue:0.8958333134651184, delay:0.05354291573166847, throughput:2932
episode:215/250, real avg travel time:316.4683204827355
Test step:215/250, travel time :315.2111967817633, rewards:-1.2642592191696167, queue:0.8359375, delay:0.049779437482357025, throughput:2931
step:3600/3600, q_loss:-1.2328897395895586e-05, rewards:-1.360277771949768, queue:0.9019097089767456, delay:0.05207770690321922, throughput:2932
episode:216/250, real avg travel time:316.75125712370095
step:3600/3600, q_loss:-3.7140940548852087e-06, rewards:-1.3608100414276123, queue:0.9046875238418579, delay:0.052081551402807236, throughput:2932
episode:217/250, real avg travel time:316.69527321488437
step:3600/3600, q_loss:-1.6408061600048785e-05, rewards:-1.336828589439392, queue:0.8821180462837219, delay:0.05178332328796387, throughput:2933
episode:218/250, real avg travel time:316.4834059671472
step:3600/3600, q_loss:-1.5293546150335007e-05, rewards:-1.3464581966400146, queue:0.8934027552604675, delay:0.052010685205459595, throughput:2933
episode:219/250, real avg travel time:316.6429768689239
step:3600/3600, q_loss:-2.4808301909447268e-05, rewards:-1.365671157836914, queue:0.9067708253860474, delay:0.052025213837623596, throughput:2930
episode:220/250, real avg travel time:316.93228293664095
Test step:220/250, travel time :315.8702648340597, rewards:-1.3011341094970703, queue:0.8590278029441833, delay:0.04994157701730728, throughput:2930
step:3600/3600, q_loss:-2.059411016051416e-05, rewards:-1.3735648393630981, queue:0.9111111164093018, delay:0.05312393978238106, throughput:2931
episode:221/250, real avg travel time:316.945692256118
step:3600/3600, q_loss:-2.2490707191604153e-06, rewards:-1.4083564281463623, queue:0.9354166388511658, delay:0.053500376641750336, throughput:2934
episode:222/250, real avg travel time:317.68219912839425
step:3600/3600, q_loss:-1.3897190715565727e-05, rewards:-1.378379464149475, queue:0.9076389074325562, delay:0.05181072652339935, throughput:2933
episode:223/250, real avg travel time:317.21019108280257
step:3600/3600, q_loss:-1.0887091371437742e-05, rewards:-1.396458387374878, queue:0.9361110925674438, delay:0.05426834523677826, throughput:2932
episode:224/250, real avg travel time:317.2008045591686
step:3600/3600, q_loss:-1.4937812941045397e-05, rewards:-1.3847684860229492, queue:0.9170138835906982, delay:0.052056025713682175, throughput:2929
episode:225/250, real avg travel time:317.2011397921556
Test step:225/250, travel time :315.91451558833387, rewards:-1.3030322790145874, queue:0.8621527552604675, delay:0.05005083978176117, throughput:2930
step:3600/3600, q_loss:-1.560496322646806e-05, rewards:-1.3908101320266724, queue:0.9230902791023254, delay:0.05239667743444443, throughput:2932
episode:226/250, real avg travel time:317.2701977874623
step:3600/3600, q_loss:-2.3914198822307364e-05, rewards:-1.3459491729736328, queue:0.8927083611488342, delay:0.0503351092338562, throughput:2932
episode:227/250, real avg travel time:316.8786456587328
step:3600/3600, q_loss:-1.2713925766379192e-05, rewards:-1.3354860544204712, queue:0.8842014074325562, delay:0.05024765804409981, throughput:2932
episode:228/250, real avg travel time:316.43010392222595
step:3600/3600, q_loss:-1.4123501777821394e-05, rewards:-1.3753238916397095, queue:0.9078124761581421, delay:0.05105096101760864, throughput:2931
episode:229/250, real avg travel time:317.253436138116
step:3600/3600, q_loss:-8.388648145935602e-06, rewards:-1.3650692701339722, queue:0.9039930701255798, delay:0.051940154284238815, throughput:2930
episode:230/250, real avg travel time:316.94602748910495
Test step:230/250, travel time :315.031511900771, rewards:-1.2546297311782837, queue:0.8289930820465088, delay:0.048863645642995834, throughput:2931
New best TEST travel time 315.0315 at episode 230, saved as best checkpoint
step:3600/3600, q_loss:-1.6568464666811957e-05, rewards:-1.3694674968719482, queue:0.9107638597488403, delay:0.05236678570508957, throughput:2932
episode:231/250, real avg travel time:317.05464297686893
step:3600/3600, q_loss:-1.8253366687093622e-05, rewards:-1.3637036085128784, queue:0.9067708253860474, delay:0.05278215557336807, throughput:2933
episode:232/250, real avg travel time:316.9601072745558
step:3600/3600, q_loss:-2.5265449679594626e-05, rewards:-1.2953472137451172, queue:0.8532986044883728, delay:0.05058399960398674, throughput:2934
episode:233/250, real avg travel time:315.7680187730473
step:3600/3600, q_loss:-1.7824562921844145e-05, rewards:-1.3056713342666626, queue:0.8626736402511597, delay:0.050130754709243774, throughput:2933
episode:234/250, real avg travel time:315.99463627220916
step:3600/3600, q_loss:-1.340316009224841e-06, rewards:-1.3384259939193726, queue:0.8869791626930237, delay:0.051499780267477036, throughput:2933
episode:235/250, real avg travel time:316.3731143144485
Test step:235/250, travel time :315.67851156553803, rewards:-1.2974766492843628, queue:0.8602430820465088, delay:0.05164574459195137, throughput:2934
step:3600/3600, q_loss:-1.1542140338052477e-05, rewards:-1.3633100986480713, queue:0.9088541865348816, delay:0.05373651161789894, throughput:2932
episode:236/250, real avg travel time:316.7589674824003
step:3600/3600, q_loss:-1.592045613236863e-05, rewards:-1.315740704536438, queue:0.8729166388511658, delay:0.051185548305511475, throughput:2930
episode:237/250, real avg travel time:316.0697284612806
step:3600/3600, q_loss:-1.0694275692070799e-05, rewards:-1.3597220182418823, queue:0.903124988079071, delay:0.05328180640935898, throughput:2933
episode:238/250, real avg travel time:316.7489104927925
step:3600/3600, q_loss:-2.1227056384776478e-05, rewards:-1.3051387071609497, queue:0.8651041388511658, delay:0.050508614629507065, throughput:2933
episode:239/250, real avg travel time:315.9674824002682
step:3600/3600, q_loss:-1.4337067841552199e-05, rewards:-1.3265275955200195, queue:0.8755208253860474, delay:0.050847213715314865, throughput:2932
episode:240/250, real avg travel time:316.27790814616156
Test step:240/250, travel time :315.6972846128059, rewards:-1.2905322313308716, queue:0.8510416746139526, delay:0.049914535135030746, throughput:2932
step:3600/3600, q_loss:-1.717471944478651e-05, rewards:-1.3569444417953491, queue:0.8963541388511658, delay:0.05126890540122986, throughput:2932
episode:241/250, real avg travel time:316.88266845457593
step:3600/3600, q_loss:-3.7408887658751124e-06, rewards:-1.3146990537643433, queue:0.8661458492279053, delay:0.049824170768260956, throughput:2930
episode:242/250, real avg travel time:316.131076097888
step:3600/3600, q_loss:-2.3542618253958167e-05, rewards:-1.3471065759658813, queue:0.8855902552604675, delay:0.051261551678180695, throughput:2933
episode:243/250, real avg travel time:316.83305397251087
step:3600/3600, q_loss:-2.3880586754616904e-05, rewards:-1.3214582204818726, queue:0.8699652552604675, delay:0.04980245232582092, throughput:2931
episode:244/250, real avg travel time:316.4260811263828
step:3600/3600, q_loss:-2.6194526193042596e-05, rewards:-1.3812499046325684, queue:0.917881965637207, delay:0.051281366497278214, throughput:2930
episode:245/250, real avg travel time:317.4964800536373
Test step:245/250, travel time :315.524974857526, rewards:-1.2703007459640503, queue:0.8314236402511597, delay:0.04954150691628456, throughput:2930
step:3600/3600, q_loss:-1.7212208412173723e-05, rewards:-1.335092544555664, queue:0.8777777552604675, delay:0.05008259788155556, throughput:2931
episode:246/250, real avg travel time:316.68890378813273
step:3600/3600, q_loss:-2.2177393354165058e-05, rewards:-1.332361102104187, queue:0.885937511920929, delay:0.051251452416181564, throughput:2932
episode:247/250, real avg travel time:316.3540060341938
step:3600/3600, q_loss:-1.773154276802584e-05, rewards:-1.3256018161773682, queue:0.8723958134651184, delay:0.050442781299352646, throughput:2930
episode:248/250, real avg travel time:316.5658732819309
step:3600/3600, q_loss:-1.7567685184379418e-05, rewards:-1.3296527862548828, queue:0.875, delay:0.04988060146570206, throughput:2934
episode:249/250, real avg travel time:316.5923566878981
Hyperparameters saved to: data/output_data/tsc/cityflow_hyperlight_mappo/cityflow4x4/c8g64_4x4_seed1/hyperparameters.json
Loaded best checkpoint for final evaluation
Final Travel Time is 315.0315, mean rewards: -1.2546, queue: 0.8290, delay: 0.0489, throughput: 2931
Total time taken: 16283.793568372726
