step:3600/3600, q_loss:0.0002772036409522924, rewards:-12.078365325927734, queue:3.8126983642578125, delay:0.21609309315681458, throughput:3938
episode:0/250, real avg travel time:311.4263585576435
Test step:0/250, travel time :452.13497300539893, rewards:-35.41317367553711, queue:10.704100608825684, delay:0.35052865743637085, throughput:1667
New best TEST travel time 452.1350 at episode 0, saved as best checkpoint
step:3600/3600, q_loss:0.000485079610047655, rewards:-13.371161460876465, queue:3.9781746864318848, delay:0.22327923774719238, throughput:3951
episode:1/250, real avg travel time:354.7975196152873
step:3600/3600, q_loss:0.0001521551198998673, rewards:-10.000869750976562, queue:3.1664021015167236, delay:0.20254747569561005, throughput:4001
episode:2/250, real avg travel time:288.07898025493625
step:3600/3600, q_loss:6.867845319599533e-05, rewards:-8.837567329406738, queue:2.879629611968994, delay:0.1948070079088211, throughput:4008
episode:3/250, real avg travel time:284.1536926147705
step:3600/3600, q_loss:7.087535179582321e-05, rewards:-8.47938060760498, queue:2.842592477798462, delay:0.1919892281293869, throughput:4004
episode:4/250, real avg travel time:293.52997002997
step:3600/3600, q_loss:4.9551428431489816e-05, rewards:-8.22428035736084, queue:2.587698459625244, delay:0.19271910190582275, throughput:3981
episode:5/250, real avg travel time:273.0319015322783
Test step:5/250, travel time :559.2998430141288, rewards:-33.99860763549805, queue:9.198147773742676, delay:0.355294793844223, throughput:1274
step:3600/3600, q_loss:2.5391041546956533e-05, rewards:-7.576370716094971, queue:2.32619047164917, delay:0.18681469559669495, throughput:4007
episode:6/250, real avg travel time:279.4851509857749
step:3600/3600, q_loss:-1.1430650192778558e-05, rewards:-6.565688610076904, queue:2.1052908897399902, delay:0.17605245113372803, throughput:3966
episode:7/250, real avg travel time:280.820726172466
step:3600/3600, q_loss:1.1473093763925135e-05, rewards:-6.515773296356201, queue:2.0916666984558105, delay:0.17998777329921722, throughput:4019
episode:8/250, real avg travel time:291.47374968897736
step:3600/3600, q_loss:1.1813896708190442e-05, rewards:-7.106873989105225, queue:2.244973659515381, delay:0.18636706471443176, throughput:4008
episode:9/250, real avg travel time:299.22080838323353
step:3600/3600, q_loss:2.2980584051563508e-05, rewards:-6.530187129974365, queue:2.027513265609741, delay:0.17463117837905884, throughput:3907
episode:10/250, real avg travel time:314.4783721525467
Test step:10/250, travel time :572.7960057061341, rewards:-33.34713363647461, queue:9.473015785217285, delay:0.3220018744468689, throughput:1402
step:3600/3600, q_loss:-1.0984303500865483e-05, rewards:-5.764699935913086, queue:1.8867725133895874, delay:0.165563702583313, throughput:3954
episode:11/250, real avg travel time:287.10217501264543
step:3600/3600, q_loss:2.2251113356711964e-05, rewards:-6.24066686630249, queue:2.0112433433532715, delay:0.16874371469020844, throughput:3978
episode:12/250, real avg travel time:304.7219708396179
step:3600/3600, q_loss:-8.092734868922788e-06, rewards:-5.633153915405273, queue:1.8133597373962402, delay:0.16521109640598297, throughput:3989
episode:13/250, real avg travel time:265.41865129105037
step:3600/3600, q_loss:1.6625600336636935e-06, rewards:-5.584790229797363, queue:1.7207671403884888, delay:0.16232238709926605, throughput:3942
episode:14/250, real avg travel time:274.37341451040083
step:3600/3600, q_loss:-7.297984848264605e-06, rewards:-5.294562339782715, queue:1.70119047164917, delay:0.16098718345165253, throughput:3942
episode:15/250, real avg travel time:281.2671232876712
Test step:15/250, travel time :482.6295387634936, rewards:-18.93415069580078, queue:5.669312000274658, delay:0.24396952986717224, throughput:2038
step:3600/3600, q_loss:-1.3923267397331074e-05, rewards:-4.913237571716309, queue:1.566534399986267, delay:0.15700004994869232, throughput:3910
episode:16/250, real avg travel time:258.44424552429666
step:3600/3600, q_loss:7.29662788216956e-06, rewards:-5.159821033477783, queue:1.5734126567840576, delay:0.15322668850421906, throughput:3933
episode:17/250, real avg travel time:254.2001017035342
step:3600/3600, q_loss:0.00014855287218880323, rewards:-6.601165294647217, queue:1.9907407760620117, delay:0.1609010547399521, throughput:3857
episode:18/250, real avg travel time:266.95618356235417
step:3600/3600, q_loss:-8.42454303185352e-06, rewards:-4.492199897766113, queue:1.403174638748169, delay:0.14693929255008698, throughput:3964
episode:19/250, real avg travel time:238.22805247225025
step:3600/3600, q_loss:-6.389590109594994e-06, rewards:-4.302338600158691, queue:1.4314814805984497, delay:0.14148901402950287, throughput:3995
episode:20/250, real avg travel time:237.57421777221526
Test step:20/250, travel time :310.7894736842105, rewards:-13.28191089630127, queue:4.224735260009766, delay:0.20018179714679718, throughput:3401
New best TEST travel time 310.7895 at episode 20, saved as best checkpoint
step:3600/3600, q_loss:4.3946567489506886e-05, rewards:-5.402756214141846, queue:1.6753968000411987, delay:0.14901641011238098, throughput:3965
episode:21/250, real avg travel time:249.26935687263557
step:3600/3600, q_loss:2.3267110453970317e-05, rewards:-5.414837837219238, queue:1.6970899105072021, delay:0.14924085140228271, throughput:3982
episode:22/250, real avg travel time:252.7101958814666
step:3600/3600, q_loss:-1.1637356025554861e-05, rewards:-4.049324989318848, queue:1.358201026916504, delay:0.14057795703411102, throughput:3987
episode:23/250, real avg travel time:231.6240280912967
step:3600/3600, q_loss:1.4080201961203582e-06, rewards:-4.306849002838135, queue:1.416534423828125, delay:0.1431407630443573, throughput:4063
episode:24/250, real avg travel time:228.8183608171302
step:3600/3600, q_loss:5.977389890985149e-06, rewards:-4.814338684082031, queue:1.5179893970489502, delay:0.14689841866493225, throughput:4051
episode:25/250, real avg travel time:238.11478647247594
Test step:25/250, travel time :313.6907618476305, rewards:-13.682233810424805, queue:4.419973373413086, delay:0.2021540254354477, throughput:3334
step:3600/3600, q_loss:-1.1796491485761686e-05, rewards:-4.019944190979004, queue:1.3625661134719849, delay:0.140342116355896, throughput:4046
episode:26/250, real avg travel time:222.84354918437964
step:3600/3600, q_loss:2.5097431999812317e-05, rewards:-4.86515998840332, queue:1.6096560955047607, delay:0.14864590764045715, throughput:4057
episode:27/250, real avg travel time:251.80897214690657
step:3600/3600, q_loss:8.365015835604734e-06, rewards:-4.104193210601807, queue:1.3958994150161743, delay:0.14307260513305664, throughput:4045
episode:28/250, real avg travel time:227.7372064276885
step:3600/3600, q_loss:-5.419811431137431e-06, rewards:-3.768803834915161, queue:1.317989468574524, delay:0.13985177874565125, throughput:4063
episode:29/250, real avg travel time:223.3824760029535
step:3600/3600, q_loss:-6.3110570610863055e-06, rewards:-3.876284122467041, queue:1.3653439283370972, delay:0.13774849474430084, throughput:4053
episode:30/250, real avg travel time:231.85146804835924
Test step:30/250, travel time :415.8441080196399, rewards:-16.51873016357422, queue:4.675264358520508, delay:0.20847077667713165, throughput:2444
step:3600/3600, q_loss:-4.633090268018552e-06, rewards:-3.3096909523010254, queue:1.2165343761444092, delay:0.13063105940818787, throughput:4038
episode:31/250, real avg travel time:222.28207033184745
step:3600/3600, q_loss:7.222688897551658e-05, rewards:-4.725899696350098, queue:1.528174638748169, delay:0.1426704376935959, throughput:4018
episode:32/250, real avg travel time:237.60602289696365
step:3600/3600, q_loss:0.00011021161602305558, rewards:-5.222202777862549, queue:1.6199735403060913, delay:0.1447666883468628, throughput:3998
episode:33/250, real avg travel time:254.94172086043022
step:3600/3600, q_loss:-1.0559384827502072e-05, rewards:-3.669055461883545, queue:1.3612433671951294, delay:0.13631175458431244, throughput:4066
episode:34/250, real avg travel time:223.84997540580423
step:3600/3600, q_loss:-3.4162100443306067e-06, rewards:-3.4090898036956787, queue:1.2525131702423096, delay:0.13482464849948883, throughput:4063
episode:35/250, real avg travel time:223.4602510460251
Test step:35/250, travel time :395.22555594775855, rewards:-14.83483600616455, queue:4.869312286376953, delay:0.2167125940322876, throughput:2833
step:3600/3600, q_loss:-6.555791818148767e-06, rewards:-3.468437671661377, queue:1.2325396537780762, delay:0.13730598986148834, throughput:3991
episode:36/250, real avg travel time:222.27637183663242
step:3600/3600, q_loss:-1.032055984574577e-05, rewards:-3.376840114593506, queue:1.2259259223937988, delay:0.13590724766254425, throughput:4039
episode:37/250, real avg travel time:217.63035404803168
step:3600/3600, q_loss:2.8880548699008716e-06, rewards:-3.899357318878174, queue:1.3629629611968994, delay:0.1386582851409912, throughput:4029
episode:38/250, real avg travel time:230.05162571357658
step:3600/3600, q_loss:-5.850287723458475e-06, rewards:-3.787646532058716, queue:1.2853174209594727, delay:0.14096717536449432, throughput:4028
episode:39/250, real avg travel time:238.12636544190664
step:3600/3600, q_loss:-1.0514324660309487e-07, rewards:-4.205020904541016, queue:1.385449767112732, delay:0.14321914315223694, throughput:3919
episode:40/250, real avg travel time:245.37024751212044
Test step:40/250, travel time :368.8282690337999, rewards:-13.59598159790039, queue:4.49312162399292, delay:0.21332623064517975, throughput:2929
step:3600/3600, q_loss:3.3526602944928324e-06, rewards:-3.5294575691223145, queue:1.2436507940292358, delay:0.13445112109184265, throughput:3934
episode:41/250, real avg travel time:240.21326893746823
step:3600/3600, q_loss:-6.999708097686784e-07, rewards:-3.1856234073638916, queue:1.1358466148376465, delay:0.1320883184671402, throughput:3927
episode:42/250, real avg travel time:229.07028265851795
step:3600/3600, q_loss:-1.7757886477435628e-06, rewards:-3.1340763568878174, queue:1.1408730745315552, delay:0.13279643654823303, throughput:3938
episode:43/250, real avg travel time:230.66937531742002
step:3600/3600, q_loss:-6.951817906358176e-06, rewards:-3.4181456565856934, queue:1.2103174924850464, delay:0.13799478113651276, throughput:3925
episode:44/250, real avg travel time:243.78649681528663
step:3600/3600, q_loss:-1.010789613549908e-05, rewards:-3.3695428371429443, queue:1.2108465433120728, delay:0.13705383241176605, throughput:4053
episode:45/250, real avg travel time:237.2644954354799
Test step:45/250, travel time :379.31353644427304, rewards:-14.765351295471191, queue:4.692327976226807, delay:0.224474236369133, throughput:2593
step:3600/3600, q_loss:-3.9312736286471285e-06, rewards:-3.5674729347229004, queue:1.244444489479065, delay:0.13846777379512787, throughput:3972
episode:46/250, real avg travel time:250.45720040281975
step:3600/3600, q_loss:2.999313389106343e-05, rewards:-4.237269878387451, queue:1.3562169075012207, delay:0.14045467972755432, throughput:4027
episode:47/250, real avg travel time:259.4926744474795
step:3600/3600, q_loss:4.3612521403701975e-05, rewards:-4.516112804412842, queue:1.439814805984497, delay:0.14485865831375122, throughput:3913
episode:48/250, real avg travel time:264.48709430104776
step:3600/3600, q_loss:-1.3047691390966066e-05, rewards:-3.352330207824707, queue:1.1939153671264648, delay:0.13219815492630005, throughput:3978
episode:49/250, real avg travel time:230.50276520864756
step:3600/3600, q_loss:-7.215728328446858e-06, rewards:-2.9786136150360107, queue:1.125925898551941, delay:0.1307014375925064, throughput:4036
episode:50/250, real avg travel time:225.25
Test step:50/250, travel time :348.4181568088033, rewards:-11.365036010742188, queue:3.7670633792877197, delay:0.21037732064723969, throughput:2908
step:3600/3600, q_loss:-6.206575158608353e-06, rewards:-3.1740496158599854, queue:1.170899510383606, delay:0.1338113695383072, throughput:4030
episode:51/250, real avg travel time:228.83126550868485
step:3600/3600, q_loss:-8.505728975352314e-06, rewards:-3.1165146827697754, queue:1.132804274559021, delay:0.13068702816963196, throughput:3956
episode:52/250, real avg travel time:219.99469160768453
step:3600/3600, q_loss:7.85967003644651e-05, rewards:-3.981938600540161, queue:1.365476131439209, delay:0.13492019474506378, throughput:4027
episode:53/250, real avg travel time:236.04817481996523
step:3600/3600, q_loss:-7.93527805298153e-06, rewards:-3.030719041824341, queue:1.1329364776611328, delay:0.1287504881620407, throughput:4034
episode:54/250, real avg travel time:222.0627169062965
step:3600/3600, q_loss:-6.365987792378291e-06, rewards:-3.163585662841797, queue:1.1629629135131836, delay:0.13219372928142548, throughput:3971
episode:55/250, real avg travel time:224.8060941828255
Test step:55/250, travel time :436.8230221222347, rewards:-16.786848068237305, queue:5.125661373138428, delay:0.2318955808877945, throughput:2667
step:3600/3600, q_loss:1.0911738758699762e-05, rewards:-3.7568609714508057, queue:1.3059524297714233, delay:0.13920408487319946, throughput:3959
episode:56/250, real avg travel time:230.09371053296286
step:3600/3600, q_loss:-6.885365170698302e-06, rewards:-3.0360844135284424, queue:1.1529099941253662, delay:0.1312866061925888, throughput:4054
episode:57/250, real avg travel time:228.65293537247163
step:3600/3600, q_loss:-6.2651418880300805e-06, rewards:-3.059135675430298, queue:1.1287037134170532, delay:0.1310073733329773, throughput:4022
episode:58/250, real avg travel time:219.9475385380408
step:3600/3600, q_loss:6.366311249116229e-05, rewards:-3.7654082775115967, queue:1.3161375522613525, delay:0.13856297731399536, throughput:4009
episode:59/250, real avg travel time:239.27812422050386
step:3600/3600, q_loss:-1.0695095988921821e-05, rewards:-3.0906903743743896, queue:1.1190476417541504, delay:0.1304437518119812, throughput:3946
episode:60/250, real avg travel time:224.7133806386214
Test step:60/250, travel time :306.87260318492037, rewards:-12.56611442565918, queue:3.9349205493927, delay:0.18896371126174927, throughput:3077
New best TEST travel time 306.8726 at episode 60, saved as best checkpoint
step:3600/3600, q_loss:-4.271666370590942e-06, rewards:-3.151130199432373, queue:1.1640211343765259, delay:0.13286346197128296, throughput:3972
episode:61/250, real avg travel time:221.87915407854985
step:3600/3600, q_loss:-6.022219652853285e-06, rewards:-3.2693209648132324, queue:1.197619080543518, delay:0.13361789286136627, throughput:4047
episode:62/250, real avg travel time:220.50358290091427
step:3600/3600, q_loss:-6.074125687721082e-06, rewards:-3.033046245574951, queue:1.1626983880996704, delay:0.13270418345928192, throughput:4055
episode:63/250, real avg travel time:211.53686806411838
step:3600/3600, q_loss:-6.57771169143315e-06, rewards:-3.0784411430358887, queue:1.1511905193328857, delay:0.13231496512889862, throughput:4064
episode:64/250, real avg travel time:218.57775590551182
step:3600/3600, q_loss:-4.546242821056189e-06, rewards:-3.497260808944702, queue:1.267724871635437, delay:0.13699094951152802, throughput:4046
episode:65/250, real avg travel time:222.08996539792386
Test step:65/250, travel time :296.7486678507993, rewards:-9.570138931274414, queue:3.1472222805023193, delay:0.194385826587677, throughput:3378
New best TEST travel time 296.7487 at episode 65, saved as best checkpoint
step:3600/3600, q_loss:-3.1181654776446523e-06, rewards:-3.1810903549194336, queue:1.1521164178848267, delay:0.13285857439041138, throughput:4008
episode:66/250, real avg travel time:231.87050898203591
step:3600/3600, q_loss:0.00011929718740349118, rewards:-4.908161640167236, queue:1.5414021015167236, delay:0.14256618916988373, throughput:3973
episode:67/250, real avg travel time:284.96375534860306
step:3600/3600, q_loss:9.980375228527313e-05, rewards:-4.614794731140137, queue:1.4362434148788452, delay:0.1372048705816269, throughput:3885
episode:68/250, real avg travel time:261.94980694980694
step:3600/3600, q_loss:-3.751208472143238e-06, rewards:-3.1951825618743896, queue:1.1292327642440796, delay:0.13168451189994812, throughput:3950
episode:69/250, real avg travel time:240.9432911392405
step:3600/3600, q_loss:0.0002459677272579736, rewards:-6.421998500823975, queue:1.8816137313842773, delay:0.1485947072505951, throughput:3698
episode:70/250, real avg travel time:305.2647376960519
Test step:70/250, travel time :407.10793190872874, rewards:-12.506647109985352, queue:3.898677349090576, delay:0.2246885597705841, throughput:2761
step:3600/3600, q_loss:-4.3275130236805935e-06, rewards:-3.377270221710205, queue:1.2052910327911377, delay:0.13450196385383606, throughput:4010
episode:71/250, real avg travel time:253.14912718204488
step:3600/3600, q_loss:-8.216140041541721e-06, rewards:-3.4771642684936523, queue:1.1919312477111816, delay:0.13735505938529968, throughput:3917
episode:72/250, real avg travel time:248.24202195557825
step:3600/3600, q_loss:7.994315892574377e-05, rewards:-4.738626003265381, queue:1.5136243104934692, delay:0.14406459033489227, throughput:3837
episode:73/250, real avg travel time:276.48110502997133
step:3600/3600, q_loss:-9.439350712151888e-06, rewards:-3.4851927757263184, queue:1.185978889465332, delay:0.13568907976150513, throughput:3995
episode:74/250, real avg travel time:248.49236545682103
step:3600/3600, q_loss:0.00034767826760394706, rewards:-7.047183036804199, queue:1.931746006011963, delay:0.1520129293203354, throughput:3661
episode:75/250, real avg travel time:292.45971046162254
Test step:75/250, travel time :455.07926306769497, rewards:-15.509281158447266, queue:4.702645301818848, delay:0.24320153892040253, throughput:2334
step:3600/3600, q_loss:2.498216215624577e-07, rewards:-3.5140042304992676, queue:1.1884920597076416, delay:0.13689757883548737, throughput:3910
episode:76/250, real avg travel time:250.28772378516624
step:3600/3600, q_loss:-4.941637356144687e-06, rewards:-3.2346482276916504, queue:1.1437830924987793, delay:0.13208313286304474, throughput:4021
episode:77/250, real avg travel time:249.31335488684408
step:3600/3600, q_loss:7.512797730871372e-05, rewards:-4.531977653503418, queue:1.4297618865966797, delay:0.13994178175926208, throughput:3965
episode:78/250, real avg travel time:280.8736443883985
step:3600/3600, q_loss:1.2705966784980975e-06, rewards:-3.5571417808532715, queue:1.206745982170105, delay:0.13554467260837555, throughput:3925
episode:79/250, real avg travel time:251.91617834394904
step:3600/3600, q_loss:7.542250071613428e-05, rewards:-4.47491979598999, queue:1.4399471282958984, delay:0.13769616186618805, throughput:3860
episode:80/250, real avg travel time:284.08756476683936
Test step:80/250, travel time :366.7497460209956, rewards:-10.976967811584473, queue:3.424470901489258, delay:0.19379450380802155, throughput:2953
step:3600/3600, q_loss:-1.8621961418021885e-06, rewards:-3.2872111797332764, queue:1.1632275581359863, delay:0.13099710643291473, throughput:3953
episode:81/250, real avg travel time:241.74576271186442
step:3600/3600, q_loss:0.00012595756610001748, rewards:-4.741862773895264, queue:1.4525132179260254, delay:0.1373240053653717, throughput:3860
episode:82/250, real avg travel time:261.1119170984456
step:3600/3600, q_loss:1.0314628323410742e-06, rewards:-3.6899325847625732, queue:1.2411376237869263, delay:0.13505256175994873, throughput:3983
episode:83/250, real avg travel time:267.5212151644489
step:3600/3600, q_loss:7.443446924702989e-07, rewards:-3.7882368564605713, queue:1.2321428060531616, delay:0.13612031936645508, throughput:3877
episode:84/250, real avg travel time:254.2651534691772
step:3600/3600, q_loss:0.0002209933217576084, rewards:-6.199411392211914, queue:1.757010579109192, delay:0.14480438828468323, throughput:3860
episode:85/250, real avg travel time:296.4896373056995
Test step:85/250, travel time :270.5053792361485, rewards:-4.871166229248047, queue:1.615079402923584, delay:0.1475207805633545, throughput:3718
New best TEST travel time 270.5054 at episode 85, saved as best checkpoint
step:3600/3600, q_loss:6.882533505429618e-05, rewards:-4.056965351104736, queue:1.3514549732208252, delay:0.1353708654642105, throughput:3926
episode:86/250, real avg travel time:259.556800815079
step:3600/3600, q_loss:3.2867217265043616e-06, rewards:-3.211294651031494, queue:1.1132274866104126, delay:0.1313759833574295, throughput:3905
episode:87/250, real avg travel time:241.82637644046096
step:3600/3600, q_loss:0.00017524661088827998, rewards:-4.748631000518799, queue:1.5379629135131836, delay:0.1377972662448883, throughput:3889
episode:88/250, real avg travel time:260.29853432759063
step:3600/3600, q_loss:0.00018651290803164657, rewards:-5.700990676879883, queue:1.7706348896026611, delay:0.1446978747844696, throughput:3750
episode:89/250, real avg travel time:264.97333333333336
step:3600/3600, q_loss:2.8744580049533397e-06, rewards:-2.9628682136535645, queue:1.0993386507034302, delay:0.13007938861846924, throughput:3957
episode:90/250, real avg travel time:230.0477634571645
Test step:90/250, travel time :281.7013138686131, rewards:-7.382954120635986, queue:1.981349229812622, delay:0.1622321754693985, throughput:3425
step:3600/3600, q_loss:7.63461139285937e-07, rewards:-3.249884605407715, queue:1.1567460298538208, delay:0.13149325549602509, throughput:4003
episode:91/250, real avg travel time:242.4129402947789
step:3600/3600, q_loss:1.7806447026992423e-06, rewards:-3.132976531982422, queue:1.1039682626724243, delay:0.13169939815998077, throughput:3967
episode:92/250, real avg travel time:245.3743382908999
step:3600/3600, q_loss:-1.3272200400630633e-06, rewards:-3.1008520126342773, queue:1.110714316368103, delay:0.1279655247926712, throughput:3903
episode:93/250, real avg travel time:234.62080450935179
step:3600/3600, q_loss:0.00010075784909228484, rewards:-4.085891246795654, queue:1.3882274627685547, delay:0.13397733867168427, throughput:3908
episode:94/250, real avg travel time:275.0603889457523
step:3600/3600, q_loss:0.00024374141487189466, rewards:-6.104400157928467, queue:1.7736772298812866, delay:0.14569300413131714, throughput:3673
episode:95/250, real avg travel time:268.44786278246664
Test step:95/250, travel time :265.2028364998662, rewards:-5.070695877075195, queue:1.554894208908081, delay:0.15131212770938873, throughput:3737
New best TEST travel time 265.2028 at episode 95, saved as best checkpoint
step:3600/3600, q_loss:1.5592017451935034e-05, rewards:-3.391676425933838, queue:1.2113757133483887, delay:0.13304105401039124, throughput:3960
episode:96/250, real avg travel time:244.80025252525252
step:3600/3600, q_loss:1.5672829047414577e-06, rewards:-3.0361037254333496, queue:1.1043651103973389, delay:0.12825851142406464, throughput:4012
episode:97/250, real avg travel time:247.76445663010966
step:3600/3600, q_loss:9.027041370346625e-05, rewards:-4.115979194641113, queue:1.313624382019043, delay:0.1366063356399536, throughput:3832
episode:98/250, real avg travel time:263.0722860125261
step:3600/3600, q_loss:4.982553137880233e-07, rewards:-3.530266284942627, queue:1.191269874572754, delay:0.13538742065429688, throughput:3884
episode:99/250, real avg travel time:256.1799691040165
step:3600/3600, q_loss:8.720171333859779e-07, rewards:-3.0557637214660645, queue:1.0690475702285767, delay:0.12806278467178345, throughput:3882
episode:100/250, real avg travel time:241.81993817619784
Test step:100/250, travel time :255.57403314917127, rewards:-4.751344680786133, queue:1.5697089433670044, delay:0.14524701237678528, throughput:3620
New best TEST travel time 255.5740 at episode 100, saved as best checkpoint
step:3600/3600, q_loss:3.2170471968129276e-06, rewards:-3.1595370769500732, queue:1.146560788154602, delay:0.13029664754867554, throughput:4036
episode:101/250, real avg travel time:240.54905847373638
step:3600/3600, q_loss:0.00023282408559074005, rewards:-5.309945106506348, queue:1.6076719760894775, delay:0.13810940086841583, throughput:3890
episode:102/250, real avg travel time:274.3228791773779
step:3600/3600, q_loss:3.977021778054121e-06, rewards:-3.110269546508789, queue:1.112830638885498, delay:0.13120794296264648, throughput:3980
episode:103/250, real avg travel time:251.2894472361809
step:3600/3600, q_loss:3.8750974474371306e-05, rewards:-3.963991403579712, queue:1.314021110534668, delay:0.13782215118408203, throughput:3996
episode:104/250, real avg travel time:259.5783283283283
step:3600/3600, q_loss:0.0001307838607721755, rewards:-5.087831497192383, queue:1.5519840717315674, delay:0.14074617624282837, throughput:3830
episode:105/250, real avg travel time:276.1046997389034
Test step:105/250, travel time :282.5652057004571, rewards:-3.909406900405884, queue:1.2519841194152832, delay:0.13515575230121613, throughput:3719
step:3600/3600, q_loss:0.00034427262079488074, rewards:-6.6221747398376465, queue:1.9013227224349976, delay:0.1468653380870819, throughput:3884
episode:106/250, real avg travel time:297.4119464469619
step:3600/3600, q_loss:7.851628607669328e-05, rewards:-4.24617862701416, queue:1.3858466148376465, delay:0.13611388206481934, throughput:3892
episode:107/250, real avg travel time:263.9421891058582
step:3600/3600, q_loss:0.0002230057447579586, rewards:-5.866853713989258, queue:1.646560788154602, delay:0.14750789105892181, throughput:3869
episode:108/250, real avg travel time:309.8180408374257
step:3600/3600, q_loss:0.000460605344010724, rewards:-9.497530937194824, queue:2.336904764175415, delay:0.16704970598220825, throughput:3673
episode:109/250, real avg travel time:327.2777021508304
step:3600/3600, q_loss:0.00010325138290580879, rewards:-4.178015232086182, queue:1.3596560955047607, delay:0.13521535694599152, throughput:3895
episode:110/250, real avg travel time:264.3435173299101
Test step:110/250, travel time :267.69295166081554, rewards:-5.214552879333496, queue:1.629365086555481, delay:0.15503263473510742, throughput:3703
step:3600/3600, q_loss:1.3442581904301834e-06, rewards:-3.288792133331299, queue:1.151719570159912, delay:0.13364353775978088, throughput:3913
episode:111/250, real avg travel time:251.98389982110913
step:3600/3600, q_loss:7.31993103626236e-05, rewards:-4.211451053619385, queue:1.3769841194152832, delay:0.1366121768951416, throughput:3909
episode:112/250, real avg travel time:275.65515477104117
step:3600/3600, q_loss:-2.104205810206218e-06, rewards:-3.2316555976867676, queue:1.1216931343078613, delay:0.13121838867664337, throughput:3952
episode:113/250, real avg travel time:252.4757085020243
step:3600/3600, q_loss:0.0001439760336426035, rewards:-5.035757064819336, queue:1.512169361114502, delay:0.14124727249145508, throughput:3777
episode:114/250, real avg travel time:263.7858088429971
step:3600/3600, q_loss:0.0003226853312096662, rewards:-7.135799884796143, queue:2.08730149269104, delay:0.15207470953464508, throughput:3639
episode:115/250, real avg travel time:312.54905193734544
Test step:115/250, travel time :290.27955801104974, rewards:-5.776972770690918, queue:1.6702381372451782, delay:0.16009999811649323, throughput:3620
step:3600/3600, q_loss:-1.0502743761106913e-06, rewards:-3.730182647705078, queue:1.198544979095459, delay:0.13513940572738647, throughput:3903
episode:116/250, real avg travel time:268.63130924929544
step:3600/3600, q_loss:2.986312538268976e-05, rewards:-4.133798599243164, queue:1.3177248239517212, delay:0.1381513774394989, throughput:3920
episode:117/250, real avg travel time:269.66913265306124
step:3600/3600, q_loss:9.27883134863805e-05, rewards:-5.600181579589844, queue:1.678174614906311, delay:0.1509675234556198, throughput:3747
episode:118/250, real avg travel time:319.61515879370165
step:3600/3600, q_loss:0.0001658591600264319, rewards:-5.982865333557129, queue:1.7253968715667725, delay:0.14360257983207703, throughput:3869
episode:119/250, real avg travel time:328.91341431894546
step:3600/3600, q_loss:3.399904008903023e-05, rewards:-4.731366157531738, queue:1.4667989015579224, delay:0.14166738092899323, throughput:3893
episode:120/250, real avg travel time:288.5263293090162
Test step:120/250, travel time :322.1216447744146, rewards:-8.670419692993164, queue:2.251984119415283, delay:0.1721799373626709, throughput:3502
step:3600/3600, q_loss:-2.643030812679273e-07, rewards:-3.586348533630371, queue:1.197619080543518, delay:0.13666227459907532, throughput:3928
episode:121/250, real avg travel time:274.2948065173116
step:3600/3600, q_loss:1.845213264459744e-05, rewards:-4.155198097229004, queue:1.3018518686294556, delay:0.13980700075626373, throughput:3881
episode:122/250, real avg travel time:271.40582324143264
step:3600/3600, q_loss:1.810247898295832e-05, rewards:-3.937885284423828, queue:1.2841269969940186, delay:0.13506846129894257, throughput:3989
episode:123/250, real avg travel time:278.1504136375031
step:3600/3600, q_loss:6.507956034814318e-07, rewards:-3.953219175338745, queue:1.287169337272644, delay:0.14160294830799103, throughput:3986
episode:124/250, real avg travel time:287.4367787255394
step:3600/3600, q_loss:0.0002697693074070331, rewards:-6.578561782836914, queue:1.784523844718933, delay:0.14906005561351776, throughput:3820
episode:125/250, real avg travel time:298.97513089005236
Test step:125/250, travel time :342.1822853688029, rewards:-9.468521118164062, queue:2.7898147106170654, delay:0.180405855178833, throughput:3308
step:3600/3600, q_loss:-6.952451561422397e-07, rewards:-3.85237979888916, queue:1.2388888597488403, delay:0.13424256443977356, throughput:3876
episode:126/250, real avg travel time:259.43601651186793
step:3600/3600, q_loss:7.511297501170905e-05, rewards:-4.799352169036865, queue:1.457539677619934, delay:0.14042887091636658, throughput:3999
episode:127/250, real avg travel time:315.86746686671665
step:3600/3600, q_loss:0.00022863025822314538, rewards:-6.6661553382873535, queue:1.853835940361023, delay:0.14611756801605225, throughput:3849
episode:128/250, real avg travel time:291.35359833723044
step:3600/3600, q_loss:7.175659759215908e-05, rewards:-4.811396598815918, queue:1.4966931343078613, delay:0.13971684873104095, throughput:3950
episode:129/250, real avg travel time:289.0379746835443
step:3600/3600, q_loss:0.0001412811127213192, rewards:-5.352895259857178, queue:1.5670634508132935, delay:0.143577441573143, throughput:3973
episode:130/250, real avg travel time:295.08482255222754
Test step:130/250, travel time :373.8543859649123, rewards:-14.28381061553955, queue:3.759126901626587, delay:0.20501340925693512, throughput:2850
step:3600/3600, q_loss:2.6425724354339763e-05, rewards:-5.0176777839660645, queue:1.5501322746276855, delay:0.14642685651779175, throughput:3880
episode:131/250, real avg travel time:294.44407216494847
step:3600/3600, q_loss:4.424406070029363e-05, rewards:-5.006819725036621, queue:1.5052909851074219, delay:0.14509354531764984, throughput:3891
episode:132/250, real avg travel time:306.2392701105114
step:3600/3600, q_loss:3.826907971718659e-05, rewards:-4.878261089324951, queue:1.5068782567977905, delay:0.14481692016124725, throughput:3907
episode:133/250, real avg travel time:303.82825697466086
step:3600/3600, q_loss:0.0001588374437738417, rewards:-5.9456562995910645, queue:1.727910041809082, delay:0.14688324928283691, throughput:3811
episode:134/250, real avg travel time:298.543951718709
step:3600/3600, q_loss:-5.79606841913321e-06, rewards:-3.944366455078125, queue:1.2522486448287964, delay:0.13459384441375732, throughput:3956
episode:135/250, real avg travel time:261.82103134479274
Test step:135/250, travel time :411.4860066205236, rewards:-9.501920700073242, queue:2.6929893493652344, delay:0.18623590469360352, throughput:3323
step:3600/3600, q_loss:3.283199257566594e-05, rewards:-4.516414165496826, queue:1.3907407522201538, delay:0.1424979716539383, throughput:3801
episode:136/250, real avg travel time:280.7227045514338
step:3600/3600, q_loss:0.00011507147420262401, rewards:-5.4479546546936035, queue:1.6388888359069824, delay:0.1416357457637787, throughput:3842
episode:137/250, real avg travel time:309.0767829255596
step:3600/3600, q_loss:0.00033060759047253265, rewards:-8.424196243286133, queue:2.1342592239379883, delay:0.1620924025774002, throughput:3767
episode:138/250, real avg travel time:351.93097955933104
step:3600/3600, q_loss:0.00034394961225593255, rewards:-8.278788566589355, queue:2.2312169075012207, delay:0.1544611155986786, throughput:3804
episode:139/250, real avg travel time:319.8186119873817
step:3600/3600, q_loss:7.689903852426343e-05, rewards:-5.476895332336426, queue:1.530290961265564, delay:0.14902886748313904, throughput:3964
episode:140/250, real avg travel time:317.9586276488396
Test step:140/250, travel time :298.6926470588235, rewards:-6.826167583465576, queue:1.7734127044677734, delay:0.16055813431739807, throughput:3400
step:3600/3600, q_loss:0.00046278980508860615, rewards:-8.712909698486328, queue:2.2239418029785156, delay:0.15482836961746216, throughput:3691
episode:141/250, real avg travel time:295.9317258195611
step:3600/3600, q_loss:8.876521137103231e-05, rewards:-5.113344192504883, queue:1.5105819702148438, delay:0.144802987575531, throughput:3950
episode:142/250, real avg travel time:312.00227848101264
step:3600/3600, q_loss:1.4578678383259103e-05, rewards:-4.448692321777344, queue:1.3870370388031006, delay:0.14064937829971313, throughput:3920
episode:143/250, real avg travel time:285.58494897959184
step:3600/3600, q_loss:5.651782307217622e-05, rewards:-4.943589210510254, queue:1.4216930866241455, delay:0.14290764927864075, throughput:3876
episode:144/250, real avg travel time:313.13157894736844
step:3600/3600, q_loss:6.906136057093843e-05, rewards:-4.890188217163086, queue:1.4492063522338867, delay:0.1426607072353363, throughput:3848
episode:145/250, real avg travel time:293.17593555093555
Test step:145/250, travel time :378.5021587512454, rewards:-11.86929702758789, queue:3.4802908897399902, delay:0.19520097970962524, throughput:3011
step:3600/3600, q_loss:0.00013570669107139112, rewards:-5.820245265960693, queue:1.646164059638977, delay:0.14459848403930664, throughput:3860
episode:146/250, real avg travel time:317.0259067357513
step:3600/3600, q_loss:0.00015620366434126884, rewards:-5.801711559295654, queue:1.6936508417129517, delay:0.1431206464767456, throughput:3774
episode:147/250, real avg travel time:281.8089560148384
step:3600/3600, q_loss:4.909676742196704e-06, rewards:-3.9910712242126465, queue:1.233994722366333, delay:0.1364298164844513, throughput:3864
episode:148/250, real avg travel time:264.60766045548655
step:3600/3600, q_loss:0.00039983783822713625, rewards:-9.787598609924316, queue:2.5035715103149414, delay:0.166594997048378, throughput:3788
episode:149/250, real avg travel time:396.20617740232314
step:3600/3600, q_loss:7.764491844379032e-06, rewards:-3.8042194843292236, queue:1.2000000476837158, delay:0.13546642661094666, throughput:3936
episode:150/250, real avg travel time:275.7080792682927
Test step:150/250, travel time :361.5149844987944, rewards:-13.849746704101562, queue:3.5116403102874756, delay:0.205659419298172, throughput:2903
step:3600/3600, q_loss:5.27188862583393e-06, rewards:-4.167457103729248, queue:1.2899470329284668, delay:0.1352582722902298, throughput:3928
episode:151/250, real avg travel time:276.43559063136456
step:3600/3600, q_loss:2.0724291405511192e-05, rewards:-4.277732849121094, queue:1.3346561193466187, delay:0.13892832398414612, throughput:3904
episode:152/250, real avg travel time:288.6641905737705
step:3600/3600, q_loss:0.0001884931614363773, rewards:-6.669595718383789, queue:1.8054232597351074, delay:0.1472255438566208, throughput:3808
episode:153/250, real avg travel time:308.2255777310924
step:3600/3600, q_loss:0.00015067656414531586, rewards:-5.928616046905518, queue:1.630555510520935, delay:0.1433127224445343, throughput:3819
episode:154/250, real avg travel time:299.8648860958366
step:3600/3600, q_loss:-1.0457524007910656e-05, rewards:-3.9231526851654053, queue:1.2000000476837158, delay:0.13236156105995178, throughput:3929
episode:155/250, real avg travel time:276.8567065411046
Test step:155/250, travel time :382.36715176715177, rewards:-20.563323974609375, queue:5.6583333015441895, delay:0.2282542884349823, throughput:2405
step:3600/3600, q_loss:2.3212385470590866e-05, rewards:-4.31770658493042, queue:1.3564814329147339, delay:0.13752663135528564, throughput:3885
episode:156/250, real avg travel time:281.828314028314
step:3600/3600, q_loss:2.4635228813470653e-05, rewards:-4.358474254608154, queue:1.356349229812622, delay:0.13601242005825043, throughput:3883
episode:157/250, real avg travel time:271.8356940509915
step:3600/3600, q_loss:9.77339748513057e-06, rewards:-3.85567569732666, queue:1.233994722366333, delay:0.13489601016044617, throughput:3942
episode:158/250, real avg travel time:270.12582445459157
step:3600/3600, q_loss:6.415444497381234e-06, rewards:-4.133239269256592, queue:1.2702380418777466, delay:0.13696350157260895, throughput:3900
episode:159/250, real avg travel time:276.4661538461539
step:3600/3600, q_loss:0.00011730481653810582, rewards:-5.556447505950928, queue:1.6321429014205933, delay:0.14390045404434204, throughput:3859
episode:160/250, real avg travel time:310.2487691111687
Test step:160/250, travel time :337.00756473668895, rewards:-7.1474385261535645, queue:2.0253968238830566, delay:0.16218435764312744, throughput:3437
step:3600/3600, q_loss:-8.39707960646289e-06, rewards:-3.803476333618164, queue:1.1814814805984497, delay:0.13515786826610565, throughput:3843
episode:161/250, real avg travel time:278.8269581056466
step:3600/3600, q_loss:7.169006833767829e-05, rewards:-4.644441604614258, queue:1.387566089630127, delay:0.14011362195014954, throughput:3857
episode:162/250, real avg travel time:283.51801918589575
step:3600/3600, q_loss:4.526889210359918e-05, rewards:-4.214880466461182, queue:1.3097883462905884, delay:0.13430945575237274, throughput:3875
episode:163/250, real avg travel time:264.22064516129035
step:3600/3600, q_loss:0.00015649847458310736, rewards:-5.366044998168945, queue:1.6394180059432983, delay:0.13744093477725983, throughput:3818
episode:164/250, real avg travel time:313.95625982189625
step:3600/3600, q_loss:0.00018818829040456977, rewards:-6.928371906280518, queue:1.7981481552124023, delay:0.15417909622192383, throughput:3729
episode:165/250, real avg travel time:277.882005899705
Test step:165/250, travel time :332.20783847981, rewards:-9.647978782653809, queue:2.4632275104522705, delay:0.16433212161064148, throughput:3368
step:3600/3600, q_loss:0.0001173259560245141, rewards:-5.716907978057861, queue:1.5486772060394287, delay:0.14691931009292603, throughput:3949
episode:166/250, real avg travel time:322.680425424158
step:3600/3600, q_loss:6.261138834007498e-05, rewards:-4.667794227600098, queue:1.4129629135131836, delay:0.1360028237104416, throughput:3909
episode:167/250, real avg travel time:269.04067536454335
step:3600/3600, q_loss:-6.270999923193206e-07, rewards:-4.09235954284668, queue:1.2585978507995605, delay:0.1353616714477539, throughput:3921
episode:168/250, real avg travel time:270.7742922723795
step:3600/3600, q_loss:5.3282912267604844e-05, rewards:-4.805684566497803, queue:1.3674603700637817, delay:0.14130429923534393, throughput:3890
episode:169/250, real avg travel time:285.77017994858613
step:3600/3600, q_loss:3.7839280412299556e-05, rewards:-4.47622537612915, queue:1.3632274866104126, delay:0.14356067776679993, throughput:3852
episode:170/250, real avg travel time:266.8302180685358
Test step:170/250, travel time :333.8993349455865, rewards:-12.084851264953613, queue:2.942857027053833, delay:0.17867641150951385, throughput:3308
step:3600/3600, q_loss:0.0003145892008130128, rewards:-7.57061243057251, queue:2.03769850730896, delay:0.1525057554244995, throughput:3818
episode:171/250, real avg travel time:329.4635935044526
step:3600/3600, q_loss:0.0003361937150152193, rewards:-7.009906768798828, queue:1.9392857551574707, delay:0.14531351625919342, throughput:3762
episode:172/250, real avg travel time:308.29080276448695
step:3600/3600, q_loss:0.00012274279191236322, rewards:-5.247156620025635, queue:1.4876984357833862, delay:0.13928014039993286, throughput:3883
episode:173/250, real avg travel time:307.31702292042235
step:3600/3600, q_loss:0.000276954285800457, rewards:-7.527819633483887, queue:1.9966931343078613, delay:0.15534836053848267, throughput:3899
episode:174/250, real avg travel time:340.1408053347012
step:3600/3600, q_loss:6.39174367986723e-05, rewards:-4.615895748138428, queue:1.4035714864730835, delay:0.137709841132164, throughput:3863
episode:175/250, real avg travel time:282.52109759254466
Test step:175/250, travel time :310.8988868274583, rewards:-11.957195281982422, queue:2.812830686569214, delay:0.17754852771759033, throughput:3234
step:3600/3600, q_loss:0.00010984007733188466, rewards:-5.137125492095947, queue:1.5595238208770752, delay:0.14234471321105957, throughput:3874
episode:176/250, real avg travel time:287.84796076406815
step:3600/3600, q_loss:0.00023842130136068185, rewards:-6.782187461853027, queue:1.9083333015441895, delay:0.15053248405456543, throughput:3779
episode:177/250, real avg travel time:322.54829319925904
step:3600/3600, q_loss:-7.571777920626724e-06, rewards:-3.914384603500366, queue:1.2314814329147339, delay:0.13587725162506104, throughput:3979
episode:178/250, real avg travel time:280.8881628549887
step:3600/3600, q_loss:5.1058956968416977e-05, rewards:-4.893167495727539, queue:1.4447089433670044, delay:0.14371980726718903, throughput:3906
episode:179/250, real avg travel time:300.0194572452637
step:3600/3600, q_loss:-5.008083785974628e-06, rewards:-4.001132011413574, queue:1.2431217432022095, delay:0.1366245448589325, throughput:3948
episode:180/250, real avg travel time:280.2228976697062
Test step:180/250, travel time :337.22152828802353, rewards:-17.309370040893555, queue:4.351190567016602, delay:0.19840079545974731, throughput:2722
step:3600/3600, q_loss:6.476411985608542e-05, rewards:-4.67723274230957, queue:1.4041005373001099, delay:0.13713063299655914, throughput:3863
episode:181/250, real avg travel time:283.31866425058246
step:3600/3600, q_loss:3.631545785335927e-05, rewards:-4.290947914123535, queue:1.332539677619934, delay:0.1357618272304535, throughput:3957
episode:182/250, real avg travel time:268.2304776345716
step:3600/3600, q_loss:-2.4243569997553196e-06, rewards:-4.0458598136901855, queue:1.2498676776885986, delay:0.13622784614562988, throughput:3915
episode:183/250, real avg travel time:258.88914431673055
step:3600/3600, q_loss:-4.196446146427964e-06, rewards:-3.8367648124694824, queue:1.1902116537094116, delay:0.13409161567687988, throughput:3872
episode:184/250, real avg travel time:262.8928202479339
step:3600/3600, q_loss:1.561033730265788e-05, rewards:-4.293635368347168, queue:1.2914021015167236, delay:0.1339154839515686, throughput:3835
episode:185/250, real avg travel time:280.76662320730117
Test step:185/250, travel time :334.9517625231911, rewards:-11.44739055633545, queue:2.7634921073913574, delay:0.17648212611675262, throughput:3234
step:3600/3600, q_loss:0.00028349532060221663, rewards:-6.644200325012207, queue:1.7632274627685547, delay:0.14561519026756287, throughput:3858
episode:186/250, real avg travel time:321.6179367547952
step:3600/3600, q_loss:3.904960014753871e-05, rewards:-4.68015193939209, queue:1.4181216955184937, delay:0.13845176994800568, throughput:3941
episode:187/250, real avg travel time:288.82111139304743
step:3600/3600, q_loss:7.161595405907267e-05, rewards:-4.630366325378418, queue:1.3952380418777466, delay:0.13399171829223633, throughput:3870
episode:188/250, real avg travel time:264.2824289405685
step:3600/3600, q_loss:8.337207117518928e-05, rewards:-4.811507225036621, queue:1.444179892539978, delay:0.13719956576824188, throughput:3980
episode:189/250, real avg travel time:273.93643216080403
step:3600/3600, q_loss:2.9559635085105483e-05, rewards:-4.534911632537842, queue:1.3707672357559204, delay:0.13914939761161804, throughput:3955
episode:190/250, real avg travel time:281.34386852085964
Test step:190/250, travel time :286.36305377542493, rewards:-4.1993842124938965, queue:1.2301586866378784, delay:0.14074423909187317, throughput:3589
step:3600/3600, q_loss:-4.622796162342032e-06, rewards:-3.937594175338745, queue:1.2074073553085327, delay:0.13551071286201477, throughput:3907
episode:191/250, real avg travel time:267.70719221909394
step:3600/3600, q_loss:4.9201451474800706e-05, rewards:-4.337275505065918, queue:1.2571429014205933, delay:0.13821952044963837, throughput:3961
episode:192/250, real avg travel time:263.79828326180257
step:3600/3600, q_loss:5.181622618692927e-05, rewards:-4.682868957519531, queue:1.430820107460022, delay:0.13872039318084717, throughput:3907
episode:193/250, real avg travel time:285.8986434604556
step:3600/3600, q_loss:0.0003484810741307835, rewards:-7.409678936004639, queue:2.091799020767212, delay:0.14818917214870453, throughput:3849
episode:194/250, real avg travel time:324.18784099766174
step:3600/3600, q_loss:8.132101599282275e-06, rewards:-3.7283854484558105, queue:1.1769840717315674, delay:0.13269944489002228, throughput:3966
episode:195/250, real avg travel time:277.14952092788707
Test step:195/250, travel time :312.4738461538462, rewards:-5.751124382019043, queue:1.662169337272644, delay:0.15501540899276733, throughput:3575
step:3600/3600, q_loss:-8.943735924226026e-06, rewards:-4.225937843322754, queue:1.2748677730560303, delay:0.13858658075332642, throughput:3989
episode:196/250, real avg travel time:276.975181749812
step:3600/3600, q_loss:0.00013747062969034435, rewards:-5.072684288024902, queue:1.5574073791503906, delay:0.1367768496274948, throughput:3928
episode:197/250, real avg travel time:271.62932790224033
step:3600/3600, q_loss:8.209947393172317e-05, rewards:-5.235447406768799, queue:1.5494709014892578, delay:0.1445382833480835, throughput:3894
episode:198/250, real avg travel time:287.6743708269132
step:3600/3600, q_loss:2.3900414736191226e-05, rewards:-4.151697635650635, queue:1.2951058149337769, delay:0.13909214735031128, throughput:3948
episode:199/250, real avg travel time:269.7864741641337
step:3600/3600, q_loss:4.055207537021488e-05, rewards:-4.587697505950928, queue:1.3933862447738647, delay:0.13873815536499023, throughput:3974
episode:200/250, real avg travel time:275.8336688475088
Test step:200/250, travel time :327.9039696438996, rewards:-7.547326564788818, queue:2.1171958446502686, delay:0.16130439937114716, throughput:3426
step:3600/3600, q_loss:-3.9153795417708654e-07, rewards:-4.132914066314697, queue:1.2702380418777466, delay:0.14048807322978973, throughput:3907
episode:201/250, real avg travel time:267.156385973893
step:3600/3600, q_loss:4.7732152193526014e-05, rewards:-4.899942874908447, queue:1.4835978746414185, delay:0.14127232134342194, throughput:3913
episode:202/250, real avg travel time:274.41962688474314
step:3600/3600, q_loss:2.638922216849298e-05, rewards:-4.476389408111572, queue:1.3727513551712036, delay:0.138447105884552, throughput:3860
episode:203/250, real avg travel time:273.21658031088083
step:3600/3600, q_loss:0.00011085712863455734, rewards:-5.526987552642822, queue:1.5649471282958984, delay:0.14342056214809418, throughput:3812
episode:204/250, real avg travel time:329.7203567681007
step:3600/3600, q_loss:7.286583891578226e-05, rewards:-5.0626935958862305, queue:1.5390211343765259, delay:0.1451583206653595, throughput:3808
episode:205/250, real avg travel time:305.1299894957983
Test step:205/250, travel time :321.72607934655775, rewards:-8.890020370483398, queue:2.3130953311920166, delay:0.16294029355049133, throughput:3428
step:3600/3600, q_loss:0.00013500982281079309, rewards:-5.417173385620117, queue:1.6166666746139526, delay:0.14452417194843292, throughput:3894
episode:206/250, real avg travel time:313.2360041088855
step:3600/3600, q_loss:4.173091818099945e-05, rewards:-4.371947288513184, queue:1.350000023841858, delay:0.13953521847724915, throughput:3768
episode:207/250, real avg travel time:280.93099787685776
step:3600/3600, q_loss:2.0328745853880213e-05, rewards:-4.6253662109375, queue:1.400925874710083, delay:0.14006401598453522, throughput:3844
episode:208/250, real avg travel time:288.97658688865766
step:3600/3600, q_loss:0.00017317849981029413, rewards:-6.82411003112793, queue:1.9505290985107422, delay:0.15203404426574707, throughput:3583
episode:209/250, real avg travel time:308.4839519955345
step:3600/3600, q_loss:4.455733699918104e-05, rewards:-4.818559646606445, queue:1.4703704118728638, delay:0.13999353349208832, throughput:3855
episode:210/250, real avg travel time:279.56368352788587
Test step:210/250, travel time :331.55125786163524, rewards:-11.044519424438477, queue:2.8388888835906982, delay:0.17681631445884705, throughput:3180
step:3600/3600, q_loss:-1.0988120953293724e-05, rewards:-3.776750326156616, queue:1.1768518686294556, delay:0.13312415778636932, throughput:3899
episode:211/250, real avg travel time:261.9910233393178
step:3600/3600, q_loss:-3.028768211758385e-06, rewards:-3.831648826599121, queue:1.179100513458252, delay:0.1329704225063324, throughput:3939
episode:212/250, real avg travel time:261.35237369890837
step:3600/3600, q_loss:6.298666202282119e-05, rewards:-4.611876964569092, queue:1.4234126806259155, delay:0.1352408081293106, throughput:3944
episode:213/250, real avg travel time:266.4830121703854
step:3600/3600, q_loss:-8.011476570067721e-06, rewards:-3.912050485610962, queue:1.2043651342391968, delay:0.1360395848751068, throughput:3984
episode:214/250, real avg travel time:264.7269076305221
step:3600/3600, q_loss:-7.791572473555182e-06, rewards:-3.7028846740722656, queue:1.15753972530365, delay:0.13551577925682068, throughput:3937
episode:215/250, real avg travel time:264.6289052578105
Test step:215/250, travel time :285.34156609598654, rewards:-4.6603875160217285, queue:1.3941799402236938, delay:0.13807733356952667, throughput:3563
step:3600/3600, q_loss:8.292287287379926e-05, rewards:-4.820288181304932, queue:1.45119047164917, delay:0.1370438188314438, throughput:3858
episode:216/250, real avg travel time:277.15629860031106
step:3600/3600, q_loss:-2.028335357964453e-06, rewards:-3.8013386726379395, queue:1.210714340209961, delay:0.13621973991394043, throughput:3868
episode:217/250, real avg travel time:262.53516028955534
step:3600/3600, q_loss:3.714127637471797e-05, rewards:-4.197361469268799, queue:1.3088624477386475, delay:0.13406497240066528, throughput:3902
episode:218/250, real avg travel time:271.454126089185
step:3600/3600, q_loss:6.562345030639942e-06, rewards:-3.823899269104004, queue:1.2371692657470703, delay:0.13413578271865845, throughput:3847
episode:219/250, real avg travel time:260.9890824018716
step:3600/3600, q_loss:9.008069981872622e-05, rewards:-4.948668956756592, queue:1.5260581970214844, delay:0.13842444121837616, throughput:3847
episode:220/250, real avg travel time:282.18871848193396
Test step:220/250, travel time :305.1531336832356, rewards:-9.25481128692627, queue:2.4544973373413086, delay:0.16139811277389526, throughput:3239
step:3600/3600, q_loss:7.82310962677002e-07, rewards:-3.7263073921203613, queue:1.182539701461792, delay:0.13202588260173798, throughput:3917
episode:221/250, real avg travel time:260.5598672453408
step:3600/3600, q_loss:0.00011714190792796822, rewards:-5.36675500869751, queue:1.5589946508407593, delay:0.14112691581249237, throughput:3807
episode:222/250, real avg travel time:302.8245337536118
step:3600/3600, q_loss:0.00011862319305590871, rewards:-5.310937881469727, queue:1.614550232887268, delay:0.13850244879722595, throughput:3856
episode:223/250, real avg travel time:289.26452282157675
step:3600/3600, q_loss:5.623746053768425e-05, rewards:-4.961030960083008, queue:1.5100529193878174, delay:0.14334532618522644, throughput:3896
episode:224/250, real avg travel time:278.1180698151951
step:3600/3600, q_loss:7.850117464032438e-05, rewards:-4.881550312042236, queue:1.4669312238693237, delay:0.1358209252357483, throughput:3845
episode:225/250, real avg travel time:278.99141742522755
Test step:225/250, travel time :347.3595245955761, rewards:-12.650904655456543, queue:3.4796295166015625, delay:0.1773647516965866, throughput:3029
step:3600/3600, q_loss:0.0001274031439809025, rewards:-5.49434757232666, queue:1.58134925365448, delay:0.1416841745376587, throughput:3863
episode:226/250, real avg travel time:283.0100957804815
step:3600/3600, q_loss:-2.075312376190494e-06, rewards:-4.303523540496826, queue:1.304894208908081, delay:0.14138641953468323, throughput:3913
episode:227/250, real avg travel time:293.38282647584975
step:3600/3600, q_loss:6.128789811757289e-05, rewards:-4.828376770019531, queue:1.425264596939087, delay:0.14006748795509338, throughput:3846
episode:228/250, real avg travel time:286.2085283411337
step:3600/3600, q_loss:4.116163998130812e-05, rewards:-4.813821792602539, queue:1.4211640357971191, delay:0.14274923503398895, throughput:3881
episode:229/250, real avg travel time:297.85648028858543
step:3600/3600, q_loss:4.6084594537710975e-05, rewards:-4.3961615562438965, queue:1.3441798686981201, delay:0.1345873773097992, throughput:3848
episode:230/250, real avg travel time:288.4553014553015
Test step:230/250, travel time :283.65606143719145, rewards:-4.115033149719238, queue:1.2255290746688843, delay:0.1396978348493576, throughput:3646
step:3600/3600, q_loss:0.00012775037798241505, rewards:-5.587656021118164, queue:1.5928571224212646, delay:0.14104628562927246, throughput:3729
episode:231/250, real avg travel time:276.01635827299543
step:3600/3600, q_loss:0.000510103320185509, rewards:-9.484879493713379, queue:2.318253993988037, delay:0.16481457650661469, throughput:3686
episode:232/250, real avg travel time:353.6790558871405
step:3600/3600, q_loss:6.585151778482315e-05, rewards:-4.889246463775635, queue:1.4421957731246948, delay:0.14147722721099854, throughput:3817
episode:233/250, real avg travel time:284.2606759235001
step:3600/3600, q_loss:-7.251275181058898e-06, rewards:-4.019851207733154, queue:1.2187830209732056, delay:0.1372559815645218, throughput:3882
episode:234/250, real avg travel time:292.280010303967
step:3600/3600, q_loss:2.57847768403331e-05, rewards:-4.14668083190918, queue:1.2580687999725342, delay:0.1354161500930786, throughput:3999
episode:235/250, real avg travel time:283.9557389347337
Test step:235/250, travel time :370.0998598458304, rewards:-15.939498901367188, queue:4.3325395584106445, delay:0.19972673058509827, throughput:2854
step:3600/3600, q_loss:3.004544729871365e-05, rewards:-4.682474613189697, queue:1.4068783521652222, delay:0.1371828019618988, throughput:3867
episode:236/250, real avg travel time:293.1970519782777
step:3600/3600, q_loss:5.596880873781629e-05, rewards:-5.247279644012451, queue:1.574338674545288, delay:0.14924629032611847, throughput:3917
episode:237/250, real avg travel time:306.5989277508297
step:3600/3600, q_loss:5.671173065719712e-05, rewards:-4.974507808685303, queue:1.4047619104385376, delay:0.13954800367355347, throughput:3875
episode:238/250, real avg travel time:274.80309677419353
step:3600/3600, q_loss:3.649289768266802e-06, rewards:-3.630966901779175, queue:1.1628307104110718, delay:0.13427665829658508, throughput:3976
episode:239/250, real avg travel time:255.9632796780684
step:3600/3600, q_loss:1.093043950580371e-05, rewards:-3.3327629566192627, queue:1.0824073553085327, delay:0.12709259986877441, throughput:3901
episode:240/250, real avg travel time:248.16790566521405
Test step:240/250, travel time :267.35510319479783, rewards:-4.787838935852051, queue:1.3678570985794067, delay:0.13495603203773499, throughput:3537
step:3600/3600, q_loss:1.2556982983369381e-05, rewards:-4.141928672790527, queue:1.2929893732070923, delay:0.13661837577819824, throughput:3776
episode:241/250, real avg travel time:274.2251059322034
step:3600/3600, q_loss:6.207891823982613e-06, rewards:-3.416440725326538, queue:1.1207672357559204, delay:0.1294231116771698, throughput:3965
episode:242/250, real avg travel time:270.98713745271124
step:3600/3600, q_loss:-2.5495165674429803e-07, rewards:-3.3927910327911377, queue:1.0875661373138428, delay:0.12933103740215302, throughput:3948
episode:243/250, real avg travel time:269.531914893617
step:3600/3600, q_loss:1.2584258203989722e-05, rewards:-3.236579418182373, queue:1.1013227701187134, delay:0.13241393864154816, throughput:3994
episode:244/250, real avg travel time:262.1407110665999
step:3600/3600, q_loss:8.674447437644832e-06, rewards:-3.0304229259490967, queue:1.072619080543518, delay:0.12841106951236725, throughput:3963
episode:245/250, real avg travel time:235.6386575826394
Test step:245/250, travel time :263.700215866163, rewards:-3.6227810382843018, queue:1.1566137075424194, delay:0.13495956361293793, throughput:3706
step:3600/3600, q_loss:5.537547961769936e-05, rewards:-4.196299076080322, queue:1.3362433910369873, delay:0.1343766450881958, throughput:3857
episode:246/250, real avg travel time:269.9732953072336
step:3600/3600, q_loss:3.293192033500721e-06, rewards:-3.3082377910614014, queue:1.102910041809082, delay:0.1277313232421875, throughput:3869
episode:247/250, real avg travel time:260.9702765572499
step:3600/3600, q_loss:6.529961521866628e-06, rewards:-2.9483017921447754, queue:1.038095235824585, delay:0.12691029906272888, throughput:4012
episode:248/250, real avg travel time:242.5383848454636
step:3600/3600, q_loss:5.414525569196687e-06, rewards:-3.016275405883789, queue:1.0283068418502808, delay:0.12826788425445557, throughput:3928
episode:249/250, real avg travel time:240.1270366598778
Hyperparameters saved to: data/output_data/tsc/sumo_hyperlight_mappo/sumo1x21/learned_sumo1x21_seed1/hyperparameters.json
Loaded best checkpoint for final evaluation
Final Travel Time is 255.5740, mean rewards: -4.7513, queue: 1.5697, delay: 0.1452, throughput: 3620
Total time taken: 12962.057537794113
