hyperlight_mappo	TRAIN	25	1359.1366	0.001180	-285.2480	17.4630	0.1064	9032
hyperlight_mappo	TEST	25	1434.3776	0.001180	-336.4681	20.6237	0.1321	9270
hyperlight_mappo	TRAIN	26	1370.3015	0.001248	-287.6819	17.6127	0.1045	8778
hyperlight_mappo	TRAIN	27	1361.2688	0.001226	-288.7005	17.6739	0.1061	9076
hyperlight_mappo	TRAIN	28	1348.8088	0.001185	-282.8148	17.3163	0.1049	9117
hyperlight_mappo	TRAIN	29	1344.4722	0.001138	-285.0054	17.4477	0.1031	9175
hyperlight_mappo	TRAIN	30	1359.7933	0.001142	-284.5045	17.4190	0.1022	8910
hyperlight_mappo	TEST	30	1320.6186	0.001142	-276.1435	16.9180	0.1154	9488
hyperlight_mappo	TRAIN	31	1367.5572	0.001200	-293.4572	17.9666	0.1026	8905
hyperlight_mappo	TRAIN	32	1367.5962	0.001155	-293.9028	17.9949	0.1024	8931
hyperlight_mappo	TRAIN	33	1356.7778	0.001125	-287.0410	17.5742	0.1010	8878
hyperlight_mappo	TRAIN	34	1344.0166	0.001184	-285.1878	17.4599	0.1021	9144
hyperlight_mappo	TRAIN	35	1359.1696	0.001191	-292.6955	17.9224	0.1025	9022
hyperlight_mappo	TEST	35	1330.9053	0.001191	-279.4558	17.1199	0.1195	9499
hyperlight_mappo	TRAIN	36	1346.8817	0.001087	-281.4183	17.2279	0.1009	9036
hyperlight_mappo	TRAIN	37	1336.4980	0.001114	-282.0379	17.2645	0.1004	9042
hyperlight_mappo	TRAIN	38	1365.7167	0.001241	-293.4033	17.9634	0.0995	8952
hyperlight_mappo	TRAIN	39	1344.4847	0.001184	-285.5749	17.4828	0.0987	9060
hyperlight_mappo	TRAIN	40	1339.6635	0.001178	-281.2098	17.2103	0.0991	9055
hyperlight_mappo	TEST	40	1329.7578	0.001178	-279.6609	17.1275	0.1130	9043
hyperlight_mappo	TRAIN	41	1345.5781	0.001194	-287.6510	17.6081	0.0987	8969
hyperlight_mappo	TRAIN	42	1336.3108	0.001171	-281.1703	17.2136	0.0978	8919
hyperlight_mappo	TRAIN	43	1360.8820	0.001215	-291.5454	17.8498	0.0978	8883
hyperlight_mappo	TRAIN	44	1369.4464	0.001293	-295.6260	18.1005	0.0988	8898
hyperlight_mappo	TRAIN	45	1355.1989	0.001178	-287.5134	17.6010	0.0992	8966
hyperlight_mappo	TEST	45	1373.6980	0.001178	-305.6829	18.7242	0.1241	8900
hyperlight_mappo	TRAIN	46	1357.5222	0.001240	-286.8679	17.5612	0.0994	8939
hyperlight_mappo	TRAIN	47	1340.0782	0.001272	-283.2414	17.3371	0.0981	9121
hyperlight_mappo	TRAIN	48	1351.4845	0.001354	-287.8823	17.6238	0.0982	9027
hyperlight_mappo	TRAIN	49	1345.4611	0.001280	-284.4801	17.4156	0.0980	8948
hyperlight_mappo	TRAIN	50	1322.3742	0.001345	-272.3083	16.6663	0.0966	9106
hyperlight_mappo	TEST	50	1364.2321	0.001345	-290.4814	17.7920	0.1156	8776
hyperlight_mappo	TRAIN	51	1359.6699	0.001243	-291.2655	17.8321	0.0986	9146
hyperlight_mappo	TRAIN	52	1347.1093	0.001422	-282.6143	17.3010	0.0968	8974
hyperlight_mappo	TRAIN	53	1347.9453	0.001342	-282.5001	17.2929	0.0967	8922
hyperlight_mappo	TRAIN	54	1349.6304	0.001350	-286.3769	17.5346	0.0956	8985
hyperlight_mappo	TRAIN	55	1341.3077	0.001297	-281.4580	17.2298	0.0964	8985
hyperlight_mappo	TEST	55	1340.3446	0.001297	-284.3538	17.4173	0.1122	9100
hyperlight_mappo	TRAIN	56	1351.8464	0.001222	-287.2387	17.5853	0.0968	9045
hyperlight_mappo	TRAIN	57	1357.3111	0.001493	-287.3643	17.5920	0.0965	9026
hyperlight_mappo	TRAIN	58	1357.2187	0.001292	-283.9850	17.3851	0.0944	8941
hyperlight_mappo	TRAIN	59	1352.5054	0.001341	-284.8719	17.4396	0.0953	8801
hyperlight_mappo	TRAIN	60	1384.4688	0.001346	-297.6980	18.2287	0.0947	8785
hyperlight_mappo	TEST	60	1362.4114	0.001346	-283.2248	17.3456	0.1010	8704
hyperlight_mappo	TRAIN	61	1352.6218	0.001261	-284.3054	17.4046	0.0937	8829
hyperlight_mappo	TRAIN	62	1365.1781	0.001351	-287.8184	17.6219	0.0928	8790
hyperlight_mappo	TRAIN	63	1377.6863	0.001292	-288.9366	17.6887	0.0944	8829
hyperlight_mappo	TRAIN	64	1369.2221	0.001242	-293.3296	17.9592	0.0953	8820
hyperlight_mappo	TRAIN	65	1355.2826	0.001299	-281.1226	17.2056	0.0940	8837
hyperlight_mappo	TEST	65	1359.1719	0.001299	-285.3239	17.4756	0.0996	8782
hyperlight_mappo	TRAIN	66	1367.2457	0.001467	-285.8779	17.4986	0.0941	8758
hyperlight_mappo	TRAIN	67	1399.0969	0.001250	-297.1237	18.1934	0.0944	8659
hyperlight_mappo	TRAIN	68	1367.4584	0.001253	-285.8177	17.4989	0.0926	8786
hyperlight_mappo	TRAIN	69	1398.2731	0.001355	-297.5367	18.2174	0.0959	8840
hyperlight_mappo	TRAIN	70	1379.2272	0.001198	-291.7221	17.8584	0.0924	8833
hyperlight_mappo	TEST	70	1396.5499	0.001198	-307.0488	18.8081	0.1030	8517
hyperlight_mappo	TRAIN	71	1403.2582	0.001208	-299.8308	18.3588	0.0937	8540
hyperlight_mappo	TRAIN	72	1403.0895	0.001311	-298.1374	18.2519	0.0942	8729
hyperlight_mappo	TRAIN	73	1409.0298	0.001241	-301.3493	18.4533	0.0929	8466
hyperlight_mappo	TRAIN	74	1418.4370	0.001223	-298.3069	18.2617	0.0944	8507
hyperlight_mappo	TRAIN	75	1393.3737	0.001285	-288.3010	17.6486	0.0927	8638
hyperlight_mappo	TEST	75	1411.8775	0.001285	-303.0242	18.5609	0.0991	8398
hyperlight_mappo	TRAIN	76	1403.8011	0.001311	-299.4547	18.3374	0.0931	8606
hyperlight_mappo	TRAIN	77	1392.8759	0.001312	-294.1407	18.0082	0.0922	8513
hyperlight_mappo	TRAIN	78	1402.1396	0.001239	-298.0962	18.2519	0.0929	8546
hyperlight_mappo	TRAIN	79	1385.1500	0.001231	-287.2557	17.5858	0.0913	8572
hyperlight_mappo	TRAIN	80	1405.1926	0.001126	-298.3222	18.2662	0.0911	8442
hyperlight_mappo	TEST	80	1393.0069	0.001126	-294.6297	18.0454	0.0977	8653
hyperlight_mappo	TRAIN	81	1376.3311	0.001238	-284.9825	17.4464	0.0917	8686
hyperlight_mappo	TRAIN	82	1382.6819	0.001239	-285.9796	17.5090	0.0904	8629
hyperlight_mappo	TRAIN	83	1374.8943	0.001279	-285.0808	17.4521	0.0914	8685
hyperlight_mappo	TRAIN	84	1403.6461	0.001454	-293.6464	17.9803	0.0922	8460
hyperlight_mappo	TRAIN	85	1417.8390	0.001518	-304.2648	18.6347	0.0927	8501
hyperlight_mappo	TEST	85	1425.7299	0.001518	-304.7590	18.6702	0.0970	8693
hyperlight_mappo	TRAIN	86	1390.9541	0.001445	-291.7950	17.8676	0.0907	8591
hyperlight_mappo	TRAIN	87	1393.5786	0.001323	-289.8167	17.7431	0.0902	8444
hyperlight_mappo	TRAIN	88	1424.0659	0.001441	-306.8655	18.7966	0.0908	8432
hyperlight_mappo	TRAIN	89	1414.6802	0.001197	-304.0105	18.6188	0.0930	8412
hyperlight_mappo	TRAIN	90	1383.6127	0.001327	-289.2600	17.7122	0.0918	8652
hyperlight_mappo	TEST	90	1409.1874	0.001327	-299.0771	18.3228	0.0976	8313
hyperlight_mappo	TRAIN	91	1386.4261	0.001270	-292.3588	17.9047	0.0914	8523
hyperlight_mappo	TRAIN	92	1386.6010	0.001307	-293.4101	17.9667	0.0897	8501
hyperlight_mappo	TRAIN	93	1382.2632	0.001367	-282.2714	17.2835	0.0914	8573
hyperlight_mappo	TRAIN	94	1391.0011	0.001497	-293.5368	17.9743	0.0912	8610
hyperlight_mappo	TRAIN	95	1402.3970	0.001407	-296.8871	18.1789	0.0908	8576
hyperlight_mappo	TEST	95	1409.3062	0.001407	-297.6758	18.2348	0.0966	8624
hyperlight_mappo	TRAIN	96	1396.5862	0.001556	-294.2206	18.0164	0.0920	8506
hyperlight_mappo	TRAIN	97	1397.9662	0.001139	-289.4529	17.7241	0.0912	8356
hyperlight_mappo	TRAIN	98	1394.3342	0.001340	-291.7016	17.8591	0.0921	8610
hyperlight_mappo	TRAIN	99	1373.7639	0.001331	-285.3957	17.4711	0.0886	8494
hyperlight_mappo	TRAIN	100	1378.5158	0.001359	-286.0817	17.5133	0.0911	8623
hyperlight_mappo	TEST	100	1405.2659	0.001359	-300.7180	18.4230	0.0974	8547
hyperlight_mappo	TRAIN	101	1394.3256	0.001406	-289.8952	17.7485	0.0915	8568
hyperlight_mappo	TRAIN	102	1402.5716	0.001268	-291.7666	17.8677	0.0919	8575
hyperlight_mappo	TRAIN	103	1403.9938	0.001279	-299.2731	18.3284	0.0920	8590
hyperlight_mappo	TRAIN	104	1412.3358	0.001149	-299.4156	18.3348	0.0923	8582
hyperlight_mappo	TRAIN	105	1396.2014	0.001146	-290.3338	17.7760	0.0915	8666
hyperlight_mappo	TEST	105	1404.5529	0.001146	-301.8962	18.4923	0.0955	8841
hyperlight_mappo	TRAIN	106	1405.5505	0.001304	-299.5909	18.3461	0.0929	8733
hyperlight_mappo	TRAIN	107	1392.8668	0.001356	-294.2614	18.0182	0.0915	8664
hyperlight_mappo	TRAIN	108	1390.8387	0.001270	-292.7437	17.9251	0.0925	8550
hyperlight_mappo	TRAIN	109	1398.8061	0.001308	-290.8803	17.8110	0.0914	8607
hyperlight_mappo	TRAIN	110	1388.6795	0.001359	-291.3448	17.8375	0.0923	8785
hyperlight_mappo	TEST	110	1390.8970	0.001359	-294.8754	18.0604	0.0947	8949
hyperlight_mappo	TRAIN	111	1387.8966	0.001286	-286.7617	17.5587	0.0911	8771
hyperlight_mappo	TRAIN	112	1394.5615	0.001274	-287.9701	17.6323	0.0900	8661
hyperlight_mappo	TRAIN	113	1384.5287	0.001304	-286.9333	17.5684	0.0916	8778
hyperlight_mappo	TRAIN	114	1402.1792	0.001459	-294.1323	18.0099	0.0912	8657
hyperlight_mappo	TRAIN	115	1384.7648	0.001479	-285.1546	17.4575	0.0902	8727
hyperlight_mappo	TEST	115	1404.0852	0.001479	-294.3607	18.0340	0.0952	8678
hyperlight_mappo	TRAIN	116	1372.4945	0.001375	-283.9214	17.3853	0.0889	8727
hyperlight_mappo	TRAIN	117	1384.7194	0.001365	-286.7359	17.5558	0.0894	8622
hyperlight_mappo	TRAIN	118	1389.4976	0.001395	-290.6815	17.8007	0.0894	8704
hyperlight_mappo	TRAIN	119	1376.9654	0.001423	-285.1263	17.4541	0.0898	8849
hyperlight_mappo	TRAIN	120	1375.9390	0.001299	-287.7125	17.6166	0.0905	8722
hyperlight_mappo	TEST	120	1433.2918	0.001299	-317.2219	19.4360	0.0983	8708
hyperlight_mappo	TRAIN	121	1380.5523	0.001176	-287.5878	17.6098	0.0900	8752
hyperlight_mappo	TRAIN	122	1380.3846	0.001296	-288.9367	17.6916	0.0908	8793
hyperlight_mappo	TRAIN	123	1401.5350	0.001270	-295.9541	18.1230	0.0906	8691
hyperlight_mappo	TRAIN	124	1383.2915	0.001216	-291.0381	17.8198	0.0905	8755
hyperlight_mappo	TRAIN	125	1383.4838	0.001240	-290.8713	17.8079	0.0907	8658
hyperlight_mappo	TEST	125	1400.8803	0.001240	-301.6896	18.4823	0.0967	8809
hyperlight_mappo	TRAIN	126	1377.2672	0.001165	-291.8775	17.8718	0.0908	8652
hyperlight_mappo	TRAIN	127	1390.2391	0.001311	-292.7735	17.9269	0.0908	8732
hyperlight_mappo	TRAIN	128	1362.2272	0.001166	-277.8316	17.0072	0.0885	8732
hyperlight_mappo	TRAIN	129	1374.2992	0.001397	-284.9331	17.4471	0.0887	8795
hyperlight_mappo	TRAIN	130	1402.3651	0.001347	-296.9398	18.1828	0.0899	8452
hyperlight_mappo	TEST	130	1404.9922	0.001347	-301.9605	18.4961	0.0922	8859
hyperlight_mappo	TRAIN	131	1386.7928	0.001480	-290.6577	17.7955	0.0900	8692
hyperlight_mappo	TRAIN	132	1375.7191	0.001288	-283.3773	17.3491	0.0895	8775
hyperlight_mappo	TRAIN	133	1383.7932	0.001264	-288.7348	17.6804	0.0908	8694
hyperlight_mappo	TRAIN	134	1382.2419	0.001272	-289.0904	17.7006	0.0913	8886
hyperlight_mappo	TRAIN	135	1399.5205	0.001291	-302.4641	18.5216	0.0912	8633
hyperlight_mappo	TEST	135	1373.6318	0.001291	-300.3216	18.3977	0.0925	8975
hyperlight_mappo	TRAIN	136	1382.9453	0.001123	-288.9369	17.6904	0.0897	8514
hyperlight_mappo	TRAIN	137	1397.4792	0.001196	-290.9771	17.8182	0.0900	8614
hyperlight_mappo	TRAIN	138	1375.7789	0.001267	-288.5880	17.6716	0.0888	8798
hyperlight_mappo	TRAIN	139	1369.2533	0.001238	-284.4463	17.4142	0.0897	8739
hyperlight_mappo	TRAIN	140	1369.3586	0.001257	-287.1360	17.5829	0.0892	8661
hyperlight_mappo	TEST	140	1390.5577	0.001257	-304.6160	18.6662	0.0939	8776
hyperlight_mappo	TRAIN	141	1398.3589	0.001268	-299.8734	18.3655	0.0908	8619
hyperlight_mappo	TRAIN	142	1385.6438	0.001377	-288.4851	17.6676	0.0906	8703
hyperlight_mappo	TRAIN	143	1353.0042	0.001243	-276.3454	16.9153	0.0894	8984
hyperlight_mappo	TRAIN	144	1404.7186	0.001273	-298.4447	18.2788	0.0910	8572
hyperlight_mappo	TRAIN	145	1368.4819	0.001381	-282.2281	17.2804	0.0885	8750
hyperlight_mappo	TEST	145	1412.4589	0.001381	-308.4560	18.8965	0.0940	8622
hyperlight_mappo	TRAIN	146	1403.7941	0.001299	-298.8193	18.3015	0.0896	8739
hyperlight_mappo	TRAIN	147	1406.8875	0.001223	-301.5806	18.4703	0.0901	8601
hyperlight_mappo	TRAIN	148	1382.8018	0.001320	-292.3344	17.9018	0.0903	8717
hyperlight_mappo	TRAIN	149	1394.5142	0.001300	-299.9143	18.3667	0.0911	8862
hyperlight_mappo	TRAIN	150	1386.7814	0.001416	-289.8566	17.7474	0.0902	8828
hyperlight_mappo	TEST	150	1402.9242	0.001416	-306.6007	18.7830	0.0939	8931
hyperlight_mappo	TRAIN	151	1388.7215	0.001394	-294.8036	18.0537	0.0914	8776
hyperlight_mappo	TRAIN	152	1378.1558	0.001311	-289.7773	17.7415	0.0896	8829
hyperlight_mappo	TRAIN	153	1375.4494	0.001413	-286.0070	17.5092	0.0914	8975
hyperlight_mappo	TRAIN	154	1401.1454	0.001345	-303.9509	18.6164	0.0923	8771
hyperlight_mappo	TRAIN	155	1385.9789	0.001264	-292.4774	17.9101	0.0904	8746
hyperlight_mappo	TEST	155	1428.3788	0.001264	-319.8689	19.5987	0.0927	8662
hyperlight_mappo	TRAIN	156	1376.1533	0.001180	-284.8237	17.4387	0.0901	8754
hyperlight_mappo	TRAIN	157	1410.4161	0.001204	-302.8759	18.5513	0.0916	8762
hyperlight_mappo	TRAIN	158	1372.7892	0.001190	-282.1354	17.2736	0.0905	8765
hyperlight_mappo	TRAIN	159	1370.2065	0.001372	-289.0511	17.6982	0.0912	8942
hyperlight_mappo	TRAIN	160	1373.9223	0.001352	-287.1884	17.5847	0.0914	8945
hyperlight_mappo	TEST	160	1412.5774	0.001352	-316.5314	19.3935	0.0927	8763
hyperlight_mappo	TRAIN	161	1423.9443	0.001227	-311.2352	19.0635	0.0935	8719
hyperlight_mappo	TRAIN	162	1377.3591	0.001286	-286.5371	17.5433	0.0927	8946
hyperlight_mappo	TRAIN	163	1413.6924	0.001239	-307.9607	18.8616	0.0918	8544
hyperlight_mappo	TRAIN	164	1387.4111	0.001179	-291.9589	17.8774	0.0913	8855
hyperlight_mappo	TRAIN	165	1371.3108	0.001254	-281.7959	17.2506	0.0904	8869
hyperlight_mappo	TEST	165	1384.7437	0.001254	-299.7184	18.3588	0.0926	8955
hyperlight_mappo	TRAIN	166	1383.5768	0.001381	-289.8248	17.7455	0.0911	8876
hyperlight_mappo	TRAIN	167	1361.8308	0.001369	-280.6187	17.1786	0.0903	8857
hyperlight_mappo	TRAIN	168	1388.7250	0.001558	-289.5310	17.7248	0.0919	8880
hyperlight_mappo	TRAIN	169	1375.0725	0.001446	-284.4218	17.4114	0.0917	8853
hyperlight_mappo	TRAIN	170	1368.6101	0.001420	-278.6954	17.0619	0.0902	8882
hyperlight_mappo	TEST	170	1407.6930	0.001420	-303.7763	18.6053	0.0919	8787
hyperlight_mappo	TRAIN	171	1367.1825	0.001454	-280.3062	17.1607	0.0885	8870
hyperlight_mappo	TRAIN	172	1365.3719	0.001505	-279.5389	17.1133	0.0897	8914
hyperlight_mappo	TRAIN	173	1364.8945	0.001350	-278.1378	17.0301	0.0892	8920
hyperlight_mappo	TRAIN	174	1384.5476	0.001343	-281.1199	17.2108	0.0900	8806
hyperlight_mappo	TRAIN	175	1394.6020	0.001316	-297.5983	18.2249	0.0910	8682
hyperlight_mappo	TEST	175	1353.8898	0.001316	-287.3656	17.6003	0.0903	9129
