hyperlight_mappo	TRAIN	0	734.0969	0.002901	-21.9432	16.3887	0.1268	2383
hyperlight_mappo	TEST	0	1289.2511	0.002901	-67.5332	50.7667	0.2576	1950
hyperlight_mappo	TRAIN	1	672.7006	0.002294	-19.7482	14.7267	0.1248	2505
hyperlight_mappo	TRAIN	2	641.0238	0.001982	-18.0529	13.4556	0.1250	2533
hyperlight_mappo	TRAIN	3	642.2434	0.002072	-20.5658	15.3295	0.1296	2573
hyperlight_mappo	TRAIN	4	669.2243	0.002063	-20.4374	15.2389	0.1283	2605
hyperlight_mappo	TRAIN	5	561.3584	0.001417	-17.2867	12.8630	0.1297	2767
hyperlight_mappo	TEST	5	1165.7295	0.001417	-66.0356	49.6432	0.2825	2202
hyperlight_mappo	TRAIN	6	593.9487	0.001523	-17.5936	13.0844	0.1295	2688
hyperlight_mappo	TRAIN	7	600.8123	0.001349	-16.3643	12.1913	0.1252	2651
hyperlight_mappo	TRAIN	8	577.2062	0.001205	-16.3612	12.1587	0.1255	2687
hyperlight_mappo	TRAIN	9	538.7891	0.000754	-14.0854	10.4486	0.1263	2767
hyperlight_mappo	TRAIN	10	527.5350	0.000652	-13.5551	10.0589	0.1258	2745
hyperlight_mappo	TEST	10	1094.8284	0.000652	-60.3301	45.3432	0.2834	2432
hyperlight_mappo	TRAIN	11	532.1351	0.000610	-13.5375	10.0469	0.1272	2711
hyperlight_mappo	TRAIN	12	511.7311	0.000500	-12.5445	9.2915	0.1259	2789
hyperlight_mappo	TRAIN	13	406.4123	0.000036	-7.0219	5.1332	0.1305	2908
hyperlight_mappo	TRAIN	14	405.5548	0.000051	-6.9142	5.0545	0.1285	2918
hyperlight_mappo	TRAIN	15	390.3121	0.000034	-6.0356	4.3997	0.1251	2902
hyperlight_mappo	TEST	15	906.4070	0.000034	-46.8279	35.1724	0.2966	2638
hyperlight_mappo	TRAIN	16	379.6742	-0.000007	-5.4599	3.9667	0.1259	2915
hyperlight_mappo	TRAIN	17	371.9128	-0.000018	-5.0568	3.6543	0.1247	2920
hyperlight_mappo	TRAIN	18	376.4415	0.000000	-5.4423	3.9552	0.1311	2918
hyperlight_mappo	TRAIN	19	369.6433	-0.000008	-4.9634	3.5884	0.1249	2927
hyperlight_mappo	TRAIN	20	365.7073	-0.000020	-4.6789	3.3627	0.1231	2923
hyperlight_mappo	TEST	20	799.9229	-0.000020	-39.1902	29.4236	0.2690	2645
hyperlight_mappo	TRAIN	21	365.2394	-0.000025	-4.6683	3.3559	0.1240	2922
hyperlight_mappo	TRAIN	22	358.9514	-0.000025	-4.2723	3.0632	0.1174	2918
hyperlight_mappo	TRAIN	23	358.4522	-0.000020	-4.1406	2.9611	0.1153	2925
hyperlight_mappo	TRAIN	24	353.4093	-0.000025	-3.7862	2.6906	0.1073	2926
hyperlight_mappo	TRAIN	25	353.4656	-0.000036	-3.8075	2.7073	0.1087	2928
hyperlight_mappo	TEST	25	794.3661	-0.000036	-38.8317	29.1531	0.2647	2646
hyperlight_mappo	TRAIN	26	348.9601	-0.000029	-3.5016	2.4752	0.1030	2927
hyperlight_mappo	TRAIN	27	346.9410	-0.000042	-3.3670	2.3797	0.1035	2926
hyperlight_mappo	TRAIN	28	348.5193	-0.000033	-3.4957	2.4753	0.1054	2921
hyperlight_mappo	TRAIN	29	346.4589	-0.000039	-3.3797	2.3814	0.1035	2926
hyperlight_mappo	TRAIN	30	343.3084	-0.000037	-3.1642	2.2227	0.0993	2922
hyperlight_mappo	TEST	30	664.7057	-0.000037	-28.3826	21.2625	0.2422	2784
hyperlight_mappo	TRAIN	31	344.4764	-0.000045	-3.2217	2.2656	0.1001	2929
hyperlight_mappo	TRAIN	32	340.3460	-0.000035	-2.9544	2.0703	0.0960	2926
hyperlight_mappo	TRAIN	33	341.2746	-0.000030	-2.9859	2.0932	0.0946	2924
hyperlight_mappo	TRAIN	34	340.9772	-0.000041	-2.9743	2.0795	0.0953	2926
hyperlight_mappo	TRAIN	35	341.5712	-0.000032	-2.9912	2.1012	0.0938	2928
hyperlight_mappo	TEST	35	414.1629	-0.000032	-8.5739	6.3064	0.1839	2888
hyperlight_mappo	TRAIN	36	337.4519	-0.000037	-2.7501	1.9075	0.0907	2931
hyperlight_mappo	TRAIN	37	339.7063	-0.000038	-2.8357	1.9715	0.0922	2930
hyperlight_mappo	TRAIN	38	337.9541	-0.000040	-2.7381	1.9007	0.0899	2931
hyperlight_mappo	TRAIN	39	336.5659	-0.000039	-2.6856	1.8656	0.0898	2925
hyperlight_mappo	TRAIN	40	335.7057	-0.000036	-2.6254	1.8201	0.0883	2932
hyperlight_mappo	TEST	40	360.2239	-0.000036	-4.5403	3.2703	0.1395	2920
hyperlight_mappo	TRAIN	41	336.3161	-0.000035	-2.6701	1.8552	0.0898	2927
hyperlight_mappo	TRAIN	42	337.2705	-0.000032	-2.7056	1.8783	0.0885	2931
hyperlight_mappo	TRAIN	43	334.4432	-0.000045	-2.5524	1.7670	0.0877	2931
hyperlight_mappo	TRAIN	44	334.5541	-0.000046	-2.5632	1.7819	0.0863	2930
hyperlight_mappo	TRAIN	45	332.7730	-0.000038	-2.4226	1.6736	0.0846	2926
hyperlight_mappo	TEST	45	340.1468	-0.000038	-3.0754	2.1816	0.1130	2926
hyperlight_mappo	TRAIN	46	333.0208	-0.000043	-2.4351	1.6868	0.0855	2929
hyperlight_mappo	TRAIN	47	331.0935	-0.000045	-2.3014	1.5861	0.0808	2930
hyperlight_mappo	TRAIN	48	331.2223	-0.000041	-2.2868	1.5755	0.0805	2933
hyperlight_mappo	TRAIN	49	329.6262	-0.000039	-2.1912	1.5054	0.0780	2927
hyperlight_mappo	TRAIN	50	329.2990	-0.000036	-2.1822	1.4922	0.0765	2929
hyperlight_mappo	TEST	50	326.6581	-0.000036	-2.0436	1.4116	0.0829	2931
hyperlight_mappo	TRAIN	51	329.6517	-0.000043	-2.1989	1.5123	0.0798	2932
hyperlight_mappo	TRAIN	52	329.3812	-0.000034	-2.1714	1.4868	0.0774	2929
hyperlight_mappo	TRAIN	53	327.8659	-0.000044	-2.0809	1.4292	0.0756	2931
hyperlight_mappo	TRAIN	54	328.3684	-0.000036	-2.1204	1.4538	0.0773	2927
hyperlight_mappo	TRAIN	55	327.5488	-0.000037	-2.0572	1.4078	0.0745	2931
hyperlight_mappo	TEST	55	323.2923	-0.000037	-1.8163	1.2410	0.0732	2929
hyperlight_mappo	TRAIN	56	327.2390	-0.000036	-2.0372	1.3951	0.0740	2934
hyperlight_mappo	TRAIN	57	327.1173	-0.000029	-2.0308	1.3865	0.0751	2932
hyperlight_mappo	TRAIN	58	326.3104	-0.000034	-1.9848	1.3542	0.0740	2932
hyperlight_mappo	TRAIN	59	325.2514	-0.000034	-1.9133	1.2997	0.0715	2931
hyperlight_mappo	TRAIN	60	324.9189	-0.000019	-1.8983	1.2977	0.0722	2932
hyperlight_mappo	TEST	60	321.8931	-0.000019	-1.7316	1.1818	0.0702	2931
hyperlight_mappo	TRAIN	61	325.3701	-0.000028	-1.9446	1.3385	0.0723	2930
hyperlight_mappo	TRAIN	62	324.1022	-0.000025	-1.8719	1.2781	0.0716	2933
hyperlight_mappo	TRAIN	63	324.0101	-0.000031	-1.8513	1.2589	0.0703	2931
hyperlight_mappo	TRAIN	64	323.9933	-0.000024	-1.8505	1.2590	0.0696	2930
hyperlight_mappo	TRAIN	65	324.3892	-0.000022	-1.8771	1.2828	0.0717	2931
hyperlight_mappo	TEST	65	321.2407	-0.000022	-1.6747	1.1444	0.0697	2933
hyperlight_mappo	TRAIN	66	323.3118	-0.000032	-1.8134	1.2352	0.0704	2932
hyperlight_mappo	TRAIN	67	322.5890	-0.000035	-1.7616	1.1986	0.0695	2933
hyperlight_mappo	TRAIN	68	323.5917	-0.000033	-1.8179	1.2349	0.0707	2929
hyperlight_mappo	TRAIN	69	323.5119	-0.000028	-1.8052	1.2252	0.0698	2931
hyperlight_mappo	TRAIN	70	323.1193	-0.000030	-1.7875	1.2175	0.0689	2931
hyperlight_mappo	TEST	70	321.6081	-0.000030	-1.6988	1.1540	0.0699	2931
hyperlight_mappo	TRAIN	71	322.8042	-0.000020	-1.7678	1.1983	0.0690	2933
hyperlight_mappo	TRAIN	72	322.5491	-0.000032	-1.7527	1.1858	0.0681	2928
hyperlight_mappo	TRAIN	73	322.6648	-0.000031	-1.7755	1.2073	0.0692	2932
hyperlight_mappo	TRAIN	74	323.1039	-0.000026	-1.7920	1.2193	0.0715	2930
hyperlight_mappo	TRAIN	75	321.5337	-0.000034	-1.6742	1.1300	0.0659	2934
hyperlight_mappo	TEST	75	318.9987	-0.000034	-1.5257	1.0290	0.0624	2931
hyperlight_mappo	TRAIN	76	321.3483	-0.000027	-1.6748	1.1359	0.0659	2933
hyperlight_mappo	TRAIN	77	322.4559	-0.000029	-1.7427	1.1793	0.0678	2931
hyperlight_mappo	TRAIN	78	322.9759	-0.000020	-1.7734	1.2052	0.0679	2928
hyperlight_mappo	TRAIN	79	321.0044	-0.000013	-1.6439	1.1118	0.0645	2932
hyperlight_mappo	TRAIN	80	321.5478	-0.000036	-1.6830	1.1406	0.0661	2930
hyperlight_mappo	TEST	80	320.3084	-0.000036	-1.6238	1.1019	0.0669	2932
hyperlight_mappo	TRAIN	81	322.0231	-0.000035	-1.7087	1.1550	0.0651	2931
hyperlight_mappo	TRAIN	82	322.5873	-0.000024	-1.7614	1.1988	0.0700	2932
hyperlight_mappo	TRAIN	83	320.5555	-0.000026	-1.6369	1.1089	0.0656	2931
hyperlight_mappo	TRAIN	84	321.6574	-0.000025	-1.6955	1.1523	0.0668	2933
hyperlight_mappo	TRAIN	85	320.7328	-0.000027	-1.6628	1.1335	0.0685	2932
hyperlight_mappo	TEST	85	318.5632	-0.000027	-1.5113	1.0191	0.0637	2932
hyperlight_mappo	TRAIN	86	320.4090	-0.000005	-1.6197	1.0967	0.0654	2932
hyperlight_mappo	TRAIN	87	319.8213	-0.000021	-1.5820	1.0726	0.0641	2932
hyperlight_mappo	TRAIN	88	319.9792	0.000002	-1.5786	1.0615	0.0639	2933
hyperlight_mappo	TRAIN	89	319.5900	-0.000024	-1.5592	1.0530	0.0624	2933
hyperlight_mappo	TRAIN	90	319.5779	-0.000021	-1.5500	1.0451	0.0613	2932
hyperlight_mappo	TEST	90	317.3584	-0.000021	-1.4150	0.9488	0.0579	2931
hyperlight_mappo	TRAIN	91	319.5206	-0.000037	-1.5389	1.0323	0.0608	2932
hyperlight_mappo	TRAIN	92	319.8371	-0.000021	-1.5544	1.0481	0.0617	2933
hyperlight_mappo	TRAIN	93	320.1381	-0.000019	-1.5916	1.0724	0.0643	2930
hyperlight_mappo	TRAIN	94	319.1891	-0.000013	-1.5153	1.0170	0.0595	2932
hyperlight_mappo	TRAIN	95	320.4335	-0.000029	-1.5872	1.0694	0.0613	2931
hyperlight_mappo	TEST	95	317.7053	-0.000029	-1.4345	0.9609	0.0583	2930
hyperlight_mappo	TRAIN	96	319.2474	-0.000023	-1.5337	1.0318	0.0605	2933
hyperlight_mappo	TRAIN	97	319.8146	-0.000024	-1.5652	1.0533	0.0611	2933
hyperlight_mappo	TRAIN	98	319.8693	-0.000030	-1.5509	1.0424	0.0610	2933
hyperlight_mappo	TRAIN	99	319.5860	-0.000025	-1.5418	1.0335	0.0608	2934
hyperlight_mappo	TRAIN	100	319.4070	-0.000021	-1.5372	1.0344	0.0602	2931
hyperlight_mappo	TEST	100	317.5082	-0.000021	-1.4241	0.9545	0.0587	2931
hyperlight_mappo	TRAIN	101	319.7228	-0.000018	-1.5566	1.0453	0.0615	2932
hyperlight_mappo	TRAIN	102	319.8049	-0.000021	-1.5754	1.0644	0.0622	2933
hyperlight_mappo	TRAIN	103	319.3275	-0.000022	-1.5263	1.0260	0.0604	2933
hyperlight_mappo	TRAIN	104	319.0862	-0.000016	-1.5251	1.0288	0.0605	2933
hyperlight_mappo	TRAIN	105	319.4636	-0.000014	-1.5415	1.0436	0.0609	2932
hyperlight_mappo	TEST	105	317.5950	-0.000014	-1.4160	0.9521	0.0574	2931
hyperlight_mappo	TRAIN	106	319.0681	-0.000019	-1.5018	1.0080	0.0586	2933
hyperlight_mappo	TRAIN	107	319.0499	-0.000019	-1.5199	1.0165	0.0601	2929
hyperlight_mappo	TRAIN	108	319.4918	-0.000012	-1.5375	1.0340	0.0601	2931
hyperlight_mappo	TRAIN	109	319.6953	-0.000021	-1.5561	1.0448	0.0623	2932
hyperlight_mappo	TRAIN	110	319.6403	-0.000019	-1.5512	1.0491	0.0605	2931
hyperlight_mappo	TEST	110	316.1532	-0.000019	-1.3475	0.9024	0.0550	2932
hyperlight_mappo	TRAIN	111	318.6487	-0.000029	-1.4930	1.0033	0.0588	2933
hyperlight_mappo	TRAIN	112	318.5223	-0.000015	-1.4825	0.9924	0.0586	2931
hyperlight_mappo	TRAIN	113	318.3339	-0.000004	-1.4777	0.9913	0.0587	2929
hyperlight_mappo	TRAIN	114	318.2085	-0.000027	-1.4719	0.9901	0.0587	2932
hyperlight_mappo	TRAIN	115	318.0231	-0.000026	-1.4534	0.9760	0.0591	2930
hyperlight_mappo	TEST	115	316.6430	-0.000026	-1.3646	0.9167	0.0562	2931
hyperlight_mappo	TRAIN	116	318.4834	-0.000028	-1.4716	0.9884	0.0591	2933
hyperlight_mappo	TRAIN	117	318.8515	-0.000020	-1.4916	1.0036	0.0591	2932
hyperlight_mappo	TRAIN	118	319.1076	-0.000019	-1.5167	1.0141	0.0594	2932
hyperlight_mappo	TRAIN	119	318.9162	-0.000021	-1.5008	1.0108	0.0588	2931
hyperlight_mappo	TRAIN	120	318.4941	-0.000018	-1.4705	0.9870	0.0586	2931
hyperlight_mappo	TEST	120	316.7667	-0.000018	-1.3676	0.9168	0.0554	2930
hyperlight_mappo	TRAIN	121	318.5323	-0.000019	-1.4811	0.9943	0.0578	2933
hyperlight_mappo	TRAIN	122	319.2387	-0.000023	-1.5131	1.0189	0.0598	2933
hyperlight_mappo	TRAIN	123	318.4928	-0.000011	-1.4791	0.9920	0.0577	2931
hyperlight_mappo	TRAIN	124	318.0429	-0.000019	-1.4599	0.9825	0.0585	2934
hyperlight_mappo	TRAIN	125	319.2125	-0.000022	-1.5262	1.0233	0.0599	2931
hyperlight_mappo	TEST	125	316.8488	-0.000022	-1.3773	0.9217	0.0553	2933
hyperlight_mappo	TRAIN	126	318.4851	-0.000012	-1.4754	0.9908	0.0587	2932
hyperlight_mappo	TRAIN	127	318.5005	-0.000021	-1.4801	0.9953	0.0583	2931
hyperlight_mappo	TRAIN	128	318.5384	-0.000025	-1.4769	0.9920	0.0575	2934
hyperlight_mappo	TRAIN	129	318.3785	-0.000014	-1.4613	0.9830	0.0577	2931
hyperlight_mappo	TRAIN	130	318.5441	-0.000019	-1.4760	0.9931	0.0586	2931
hyperlight_mappo	TEST	130	316.5206	-0.000019	-1.3513	0.8984	0.0546	2933
hyperlight_mappo	TRAIN	131	318.2561	-0.000020	-1.4512	0.9740	0.0575	2931
hyperlight_mappo	TRAIN	132	317.3550	-0.000027	-1.3981	0.9307	0.0557	2932
hyperlight_mappo	TRAIN	133	317.7647	-0.000018	-1.4174	0.9450	0.0557	2933
hyperlight_mappo	TRAIN	134	317.7405	-0.000020	-1.4260	0.9542	0.0561	2932
hyperlight_mappo	TRAIN	135	318.3071	-0.000005	-1.4450	0.9637	0.0568	2932
hyperlight_mappo	TEST	135	315.3409	-0.000005	-1.2685	0.8394	0.0501	2933
hyperlight_mappo	TRAIN	136	317.6872	-0.000023	-1.4206	0.9432	0.0557	2933
hyperlight_mappo	TRAIN	137	317.7989	-0.000026	-1.4125	0.9458	0.0553	2934
hyperlight_mappo	TRAIN	138	318.4817	-0.000019	-1.4444	0.9630	0.0565	2932
hyperlight_mappo	TRAIN	139	317.9326	-0.000026	-1.4198	0.9484	0.0550	2933
hyperlight_mappo	TRAIN	140	318.1619	-0.000019	-1.4321	0.9540	0.0556	2932
hyperlight_mappo	TEST	140	315.3517	-0.000019	-1.2639	0.8457	0.0505	2932
hyperlight_mappo	TRAIN	141	317.5917	-0.000024	-1.4076	0.9387	0.0557	2932
hyperlight_mappo	TRAIN	142	317.9645	-0.000023	-1.4250	0.9526	0.0554	2931
hyperlight_mappo	TRAIN	143	318.1978	-0.000021	-1.4413	0.9606	0.0560	2932
hyperlight_mappo	TRAIN	144	318.2226	-0.000023	-1.4415	0.9667	0.0561	2932
hyperlight_mappo	TRAIN	145	318.4355	-0.000023	-1.4434	0.9677	0.0553	2933
hyperlight_mappo	TEST	145	315.8917	-0.000023	-1.2902	0.8580	0.0499	2933
hyperlight_mappo	TRAIN	146	318.1599	-0.000018	-1.4388	0.9648	0.0558	2931
hyperlight_mappo	TRAIN	147	318.6128	-0.000021	-1.4427	0.9665	0.0551	2933
hyperlight_mappo	TRAIN	148	318.3077	-0.000014	-1.4407	0.9613	0.0553	2931
hyperlight_mappo	TRAIN	149	318.3540	-0.000022	-1.4353	0.9545	0.0554	2931
hyperlight_mappo	TRAIN	150	318.1187	-0.000024	-1.4245	0.9472	0.0545	2933
hyperlight_mappo	TEST	150	315.8964	-0.000024	-1.2802	0.8453	0.0502	2933
hyperlight_mappo	TRAIN	151	318.5082	-0.000009	-1.4506	0.9733	0.0558	2931
hyperlight_mappo	TRAIN	152	318.9601	-0.000020	-1.4728	0.9851	0.0562	2932
hyperlight_mappo	TRAIN	153	318.1455	-0.000025	-1.4253	0.9531	0.0547	2933
hyperlight_mappo	TRAIN	154	318.1881	-0.000024	-1.4236	0.9528	0.0536	2932
hyperlight_mappo	TRAIN	155	318.3802	-0.000017	-1.4352	0.9523	0.0543	2933
hyperlight_mappo	TEST	155	315.7127	-0.000017	-1.2782	0.8476	0.0512	2930
hyperlight_mappo	TRAIN	156	318.2957	-0.000026	-1.4456	0.9635	0.0558	2930
hyperlight_mappo	TRAIN	157	318.1425	-0.000023	-1.4392	0.9628	0.0561	2932
hyperlight_mappo	TRAIN	158	318.3694	-0.000022	-1.4563	0.9788	0.0562	2932
hyperlight_mappo	TRAIN	159	317.7254	-0.000027	-1.4202	0.9524	0.0546	2932
hyperlight_mappo	TRAIN	160	318.2394	-0.000019	-1.4439	0.9642	0.0563	2932
hyperlight_mappo	TEST	160	315.1787	-0.000019	-1.2610	0.8373	0.0505	2931
hyperlight_mappo	TRAIN	161	317.7714	-0.000015	-1.4199	0.9474	0.0550	2932
hyperlight_mappo	TRAIN	162	317.5615	-0.000026	-1.3957	0.9276	0.0552	2934
hyperlight_mappo	TRAIN	163	317.5833	-0.000017	-1.4029	0.9385	0.0550	2933
hyperlight_mappo	TRAIN	164	316.8984	-0.000009	-1.3539	0.9003	0.0526	2933
hyperlight_mappo	TRAIN	165	316.7124	-0.000016	-1.3633	0.9123	0.0532	2930
hyperlight_mappo	TEST	165	315.4593	-0.000016	-1.2745	0.8486	0.0507	2933
hyperlight_mappo	TRAIN	166	317.3956	-0.000021	-1.3845	0.9226	0.0536	2933
hyperlight_mappo	TRAIN	167	318.1214	-0.000020	-1.4210	0.9450	0.0542	2933
hyperlight_mappo	TRAIN	168	317.4770	-0.000020	-1.3949	0.9295	0.0537	2930
hyperlight_mappo	TRAIN	169	318.2119	-0.000010	-1.4361	0.9523	0.0554	2933
hyperlight_mappo	TRAIN	170	317.0298	-0.000021	-1.3652	0.9080	0.0530	2931
hyperlight_mappo	TEST	170	315.8535	-0.000021	-1.2888	0.8497	0.0501	2932
hyperlight_mappo	TRAIN	171	317.3305	-0.000017	-1.3759	0.9148	0.0531	2930
hyperlight_mappo	TRAIN	172	317.6614	-0.000021	-1.4047	0.9380	0.0537	2933
hyperlight_mappo	TRAIN	173	317.0161	-0.000024	-1.3600	0.9019	0.0521	2933
hyperlight_mappo	TRAIN	174	317.2417	-0.000022	-1.3811	0.9196	0.0539	2931
hyperlight_mappo	TRAIN	175	317.3309	-0.000023	-1.3730	0.9153	0.0527	2931
hyperlight_mappo	TEST	175	315.8367	-0.000023	-1.2907	0.8599	0.0496	2932
hyperlight_mappo	TRAIN	176	317.5602	-0.000028	-1.3958	0.9323	0.0542	2931
hyperlight_mappo	TRAIN	177	317.4492	-0.000022	-1.3899	0.9266	0.0535	2934
hyperlight_mappo	TRAIN	178	316.9591	-0.000021	-1.3630	0.9083	0.0526	2933
hyperlight_mappo	TRAIN	179	317.6141	-0.000021	-1.3995	0.9264	0.0538	2930
hyperlight_mappo	TRAIN	180	316.7975	-0.000025	-1.3497	0.8927	0.0524	2930
hyperlight_mappo	TEST	180	315.6882	-0.000025	-1.2747	0.8438	0.0487	2930
hyperlight_mappo	TRAIN	181	316.9128	-0.000024	-1.3472	0.8938	0.0519	2932
hyperlight_mappo	TRAIN	182	317.7523	-0.000021	-1.4002	0.9339	0.0528	2930
hyperlight_mappo	TRAIN	183	317.1924	-0.000014	-1.3748	0.9182	0.0527	2931
hyperlight_mappo	TRAIN	184	317.1643	-0.000023	-1.3720	0.9167	0.0519	2932
hyperlight_mappo	TRAIN	185	317.4955	-0.000019	-1.3916	0.9340	0.0523	2931
hyperlight_mappo	TEST	185	315.5193	-0.000019	-1.2772	0.8467	0.0495	2932
hyperlight_mappo	TRAIN	186	317.2759	-0.000025	-1.3752	0.9219	0.0532	2932
hyperlight_mappo	TRAIN	187	317.6792	-0.000018	-1.4143	0.9427	0.0536	2932
hyperlight_mappo	TRAIN	188	317.6624	-0.000013	-1.4059	0.9333	0.0530	2932
hyperlight_mappo	TRAIN	189	317.6017	-0.000026	-1.4100	0.9399	0.0535	2931
hyperlight_mappo	TRAIN	190	317.4388	-0.000027	-1.4019	0.9342	0.0539	2932
hyperlight_mappo	TEST	190	315.1475	-0.000027	-1.2638	0.8342	0.0498	2931
hyperlight_mappo	TRAIN	191	317.5226	-0.000020	-1.3959	0.9300	0.0542	2930
hyperlight_mappo	TRAIN	192	317.1230	-0.000018	-1.3788	0.9181	0.0535	2932
hyperlight_mappo	TRAIN	193	317.7338	-0.000018	-1.4078	0.9422	0.0543	2930
hyperlight_mappo	TRAIN	194	317.4187	-0.000030	-1.4142	0.9490	0.0544	2931
hyperlight_mappo	TRAIN	195	318.4777	-0.000026	-1.4664	0.9821	0.0563	2931
hyperlight_mappo	TEST	195	315.7992	-0.000026	-1.3027	0.8694	0.0512	2931
hyperlight_mappo	TRAIN	196	317.1871	-0.000020	-1.3769	0.9165	0.0529	2932
hyperlight_mappo	TRAIN	197	317.5749	-0.000026	-1.4104	0.9498	0.0556	2931
hyperlight_mappo	TRAIN	198	317.6708	-0.000021	-1.4104	0.9458	0.0548	2932
hyperlight_mappo	TRAIN	199	316.9232	-0.000016	-1.3701	0.9231	0.0533	2932
hyperlight_mappo	TRAIN	200	317.2229	-0.000015	-1.3829	0.9271	0.0537	2932
hyperlight_mappo	TEST	200	315.1502	-0.000015	-1.2789	0.8651	0.0521	2932
hyperlight_mappo	TRAIN	201	317.4378	-0.000020	-1.3968	0.9375	0.0540	2932
hyperlight_mappo	TRAIN	202	317.4197	-0.000017	-1.3993	0.9300	0.0539	2930
hyperlight_mappo	TRAIN	203	316.9430	-0.000021	-1.3830	0.9222	0.0544	2933
hyperlight_mappo	TRAIN	204	316.3547	-0.000020	-1.3384	0.8934	0.0522	2932
hyperlight_mappo	TRAIN	205	317.1840	-0.000007	-1.3828	0.9316	0.0534	2933
hyperlight_mappo	TEST	205	315.0201	-0.000007	-1.2663	0.8455	0.0505	2931
hyperlight_mappo	TRAIN	206	316.9138	-0.000027	-1.3741	0.9201	0.0539	2931
hyperlight_mappo	TRAIN	207	317.0821	-0.000023	-1.3741	0.9219	0.0536	2932
hyperlight_mappo	TRAIN	208	316.6276	-0.000018	-1.3403	0.8915	0.0531	2932
hyperlight_mappo	TRAIN	209	316.9946	-0.000022	-1.3624	0.8979	0.0526	2932
hyperlight_mappo	TRAIN	210	317.0091	-0.000026	-1.3753	0.9137	0.0541	2933
hyperlight_mappo	TEST	210	314.9682	-0.000026	-1.2355	0.8203	0.0487	2931
hyperlight_mappo	TRAIN	211	316.3496	-0.000019	-1.3367	0.8894	0.0522	2932
hyperlight_mappo	TRAIN	212	316.8921	-0.000023	-1.3642	0.9097	0.0532	2931
hyperlight_mappo	TRAIN	213	316.6349	-0.000019	-1.3410	0.8887	0.0524	2932
hyperlight_mappo	TRAIN	214	317.0241	-0.000020	-1.3806	0.9172	0.0532	2931
hyperlight_mappo	TRAIN	215	317.5401	-0.000020	-1.3997	0.9377	0.0547	2934
hyperlight_mappo	TEST	215	314.6024	-0.000020	-1.2349	0.8156	0.0497	2931
hyperlight_mappo	TRAIN	216	316.7187	-0.000028	-1.3561	0.9036	0.0532	2931
hyperlight_mappo	TRAIN	217	316.7187	-0.000018	-1.3598	0.9106	0.0543	2933
hyperlight_mappo	TRAIN	218	315.6473	-0.000029	-1.2952	0.8630	0.0519	2931
hyperlight_mappo	TRAIN	219	316.3547	-0.000020	-1.3441	0.8951	0.0541	2931
hyperlight_mappo	TRAIN	220	316.1871	-0.000023	-1.3307	0.8898	0.0534	2933
hyperlight_mappo	TEST	220	315.1254	-0.000023	-1.2737	0.8533	0.0515	2933
hyperlight_mappo	TRAIN	221	316.5897	-0.000026	-1.3409	0.9000	0.0521	2932
hyperlight_mappo	TRAIN	222	315.8465	-0.000022	-1.3004	0.8668	0.0510	2932
hyperlight_mappo	TRAIN	223	315.6889	-0.000012	-1.3119	0.8795	0.0527	2930
hyperlight_mappo	TRAIN	224	315.9366	-0.000018	-1.3170	0.8811	0.0515	2931
hyperlight_mappo	TRAIN	225	316.2400	-0.000005	-1.3266	0.8882	0.0522	2933
hyperlight_mappo	TEST	225	314.4361	-0.000005	-1.2367	0.8220	0.0501	2930
hyperlight_mappo	TRAIN	226	316.7456	-0.000024	-1.3586	0.9095	0.0536	2933
hyperlight_mappo	TRAIN	227	315.7499	-0.000020	-1.2992	0.8668	0.0520	2932
hyperlight_mappo	TRAIN	228	316.4797	-0.000016	-1.3308	0.8873	0.0522	2934
hyperlight_mappo	TRAIN	229	316.1492	-0.000017	-1.3256	0.8849	0.0523	2931
hyperlight_mappo	TRAIN	230	315.6279	-0.000018	-1.2960	0.8637	0.0516	2932
hyperlight_mappo	TEST	230	314.6269	-0.000018	-1.2342	0.8200	0.0500	2930
hyperlight_mappo	TRAIN	231	316.3228	-0.000016	-1.3378	0.8924	0.0526	2932
hyperlight_mappo	TRAIN	232	316.0003	-0.000007	-1.3162	0.8717	0.0528	2932
hyperlight_mappo	TRAIN	233	316.4797	-0.000020	-1.3398	0.8906	0.0524	2932
hyperlight_mappo	TRAIN	234	315.8468	-0.000019	-1.2962	0.8578	0.0510	2932
hyperlight_mappo	TRAIN	235	316.5954	-0.000022	-1.3425	0.8936	0.0523	2933
hyperlight_mappo	TEST	235	314.8049	-0.000022	-1.2407	0.8253	0.0500	2932
hyperlight_mappo	TRAIN	236	316.1428	-0.000020	-1.3089	0.8693	0.0513	2931
hyperlight_mappo	TRAIN	237	316.4452	-0.000023	-1.3227	0.8783	0.0517	2933
hyperlight_mappo	TRAIN	238	316.1348	-0.000020	-1.3066	0.8649	0.0520	2933
hyperlight_mappo	TRAIN	239	316.1133	-0.000019	-1.3003	0.8606	0.0504	2931
hyperlight_mappo	TRAIN	240	316.1002	-0.000021	-1.2969	0.8538	0.0508	2934
hyperlight_mappo	TEST	240	314.7425	-0.000021	-1.2293	0.8095	0.0487	2930
hyperlight_mappo	TRAIN	241	316.8290	-0.000027	-1.3435	0.8932	0.0523	2930
hyperlight_mappo	TRAIN	242	316.6849	-0.000024	-1.3357	0.8861	0.0526	2933
hyperlight_mappo	TRAIN	243	316.0882	-0.000019	-1.2971	0.8611	0.0508	2933
hyperlight_mappo	TRAIN	244	316.3490	-0.000028	-1.3217	0.8771	0.0515	2933
hyperlight_mappo	TRAIN	245	316.0617	-0.000028	-1.3075	0.8660	0.0516	2931
hyperlight_mappo	TEST	245	314.6121	-0.000028	-1.2358	0.8161	0.0495	2932
hyperlight_mappo	TRAIN	246	315.5823	-0.000021	-1.2724	0.8372	0.0499	2933
hyperlight_mappo	TRAIN	247	315.8813	-0.000024	-1.2892	0.8493	0.0503	2930
hyperlight_mappo	TRAIN	248	315.5226	-0.000019	-1.2728	0.8436	0.0501	2933
hyperlight_mappo	TRAIN	249	316.0865	-0.000025	-1.3065	0.8663	0.0517	2931
