structural conditioning spec: structural_v1:in_lane_count,out_lane_count,in_degree,out_degree,node_degree,neighbor_count,phase_count,startlane_count,lanes_per_in_road,lanes_per_out_road,out_in_lane_ratio,controlled_neighbor_ratio
structural features (min/mean/max): in_lane_count[12/12.00/12] out_lane_count[12/12.00/12] in_degree[4/4.00/4] out_degree[4/4.00/4] node_degree[8/8.00/8] neighbor_count[2/3.00/4] phase_count[8/8.00/8] startlane_count[12/12.00/12] lanes_per_in_road[3/3.00/3] lanes_per_out_road[3/3.00/3] out_in_lane_ratio[1/1.00/1] controlled_neighbor_ratio[0.5/0.75/1]
dynamic conditioning spec: dynamic_v1:hl60:ema_queue,ema_occupancy,ema_pressure,ema_imbalance,ema_queue_slope (alpha=0.01149, scale=1)
step:3600/3600, q_loss:0.002769738463339982, rewards:-22.744165420532227, queue:16.98055648803711, delay:0.1319299340248108, throughput:2429
episode:0/250, real avg travel time:732.6962789138452
Test step:0/250, travel time :1291.8216560509554, rewards:-67.71060180664062, queue:50.89496612548828, delay:0.2477007359266281, throughput:1690
New best TEST travel time 1291.8217 at episode 0, saved as best checkpoint
step:3600/3600, q_loss:0.002453806389261175, rewards:-20.978958129882812, queue:15.64670181274414, delay:0.12667076289653778, throughput:2506
episode:1/250, real avg travel time:689.5078779751927
step:3600/3600, q_loss:0.0019721303549077775, rewards:-19.647523880004883, queue:14.653471946716309, delay:0.12980103492736816, throughput:2540
episode:2/250, real avg travel time:660.0392222594703
step:3600/3600, q_loss:0.0020119993774979205, rewards:-20.871295928955078, queue:15.55711841583252, delay:0.13251431286334991, throughput:2561
episode:3/250, real avg travel time:641.7854508883674
step:3600/3600, q_loss:0.0020686967229401627, rewards:-21.1339111328125, queue:15.763541221618652, delay:0.12920205295085907, throughput:2578
episode:4/250, real avg travel time:691.085819644653
step:3600/3600, q_loss:0.001359109007925899, rewards:-18.306758880615234, queue:13.630034446716309, delay:0.13106927275657654, throughput:2725
episode:5/250, real avg travel time:589.1746563861884
Test step:5/250, travel time :1165.7294669795508, rewards:-66.03555297851562, queue:49.64323043823242, delay:0.28254106640815735, throughput:2202
New best TEST travel time 1165.7295 at episode 5, saved as best checkpoint
step:3600/3600, q_loss:0.0012157549736676392, rewards:-16.52960777282715, queue:12.29600715637207, delay:0.12823866307735443, throughput:2676
episode:6/250, real avg travel time:589.2363392557828
step:3600/3600, q_loss:0.0010924658082701543, rewards:-16.529327392578125, queue:12.303646087646484, delay:0.12918169796466827, throughput:2699
episode:7/250, real avg travel time:598.909822326517
step:3600/3600, q_loss:0.0011078671448760563, rewards:-17.20032501220703, queue:12.792014122009277, delay:0.12962880730628967, throughput:2698
episode:8/250, real avg travel time:594.9735165940328
step:3600/3600, q_loss:0.000806145901205363, rewards:-15.611431121826172, queue:11.595833778381348, delay:0.12740987539291382, throughput:2746
episode:9/250, real avg travel time:560.8042239356353
step:3600/3600, q_loss:0.0008483185398357886, rewards:-16.1839599609375, queue:12.041840553283691, delay:0.12904027104377747, throughput:2700
episode:10/250, real avg travel time:562.2732148843446
Test step:10/250, travel time :1142.5142474019444, rewards:-64.31902313232422, queue:48.35190963745117, delay:0.2842196822166443, throughput:2262
New best TEST travel time 1142.5142 at episode 10, saved as best checkpoint
step:3600/3600, q_loss:0.0009240844459445388, rewards:-16.805580139160156, queue:12.515277862548828, delay:0.12699492275714874, throughput:2676
episode:11/250, real avg travel time:569.4441837076769
step:3600/3600, q_loss:0.000719793223672443, rewards:-15.438563346862793, queue:11.478646278381348, delay:0.12729711830615997, throughput:2776
episode:12/250, real avg travel time:557.3107609788804
step:3600/3600, q_loss:0.0002570659939751581, rewards:-11.001805305480957, queue:8.130903244018555, delay:0.12815575301647186, throughput:2859
episode:13/250, real avg travel time:472.67582970164267
step:3600/3600, q_loss:0.00012947672857316556, rewards:-8.996759414672852, queue:6.6328125, delay:0.12506349384784698, throughput:2903
episode:14/250, real avg travel time:443.39658062353334
step:3600/3600, q_loss:8.602641928182156e-05, rewards:-7.205347537994385, queue:5.285243034362793, delay:0.1247638612985611, throughput:2911
episode:15/250, real avg travel time:410.3831713040563
Test step:15/250, travel time :1054.1481729802213, rewards:-57.54536819458008, queue:43.25381851196289, delay:0.28784605860710144, throughput:2430
New best TEST travel time 1054.1482 at episode 15, saved as best checkpoint
step:3600/3600, q_loss:2.7563876938074827e-05, rewards:-7.169375896453857, queue:5.251562595367432, delay:0.13227319717407227, throughput:2912
episode:16/250, real avg travel time:408.80355346966144
step:3600/3600, q_loss:-1.2790163358052572e-07, rewards:-5.702082633972168, queue:4.144965171813965, delay:0.12653954327106476, throughput:2916
episode:17/250, real avg travel time:384.2718739523969
step:3600/3600, q_loss:2.2132342025913573e-06, rewards:-6.054050922393799, queue:4.409375190734863, delay:0.12667520344257355, throughput:2910
episode:18/250, real avg travel time:391.3064029500503
step:3600/3600, q_loss:-3.024520507703225e-06, rewards:-6.1887736320495605, queue:4.515798568725586, delay:0.1341213881969452, throughput:2905
episode:19/250, real avg travel time:386.98524974857526
step:3600/3600, q_loss:-2.4328115870486256e-05, rewards:-5.383911609649658, queue:3.8998262882232666, delay:0.13095726072788239, throughput:2916
episode:20/250, real avg travel time:376.12604760308415
Test step:20/250, travel time :775.8263493127723, rewards:-37.43537139892578, queue:28.073957443237305, delay:0.2508288025856018, throughput:2646
New best TEST travel time 775.8263 at episode 20, saved as best checkpoint
step:3600/3600, q_loss:-1.4365608027825753e-05, rewards:-5.084814548492432, queue:3.663194417953491, delay:0.12859240174293518, throughput:2917
episode:21/250, real avg travel time:372.31009051290647
step:3600/3600, q_loss:-5.6682572769070105e-06, rewards:-4.981550216674805, queue:3.593055486679077, delay:0.12606216967105865, throughput:2908
episode:22/250, real avg travel time:369.51793496480053
step:3600/3600, q_loss:-1.604238253397246e-05, rewards:-4.706111431121826, queue:3.394618034362793, delay:0.12094176560640335, throughput:2919
episode:23/250, real avg travel time:366.0569896077774
step:3600/3600, q_loss:-2.4567083326271837e-05, rewards:-4.380115985870361, queue:3.141319513320923, delay:0.11875070631504059, throughput:2927
episode:24/250, real avg travel time:362.23835065370434
step:3600/3600, q_loss:-2.136342098108596e-05, rewards:-4.508936405181885, queue:3.233506917953491, delay:0.11729992926120758, throughput:2914
episode:25/250, real avg travel time:364.07542742205834
Test step:25/250, travel time :761.1558833389206, rewards:-36.09504699707031, queue:27.0703125, delay:0.2503252923488617, throughput:2705
New best TEST travel time 761.1559 at episode 25, saved as best checkpoint
step:3600/3600, q_loss:-1.2052976698787125e-05, rewards:-4.194467544555664, queue:2.99670147895813, delay:0.11646326631307602, throughput:2926
episode:26/250, real avg travel time:358.5571572242709
step:3600/3600, q_loss:-2.263452064383913e-05, rewards:-4.212291240692139, queue:3.0145833492279053, delay:0.11867822706699371, throughput:2919
episode:27/250, real avg travel time:358.77137110291653
step:3600/3600, q_loss:-2.0802055951207875e-05, rewards:-4.419815540313721, queue:3.1697916984558105, delay:0.11713188886642456, throughput:2921
episode:28/250, real avg travel time:361.67080120683875
step:3600/3600, q_loss:-3.0274675615752737e-05, rewards:-4.297338008880615, queue:3.071180582046509, delay:0.11948375403881073, throughput:2923
episode:29/250, real avg travel time:359.6647670130741
step:3600/3600, q_loss:-3.119294911071106e-05, rewards:-3.910416603088379, queue:2.77673602104187, delay:0.1151261031627655, throughput:2926
episode:30/250, real avg travel time:354.07676835400605
Test step:30/250, travel time :703.4485417365069, rewards:-31.533679962158203, queue:23.640451431274414, delay:0.25358283519744873, throughput:2774
New best TEST travel time 703.4485 at episode 30, saved as best checkpoint
step:3600/3600, q_loss:-3.397604493700244e-05, rewards:-4.313355922698975, queue:3.0869791507720947, delay:0.12054453790187836, throughput:2928
episode:31/250, real avg travel time:359.5434126718069
step:3600/3600, q_loss:-3.582868612957773e-05, rewards:-4.201435089111328, queue:2.9980902671813965, delay:0.11637745052576065, throughput:2917
episode:32/250, real avg travel time:357.60107274555816
step:3600/3600, q_loss:-3.561453885157351e-05, rewards:-3.6445837020874023, queue:2.5810763835906982, delay:0.10939161479473114, throughput:2928
episode:33/250, real avg travel time:350.11330874958094
step:3600/3600, q_loss:-4.0251421483440534e-05, rewards:-3.4677774906158447, queue:2.438368082046509, delay:0.1072349101305008, throughput:2923
episode:34/250, real avg travel time:347.52028159570904
step:3600/3600, q_loss:-3.267927181527571e-05, rewards:-3.5767595767974854, queue:2.535069465637207, delay:0.10490027815103531, throughput:2924
episode:35/250, real avg travel time:349.8927254441837
Test step:35/250, travel time :519.4770365403956, rewards:-17.003215789794922, queue:12.665103912353516, delay:0.21065343916416168, throughput:2873
New best TEST travel time 519.4770 at episode 35, saved as best checkpoint
step:3600/3600, q_loss:-3.37735288431523e-05, rewards:-3.4058566093444824, queue:2.402256965637207, delay:0.10617160052061081, throughput:2921
episode:36/250, real avg travel time:346.74321153201475
step:3600/3600, q_loss:-3.7882911231092834e-05, rewards:-3.245832920074463, queue:2.277777671813965, delay:0.10099486261606216, throughput:2927
episode:37/250, real avg travel time:344.8387529332886
step:3600/3600, q_loss:-3.533637974652703e-05, rewards:-3.090810775756836, queue:2.1640625, delay:0.09498049318790436, throughput:2932
episode:38/250, real avg travel time:342.70432450553136
step:3600/3600, q_loss:-4.360425432592079e-05, rewards:-3.3034026622772217, queue:2.3253471851348877, delay:0.09848596900701523, throughput:2925
episode:39/250, real avg travel time:345.92658397586325
step:3600/3600, q_loss:-3.4277854461429845e-05, rewards:-3.0876851081848145, queue:2.164583444595337, delay:0.09481760859489441, throughput:2930
episode:40/250, real avg travel time:342.5407308079115
Test step:40/250, travel time :392.40697284612804, rewards:-6.890347003936768, queue:5.027777671813965, delay:0.15222452580928802, throughput:2916
New best TEST travel time 392.4070 at episode 40, saved as best checkpoint
step:3600/3600, q_loss:-2.363514569070604e-05, rewards:-2.9339816570281982, queue:2.055555582046509, delay:0.09243113547563553, throughput:2926
episode:41/250, real avg travel time:339.8421052631579
step:3600/3600, q_loss:-3.442476499239328e-05, rewards:-2.898611545562744, queue:2.022742986679077, delay:0.09085439145565033, throughput:2931
episode:42/250, real avg travel time:340.3540060341938
step:3600/3600, q_loss:-3.3289219330375394e-05, rewards:-2.656226634979248, queue:1.8432291746139526, delay:0.0877247154712677, throughput:2926
episode:43/250, real avg travel time:336.0197787462286
step:3600/3600, q_loss:-4.0785675109536556e-05, rewards:-2.674861192703247, queue:1.8543403148651123, delay:0.08750955015420914, throughput:2931
episode:44/250, real avg travel time:336.8397586322494
step:3600/3600, q_loss:-3.51427513157466e-05, rewards:-2.7153241634368896, queue:1.886631965637207, delay:0.09082166850566864, throughput:2929
episode:45/250, real avg travel time:337.14951391216897
Test step:45/250, travel time :331.74052966811934, rewards:-2.389930486679077, queue:1.6548610925674438, delay:0.0838240534067154, throughput:2928
New best TEST travel time 331.7405 at episode 45, saved as best checkpoint
step:3600/3600, q_loss:-3.1814421311503755e-05, rewards:-2.638796329498291, queue:1.8244792222976685, delay:0.0876353457570076, throughput:2931
episode:46/250, real avg travel time:336.2634931277238
step:3600/3600, q_loss:-4.209255459028538e-05, rewards:-2.5722219944000244, queue:1.7842013835906982, delay:0.08551499992609024, throughput:2928
episode:47/250, real avg travel time:335.2561180020114
step:3600/3600, q_loss:-4.022264318471706e-05, rewards:-2.475717782974243, queue:1.7133680582046509, delay:0.08483809232711792, throughput:2929
episode:48/250, real avg travel time:333.5062018102581
step:3600/3600, q_loss:-3.2536336651968734e-05, rewards:-2.355092763900757, queue:1.625, delay:0.08065354079008102, throughput:2925
episode:49/250, real avg travel time:331.7036540395575
step:3600/3600, q_loss:-3.096475707867218e-05, rewards:-2.381828784942627, queue:1.6437499523162842, delay:0.08241304010152817, throughput:2929
episode:50/250, real avg travel time:331.99530673818305
Test step:50/250, travel time :329.24807241032516, rewards:-2.207291603088379, queue:1.5265624523162842, delay:0.08493641018867493, throughput:2928
New best TEST travel time 329.2481 at episode 50, saved as best checkpoint
step:3600/3600, q_loss:-3.896624030959275e-05, rewards:-2.305833578109741, queue:1.5890624523162842, delay:0.08068465441465378, throughput:2929
episode:51/250, real avg travel time:331.131411330875
step:3600/3600, q_loss:-2.9480030665312102e-05, rewards:-2.2475926876068115, queue:1.5489583015441895, delay:0.07880759984254837, throughput:2929
episode:52/250, real avg travel time:330.5588333892055
step:3600/3600, q_loss:-3.573987137146846e-05, rewards:-2.2246761322021484, queue:1.5303819179534912, delay:0.07974743843078613, throughput:2929
episode:53/250, real avg travel time:329.74421723097555
step:3600/3600, q_loss:-3.34817386896315e-05, rewards:-2.210740566253662, queue:1.519444465637207, delay:0.0787942036986351, throughput:2929
episode:54/250, real avg travel time:329.6771706335903
step:3600/3600, q_loss:-3.422520433863004e-05, rewards:-2.21423602104187, queue:1.5291666984558105, delay:0.08030746877193451, throughput:2931
episode:55/250, real avg travel time:329.4384847468991
Test step:55/250, travel time :326.6067717063359, rewards:-2.03560209274292, queue:1.3984375, delay:0.08034957945346832, throughput:2933
New best TEST travel time 326.6068 at episode 55, saved as best checkpoint
step:3600/3600, q_loss:-3.10321952888949e-05, rewards:-2.0643746852874756, queue:1.4067708253860474, delay:0.0751526802778244, throughput:2933
episode:56/250, real avg travel time:327.2242708682534
step:3600/3600, q_loss:-3.583748766686767e-05, rewards:-2.133657455444336, queue:1.4654513597488403, delay:0.07967491447925568, throughput:2928
episode:57/250, real avg travel time:328.18940663761316
step:3600/3600, q_loss:-3.2784758972142034e-05, rewards:-2.047523021697998, queue:1.4031250476837158, delay:0.07776127755641937, throughput:2932
episode:58/250, real avg travel time:326.8407643312102
step:3600/3600, q_loss:-3.795303820408191e-05, rewards:-2.0032870769500732, queue:1.3769097328186035, delay:0.07557310909032822, throughput:2929
episode:59/250, real avg travel time:326.24539054642975
step:3600/3600, q_loss:-2.5231105003816385e-05, rewards:-1.959930419921875, queue:1.3428819179534912, delay:0.07577738165855408, throughput:2932
episode:60/250, real avg travel time:325.63325511230306
Test step:60/250, travel time :326.10593362386857, rewards:-2.027777671813965, queue:1.4038194417953491, delay:0.08241213858127594, throughput:2931
New best TEST travel time 326.1059 at episode 60, saved as best checkpoint
step:3600/3600, q_loss:-1.4437472068325235e-05, rewards:-1.9889582395553589, queue:1.3659722805023193, delay:0.0772026851773262, throughput:2928
episode:61/250, real avg travel time:325.7747234327858
step:3600/3600, q_loss:-2.795443288050592e-05, rewards:-1.949398159980774, queue:1.3340277671813965, delay:0.0747486874461174, throughput:2934
episode:62/250, real avg travel time:325.49078109285955
step:3600/3600, q_loss:-3.426047742659985e-05, rewards:-1.9141896963119507, queue:1.3074653148651123, delay:0.07288049161434174, throughput:2932
episode:63/250, real avg travel time:324.99463627220916
step:3600/3600, q_loss:-2.6407553404742093e-05, rewards:-1.9336113929748535, queue:1.320138931274414, delay:0.07117088884115219, throughput:2934
episode:64/250, real avg travel time:325.3831713040563
step:3600/3600, q_loss:-2.8442057642947744e-05, rewards:-1.9306942224502563, queue:1.3173611164093018, delay:0.0705471858382225, throughput:2930
episode:65/250, real avg travel time:325.3818303721086
Test step:65/250, travel time :322.35769359704994, rewards:-1.7653700113296509, queue:1.2055555582046509, delay:0.07002513855695724, throughput:2929
New best TEST travel time 322.3577 at episode 65, saved as best checkpoint
step:3600/3600, q_loss:-2.381953742803523e-05, rewards:-1.838263988494873, queue:1.2505208253860474, delay:0.0711488276720047, throughput:2932
episode:66/250, real avg travel time:323.6865571572243
step:3600/3600, q_loss:-2.3743579664302096e-05, rewards:-1.9072915315628052, queue:1.3036458492279053, delay:0.07280495762825012, throughput:2932
episode:67/250, real avg travel time:324.81293999329534
step:3600/3600, q_loss:-3.457705337226529e-05, rewards:-1.843240737915039, queue:1.2559027671813965, delay:0.06993675976991653, throughput:2931
episode:68/250, real avg travel time:323.85551458263495
step:3600/3600, q_loss:-2.5008576577184375e-05, rewards:-1.8399072885513306, queue:1.2519097328186035, delay:0.07132554799318314, throughput:2929
episode:69/250, real avg travel time:323.7991954408314
step:3600/3600, q_loss:-3.393666001674891e-05, rewards:-1.9400228261947632, queue:1.3352431058883667, delay:0.07506339997053146, throughput:2934
episode:70/250, real avg travel time:325.3640630238015
Test step:70/250, travel time :323.221924237345, rewards:-1.802777647972107, queue:1.232118010520935, delay:0.06859256327152252, throughput:2931
step:3600/3600, q_loss:-2.910177842110257e-05, rewards:-1.9443752765655518, queue:1.3277777433395386, delay:0.07149601727724075, throughput:2931
episode:71/250, real avg travel time:325.37948374120015
step:3600/3600, q_loss:-2.0986433352205766e-05, rewards:-1.9156941175460815, queue:1.3095486164093018, delay:0.07243090867996216, throughput:2933
episode:72/250, real avg travel time:324.8317130405632
step:3600/3600, q_loss:-1.0935132633204813e-05, rewards:-1.860208511352539, queue:1.2734375, delay:0.07018706202507019, throughput:2933
episode:73/250, real avg travel time:324.04592691920885
step:3600/3600, q_loss:-2.0459920590467476e-05, rewards:-1.8460415601730347, queue:1.2565972805023193, delay:0.07122425734996796, throughput:2932
episode:74/250, real avg travel time:323.91149849145154
step:3600/3600, q_loss:-2.2787281044724362e-05, rewards:-1.847569465637207, queue:1.257986068725586, delay:0.07055355608463287, throughput:2932
episode:75/250, real avg travel time:323.9698290311767
Test step:75/250, travel time :323.0901776734831, rewards:-1.7850924730300903, queue:1.2156250476837158, delay:0.06892817467451096, throughput:2931
step:3600/3600, q_loss:-1.6412180331018237e-05, rewards:-1.8220371007919312, queue:1.2411458492279053, delay:0.06788834184408188, throughput:2933
episode:76/250, real avg travel time:323.6667784109956
step:3600/3600, q_loss:-2.571886935685244e-05, rewards:-1.7740739583969116, queue:1.1996527910232544, delay:0.06767182797193527, throughput:2931
episode:77/250, real avg travel time:322.8273550117332
step:3600/3600, q_loss:-1.9718187912884685e-05, rewards:-1.8404629230499268, queue:1.257986068725586, delay:0.07070890069007874, throughput:2932
episode:78/250, real avg travel time:324.0372108615488
step:3600/3600, q_loss:-2.002198447438854e-05, rewards:-1.7920600175857544, queue:1.2157986164093018, delay:0.06811702251434326, throughput:2932
episode:79/250, real avg travel time:323.2128729466979
step:3600/3600, q_loss:-1.0917070364855507e-05, rewards:-1.7437962293624878, queue:1.1843750476837158, delay:0.06676309555768967, throughput:2932
episode:80/250, real avg travel time:322.6027489104928
Test step:80/250, travel time :320.67448876969496, rewards:-1.631250023841858, queue:1.0979167222976685, delay:0.06420082598924637, throughput:2932
New best TEST travel time 320.6745 at episode 80, saved as best checkpoint
step:3600/3600, q_loss:-2.1968134549549884e-05, rewards:-1.7124536037445068, queue:1.1527777910232544, delay:0.0667385384440422, throughput:2931
episode:81/250, real avg travel time:322.0465973851827
step:3600/3600, q_loss:-1.881621989283573e-05, rewards:-1.7086575031280518, queue:1.1536458730697632, delay:0.06574143469333649, throughput:2932
episode:82/250, real avg travel time:322.2041568890379
step:3600/3600, q_loss:-1.8473810740505103e-05, rewards:-1.6733334064483643, queue:1.1258680820465088, delay:0.06466186791658401, throughput:2932
episode:83/250, real avg travel time:321.40864901106266
step:3600/3600, q_loss:-2.013886826009386e-05, rewards:-1.6353702545166016, queue:1.0967013835906982, delay:0.062310006469488144, throughput:2931
episode:84/250, real avg travel time:321.11733154542407
step:3600/3600, q_loss:-2.2388838503199318e-05, rewards:-1.65474534034729, queue:1.1154513359069824, delay:0.06318588554859161, throughput:2932
episode:85/250, real avg travel time:321.24673147837746
Test step:85/250, travel time :319.40697284612804, rewards:-1.5420833826065063, queue:1.0359375476837158, delay:0.06118294224143028, throughput:2932
New best TEST travel time 319.4070 at episode 85, saved as best checkpoint
step:3600/3600, q_loss:-1.854514724712957e-05, rewards:-1.6861572265625, queue:1.1345486640930176, delay:0.06389238685369492, throughput:2933
episode:86/250, real avg travel time:321.7261146496815
step:3600/3600, q_loss:-2.2310778364987564e-05, rewards:-1.695138931274414, queue:1.1387152671813965, delay:0.06401684880256653, throughput:2933
episode:87/250, real avg travel time:322.1049279249078
step:3600/3600, q_loss:-1.5307361415276925e-05, rewards:-1.597222089767456, queue:1.0730903148651123, delay:0.06209885701537132, throughput:2934
episode:88/250, real avg travel time:320.3412671806906
step:3600/3600, q_loss:-2.445205765845323e-05, rewards:-1.606203317642212, queue:1.0737847089767456, delay:0.06180139258503914, throughput:2931
episode:89/250, real avg travel time:320.6493462956755
step:3600/3600, q_loss:-2.630704117042047e-05, rewards:-1.62893545627594, queue:1.0888888835906982, delay:0.06215346232056618, throughput:2933
episode:90/250, real avg travel time:320.9899430103922
Test step:90/250, travel time :318.4964800536373, rewards:-1.466921329498291, queue:0.9786458611488342, delay:0.05937749147415161, throughput:2932
New best TEST travel time 318.4965 at episode 90, saved as best checkpoint
step:3600/3600, q_loss:-2.9401975701114645e-05, rewards:-1.6182869672775269, queue:1.085763931274414, delay:0.06309916079044342, throughput:2932
episode:91/250, real avg travel time:320.89339591015755
step:3600/3600, q_loss:-2.3543868101788338e-05, rewards:-1.6029629707336426, queue:1.0767360925674438, delay:0.061623573303222656, throughput:2928
episode:92/250, real avg travel time:320.68286959436807
step:3600/3600, q_loss:-2.14710788525365e-05, rewards:-1.5841201543807983, queue:1.0592013597488403, delay:0.061336252838373184, throughput:2934
episode:93/250, real avg travel time:320.5541401273885
step:3600/3600, q_loss:-1.3169345200165279e-05, rewards:-1.5311801433563232, queue:1.0170139074325562, delay:0.0596470832824707, throughput:2931
episode:94/250, real avg travel time:319.90579953067385
step:3600/3600, q_loss:-1.9124280488877383e-05, rewards:-1.605717658996582, queue:1.0729166269302368, delay:0.06233491003513336, throughput:2930
episode:95/250, real avg travel time:320.8950720750922
Test step:95/250, travel time :318.76030841434795, rewards:-1.463680386543274, queue:0.9715277552604675, delay:0.05682177096605301, throughput:2932
step:3600/3600, q_loss:-2.5686755866950584e-05, rewards:-1.5272915363311768, queue:1.0163193941116333, delay:0.059951066970825195, throughput:2933
episode:96/250, real avg travel time:319.74958095876633
step:3600/3600, q_loss:-1.7860255428348427e-05, rewards:-1.5330321788787842, queue:1.0237847566604614, delay:0.05903365835547447, throughput:2933
episode:97/250, real avg travel time:319.85484411666107
step:3600/3600, q_loss:-2.0325976139348415e-05, rewards:-1.5371527671813965, queue:1.0227431058883667, delay:0.059609465301036835, throughput:2933
episode:98/250, real avg travel time:319.81394569225614
step:3600/3600, q_loss:-1.251250117396315e-05, rewards:-1.5906250476837158, queue:1.0668402910232544, delay:0.060392215847969055, throughput:2934
episode:99/250, real avg travel time:320.6459939658062
step:3600/3600, q_loss:-2.2159991634975152e-05, rewards:-1.596574068069458, queue:1.0671875476837158, delay:0.06189129501581192, throughput:2933
episode:100/250, real avg travel time:320.7160576600738
Test step:100/250, travel time :318.1518605430774, rewards:-1.4379167556762695, queue:0.9572916626930237, delay:0.057299818843603134, throughput:2932
New best TEST travel time 318.1519 at episode 100, saved as best checkpoint
step:3600/3600, q_loss:-1.2797426596214924e-05, rewards:-1.5626156330108643, queue:1.0451388359069824, delay:0.06064814329147339, throughput:2933
episode:101/250, real avg travel time:320.14549111632584
step:3600/3600, q_loss:-2.126620631854705e-05, rewards:-1.5715047121047974, queue:1.049131989479065, delay:0.06002966687083244, throughput:2935
episode:102/250, real avg travel time:320.20382165605093
step:3600/3600, q_loss:-2.745522188315927e-05, rewards:-1.536203384399414, queue:1.0225694179534912, delay:0.05976741760969162, throughput:2931
episode:103/250, real avg travel time:319.9624539054643
step:3600/3600, q_loss:-2.0853690458116708e-05, rewards:-1.518934965133667, queue:1.0119792222976685, delay:0.057773247361183167, throughput:2932
episode:104/250, real avg travel time:319.50251424740196
step:3600/3600, q_loss:-2.1736449518896366e-05, rewards:-1.6150692701339722, queue:1.084375023841858, delay:0.06224285811185837, throughput:2932
episode:105/250, real avg travel time:321.009051290647
Test step:105/250, travel time :319.02380154207174, rewards:-1.4961575269699097, queue:0.9979166388511658, delay:0.05912705510854721, throughput:2932
step:3600/3600, q_loss:-3.218142104473103e-05, rewards:-1.5905554294586182, queue:1.066493034362793, delay:0.060882728546857834, throughput:2934
episode:106/250, real avg travel time:320.68488099228966
step:3600/3600, q_loss:-2.5976810677632415e-05, rewards:-1.5793287754058838, queue:1.0543402433395386, delay:0.059513531625270844, throughput:2932
episode:107/250, real avg travel time:320.3147837747234
step:3600/3600, q_loss:-1.9099806754470423e-05, rewards:-1.580694556236267, queue:1.0560764074325562, delay:0.06065813824534416, throughput:2932
episode:108/250, real avg travel time:320.52061682869595
step:3600/3600, q_loss:-2.018952315362791e-05, rewards:-1.5768979787826538, queue:1.0560764074325562, delay:0.06159595400094986, throughput:2931
episode:109/250, real avg travel time:320.11632584646327
step:3600/3600, q_loss:-2.236286883190688e-05, rewards:-1.608101725578308, queue:1.0798611640930176, delay:0.06156761199235916, throughput:2931
episode:110/250, real avg travel time:320.78176332551124
Test step:110/250, travel time :318.8669125041904, rewards:-1.4873148202896118, queue:0.9954861402511597, delay:0.05938735976815224, throughput:2933
step:3600/3600, q_loss:-3.0209115141554286e-05, rewards:-1.5882866382598877, queue:1.0666667222976685, delay:0.06163938343524933, throughput:2932
episode:111/250, real avg travel time:320.29835735836406
step:3600/3600, q_loss:-1.999501535599982e-05, rewards:-1.5843517780303955, queue:1.0630208253860474, delay:0.06124141439795494, throughput:2932
episode:112/250, real avg travel time:320.3147837747234
step:3600/3600, q_loss:-1.741881963055305e-05, rewards:-1.588657259941101, queue:1.0699652433395386, delay:0.06290411204099655, throughput:2932
episode:113/250, real avg travel time:320.2601407978545
step:3600/3600, q_loss:-1.5560138423030298e-05, rewards:-1.591805338859558, queue:1.0657986402511597, delay:0.0626598373055458, throughput:2933
episode:114/250, real avg travel time:320.380154207174
step:3600/3600, q_loss:-2.8513963506729513e-05, rewards:-1.6086806058883667, queue:1.0789930820465088, delay:0.06140916794538498, throughput:2932
episode:115/250, real avg travel time:320.6775058665773
Test step:115/250, travel time :318.3224941334227, rewards:-1.449120283126831, queue:0.9678819179534912, delay:0.05712513253092766, throughput:2932
step:3600/3600, q_loss:-3.093096526788065e-05, rewards:-1.6127314567565918, queue:1.0838541984558105, delay:0.06179424002766609, throughput:2932
episode:116/250, real avg travel time:320.7888032182367
step:3600/3600, q_loss:-2.4139043806051767e-05, rewards:-1.6041666269302368, queue:1.0760416984558105, delay:0.06138521805405617, throughput:2933
episode:117/250, real avg travel time:320.6956084478713
step:3600/3600, q_loss:-2.697707731621685e-05, rewards:-1.6649768352508545, queue:1.1229166984558105, delay:0.06340877711772919, throughput:2933
episode:118/250, real avg travel time:321.57023131076096
step:3600/3600, q_loss:-2.0896834084177734e-05, rewards:-1.629305362701416, queue:1.0963541269302368, delay:0.06287714838981628, throughput:2932
episode:119/250, real avg travel time:320.56989607777405
step:3600/3600, q_loss:-2.0145924429892116e-05, rewards:-1.605625033378601, queue:1.078298568725586, delay:0.06015976145863533, throughput:2930
episode:120/250, real avg travel time:320.4810593362387
Test step:120/250, travel time :318.6094535702313, rewards:-1.4894212484359741, queue:1.0041667222976685, delay:0.05917735770344734, throughput:2934
step:3600/3600, q_loss:-1.7628025401521613e-05, rewards:-1.6274535655975342, queue:1.0996527671813965, delay:0.062196552753448486, throughput:2932
episode:121/250, real avg travel time:320.8085819644653
step:3600/3600, q_loss:-1.715404440700594e-05, rewards:-1.5940507650375366, queue:1.0751736164093018, delay:0.06029872968792915, throughput:2931
episode:122/250, real avg travel time:320.538384177003
step:3600/3600, q_loss:-1.6185199233910276e-05, rewards:-1.5440508127212524, queue:1.0329861640930176, delay:0.058407243341207504, throughput:2932
episode:123/250, real avg travel time:319.48307073416026
step:3600/3600, q_loss:-1.9323867659463928e-05, rewards:-1.5018060207366943, queue:1.0109374523162842, delay:0.05779997631907463, throughput:2932
episode:124/250, real avg travel time:318.85216225276565
step:3600/3600, q_loss:-2.1906677715445832e-05, rewards:-1.5824766159057617, queue:1.0706597566604614, delay:0.062235504388809204, throughput:2932
episode:125/250, real avg travel time:319.7851156553805
Test step:125/250, travel time :316.7894736842105, rewards:-1.3757176399230957, queue:0.9194444417953491, delay:0.05572624132037163, throughput:2932
New best TEST travel time 316.7895 at episode 125, saved as best checkpoint
step:3600/3600, q_loss:-9.196316737129732e-06, rewards:-1.4915045499801636, queue:0.9972222447395325, delay:0.058137279003858566, throughput:2932
episode:126/250, real avg travel time:318.7170633590345
step:3600/3600, q_loss:-2.443603136473232e-05, rewards:-1.4492361545562744, queue:0.9642361402511597, delay:0.05660959705710411, throughput:2930
episode:127/250, real avg travel time:318.162923231646
step:3600/3600, q_loss:-2.1946661635646942e-05, rewards:-1.4877082109451294, queue:0.9934027791023254, delay:0.057461827993392944, throughput:2933
episode:128/250, real avg travel time:319.0023466309085
step:3600/3600, q_loss:-1.3904721816760247e-05, rewards:-1.5079630613327026, queue:1.0121527910232544, delay:0.058423418551683426, throughput:2934
episode:129/250, real avg travel time:319.08514917867916
step:3600/3600, q_loss:-1.871409735435413e-05, rewards:-1.4652082920074463, queue:0.9795138835906982, delay:0.05686617270112038, throughput:2932
episode:130/250, real avg travel time:318.43278578612137
Test step:130/250, travel time :316.7774052966812, rewards:-1.3657636642456055, queue:0.9095486402511597, delay:0.05348813906311989, throughput:2932
New best TEST travel time 316.7774 at episode 130, saved as best checkpoint
step:3600/3600, q_loss:-2.0056676671460824e-05, rewards:-1.5131714344024658, queue:1.0175347328186035, delay:0.058177970349788666, throughput:2933
episode:131/250, real avg travel time:319.1397921555481
step:3600/3600, q_loss:-1.6943231565636343e-05, rewards:-1.4978008270263672, queue:1.0034722089767456, delay:0.05809808149933815, throughput:2933
episode:132/250, real avg travel time:318.8863560174321
step:3600/3600, q_loss:-1.811990374268067e-05, rewards:-1.473171353340149, queue:0.9817708134651184, delay:0.05669800564646721, throughput:2931
episode:133/250, real avg travel time:318.77539389875966
step:3600/3600, q_loss:-2.697229210752994e-05, rewards:-1.4415045976638794, queue:0.9607638716697693, delay:0.056196149438619614, throughput:2934
episode:134/250, real avg travel time:318.0325175997318
step:3600/3600, q_loss:-1.613088889927086e-05, rewards:-1.4230787754058838, queue:0.9546874761581421, delay:0.0553097203373909, throughput:2931
episode:135/250, real avg travel time:317.85283271873953
Test step:135/250, travel time :316.94736842105266, rewards:-1.3684720993041992, queue:0.9152777791023254, delay:0.053343143314123154, throughput:2934
step:3600/3600, q_loss:-1.664762870253374e-05, rewards:-1.4495600461959839, queue:0.9670138955116272, delay:0.055875737220048904, throughput:2932
episode:136/250, real avg travel time:318.3546765001676
step:3600/3600, q_loss:-2.14405001046274e-05, rewards:-1.4087035655975342, queue:0.9395833611488342, delay:0.05455222725868225, throughput:2932
episode:137/250, real avg travel time:317.59068052296345
step:3600/3600, q_loss:-1.1831847519648295e-05, rewards:-1.4309262037277222, queue:0.9543402791023254, delay:0.05577756091952324, throughput:2932
episode:138/250, real avg travel time:317.81361045926917
step:3600/3600, q_loss:-2.4467671108949515e-05, rewards:-1.4851387739181519, queue:0.9967013597488403, delay:0.057519130408763885, throughput:2931
episode:139/250, real avg travel time:318.8048944016091
step:3600/3600, q_loss:-1.0870982616863869e-05, rewards:-1.4794673919677734, queue:0.9949652552604675, delay:0.057205166667699814, throughput:2931
episode:140/250, real avg travel time:318.46228628897086
Test step:140/250, travel time :316.7063359034529, rewards:-1.3791898488998413, queue:0.9163194298744202, delay:0.0554194450378418, throughput:2932
New best TEST travel time 316.7063 at episode 140, saved as best checkpoint
step:3600/3600, q_loss:-2.6997698565807053e-05, rewards:-1.45145845413208, queue:0.9723958373069763, delay:0.05703350529074669, throughput:2931
episode:141/250, real avg travel time:318.0492792490781
step:3600/3600, q_loss:-2.0658605865685754e-05, rewards:-1.3889119625091553, queue:0.9246527552604675, delay:0.05457739159464836, throughput:2931
episode:142/250, real avg travel time:317.08380824673145
step:3600/3600, q_loss:-2.2122458472882433e-05, rewards:-1.4270139932632446, queue:0.9564236402511597, delay:0.056064777076244354, throughput:2931
episode:143/250, real avg travel time:317.84277572913174
step:3600/3600, q_loss:-1.5233016111543058e-05, rewards:-1.4171760082244873, queue:0.9519097208976746, delay:0.0557003878057003, throughput:2932
episode:144/250, real avg travel time:317.7358364063024
step:3600/3600, q_loss:-8.213262211669375e-06, rewards:-1.4521527290344238, queue:0.9746527671813965, delay:0.058002300560474396, throughput:2933
episode:145/250, real avg travel time:318.0529668119343
Test step:145/250, travel time :315.7348307073416, rewards:-1.3121064901351929, queue:0.8774305582046509, delay:0.05305659398436546, throughput:2932
New best TEST travel time 315.7348 at episode 145, saved as best checkpoint
step:3600/3600, q_loss:-2.345571109024739e-05, rewards:-1.4222917556762695, queue:0.9512152671813965, delay:0.055266883224248886, throughput:2933
episode:146/250, real avg travel time:317.79383171304056
step:3600/3600, q_loss:-2.0491854067788355e-05, rewards:-1.43289315700531, queue:0.9588541388511658, delay:0.05615406110882759, throughput:2932
episode:147/250, real avg travel time:317.9208850150855
step:3600/3600, q_loss:-2.06049635178513e-05, rewards:-1.4063888788223267, queue:0.9395833611488342, delay:0.055673662573099136, throughput:2930
episode:148/250, real avg travel time:317.31612470667113
step:3600/3600, q_loss:-1.0447949494442179e-05, rewards:-1.4484260082244873, queue:0.9722222089767456, delay:0.05713293328881264, throughput:2932
episode:149/250, real avg travel time:317.84445189406637
step:3600/3600, q_loss:-1.2387839659048174e-05, rewards:-1.3881250619888306, queue:0.9298611283302307, delay:0.05515570566058159, throughput:2932
episode:150/250, real avg travel time:317.02681863895407
Test step:150/250, travel time :315.90110626885684, rewards:-1.316898226737976, queue:0.8755208253860474, delay:0.05249257758259773, throughput:2932
step:3600/3600, q_loss:-1.7349596331499656e-05, rewards:-1.3927315473556519, queue:0.9295138716697693, delay:0.05617588758468628, throughput:2932
episode:151/250, real avg travel time:317.2212537713711
step:3600/3600, q_loss:-1.2148132211425238e-05, rewards:-1.423148274421692, queue:0.9510416388511658, delay:0.05677300691604614, throughput:2932
episode:152/250, real avg travel time:317.74958095876633
step:3600/3600, q_loss:-1.4887635565914764e-05, rewards:-1.3607640266418457, queue:0.9064236283302307, delay:0.054731134325265884, throughput:2932
episode:153/250, real avg travel time:316.6449882668455
step:3600/3600, q_loss:-1.8105434988953037e-05, rewards:-1.4031944274902344, queue:0.941493034362793, delay:0.054470185190439224, throughput:2932
episode:154/250, real avg travel time:317.3147837747234
step:3600/3600, q_loss:-1.878056910182177e-05, rewards:-1.3585647344589233, queue:0.9026041626930237, delay:0.053521767258644104, throughput:2933
episode:155/250, real avg travel time:316.62923231645993
Test step:155/250, travel time :315.5108950720751, rewards:-1.2901620864868164, queue:0.8559027910232544, delay:0.05080186948180199, throughput:2932
New best TEST travel time 315.5109 at episode 155, saved as best checkpoint
step:3600/3600, q_loss:-2.0405481228846365e-05, rewards:-1.4026618003845215, queue:0.9371528029441833, delay:0.05621723458170891, throughput:2932
episode:156/250, real avg travel time:317.16761649346296
step:3600/3600, q_loss:-2.2605029193477497e-06, rewards:-1.4295369386672974, queue:0.9553819298744202, delay:0.057048384100198746, throughput:2932
episode:157/250, real avg travel time:317.7163928930607
step:3600/3600, q_loss:-1.374483852285064e-05, rewards:-1.3761111497879028, queue:0.9163194298744202, delay:0.05428939312696457, throughput:2931
episode:158/250, real avg travel time:316.81293999329534
step:3600/3600, q_loss:-1.1356916015588298e-05, rewards:-1.3625694513320923, queue:0.9126735925674438, delay:0.05455376207828522, throughput:2932
episode:159/250, real avg travel time:316.71471672812606
step:3600/3600, q_loss:-1.1546080673320427e-05, rewards:-1.3598610162734985, queue:0.9092013835906982, delay:0.054052989929914474, throughput:2932
episode:160/250, real avg travel time:316.63861884009384
Test step:160/250, travel time :315.62185719074756, rewards:-1.3021992444992065, queue:0.8715277910232544, delay:0.052271004766225815, throughput:2932
step:3600/3600, q_loss:-7.54647017284124e-06, rewards:-1.3818747997283936, queue:0.9284722208976746, delay:0.05444314703345299, throughput:2932
episode:161/250, real avg travel time:316.8910492792491
step:3600/3600, q_loss:-1.1885822082317815e-05, rewards:-1.353472113609314, queue:0.9043402671813965, delay:0.05318908020853996, throughput:2932
episode:162/250, real avg travel time:316.63359034529
step:3600/3600, q_loss:-1.3016598704443487e-05, rewards:-1.3490041494369507, queue:0.8999999761581421, delay:0.05363251268863678, throughput:2933
episode:163/250, real avg travel time:316.59336238685887
step:3600/3600, q_loss:-1.0910926330662159e-05, rewards:-1.367847204208374, queue:0.9152777791023254, delay:0.05435648933053017, throughput:2932
episode:164/250, real avg travel time:316.69393228293666
step:3600/3600, q_loss:-6.609047327570065e-06, rewards:-1.3834490776062012, queue:0.9244791865348816, delay:0.05394921451807022, throughput:2930
episode:165/250, real avg travel time:317.06402950050284
Test step:165/250, travel time :315.5544753603755, rewards:-1.3062036037445068, queue:0.870312511920929, delay:0.051812682300806046, throughput:2933
step:3600/3600, q_loss:-2.036526501696143e-05, rewards:-1.4096988439559937, queue:0.9449653029441833, delay:0.05472523346543312, throughput:2931
episode:166/250, real avg travel time:317.37914850821323
step:3600/3600, q_loss:-8.611829468497523e-06, rewards:-1.3722453117370605, queue:0.917187511920929, delay:0.05437362566590309, throughput:2932
episode:167/250, real avg travel time:316.8377472343279
step:3600/3600, q_loss:-1.3463979875841352e-05, rewards:-1.3643053770065308, queue:0.9081597328186035, delay:0.05432075262069702, throughput:2932
episode:168/250, real avg travel time:316.78980891719743
step:3600/3600, q_loss:-1.753302952878315e-05, rewards:-1.366342544555664, queue:0.9137153029441833, delay:0.0539274699985981, throughput:2933
episode:169/250, real avg travel time:316.7760643647335
step:3600/3600, q_loss:-1.6973902475675223e-05, rewards:-1.4144210815429688, queue:0.9439235925674438, delay:0.05583494156599045, throughput:2932
episode:170/250, real avg travel time:317.6118002011398
Test step:170/250, travel time :315.7492457257794, rewards:-1.3098841905593872, queue:0.8717013597488403, delay:0.05151661857962608, throughput:2932
step:3600/3600, q_loss:-3.746246457686303e-06, rewards:-1.3361574411392212, queue:0.890625, delay:0.05259912461042404, throughput:2933
episode:171/250, real avg travel time:316.3228293664097
step:3600/3600, q_loss:1.7583101806748244e-06, rewards:-1.382476806640625, queue:0.9291666746139526, delay:0.054448578506708145, throughput:2933
episode:172/250, real avg travel time:316.9805564867583
step:3600/3600, q_loss:9.422237700265315e-06, rewards:-1.3358564376831055, queue:0.886805534362793, delay:0.05273064598441124, throughput:2932
episode:173/250, real avg travel time:316.3714381495139
step:3600/3600, q_loss:-2.129385894578364e-05, rewards:-1.3639353513717651, queue:0.9119791388511658, delay:0.05406396836042404, throughput:2932
episode:174/250, real avg travel time:316.6754944686557
step:3600/3600, q_loss:-1.8522776426161052e-05, rewards:-1.3536804914474487, queue:0.9043402671813965, delay:0.05298072099685669, throughput:2931
episode:175/250, real avg travel time:316.5028494803889
Test step:175/250, travel time :315.2366744887697, rewards:-1.2703702449798584, queue:0.8456597328186035, delay:0.05088979750871658, throughput:2933
New best TEST travel time 315.2367 at episode 175, saved as best checkpoint
step:3600/3600, q_loss:-1.8593564810645248e-05, rewards:-1.3476619720458984, queue:0.9001736044883728, delay:0.05346205085515976, throughput:2932
episode:176/250, real avg travel time:316.4341267180691
step:3600/3600, q_loss:-2.073752650715135e-05, rewards:-1.330694317817688, queue:0.8836805820465088, delay:0.05276481434702873, throughput:2932
episode:177/250, real avg travel time:316.2839423399262
step:3600/3600, q_loss:-1.7358450309580398e-05, rewards:-1.382407307624817, queue:0.9244791865348816, delay:0.05376572161912918, throughput:2932
episode:178/250, real avg travel time:317.1994636272209
step:3600/3600, q_loss:-2.2900517689305602e-05, rewards:-1.319328784942627, queue:0.8762152791023254, delay:0.05161971598863602, throughput:2932
episode:179/250, real avg travel time:316.1609118337244
step:3600/3600, q_loss:-2.243681649108314e-05, rewards:-1.3824305534362793, queue:0.9230902791023254, delay:0.053814031183719635, throughput:2931
episode:180/250, real avg travel time:317.37881327522626
Test step:180/250, travel time :315.20482735501173, rewards:-1.2626157999038696, queue:0.8401041626930237, delay:0.050570592284202576, throughput:2933
New best TEST travel time 315.2048 at episode 180, saved as best checkpoint
step:3600/3600, q_loss:-9.798614903249675e-06, rewards:-1.3363425731658936, queue:0.8845486044883728, delay:0.052738189697265625, throughput:2934
episode:181/250, real avg travel time:316.51927589674824
step:3600/3600, q_loss:-1.8937566589253645e-05, rewards:-1.3904168605804443, queue:0.9284722208976746, delay:0.053934987634420395, throughput:2932
episode:182/250, real avg travel time:317.3416024136775
step:3600/3600, q_loss:-1.0365986802046084e-05, rewards:-1.3698843717575073, queue:0.9114583134651184, delay:0.05293796956539154, throughput:2933
episode:183/250, real avg travel time:317.1344284277573
step:3600/3600, q_loss:-2.307212125742808e-05, rewards:-1.3681480884552002, queue:0.9105902910232544, delay:0.053722117096185684, throughput:2931
episode:184/250, real avg travel time:316.95373784780423
step:3600/3600, q_loss:-1.7969753416427584e-05, rewards:-1.3980094194412231, queue:0.933506965637207, delay:0.05422393977642059, throughput:2931
episode:185/250, real avg travel time:317.49849145155883
Test step:185/250, travel time :315.5266510224606, rewards:-1.297546148300171, queue:0.8689236044883728, delay:0.05198850482702255, throughput:2933
step:3600/3600, q_loss:-2.201624695401363e-05, rewards:-1.397199034690857, queue:0.9333333373069763, delay:0.054814014583826065, throughput:2931
episode:186/250, real avg travel time:317.4384847468991
step:3600/3600, q_loss:-2.546488540247083e-05, rewards:-1.4300462007522583, queue:0.9560763835906982, delay:0.0557580403983593, throughput:2932
episode:187/250, real avg travel time:317.81528662420385
step:3600/3600, q_loss:-7.90312715926794e-06, rewards:-1.3993288278579712, queue:0.9321180582046509, delay:0.05484504625201225, throughput:2932
episode:188/250, real avg travel time:317.34093194770367
step:3600/3600, q_loss:-2.202833172675498e-05, rewards:-1.3618749380111694, queue:0.9104166626930237, delay:0.053134601563215256, throughput:2931
episode:189/250, real avg travel time:316.7479047938317
step:3600/3600, q_loss:-1.9945769626819702e-05, rewards:-1.3884953260421753, queue:0.9298611283302307, delay:0.05444109067320824, throughput:2931
episode:190/250, real avg travel time:317.20616828695944
Test step:190/250, travel time :316.27086825343616, rewards:-1.3320139646530151, queue:0.8880208134651184, delay:0.052985213696956635, throughput:2932
step:3600/3600, q_loss:-1.970729251668133e-05, rewards:-1.3874768018722534, queue:0.9248263835906982, delay:0.05435476824641228, throughput:2932
episode:191/250, real avg travel time:317.07810928595376
step:3600/3600, q_loss:-1.4090644415571458e-05, rewards:-1.416110873222351, queue:0.9411458373069763, delay:0.05517822504043579, throughput:2933
episode:192/250, real avg travel time:317.7760643647335
step:3600/3600, q_loss:-1.603898676370995e-05, rewards:-1.3904860019683838, queue:0.9241319298744202, delay:0.054661571979522705, throughput:2930
episode:193/250, real avg travel time:317.3419376466644
step:3600/3600, q_loss:-2.1134144669674614e-05, rewards:-1.4111573696136475, queue:0.9390624761581421, delay:0.055732037872076035, throughput:2932
episode:194/250, real avg travel time:317.61112973516595
step:3600/3600, q_loss:-2.2999426194777093e-05, rewards:-1.3918055295944214, queue:0.9300346970558167, delay:0.054876603186130524, throughput:2931
episode:195/250, real avg travel time:317.0737512571237
Test step:195/250, travel time :315.6416359369762, rewards:-1.281342625617981, queue:0.8519096970558167, delay:0.0510830357670784, throughput:2932
step:3600/3600, q_loss:-1.7173029913532514e-05, rewards:-1.3655091524124146, queue:0.9142361283302307, delay:0.052507974207401276, throughput:2932
episode:196/250, real avg travel time:317.07308079114983
step:3600/3600, q_loss:-2.4697441862102738e-05, rewards:-1.4373613595962524, queue:0.9690971970558167, delay:0.05424723029136658, throughput:2931
episode:197/250, real avg travel time:318.1746563861884
step:3600/3600, q_loss:-2.1030221035255603e-05, rewards:-1.3506251573562622, queue:0.901562511920929, delay:0.05201336368918419, throughput:2931
episode:198/250, real avg travel time:316.75125712370095
step:3600/3600, q_loss:-5.8910338406416545e-06, rewards:-1.3286805152893066, queue:0.8840277791023254, delay:0.0520169772207737, throughput:2932
episode:199/250, real avg travel time:316.4451894066376
step:3600/3600, q_loss:-1.706793134669877e-05, rewards:-1.3288425207138062, queue:0.8807291388511658, delay:0.05147227644920349, throughput:2931
episode:200/250, real avg travel time:316.4260811263828
Test step:200/250, travel time :314.42641635936974, rewards:-1.2212731838226318, queue:0.8142361044883728, delay:0.049146994948387146, throughput:2932
New best TEST travel time 314.4264 at episode 200, saved as best checkpoint
step:3600/3600, q_loss:-2.0538449515933515e-05, rewards:-1.3391202688217163, queue:0.8932291865348816, delay:0.051858291029930115, throughput:2932
episode:201/250, real avg travel time:316.8082467314784
step:3600/3600, q_loss:-1.5825896924878988e-05, rewards:-1.3031251430511475, queue:0.8692708611488342, delay:0.050757862627506256, throughput:2932
episode:202/250, real avg travel time:316.0207844451894
step:3600/3600, q_loss:-1.6101429786498624e-05, rewards:-1.3639353513717651, queue:0.9083333611488342, delay:0.05219123512506485, throughput:2932
episode:203/250, real avg travel time:316.9792155548106
step:3600/3600, q_loss:-1.6095652568360996e-05, rewards:-1.2985879182815552, queue:0.8661458492279053, delay:0.0506017692387104, throughput:2930
episode:204/250, real avg travel time:315.9068052296346
step:3600/3600, q_loss:-1.8634861744767814e-05, rewards:-1.3423148393630981, queue:0.8854166865348816, delay:0.050327226519584656, throughput:2933
episode:205/250, real avg travel time:316.74421723097555
Test step:205/250, travel time :315.15755950385517, rewards:-1.2428934574127197, queue:0.823437511920929, delay:0.04749574512243271, throughput:2933
step:3600/3600, q_loss:-1.5482077745858717e-05, rewards:-1.3044673204421997, queue:0.8607639074325562, delay:0.04964818060398102, throughput:2931
episode:206/250, real avg travel time:316.33925578276904
step:3600/3600, q_loss:-2.3362258367274923e-05, rewards:-1.3452081680297852, queue:0.8916666507720947, delay:0.051141973584890366, throughput:2933
episode:207/250, real avg travel time:316.7864565873282
step:3600/3600, q_loss:-1.5923720504226234e-05, rewards:-1.3600695133209229, queue:0.9081597328186035, delay:0.05206863209605217, throughput:2932
episode:208/250, real avg travel time:317.0915186054308
step:3600/3600, q_loss:-1.1382567053833218e-05, rewards:-1.3074766397476196, queue:0.8678819537162781, delay:0.05036473646759987, throughput:2932
episode:209/250, real avg travel time:316.18638954073083
step:3600/3600, q_loss:-2.1859045200808735e-05, rewards:-1.3934028148651123, queue:0.932812511920929, delay:0.052799466997385025, throughput:2932
episode:210/250, real avg travel time:317.66040898424404
Test step:210/250, travel time :315.64867582970163, rewards:-1.2769907712936401, queue:0.8501735925674438, delay:0.04959290847182274, throughput:2932
step:3600/3600, q_loss:6.8392781368284315e-06, rewards:-1.343981385231018, queue:0.8975694179534912, delay:0.05136425048112869, throughput:2934
episode:211/250, real avg travel time:316.6754944686557
step:3600/3600, q_loss:-1.4397074442563785e-05, rewards:-1.353564739227295, queue:0.902430534362793, delay:0.052587129175662994, throughput:2932
episode:212/250, real avg travel time:316.8109285953738
step:3600/3600, q_loss:-1.2123031774535776e-05, rewards:-1.3403240442276, queue:0.8970485925674438, delay:0.05264731124043465, throughput:2932
episode:213/250, real avg travel time:316.44049614482066
step:3600/3600, q_loss:-1.1868461701346355e-05, rewards:-1.3393750190734863, queue:0.8901041746139526, delay:0.05188008025288582, throughput:2932
episode:214/250, real avg travel time:316.5950385517935
step:3600/3600, q_loss:-8.147571309193692e-06, rewards:-1.362106442451477, queue:0.9125000238418579, delay:0.053367361426353455, throughput:2932
episode:215/250, real avg travel time:316.7760643647335
Test step:215/250, travel time :315.2829366409655, rewards:-1.268703579902649, queue:0.8465277552604675, delay:0.050336338579654694, throughput:2932
step:3600/3600, q_loss:1.2550478223366317e-06, rewards:-1.3256710767745972, queue:0.8869791626930237, delay:0.052245236933231354, throughput:2932
episode:216/250, real avg travel time:316.284948038887
step:3600/3600, q_loss:-1.4244432612839672e-05, rewards:-1.3326621055603027, queue:0.8940972089767456, delay:0.05250845104455948, throughput:2930
episode:217/250, real avg travel time:316.42943345625207
step:3600/3600, q_loss:-1.7543243895353818e-05, rewards:-1.3194444179534912, queue:0.8803819417953491, delay:0.051738400012254715, throughput:2931
episode:218/250, real avg travel time:316.30573248407643
step:3600/3600, q_loss:-1.480257196817547e-05, rewards:-1.3487037420272827, queue:0.8989583253860474, delay:0.05310235917568207, throughput:2932
episode:219/250, real avg travel time:316.79483741200136
step:3600/3600, q_loss:-1.6080752053918938e-05, rewards:-1.336689829826355, queue:0.8861111402511597, delay:0.05227208510041237, throughput:2931
episode:220/250, real avg travel time:316.6131411330875
Test step:220/250, travel time :315.6567214213879, rewards:-1.2852777242660522, queue:0.855381965637207, delay:0.05019722878932953, throughput:2932
step:3600/3600, q_loss:-1.6480089861606422e-05, rewards:-1.3074767589569092, queue:0.8704861402511597, delay:0.05120253190398216, throughput:2931
episode:221/250, real avg travel time:315.9584311096212
step:3600/3600, q_loss:-1.5638786458617284e-05, rewards:-1.3295139074325562, queue:0.8843749761581421, delay:0.05183516442775726, throughput:2932
episode:222/250, real avg travel time:316.3335568219913
step:3600/3600, q_loss:-2.125883130011735e-05, rewards:-1.3047916889190674, queue:0.8736110925674438, delay:0.05145478621125221, throughput:2932
episode:223/250, real avg travel time:315.84512236004025
step:3600/3600, q_loss:-1.0087533478832079e-05, rewards:-1.3038654327392578, queue:0.8701388835906982, delay:0.05187663063406944, throughput:2931
episode:224/250, real avg travel time:315.99698290311767
step:3600/3600, q_loss:-2.28957693454706e-05, rewards:-1.326527714729309, queue:0.8833333253860474, delay:0.052446287125349045, throughput:2932
episode:225/250, real avg travel time:316.2014750251425
Test step:225/250, travel time :315.15957090177676, rewards:-1.2650926113128662, queue:0.84375, delay:0.05035515874624252, throughput:2932
step:3600/3600, q_loss:-1.1207285569980741e-05, rewards:-1.333611011505127, queue:0.8918402791023254, delay:0.05160271376371384, throughput:2932
episode:226/250, real avg travel time:316.60744217230973
step:3600/3600, q_loss:-2.3890193551778795e-05, rewards:-1.3226388692855835, queue:0.8819444179534912, delay:0.05200805515050888, throughput:2931
episode:227/250, real avg travel time:316.3519946362722
step:3600/3600, q_loss:-1.2468190484300806e-05, rewards:-1.3207405805587769, queue:0.8815972208976746, delay:0.05181966722011566, throughput:2932
episode:228/250, real avg travel time:316.0928595373785
step:3600/3600, q_loss:-1.0595095011888554e-05, rewards:-1.306249976158142, queue:0.8687499761581421, delay:0.052066054195165634, throughput:2932
episode:229/250, real avg travel time:316.14549111632584
step:3600/3600, q_loss:-1.6832013163905313e-05, rewards:-1.3309720754623413, queue:0.8829861283302307, delay:0.050994280725717545, throughput:2932
episode:230/250, real avg travel time:316.6982903117667
Test step:230/250, travel time :315.081461615823, rewards:-1.2473148107528687, queue:0.8315972089767456, delay:0.0493304468691349, throughput:2932
step:3600/3600, q_loss:-1.3799225174201031e-05, rewards:-1.2705323696136475, queue:0.8418402671813965, delay:0.04989884793758392, throughput:2932
episode:231/250, real avg travel time:315.43647334897753
step:3600/3600, q_loss:-1.4468026670834257e-05, rewards:-1.300601840019226, queue:0.8675346970558167, delay:0.050548065453767776, throughput:2932
episode:232/250, real avg travel time:315.87227623198123
step:3600/3600, q_loss:-1.6155418577707475e-05, rewards:-1.3114581108093262, queue:0.8751736283302307, delay:0.05150282010436058, throughput:2932
episode:233/250, real avg travel time:316.13543412671805
step:3600/3600, q_loss:-2.243642100236482e-05, rewards:-1.3046064376831055, queue:0.8647569417953491, delay:0.051178667694330215, throughput:2932
episode:234/250, real avg travel time:316.0636942675159
step:3600/3600, q_loss:-2.2451013555163864e-05, rewards:-1.3209952116012573, queue:0.8786458373069763, delay:0.051671288907527924, throughput:2932
episode:235/250, real avg travel time:316.25678846798525
Test step:235/250, travel time :314.98457928260143, rewards:-1.248171329498291, queue:0.8305555582046509, delay:0.04951703920960426, throughput:2931
step:3600/3600, q_loss:-2.2199788104949724e-05, rewards:-1.275277853012085, queue:0.8520833253860474, delay:0.050275567919015884, throughput:2933
episode:236/250, real avg travel time:315.48977539389875
step:3600/3600, q_loss:-1.778995889859895e-05, rewards:-1.263726830482483, queue:0.8361111283302307, delay:0.049829643219709396, throughput:2931
episode:237/250, real avg travel time:315.4099899430104
step:3600/3600, q_loss:-2.3072612034243153e-05, rewards:-1.301018476486206, queue:0.8687499761581421, delay:0.05126940459012985, throughput:2930
episode:238/250, real avg travel time:315.80154207173985
step:3600/3600, q_loss:-1.7932093814360323e-05, rewards:-1.288888931274414, queue:0.8628472089767456, delay:0.050298839807510376, throughput:2933
episode:239/250, real avg travel time:315.77338250083807
step:3600/3600, q_loss:-1.641125332012221e-05, rewards:-1.319143533706665, queue:0.8802083134651184, delay:0.05149209871888161, throughput:2932
episode:240/250, real avg travel time:316.3402614817298
Test step:240/250, travel time :314.5075427422058, rewards:-1.2214583158493042, queue:0.8111110925674438, delay:0.04869083687663078, throughput:2931
step:3600/3600, q_loss:-2.2626097456345128e-05, rewards:-1.2799537181854248, queue:0.8513888716697693, delay:0.049837399274110794, throughput:2931
episode:241/250, real avg travel time:315.5719074756956
step:3600/3600, q_loss:-1.542730821744987e-05, rewards:-1.3227084875106812, queue:0.8847222328186035, delay:0.05190158262848854, throughput:2932
episode:242/250, real avg travel time:316.1521957760644
step:3600/3600, q_loss:-1.6863010845285046e-05, rewards:-1.3272682428359985, queue:0.8845486044883728, delay:0.051824845373630524, throughput:2929
episode:243/250, real avg travel time:316.39859202145493
step:3600/3600, q_loss:-2.1033805764832153e-05, rewards:-1.3065509796142578, queue:0.8706597089767456, delay:0.051074739545583725, throughput:2932
episode:244/250, real avg travel time:315.8149513912169
step:3600/3600, q_loss:-1.6309473667880176e-05, rewards:-1.296296238899231, queue:0.8649305701255798, delay:0.0520249679684639, throughput:2931
episode:245/250, real avg travel time:315.7542742205833
Test step:245/250, travel time :314.4626215219578, rewards:-1.2316898107528687, queue:0.8213541507720947, delay:0.04990452527999878, throughput:2931
step:3600/3600, q_loss:-8.714130510472589e-06, rewards:-1.3189352750778198, queue:0.8847222328186035, delay:0.05229415372014046, throughput:2933
episode:246/250, real avg travel time:316.11833724438486
step:3600/3600, q_loss:-1.5789357928076274e-05, rewards:-1.2999770641326904, queue:0.8602430820465088, delay:0.051773056387901306, throughput:2932
episode:247/250, real avg travel time:315.91384512236004
step:3600/3600, q_loss:-1.8002110246689648e-05, rewards:-1.302430510520935, queue:0.8670138716697693, delay:0.0515071302652359, throughput:2932
episode:248/250, real avg travel time:316.00536372779084
step:3600/3600, q_loss:-1.693498440242062e-05, rewards:-1.2780789136886597, queue:0.848437488079071, delay:0.050354257225990295, throughput:2932
episode:249/250, real avg travel time:315.87763995977207
Hyperparameters saved to: data/output_data/tsc/cityflow_hyperlight_mappo/cityflow4x4/structdyn_4x4_seed2/hyperparameters.json
Loaded best checkpoint for final evaluation
Final Travel Time is 314.4264, mean rewards: -1.2213, queue: 0.8142, delay: 0.0491, throughput: 2932
Total time taken: 9077.589718103409
