hyperlight_mappo	TRAIN	0	732.6963	0.002770	-22.7442	16.9806	0.1319	2429
hyperlight_mappo	TEST	0	1291.8217	0.002770	-67.7106	50.8950	0.2477	1690
hyperlight_mappo	TRAIN	1	689.5079	0.002454	-20.9790	15.6467	0.1267	2506
hyperlight_mappo	TRAIN	2	660.0392	0.001972	-19.6475	14.6535	0.1298	2540
hyperlight_mappo	TRAIN	3	641.7855	0.002012	-20.8713	15.5571	0.1325	2561
hyperlight_mappo	TRAIN	4	691.0858	0.002069	-21.1339	15.7635	0.1292	2578
hyperlight_mappo	TRAIN	5	589.1747	0.001359	-18.3068	13.6300	0.1311	2725
hyperlight_mappo	TEST	5	1165.7295	0.001359	-66.0356	49.6432	0.2825	2202
hyperlight_mappo	TRAIN	6	589.2363	0.001216	-16.5296	12.2960	0.1282	2676
hyperlight_mappo	TRAIN	7	598.9098	0.001092	-16.5293	12.3036	0.1292	2699
hyperlight_mappo	TRAIN	8	594.9735	0.001108	-17.2003	12.7920	0.1296	2698
hyperlight_mappo	TRAIN	9	560.8042	0.000806	-15.6114	11.5958	0.1274	2746
hyperlight_mappo	TRAIN	10	562.2732	0.000848	-16.1840	12.0418	0.1290	2700
hyperlight_mappo	TEST	10	1142.5142	0.000848	-64.3190	48.3519	0.2842	2262
hyperlight_mappo	TRAIN	11	569.4442	0.000924	-16.8056	12.5153	0.1270	2676
hyperlight_mappo	TRAIN	12	557.3108	0.000720	-15.4386	11.4786	0.1273	2776
hyperlight_mappo	TRAIN	13	472.6758	0.000257	-11.0018	8.1309	0.1282	2859
hyperlight_mappo	TRAIN	14	443.3966	0.000129	-8.9968	6.6328	0.1251	2903
hyperlight_mappo	TRAIN	15	410.3832	0.000086	-7.2053	5.2852	0.1248	2911
hyperlight_mappo	TEST	15	1054.1482	0.000086	-57.5454	43.2538	0.2878	2430
hyperlight_mappo	TRAIN	16	408.8036	0.000028	-7.1694	5.2516	0.1323	2912
hyperlight_mappo	TRAIN	17	384.2719	-0.000000	-5.7021	4.1450	0.1265	2916
hyperlight_mappo	TRAIN	18	391.3064	0.000002	-6.0541	4.4094	0.1267	2910
hyperlight_mappo	TRAIN	19	386.9852	-0.000003	-6.1888	4.5158	0.1341	2905
hyperlight_mappo	TRAIN	20	376.1260	-0.000024	-5.3839	3.8998	0.1310	2916
hyperlight_mappo	TEST	20	775.8263	-0.000024	-37.4354	28.0740	0.2508	2646
hyperlight_mappo	TRAIN	21	372.3101	-0.000014	-5.0848	3.6632	0.1286	2917
hyperlight_mappo	TRAIN	22	369.5179	-0.000006	-4.9816	3.5931	0.1261	2908
hyperlight_mappo	TRAIN	23	366.0570	-0.000016	-4.7061	3.3946	0.1209	2919
hyperlight_mappo	TRAIN	24	362.2384	-0.000025	-4.3801	3.1413	0.1188	2927
hyperlight_mappo	TRAIN	25	364.0754	-0.000021	-4.5089	3.2335	0.1173	2914
hyperlight_mappo	TEST	25	761.1559	-0.000021	-36.0950	27.0703	0.2503	2705
hyperlight_mappo	TRAIN	26	358.5572	-0.000012	-4.1945	2.9967	0.1165	2926
hyperlight_mappo	TRAIN	27	358.7714	-0.000023	-4.2123	3.0146	0.1187	2919
hyperlight_mappo	TRAIN	28	361.6708	-0.000021	-4.4198	3.1698	0.1171	2921
hyperlight_mappo	TRAIN	29	359.6648	-0.000030	-4.2973	3.0712	0.1195	2923
hyperlight_mappo	TRAIN	30	354.0768	-0.000031	-3.9104	2.7767	0.1151	2926
hyperlight_mappo	TEST	30	703.4485	-0.000031	-31.5337	23.6405	0.2536	2774
hyperlight_mappo	TRAIN	31	359.5434	-0.000034	-4.3134	3.0870	0.1205	2928
hyperlight_mappo	TRAIN	32	357.6011	-0.000036	-4.2014	2.9981	0.1164	2917
hyperlight_mappo	TRAIN	33	350.1133	-0.000036	-3.6446	2.5811	0.1094	2928
hyperlight_mappo	TRAIN	34	347.5203	-0.000040	-3.4678	2.4384	0.1072	2923
hyperlight_mappo	TRAIN	35	349.8927	-0.000033	-3.5768	2.5351	0.1049	2924
hyperlight_mappo	TEST	35	519.4770	-0.000033	-17.0032	12.6651	0.2107	2873
hyperlight_mappo	TRAIN	36	346.7432	-0.000034	-3.4059	2.4023	0.1062	2921
hyperlight_mappo	TRAIN	37	344.8388	-0.000038	-3.2458	2.2778	0.1010	2927
hyperlight_mappo	TRAIN	38	342.7043	-0.000035	-3.0908	2.1641	0.0950	2932
hyperlight_mappo	TRAIN	39	345.9266	-0.000044	-3.3034	2.3253	0.0985	2925
hyperlight_mappo	TRAIN	40	342.5407	-0.000034	-3.0877	2.1646	0.0948	2930
hyperlight_mappo	TEST	40	392.4070	-0.000034	-6.8903	5.0278	0.1522	2916
hyperlight_mappo	TRAIN	41	339.8421	-0.000024	-2.9340	2.0556	0.0924	2926
hyperlight_mappo	TRAIN	42	340.3540	-0.000034	-2.8986	2.0227	0.0909	2931
hyperlight_mappo	TRAIN	43	336.0198	-0.000033	-2.6562	1.8432	0.0877	2926
hyperlight_mappo	TRAIN	44	336.8398	-0.000041	-2.6749	1.8543	0.0875	2931
hyperlight_mappo	TRAIN	45	337.1495	-0.000035	-2.7153	1.8866	0.0908	2929
hyperlight_mappo	TEST	45	331.7405	-0.000035	-2.3899	1.6549	0.0838	2928
hyperlight_mappo	TRAIN	46	336.2635	-0.000032	-2.6388	1.8245	0.0876	2931
hyperlight_mappo	TRAIN	47	335.2561	-0.000042	-2.5722	1.7842	0.0855	2928
hyperlight_mappo	TRAIN	48	333.5062	-0.000040	-2.4757	1.7134	0.0848	2929
hyperlight_mappo	TRAIN	49	331.7037	-0.000033	-2.3551	1.6250	0.0807	2925
hyperlight_mappo	TRAIN	50	331.9953	-0.000031	-2.3818	1.6437	0.0824	2929
hyperlight_mappo	TEST	50	329.2481	-0.000031	-2.2073	1.5266	0.0849	2928
hyperlight_mappo	TRAIN	51	331.1314	-0.000039	-2.3058	1.5891	0.0807	2929
hyperlight_mappo	TRAIN	52	330.5588	-0.000029	-2.2476	1.5490	0.0788	2929
hyperlight_mappo	TRAIN	53	329.7442	-0.000036	-2.2247	1.5304	0.0797	2929
hyperlight_mappo	TRAIN	54	329.6772	-0.000033	-2.2107	1.5194	0.0788	2929
hyperlight_mappo	TRAIN	55	329.4385	-0.000034	-2.2142	1.5292	0.0803	2931
hyperlight_mappo	TEST	55	326.6068	-0.000034	-2.0356	1.3984	0.0803	2933
hyperlight_mappo	TRAIN	56	327.2243	-0.000031	-2.0644	1.4068	0.0752	2933
hyperlight_mappo	TRAIN	57	328.1894	-0.000036	-2.1337	1.4655	0.0797	2928
hyperlight_mappo	TRAIN	58	326.8408	-0.000033	-2.0475	1.4031	0.0778	2932
hyperlight_mappo	TRAIN	59	326.2454	-0.000038	-2.0033	1.3769	0.0756	2929
hyperlight_mappo	TRAIN	60	325.6333	-0.000025	-1.9599	1.3429	0.0758	2932
hyperlight_mappo	TEST	60	326.1059	-0.000025	-2.0278	1.4038	0.0824	2931
hyperlight_mappo	TRAIN	61	325.7747	-0.000014	-1.9890	1.3660	0.0772	2928
hyperlight_mappo	TRAIN	62	325.4908	-0.000028	-1.9494	1.3340	0.0747	2934
hyperlight_mappo	TRAIN	63	324.9946	-0.000034	-1.9142	1.3075	0.0729	2932
hyperlight_mappo	TRAIN	64	325.3832	-0.000026	-1.9336	1.3201	0.0712	2934
hyperlight_mappo	TRAIN	65	325.3818	-0.000028	-1.9307	1.3174	0.0705	2930
hyperlight_mappo	TEST	65	322.3577	-0.000028	-1.7654	1.2056	0.0700	2929
hyperlight_mappo	TRAIN	66	323.6866	-0.000024	-1.8383	1.2505	0.0711	2932
hyperlight_mappo	TRAIN	67	324.8129	-0.000024	-1.9073	1.3036	0.0728	2932
hyperlight_mappo	TRAIN	68	323.8555	-0.000035	-1.8432	1.2559	0.0699	2931
hyperlight_mappo	TRAIN	69	323.7992	-0.000025	-1.8399	1.2519	0.0713	2929
hyperlight_mappo	TRAIN	70	325.3641	-0.000034	-1.9400	1.3352	0.0751	2934
hyperlight_mappo	TEST	70	323.2219	-0.000034	-1.8028	1.2321	0.0686	2931
hyperlight_mappo	TRAIN	71	325.3795	-0.000029	-1.9444	1.3278	0.0715	2931
hyperlight_mappo	TRAIN	72	324.8317	-0.000021	-1.9157	1.3095	0.0724	2933
hyperlight_mappo	TRAIN	73	324.0459	-0.000011	-1.8602	1.2734	0.0702	2933
hyperlight_mappo	TRAIN	74	323.9115	-0.000020	-1.8460	1.2566	0.0712	2932
hyperlight_mappo	TRAIN	75	323.9698	-0.000023	-1.8476	1.2580	0.0706	2932
hyperlight_mappo	TEST	75	323.0902	-0.000023	-1.7851	1.2156	0.0689	2931
hyperlight_mappo	TRAIN	76	323.6668	-0.000016	-1.8220	1.2411	0.0679	2933
hyperlight_mappo	TRAIN	77	322.8274	-0.000026	-1.7741	1.1997	0.0677	2931
hyperlight_mappo	TRAIN	78	324.0372	-0.000020	-1.8405	1.2580	0.0707	2932
hyperlight_mappo	TRAIN	79	323.2129	-0.000020	-1.7921	1.2158	0.0681	2932
hyperlight_mappo	TRAIN	80	322.6027	-0.000011	-1.7438	1.1844	0.0668	2932
hyperlight_mappo	TEST	80	320.6745	-0.000011	-1.6313	1.0979	0.0642	2932
hyperlight_mappo	TRAIN	81	322.0466	-0.000022	-1.7125	1.1528	0.0667	2931
hyperlight_mappo	TRAIN	82	322.2042	-0.000019	-1.7087	1.1536	0.0657	2932
hyperlight_mappo	TRAIN	83	321.4086	-0.000018	-1.6733	1.1259	0.0647	2932
hyperlight_mappo	TRAIN	84	321.1173	-0.000020	-1.6354	1.0967	0.0623	2931
hyperlight_mappo	TRAIN	85	321.2467	-0.000022	-1.6547	1.1155	0.0632	2932
hyperlight_mappo	TEST	85	319.4070	-0.000022	-1.5421	1.0359	0.0612	2932
hyperlight_mappo	TRAIN	86	321.7261	-0.000019	-1.6862	1.1345	0.0639	2933
hyperlight_mappo	TRAIN	87	322.1049	-0.000022	-1.6951	1.1387	0.0640	2933
hyperlight_mappo	TRAIN	88	320.3413	-0.000015	-1.5972	1.0731	0.0621	2934
hyperlight_mappo	TRAIN	89	320.6493	-0.000024	-1.6062	1.0738	0.0618	2931
hyperlight_mappo	TRAIN	90	320.9899	-0.000026	-1.6289	1.0889	0.0622	2933
hyperlight_mappo	TEST	90	318.4965	-0.000026	-1.4669	0.9786	0.0594	2932
hyperlight_mappo	TRAIN	91	320.8934	-0.000029	-1.6183	1.0858	0.0631	2932
hyperlight_mappo	TRAIN	92	320.6829	-0.000024	-1.6030	1.0767	0.0616	2928
hyperlight_mappo	TRAIN	93	320.5541	-0.000021	-1.5841	1.0592	0.0613	2934
hyperlight_mappo	TRAIN	94	319.9058	-0.000013	-1.5312	1.0170	0.0596	2931
hyperlight_mappo	TRAIN	95	320.8951	-0.000019	-1.6057	1.0729	0.0623	2930
hyperlight_mappo	TEST	95	318.7603	-0.000019	-1.4637	0.9715	0.0568	2932
hyperlight_mappo	TRAIN	96	319.7496	-0.000026	-1.5273	1.0163	0.0600	2933
hyperlight_mappo	TRAIN	97	319.8548	-0.000018	-1.5330	1.0238	0.0590	2933
hyperlight_mappo	TRAIN	98	319.8139	-0.000020	-1.5372	1.0227	0.0596	2933
hyperlight_mappo	TRAIN	99	320.6460	-0.000013	-1.5906	1.0668	0.0604	2934
hyperlight_mappo	TRAIN	100	320.7161	-0.000022	-1.5966	1.0672	0.0619	2933
hyperlight_mappo	TEST	100	318.1519	-0.000022	-1.4379	0.9573	0.0573	2932
hyperlight_mappo	TRAIN	101	320.1455	-0.000013	-1.5626	1.0451	0.0606	2933
hyperlight_mappo	TRAIN	102	320.2038	-0.000021	-1.5715	1.0491	0.0600	2935
hyperlight_mappo	TRAIN	103	319.9625	-0.000027	-1.5362	1.0226	0.0598	2931
hyperlight_mappo	TRAIN	104	319.5025	-0.000021	-1.5189	1.0120	0.0578	2932
hyperlight_mappo	TRAIN	105	321.0091	-0.000022	-1.6151	1.0844	0.0622	2932
hyperlight_mappo	TEST	105	319.0238	-0.000022	-1.4962	0.9979	0.0591	2932
hyperlight_mappo	TRAIN	106	320.6849	-0.000032	-1.5906	1.0665	0.0609	2934
hyperlight_mappo	TRAIN	107	320.3148	-0.000026	-1.5793	1.0543	0.0595	2932
hyperlight_mappo	TRAIN	108	320.5206	-0.000019	-1.5807	1.0561	0.0607	2932
hyperlight_mappo	TRAIN	109	320.1163	-0.000020	-1.5769	1.0561	0.0616	2931
hyperlight_mappo	TRAIN	110	320.7818	-0.000022	-1.6081	1.0799	0.0616	2931
hyperlight_mappo	TEST	110	318.8669	-0.000022	-1.4873	0.9955	0.0594	2933
hyperlight_mappo	TRAIN	111	320.2984	-0.000030	-1.5883	1.0667	0.0616	2932
hyperlight_mappo	TRAIN	112	320.3148	-0.000020	-1.5844	1.0630	0.0612	2932
hyperlight_mappo	TRAIN	113	320.2601	-0.000017	-1.5887	1.0700	0.0629	2932
hyperlight_mappo	TRAIN	114	320.3802	-0.000016	-1.5918	1.0658	0.0627	2933
hyperlight_mappo	TRAIN	115	320.6775	-0.000029	-1.6087	1.0790	0.0614	2932
hyperlight_mappo	TEST	115	318.3225	-0.000029	-1.4491	0.9679	0.0571	2932
hyperlight_mappo	TRAIN	116	320.7888	-0.000031	-1.6127	1.0839	0.0618	2932
hyperlight_mappo	TRAIN	117	320.6956	-0.000024	-1.6042	1.0760	0.0614	2933
hyperlight_mappo	TRAIN	118	321.5702	-0.000027	-1.6650	1.1229	0.0634	2933
hyperlight_mappo	TRAIN	119	320.5699	-0.000021	-1.6293	1.0964	0.0629	2932
hyperlight_mappo	TRAIN	120	320.4811	-0.000020	-1.6056	1.0783	0.0602	2930
hyperlight_mappo	TEST	120	318.6095	-0.000020	-1.4894	1.0042	0.0592	2934
hyperlight_mappo	TRAIN	121	320.8086	-0.000018	-1.6275	1.0997	0.0622	2932
hyperlight_mappo	TRAIN	122	320.5384	-0.000017	-1.5941	1.0752	0.0603	2931
hyperlight_mappo	TRAIN	123	319.4831	-0.000016	-1.5441	1.0330	0.0584	2932
hyperlight_mappo	TRAIN	124	318.8522	-0.000019	-1.5018	1.0109	0.0578	2932
hyperlight_mappo	TRAIN	125	319.7851	-0.000022	-1.5825	1.0707	0.0622	2932
hyperlight_mappo	TEST	125	316.7895	-0.000022	-1.3757	0.9194	0.0557	2932
hyperlight_mappo	TRAIN	126	318.7171	-0.000009	-1.4915	0.9972	0.0581	2932
hyperlight_mappo	TRAIN	127	318.1629	-0.000024	-1.4492	0.9642	0.0566	2930
hyperlight_mappo	TRAIN	128	319.0023	-0.000022	-1.4877	0.9934	0.0575	2933
hyperlight_mappo	TRAIN	129	319.0851	-0.000014	-1.5080	1.0122	0.0584	2934
hyperlight_mappo	TRAIN	130	318.4328	-0.000019	-1.4652	0.9795	0.0569	2932
hyperlight_mappo	TEST	130	316.7774	-0.000019	-1.3658	0.9095	0.0535	2932
hyperlight_mappo	TRAIN	131	319.1398	-0.000020	-1.5132	1.0175	0.0582	2933
hyperlight_mappo	TRAIN	132	318.8864	-0.000017	-1.4978	1.0035	0.0581	2933
hyperlight_mappo	TRAIN	133	318.7754	-0.000018	-1.4732	0.9818	0.0567	2931
hyperlight_mappo	TRAIN	134	318.0325	-0.000027	-1.4415	0.9608	0.0562	2934
hyperlight_mappo	TRAIN	135	317.8528	-0.000016	-1.4231	0.9547	0.0553	2931
hyperlight_mappo	TEST	135	316.9474	-0.000016	-1.3685	0.9153	0.0533	2934
hyperlight_mappo	TRAIN	136	318.3547	-0.000017	-1.4496	0.9670	0.0559	2932
hyperlight_mappo	TRAIN	137	317.5907	-0.000021	-1.4087	0.9396	0.0546	2932
hyperlight_mappo	TRAIN	138	317.8136	-0.000012	-1.4309	0.9543	0.0558	2932
hyperlight_mappo	TRAIN	139	318.8049	-0.000024	-1.4851	0.9967	0.0575	2931
hyperlight_mappo	TRAIN	140	318.4623	-0.000011	-1.4795	0.9950	0.0572	2931
hyperlight_mappo	TEST	140	316.7063	-0.000011	-1.3792	0.9163	0.0554	2932
hyperlight_mappo	TRAIN	141	318.0493	-0.000027	-1.4515	0.9724	0.0570	2931
hyperlight_mappo	TRAIN	142	317.0838	-0.000021	-1.3889	0.9247	0.0546	2931
hyperlight_mappo	TRAIN	143	317.8428	-0.000022	-1.4270	0.9564	0.0561	2931
hyperlight_mappo	TRAIN	144	317.7358	-0.000015	-1.4172	0.9519	0.0557	2932
hyperlight_mappo	TRAIN	145	318.0530	-0.000008	-1.4522	0.9747	0.0580	2933
hyperlight_mappo	TEST	145	315.7348	-0.000008	-1.3121	0.8774	0.0531	2932
hyperlight_mappo	TRAIN	146	317.7938	-0.000023	-1.4223	0.9512	0.0553	2933
hyperlight_mappo	TRAIN	147	317.9209	-0.000020	-1.4329	0.9589	0.0562	2932
hyperlight_mappo	TRAIN	148	317.3161	-0.000021	-1.4064	0.9396	0.0557	2930
hyperlight_mappo	TRAIN	149	317.8445	-0.000010	-1.4484	0.9722	0.0571	2932
hyperlight_mappo	TRAIN	150	317.0268	-0.000012	-1.3881	0.9299	0.0552	2932
hyperlight_mappo	TEST	150	315.9011	-0.000012	-1.3169	0.8755	0.0525	2932
hyperlight_mappo	TRAIN	151	317.2213	-0.000017	-1.3927	0.9295	0.0562	2932
hyperlight_mappo	TRAIN	152	317.7496	-0.000012	-1.4231	0.9510	0.0568	2932
hyperlight_mappo	TRAIN	153	316.6450	-0.000015	-1.3608	0.9064	0.0547	2932
hyperlight_mappo	TRAIN	154	317.3148	-0.000018	-1.4032	0.9415	0.0545	2932
hyperlight_mappo	TRAIN	155	316.6292	-0.000019	-1.3586	0.9026	0.0535	2933
hyperlight_mappo	TEST	155	315.5109	-0.000019	-1.2902	0.8559	0.0508	2932
hyperlight_mappo	TRAIN	156	317.1676	-0.000020	-1.4027	0.9372	0.0562	2932
hyperlight_mappo	TRAIN	157	317.7164	-0.000002	-1.4295	0.9554	0.0570	2932
hyperlight_mappo	TRAIN	158	316.8129	-0.000014	-1.3761	0.9163	0.0543	2931
hyperlight_mappo	TRAIN	159	316.7147	-0.000011	-1.3626	0.9127	0.0546	2932
hyperlight_mappo	TRAIN	160	316.6386	-0.000012	-1.3599	0.9092	0.0541	2932
hyperlight_mappo	TEST	160	315.6219	-0.000012	-1.3022	0.8715	0.0523	2932
hyperlight_mappo	TRAIN	161	316.8910	-0.000008	-1.3819	0.9285	0.0544	2932
hyperlight_mappo	TRAIN	162	316.6336	-0.000012	-1.3535	0.9043	0.0532	2932
hyperlight_mappo	TRAIN	163	316.5934	-0.000013	-1.3490	0.9000	0.0536	2933
hyperlight_mappo	TRAIN	164	316.6939	-0.000011	-1.3678	0.9153	0.0544	2932
hyperlight_mappo	TRAIN	165	317.0640	-0.000007	-1.3834	0.9245	0.0539	2930
hyperlight_mappo	TEST	165	315.5545	-0.000007	-1.3062	0.8703	0.0518	2933
hyperlight_mappo	TRAIN	166	317.3791	-0.000020	-1.4097	0.9450	0.0547	2931
hyperlight_mappo	TRAIN	167	316.8377	-0.000009	-1.3722	0.9172	0.0544	2932
hyperlight_mappo	TRAIN	168	316.7898	-0.000013	-1.3643	0.9082	0.0543	2932
hyperlight_mappo	TRAIN	169	316.7761	-0.000018	-1.3663	0.9137	0.0539	2933
hyperlight_mappo	TRAIN	170	317.6118	-0.000017	-1.4144	0.9439	0.0558	2932
hyperlight_mappo	TEST	170	315.7492	-0.000017	-1.3099	0.8717	0.0515	2932
hyperlight_mappo	TRAIN	171	316.3228	-0.000004	-1.3362	0.8906	0.0526	2933
hyperlight_mappo	TRAIN	172	316.9806	0.000002	-1.3825	0.9292	0.0544	2933
hyperlight_mappo	TRAIN	173	316.3714	0.000009	-1.3359	0.8868	0.0527	2932
hyperlight_mappo	TRAIN	174	316.6755	-0.000021	-1.3639	0.9120	0.0541	2932
hyperlight_mappo	TRAIN	175	316.5028	-0.000019	-1.3537	0.9043	0.0530	2931
hyperlight_mappo	TEST	175	315.2367	-0.000019	-1.2704	0.8457	0.0509	2933
hyperlight_mappo	TRAIN	176	316.4341	-0.000019	-1.3477	0.9002	0.0535	2932
hyperlight_mappo	TRAIN	177	316.2839	-0.000021	-1.3307	0.8837	0.0528	2932
hyperlight_mappo	TRAIN	178	317.1995	-0.000017	-1.3824	0.9245	0.0538	2932
hyperlight_mappo	TRAIN	179	316.1609	-0.000023	-1.3193	0.8762	0.0516	2932
hyperlight_mappo	TRAIN	180	317.3788	-0.000022	-1.3824	0.9231	0.0538	2931
hyperlight_mappo	TEST	180	315.2048	-0.000022	-1.2626	0.8401	0.0506	2933
hyperlight_mappo	TRAIN	181	316.5193	-0.000010	-1.3363	0.8845	0.0527	2934
hyperlight_mappo	TRAIN	182	317.3416	-0.000019	-1.3904	0.9285	0.0539	2932
hyperlight_mappo	TRAIN	183	317.1344	-0.000010	-1.3699	0.9115	0.0529	2933
hyperlight_mappo	TRAIN	184	316.9537	-0.000023	-1.3681	0.9106	0.0537	2931
hyperlight_mappo	TRAIN	185	317.4985	-0.000018	-1.3980	0.9335	0.0542	2931
hyperlight_mappo	TEST	185	315.5267	-0.000018	-1.2975	0.8689	0.0520	2933
hyperlight_mappo	TRAIN	186	317.4385	-0.000022	-1.3972	0.9333	0.0548	2931
hyperlight_mappo	TRAIN	187	317.8153	-0.000025	-1.4300	0.9561	0.0558	2932
hyperlight_mappo	TRAIN	188	317.3409	-0.000008	-1.3993	0.9321	0.0548	2932
hyperlight_mappo	TRAIN	189	316.7479	-0.000022	-1.3619	0.9104	0.0531	2931
hyperlight_mappo	TRAIN	190	317.2062	-0.000020	-1.3885	0.9299	0.0544	2931
hyperlight_mappo	TEST	190	316.2709	-0.000020	-1.3320	0.8880	0.0530	2932
hyperlight_mappo	TRAIN	191	317.0781	-0.000020	-1.3875	0.9248	0.0544	2932
hyperlight_mappo	TRAIN	192	317.7761	-0.000014	-1.4161	0.9411	0.0552	2933
hyperlight_mappo	TRAIN	193	317.3419	-0.000016	-1.3905	0.9241	0.0547	2930
hyperlight_mappo	TRAIN	194	317.6111	-0.000021	-1.4112	0.9391	0.0557	2932
hyperlight_mappo	TRAIN	195	317.0738	-0.000023	-1.3918	0.9300	0.0549	2931
hyperlight_mappo	TEST	195	315.6416	-0.000023	-1.2813	0.8519	0.0511	2932
hyperlight_mappo	TRAIN	196	317.0731	-0.000017	-1.3655	0.9142	0.0525	2932
hyperlight_mappo	TRAIN	197	318.1747	-0.000025	-1.4374	0.9691	0.0542	2931
hyperlight_mappo	TRAIN	198	316.7513	-0.000021	-1.3506	0.9016	0.0520	2931
hyperlight_mappo	TRAIN	199	316.4452	-0.000006	-1.3287	0.8840	0.0520	2932
hyperlight_mappo	TRAIN	200	316.4261	-0.000017	-1.3288	0.8807	0.0515	2931
hyperlight_mappo	TEST	200	314.4264	-0.000017	-1.2213	0.8142	0.0491	2932
hyperlight_mappo	TRAIN	201	316.8082	-0.000021	-1.3391	0.8932	0.0519	2932
hyperlight_mappo	TRAIN	202	316.0208	-0.000016	-1.3031	0.8693	0.0508	2932
hyperlight_mappo	TRAIN	203	316.9792	-0.000016	-1.3639	0.9083	0.0522	2932
hyperlight_mappo	TRAIN	204	315.9068	-0.000016	-1.2986	0.8661	0.0506	2930
hyperlight_mappo	TRAIN	205	316.7442	-0.000019	-1.3423	0.8854	0.0503	2933
hyperlight_mappo	TEST	205	315.1576	-0.000019	-1.2429	0.8234	0.0475	2933
hyperlight_mappo	TRAIN	206	316.3393	-0.000015	-1.3045	0.8608	0.0496	2931
hyperlight_mappo	TRAIN	207	316.7865	-0.000023	-1.3452	0.8917	0.0511	2933
hyperlight_mappo	TRAIN	208	317.0915	-0.000016	-1.3601	0.9082	0.0521	2932
hyperlight_mappo	TRAIN	209	316.1864	-0.000011	-1.3075	0.8679	0.0504	2932
hyperlight_mappo	TRAIN	210	317.6604	-0.000022	-1.3934	0.9328	0.0528	2932
hyperlight_mappo	TEST	210	315.6487	-0.000022	-1.2770	0.8502	0.0496	2932
hyperlight_mappo	TRAIN	211	316.6755	0.000007	-1.3440	0.8976	0.0514	2934
hyperlight_mappo	TRAIN	212	316.8109	-0.000014	-1.3536	0.9024	0.0526	2932
hyperlight_mappo	TRAIN	213	316.4405	-0.000012	-1.3403	0.8970	0.0526	2932
hyperlight_mappo	TRAIN	214	316.5950	-0.000012	-1.3394	0.8901	0.0519	2932
hyperlight_mappo	TRAIN	215	316.7761	-0.000008	-1.3621	0.9125	0.0534	2932
hyperlight_mappo	TEST	215	315.2829	-0.000008	-1.2687	0.8465	0.0503	2932
hyperlight_mappo	TRAIN	216	316.2849	0.000001	-1.3257	0.8870	0.0522	2932
hyperlight_mappo	TRAIN	217	316.4294	-0.000014	-1.3327	0.8941	0.0525	2930
hyperlight_mappo	TRAIN	218	316.3057	-0.000018	-1.3194	0.8804	0.0517	2931
hyperlight_mappo	TRAIN	219	316.7948	-0.000015	-1.3487	0.8990	0.0531	2932
hyperlight_mappo	TRAIN	220	316.6131	-0.000016	-1.3367	0.8861	0.0523	2931
hyperlight_mappo	TEST	220	315.6567	-0.000016	-1.2853	0.8554	0.0502	2932
hyperlight_mappo	TRAIN	221	315.9584	-0.000016	-1.3075	0.8705	0.0512	2931
hyperlight_mappo	TRAIN	222	316.3336	-0.000016	-1.3295	0.8844	0.0518	2932
hyperlight_mappo	TRAIN	223	315.8451	-0.000021	-1.3048	0.8736	0.0515	2932
hyperlight_mappo	TRAIN	224	315.9970	-0.000010	-1.3039	0.8701	0.0519	2931
hyperlight_mappo	TRAIN	225	316.2015	-0.000023	-1.3265	0.8833	0.0524	2932
hyperlight_mappo	TEST	225	315.1596	-0.000023	-1.2651	0.8438	0.0504	2932
hyperlight_mappo	TRAIN	226	316.6074	-0.000011	-1.3336	0.8918	0.0516	2932
hyperlight_mappo	TRAIN	227	316.3520	-0.000024	-1.3226	0.8819	0.0520	2931
hyperlight_mappo	TRAIN	228	316.0929	-0.000012	-1.3207	0.8816	0.0518	2932
hyperlight_mappo	TRAIN	229	316.1455	-0.000011	-1.3062	0.8687	0.0521	2932
hyperlight_mappo	TRAIN	230	316.6983	-0.000017	-1.3310	0.8830	0.0510	2932
hyperlight_mappo	TEST	230	315.0815	-0.000017	-1.2473	0.8316	0.0493	2932
hyperlight_mappo	TRAIN	231	315.4365	-0.000014	-1.2705	0.8418	0.0499	2932
hyperlight_mappo	TRAIN	232	315.8723	-0.000014	-1.3006	0.8675	0.0505	2932
hyperlight_mappo	TRAIN	233	316.1354	-0.000016	-1.3115	0.8752	0.0515	2932
hyperlight_mappo	TRAIN	234	316.0637	-0.000022	-1.3046	0.8648	0.0512	2932
hyperlight_mappo	TRAIN	235	316.2568	-0.000022	-1.3210	0.8786	0.0517	2932
hyperlight_mappo	TEST	235	314.9846	-0.000022	-1.2482	0.8306	0.0495	2931
hyperlight_mappo	TRAIN	236	315.4898	-0.000022	-1.2753	0.8521	0.0503	2933
hyperlight_mappo	TRAIN	237	315.4100	-0.000018	-1.2637	0.8361	0.0498	2931
hyperlight_mappo	TRAIN	238	315.8015	-0.000023	-1.3010	0.8687	0.0513	2930
hyperlight_mappo	TRAIN	239	315.7734	-0.000018	-1.2889	0.8628	0.0503	2933
hyperlight_mappo	TRAIN	240	316.3403	-0.000016	-1.3191	0.8802	0.0515	2932
hyperlight_mappo	TEST	240	314.5075	-0.000016	-1.2215	0.8111	0.0487	2931
hyperlight_mappo	TRAIN	241	315.5719	-0.000023	-1.2800	0.8514	0.0498	2931
hyperlight_mappo	TRAIN	242	316.1522	-0.000015	-1.3227	0.8847	0.0519	2932
hyperlight_mappo	TRAIN	243	316.3986	-0.000017	-1.3273	0.8845	0.0518	2929
hyperlight_mappo	TRAIN	244	315.8150	-0.000021	-1.3066	0.8707	0.0511	2932
hyperlight_mappo	TRAIN	245	315.7543	-0.000016	-1.2963	0.8649	0.0520	2931
hyperlight_mappo	TEST	245	314.4626	-0.000016	-1.2317	0.8214	0.0499	2931
hyperlight_mappo	TRAIN	246	316.1183	-0.000009	-1.3189	0.8847	0.0523	2933
hyperlight_mappo	TRAIN	247	315.9138	-0.000016	-1.3000	0.8602	0.0518	2932
hyperlight_mappo	TRAIN	248	316.0054	-0.000018	-1.3024	0.8670	0.0515	2932
hyperlight_mappo	TRAIN	249	315.8776	-0.000017	-1.2781	0.8484	0.0504	2932
