structural conditioning spec: structural_v1:in_lane_count,out_lane_count,in_degree,out_degree,node_degree,neighbor_count,phase_count,startlane_count,lanes_per_in_road,lanes_per_out_road,out_in_lane_ratio,controlled_neighbor_ratio
structural features (min/mean/max): in_lane_count[4/7.43/14] out_lane_count[3/5.10/8] in_degree[3/3.19/4] out_degree[2/3.24/4] node_degree[5/6.43/8] neighbor_count[0/0.38/2] phase_count[2/3.19/4] startlane_count[4/7.43/14] lanes_per_in_road[1.33333/2.33/4] lanes_per_out_road[1/1.59/2.33333] out_in_lane_ratio[0.5/0.70/1] controlled_neighbor_ratio[0/0.13/0.666667]
step:3600/3600, q_loss:0.0030826249056392246, rewards:-23.6865234375, queue:7.069973468780518, delay:0.2868332862854004, throughput:3441
episode:0/250, real avg travel time:498.45422842197036
Test step:0/250, travel time :1021.6621880998081, rewards:-43.56916809082031, queue:13.320767402648926, delay:0.43247562646865845, throughput:521
New best TEST travel time 1021.6622 at episode 0, saved as best checkpoint
step:3600/3600, q_loss:0.0009452841348118252, rewards:-20.08133888244629, queue:5.8759260177612305, delay:0.2688068449497223, throughput:3596
episode:1/250, real avg travel time:457.0583982202447
step:3600/3600, q_loss:0.0006811305363145139, rewards:-16.447431564331055, queue:4.814021110534668, delay:0.24082522094249725, throughput:3740
episode:2/250, real avg travel time:356.20106951871657
step:3600/3600, q_loss:0.000303257007100102, rewards:-13.321572303771973, queue:3.9846560955047607, delay:0.23463080823421478, throughput:3925
episode:3/250, real avg travel time:311.696050955414
step:3600/3600, q_loss:0.0003777983714826405, rewards:-13.708612442016602, queue:4.175264358520508, delay:0.2293463945388794, throughput:3877
episode:4/250, real avg travel time:322.42816610781534
step:3600/3600, q_loss:0.0002008538641449478, rewards:-11.870859146118164, queue:3.686375617980957, delay:0.2171197086572647, throughput:3937
episode:5/250, real avg travel time:308.7259334518669
Test step:5/250, travel time :581.4825839138696, rewards:-25.74526596069336, queue:7.381084442138672, delay:0.3068060576915741, throughput:1579
New best TEST travel time 581.4826 at episode 5, saved as best checkpoint
step:3600/3600, q_loss:0.00039103705591211717, rewards:-12.236868858337402, queue:3.8263227939605713, delay:0.21649138629436493, throughput:3770
episode:6/250, real avg travel time:323.6363395225464
step:3600/3600, q_loss:0.00019409319437626335, rewards:-10.82450008392334, queue:3.4079365730285645, delay:0.20755943655967712, throughput:3796
episode:7/250, real avg travel time:299.2015279241307
step:3600/3600, q_loss:0.00016269349467216266, rewards:-9.632360458374023, queue:3.1832010746002197, delay:0.19844628870487213, throughput:3930
episode:8/250, real avg travel time:295.3465648854962
step:3600/3600, q_loss:0.00013588223244167036, rewards:-9.299782752990723, queue:3.0386242866516113, delay:0.19968284666538239, throughput:3933
episode:9/250, real avg travel time:272.5776760742436
step:3600/3600, q_loss:0.00010126657062856895, rewards:-8.50432300567627, queue:2.758465528488159, delay:0.19345752894878387, throughput:3984
episode:10/250, real avg travel time:269.4156626506024
Test step:10/250, travel time :296.9842022116904, rewards:-15.786843299865723, queue:4.909920692443848, delay:0.22855322062969208, throughput:3165
New best TEST travel time 296.9842 at episode 10, saved as best checkpoint
step:3600/3600, q_loss:0.00021080319582122482, rewards:-9.181676864624023, queue:2.907407522201538, delay:0.19258755445480347, throughput:3947
episode:11/250, real avg travel time:290.18545730934886
step:3600/3600, q_loss:9.800628872148485e-05, rewards:-7.976501941680908, queue:2.6461639404296875, delay:0.18718959391117096, throughput:3977
episode:12/250, real avg travel time:273.663314055821
step:3600/3600, q_loss:9.429034430973439e-05, rewards:-8.204463958740234, queue:2.6911375522613525, delay:0.1922292560338974, throughput:3992
episode:13/250, real avg travel time:268.46417835671343
step:3600/3600, q_loss:7.193989052514857e-05, rewards:-7.511181831359863, queue:2.5382275581359863, delay:0.1817605346441269, throughput:3968
episode:14/250, real avg travel time:269.7928427419355
step:3600/3600, q_loss:7.185686926176357e-05, rewards:-7.046537399291992, queue:2.344576835632324, delay:0.18217122554779053, throughput:3970
episode:15/250, real avg travel time:260.92821158690174
Test step:15/250, travel time :330.34982014388487, rewards:-18.510759353637695, queue:5.87420654296875, delay:0.20652271807193756, throughput:3336
step:3600/3600, q_loss:7.391186227323487e-05, rewards:-6.658127784729004, queue:2.2458994388580322, delay:0.1752212941646576, throughput:3977
episode:16/250, real avg travel time:256.35001257229067
step:3600/3600, q_loss:4.2948493339483526e-05, rewards:-6.234576225280762, queue:2.154761791229248, delay:0.1730297952890396, throughput:4027
episode:17/250, real avg travel time:256.29798857710455
step:3600/3600, q_loss:4.280844198850294e-05, rewards:-6.301705360412598, queue:2.200132369995117, delay:0.17105425894260406, throughput:4011
episode:18/250, real avg travel time:268.7272500623286
step:3600/3600, q_loss:8.109420046417249e-05, rewards:-6.699374675750732, queue:2.2875661849975586, delay:0.17616157233715057, throughput:4010
episode:19/250, real avg travel time:267.45211970074814
step:3600/3600, q_loss:5.871354272433867e-05, rewards:-6.093051433563232, queue:2.112433910369873, delay:0.17120635509490967, throughput:4029
episode:20/250, real avg travel time:258.6957061305535
Test step:20/250, travel time :297.8579829461923, rewards:-14.484769821166992, queue:4.522354602813721, delay:0.19849078357219696, throughput:3401
step:3600/3600, q_loss:3.3421842898759576e-05, rewards:-5.317303657531738, queue:1.8896825313568115, delay:0.16466893255710602, throughput:3990
episode:21/250, real avg travel time:251.39298245614034
step:3600/3600, q_loss:3.330496967666679e-05, rewards:-5.268219470977783, queue:1.8678570985794067, delay:0.16106320917606354, throughput:4014
episode:22/250, real avg travel time:238.2675635276532
step:3600/3600, q_loss:4.189883701555017e-05, rewards:-5.253942012786865, queue:1.8821429014205933, delay:0.16033190488815308, throughput:4016
episode:23/250, real avg travel time:237.9121015936255
step:3600/3600, q_loss:2.0477835399409135e-05, rewards:-4.824882507324219, queue:1.755555510520935, delay:0.1600261926651001, throughput:4066
episode:24/250, real avg travel time:231.80373831775702
step:3600/3600, q_loss:1.942926723535897e-05, rewards:-5.3038434982299805, queue:1.8712962865829468, delay:0.16564014554023743, throughput:4058
episode:25/250, real avg travel time:230.89280433711187
Test step:25/250, travel time :251.63249464668095, rewards:-7.844790458679199, queue:2.8534390926361084, delay:0.1665607988834381, throughput:3736
New best TEST travel time 251.6325 at episode 25, saved as best checkpoint
step:3600/3600, q_loss:1.6112765782357503e-05, rewards:-5.197273254394531, queue:1.8568782806396484, delay:0.16583046317100525, throughput:4033
episode:26/250, real avg travel time:231.16910488470123
step:3600/3600, q_loss:4.7027163640854674e-05, rewards:-6.232206344604492, queue:2.1998677253723145, delay:0.17125099897384644, throughput:4059
episode:27/250, real avg travel time:247.37447647203746
step:3600/3600, q_loss:4.074669349291879e-05, rewards:-4.816755294799805, queue:1.7257936000823975, delay:0.16119763255119324, throughput:4055
episode:28/250, real avg travel time:224.8355117139334
step:3600/3600, q_loss:1.21699112545078e-05, rewards:-4.911496162414551, queue:1.7133598327636719, delay:0.1608082503080368, throughput:4048
episode:29/250, real avg travel time:226.8016304347826
step:3600/3600, q_loss:1.0428747918922454e-05, rewards:-4.61768913269043, queue:1.653174638748169, delay:0.1592211276292801, throughput:4044
episode:30/250, real avg travel time:223.37141444114738
Test step:30/250, travel time :227.97651263722236, rewards:-8.544310569763184, queue:2.5406084060668945, delay:0.17169101536273956, throughput:3917
New best TEST travel time 227.9765 at episode 30, saved as best checkpoint
step:3600/3600, q_loss:1.2212037108838559e-05, rewards:-4.8934760093688965, queue:1.7203704118728638, delay:0.15726976096630096, throughput:4029
episode:31/250, real avg travel time:222.91288160833955
step:3600/3600, q_loss:1.890612814653044e-05, rewards:-4.993219375610352, queue:1.7486772537231445, delay:0.16422957181930542, throughput:4036
episode:32/250, real avg travel time:225.63429137760158
step:3600/3600, q_loss:1.6695542338614663e-05, rewards:-4.2643537521362305, queue:1.568253993988037, delay:0.15189005434513092, throughput:4037
episode:33/250, real avg travel time:222.1050284864999
step:3600/3600, q_loss:1.194176810612488e-05, rewards:-4.949938774108887, queue:1.6900793313980103, delay:0.15790030360221863, throughput:4054
episode:34/250, real avg travel time:218.73729649728662
step:3600/3600, q_loss:3.7645524167197032e-06, rewards:-4.369755268096924, queue:1.5996031761169434, delay:0.15630888938903809, throughput:4046
episode:35/250, real avg travel time:219.81957488877904
Test step:35/250, travel time :237.2944942381562, rewards:-7.507949352264404, queue:2.687566041946411, delay:0.1619955450296402, throughput:3905
step:3600/3600, q_loss:1.0236734427356472e-05, rewards:-4.520833969116211, queue:1.5996031761169434, delay:0.15601521730422974, throughput:4050
episode:36/250, real avg travel time:226.43851851851852
step:3600/3600, q_loss:1.7753568115747636e-05, rewards:-4.623300552368164, queue:1.653174638748169, delay:0.15129750967025757, throughput:4042
episode:37/250, real avg travel time:222.7884710539337
step:3600/3600, q_loss:1.0434907825482596e-05, rewards:-4.072175979614258, queue:1.550661325454712, delay:0.14926820993423462, throughput:4061
episode:38/250, real avg travel time:226.0374292046294
step:3600/3600, q_loss:3.965967173118972e-06, rewards:-4.381890773773193, queue:1.5863757133483887, delay:0.15052475035190582, throughput:4057
episode:39/250, real avg travel time:220.8491496179443
step:3600/3600, q_loss:8.991747260248909e-06, rewards:-4.157665252685547, queue:1.526719570159912, delay:0.14978449046611786, throughput:4038
episode:40/250, real avg travel time:218.66592372461614
Test step:40/250, travel time :227.24547738693468, rewards:-6.08680534362793, queue:2.2768518924713135, delay:0.1511482149362564, throughput:3980
New best TEST travel time 227.2455 at episode 40, saved as best checkpoint
step:3600/3600, q_loss:1.5138743846263322e-05, rewards:-4.421813488006592, queue:1.5890212059020996, delay:0.1494135707616806, throughput:4051
episode:41/250, real avg travel time:223.11626758824983
step:3600/3600, q_loss:1.456811070157629e-05, rewards:-3.9116740226745605, queue:1.4421957731246948, delay:0.14534427225589752, throughput:4051
episode:42/250, real avg travel time:220.95729449518637
step:3600/3600, q_loss:2.10755742349041e-05, rewards:-4.000997066497803, queue:1.4794973134994507, delay:0.1449536830186844, throughput:4063
episode:43/250, real avg travel time:221.58380507014522
step:3600/3600, q_loss:4.7829730546153665e-06, rewards:-4.045804023742676, queue:1.5, delay:0.1457144021987915, throughput:4063
episode:44/250, real avg travel time:217.23184838789072
step:3600/3600, q_loss:6.3489813732707666e-06, rewards:-3.7300400733947754, queue:1.4082010984420776, delay:0.1443512737751007, throughput:4047
episode:45/250, real avg travel time:212.17963923894243
Test step:45/250, travel time :222.03937976864387, rewards:-4.485720634460449, queue:1.6800264120101929, delay:0.14538417756557465, throughput:4063
New best TEST travel time 222.0394 at episode 45, saved as best checkpoint
step:3600/3600, q_loss:1.4550235775661552e-05, rewards:-4.047672748565674, queue:1.5092592239379883, delay:0.14749014377593994, throughput:4040
episode:46/250, real avg travel time:215.99282178217823
step:3600/3600, q_loss:1.0199628498715659e-05, rewards:-4.223094463348389, queue:1.5161375999450684, delay:0.14738225936889648, throughput:4051
episode:47/250, real avg travel time:216.29671686003456
step:3600/3600, q_loss:3.7690173485316335e-06, rewards:-3.929286003112793, queue:1.4276454448699951, delay:0.14457888901233673, throughput:4058
episode:48/250, real avg travel time:212.06037456875308
step:3600/3600, q_loss:7.576517398572631e-06, rewards:-3.675748586654663, queue:1.3753968477249146, delay:0.1435389369726181, throughput:4061
episode:49/250, real avg travel time:210.7017975868013
step:3600/3600, q_loss:1.4607074182196003e-05, rewards:-3.787771701812744, queue:1.4223544597625732, delay:0.14399109780788422, throughput:4070
episode:50/250, real avg travel time:214.65601965601965
Test step:50/250, travel time :242.18813905930472, rewards:-7.614311218261719, queue:2.3358466625213623, delay:0.17541912198066711, throughput:3912
step:3600/3600, q_loss:1.385742822700801e-05, rewards:-3.857991933822632, queue:1.4362434148788452, delay:0.14418858289718628, throughput:4064
episode:51/250, real avg travel time:214.28543307086613
step:3600/3600, q_loss:3.5239667906555244e-05, rewards:-4.607772350311279, queue:1.6802910566329956, delay:0.14882664382457733, throughput:4061
episode:52/250, real avg travel time:220.87909381925635
step:3600/3600, q_loss:2.344179229112342e-05, rewards:-4.312301158905029, queue:1.5067460536956787, delay:0.1461392641067505, throughput:4057
episode:53/250, real avg travel time:210.60142962780378
step:3600/3600, q_loss:4.565457493299618e-06, rewards:-3.709272623062134, queue:1.4287036657333374, delay:0.14228785037994385, throughput:4066
episode:54/250, real avg travel time:209.3674372848008
step:3600/3600, q_loss:7.2999501652601695e-06, rewards:-3.6468305587768555, queue:1.403174638748169, delay:0.14184744656085968, throughput:4056
episode:55/250, real avg travel time:208.8473865877712
Test step:55/250, travel time :207.6095190630451, rewards:-5.375736713409424, queue:1.6910053491592407, delay:0.1500612199306488, throughput:4013
New best TEST travel time 207.6095 at episode 55, saved as best checkpoint
step:3600/3600, q_loss:1.0306969812113999e-05, rewards:-3.6464712619781494, queue:1.3873015642166138, delay:0.14325852692127228, throughput:4072
episode:56/250, real avg travel time:211.71242632612967
step:3600/3600, q_loss:8.4150043322653e-06, rewards:-3.6806094646453857, queue:1.4033068418502808, delay:0.14243373274803162, throughput:4056
episode:57/250, real avg travel time:214.93540433925048
step:3600/3600, q_loss:5.807637604044026e-05, rewards:-4.429701328277588, queue:1.5219576358795166, delay:0.14656119048595428, throughput:4059
episode:58/250, real avg travel time:226.33062330623306
step:3600/3600, q_loss:8.677172122083398e-06, rewards:-3.8334805965423584, queue:1.477910041809082, delay:0.14574287831783295, throughput:4046
episode:59/250, real avg travel time:216.89446366782008
step:3600/3600, q_loss:2.2342040028888733e-05, rewards:-3.9127357006073, queue:1.50343918800354, delay:0.14373944699764252, throughput:4050
episode:60/250, real avg travel time:222.69456790123456
Test step:60/250, travel time :255.38946015424165, rewards:-8.087763786315918, queue:2.6929893493652344, delay:0.17642493546009064, throughput:3890
step:3600/3600, q_loss:8.705719341782647e-06, rewards:-3.9088871479034424, queue:1.4776455163955688, delay:0.1472976952791214, throughput:4036
episode:61/250, real avg travel time:219.255946481665
step:3600/3600, q_loss:1.4351196700267287e-05, rewards:-3.5081825256347656, queue:1.361640214920044, delay:0.14317846298217773, throughput:4050
episode:62/250, real avg travel time:214.4
step:3600/3600, q_loss:2.3888855988237386e-05, rewards:-3.469517946243286, queue:1.350000023841858, delay:0.1375497281551361, throughput:4058
episode:63/250, real avg travel time:210.88516510596352
step:3600/3600, q_loss:1.0352753856245222e-05, rewards:-3.387765884399414, queue:1.3105820417404175, delay:0.13930359482765198, throughput:4057
episode:64/250, real avg travel time:213.6105496672418
step:3600/3600, q_loss:3.878949751702344e-05, rewards:-4.0966081619262695, queue:1.4707671403884888, delay:0.145638108253479, throughput:4060
episode:65/250, real avg travel time:222.6704433497537
Test step:65/250, travel time :277.30422535211267, rewards:-9.079182624816895, queue:2.5884921550750732, delay:0.19191347062587738, throughput:3905
step:3600/3600, q_loss:1.8904220875507843e-05, rewards:-3.2496299743652344, queue:1.2544974088668823, delay:0.13524971902370453, throughput:4062
episode:66/250, real avg travel time:206.5709010339734
step:3600/3600, q_loss:2.6222998066158553e-05, rewards:-3.716932773590088, queue:1.3960317373275757, delay:0.1442326307296753, throughput:4063
episode:67/250, real avg travel time:212.0694068422348
step:3600/3600, q_loss:2.7669171079954442e-05, rewards:-3.6851985454559326, queue:1.3583333492279053, delay:0.14062201976776123, throughput:4041
episode:68/250, real avg travel time:225.17248205889632
step:3600/3600, q_loss:1.5840432307514775e-05, rewards:-3.1645121574401855, queue:1.2428570985794067, delay:0.13648749887943268, throughput:4060
episode:69/250, real avg travel time:207.70960591133004
step:3600/3600, q_loss:1.6603407372410097e-05, rewards:-3.364680290222168, queue:1.2626984119415283, delay:0.13454093039035797, throughput:4068
episode:70/250, real avg travel time:212.7332841691249
Test step:70/250, travel time :268.28195393571247, rewards:-6.423995018005371, queue:2.119312286376953, delay:0.17383481562137604, throughput:3951
step:3600/3600, q_loss:9.935434273858037e-06, rewards:-3.3958544731140137, queue:1.3003968000411987, delay:0.13920195400714874, throughput:4056
episode:71/250, real avg travel time:219.6844181459566
step:3600/3600, q_loss:1.4947595385213693e-05, rewards:-3.164597272872925, queue:1.25515878200531, delay:0.13433994352817535, throughput:4065
episode:72/250, real avg travel time:209.61254612546125
step:3600/3600, q_loss:4.5927065204725495e-06, rewards:-3.1293578147888184, queue:1.2379629611968994, delay:0.13457316160202026, throughput:4068
episode:73/250, real avg travel time:205.3704523107178
step:3600/3600, q_loss:8.179871939420183e-06, rewards:-3.373256206512451, queue:1.284656047821045, delay:0.1359725445508957, throughput:4058
episode:74/250, real avg travel time:207.6370133070478
step:3600/3600, q_loss:1.2580689993531754e-05, rewards:-3.2655904293060303, queue:1.2842592000961304, delay:0.13845433294773102, throughput:4059
episode:75/250, real avg travel time:210.51835427445184
Test step:75/250, travel time :245.14375163057656, rewards:-5.255788326263428, queue:1.8244708776474, delay:0.16323484480381012, throughput:3833
step:3600/3600, q_loss:8.484453671068574e-06, rewards:-3.264284610748291, queue:1.2674603462219238, delay:0.13859495520591736, throughput:4059
episode:76/250, real avg travel time:207.80118255728013
step:3600/3600, q_loss:4.877302085838488e-06, rewards:-2.9456002712249756, queue:1.1955026388168335, delay:0.13237112760543823, throughput:4056
episode:77/250, real avg travel time:203.59886587771203
step:3600/3600, q_loss:5.325759613899411e-06, rewards:-3.3885560035705566, queue:1.2849206924438477, delay:0.1349247545003891, throughput:4063
episode:78/250, real avg travel time:209.87496923455575
step:3600/3600, q_loss:8.30392168103976e-05, rewards:-5.205658435821533, queue:1.5448412895202637, delay:0.14812982082366943, throughput:4041
episode:79/250, real avg travel time:213.66344964117792
step:3600/3600, q_loss:1.632828368908829e-05, rewards:-3.435307025909424, queue:1.3195767402648926, delay:0.13795456290245056, throughput:4058
episode:80/250, real avg travel time:212.8777723016264
Test step:80/250, travel time :249.4733231707317, rewards:-5.301497459411621, queue:1.8198412656784058, delay:0.16501577198505402, throughput:3936
step:3600/3600, q_loss:2.596349481286274e-06, rewards:-3.467233657836914, queue:1.3145502805709839, delay:0.13650448620319366, throughput:4057
episode:81/250, real avg travel time:212.7256593542026
step:3600/3600, q_loss:5.4429104946191525e-06, rewards:-3.366640329360962, queue:1.3123016357421875, delay:0.14010371267795563, throughput:4067
episode:82/250, real avg travel time:209.24538972215393
step:3600/3600, q_loss:1.455118916864093e-05, rewards:-3.7505478858947754, queue:1.4339946508407593, delay:0.14369075000286102, throughput:4065
episode:83/250, real avg travel time:221.04723247232474
step:3600/3600, q_loss:1.5824830956666522e-05, rewards:-3.473508596420288, queue:1.365079402923584, delay:0.1384137123823166, throughput:4059
episode:84/250, real avg travel time:209.8810051736881
step:3600/3600, q_loss:1.5705395586943875e-05, rewards:-3.436971664428711, queue:1.316269874572754, delay:0.1427210569381714, throughput:4063
episode:85/250, real avg travel time:215.7408318976126
Test step:85/250, travel time :252.80686445607913, rewards:-8.214193344116211, queue:2.4468255043029785, delay:0.17931219935417175, throughput:3438
step:3600/3600, q_loss:2.80135453471707e-05, rewards:-4.155840873718262, queue:1.516005277633667, delay:0.14885419607162476, throughput:4064
episode:86/250, real avg travel time:249.81668307086613
step:3600/3600, q_loss:3.7886145744576224e-06, rewards:-3.4079740047454834, queue:1.3141534328460693, delay:0.1403142511844635, throughput:4061
episode:87/250, real avg travel time:210.5067717311007
step:3600/3600, q_loss:2.9325874089004678e-06, rewards:-3.3023033142089844, queue:1.3011904954910278, delay:0.13889266550540924, throughput:4067
episode:88/250, real avg travel time:216.30022129333662
step:3600/3600, q_loss:1.8898798670205804e-07, rewards:-3.064340591430664, queue:1.2388888597488403, delay:0.13677425682544708, throughput:4068
episode:89/250, real avg travel time:214.07153392330383
step:3600/3600, q_loss:2.1711151122063813e-05, rewards:-3.6659200191497803, queue:1.396164059638977, delay:0.1404266059398651, throughput:4071
episode:90/250, real avg travel time:219.53181036600344
Test step:90/250, travel time :240.1270481472145, rewards:-4.772999286651611, queue:1.6988095045089722, delay:0.16052831709384918, throughput:3967
step:3600/3600, q_loss:4.533447685793767e-05, rewards:-3.8942058086395264, queue:1.3541005849838257, delay:0.13816829025745392, throughput:4071
episode:91/250, real avg travel time:227.91279783836896
step:3600/3600, q_loss:7.899238415929076e-06, rewards:-3.113260269165039, queue:1.2199735641479492, delay:0.13621196150779724, throughput:4066
episode:92/250, real avg travel time:208.2412690605017
step:3600/3600, q_loss:4.5243005944131355e-06, rewards:-3.1237382888793945, queue:1.2328041791915894, delay:0.13540416955947876, throughput:4069
episode:93/250, real avg travel time:210.3059719832883
step:3600/3600, q_loss:8.716172790930916e-08, rewards:-3.028306484222412, queue:1.211904764175415, delay:0.13519027829170227, throughput:4067
episode:94/250, real avg travel time:205.83648881239242
step:3600/3600, q_loss:-2.4058463976770224e-06, rewards:-3.127370595932007, queue:1.2178571224212646, delay:0.13642248511314392, throughput:4067
episode:95/250, real avg travel time:209.18490287681337
Test step:95/250, travel time :245.2152602324406, rewards:-4.754799842834473, queue:1.695105791091919, delay:0.16028746962547302, throughput:3958
step:3600/3600, q_loss:-5.8871526966362984e-06, rewards:-2.954315185546875, queue:1.2026455402374268, delay:0.1364419013261795, throughput:4062
episode:96/250, real avg travel time:209.8217626784835
step:3600/3600, q_loss:1.0509928567140983e-05, rewards:-3.3465521335601807, queue:1.2974867820739746, delay:0.1376727819442749, throughput:4053
episode:97/250, real avg travel time:218.06340981988652
step:3600/3600, q_loss:3.341893486018914e-05, rewards:-3.6152100563049316, queue:1.3271163702011108, delay:0.13937868177890778, throughput:4061
episode:98/250, real avg travel time:218.77936468850038
step:3600/3600, q_loss:-1.6381293082506293e-08, rewards:-3.0940895080566406, queue:1.254365086555481, delay:0.1371222585439682, throughput:4055
episode:99/250, real avg travel time:211.6695437731196
step:3600/3600, q_loss:3.578812765125703e-05, rewards:-3.8993635177612305, queue:1.4556878805160522, delay:0.14186514914035797, throughput:3976
episode:100/250, real avg travel time:232.0726861167002
Test step:100/250, travel time :206.63041338582678, rewards:-2.9656286239624023, queue:1.183465600013733, delay:0.13584645092487335, throughput:4064
New best TEST travel time 206.6304 at episode 100, saved as best checkpoint
step:3600/3600, q_loss:1.7715162054325144e-06, rewards:-3.0521936416625977, queue:1.210714340209961, delay:0.13118626177310944, throughput:4072
episode:101/250, real avg travel time:209.87401768172887
step:3600/3600, q_loss:6.052545157015427e-06, rewards:-2.8822357654571533, queue:1.1923280954360962, delay:0.13648121058940887, throughput:4056
episode:102/250, real avg travel time:202.37869822485206
step:3600/3600, q_loss:3.88561634786634e-06, rewards:-3.251882314682007, queue:1.275529146194458, delay:0.1352771371603012, throughput:4067
episode:103/250, real avg travel time:208.66609294320136
step:3600/3600, q_loss:3.4564828739449795e-06, rewards:-3.2686688899993896, queue:1.2785714864730835, delay:0.13906197249889374, throughput:4065
episode:104/250, real avg travel time:212.68216482164823
step:3600/3600, q_loss:2.8809223699176475e-06, rewards:-3.206556558609009, queue:1.2808201313018799, delay:0.1364060491323471, throughput:4062
episode:105/250, real avg travel time:209.72599704579025
Test step:105/250, travel time :217.745683275777, rewards:-3.0314619541168213, queue:1.2112433910369873, delay:0.13633738458156586, throughput:4054
step:3600/3600, q_loss:1.3356634291186412e-05, rewards:-3.4552204608917236, queue:1.295899510383606, delay:0.13782998919487, throughput:4057
episode:106/250, real avg travel time:214.36849889080602
step:3600/3600, q_loss:-1.4964179879623568e-06, rewards:-3.0284583568573, queue:1.207539677619934, delay:0.1350550353527069, throughput:4065
episode:107/250, real avg travel time:209.34046740467406
step:3600/3600, q_loss:6.371579875121824e-05, rewards:-3.981743812561035, queue:1.387169361114502, delay:0.1388738453388214, throughput:4064
episode:108/250, real avg travel time:223.06397637795277
step:3600/3600, q_loss:7.844316456208213e-06, rewards:-3.201566457748413, queue:1.2280423641204834, delay:0.13647004961967468, throughput:4064
episode:109/250, real avg travel time:208.4301181102362
step:3600/3600, q_loss:7.961356055198444e-07, rewards:-2.8958895206451416, queue:1.1749999523162842, delay:0.13353008031845093, throughput:4072
episode:110/250, real avg travel time:206.2718565815324
Test step:110/250, travel time :216.55950617283952, rewards:-2.9670794010162354, queue:1.1779100894927979, delay:0.13354389369487762, throughput:4050
step:3600/3600, q_loss:9.758868408324714e-06, rewards:-3.109666347503662, queue:1.235185146331787, delay:0.1365106999874115, throughput:4064
episode:111/250, real avg travel time:209.99114173228347
step:3600/3600, q_loss:-5.916475371729272e-06, rewards:-2.996814727783203, queue:1.1939153671264648, delay:0.1341390311717987, throughput:4062
episode:112/250, real avg travel time:207.11201378631216
step:3600/3600, q_loss:4.256995453033596e-07, rewards:-3.0701889991760254, queue:1.2205026149749756, delay:0.13471369445323944, throughput:4063
episode:113/250, real avg travel time:205.81294609894167
step:3600/3600, q_loss:-6.996593987827914e-07, rewards:-2.976942539215088, queue:1.195105791091919, delay:0.13324519991874695, throughput:4070
episode:114/250, real avg travel time:206.43857493857493
step:3600/3600, q_loss:6.948000373085961e-06, rewards:-2.8950228691101074, queue:1.1533068418502808, delay:0.1313619464635849, throughput:4074
episode:115/250, real avg travel time:205.2029945999018
Test step:115/250, travel time :202.20304443898846, rewards:-2.9064009189605713, queue:1.1845238208770752, delay:0.1358305960893631, throughput:4073
New best TEST travel time 202.2030 at episode 115, saved as best checkpoint
step:3600/3600, q_loss:3.347068236002492e-07, rewards:-2.9176907539367676, queue:1.1858465671539307, delay:0.1344299465417862, throughput:4065
episode:116/250, real avg travel time:205.0959409594096
step:3600/3600, q_loss:1.11506508498375e-05, rewards:-3.049170970916748, queue:1.1972222328186035, delay:0.13372376561164856, throughput:4066
episode:117/250, real avg travel time:202.90777176586326
step:3600/3600, q_loss:5.2781787720353655e-06, rewards:-2.8635027408599854, queue:1.142724871635437, delay:0.13078933954238892, throughput:4078
episode:118/250, real avg travel time:204.24987739087788
step:3600/3600, q_loss:1.7588592729427748e-06, rewards:-2.8632330894470215, queue:1.143650770187378, delay:0.1309206336736679, throughput:4071
episode:119/250, real avg travel time:203.23655121591747
step:3600/3600, q_loss:6.730050032880778e-06, rewards:-3.014749526977539, queue:1.1873016357421875, delay:0.13113521039485931, throughput:4061
episode:120/250, real avg travel time:203.30632849051958
Test step:120/250, travel time :227.53804481654765, rewards:-3.1206367015838623, queue:1.2478835582733154, delay:0.14105941355228424, throughput:4061
step:3600/3600, q_loss:6.110743642137903e-06, rewards:-2.944101333618164, queue:1.1563491821289062, delay:0.13114716112613678, throughput:4072
episode:121/250, real avg travel time:207.60830058939095
step:3600/3600, q_loss:7.513759434611227e-05, rewards:-3.906052350997925, queue:1.3437830209732056, delay:0.13439664244651794, throughput:4066
episode:122/250, real avg travel time:220.53295622233153
step:3600/3600, q_loss:1.0460999571175004e-06, rewards:-2.8160088062286377, queue:1.1416666507720947, delay:0.13017825782299042, throughput:4058
episode:123/250, real avg travel time:201.4216362740266
step:3600/3600, q_loss:4.020169298099871e-06, rewards:-2.9037909507751465, queue:1.1591269969940186, delay:0.13119180500507355, throughput:4072
episode:124/250, real avg travel time:203.9739685658153
step:3600/3600, q_loss:2.9156939288239097e-06, rewards:-2.9521241188049316, queue:1.1644179821014404, delay:0.13185647130012512, throughput:4071
episode:125/250, real avg travel time:204.08572832227955
Test step:125/250, travel time :204.45398773006136, rewards:-2.774237632751465, queue:1.1433862447738647, delay:0.13304169476032257, throughput:4075
step:3600/3600, q_loss:2.916198152686573e-07, rewards:-2.869544506072998, queue:1.1448413133621216, delay:0.12997101247310638, throughput:4067
episode:126/250, real avg travel time:206.5758544381608
step:3600/3600, q_loss:9.720954242058926e-07, rewards:-2.815133571624756, queue:1.1285713911056519, delay:0.131899893283844, throughput:4069
episode:127/250, real avg travel time:203.49545342836078
step:3600/3600, q_loss:9.81754395373476e-06, rewards:-2.7443037033081055, queue:1.1134920120239258, delay:0.12872065603733063, throughput:4072
episode:128/250, real avg travel time:203.45014734774068
step:3600/3600, q_loss:3.5239666532207695e-06, rewards:-3.0303256511688232, queue:1.181613802909851, delay:0.13122758269309998, throughput:4065
episode:129/250, real avg travel time:207.5350553505535
step:3600/3600, q_loss:-4.346966711131649e-07, rewards:-2.8177506923675537, queue:1.1443121433258057, delay:0.13340410590171814, throughput:4069
episode:130/250, real avg travel time:204.58318997296632
Test step:130/250, travel time :210.19104991394147, rewards:-2.734255075454712, queue:1.1330687999725342, delay:0.13243669271469116, throughput:4067
step:3600/3600, q_loss:2.605602639960125e-06, rewards:-2.8157196044921875, queue:1.1387566328048706, delay:0.13010570406913757, throughput:4063
episode:131/250, real avg travel time:206.08442037903026
step:3600/3600, q_loss:6.346344533893797e-05, rewards:-3.8462164402008057, queue:1.3838623762130737, delay:0.13788820803165436, throughput:4072
episode:132/250, real avg travel time:227.34528487229863
step:3600/3600, q_loss:5.862183457389215e-05, rewards:-3.553211212158203, queue:1.320899486541748, delay:0.13527275621891022, throughput:4060
episode:133/250, real avg travel time:216.42832512315272
step:3600/3600, q_loss:0.0001041694704326801, rewards:-4.773356914520264, queue:1.5539683103561401, delay:0.1446480005979538, throughput:4053
episode:134/250, real avg travel time:253.3417221811004
step:3600/3600, q_loss:2.4773413315415383e-06, rewards:-3.0885355472564697, queue:1.210714340209961, delay:0.13487567007541656, throughput:4055
episode:135/250, real avg travel time:211.91960542540073
Test step:135/250, travel time :228.21767028627838, rewards:-3.095426082611084, queue:1.2097883224487305, delay:0.1339058130979538, throughput:4052
step:3600/3600, q_loss:-1.0291510180751276e-06, rewards:-2.968672752380371, queue:1.1776454448699951, delay:0.1317933201789856, throughput:4054
episode:136/250, real avg travel time:211.18228909718798
step:3600/3600, q_loss:3.0917873825981386e-06, rewards:-2.972097158432007, queue:1.1788359880447388, delay:0.13092611730098724, throughput:4062
episode:137/250, real avg travel time:211.0017232890202
step:3600/3600, q_loss:8.192533116218531e-06, rewards:-2.99114990234375, queue:1.1899471282958984, delay:0.13329149782657623, throughput:4061
episode:138/250, real avg travel time:208.5102191578429
step:3600/3600, q_loss:-3.5251010962787807e-06, rewards:-2.8209917545318604, queue:1.143650770187378, delay:0.13118460774421692, throughput:4063
episode:139/250, real avg travel time:209.86487816884076
step:3600/3600, q_loss:-7.826981648880367e-07, rewards:-2.827411413192749, queue:1.1541005373001099, delay:0.13121908903121948, throughput:4070
episode:140/250, real avg travel time:209.05626535626536
Test step:140/250, travel time :231.10838901262065, rewards:-3.3369388580322266, queue:1.2531746625900269, delay:0.13389776647090912, throughput:4041
step:3600/3600, q_loss:-2.0827246367439833e-06, rewards:-2.780784845352173, queue:1.1403439044952393, delay:0.13266775012016296, throughput:4070
episode:141/250, real avg travel time:211.93071253071253
step:3600/3600, q_loss:3.286317789590814e-06, rewards:-3.056016445159912, queue:1.2243386507034302, delay:0.13620486855506897, throughput:4071
episode:142/250, real avg travel time:209.69466961434537
step:3600/3600, q_loss:3.2282904107382314e-06, rewards:-2.808030605316162, queue:1.1411375999450684, delay:0.13078121840953827, throughput:4071
episode:143/250, real avg travel time:206.74355195283715
step:3600/3600, q_loss:8.398812941676524e-06, rewards:-2.9208157062530518, queue:1.174735426902771, delay:0.13344267010688782, throughput:4071
episode:144/250, real avg travel time:206.8469663473348
step:3600/3600, q_loss:2.2019960548883924e-06, rewards:-2.80452561378479, queue:1.1566137075424194, delay:0.13307766616344452, throughput:4062
episode:145/250, real avg travel time:207.31166912850813
Test step:145/250, travel time :258.1762137169278, rewards:-5.099015712738037, queue:1.7044973373413086, delay:0.14940617978572845, throughput:3893
step:3600/3600, q_loss:-5.325127454448698e-07, rewards:-3.067326545715332, queue:1.2333333492279053, delay:0.13638664782047272, throughput:4071
episode:146/250, real avg travel time:211.8457381478752
step:3600/3600, q_loss:-3.9745073687906064e-06, rewards:-3.1135005950927734, queue:1.2624338865280151, delay:0.1375296264886856, throughput:4066
episode:147/250, real avg travel time:210.32316773241516
step:3600/3600, q_loss:1.072793165803887e-05, rewards:-3.108682632446289, queue:1.244444489479065, delay:0.13729844987392426, throughput:4055
episode:148/250, real avg travel time:212.6826140567201
step:3600/3600, q_loss:2.3749735393923604e-06, rewards:-2.7718491554260254, queue:1.125925898551941, delay:0.13068333268165588, throughput:4067
episode:149/250, real avg travel time:204.665355298746
step:3600/3600, q_loss:1.6437303808440145e-06, rewards:-2.9976022243499756, queue:1.2088624238967896, delay:0.13257107138633728, throughput:4071
episode:150/250, real avg travel time:208.01154507492018
Test step:150/250, travel time :203.80824944758163, rewards:-2.6254899501800537, queue:1.1281746625900269, delay:0.13136783242225647, throughput:4073
step:3600/3600, q_loss:1.1552281244399232e-06, rewards:-2.7158193588256836, queue:1.112830638885498, delay:0.1310374140739441, throughput:4072
episode:151/250, real avg travel time:204.7352652259332
step:3600/3600, q_loss:5.407696719177895e-06, rewards:-2.7990777492523193, queue:1.1566137075424194, delay:0.13112984597682953, throughput:4061
episode:152/250, real avg travel time:209.0573750307806
step:3600/3600, q_loss:6.466438531384079e-06, rewards:-2.9189627170562744, queue:1.1870369911193848, delay:0.13443110883235931, throughput:4069
episode:153/250, real avg travel time:206.22290489063653
step:3600/3600, q_loss:-9.032431181468483e-07, rewards:-2.8786377906799316, queue:1.1632275581359863, delay:0.13379475474357605, throughput:4065
episode:154/250, real avg travel time:204.0157441574416
step:3600/3600, q_loss:4.6234895328072726e-05, rewards:-3.484330177307129, queue:1.3316137790679932, delay:0.13717591762542725, throughput:4036
episode:155/250, real avg travel time:222.87338949454906
Test step:155/250, travel time :203.07773418342325, rewards:-2.682307243347168, queue:1.1462962627410889, delay:0.13450001180171967, throughput:4078
step:3600/3600, q_loss:-2.1976812907572215e-06, rewards:-2.876417636871338, queue:1.1464285850524902, delay:0.13285678625106812, throughput:4064
episode:156/250, real avg travel time:205.23720472440945
step:3600/3600, q_loss:5.80403870521372e-06, rewards:-2.8552486896514893, queue:1.1433862447738647, delay:0.132530078291893, throughput:4059
episode:157/250, real avg travel time:204.3431879773343
step:3600/3600, q_loss:1.3040042863900049e-05, rewards:-2.723067045211792, queue:1.1205025911331177, delay:0.12947918474674225, throughput:4068
episode:158/250, real avg travel time:204.99680432645033
step:3600/3600, q_loss:2.1852194347755157e-06, rewards:-2.7586710453033447, queue:1.1341270208358765, delay:0.1312658190727234, throughput:4076
episode:159/250, real avg travel time:202.92198233562317
step:3600/3600, q_loss:1.7679101640371502e-05, rewards:-3.150545835494995, queue:1.2478835582733154, delay:0.13471227884292603, throughput:4072
episode:160/250, real avg travel time:213.55427308447938
Test step:160/250, travel time :208.38992628992628, rewards:-3.122713804244995, queue:1.2129629850387573, delay:0.1340494006872177, throughput:4070
step:3600/3600, q_loss:1.3629439450192472e-05, rewards:-2.681830406188965, queue:1.0977513790130615, delay:0.12668341398239136, throughput:4068
episode:161/250, real avg travel time:200.23623402163224
step:3600/3600, q_loss:4.751972260742655e-06, rewards:-2.7587475776672363, queue:1.1335978507995605, delay:0.13046453893184662, throughput:4072
episode:162/250, real avg travel time:204.73501964636543
step:3600/3600, q_loss:3.964322725854193e-06, rewards:-2.8825266361236572, queue:1.172619104385376, delay:0.13144174218177795, throughput:4072
episode:163/250, real avg travel time:203.41257367387033
step:3600/3600, q_loss:9.155179092582937e-06, rewards:-2.6594791412353516, queue:1.1062169075012207, delay:0.12945838272571564, throughput:4065
episode:164/250, real avg travel time:202.31537515375155
step:3600/3600, q_loss:1.0403945351653318e-05, rewards:-2.5102648735046387, queue:1.061904788017273, delay:0.12814907729625702, throughput:4070
episode:165/250, real avg travel time:201.51916461916463
Test step:165/250, travel time :201.1684262214584, rewards:-2.6637115478515625, queue:1.1056878566741943, delay:0.1322336047887802, throughput:4073
New best TEST travel time 201.1684 at episode 165, saved as best checkpoint
step:3600/3600, q_loss:8.493478768893207e-07, rewards:-2.7124581336975098, queue:1.1182539463043213, delay:0.1298328936100006, throughput:4067
episode:166/250, real avg travel time:202.34743053848047
step:3600/3600, q_loss:3.6683457842122556e-06, rewards:-2.565889596939087, queue:1.0771163702011108, delay:0.1283293217420578, throughput:4068
episode:167/250, real avg travel time:202.16691248770894
step:3600/3600, q_loss:4.363480305376773e-07, rewards:-2.574068069458008, queue:1.0753967761993408, delay:0.12583205103874207, throughput:4067
episode:168/250, real avg travel time:206.27612490779444
step:3600/3600, q_loss:4.368246825631811e-06, rewards:-2.81052827835083, queue:1.143650770187378, delay:0.13113489747047424, throughput:4073
episode:169/250, real avg travel time:206.18782224404615
step:3600/3600, q_loss:7.562770002146459e-06, rewards:-2.872270345687866, queue:1.1694444417953491, delay:0.13525857031345367, throughput:4066
episode:170/250, real avg travel time:203.05238563698967
Test step:170/250, travel time :203.13888888888889, rewards:-2.739589214324951, queue:1.1428571939468384, delay:0.13393980264663696, throughput:4068
step:3600/3600, q_loss:-9.613667821718588e-07, rewards:-2.6159796714782715, queue:1.0849206447601318, delay:0.1280968189239502, throughput:4067
episode:171/250, real avg travel time:201.84779936070814
step:3600/3600, q_loss:7.017296957201324e-06, rewards:-2.691969394683838, queue:1.1052910089492798, delay:0.13000419735908508, throughput:4070
episode:172/250, real avg travel time:202.23120393120394
step:3600/3600, q_loss:4.326119471645345e-05, rewards:-3.2305073738098145, queue:1.2396825551986694, delay:0.13588127493858337, throughput:4067
episode:173/250, real avg travel time:213.16646176542906
step:3600/3600, q_loss:3.805046112069653e-06, rewards:-2.7421064376831055, queue:1.1085978746414185, delay:0.1298704445362091, throughput:4065
episode:174/250, real avg travel time:203.60172201722017
step:3600/3600, q_loss:7.4468731731435075e-06, rewards:-2.8100192546844482, queue:1.1546295881271362, delay:0.1335567831993103, throughput:4064
episode:175/250, real avg travel time:203.52780511811022
Test step:175/250, travel time :202.3373434814633, rewards:-2.711871385574341, queue:1.1265872716903687, delay:0.13439054787158966, throughput:4073
step:3600/3600, q_loss:7.033998069042961e-07, rewards:-2.6140897274017334, queue:1.1006613969802856, delay:0.13100457191467285, throughput:4068
episode:176/250, real avg travel time:204.1816617502458
step:3600/3600, q_loss:8.499259112997808e-07, rewards:-2.6876156330108643, queue:1.0862433910369873, delay:0.13024741411209106, throughput:4075
episode:177/250, real avg travel time:203.47042944785275
step:3600/3600, q_loss:1.7017158461385408e-05, rewards:-3.072587013244629, queue:1.181746006011963, delay:0.13123168051242828, throughput:4075
episode:178/250, real avg travel time:208.41374233128835
step:3600/3600, q_loss:5.0031409045914185e-06, rewards:-2.723142385482788, queue:1.0992063283920288, delay:0.12910830974578857, throughput:4076
episode:179/250, real avg travel time:201.2963689892051
step:3600/3600, q_loss:4.421287675439898e-05, rewards:-3.2043464183807373, queue:1.1828042268753052, delay:0.1314646601676941, throughput:4072
episode:180/250, real avg travel time:214.05820235756386
Test step:180/250, travel time :203.6153279292557, rewards:-2.5423762798309326, queue:1.0621693134307861, delay:0.1274937391281128, throughput:4071
step:3600/3600, q_loss:8.027843634610893e-06, rewards:-2.7913122177124023, queue:1.1227513551712036, delay:0.13266287744045258, throughput:4071
episode:181/250, real avg travel time:203.03291574551707
step:3600/3600, q_loss:2.2559863686587453e-06, rewards:-2.8247029781341553, queue:1.140079379081726, delay:0.13158875703811646, throughput:4070
episode:182/250, real avg travel time:203.92334152334152
step:3600/3600, q_loss:-6.347585844600366e-09, rewards:-2.742791175842285, queue:1.1137566566467285, delay:0.13127854466438293, throughput:4071
episode:183/250, real avg travel time:203.12576762466225
step:3600/3600, q_loss:1.148384908447042e-05, rewards:-2.7016782760620117, queue:1.082275152206421, delay:0.12794435024261475, throughput:4065
episode:184/250, real avg travel time:203.60664206642068
step:3600/3600, q_loss:2.0459911845844344e-05, rewards:-3.2230939865112305, queue:1.2613756656646729, delay:0.1343347728252411, throughput:3998
episode:185/250, real avg travel time:215.05302651325664
Test step:185/250, travel time :204.00861220472441, rewards:-2.512118101119995, queue:1.0730159282684326, delay:0.12920509278774261, throughput:4064
step:3600/3600, q_loss:-1.515617663648704e-06, rewards:-2.6510300636291504, queue:1.0884920358657837, delay:0.13129344582557678, throughput:4068
episode:186/250, real avg travel time:205.68289085545723
step:3600/3600, q_loss:1.086970114556607e-05, rewards:-2.7003142833709717, queue:1.095105767250061, delay:0.12812386453151703, throughput:4069
episode:187/250, real avg travel time:207.3654460555419
step:3600/3600, q_loss:9.41940508912214e-06, rewards:-2.6596570014953613, queue:1.0744708776474, delay:0.12886682152748108, throughput:4060
episode:188/250, real avg travel time:205.32142857142858
step:3600/3600, q_loss:4.0034239646047355e-06, rewards:-2.872030019760132, queue:1.1396825313568115, delay:0.13146443665027618, throughput:4067
episode:189/250, real avg travel time:204.62208015736414
step:3600/3600, q_loss:6.2847136076824325e-06, rewards:-2.694622278213501, queue:1.091269850730896, delay:0.1266300529241562, throughput:4071
episode:190/250, real avg travel time:205.5539179562761
Test step:190/250, travel time :201.5484267453294, rewards:-2.3821215629577637, queue:1.0287036895751953, delay:0.12783227860927582, throughput:4068
step:3600/3600, q_loss:1.1031868133512843e-05, rewards:-2.9163928031921387, queue:1.1537036895751953, delay:0.12867964804172516, throughput:4071
episode:191/250, real avg travel time:211.1542618521248
step:3600/3600, q_loss:1.6396531039693705e-05, rewards:-3.0619442462921143, queue:1.2009259462356567, delay:0.13289371132850647, throughput:4073
episode:192/250, real avg travel time:216.2172845568377
step:3600/3600, q_loss:2.230979904804068e-05, rewards:-3.195568799972534, queue:1.2051587104797363, delay:0.13157552480697632, throughput:4065
episode:193/250, real avg travel time:222.56555965559656
step:3600/3600, q_loss:7.065127647365443e-06, rewards:-2.577129364013672, queue:1.0772486925125122, delay:0.12781882286071777, throughput:4076
episode:194/250, real avg travel time:202.2325809617272
step:3600/3600, q_loss:6.078989948340071e-06, rewards:-2.691004514694214, queue:1.1058200597763062, delay:0.13014325499534607, throughput:4071
episode:195/250, real avg travel time:205.13927781871777
Test step:195/250, travel time :216.96687116564416, rewards:-3.3199164867401123, queue:1.2402116060256958, delay:0.13057349622249603, throughput:4075
step:3600/3600, q_loss:-5.876723056038221e-07, rewards:-2.72880220413208, queue:1.1074074506759644, delay:0.12912879884243011, throughput:4067
episode:196/250, real avg travel time:205.53946397836242
step:3600/3600, q_loss:1.047615983730389e-05, rewards:-2.721353769302368, queue:1.1234127283096313, delay:0.13018232583999634, throughput:4065
episode:197/250, real avg travel time:205.36334563345633
step:3600/3600, q_loss:4.162728388716156e-06, rewards:-2.757143497467041, queue:1.1043651103973389, delay:0.12907111644744873, throughput:4072
episode:198/250, real avg travel time:205.54985265225932
step:3600/3600, q_loss:6.979854434676882e-08, rewards:-2.644962787628174, queue:1.0996031761169434, delay:0.13102303445339203, throughput:4061
episode:199/250, real avg travel time:206.2282688992859
step:3600/3600, q_loss:-3.06696448306967e-07, rewards:-2.651899814605713, queue:1.107275128364563, delay:0.13154660165309906, throughput:4068
episode:200/250, real avg travel time:209.14331366764995
Test step:200/250, travel time :242.17544297479412, rewards:-3.802510976791382, queue:1.2933862209320068, delay:0.13541536033153534, throughput:4007
step:3600/3600, q_loss:-5.966717758888585e-07, rewards:-2.810927629470825, queue:1.1399470567703247, delay:0.1327340453863144, throughput:4062
episode:201/250, real avg travel time:209.15509601181685
step:3600/3600, q_loss:4.33410496043507e-05, rewards:-3.504566192626953, queue:1.2546296119689941, delay:0.13384859263896942, throughput:4008
episode:202/250, real avg travel time:219.68038922155688
step:3600/3600, q_loss:-2.1487844302707042e-06, rewards:-2.893523931503296, queue:1.1605820655822754, delay:0.13286760449409485, throughput:4062
episode:203/250, real avg travel time:211.82890201870998
step:3600/3600, q_loss:5.325840599349855e-06, rewards:-2.6558451652526855, queue:1.0896825790405273, delay:0.130487322807312, throughput:4063
episode:204/250, real avg travel time:207.8306669948314
step:3600/3600, q_loss:1.945394974932747e-05, rewards:-3.360740900039673, queue:1.2433862686157227, delay:0.1335948258638382, throughput:4020
episode:205/250, real avg travel time:221.43009950248756
Test step:205/250, travel time :218.3176993334979, rewards:-2.753603458404541, queue:1.0935184955596924, delay:0.12901994585990906, throughput:4051
step:3600/3600, q_loss:2.1575919365406864e-06, rewards:-3.2131690979003906, queue:1.185978889465332, delay:0.13361239433288574, throughput:4064
episode:206/250, real avg travel time:211.8626968503937
step:3600/3600, q_loss:1.0538766865566787e-05, rewards:-2.7950327396392822, queue:1.1273809671401978, delay:0.12987926602363586, throughput:4076
episode:207/250, real avg travel time:211.38125613346418
step:3600/3600, q_loss:9.467242246804138e-06, rewards:-3.041530132293701, queue:1.2120370864868164, delay:0.1339925080537796, throughput:4067
episode:208/250, real avg travel time:217.52225227440374
step:3600/3600, q_loss:7.086237342769487e-06, rewards:-2.544372797012329, queue:1.0879629850387573, delay:0.1299528181552887, throughput:4073
episode:209/250, real avg travel time:206.53695065062607
step:3600/3600, q_loss:9.082974995382958e-06, rewards:-2.9029479026794434, queue:1.1654762029647827, delay:0.1312740445137024, throughput:4070
episode:210/250, real avg travel time:211.92702702702704
Test step:210/250, travel time :241.16256157635468, rewards:-2.8914313316345215, queue:1.108994722366333, delay:0.13248562812805176, throughput:4060
step:3600/3600, q_loss:1.7325853049341175e-05, rewards:-3.086759090423584, queue:1.234920620918274, delay:0.13524265587329865, throughput:4064
episode:211/250, real avg travel time:219.05388779527559
step:3600/3600, q_loss:-1.600446557858959e-06, rewards:-2.7408316135406494, queue:1.1264550685882568, delay:0.1331370323896408, throughput:4068
episode:212/250, real avg travel time:212.1413470993117
step:3600/3600, q_loss:5.054270433093835e-06, rewards:-2.8036091327667236, queue:1.12156081199646, delay:0.1294821798801422, throughput:4064
episode:213/250, real avg travel time:210.86220472440945
step:3600/3600, q_loss:5.465579225629982e-06, rewards:-3.22078275680542, queue:1.251190423965454, delay:0.13729499280452728, throughput:4058
episode:214/250, real avg travel time:228.87284376540168
step:3600/3600, q_loss:2.6232415418942563e-06, rewards:-2.7669930458068848, queue:1.1119047403335571, delay:0.13007886707782745, throughput:4057
episode:215/250, real avg travel time:211.69115109686962
Test step:215/250, travel time :240.8733053980774, rewards:-3.5379035472869873, queue:1.3152116537094116, delay:0.1340092271566391, throughput:4057
step:3600/3600, q_loss:3.264800579927396e-06, rewards:-2.6010823249816895, queue:1.0765873193740845, delay:0.12838046252727509, throughput:4070
episode:216/250, real avg travel time:208.2036855036855
step:3600/3600, q_loss:-6.934919939441089e-07, rewards:-2.577106475830078, queue:1.0826719999313354, delay:0.12933969497680664, throughput:4063
episode:217/250, real avg travel time:206.57420625153827
step:3600/3600, q_loss:-4.5511504544669555e-06, rewards:-2.7458431720733643, queue:1.127645492553711, delay:0.12964630126953125, throughput:4073
episode:218/250, real avg travel time:209.53302234225387
step:3600/3600, q_loss:-2.914592591373043e-07, rewards:-2.6099746227264404, queue:1.0768518447875977, delay:0.12647376954555511, throughput:4062
episode:219/250, real avg travel time:205.45100935499755
step:3600/3600, q_loss:3.318833478260785e-07, rewards:-2.700538396835327, queue:1.098544955253601, delay:0.12791796028614044, throughput:4064
episode:220/250, real avg travel time:206.87942913385828
Test step:220/250, travel time :202.33889980353635, rewards:-2.509747266769409, queue:1.04708993434906, delay:0.12776309251785278, throughput:4072
step:3600/3600, q_loss:2.0434995328994573e-05, rewards:-3.2114861011505127, queue:1.2369047403335571, delay:0.13444221019744873, throughput:4063
episode:221/250, real avg travel time:220.88186069406842
step:3600/3600, q_loss:3.9251962961215115e-05, rewards:-3.358107805252075, queue:1.1978836059570312, delay:0.13196961581707, throughput:4067
episode:222/250, real avg travel time:218.5106958446029
step:3600/3600, q_loss:1.0679492091488403e-05, rewards:-2.693887233734131, queue:1.0917989015579224, delay:0.12803879380226135, throughput:4069
episode:223/250, real avg travel time:206.3040058982551
step:3600/3600, q_loss:0.00015503825521187133, rewards:-4.304777145385742, queue:1.4460316896438599, delay:0.1383669525384903, throughput:4071
episode:224/250, real avg travel time:236.48931466470154
step:3600/3600, q_loss:5.4698424113060655e-06, rewards:-2.723337411880493, queue:1.0879629850387573, delay:0.12744338810443878, throughput:4069
episode:225/250, real avg travel time:206.45244531826
Test step:225/250, travel time :217.57416502946955, rewards:-3.0497491359710693, queue:1.2175925970077515, delay:0.13707688450813293, throughput:4072
step:3600/3600, q_loss:9.325408245786094e-06, rewards:-2.7343194484710693, queue:1.1009259223937988, delay:0.12816976010799408, throughput:4078
episode:226/250, real avg travel time:207.4749877390878
step:3600/3600, q_loss:-1.0152030477507247e-07, rewards:-2.703967809677124, queue:1.1014549732208252, delay:0.12888850271701813, throughput:4060
episode:227/250, real avg travel time:206.18546798029556
step:3600/3600, q_loss:1.8410250575268744e-05, rewards:-3.1779494285583496, queue:1.210714340209961, delay:0.13496536016464233, throughput:4058
episode:228/250, real avg travel time:224.05840315426317
step:3600/3600, q_loss:4.840036086130163e-06, rewards:-2.7799532413482666, queue:1.1287037134170532, delay:0.1324484795331955, throughput:4056
episode:229/250, real avg travel time:206.99679487179486
step:3600/3600, q_loss:1.3014912999804236e-05, rewards:-2.798593759536743, queue:1.1146825551986694, delay:0.1311776489019394, throughput:4059
episode:230/250, real avg travel time:207.31485587583148
Test step:230/250, travel time :203.85959744722632, rewards:-2.515441656112671, queue:1.065740704536438, delay:0.13025355339050293, throughput:4074
step:3600/3600, q_loss:2.6101894036401064e-06, rewards:-2.661778450012207, queue:1.1003968715667725, delay:0.13068191707134247, throughput:4071
episode:231/250, real avg travel time:203.14050601817735
step:3600/3600, q_loss:3.428541498983072e-05, rewards:-3.6499216556549072, queue:1.3301587104797363, delay:0.13991183042526245, throughput:3973
episode:232/250, real avg travel time:223.45205134658949
step:3600/3600, q_loss:1.2069346848875284e-05, rewards:-3.0479750633239746, queue:1.1743385791778564, delay:0.1317807286977768, throughput:4068
episode:233/250, real avg travel time:214.21411012782696
step:3600/3600, q_loss:-3.624913652957831e-06, rewards:-2.6634044647216797, queue:1.0906084775924683, delay:0.13174287974834442, throughput:4062
episode:234/250, real avg travel time:203.86115214180208
step:3600/3600, q_loss:-3.3090671624652006e-06, rewards:-2.8572778701782227, queue:1.1324074268341064, delay:0.131622776389122, throughput:4067
episode:235/250, real avg travel time:208.46643717728054
Test step:235/250, travel time :204.72380718150515, rewards:-2.475275754928589, queue:1.047619104385376, delay:0.12656328082084656, throughput:4066
step:3600/3600, q_loss:3.268009701666112e-07, rewards:-2.881147623062134, queue:1.1125661134719849, delay:0.1279859095811844, throughput:4058
episode:236/250, real avg travel time:206.2944800394283
step:3600/3600, q_loss:1.7457455720028115e-06, rewards:-2.6665875911712646, queue:1.0974867343902588, delay:0.13105395436286926, throughput:4069
episode:237/250, real avg travel time:209.64512165151143
step:3600/3600, q_loss:5.950571762190925e-06, rewards:-2.865910768508911, queue:1.1308201551437378, delay:0.13114120066165924, throughput:4079
episode:238/250, real avg travel time:214.9151752880608
step:3600/3600, q_loss:7.334330681866655e-06, rewards:-3.057945728302002, queue:1.1977512836456299, delay:0.13502153754234314, throughput:4061
episode:239/250, real avg travel time:233.97069687269146
step:3600/3600, q_loss:5.942559639354133e-06, rewards:-2.780409097671509, queue:1.1178570985794067, delay:0.12784062325954437, throughput:4066
episode:240/250, real avg travel time:214.1323167732415
Test step:240/250, travel time :206.49593295538574, rewards:-2.398489475250244, queue:1.0025131702423096, delay:0.12297915667295456, throughput:4057
step:3600/3600, q_loss:7.814651002667638e-06, rewards:-2.9516265392303467, queue:1.1632275581359863, delay:0.13085179030895233, throughput:4055
episode:241/250, real avg travel time:213.7849568434032
step:3600/3600, q_loss:5.488533998787817e-05, rewards:-3.2422163486480713, queue:1.2256613969802856, delay:0.13223211467266083, throughput:4052
episode:242/250, real avg travel time:216.9432379072063
step:3600/3600, q_loss:1.2165147765901768e-05, rewards:-2.697208881378174, queue:1.0603175163269043, delay:0.1251477152109146, throughput:4071
episode:243/250, real avg travel time:206.41316629820682
step:3600/3600, q_loss:-2.344012763286527e-06, rewards:-2.669982671737671, queue:1.0595238208770752, delay:0.12635646760463715, throughput:4051
episode:244/250, real avg travel time:206.8933596642804
step:3600/3600, q_loss:-5.709310951513341e-07, rewards:-2.526003122329712, queue:1.0555555820465088, delay:0.12770619988441467, throughput:4070
episode:245/250, real avg travel time:207.42113022113023
Test step:245/250, travel time :216.2329207920792, rewards:-2.833397388458252, queue:1.115079402923584, delay:0.13269948959350586, throughput:4040
step:3600/3600, q_loss:5.1769564177245935e-05, rewards:-4.415580749511719, queue:1.5174603462219238, delay:0.14439447224140167, throughput:4065
episode:246/250, real avg travel time:247.0140221402214
step:3600/3600, q_loss:1.2589869341657807e-05, rewards:-2.9063305854797363, queue:1.1285713911056519, delay:0.12925876677036285, throughput:4055
episode:247/250, real avg travel time:210.41331689272502
step:3600/3600, q_loss:1.0759592825909043e-05, rewards:-2.879687547683716, queue:1.1314815282821655, delay:0.12884452939033508, throughput:4045
episode:248/250, real avg travel time:212.85636588380717
step:3600/3600, q_loss:5.709280028693482e-06, rewards:-2.7835958003997803, queue:1.0837301015853882, delay:0.12848882377147675, throughput:4064
episode:249/250, real avg travel time:211.98425196850394
Hyperparameters saved to: data/output_data/tsc/sumo_hyperlight_mappo/sumo1x21/c8struct_sumo1x21_seed4/hyperparameters.json
Loaded best checkpoint for final evaluation
Final Travel Time is 201.1684, mean rewards: -2.6637, queue: 1.1057, delay: 0.1322, throughput: 4073
Total time taken: 15136.670006513596
