hyperlight_mappo	TRAIN	0	741.9852	0.002907	-21.5451	16.0910	0.1248	2399
hyperlight_mappo	TEST	0	1258.2491	0.002907	-64.1023	48.1802	0.2785	1922
hyperlight_mappo	TRAIN	1	669.3751	0.002194	-19.6392	14.6398	0.1221	2514
hyperlight_mappo	TRAIN	2	651.9893	0.002040	-18.9969	14.1547	0.1246	2584
hyperlight_mappo	TRAIN	3	668.1827	0.002169	-20.7887	15.5203	0.1232	2542
hyperlight_mappo	TRAIN	4	610.4851	0.001614	-18.4085	13.7109	0.1320	2674
hyperlight_mappo	TRAIN	5	645.6507	0.001734	-18.8631	14.0528	0.1254	2566
hyperlight_mappo	TEST	5	1173.0436	0.001734	-66.4826	49.9646	0.2780	2266
hyperlight_mappo	TRAIN	6	592.0325	0.001143	-15.6421	11.6241	0.1221	2654
hyperlight_mappo	TRAIN	7	567.2477	0.000936	-14.9236	11.0776	0.1266	2655
hyperlight_mappo	TRAIN	8	567.3252	0.000802	-14.4439	10.7411	0.1261	2675
hyperlight_mappo	TRAIN	9	533.1341	0.000654	-13.1488	9.7514	0.1255	2763
hyperlight_mappo	TRAIN	10	527.5437	0.000533	-12.3998	9.1981	0.1215	2739
hyperlight_mappo	TEST	10	1165.7295	0.000533	-66.0356	49.6432	0.2825	2202
hyperlight_mappo	TRAIN	11	509.7472	0.000439	-11.7448	8.7059	0.1191	2758
hyperlight_mappo	TRAIN	12	488.3724	0.000355	-10.9837	8.1250	0.1214	2795
hyperlight_mappo	TRAIN	13	427.3584	0.000103	-8.2728	6.0809	0.1321	2897
hyperlight_mappo	TRAIN	14	399.2313	-0.000005	-6.6910	4.8892	0.1294	2921
hyperlight_mappo	TRAIN	15	394.7549	-0.000006	-6.4455	4.6974	0.1260	2913
hyperlight_mappo	TEST	15	1085.1079	-0.000006	-59.4244	44.6656	0.2825	2440
hyperlight_mappo	TRAIN	16	386.5005	-0.000046	-6.0486	4.4049	0.1309	2915
hyperlight_mappo	TRAIN	17	371.8686	-0.000052	-5.1154	3.7012	0.1262	2911
hyperlight_mappo	TRAIN	18	370.9313	-0.000027	-4.9976	3.6049	0.1163	2917
hyperlight_mappo	TRAIN	19	368.2853	-0.000043	-4.8205	3.4689	0.1170	2920
hyperlight_mappo	TRAIN	20	365.9413	-0.000038	-4.5748	3.2974	0.1113	2924
hyperlight_mappo	TEST	20	795.2501	-0.000038	-38.9105	29.2300	0.2738	2630
hyperlight_mappo	TRAIN	21	358.6768	-0.000047	-4.1827	2.9898	0.1119	2929
hyperlight_mappo	TRAIN	22	357.6725	-0.000050	-4.1429	2.9712	0.1108	2922
hyperlight_mappo	TRAIN	23	357.8150	-0.000046	-4.1115	2.9425	0.1102	2924
hyperlight_mappo	TRAIN	24	356.6949	-0.000048	-4.0794	2.9179	0.1077	2917
hyperlight_mappo	TRAIN	25	355.1381	-0.000050	-3.9609	2.8260	0.1091	2928
hyperlight_mappo	TEST	25	788.6815	-0.000050	-38.4289	28.8550	0.2699	2632
hyperlight_mappo	TRAIN	26	352.1328	-0.000046	-3.7680	2.6885	0.1084	2928
hyperlight_mappo	TRAIN	27	352.4844	-0.000041	-3.8178	2.7207	0.1079	2923
hyperlight_mappo	TRAIN	28	352.7905	-0.000041	-3.8218	2.7201	0.1105	2917
hyperlight_mappo	TRAIN	29	350.5991	-0.000046	-3.6370	2.5811	0.1054	2928
hyperlight_mappo	TRAIN	30	349.6530	-0.000054	-3.6164	2.5677	0.1090	2927
hyperlight_mappo	TEST	30	595.7858	-0.000054	-23.2226	17.3740	0.2371	2770
hyperlight_mappo	TRAIN	31	343.7104	-0.000055	-3.1694	2.2300	0.0999	2931
hyperlight_mappo	TRAIN	32	346.0955	-0.000047	-3.3265	2.3460	0.1026	2924
hyperlight_mappo	TRAIN	33	343.3627	-0.000050	-3.1478	2.2130	0.0984	2929
hyperlight_mappo	TRAIN	34	341.5927	-0.000050	-3.0334	2.1288	0.0966	2931
hyperlight_mappo	TRAIN	35	342.3362	-0.000043	-3.0927	2.1743	0.0958	2924
hyperlight_mappo	TEST	35	381.3242	-0.000043	-6.3074	4.6208	0.1603	2905
hyperlight_mappo	TRAIN	36	338.7506	-0.000037	-2.8388	1.9813	0.0934	2932
hyperlight_mappo	TRAIN	37	338.2263	-0.000051	-2.8228	1.9693	0.0910	2917
hyperlight_mappo	TRAIN	38	336.9645	-0.000045	-2.7013	1.8778	0.0885	2932
hyperlight_mappo	TRAIN	39	335.8927	-0.000053	-2.6321	1.8339	0.0842	2931
hyperlight_mappo	TRAIN	40	335.0288	-0.000043	-2.5934	1.8023	0.0871	2930
hyperlight_mappo	TEST	40	329.9846	-0.000043	-2.3181	1.6201	0.0895	2931
hyperlight_mappo	TRAIN	41	334.0114	-0.000049	-2.5201	1.7549	0.0833	2932
hyperlight_mappo	TRAIN	42	332.9792	-0.000033	-2.4258	1.6783	0.0827	2930
hyperlight_mappo	TRAIN	43	332.8461	-0.000046	-2.4378	1.6936	0.0836	2928
hyperlight_mappo	TRAIN	44	330.8569	-0.000045	-2.3073	1.5885	0.0794	2930
hyperlight_mappo	TRAIN	45	331.3423	-0.000046	-2.3341	1.6095	0.0815	2931
hyperlight_mappo	TEST	45	326.5028	-0.000046	-2.0560	1.4205	0.0785	2932
hyperlight_mappo	TRAIN	46	330.4314	-0.000030	-2.2821	1.5771	0.0801	2932
hyperlight_mappo	TRAIN	47	329.5820	-0.000041	-2.2184	1.5283	0.0770	2929
hyperlight_mappo	TRAIN	48	330.1150	-0.000037	-2.2299	1.5372	0.0791	2931
hyperlight_mappo	TRAIN	49	329.9695	-0.000037	-2.2011	1.5128	0.0762	2928
hyperlight_mappo	TRAIN	50	328.2843	-0.000039	-2.1101	1.4406	0.0753	2930
hyperlight_mappo	TEST	50	324.3426	-0.000039	-1.8658	1.2705	0.0728	2933
hyperlight_mappo	TRAIN	51	328.3637	-0.000028	-2.1071	1.4457	0.0735	2930
hyperlight_mappo	TRAIN	52	327.9749	-0.000030	-2.0835	1.4253	0.0734	2931
hyperlight_mappo	TRAIN	53	327.5773	-0.000038	-2.0625	1.4092	0.0753	2932
hyperlight_mappo	TRAIN	54	329.2149	-0.000031	-2.1354	1.4609	0.0725	2932
hyperlight_mappo	TRAIN	55	329.1840	-0.000036	-2.1309	1.4509	0.0724	2931
hyperlight_mappo	TEST	55	323.7231	-0.000036	-1.7972	1.2170	0.0672	2930
hyperlight_mappo	TRAIN	56	327.1884	-0.000020	-2.0225	1.3795	0.0701	2932
hyperlight_mappo	TRAIN	57	328.2756	-0.000029	-2.0776	1.4106	0.0713	2933
hyperlight_mappo	TRAIN	58	326.4274	-0.000029	-1.9550	1.3260	0.0696	2933
hyperlight_mappo	TRAIN	59	326.6799	-0.000028	-1.9744	1.3420	0.0705	2930
hyperlight_mappo	TRAIN	60	326.3550	-0.000038	-1.9660	1.3328	0.0688	2930
hyperlight_mappo	TEST	60	322.4854	-0.000038	-1.7161	1.1578	0.0655	2932
hyperlight_mappo	TRAIN	61	327.0888	-0.000029	-1.9906	1.3549	0.0699	2932
hyperlight_mappo	TRAIN	62	326.2906	-0.000040	-1.9450	1.3212	0.0687	2931
hyperlight_mappo	TRAIN	63	324.2759	-0.000035	-1.8034	1.2210	0.0643	2932
hyperlight_mappo	TRAIN	64	326.4861	-0.000028	-1.9593	1.3299	0.0698	2930
hyperlight_mappo	TRAIN	65	325.7643	-0.000036	-1.9024	1.2861	0.0675	2931
hyperlight_mappo	TEST	65	322.3094	-0.000036	-1.6884	1.1339	0.0635	2932
hyperlight_mappo	TRAIN	66	326.3309	-0.000029	-1.9485	1.3290	0.0681	2928
hyperlight_mappo	TRAIN	67	325.5035	-0.000037	-1.8939	1.2856	0.0673	2932
hyperlight_mappo	TRAIN	68	325.1220	-0.000033	-1.8749	1.2679	0.0680	2932
hyperlight_mappo	TRAIN	69	325.8676	-0.000021	-1.9053	1.2939	0.0661	2930
hyperlight_mappo	TRAIN	70	326.6436	-0.000026	-1.9592	1.3278	0.0669	2931
hyperlight_mappo	TEST	70	323.4408	-0.000026	-1.7509	1.1760	0.0623	2932
hyperlight_mappo	TRAIN	71	325.9095	-0.000021	-1.9150	1.2944	0.0662	2931
hyperlight_mappo	TRAIN	72	325.8237	-0.000031	-1.8907	1.2785	0.0647	2933
hyperlight_mappo	TRAIN	73	325.2776	-0.000018	-1.8829	1.2694	0.0656	2931
hyperlight_mappo	TRAIN	74	325.4894	-0.000030	-1.8576	1.2530	0.0637	2932
hyperlight_mappo	TRAIN	75	324.7570	-0.000023	-1.8304	1.2323	0.0646	2930
hyperlight_mappo	TEST	75	322.0982	-0.000023	-1.6489	1.1066	0.0593	2932
hyperlight_mappo	TRAIN	76	324.5511	-0.000030	-1.8161	1.2262	0.0642	2933
hyperlight_mappo	TRAIN	77	323.0422	-0.000025	-1.7056	1.1444	0.0598	2932
hyperlight_mappo	TRAIN	78	324.3051	-0.000024	-1.7917	1.2062	0.0652	2931
hyperlight_mappo	TRAIN	79	323.2591	-0.000021	-1.7277	1.1616	0.0623	2933
hyperlight_mappo	TRAIN	80	322.0962	-0.000027	-1.6714	1.1253	0.0624	2933
hyperlight_mappo	TEST	80	320.5267	-0.000027	-1.5549	1.0385	0.0597	2932
hyperlight_mappo	TRAIN	81	321.9930	-0.000020	-1.6648	1.1168	0.0631	2932
hyperlight_mappo	TRAIN	82	322.0888	-0.000020	-1.6625	1.1191	0.0621	2929
hyperlight_mappo	TRAIN	83	321.9169	-0.000016	-1.6397	1.1076	0.0618	2930
hyperlight_mappo	TRAIN	84	322.0241	-0.000006	-1.6517	1.1095	0.0619	2932
hyperlight_mappo	TRAIN	85	322.3362	-0.000023	-1.6668	1.1205	0.0630	2932
hyperlight_mappo	TEST	85	320.7982	-0.000023	-1.5879	1.0637	0.0614	2931
hyperlight_mappo	TRAIN	86	322.2293	-0.000030	-1.6814	1.1319	0.0628	2932
hyperlight_mappo	TRAIN	87	322.5991	-0.000017	-1.6857	1.1269	0.0625	2933
hyperlight_mappo	TRAIN	88	322.3513	-0.000033	-1.6739	1.1255	0.0622	2930
hyperlight_mappo	TRAIN	89	321.1006	-0.000014	-1.5921	1.0627	0.0584	2931
hyperlight_mappo	TRAIN	90	323.0942	-0.000014	-1.7253	1.1550	0.0641	2930
hyperlight_mappo	TEST	90	320.7593	-0.000014	-1.5765	1.0582	0.0609	2932
hyperlight_mappo	TRAIN	91	322.3456	-0.000021	-1.6655	1.1155	0.0612	2931
hyperlight_mappo	TRAIN	92	322.4911	-0.000020	-1.6954	1.1394	0.0630	2932
hyperlight_mappo	TRAIN	93	321.9454	-0.000023	-1.6611	1.1125	0.0616	2930
hyperlight_mappo	TRAIN	94	322.6554	-0.000025	-1.7058	1.1429	0.0627	2931
hyperlight_mappo	TRAIN	95	321.9614	-0.000020	-1.6341	1.0917	0.0605	2930
hyperlight_mappo	TEST	95	319.9779	-0.000020	-1.5208	1.0153	0.0591	2933
hyperlight_mappo	TRAIN	96	321.9735	-0.000028	-1.6437	1.0943	0.0616	2932
hyperlight_mappo	TRAIN	97	322.2917	-0.000025	-1.6590	1.1089	0.0614	2928
hyperlight_mappo	TRAIN	98	321.9212	0.000002	-1.6382	1.0925	0.0601	2931
hyperlight_mappo	TRAIN	99	321.2467	-0.000012	-1.5954	1.0592	0.0588	2931
hyperlight_mappo	TRAIN	100	320.6322	-0.000019	-1.5679	1.0474	0.0581	2934
hyperlight_mappo	TEST	100	318.9078	-0.000019	-1.4582	0.9674	0.0556	2932
hyperlight_mappo	TRAIN	101	320.1696	-0.000019	-1.5370	1.0236	0.0572	2932
hyperlight_mappo	TRAIN	102	321.2541	-0.000018	-1.5997	1.0708	0.0582	2933
hyperlight_mappo	TRAIN	103	320.7516	-0.000025	-1.5801	1.0556	0.0585	2930
hyperlight_mappo	TRAIN	104	320.0764	0.000009	-1.5249	1.0144	0.0565	2931
hyperlight_mappo	TRAIN	105	320.3393	-0.000021	-1.5475	1.0345	0.0571	2931
hyperlight_mappo	TEST	105	318.4908	-0.000021	-1.4253	0.9431	0.0535	2931
hyperlight_mappo	TRAIN	106	319.3362	-0.000016	-1.4943	0.9906	0.0559	2932
hyperlight_mappo	TRAIN	107	320.4807	-0.000020	-1.5526	1.0302	0.0566	2930
hyperlight_mappo	TRAIN	108	319.8870	-0.000018	-1.5180	1.0099	0.0555	2931
hyperlight_mappo	TRAIN	109	319.5431	-0.000025	-1.4970	0.9922	0.0552	2933
hyperlight_mappo	TRAIN	110	319.9621	-0.000026	-1.5239	1.0122	0.0555	2930
hyperlight_mappo	TEST	110	317.8371	-0.000026	-1.3860	0.9163	0.0520	2931
hyperlight_mappo	TRAIN	111	319.4147	-0.000017	-1.4927	0.9863	0.0553	2930
hyperlight_mappo	TRAIN	112	320.3942	-0.000010	-1.5344	1.0161	0.0553	2933
hyperlight_mappo	TRAIN	113	320.6296	-0.000030	-1.5572	1.0340	0.0568	2932
hyperlight_mappo	TRAIN	114	320.3875	-0.000025	-1.5327	1.0156	0.0564	2932
hyperlight_mappo	TRAIN	115	320.2360	-0.000017	-1.5253	1.0146	0.0557	2933
hyperlight_mappo	TEST	115	318.3486	-0.000017	-1.4118	0.9349	0.0526	2932
hyperlight_mappo	TRAIN	116	321.0409	-0.000020	-1.5703	1.0439	0.0571	2932
hyperlight_mappo	TRAIN	117	320.0808	-0.000023	-1.5276	1.0116	0.0568	2929
hyperlight_mappo	TRAIN	118	319.7855	-0.000012	-1.5008	0.9915	0.0556	2932
hyperlight_mappo	TRAIN	119	320.4425	-0.000007	-1.5403	1.0247	0.0565	2933
hyperlight_mappo	TRAIN	120	319.7774	-0.000028	-1.4903	0.9870	0.0548	2932
hyperlight_mappo	TEST	120	317.9534	-0.000028	-1.3794	0.9054	0.0522	2930
hyperlight_mappo	TRAIN	121	320.1907	-0.000022	-1.5217	1.0085	0.0555	2933
hyperlight_mappo	TRAIN	122	320.7623	-0.000023	-1.5560	1.0302	0.0578	2931
hyperlight_mappo	TRAIN	123	320.7627	-0.000013	-1.5510	1.0297	0.0565	2931
hyperlight_mappo	TRAIN	124	320.9594	-0.000018	-1.5598	1.0352	0.0561	2931
hyperlight_mappo	TRAIN	125	321.9236	-0.000010	-1.6286	1.0809	0.0592	2930
hyperlight_mappo	TEST	125	319.1763	-0.000010	-1.4356	0.9401	0.0532	2933
hyperlight_mappo	TRAIN	126	320.7439	-0.000029	-1.5482	1.0219	0.0562	2929
hyperlight_mappo	TRAIN	127	320.8049	-0.000020	-1.5379	1.0175	0.0552	2933
hyperlight_mappo	TRAIN	128	320.7606	-0.000004	-1.5298	1.0111	0.0548	2933
hyperlight_mappo	TRAIN	129	319.9507	-0.000013	-1.4935	0.9896	0.0545	2932
hyperlight_mappo	TRAIN	130	320.7010	-0.000017	-1.5380	1.0214	0.0567	2932
hyperlight_mappo	TEST	130	318.5109	-0.000017	-1.4075	0.9316	0.0520	2933
hyperlight_mappo	TRAIN	131	321.0821	-0.000013	-1.5668	1.0502	0.0577	2932
hyperlight_mappo	TRAIN	132	320.3644	-0.000010	-1.5177	1.0106	0.0547	2932
hyperlight_mappo	TRAIN	133	320.9045	-0.000022	-1.5626	1.0392	0.0578	2934
hyperlight_mappo	TRAIN	134	320.6379	-0.000016	-1.5445	1.0323	0.0559	2931
hyperlight_mappo	TRAIN	135	320.3751	-0.000021	-1.5316	1.0200	0.0564	2932
hyperlight_mappo	TEST	135	317.6014	-0.000021	-1.3653	0.9002	0.0517	2932
hyperlight_mappo	TRAIN	136	319.3393	-0.000029	-1.4825	0.9852	0.0553	2931
hyperlight_mappo	TRAIN	137	320.3292	-0.000021	-1.5419	1.0214	0.0574	2931
hyperlight_mappo	TRAIN	138	320.6329	-0.000006	-1.5480	1.0271	0.0568	2933
hyperlight_mappo	TRAIN	139	319.6309	-0.000021	-1.4887	0.9892	0.0555	2931
hyperlight_mappo	TRAIN	140	320.0419	-0.000010	-1.5210	1.0144	0.0569	2933
hyperlight_mappo	TEST	140	318.6447	-0.000010	-1.4202	0.9375	0.0526	2932
hyperlight_mappo	TRAIN	141	320.0603	-0.000024	-1.5152	1.0030	0.0561	2928
hyperlight_mappo	TRAIN	142	320.2913	-0.000025	-1.5180	1.0035	0.0561	2932
hyperlight_mappo	TRAIN	143	320.0644	-0.000020	-1.5133	1.0014	0.0555	2931
hyperlight_mappo	TRAIN	144	318.9387	-0.000018	-1.4487	0.9583	0.0544	2932
hyperlight_mappo	TRAIN	145	319.6514	-0.000024	-1.4711	0.9752	0.0543	2931
hyperlight_mappo	TEST	145	317.6141	-0.000024	-1.3597	0.8894	0.0509	2931
hyperlight_mappo	TRAIN	146	319.6195	-0.000011	-1.4845	0.9845	0.0549	2932
hyperlight_mappo	TRAIN	147	319.4747	-0.000013	-1.4781	0.9783	0.0549	2933
hyperlight_mappo	TRAIN	148	319.1636	-0.000014	-1.4489	0.9556	0.0528	2932
hyperlight_mappo	TRAIN	149	320.7057	-0.000019	-1.5308	1.0134	0.0548	2931
hyperlight_mappo	TRAIN	150	319.5954	-0.000021	-1.4825	0.9766	0.0548	2930
hyperlight_mappo	TEST	150	318.6664	-0.000021	-1.4160	0.9276	0.0523	2933
hyperlight_mappo	TRAIN	151	319.9728	-0.000026	-1.4904	0.9844	0.0548	2930
hyperlight_mappo	TRAIN	152	320.2796	-0.000021	-1.5164	1.0000	0.0551	2932
hyperlight_mappo	TRAIN	153	319.9856	-0.000013	-1.4829	0.9858	0.0535	2933
hyperlight_mappo	TRAIN	154	319.5149	-0.000028	-1.4819	0.9792	0.0541	2932
hyperlight_mappo	TRAIN	155	319.7358	-0.000023	-1.4812	0.9804	0.0542	2932
hyperlight_mappo	TEST	155	317.4868	-0.000023	-1.3475	0.8859	0.0493	2930
hyperlight_mappo	TRAIN	156	318.7791	-0.000005	-1.4322	0.9373	0.0522	2933
hyperlight_mappo	TRAIN	157	318.9403	-0.000015	-1.4332	0.9408	0.0524	2932
hyperlight_mappo	TRAIN	158	319.5327	-0.000019	-1.4730	0.9781	0.0536	2931
hyperlight_mappo	TRAIN	159	319.8032	-0.000017	-1.4861	0.9773	0.0524	2932
hyperlight_mappo	TRAIN	160	320.2135	-0.000020	-1.5189	1.0023	0.0542	2931
hyperlight_mappo	TEST	160	318.7254	-0.000020	-1.4091	0.9229	0.0507	2932
hyperlight_mappo	TRAIN	161	320.0637	-0.000017	-1.4896	0.9757	0.0536	2932
hyperlight_mappo	TRAIN	162	320.0600	-0.000024	-1.5082	0.9997	0.0547	2931
hyperlight_mappo	TRAIN	163	319.3081	-0.000014	-1.4571	0.9653	0.0526	2932
hyperlight_mappo	TRAIN	164	320.7580	-0.000016	-1.5352	1.0139	0.0549	2931
hyperlight_mappo	TRAIN	165	320.1954	-0.000015	-1.5131	1.0005	0.0543	2932
hyperlight_mappo	TEST	165	318.7627	-0.000015	-1.4109	0.9210	0.0510	2930
hyperlight_mappo	TRAIN	166	320.0406	-0.000016	-1.5100	0.9981	0.0542	2930
hyperlight_mappo	TRAIN	167	319.9966	-0.000020	-1.5010	0.9906	0.0536	2932
hyperlight_mappo	TRAIN	168	319.4894	-0.000016	-1.4743	0.9674	0.0528	2932
hyperlight_mappo	TRAIN	169	320.0556	-0.000009	-1.5121	1.0030	0.0539	2931
hyperlight_mappo	TRAIN	170	319.9789	-0.000012	-1.5002	0.9929	0.0537	2932
hyperlight_mappo	TEST	170	317.3597	-0.000012	-1.3545	0.8927	0.0502	2931
hyperlight_mappo	TRAIN	171	319.5132	-0.000024	-1.4886	0.9861	0.0538	2932
hyperlight_mappo	TRAIN	172	319.3201	-0.000016	-1.4902	0.9899	0.0542	2933
hyperlight_mappo	TRAIN	173	320.1244	-0.000021	-1.5255	1.0155	0.0553	2933
hyperlight_mappo	TRAIN	174	320.0851	-0.000014	-1.5208	1.0123	0.0547	2932
hyperlight_mappo	TRAIN	175	319.6416	-0.000018	-1.4987	0.9915	0.0547	2933
hyperlight_mappo	TEST	175	316.9591	-0.000018	-1.3419	0.8802	0.0509	2932
hyperlight_mappo	TRAIN	176	319.1720	-0.000020	-1.4651	0.9649	0.0528	2932
hyperlight_mappo	TRAIN	177	319.0935	-0.000027	-1.4647	0.9717	0.0532	2933
hyperlight_mappo	TRAIN	178	319.0359	-0.000025	-1.4681	0.9752	0.0545	2929
hyperlight_mappo	TRAIN	179	318.6430	-0.000022	-1.4471	0.9540	0.0541	2933
hyperlight_mappo	TRAIN	180	318.7090	-0.000020	-1.4493	0.9601	0.0542	2932
hyperlight_mappo	TEST	180	317.6463	-0.000020	-1.3661	0.8953	0.0508	2931
hyperlight_mappo	TRAIN	181	318.7010	-0.000022	-1.4390	0.9510	0.0539	2931
hyperlight_mappo	TRAIN	182	319.5940	-0.000012	-1.4834	0.9806	0.0537	2934
hyperlight_mappo	TRAIN	183	319.3560	-0.000023	-1.4675	0.9653	0.0529	2930
hyperlight_mappo	TRAIN	184	318.6266	-0.000018	-1.4471	0.9578	0.0525	2930
hyperlight_mappo	TRAIN	185	319.1250	-0.000015	-1.4623	0.9667	0.0537	2929
hyperlight_mappo	TEST	185	318.0781	-0.000015	-1.3844	0.9052	0.0510	2932
hyperlight_mappo	TRAIN	186	320.0305	-0.000019	-1.5148	1.0024	0.0534	2931
hyperlight_mappo	TRAIN	187	320.8049	-0.000025	-1.5487	1.0259	0.0550	2933
hyperlight_mappo	TRAIN	188	320.1773	-0.000011	-1.5192	0.9986	0.0538	2931
hyperlight_mappo	TRAIN	189	319.4512	-0.000016	-1.4727	0.9684	0.0529	2931
hyperlight_mappo	TRAIN	190	319.8408	-0.000010	-1.4947	0.9872	0.0544	2933
hyperlight_mappo	TEST	190	317.8022	-0.000010	-1.3710	0.8960	0.0497	2933
hyperlight_mappo	TRAIN	191	319.4016	-0.000007	-1.4575	0.9590	0.0526	2932
hyperlight_mappo	TRAIN	192	319.2933	-0.000010	-1.4620	0.9668	0.0541	2931
hyperlight_mappo	TRAIN	193	319.3238	-0.000024	-1.4624	0.9646	0.0529	2933
hyperlight_mappo	TRAIN	194	318.3590	-0.000017	-1.4219	0.9332	0.0531	2933
hyperlight_mappo	TRAIN	195	318.3671	-0.000014	-1.4200	0.9326	0.0530	2933
hyperlight_mappo	TEST	195	318.0315	-0.000014	-1.4039	0.9248	0.0515	2931
hyperlight_mappo	TRAIN	196	318.9219	-0.000028	-1.4498	0.9571	0.0516	2931
hyperlight_mappo	TRAIN	197	318.5501	-0.000014	-1.4307	0.9467	0.0519	2931
hyperlight_mappo	TRAIN	198	317.1210	-0.000012	-1.3494	0.8800	0.0503	2932
hyperlight_mappo	TRAIN	199	318.6004	-0.000013	-1.4377	0.9507	0.0533	2932
hyperlight_mappo	TRAIN	200	319.0868	-0.000008	-1.4776	0.9767	0.0543	2932
hyperlight_mappo	TEST	200	317.1713	-0.000008	-1.3487	0.8859	0.0491	2931
hyperlight_mappo	TRAIN	201	318.1083	-0.000018	-1.4095	0.9257	0.0518	2931
hyperlight_mappo	TRAIN	202	317.6158	-0.000015	-1.3670	0.8958	0.0517	2932
hyperlight_mappo	TRAIN	203	318.1009	-0.000015	-1.4014	0.9274	0.0517	2932
hyperlight_mappo	TRAIN	204	317.5092	-0.000002	-1.3623	0.8911	0.0506	2934
hyperlight_mappo	TRAIN	205	318.2082	-0.000015	-1.3950	0.9155	0.0505	2932
hyperlight_mappo	TEST	205	316.3916	-0.000015	-1.2979	0.8495	0.0489	2932
hyperlight_mappo	TRAIN	206	318.3507	-0.000015	-1.4175	0.9330	0.0519	2932
hyperlight_mappo	TRAIN	207	318.1911	-0.000015	-1.3931	0.9163	0.0513	2933
hyperlight_mappo	TRAIN	208	317.9078	-0.000014	-1.4047	0.9236	0.0518	2931
hyperlight_mappo	TRAIN	209	317.0915	0.000004	-1.3531	0.8847	0.0501	2929
hyperlight_mappo	TRAIN	210	317.9172	-0.000015	-1.4006	0.9280	0.0516	2932
hyperlight_mappo	TEST	210	316.3966	-0.000015	-1.3096	0.8590	0.0488	2934
hyperlight_mappo	TRAIN	211	318.4137	-0.000008	-1.4255	0.9431	0.0537	2935
hyperlight_mappo	TRAIN	212	317.6510	-0.000026	-1.3834	0.9090	0.0512	2932
hyperlight_mappo	TRAIN	213	317.7037	-0.000011	-1.3819	0.9059	0.0519	2932
hyperlight_mappo	TRAIN	214	317.6735	-0.000016	-1.3801	0.9068	0.0509	2933
hyperlight_mappo	TRAIN	215	317.8548	-0.000017	-1.3785	0.9062	0.0508	2933
hyperlight_mappo	TEST	215	316.5055	-0.000017	-1.3251	0.8747	0.0491	2933
hyperlight_mappo	TRAIN	216	318.3423	-0.000022	-1.4274	0.9411	0.0512	2933
hyperlight_mappo	TRAIN	217	317.5327	-0.000009	-1.3680	0.8972	0.0504	2933
hyperlight_mappo	TRAIN	218	318.0798	-0.000016	-1.4109	0.9304	0.0511	2932
hyperlight_mappo	TRAIN	219	317.1247	-0.000014	-1.3566	0.8892	0.0504	2931
hyperlight_mappo	TRAIN	220	318.0828	-0.000019	-1.4026	0.9243	0.0503	2932
hyperlight_mappo	TEST	220	316.3406	-0.000019	-1.2988	0.8505	0.0487	2929
hyperlight_mappo	TRAIN	221	317.5377	-0.000009	-1.3691	0.9005	0.0507	2932
hyperlight_mappo	TRAIN	222	318.0526	-0.000020	-1.3964	0.9236	0.0514	2933
hyperlight_mappo	TRAIN	223	317.7670	-0.000018	-1.3956	0.9177	0.0518	2934
hyperlight_mappo	TRAIN	224	317.5709	-0.000013	-1.3835	0.9153	0.0515	2931
hyperlight_mappo	TRAIN	225	317.5753	0.000009	-1.3824	0.9111	0.0519	2931
hyperlight_mappo	TEST	225	315.6373	0.000009	-1.2590	0.8233	0.0486	2932
hyperlight_mappo	TRAIN	226	316.6963	-0.000020	-1.3300	0.8710	0.0506	2931
hyperlight_mappo	TRAIN	227	317.3047	-0.000015	-1.3578	0.8885	0.0519	2931
hyperlight_mappo	TRAIN	228	316.9769	-0.000016	-1.3320	0.8750	0.0500	2931
hyperlight_mappo	TRAIN	229	317.4435	-0.000014	-1.3697	0.9007	0.0510	2933
hyperlight_mappo	TRAIN	230	317.9635	-0.000022	-1.3932	0.9172	0.0527	2932
hyperlight_mappo	TEST	230	316.8652	-0.000022	-1.3270	0.8646	0.0500	2933
hyperlight_mappo	TRAIN	231	317.4586	-0.000019	-1.3705	0.8970	0.0519	2932
hyperlight_mappo	TRAIN	232	316.8803	-0.000011	-1.3287	0.8707	0.0504	2932
hyperlight_mappo	TRAIN	233	316.6500	-0.000023	-1.3247	0.8686	0.0501	2931
hyperlight_mappo	TRAIN	234	316.7137	0.000000	-1.3280	0.8712	0.0490	2933
hyperlight_mappo	TRAIN	235	316.6661	-0.000023	-1.3266	0.8667	0.0504	2934
hyperlight_mappo	TEST	235	314.9340	-0.000023	-1.2122	0.7849	0.0469	2932
hyperlight_mappo	TRAIN	236	317.0308	-0.000015	-1.3483	0.8852	0.0511	2930
hyperlight_mappo	TRAIN	237	316.4435	-0.000003	-1.3065	0.8491	0.0495	2932
hyperlight_mappo	TRAIN	238	316.5776	-0.000013	-1.3130	0.8590	0.0479	2933
hyperlight_mappo	TRAIN	239	316.8113	-0.000017	-1.3390	0.8849	0.0499	2931
hyperlight_mappo	TRAIN	240	317.0714	-0.000013	-1.3477	0.8821	0.0486	2933
hyperlight_mappo	TEST	240	316.2588	-0.000013	-1.2825	0.8372	0.0479	2932
hyperlight_mappo	TRAIN	241	317.0084	-0.000007	-1.3241	0.8606	0.0497	2934
hyperlight_mappo	TRAIN	242	317.2699	-0.000003	-1.3471	0.8844	0.0502	2933
hyperlight_mappo	TRAIN	243	316.8652	-0.000023	-1.3251	0.8677	0.0497	2932
hyperlight_mappo	TRAIN	244	317.2474	-0.000010	-1.3459	0.8823	0.0493	2932
hyperlight_mappo	TRAIN	245	317.9594	-0.000017	-1.3869	0.9083	0.0512	2933
hyperlight_mappo	TEST	245	316.0841	-0.000017	-1.2817	0.8361	0.0478	2931
hyperlight_mappo	TRAIN	246	317.4941	-0.000013	-1.3614	0.8991	0.0506	2932
hyperlight_mappo	TRAIN	247	316.9514	0.000001	-1.3356	0.8707	0.0495	2933
hyperlight_mappo	TRAIN	248	317.3342	-0.000012	-1.3684	0.8951	0.0500	2932
hyperlight_mappo	TRAIN	249	318.2605	-0.000023	-1.4126	0.9288	0.0514	2934
