hyperlight_mappo	TRAIN	0	328.9749	0.000844	-12.3988	3.7561	0.2296	3977
hyperlight_mappo	TEST	0	674.1602	0.000844	-33.6573	9.9458	0.4419	1323
hyperlight_mappo	TRAIN	1	311.4234	0.000221	-12.3291	3.8127	0.2377	3899
hyperlight_mappo	TRAIN	2	344.8819	0.000212	-13.3783	4.1019	0.2445	3929
hyperlight_mappo	TRAIN	3	367.6107	0.000214	-13.7342	4.0849	0.2437	3910
hyperlight_mappo	TRAIN	4	297.4629	0.000091	-10.7273	3.2861	0.2317	3962
hyperlight_mappo	TRAIN	5	314.0193	0.000156	-11.2720	3.3739	0.2202	3993
hyperlight_mappo	TEST	5	615.9080	0.000156	-26.6074	7.0746	0.3381	1369
hyperlight_mappo	TRAIN	6	278.6664	0.000011	-8.2774	2.6979	0.2006	4014
hyperlight_mappo	TRAIN	7	274.7685	0.000006	-7.2393	2.3733	0.1947	4004
hyperlight_mappo	TRAIN	8	262.3659	-0.000024	-6.4173	2.1615	0.1843	4026
hyperlight_mappo	TRAIN	9	254.7310	0.000001	-6.1751	2.1016	0.1798	4023
hyperlight_mappo	TRAIN	10	262.3983	-0.000017	-5.7604	1.9291	0.1759	4045
hyperlight_mappo	TEST	10	356.2826	-0.000017	-17.1199	4.8011	0.2323	2820
hyperlight_mappo	TRAIN	11	238.5587	0.000012	-4.9113	1.7209	0.1649	4052
hyperlight_mappo	TRAIN	12	235.9985	0.000000	-4.8502	1.7631	0.1582	4058
hyperlight_mappo	TRAIN	13	232.1201	0.000007	-4.6702	1.6333	0.1605	4039
hyperlight_mappo	TRAIN	14	230.5524	-0.000007	-4.3248	1.5263	0.1546	4062
hyperlight_mappo	TRAIN	15	244.2187	0.000036	-5.6326	1.8235	0.1585	4051
hyperlight_mappo	TEST	15	344.2044	0.000036	-14.4013	4.1607	0.2139	3263
hyperlight_mappo	TRAIN	16	219.5532	-0.000006	-4.0740	1.4623	0.1485	4051
hyperlight_mappo	TRAIN	17	223.8950	0.000000	-4.1201	1.4644	0.1485	4047
hyperlight_mappo	TRAIN	18	216.4293	-0.000002	-3.9427	1.4422	0.1449	4055
hyperlight_mappo	TRAIN	19	217.3419	-0.000005	-3.5781	1.3329	0.1406	4062
hyperlight_mappo	TRAIN	20	214.0062	-0.000016	-3.5577	1.3389	0.1400	4052
hyperlight_mappo	TEST	20	427.3766	-0.000016	-16.7011	4.7063	0.2162	2629
hyperlight_mappo	TRAIN	21	214.1330	-0.000008	-3.5412	1.3294	0.1407	4053
hyperlight_mappo	TRAIN	22	213.0349	-0.000011	-3.5146	1.3399	0.1382	4068
hyperlight_mappo	TRAIN	23	211.1354	-0.000010	-3.5866	1.3528	0.1401	4063
hyperlight_mappo	TRAIN	24	211.7352	-0.000008	-3.2637	1.2492	0.1360	4071
hyperlight_mappo	TRAIN	25	210.0312	-0.000003	-3.2756	1.2287	0.1344	4072
hyperlight_mappo	TEST	25	321.6386	-0.000003	-8.9718	3.0316	0.1756	3160
hyperlight_mappo	TRAIN	26	208.2168	0.000001	-3.2811	1.2421	0.1354	4045
hyperlight_mappo	TRAIN	27	214.4296	-0.000014	-3.2560	1.2354	0.1374	4062
hyperlight_mappo	TRAIN	28	207.7646	-0.000007	-3.1001	1.1640	0.1328	3993
hyperlight_mappo	TRAIN	29	211.2089	0.000002	-3.0641	1.1402	0.1343	3987
hyperlight_mappo	TRAIN	30	207.6993	-0.000008	-2.9265	1.1124	0.1291	3951
hyperlight_mappo	TEST	30	220.0867	-0.000008	-6.6486	1.8541	0.1639	3781
hyperlight_mappo	TRAIN	31	206.7617	-0.000016	-2.8521	1.0917	0.1296	3958
hyperlight_mappo	TRAIN	32	207.4316	-0.000008	-2.8778	1.0676	0.1292	3983
hyperlight_mappo	TRAIN	33	205.9798	-0.000008	-2.9813	1.1090	0.1304	4013
hyperlight_mappo	TRAIN	34	205.6286	-0.000011	-2.7870	1.1000	0.1282	4068
hyperlight_mappo	TRAIN	35	204.4863	-0.000009	-2.7910	1.0642	0.1268	4010
hyperlight_mappo	TEST	35	234.1845	-0.000009	-6.6990	2.4975	0.1584	3637
hyperlight_mappo	TRAIN	36	207.8803	-0.000009	-2.8571	1.1069	0.1300	4017
hyperlight_mappo	TRAIN	37	231.6228	0.000114	-4.3134	1.4171	0.1361	3993
hyperlight_mappo	TRAIN	38	206.4324	-0.000005	-2.6933	1.0470	0.1279	3966
hyperlight_mappo	TRAIN	39	211.0440	-0.000005	-2.9467	1.1324	0.1329	4000
hyperlight_mappo	TRAIN	40	207.3606	-0.000007	-2.7335	1.0467	0.1282	3960
hyperlight_mappo	TEST	40	271.5070	-0.000007	-7.4817	2.6315	0.1799	3501
hyperlight_mappo	TRAIN	41	207.0154	-0.000003	-2.7399	1.0685	0.1291	4026
hyperlight_mappo	TRAIN	42	207.4784	-0.000013	-2.7181	1.0548	0.1294	4028
hyperlight_mappo	TRAIN	43	219.7656	0.000014	-3.3586	1.1664	0.1363	3980
hyperlight_mappo	TRAIN	44	206.4962	-0.000004	-2.6246	1.0192	0.1264	3942
hyperlight_mappo	TRAIN	45	212.2141	-0.000004	-2.7440	1.0378	0.1290	3952
hyperlight_mappo	TEST	45	270.3322	-0.000004	-6.1342	1.9341	0.1611	3633
hyperlight_mappo	TRAIN	46	207.8060	-0.000010	-2.6448	1.0221	0.1265	3958
hyperlight_mappo	TRAIN	47	212.1203	-0.000003	-2.6709	1.0443	0.1259	4014
hyperlight_mappo	TRAIN	48	220.1731	0.000005	-3.0986	1.1544	0.1293	3945
hyperlight_mappo	TRAIN	49	205.5809	-0.000009	-2.4833	0.9958	0.1242	3937
hyperlight_mappo	TRAIN	50	217.6167	0.000011	-3.0748	1.1563	0.1318	3984
hyperlight_mappo	TEST	50	213.2594	0.000011	-2.8352	1.0680	0.1380	3832
hyperlight_mappo	TRAIN	51	209.3495	-0.000005	-2.7242	1.0589	0.1279	3991
hyperlight_mappo	TRAIN	52	207.7068	-0.000008	-2.6545	1.0217	0.1245	3960
hyperlight_mappo	TRAIN	53	210.3170	0.000004	-2.7785	1.0509	0.1254	3928
hyperlight_mappo	TRAIN	54	225.2061	0.000157	-4.0707	1.3659	0.1290	3950
hyperlight_mappo	TRAIN	55	235.7944	0.000188	-4.7794	1.5848	0.1330	3955
hyperlight_mappo	TEST	55	224.4649	0.000188	-5.2637	1.9464	0.1495	3657
hyperlight_mappo	TRAIN	56	204.9419	-0.000008	-2.5867	0.9980	0.1261	3892
hyperlight_mappo	TRAIN	57	206.4667	-0.000005	-2.7432	1.0639	0.1267	4018
hyperlight_mappo	TRAIN	58	209.1549	0.000003	-2.9020	1.0962	0.1299	4067
hyperlight_mappo	TRAIN	59	209.9220	0.000006	-2.8154	1.0608	0.1249	3972
hyperlight_mappo	TRAIN	60	206.7102	-0.000009	-2.6859	1.0360	0.1243	4020
hyperlight_mappo	TEST	60	212.4101	-0.000009	-2.9774	1.0894	0.1303	3831
hyperlight_mappo	TRAIN	61	206.1193	-0.000007	-2.7408	1.0520	0.1258	3990
hyperlight_mappo	TRAIN	62	207.9850	0.000001	-2.7215	1.0474	0.1256	3991
hyperlight_mappo	TRAIN	63	208.4751	0.000001	-2.7463	1.0598	0.1258	4016
hyperlight_mappo	TRAIN	64	205.7886	-0.000006	-2.7098	1.0290	0.1252	4040
hyperlight_mappo	TRAIN	65	207.5157	0.000004	-2.9875	1.1468	0.1305	4076
hyperlight_mappo	TEST	65	199.2021	0.000004	-2.3624	0.9597	0.1208	3835
hyperlight_mappo	TRAIN	66	206.8915	0.000004	-2.6286	1.0255	0.1254	4017
hyperlight_mappo	TRAIN	67	219.0377	0.000089	-3.3981	1.2005	0.1286	3956
hyperlight_mappo	TRAIN	68	210.8211	0.000010	-2.8446	1.0574	0.1282	3985
hyperlight_mappo	TRAIN	69	209.0326	-0.000000	-2.5159	0.9946	0.1250	4048
hyperlight_mappo	TRAIN	70	202.9802	-0.000005	-2.4570	0.9700	0.1220	3941
hyperlight_mappo	TEST	70	202.4183	-0.000005	-2.4665	0.9676	0.1229	3830
hyperlight_mappo	TRAIN	71	219.7163	0.000056	-3.7273	1.2206	0.1320	3973
hyperlight_mappo	TRAIN	72	202.8041	0.000003	-2.3368	0.9372	0.1218	3926
hyperlight_mappo	TRAIN	73	224.8591	0.000054	-3.4141	1.1888	0.1294	4025
hyperlight_mappo	TRAIN	74	203.4133	-0.000003	-2.6624	1.0311	0.1236	4041
hyperlight_mappo	TRAIN	75	208.6611	0.000003	-2.8165	1.0791	0.1258	4010
hyperlight_mappo	TEST	75	201.3282	0.000003	-2.4618	0.9557	0.1245	3836
hyperlight_mappo	TRAIN	76	203.9701	0.000000	-2.5202	0.9734	0.1239	3948
hyperlight_mappo	TRAIN	77	203.6034	-0.000006	-2.5454	1.0021	0.1227	4024
hyperlight_mappo	TRAIN	78	201.8060	-0.000002	-2.6001	1.0077	0.1238	4073
hyperlight_mappo	TRAIN	79	206.8822	-0.000007	-2.8821	1.1274	0.1318	4073
hyperlight_mappo	TRAIN	80	205.4985	-0.000003	-2.7428	1.0581	0.1265	4066
hyperlight_mappo	TEST	80	210.4733	-0.000003	-2.9499	1.0503	0.1249	3818
hyperlight_mappo	TRAIN	81	239.4706	0.000058	-3.9213	1.2937	0.1343	3929
hyperlight_mappo	TRAIN	82	205.4082	-0.000014	-2.5571	1.0070	0.1243	4040
hyperlight_mappo	TRAIN	83	204.6994	-0.000007	-2.5933	1.0140	0.1243	4012
hyperlight_mappo	TRAIN	84	201.5965	-0.000004	-2.5462	0.9849	0.1247	3975
hyperlight_mappo	TRAIN	85	204.9159	0.000002	-2.5703	0.9828	0.1228	3982
hyperlight_mappo	TEST	85	208.1962	0.000002	-2.7771	1.0642	0.1299	3838
hyperlight_mappo	TRAIN	86	202.2675	-0.000009	-2.4675	0.9704	0.1234	3944
hyperlight_mappo	TRAIN	87	209.0233	0.000000	-2.6086	0.9910	0.1224	3998
hyperlight_mappo	TRAIN	88	200.7462	-0.000005	-2.3819	0.9466	0.1202	3992
hyperlight_mappo	TRAIN	89	210.9829	0.000029	-2.9581	1.0872	0.1275	4045
hyperlight_mappo	TRAIN	90	249.9795	0.000110	-3.9297	1.2754	0.1325	4006
hyperlight_mappo	TEST	90	204.7872	0.000110	-2.8579	1.0230	0.1298	3835
hyperlight_mappo	TRAIN	91	202.8301	-0.000015	-2.3247	0.9250	0.1228	4009
hyperlight_mappo	TRAIN	92	202.1157	-0.000006	-2.3927	0.9553	0.1224	3942
hyperlight_mappo	TRAIN	93	215.6111	0.000117	-3.7272	1.2303	0.1258	3939
hyperlight_mappo	TRAIN	94	203.2331	-0.000011	-2.4675	0.9750	0.1248	3939
hyperlight_mappo	TRAIN	95	207.7189	0.000004	-2.5985	1.0263	0.1259	3941
hyperlight_mappo	TEST	95	201.0234	0.000004	-2.3278	0.9287	0.1209	3847
hyperlight_mappo	TRAIN	96	203.4378	-0.000006	-2.3536	0.9476	0.1233	3965
hyperlight_mappo	TRAIN	97	205.9870	-0.000007	-2.4462	0.9865	0.1240	4071
hyperlight_mappo	TRAIN	98	209.6051	0.000006	-2.4884	0.9946	0.1249	4047
hyperlight_mappo	TRAIN	99	211.7470	-0.000007	-2.3441	0.9521	0.1227	4012
hyperlight_mappo	TRAIN	100	215.6530	-0.000008	-2.3860	0.9622	0.1242	4063
hyperlight_mappo	TEST	100	232.4129	-0.000008	-3.8015	1.2286	0.1273	3754
hyperlight_mappo	TRAIN	101	223.9879	0.000019	-3.0604	1.0988	0.1258	4049
hyperlight_mappo	TRAIN	102	210.0057	-0.000006	-2.4646	0.9873	0.1237	4068
hyperlight_mappo	TRAIN	103	222.2799	-0.000004	-2.4592	0.9516	0.1207	3955
hyperlight_mappo	TRAIN	104	225.4046	-0.000007	-2.4502	0.9683	0.1226	3989
hyperlight_mappo	TRAIN	105	218.8811	-0.000008	-2.3004	0.9169	0.1194	3988
hyperlight_mappo	TEST	105	247.3939	-0.000008	-2.9449	1.0307	0.1244	3752
hyperlight_mappo	TRAIN	106	216.7493	-0.000004	-2.3372	0.9287	0.1205	3965
hyperlight_mappo	TRAIN	107	230.2943	0.000007	-2.6743	1.0152	0.1231	3928
hyperlight_mappo	TRAIN	108	212.8503	-0.000003	-2.2257	0.8898	0.1185	3888
hyperlight_mappo	TRAIN	109	215.7973	-0.000010	-2.2817	0.9167	0.1196	3961
hyperlight_mappo	TRAIN	110	227.2154	0.000047	-3.1453	1.0616	0.1249	3937
hyperlight_mappo	TEST	110	227.1709	0.000047	-2.4200	0.9399	0.1207	3791
hyperlight_mappo	TRAIN	111	216.7155	-0.000002	-2.4023	0.9542	0.1209	3968
hyperlight_mappo	TRAIN	112	219.1204	-0.000007	-2.2620	0.8878	0.1157	3903
hyperlight_mappo	TRAIN	113	245.8103	0.000056	-3.0729	1.0901	0.1213	3927
hyperlight_mappo	TRAIN	114	233.2485	0.000002	-2.8781	1.0321	0.1256	3919
hyperlight_mappo	TRAIN	115	235.1382	0.000009	-2.8927	1.0569	0.1243	3870
hyperlight_mappo	TEST	115	239.8106	0.000009	-3.2812	1.1153	0.1303	3786
hyperlight_mappo	TRAIN	116	239.1898	0.000046	-3.1496	1.0995	0.1242	3905
hyperlight_mappo	TRAIN	117	211.5586	-0.000003	-2.4594	0.9485	0.1222	3917
hyperlight_mappo	TRAIN	118	237.6923	0.000133	-4.0271	1.2590	0.1263	3929
hyperlight_mappo	TRAIN	119	225.1488	0.000067	-3.1893	1.1229	0.1222	3898
hyperlight_mappo	TRAIN	120	210.6794	-0.000002	-2.2198	0.8894	0.1157	3912
hyperlight_mappo	TEST	120	266.7727	-0.000002	-6.6145	1.8713	0.1409	3418
hyperlight_mappo	TRAIN	121	224.8361	0.000006	-2.6920	0.9913	0.1211	3929
hyperlight_mappo	TRAIN	122	212.7858	-0.000002	-2.3621	0.9307	0.1175	3973
hyperlight_mappo	TRAIN	123	225.8531	0.000009	-2.7965	1.0217	0.1223	3928
hyperlight_mappo	TRAIN	124	217.0221	0.000001	-2.2468	0.8974	0.1182	3943
hyperlight_mappo	TRAIN	125	235.8101	0.000009	-3.0197	1.0259	0.1213	3966
hyperlight_mappo	TEST	125	250.5201	0.000009	-3.1898	1.0817	0.1258	3782
hyperlight_mappo	TRAIN	126	245.3855	0.000168	-4.4825	1.3642	0.1309	3805
hyperlight_mappo	TRAIN	127	221.5334	0.000001	-2.3410	0.9071	0.1148	3903
hyperlight_mappo	TRAIN	128	214.9845	-0.000002	-2.2639	0.9029	0.1191	3944
hyperlight_mappo	TRAIN	129	224.4482	-0.000001	-2.3632	0.9303	0.1196	3967
hyperlight_mappo	TRAIN	130	239.6622	0.000076	-3.2346	1.1312	0.1216	3899
hyperlight_mappo	TEST	130	277.4938	0.000076	-6.5851	2.0119	0.1384	3475
hyperlight_mappo	TRAIN	131	220.9067	-0.000001	-2.4580	0.9366	0.1191	3944
hyperlight_mappo	TRAIN	132	220.2559	-0.000001	-2.4359	0.9435	0.1197	3911
hyperlight_mappo	TRAIN	133	212.8385	0.000001	-2.3050	0.9119	0.1165	3976
hyperlight_mappo	TRAIN	134	259.7034	0.000254	-4.9812	1.7790	0.1270	3850
hyperlight_mappo	TRAIN	135	219.7428	0.000000	-2.2929	0.9083	0.1182	3899
hyperlight_mappo	TEST	135	238.0703	0.000000	-5.6626	1.7050	0.1221	3599
hyperlight_mappo	TRAIN	136	222.5445	0.000001	-2.1722	0.8585	0.1161	3934
hyperlight_mappo	TRAIN	137	231.9795	-0.000003	-2.6200	0.9803	0.1211	3959
hyperlight_mappo	TRAIN	138	221.5362	0.000002	-2.4005	0.9167	0.1167	3913
hyperlight_mappo	TRAIN	139	267.4281	0.000947	-8.3723	2.5370	0.1296	3630
hyperlight_mappo	TRAIN	140	312.3591	0.001151	-10.4773	3.0212	0.1344	3698
hyperlight_mappo	TEST	140	252.8761	0.001151	-3.4947	1.0899	0.1274	3744
hyperlight_mappo	TRAIN	141	243.4601	0.000388	-5.1983	1.6036	0.1241	3693
hyperlight_mappo	TRAIN	142	275.5084	0.000238	-4.9550	1.5364	0.1279	3859
hyperlight_mappo	TRAIN	143	259.2208	0.000220	-4.3835	1.3996	0.1216	3773
hyperlight_mappo	TRAIN	144	229.4200	0.000001	-2.6105	0.9548	0.1209	3936
hyperlight_mappo	TRAIN	145	230.8817	0.000004	-2.6563	0.9522	0.1209	4006
hyperlight_mappo	TEST	145	252.1072	0.000004	-2.9601	1.0238	0.1252	3778
hyperlight_mappo	TRAIN	146	265.5899	0.000106	-3.7330	1.2611	0.1273	3994
hyperlight_mappo	TRAIN	147	233.5143	0.000008	-2.5808	0.9640	0.1179	3992
hyperlight_mappo	TRAIN	148	236.7407	0.000014	-2.8956	1.0593	0.1235	3941
hyperlight_mappo	TRAIN	149	266.9012	0.000197	-4.7699	1.3717	0.1285	3855
hyperlight_mappo	TRAIN	150	225.1674	-0.000002	-2.2928	0.9169	0.1184	3955
hyperlight_mappo	TEST	150	235.9663	-0.000002	-3.2544	1.1380	0.1240	3735
hyperlight_mappo	TRAIN	151	261.4986	0.000059	-3.5826	1.1942	0.1293	4043
hyperlight_mappo	TRAIN	152	229.6565	0.000008	-2.3817	0.9435	0.1198	4041
hyperlight_mappo	TRAIN	153	221.3743	-0.000002	-2.3268	0.9224	0.1180	4061
hyperlight_mappo	TRAIN	154	222.3135	-0.000002	-2.5400	0.9806	0.1205	4048
hyperlight_mappo	TRAIN	155	220.8068	0.000002	-2.2677	0.9221	0.1205	3965
hyperlight_mappo	TEST	155	238.7331	0.000002	-2.6236	0.9485	0.1186	3773
hyperlight_mappo	TRAIN	156	214.5118	-0.000002	-2.2520	0.9140	0.1181	4019
hyperlight_mappo	TRAIN	157	224.9101	-0.000003	-2.3623	0.9234	0.1181	3973
hyperlight_mappo	TRAIN	158	254.6574	0.000076	-3.6825	1.2656	0.1289	4028
hyperlight_mappo	TRAIN	159	228.2144	0.000001	-2.3673	0.9344	0.1185	3993
hyperlight_mappo	TRAIN	160	258.7619	0.000079	-3.3691	1.1513	0.1258	4015
hyperlight_mappo	TEST	160	227.6833	0.000079	-2.4937	0.9082	0.1152	3789
hyperlight_mappo	TRAIN	161	228.7850	0.000002	-2.3955	0.9237	0.1171	3930
hyperlight_mappo	TRAIN	162	232.4860	0.000001	-2.4260	0.9143	0.1148	3862
hyperlight_mappo	TRAIN	163	241.1156	0.000022	-2.9203	1.0591	0.1214	3894
hyperlight_mappo	TRAIN	164	229.5726	-0.000003	-2.3839	0.9183	0.1163	3931
hyperlight_mappo	TRAIN	165	227.1417	-0.000004	-2.3060	0.8993	0.1163	3916
hyperlight_mappo	TEST	165	307.1531	-0.000004	-7.4014	1.8491	0.1474	3456
hyperlight_mappo	TRAIN	166	248.8190	0.000068	-3.1416	1.1463	0.1208	3955
hyperlight_mappo	TRAIN	167	226.9138	0.000001	-2.3536	0.9316	0.1181	3981
hyperlight_mappo	TRAIN	168	247.3617	0.000075	-3.5975	1.1800	0.1239	3981
hyperlight_mappo	TRAIN	169	244.9370	0.000009	-2.9202	1.0193	0.1168	3922
hyperlight_mappo	TRAIN	170	237.4501	-0.000007	-2.5702	0.9638	0.1193	3926
hyperlight_mappo	TEST	170	267.5479	-0.000007	-4.1268	1.2627	0.1262	3749
hyperlight_mappo	TRAIN	171	242.5534	0.000002	-2.6688	0.9701	0.1191	3932
hyperlight_mappo	TRAIN	172	248.7440	-0.000003	-2.7407	1.0054	0.1220	3914
hyperlight_mappo	TRAIN	173	239.4567	0.000001	-2.6228	0.9426	0.1167	3924
hyperlight_mappo	TRAIN	174	269.0223	0.000196	-4.1999	1.3434	0.1240	3725
hyperlight_mappo	TRAIN	175	240.9449	-0.000004	-2.5961	0.9396	0.1176	3937
hyperlight_mappo	TEST	175	252.6456	-0.000004	-3.3640	1.1032	0.1236	3679
hyperlight_mappo	TRAIN	176	233.8423	-0.000005	-2.5680	0.9489	0.1186	3964
hyperlight_mappo	TRAIN	177	233.8258	0.000006	-2.5947	0.9557	0.1189	3944
hyperlight_mappo	TRAIN	178	232.7655	-0.000002	-2.4190	0.8997	0.1159	3907
hyperlight_mappo	TRAIN	179	231.8340	-0.000003	-2.4698	0.9220	0.1184	3993
hyperlight_mappo	TRAIN	180	243.6988	0.000014	-3.0259	1.0422	0.1202	3947
hyperlight_mappo	TEST	180	256.3918	0.000014	-4.1727	1.2927	0.1251	3698
hyperlight_mappo	TRAIN	181	262.7255	0.000065	-3.5522	1.1779	0.1221	3960
hyperlight_mappo	TRAIN	182	248.7640	0.000040	-3.4037	1.1237	0.1239	3928
hyperlight_mappo	TRAIN	183	259.4186	0.000073	-3.6189	1.2164	0.1236	3961
hyperlight_mappo	TRAIN	184	224.6535	-0.000001	-2.4719	0.9475	0.1193	4006
hyperlight_mappo	TRAIN	185	238.0660	0.000016	-2.7168	0.9917	0.1203	3940
hyperlight_mappo	TEST	185	250.4575	0.000016	-3.7416	1.1589	0.1262	3709
hyperlight_mappo	TRAIN	186	232.0880	0.000004	-2.6841	0.9631	0.1182	3896
hyperlight_mappo	TRAIN	187	231.3914	0.000010	-2.9697	1.0536	0.1214	3955
hyperlight_mappo	TRAIN	188	243.1188	0.000006	-2.6108	0.9647	0.1187	3990
hyperlight_mappo	TRAIN	189	243.6715	0.000004	-2.6734	0.9570	0.1184	3902
hyperlight_mappo	TRAIN	190	241.5553	0.000014	-2.9188	1.0225	0.1209	3859
hyperlight_mappo	TEST	190	260.9128	0.000014	-4.3644	1.2840	0.1318	3680
hyperlight_mappo	TRAIN	191	243.6441	0.000006	-2.9305	1.0037	0.1199	3894
hyperlight_mappo	TRAIN	192	248.5685	0.000062	-3.4539	1.0946	0.1249	3840
hyperlight_mappo	TRAIN	193	238.9065	-0.000002	-2.5327	0.9316	0.1180	3924
hyperlight_mappo	TRAIN	194	243.1521	0.000003	-2.5619	0.9283	0.1164	3919
hyperlight_mappo	TRAIN	195	256.7177	0.000081	-3.4707	1.1743	0.1226	3939
hyperlight_mappo	TEST	195	254.6049	0.000081	-4.9276	1.5228	0.1212	3619
hyperlight_mappo	TRAIN	196	243.0898	0.000004	-2.6466	0.9520	0.1180	3909
hyperlight_mappo	TRAIN	197	238.8388	0.000002	-2.3740	0.8976	0.1166	3903
hyperlight_mappo	TRAIN	198	249.0036	0.000066	-3.0444	1.0589	0.1167	3900
hyperlight_mappo	TRAIN	199	297.5885	0.000147	-4.7165	1.4542	0.1335	3951
hyperlight_mappo	TRAIN	200	248.0000	0.000024	-3.1336	1.0881	0.1231	3983
hyperlight_mappo	TEST	200	328.8962	0.000024	-10.6350	2.7470	0.1658	3036
hyperlight_mappo	TRAIN	201	245.1339	0.000006	-2.5767	0.9480	0.1192	3965
hyperlight_mappo	TRAIN	202	264.6060	0.000284	-5.5613	1.5209	0.1315	3744
hyperlight_mappo	TRAIN	203	253.2297	0.000053	-3.4021	1.1041	0.1202	3961
hyperlight_mappo	TRAIN	204	244.8710	-0.000006	-2.5242	0.9372	0.1196	3969
hyperlight_mappo	TRAIN	205	238.9832	0.000000	-2.5003	0.9413	0.1212	3984
hyperlight_mappo	TEST	205	256.2725	0.000000	-3.6158	1.1894	0.1229	3718
hyperlight_mappo	TRAIN	206	247.4809	0.000009	-2.7790	0.9947	0.1206	3928
hyperlight_mappo	TRAIN	207	243.8887	0.000002	-2.6689	0.9597	0.1205	3890
hyperlight_mappo	TRAIN	208	231.3925	0.000000	-2.4656	0.9221	0.1198	3997
hyperlight_mappo	TRAIN	209	240.8317	-0.000000	-2.6042	0.9426	0.1166	3909
hyperlight_mappo	TRAIN	210	225.9448	0.000002	-2.5437	0.9184	0.1151	3911
hyperlight_mappo	TEST	210	277.1962	0.000002	-3.6381	1.1884	0.1262	3711
hyperlight_mappo	TRAIN	211	238.3375	0.000003	-2.6243	0.9474	0.1191	3973
hyperlight_mappo	TRAIN	212	239.3255	0.000012	-3.0285	1.0299	0.1199	3923
hyperlight_mappo	TRAIN	213	260.2741	0.000034	-3.6136	1.2104	0.1250	3922
hyperlight_mappo	TRAIN	214	241.9474	-0.000002	-2.7945	0.9832	0.1196	3915
hyperlight_mappo	TRAIN	215	251.2825	0.000017	-3.0675	1.0735	0.1223	3958
hyperlight_mappo	TEST	215	279.9151	0.000017	-4.3082	1.2956	0.1304	3733
hyperlight_mappo	TRAIN	216	248.1520	0.000055	-3.5714	1.1255	0.1221	3935
hyperlight_mappo	TRAIN	217	239.6006	0.000001	-2.7343	0.9893	0.1194	3978
hyperlight_mappo	TRAIN	218	245.4424	0.000007	-2.9191	1.0495	0.1252	3935
hyperlight_mappo	TRAIN	219	237.3589	0.000001	-2.5536	0.9554	0.1199	3895
hyperlight_mappo	TRAIN	220	245.7128	0.000000	-2.7045	0.9659	0.1199	3903
hyperlight_mappo	TEST	220	278.4133	0.000000	-3.9740	1.2319	0.1251	3685
hyperlight_mappo	TRAIN	221	266.7000	0.000124	-4.5145	1.3541	0.1244	3893
hyperlight_mappo	TRAIN	222	255.5112	-0.000001	-2.7539	0.9783	0.1187	3914
hyperlight_mappo	TRAIN	223	237.8807	0.000004	-2.6713	0.9398	0.1173	3956
hyperlight_mappo	TRAIN	224	246.0521	0.000007	-3.1840	1.0530	0.1220	3953
hyperlight_mappo	TRAIN	225	250.1801	0.000038	-3.3050	1.1070	0.1215	3953
hyperlight_mappo	TEST	225	279.3556	0.000038	-4.4200	1.2810	0.1280	3633
hyperlight_mappo	TRAIN	226	250.9394	0.000013	-3.1307	1.0366	0.1219	4010
hyperlight_mappo	TRAIN	227	286.1341	0.000113	-3.9791	1.2995	0.1265	3951
hyperlight_mappo	TRAIN	228	268.0259	0.000085	-4.1345	1.3094	0.1262	3906
hyperlight_mappo	TRAIN	229	261.7175	0.000060	-3.8695	1.1731	0.1236	3862
hyperlight_mappo	TRAIN	230	242.2815	-0.000001	-2.7843	0.9749	0.1169	3897
hyperlight_mappo	TEST	230	302.4533	-0.000001	-8.5659	2.1447	0.1514	3168
hyperlight_mappo	TRAIN	231	239.7267	0.000007	-2.6841	0.9708	0.1196	3900
hyperlight_mappo	TRAIN	232	265.3421	0.000064	-3.5535	1.1796	0.1248	3955
hyperlight_mappo	TRAIN	233	269.0464	0.000082	-3.8550	1.2560	0.1230	3899
hyperlight_mappo	TRAIN	234	250.1655	0.000054	-3.5531	1.1927	0.1249	3952
hyperlight_mappo	TRAIN	235	226.3510	0.000008	-2.3702	0.9063	0.1174	3971
hyperlight_mappo	TEST	235	259.3879	0.000008	-4.3475	1.2806	0.1259	3581
hyperlight_mappo	TRAIN	236	238.8436	0.000005	-2.5905	0.9434	0.1186	3945
hyperlight_mappo	TRAIN	237	236.6149	0.000003	-2.5516	0.9299	0.1195	3973
hyperlight_mappo	TRAIN	238	237.6734	-0.000005	-2.6896	0.9610	0.1192	3919
hyperlight_mappo	TRAIN	239	239.9211	0.000010	-2.8715	1.0048	0.1200	3889
hyperlight_mappo	TRAIN	240	242.7200	0.000007	-2.7751	0.9766	0.1207	3943
hyperlight_mappo	TEST	240	277.9639	0.000007	-4.2082	1.2450	0.1283	3688
hyperlight_mappo	TRAIN	241	232.7197	0.000005	-2.5424	0.9558	0.1181	4007
hyperlight_mappo	TRAIN	242	248.9700	0.000002	-2.7340	0.9623	0.1189	3928
hyperlight_mappo	TRAIN	243	236.3928	-0.000004	-2.5806	0.9333	0.1165	3933
hyperlight_mappo	TRAIN	244	232.0664	0.000011	-2.5204	0.9194	0.1155	3916
hyperlight_mappo	TRAIN	245	249.3866	0.000019	-2.9328	1.0505	0.1216	4025
hyperlight_mappo	TEST	245	244.8680	0.000019	-2.8113	0.9663	0.1167	3758
hyperlight_mappo	TRAIN	246	235.5762	-0.000001	-2.5485	0.9429	0.1149	3983
hyperlight_mappo	TRAIN	247	242.1161	0.000004	-2.6012	0.9358	0.1170	3998
hyperlight_mappo	TRAIN	248	266.0944	0.000159	-4.0461	1.2836	0.1243	3953
hyperlight_mappo	TRAIN	249	266.9739	0.000082	-3.7599	1.2147	0.1244	3910
