step:3600/3600, q_loss:0.0020163651785732786, rewards:-68.10624694824219, queue:17.0401611328125, delay:0.13156579434871674, throughput:1635
episode:0/250, real avg travel time:1339.8948300283287
Test step:0/250, travel time :1741.3594192634562, rewards:-89.3028564453125, queue:22.3739013671875, delay:0.16250622272491455, throughput:1012
New best TEST travel time 1741.3594 at episode 0, saved as best checkpoint
step:3600/3600, q_loss:0.0017644000941036662, rewards:-66.79063415527344, queue:16.712385177612305, delay:0.13125036656856537, throughput:1650
episode:1/250, real avg travel time:1311.441926345609
step:3600/3600, q_loss:0.0016846227827539415, rewards:-64.65070343017578, queue:16.17274284362793, delay:0.1289123147726059, throughput:1675
episode:2/250, real avg travel time:1281.1476628895184
step:3600/3600, q_loss:0.0016726106290280084, rewards:-65.41694641113281, queue:16.36695671081543, delay:0.12905597686767578, throughput:1661
episode:3/250, real avg travel time:1288.6820113314448
step:3600/3600, q_loss:0.00153917221835366, rewards:-65.45189666748047, queue:16.372163772583008, delay:0.12979094684123993, throughput:1673
episode:4/250, real avg travel time:1285.291430594901
step:3600/3600, q_loss:0.0014404164707679072, rewards:-63.27752685546875, queue:15.828645706176758, delay:0.12781906127929688, throughput:1669
episode:5/250, real avg travel time:1256.2468130311615
Test step:5/250, travel time :1742.6451841359774, rewards:-90.2189712524414, queue:22.599363327026367, delay:0.17528009414672852, throughput:1012
step:3600/3600, q_loss:0.0012724991726838512, rewards:-63.5776481628418, queue:15.902835845947266, delay:0.13000768423080444, throughput:1744
episode:6/250, real avg travel time:1250.3360481586403
step:3600/3600, q_loss:0.0012333202095311366, rewards:-64.13517761230469, queue:16.04438591003418, delay:0.1287514716386795, throughput:1664
episode:7/250, real avg travel time:1266.6575779036827
step:3600/3600, q_loss:0.0012595729879391047, rewards:-65.30823516845703, queue:16.339468002319336, delay:0.1295965313911438, throughput:1596
episode:8/250, real avg travel time:1282.135269121813
step:3600/3600, q_loss:0.0011479276772818447, rewards:-66.13871765136719, queue:16.54427146911621, delay:0.12907347083091736, throughput:1671
episode:9/250, real avg travel time:1294.5598441926345
step:3600/3600, q_loss:0.0010530959880899317, rewards:-66.47207641601562, queue:16.630496978759766, delay:0.13077802956104279, throughput:1638
episode:10/250, real avg travel time:1303.4436968838527
Test step:10/250, travel time :1662.0070821529746, rewards:-87.52352905273438, queue:21.924711227416992, delay:0.15572330355644226, throughput:979
New best TEST travel time 1662.0071 at episode 10, saved as best checkpoint
step:3600/3600, q_loss:0.000941826960209895, rewards:-64.13119506835938, queue:16.043170928955078, delay:0.13062173128128052, throughput:1692
episode:11/250, real avg travel time:1256.918909348442
step:3600/3600, q_loss:0.0008240889527915436, rewards:-63.99701690673828, queue:16.010589599609375, delay:0.1288413107395172, throughput:1729
episode:12/250, real avg travel time:1248.0177053824364
step:3600/3600, q_loss:0.0007625062662510225, rewards:-61.929134368896484, queue:15.489641189575195, delay:0.12972649931907654, throughput:1727
episode:13/250, real avg travel time:1199.5747167138811
step:3600/3600, q_loss:0.0007538007480310804, rewards:-62.254486083984375, queue:15.571701049804688, delay:0.12665921449661255, throughput:1698
episode:14/250, real avg travel time:1220.8314447592068
step:3600/3600, q_loss:0.0006270519230675733, rewards:-61.14664840698242, queue:15.292997360229492, delay:0.12918929755687714, throughput:1757
episode:15/250, real avg travel time:1208.9900849858357
Test step:15/250, travel time :1269.3211756373937, rewards:-69.11450958251953, queue:17.30555534362793, delay:0.15990111231803894, throughput:1688
New best TEST travel time 1269.3212 at episode 15, saved as best checkpoint
step:3600/3600, q_loss:0.000538040967485695, rewards:-58.7224235534668, queue:14.685011863708496, delay:0.1268150806427002, throughput:1785
episode:16/250, real avg travel time:1168.6600566572238
step:3600/3600, q_loss:0.0004914199427506071, rewards:-61.20721435546875, queue:15.309432983398438, delay:0.1264817714691162, throughput:1789
episode:17/250, real avg travel time:1206.1922804532578
step:3600/3600, q_loss:0.0004319385016038094, rewards:-58.79301071166992, queue:14.70821762084961, delay:0.12796355783939362, throughput:1772
episode:18/250, real avg travel time:1177.4592776203965
step:3600/3600, q_loss:0.00040271472657260333, rewards:-58.44529724121094, queue:14.616087913513184, delay:0.1287025511264801, throughput:1790
episode:19/250, real avg travel time:1176.853045325779
step:3600/3600, q_loss:0.0003545085777367615, rewards:-59.28281784057617, queue:14.826099395751953, delay:0.12751255929470062, throughput:1764
episode:20/250, real avg travel time:1175.7786827195469
Test step:20/250, travel time :1637.9040368271956, rewards:-91.5859146118164, queue:22.94768524169922, delay:0.14942029118537903, throughput:810
step:3600/3600, q_loss:0.0002861925563200112, rewards:-57.69278335571289, queue:14.429802894592285, delay:0.12750323116779327, throughput:1810
episode:21/250, real avg travel time:1154.460339943343
step:3600/3600, q_loss:0.00020572230044499409, rewards:-56.99884033203125, queue:14.254977226257324, delay:0.12803997099399567, throughput:1811
episode:22/250, real avg travel time:1133.3948300283287
step:3600/3600, q_loss:0.00019622156727070242, rewards:-57.93999481201172, queue:14.495139122009277, delay:0.128153994679451, throughput:1804
episode:23/250, real avg travel time:1135.1618271954674
step:3600/3600, q_loss:0.00018643108512746332, rewards:-56.81319808959961, queue:14.208738327026367, delay:0.1275247037410736, throughput:1824
episode:24/250, real avg travel time:1130.2443342776205
step:3600/3600, q_loss:0.0002513999240127979, rewards:-58.43355178833008, queue:14.61296272277832, delay:0.13038785755634308, throughput:1771
episode:25/250, real avg travel time:1167.164660056657
Test step:25/250, travel time :1688.365793201133, rewards:-90.6165771484375, queue:22.705324172973633, delay:0.14770165085792542, throughput:652
step:3600/3600, q_loss:0.0002417327633506998, rewards:-59.011600494384766, queue:14.760764122009277, delay:0.1307321935892105, throughput:1787
episode:26/250, real avg travel time:1179.2025495750709
step:3600/3600, q_loss:0.00015736694079766304, rewards:-55.265743255615234, queue:13.81857681274414, delay:0.12971071898937225, throughput:1855
episode:27/250, real avg travel time:1111.0612606232294
step:3600/3600, q_loss:0.00012659407249525372, rewards:-54.52291488647461, queue:13.634027481079102, delay:0.1289312243461609, throughput:1840
episode:28/250, real avg travel time:1095.332507082153
step:3600/3600, q_loss:7.791020188848545e-05, rewards:-56.37909698486328, queue:14.103067398071289, delay:0.1280425488948822, throughput:1786
episode:29/250, real avg travel time:1132.7089235127478
step:3600/3600, q_loss:0.00010858995474897969, rewards:-56.769386291503906, queue:14.197569847106934, delay:0.12981846928596497, throughput:1795
episode:30/250, real avg travel time:1146.6466005665723
Test step:30/250, travel time :1688.5672804532578, rewards:-92.17446899414062, queue:23.09473419189453, delay:0.14064356684684753, throughput:616
step:3600/3600, q_loss:8.637346657866864e-05, rewards:-57.615325927734375, queue:14.40868091583252, delay:0.12823134660720825, throughput:1788
episode:31/250, real avg travel time:1133.6798866855524
step:3600/3600, q_loss:0.00011321278360821766, rewards:-56.30021667480469, queue:14.08148193359375, delay:0.1282770186662674, throughput:1782
episode:32/250, real avg travel time:1124.7145892351275
step:3600/3600, q_loss:6.59802106473549e-05, rewards:-56.89546585083008, queue:14.229514122009277, delay:0.12486052513122559, throughput:1811
episode:33/250, real avg travel time:1127.8618980169972
step:3600/3600, q_loss:6.544100376489905e-05, rewards:-55.20220184326172, queue:13.80740737915039, delay:0.12460055947303772, throughput:1847
episode:34/250, real avg travel time:1091.2096317280452
step:3600/3600, q_loss:3.703348467954331e-05, rewards:-55.50672912597656, queue:13.878993034362793, delay:0.12304416298866272, throughput:1846
episode:35/250, real avg travel time:1104.9185552407932
Test step:35/250, travel time :1512.7825779036827, rewards:-84.04750061035156, queue:21.05978012084961, delay:0.15276090800762177, throughput:1119
step:3600/3600, q_loss:1.667002129747912e-05, rewards:-52.58317184448242, queue:13.144559860229492, delay:0.12310007214546204, throughput:1866
episode:36/250, real avg travel time:1064.2067988668555
step:3600/3600, q_loss:3.218075611203173e-05, rewards:-50.74065399169922, queue:12.68478012084961, delay:0.12115558981895447, throughput:1852
episode:37/250, real avg travel time:1051.1501416430594
step:3600/3600, q_loss:3.430191104093359e-05, rewards:-49.10810470581055, queue:12.273900032043457, delay:0.12163009494543076, throughput:1897
episode:38/250, real avg travel time:1009.5325779036827
step:3600/3600, q_loss:1.582049011586257e-05, rewards:-50.17670440673828, queue:12.54085636138916, delay:0.12021439522504807, throughput:1869
episode:39/250, real avg travel time:1026.649433427762
step:3600/3600, q_loss:2.772972450511139e-05, rewards:-52.734039306640625, queue:13.183795928955078, delay:0.12488576024770737, throughput:1836
episode:40/250, real avg travel time:1074.2379603399434
Test step:40/250, travel time :1326.2829320113315, rewards:-75.52590942382812, queue:18.92424774169922, delay:0.14063876867294312, throughput:1487
step:3600/3600, q_loss:2.8982787985170696e-05, rewards:-48.65203857421875, queue:12.153298377990723, delay:0.12010104954242706, throughput:1865
episode:41/250, real avg travel time:1005.4043909348442
step:3600/3600, q_loss:3.7215078424915307e-05, rewards:-44.75824737548828, queue:11.180902481079102, delay:0.11545239388942719, throughput:1910
episode:42/250, real avg travel time:953.300283286119
step:3600/3600, q_loss:1.5046580961939912e-05, rewards:-49.67359924316406, queue:12.416840553283691, delay:0.11997514218091965, throughput:1889
episode:43/250, real avg travel time:1017.8243626062323
step:3600/3600, q_loss:3.791156722186708e-05, rewards:-51.91728591918945, queue:12.981423377990723, delay:0.11946326494216919, throughput:1824
episode:44/250, real avg travel time:1052.018059490085
step:3600/3600, q_loss:2.001040991694655e-05, rewards:-51.34947967529297, queue:12.836516380310059, delay:0.11842218041419983, throughput:1826
episode:45/250, real avg travel time:1040.3094900849858
Test step:45/250, travel time :1241.1080028328613, rewards:-66.00260162353516, queue:16.52366828918457, delay:0.14121681451797485, throughput:1559
New best TEST travel time 1241.1080 at episode 45, saved as best checkpoint
step:3600/3600, q_loss:2.6210702748762235e-06, rewards:-49.534271240234375, queue:12.380208015441895, delay:0.11870721727609634, throughput:1830
episode:46/250, real avg travel time:1015.8810198300283
step:3600/3600, q_loss:1.073622886367418e-05, rewards:-48.75557327270508, queue:12.17725658416748, delay:0.1177363395690918, throughput:1887
episode:47/250, real avg travel time:1007.8077195467422
step:3600/3600, q_loss:4.3332217301437516e-05, rewards:-44.16344451904297, queue:11.030613899230957, delay:0.11668433994054794, throughput:1913
episode:48/250, real avg travel time:944.7014872521246
step:3600/3600, q_loss:4.066204735549328e-06, rewards:-47.77277374267578, queue:11.9374418258667, delay:0.11992166191339493, throughput:1889
episode:49/250, real avg travel time:986.1179178470255
step:3600/3600, q_loss:-2.6245582072685163e-05, rewards:-47.60948181152344, queue:11.895949363708496, delay:0.11722555011510849, throughput:1910
episode:50/250, real avg travel time:979.9830028328612
Test step:50/250, travel time :1215.7308781869688, rewards:-63.10469436645508, queue:15.792244911193848, delay:0.1389012634754181, throughput:1756
New best TEST travel time 1215.7309 at episode 50, saved as best checkpoint
step:3600/3600, q_loss:2.2924139903122445e-05, rewards:-42.27988815307617, queue:10.555208206176758, delay:0.11615660786628723, throughput:1955
episode:51/250, real avg travel time:921.3927053824362
step:3600/3600, q_loss:5.0608840063904176e-05, rewards:-44.28349685668945, queue:11.062615394592285, delay:0.11952750384807587, throughput:1950
episode:52/250, real avg travel time:940.3856232294618
step:3600/3600, q_loss:3.7685669901102414e-05, rewards:-45.37791061401367, queue:11.33506965637207, delay:0.11863762140274048, throughput:1915
episode:53/250, real avg travel time:957.3771246458923
step:3600/3600, q_loss:2.099207529142775e-05, rewards:-39.5015754699707, queue:9.86111068725586, delay:0.11910555511713028, throughput:1993
episode:54/250, real avg travel time:860.5814447592068
step:3600/3600, q_loss:3.535812548189252e-05, rewards:-41.805442810058594, queue:10.436053276062012, delay:0.11558407545089722, throughput:1969
episode:55/250, real avg travel time:908.6080028328612
Test step:55/250, travel time :1243.4369688385268, rewards:-66.70466613769531, queue:16.70376205444336, delay:0.15111736953258514, throughput:1750
step:3600/3600, q_loss:4.3419623506013996e-05, rewards:-37.90253829956055, queue:9.461169242858887, delay:0.11281592398881912, throughput:1967
episode:56/250, real avg travel time:859.679178470255
step:3600/3600, q_loss:2.996557518655871e-05, rewards:-41.148101806640625, queue:10.27430534362793, delay:0.11543352901935577, throughput:1927
episode:57/250, real avg travel time:908.9436968838527
step:3600/3600, q_loss:4.368692343295725e-06, rewards:-39.78268051147461, queue:9.93148136138916, delay:0.11301344633102417, throughput:2012
episode:58/250, real avg travel time:880.943342776204
step:3600/3600, q_loss:3.55711162239773e-05, rewards:-40.098915100097656, queue:10.01655101776123, delay:0.11359614878892899, throughput:1981
episode:59/250, real avg travel time:893.753895184136
step:3600/3600, q_loss:2.9988540695796223e-05, rewards:-40.55604553222656, queue:10.128877639770508, delay:0.11490532010793686, throughput:1977
episode:60/250, real avg travel time:881.8650849858357
Test step:60/250, travel time :1127.2340651558075, rewards:-57.78095626831055, queue:14.463830947875977, delay:0.13665670156478882, throughput:1981
New best TEST travel time 1127.2341 at episode 60, saved as best checkpoint
step:3600/3600, q_loss:1.0142721275994438e-05, rewards:-35.78168487548828, queue:8.925347328186035, delay:0.11074075847864151, throughput:2057
episode:61/250, real avg travel time:822.6890934844192
step:3600/3600, q_loss:3.0907293577552026e-05, rewards:-34.637935638427734, queue:8.640972137451172, delay:0.10866382718086243, throughput:2054
episode:62/250, real avg travel time:806.0782577903683
step:3600/3600, q_loss:7.855317434640946e-06, rewards:-33.84523391723633, queue:8.442419052124023, delay:0.10770212113857269, throughput:2032
episode:63/250, real avg travel time:802.4886685552408
step:3600/3600, q_loss:1.825193715005837e-05, rewards:-33.280975341796875, queue:8.291840553283691, delay:0.10791343450546265, throughput:2067
episode:64/250, real avg travel time:785.9663597733711
step:3600/3600, q_loss:5.713939597761189e-05, rewards:-33.68692398071289, queue:8.405787467956543, delay:0.10804405063390732, throughput:2035
episode:65/250, real avg travel time:791.5148725212465
Test step:65/250, travel time :1150.8293201133145, rewards:-59.57173538208008, queue:14.918170928955078, delay:0.14168179035186768, throughput:2013
step:3600/3600, q_loss:9.018030451656676e-05, rewards:-26.22992706298828, queue:6.519907474517822, delay:0.10130948573350906, throughput:2230
episode:66/250, real avg travel time:676.5191218130311
step:3600/3600, q_loss:5.4740266627229655e-05, rewards:-28.061664581298828, queue:6.9846062660217285, delay:0.09916731715202332, throughput:2089
episode:67/250, real avg travel time:714.6165014164307
step:3600/3600, q_loss:4.6138388081741186e-05, rewards:-32.55855941772461, queue:8.117766380310059, delay:0.1066812202334404, throughput:2105
episode:68/250, real avg travel time:766.4068696883853
step:3600/3600, q_loss:7.107295354621277e-05, rewards:-26.44919204711914, queue:6.576678276062012, delay:0.09666397422552109, throughput:2221
episode:69/250, real avg travel time:673.3590651558073
step:3600/3600, q_loss:3.252113158929587e-05, rewards:-25.59358787536621, queue:6.367534637451172, delay:0.09872043877840042, throughput:2178
episode:70/250, real avg travel time:676.7029036827196
Test step:70/250, travel time :1216.0155807365438, rewards:-62.92987823486328, queue:15.761631965637207, delay:0.14004050195217133, throughput:1725
step:3600/3600, q_loss:9.304061488903784e-05, rewards:-24.46993064880371, queue:6.078125, delay:0.09680860489606857, throughput:2222
episode:71/250, real avg travel time:640.871104815864
step:3600/3600, q_loss:6.338983478116585e-05, rewards:-28.397916793823242, queue:7.070370197296143, delay:0.10200823098421097, throughput:2190
episode:72/250, real avg travel time:672.3158640226629
step:3600/3600, q_loss:6.060498726358752e-05, rewards:-22.46161651611328, queue:5.571296215057373, delay:0.09568676352500916, throughput:2332
episode:73/250, real avg travel time:628.1526203966006
step:3600/3600, q_loss:6.862697938894047e-05, rewards:-26.88636589050293, queue:6.688889026641846, delay:0.10440705716609955, throughput:2266
episode:74/250, real avg travel time:690.6876770538244
step:3600/3600, q_loss:3.954707206525829e-05, rewards:-35.971900939941406, queue:8.980613708496094, delay:0.1098591685295105, throughput:2082
episode:75/250, real avg travel time:809.4256373937677
Test step:75/250, travel time :1294.0007082152974, rewards:-67.78942108154297, queue:16.972627639770508, delay:0.14343415200710297, throughput:1630
step:3600/3600, q_loss:6.076111652267476e-05, rewards:-25.860137939453125, queue:6.430787086486816, delay:0.09807207435369492, throughput:2214
episode:76/250, real avg travel time:669.2776203966006
step:3600/3600, q_loss:9.282981189266766e-06, rewards:-24.083934783935547, queue:5.982234001159668, delay:0.0989472046494484, throughput:2281
episode:77/250, real avg travel time:645.7064447592068
step:3600/3600, q_loss:1.1914570522667081e-05, rewards:-23.859933853149414, queue:5.927430629730225, delay:0.10059336572885513, throughput:2273
episode:78/250, real avg travel time:634.5987960339943
step:3600/3600, q_loss:2.760790916516181e-05, rewards:-17.27652931213379, queue:4.263888835906982, delay:0.09197353571653366, throughput:2456
episode:79/250, real avg travel time:538.3024079320113
step:3600/3600, q_loss:4.415033244309418e-05, rewards:-20.540834426879883, queue:5.086400508880615, delay:0.09741075336933136, throughput:2433
episode:80/250, real avg travel time:565.0109773371105
Test step:80/250, travel time :1273.6487252124646, rewards:-68.36302947998047, queue:17.127429962158203, delay:0.1451292186975479, throughput:1814
step:3600/3600, q_loss:6.26855524095856e-05, rewards:-22.108978271484375, queue:5.486227035522461, delay:0.09546183794736862, throughput:2517
episode:81/250, real avg travel time:593.6646600566572
step:3600/3600, q_loss:-2.5214786198634056e-06, rewards:-15.303796768188477, queue:3.7682292461395264, delay:0.086530901491642, throughput:2560
episode:82/250, real avg travel time:512.5378895184136
step:3600/3600, q_loss:-1.4226989501535341e-05, rewards:-14.938633918762207, queue:3.6673033237457275, delay:0.08836816251277924, throughput:2572
episode:83/250, real avg travel time:500.3509206798867
step:3600/3600, q_loss:-4.340669163215308e-06, rewards:-13.35974407196045, queue:3.2728588581085205, delay:0.08548908680677414, throughput:2592
episode:84/250, real avg travel time:462.3307365439093
step:3600/3600, q_loss:-7.510881865236127e-06, rewards:-12.209396362304688, queue:2.9834489822387695, delay:0.08374316245317459, throughput:2606
episode:85/250, real avg travel time:453.00920679886684
Test step:85/250, travel time :1191.2754957507082, rewards:-63.826683044433594, queue:15.986515998840332, delay:0.1408235728740692, throughput:1927
step:3600/3600, q_loss:6.711454257185077e-06, rewards:-11.407755851745605, queue:2.783564805984497, delay:0.08479578047990799, throughput:2630
episode:86/250, real avg travel time:433.47946175637395
step:3600/3600, q_loss:6.692200815765027e-06, rewards:-9.779560089111328, queue:2.3748843669891357, delay:0.08122367411851883, throughput:2661
episode:87/250, real avg travel time:376.5881728045326
step:3600/3600, q_loss:6.553373244924494e-06, rewards:-9.608588218688965, queue:2.333275556564331, delay:0.07992951571941376, throughput:2677
episode:88/250, real avg travel time:376.0881728045326
step:3600/3600, q_loss:-7.891944066310923e-06, rewards:-10.389166831970215, queue:2.527604103088379, delay:0.08104173839092255, throughput:2697
episode:89/250, real avg travel time:375.2769121813031
step:3600/3600, q_loss:-4.124074073416399e-06, rewards:-9.497407913208008, queue:2.3039352893829346, delay:0.07973390817642212, throughput:2718
episode:90/250, real avg travel time:361.6207507082153
Test step:90/250, travel time :428.80169971671387, rewards:-14.968287467956543, queue:3.6979167461395264, delay:0.09643956273794174, throughput:2693
New best TEST travel time 428.8017 at episode 90, saved as best checkpoint
step:3600/3600, q_loss:-1.0559419716167964e-05, rewards:-9.960208892822266, queue:2.4159722328186035, delay:0.08066035807132721, throughput:2711
episode:91/250, real avg travel time:374.0754249291785
step:3600/3600, q_loss:-1.0153871995431405e-05, rewards:-9.815717697143555, queue:2.379340171813965, delay:0.07936851680278778, throughput:2708
episode:92/250, real avg travel time:366.3919971671388
step:3600/3600, q_loss:-1.5100579993385407e-05, rewards:-8.342476844787598, queue:2.0062499046325684, delay:0.07433844357728958, throughput:2721
episode:93/250, real avg travel time:345.84773371104814
step:3600/3600, q_loss:-1.931510557403305e-05, rewards:-8.094653129577637, queue:1.9516782760620117, delay:0.0730578824877739, throughput:2724
episode:94/250, real avg travel time:336.8693342776204
step:3600/3600, q_loss:-1.0311391950515962e-05, rewards:-7.152708530426025, queue:1.708449125289917, delay:0.07068978995084763, throughput:2745
episode:95/250, real avg travel time:305.60127478753543
Test step:95/250, travel time :371.4387393767705, rewards:-11.574539184570312, queue:2.8531250953674316, delay:0.08258712291717529, throughput:2655
New best TEST travel time 371.4387 at episode 95, saved as best checkpoint
step:3600/3600, q_loss:2.9997979894418406e-06, rewards:-6.505833625793457, queue:1.54537034034729, delay:0.0700141042470932, throughput:2805
episode:96/250, real avg travel time:288.2415014164306
step:3600/3600, q_loss:-4.327815402598109e-07, rewards:-5.568124294281006, queue:1.311689853668213, delay:0.06729582697153091, throughput:2804
episode:97/250, real avg travel time:269.1395184135977
step:3600/3600, q_loss:-1.0494977368018877e-05, rewards:-5.79597282409668, queue:1.3674190044403076, delay:0.06771363317966461, throughput:2801
episode:98/250, real avg travel time:274.42067988668555
step:3600/3600, q_loss:-2.6795609364067608e-05, rewards:-5.976991176605225, queue:1.4154514074325562, delay:0.0660790503025055, throughput:2795
episode:99/250, real avg travel time:276.41501416430594
step:3600/3600, q_loss:-1.6092270775123234e-05, rewards:-4.716990947723389, queue:1.1039930582046509, delay:0.0627051293849945, throughput:2801
episode:100/250, real avg travel time:253.19475920679886
Test step:100/250, travel time :271.9468838526912, rewards:-6.671597003936768, queue:1.6196180582046509, delay:0.06483733654022217, throughput:2808
New best TEST travel time 271.9469 at episode 100, saved as best checkpoint
step:3600/3600, q_loss:-1.90791107331874e-05, rewards:-4.787269115447998, queue:1.117766261100769, delay:0.0627184584736824, throughput:2808
episode:101/250, real avg travel time:256.35977337110484
step:3600/3600, q_loss:-2.244429861879505e-05, rewards:-4.657801151275635, queue:1.0842013359069824, delay:0.06186627969145775, throughput:2808
episode:102/250, real avg travel time:253.12818696883852
step:3600/3600, q_loss:-2.9356919091056894e-05, rewards:-4.174652576446533, queue:0.9622106552124023, delay:0.059922076761722565, throughput:2806
episode:103/250, real avg travel time:241.45856940509915
step:3600/3600, q_loss:-3.214646332011915e-05, rewards:-4.150972366333008, queue:0.9582176208496094, delay:0.05954476818442345, throughput:2805
episode:104/250, real avg travel time:241.6685552407932
step:3600/3600, q_loss:-3.164891745711182e-05, rewards:-4.1797919273376465, queue:0.9677662253379822, delay:0.06008119881153107, throughput:2804
episode:105/250, real avg travel time:241.94759206798867
Test step:105/250, travel time :256.042492917847, rewards:-5.90692138671875, queue:1.4301505088806152, delay:0.05904638022184372, throughput:2774
New best TEST travel time 256.0425 at episode 105, saved as best checkpoint
step:3600/3600, q_loss:-3.2876513360850054e-05, rewards:-3.9937727451324463, queue:0.9200231432914734, delay:0.058368001133203506, throughput:2806
episode:106/250, real avg travel time:238.19405099150143
step:3600/3600, q_loss:-3.441484791606113e-05, rewards:-3.8900465965270996, queue:0.8947916626930237, delay:0.057126231491565704, throughput:2803
episode:107/250, real avg travel time:236.7415014164306
step:3600/3600, q_loss:-3.9784537260363135e-05, rewards:-3.9451849460601807, queue:0.9096643328666687, delay:0.057283904403448105, throughput:2803
episode:108/250, real avg travel time:235.4801699716714
step:3600/3600, q_loss:-4.452701365534952e-05, rewards:-4.032523155212402, queue:0.9333912134170532, delay:0.05600119009613991, throughput:2799
episode:109/250, real avg travel time:235.53718130311614
step:3600/3600, q_loss:-4.134128652771728e-05, rewards:-3.7028472423553467, queue:0.855381965637207, delay:0.054269954562187195, throughput:2805
episode:110/250, real avg travel time:229.07471671388103
Test step:110/250, travel time :222.46175637393767, rewards:-3.9021756649017334, queue:0.9348379373550415, delay:0.04930368810892105, throughput:2802
New best TEST travel time 222.4618 at episode 110, saved as best checkpoint
step:3600/3600, q_loss:-4.1015776532506685e-05, rewards:-3.4744670391082764, queue:0.8034722208976746, delay:0.05311938375234604, throughput:2805
episode:111/250, real avg travel time:223.74893767705382
step:3600/3600, q_loss:-3.921633516582028e-05, rewards:-3.446481227874756, queue:0.7950810194015503, delay:0.05271778628230095, throughput:2803
episode:112/250, real avg travel time:222.46848441926346
step:3600/3600, q_loss:-4.1374369929717095e-05, rewards:-3.3286807537078857, queue:0.7721064686775208, delay:0.049040015786886215, throughput:2804
episode:113/250, real avg travel time:219.56940509915015
step:3600/3600, q_loss:-3.4713059488430984e-05, rewards:-2.953148126602173, queue:0.6791087985038757, delay:0.04747825860977173, throughput:2805
episode:114/250, real avg travel time:213.2893059490085
step:3600/3600, q_loss:-3.515742751511021e-05, rewards:-2.9102768898010254, queue:0.6690972447395325, delay:0.047008614987134933, throughput:2809
episode:115/250, real avg travel time:213.18519830028328
Test step:115/250, travel time :204.64660056657223, rewards:-2.7929630279541016, queue:0.6601273417472839, delay:0.04086237773299217, throughput:2806
New best TEST travel time 204.6466 at episode 115, saved as best checkpoint
step:3600/3600, q_loss:-2.8628675392139016e-05, rewards:-2.7724769115448, queue:0.6343749761581421, delay:0.04439381882548332, throughput:2805
episode:116/250, real avg travel time:209.9748583569405
step:3600/3600, q_loss:-3.725298278660364e-05, rewards:-2.753634214401245, queue:0.6322916746139526, delay:0.043956365436315536, throughput:2806
episode:117/250, real avg travel time:208.71671388101984
step:3600/3600, q_loss:-2.9239762232374446e-05, rewards:-2.601250171661377, queue:0.5976273417472839, delay:0.04249425232410431, throughput:2804
episode:118/250, real avg travel time:206.5265580736544
step:3600/3600, q_loss:-3.2774744703388414e-05, rewards:-2.475555658340454, queue:0.565567135810852, delay:0.04090113192796707, throughput:2802
episode:119/250, real avg travel time:204.27053824362605
step:3600/3600, q_loss:-2.8551615455567283e-05, rewards:-2.4886341094970703, queue:0.567939817905426, delay:0.040800970047712326, throughput:2804
episode:120/250, real avg travel time:205.17599150141643
Test step:120/250, travel time :195.72733711048159, rewards:-2.137847423553467, queue:0.49085646867752075, delay:0.03295503556728363, throughput:2806
New best TEST travel time 195.7273 at episode 120, saved as best checkpoint
step:3600/3600, q_loss:-2.63255761783961e-05, rewards:-2.399907112121582, queue:0.5456018447875977, delay:0.03964531049132347, throughput:2807
episode:121/250, real avg travel time:203.86898016997168
step:3600/3600, q_loss:-2.4731004650900027e-05, rewards:-2.0531249046325684, queue:0.45954862236976624, delay:0.03799420967698097, throughput:2805
episode:122/250, real avg travel time:198.4787535410765
step:3600/3600, q_loss:-3.2106044890508513e-05, rewards:-2.3282406330108643, queue:0.528124988079071, delay:0.03806690126657486, throughput:2806
episode:123/250, real avg travel time:202.2623937677054
step:3600/3600, q_loss:-2.9461686485044565e-05, rewards:-2.134976863861084, queue:0.4790509343147278, delay:0.037606965750455856, throughput:2806
episode:124/250, real avg travel time:199.1037535410765
step:3600/3600, q_loss:-2.5066726425674134e-05, rewards:-1.990532398223877, queue:0.44490739703178406, delay:0.03682950139045715, throughput:2807
episode:125/250, real avg travel time:196.68838526912182
Test step:125/250, travel time :193.27018413597733, rewards:-2.0016896724700928, queue:0.4575810134410858, delay:0.03188756853342056, throughput:2804
New best TEST travel time 193.2702 at episode 125, saved as best checkpoint
step:3600/3600, q_loss:-2.8338112270482525e-05, rewards:-2.086805582046509, queue:0.4702546298503876, delay:0.036792006343603134, throughput:2807
episode:126/250, real avg travel time:197.79532577903683
step:3600/3600, q_loss:-2.860885636628042e-05, rewards:-2.116180658340454, queue:0.47766202688217163, delay:0.03646937385201454, throughput:2804
episode:127/250, real avg travel time:198.19369688385268
step:3600/3600, q_loss:-2.150559416299479e-05, rewards:-1.727500081062317, queue:0.38165509700775146, delay:0.033920351415872574, throughput:2808
episode:128/250, real avg travel time:192.0842776203966
step:3600/3600, q_loss:-2.434582026951291e-05, rewards:-1.7760186195373535, queue:0.39351850748062134, delay:0.03464208543300629, throughput:2808
episode:129/250, real avg travel time:192.84171388101984
step:3600/3600, q_loss:-2.351222465671369e-05, rewards:-1.8956482410430908, queue:0.4229166805744171, delay:0.03626260533928871, throughput:2808
episode:130/250, real avg travel time:195.40474504249292
Test step:130/250, travel time :190.80488668555242, rewards:-1.8469210863113403, queue:0.42129629850387573, delay:0.03162989765405655, throughput:2808
New best TEST travel time 190.8049 at episode 130, saved as best checkpoint
step:3600/3600, q_loss:-2.4180154062456876e-05, rewards:-1.8572453260421753, queue:0.41377314925193787, delay:0.03528130054473877, throughput:2807
episode:131/250, real avg travel time:193.9649433427762
step:3600/3600, q_loss:-2.9881069052929953e-05, rewards:-1.865277647972107, queue:0.4131365716457367, delay:0.03515789657831192, throughput:2807
episode:132/250, real avg travel time:195.16253541076486
step:3600/3600, q_loss:-2.506238452940719e-05, rewards:-1.7684955596923828, queue:0.3907407522201538, delay:0.03420531749725342, throughput:2809
episode:133/250, real avg travel time:193.58463172804534
step:3600/3600, q_loss:-2.0778954372580313e-05, rewards:-1.6863657236099243, queue:0.3725115656852722, delay:0.033325377851724625, throughput:2805
episode:134/250, real avg travel time:191.76487252124645
step:3600/3600, q_loss:-2.182743633898941e-05, rewards:-1.663541555404663, queue:0.3664930462837219, delay:0.03295522555708885, throughput:2808
episode:135/250, real avg travel time:191.92811614730877
Test step:135/250, travel time :187.67563739376772, rewards:-1.6000921726226807, queue:0.3565393388271332, delay:0.029278242960572243, throughput:2807
New best TEST travel time 187.6756 at episode 135, saved as best checkpoint
step:3600/3600, q_loss:-2.055550529477819e-05, rewards:-1.668796420097351, queue:0.36840277910232544, delay:0.03308316320180893, throughput:2811
episode:136/250, real avg travel time:191.532223796034
step:3600/3600, q_loss:-2.3543889803903893e-05, rewards:-1.6393287181854248, queue:0.3584490716457367, delay:0.0328027568757534, throughput:2809
episode:137/250, real avg travel time:190.18944759206798
step:3600/3600, q_loss:-1.5275816599849933e-05, rewards:-1.6201618909835815, queue:0.3549768626689911, delay:0.032312918454408646, throughput:2809
episode:138/250, real avg travel time:190.14128895184135
step:3600/3600, q_loss:-2.244975535345643e-05, rewards:-1.5673378705978394, queue:0.3447338044643402, delay:0.03181561827659607, throughput:2807
episode:139/250, real avg travel time:188.90686968838526
step:3600/3600, q_loss:-2.0188779784309e-05, rewards:-1.5576850175857544, queue:0.34317129850387573, delay:0.03162379190325737, throughput:2809
episode:140/250, real avg travel time:188.67953257790367
Test step:140/250, travel time :183.8806657223796, rewards:-1.431921362876892, queue:0.31898146867752075, delay:0.028864096850156784, throughput:2806
New best TEST travel time 183.8807 at episode 140, saved as best checkpoint
step:3600/3600, q_loss:-1.7770260959047317e-05, rewards:-1.5578935146331787, queue:0.34375, delay:0.03192592039704323, throughput:2808
episode:141/250, real avg travel time:187.731940509915
step:3600/3600, q_loss:-1.8656687928869586e-05, rewards:-1.461828589439392, queue:0.32002314925193787, delay:0.030202021822333336, throughput:2806
episode:142/250, real avg travel time:186.06905099150143
step:3600/3600, q_loss:-1.8940833637945033e-05, rewards:-1.4422454833984375, queue:0.3143518567085266, delay:0.02994600310921669, throughput:2809
episode:143/250, real avg travel time:186.25389518413598
step:3600/3600, q_loss:-1.9953607360223008e-05, rewards:-1.4204860925674438, queue:0.31024307012557983, delay:0.029672740027308464, throughput:2811
episode:144/250, real avg travel time:185.87004249291786
step:3600/3600, q_loss:-1.093439537209723e-05, rewards:-1.4061806201934814, queue:0.30405092239379883, delay:0.029606884345412254, throughput:2808
episode:145/250, real avg travel time:185.71742209631728
Test step:145/250, travel time :181.485835694051, rewards:-1.2693982124328613, queue:0.2787036895751953, delay:0.02696577087044716, throughput:2809
New best TEST travel time 181.4858 at episode 145, saved as best checkpoint
step:3600/3600, q_loss:-1.562431150685168e-05, rewards:-1.3977313041687012, queue:0.3022569417953491, delay:0.029358524829149246, throughput:2808
episode:146/250, real avg travel time:186.13385269121812
step:3600/3600, q_loss:-1.7326563703798815e-05, rewards:-1.366319179534912, queue:0.29641205072402954, delay:0.028842229396104813, throughput:2808
episode:147/250, real avg travel time:185.29532577903683
step:3600/3600, q_loss:-1.3263761403648482e-05, rewards:-1.355624794960022, queue:0.29386574029922485, delay:0.02871878631412983, throughput:2806
episode:148/250, real avg travel time:184.8654390934844
step:3600/3600, q_loss:-1.681754631450239e-05, rewards:-1.3727779388427734, queue:0.2976273000240326, delay:0.029086342081427574, throughput:2806
episode:149/250, real avg travel time:184.77266288951841
step:3600/3600, q_loss:-7.66828775845675e-06, rewards:-1.3591898679733276, queue:0.2978588044643402, delay:0.028970835730433464, throughput:2808
episode:150/250, real avg travel time:183.93449008498584
Test step:150/250, travel time :180.80134560906515, rewards:-1.2450926303863525, queue:0.2733796238899231, delay:0.026643401011824608, throughput:2809
New best TEST travel time 180.8013 at episode 150, saved as best checkpoint
step:3600/3600, q_loss:-1.152774534995932e-05, rewards:-1.3577083349227905, queue:0.29386574029922485, delay:0.028907516971230507, throughput:2807
episode:151/250, real avg travel time:184.00601983002832
step:3600/3600, q_loss:-1.7579228284533054e-05, rewards:-1.362777829170227, queue:0.29820603132247925, delay:0.028872588649392128, throughput:2809
episode:152/250, real avg travel time:184.57896600566573
step:3600/3600, q_loss:-8.445925256783533e-06, rewards:-1.3125001192092896, queue:0.2828125059604645, delay:0.027812795713543892, throughput:2808
episode:153/250, real avg travel time:183.4734419263456
step:3600/3600, q_loss:-1.8559880324719866e-05, rewards:-1.2787961959838867, queue:0.2742476761341095, delay:0.02769814059138298, throughput:2808
episode:154/250, real avg travel time:183.6501416430595
step:3600/3600, q_loss:-1.5870762832985936e-05, rewards:-1.2986111640930176, queue:0.27928242087364197, delay:0.027640221640467644, throughput:2808
episode:155/250, real avg travel time:183.17103399433427
Test step:155/250, travel time :180.51310198300283, rewards:-1.2061342000961304, queue:0.26174768805503845, delay:0.026126788929104805, throughput:2808
New best TEST travel time 180.5131 at episode 155, saved as best checkpoint
step:3600/3600, q_loss:-1.669391340441013e-05, rewards:-1.3059722185134888, queue:0.28148147463798523, delay:0.0279306061565876, throughput:2808
episode:156/250, real avg travel time:183.2064447592068
step:3600/3600, q_loss:-1.210961153121366e-05, rewards:-1.301296353340149, queue:0.2828125059604645, delay:0.02786935865879059, throughput:2809
episode:157/250, real avg travel time:183.3413597733711
step:3600/3600, q_loss:-1.2713107266060915e-05, rewards:-1.334351897239685, queue:0.28935185074806213, delay:0.02809411659836769, throughput:2808
episode:158/250, real avg travel time:183.9001416430595
step:3600/3600, q_loss:-1.5667666297371465e-05, rewards:-1.2916203737258911, queue:0.27910879254341125, delay:0.027675600722432137, throughput:2808
episode:159/250, real avg travel time:183.1193342776204
step:3600/3600, q_loss:-2.059966856096354e-05, rewards:-1.297800898551941, queue:0.2813657522201538, delay:0.027502458542585373, throughput:2810
episode:160/250, real avg travel time:183.4663597733711
Test step:160/250, travel time :179.93661473087818, rewards:-1.173611044883728, queue:0.2532986104488373, delay:0.025375431403517723, throughput:2807
New best TEST travel time 179.9366 at episode 160, saved as best checkpoint
step:3600/3600, q_loss:-1.5242477012280789e-05, rewards:-1.2673379182815552, queue:0.2734953761100769, delay:0.02722086012363434, throughput:2808
episode:161/250, real avg travel time:182.93519830028328
step:3600/3600, q_loss:-7.843463624149193e-06, rewards:-1.2500231266021729, queue:0.26851850748062134, delay:0.02705736830830574, throughput:2808
episode:162/250, real avg travel time:182.06267705382436
step:3600/3600, q_loss:-6.597665789606118e-06, rewards:-1.2706482410430908, queue:0.2699652910232544, delay:0.02700415998697281, throughput:2810
episode:163/250, real avg travel time:182.74504249291786
step:3600/3600, q_loss:-1.4951736608773102e-05, rewards:-1.2150461673736572, queue:0.2620370388031006, delay:0.026382163166999817, throughput:2809
episode:164/250, real avg travel time:181.83675637393767
step:3600/3600, q_loss:-1.2464870132482898e-05, rewards:-1.2086575031280518, queue:0.2611689865589142, delay:0.026265332475304604, throughput:2811
episode:165/250, real avg travel time:181.55878186968837
Test step:165/250, travel time :179.4521954674221, rewards:-1.123402714729309, queue:0.24184027314186096, delay:0.024612898007035255, throughput:2809
New best TEST travel time 179.4522 at episode 165, saved as best checkpoint
step:3600/3600, q_loss:-9.365819457826424e-06, rewards:-1.179513931274414, queue:0.2525463104248047, delay:0.02564367651939392, throughput:2809
episode:166/250, real avg travel time:181.02549575070822
step:3600/3600, q_loss:-1.3544844293874906e-05, rewards:-1.2522222995758057, queue:0.2663773000240326, delay:0.02689543552696705, throughput:2811
episode:167/250, real avg travel time:182.97592067988668
step:3600/3600, q_loss:-7.574258653883949e-06, rewards:-1.1836341619491577, queue:0.25219908356666565, delay:0.02594926580786705, throughput:2809
episode:168/250, real avg travel time:181.19830028328613
step:3600/3600, q_loss:-4.998722543399551e-06, rewards:-1.2227314710617065, queue:0.2623842656612396, delay:0.026634331792593002, throughput:2809
episode:169/250, real avg travel time:182.078611898017
step:3600/3600, q_loss:-8.658961451146752e-06, rewards:-1.1797221899032593, queue:0.25063657760620117, delay:0.0254113357514143, throughput:2810
episode:170/250, real avg travel time:181.1165014164306
Test step:170/250, travel time :178.95892351274787, rewards:-1.0818054676055908, queue:0.23072916269302368, delay:0.023986170068383217, throughput:2811
New best TEST travel time 178.9589 at episode 170, saved as best checkpoint
step:3600/3600, q_loss:-3.6527220530573416e-06, rewards:-1.190555453300476, queue:0.2534143626689911, delay:0.026120787486433983, throughput:2811
episode:171/250, real avg travel time:181.44511331444758
step:3600/3600, q_loss:-1.0905547170284676e-05, rewards:-1.2176388502120972, queue:0.2587384283542633, delay:0.026470908895134926, throughput:2808
episode:172/250, real avg travel time:182.2698300283286
step:3600/3600, q_loss:-1.1707582212064736e-05, rewards:-1.2110415697097778, queue:0.2561921179294586, delay:0.026331713423132896, throughput:2809
episode:173/250, real avg travel time:182.02053824362605
step:3600/3600, q_loss:-1.0644785490714842e-05, rewards:-1.1715741157531738, queue:0.24947915971279144, delay:0.025748008862137794, throughput:2808
episode:174/250, real avg travel time:181.30665722379604
step:3600/3600, q_loss:-1.1938443568385677e-05, rewards:-1.1568748950958252, queue:0.24508102238178253, delay:0.02539418824017048, throughput:2810
episode:175/250, real avg travel time:181.0237252124646
Test step:175/250, travel time :179.67599150141643, rewards:-1.1081249713897705, queue:0.23645833134651184, delay:0.024498214945197105, throughput:2809
step:3600/3600, q_loss:-1.6144170324507824e-05, rewards:-1.1762731075286865, queue:0.25109952688217163, delay:0.025842422619462013, throughput:2810
episode:176/250, real avg travel time:181.31657223796034
step:3600/3600, q_loss:-1.5347469278272058e-05, rewards:-1.1987731456756592, queue:0.25561341643333435, delay:0.02601616643369198, throughput:2809
episode:177/250, real avg travel time:181.7684135977337
step:3600/3600, q_loss:-9.831293330838283e-06, rewards:-1.1730555295944214, queue:0.2509259283542633, delay:0.025775009766221046, throughput:2809
episode:178/250, real avg travel time:181.1264164305949
step:3600/3600, q_loss:-8.956031093408388e-06, rewards:-1.2013194561004639, queue:0.25653934478759766, delay:0.026106834411621094, throughput:2811
episode:179/250, real avg travel time:181.58923512747876
step:3600/3600, q_loss:-4.612069029395503e-06, rewards:-1.1676851511001587, queue:0.25057870149612427, delay:0.02560727670788765, throughput:2808
episode:180/250, real avg travel time:180.82330028328613
Test step:180/250, travel time :179.7301699716714, rewards:-1.1121296882629395, queue:0.23767361044883728, delay:0.02424473874270916, throughput:2810
step:3600/3600, q_loss:-4.4280060126451935e-06, rewards:-1.1527084112167358, queue:0.24664351344108582, delay:0.02524658478796482, throughput:2811
episode:181/250, real avg travel time:180.97981586402267
step:3600/3600, q_loss:-7.78225737043231e-06, rewards:-1.173055648803711, queue:0.25219908356666565, delay:0.025566214695572853, throughput:2811
episode:182/250, real avg travel time:180.9015580736544
step:3600/3600, q_loss:-1.023286809127226e-05, rewards:-1.1610416173934937, queue:0.24843749403953552, delay:0.02534002996981144, throughput:2810
episode:183/250, real avg travel time:180.43590651558074
step:3600/3600, q_loss:-3.660391361515877e-06, rewards:-1.169722318649292, queue:0.2541087865829468, delay:0.025398924946784973, throughput:2809
episode:184/250, real avg travel time:180.42174220963173
step:3600/3600, q_loss:-4.55832855494256e-06, rewards:-1.157824158668518, queue:0.2482060194015503, delay:0.02508057840168476, throughput:2809
episode:185/250, real avg travel time:180.34525495750708
Test step:185/250, travel time :178.41182719546742, rewards:-1.0887500047683716, queue:0.23391203582286835, delay:0.023844975978136063, throughput:2810
New best TEST travel time 178.4118 at episode 185, saved as best checkpoint
step:3600/3600, q_loss:-1.673751399653998e-05, rewards:-1.1554629802703857, queue:0.24670138955116272, delay:0.025346137583255768, throughput:2810
episode:186/250, real avg travel time:180.139164305949
step:3600/3600, q_loss:-7.161535293921645e-06, rewards:-1.170462965965271, queue:0.25133103132247925, delay:0.025411229580640793, throughput:2810
episode:187/250, real avg travel time:180.51310198300283
step:3600/3600, q_loss:-3.125957740804204e-06, rewards:-1.1449768543243408, queue:0.2438657432794571, delay:0.02511417306959629, throughput:2811
episode:188/250, real avg travel time:180.00779036827194
step:3600/3600, q_loss:-8.7840205207927e-06, rewards:-1.1516435146331787, queue:0.2475115805864334, delay:0.02524394728243351, throughput:2809
episode:189/250, real avg travel time:179.87854107648724
step:3600/3600, q_loss:-3.1536236623831e-06, rewards:-1.1437500715255737, queue:0.2482060194015503, delay:0.025098292157053947, throughput:2810
episode:190/250, real avg travel time:179.93803116147308
Test step:190/250, travel time :178.50460339943342, rewards:-1.1007639169692993, queue:0.2369212955236435, delay:0.02429264225065708, throughput:2811
step:3600/3600, q_loss:-1.5563447636345193e-05, rewards:-1.1511343717575073, queue:0.24606481194496155, delay:0.025295991450548172, throughput:2810
episode:191/250, real avg travel time:180.03470254957506
step:3600/3600, q_loss:-1.0735997452291396e-05, rewards:-1.142199158668518, queue:0.24513888359069824, delay:0.02498418092727661, throughput:2810
episode:192/250, real avg travel time:179.86756373937678
step:3600/3600, q_loss:-6.439296559597377e-06, rewards:-1.1204166412353516, queue:0.2403356432914734, delay:0.02473343349993229, throughput:2810
episode:193/250, real avg travel time:179.610835694051
step:3600/3600, q_loss:-5.940098443390503e-06, rewards:-1.0922915935516357, queue:0.23414352536201477, delay:0.02449539490044117, throughput:2811
episode:194/250, real avg travel time:179.35304532577905
step:3600/3600, q_loss:-1.5738545191175314e-05, rewards:-1.1325230598449707, queue:0.2439814805984497, delay:0.02504686638712883, throughput:2810
episode:195/250, real avg travel time:179.83392351274787
Test step:195/250, travel time :178.34808781869688, rewards:-1.0687962770462036, queue:0.22800925374031067, delay:0.023731252178549767, throughput:2810
New best TEST travel time 178.3481 at episode 195, saved as best checkpoint
step:3600/3600, q_loss:-1.6128827054570946e-05, rewards:-1.1164815425872803, queue:0.23744213581085205, delay:0.024861114099621773, throughput:2811
episode:196/250, real avg travel time:179.46175637393767
step:3600/3600, q_loss:-2.2263402503018303e-06, rewards:-1.1176620721817017, queue:0.23854166269302368, delay:0.024934343993663788, throughput:2808
episode:197/250, real avg travel time:179.62287535410766
step:3600/3600, q_loss:-5.855836584318981e-06, rewards:-1.0801852941513062, queue:0.22899305820465088, delay:0.023970946669578552, throughput:2811
episode:198/250, real avg travel time:178.9791076487252
step:3600/3600, q_loss:-4.186777234146441e-06, rewards:-1.113101840019226, queue:0.23836804926395416, delay:0.02482585422694683, throughput:2811
episode:199/250, real avg travel time:179.68342776203966
step:3600/3600, q_loss:2.9003330977794568e-06, rewards:-1.1103936433792114, queue:0.23836804926395416, delay:0.024637321010231972, throughput:2810
episode:200/250, real avg travel time:179.42599150141643
Test step:200/250, travel time :177.60198300283287, rewards:-1.034305453300476, queue:0.22071759402751923, delay:0.023306874558329582, throughput:2811
New best TEST travel time 177.6020 at episode 200, saved as best checkpoint
step:3600/3600, q_loss:-4.78771725744239e-06, rewards:-1.0728933811187744, queue:0.23055554926395416, delay:0.024174528196454048, throughput:2810
episode:201/250, real avg travel time:178.70821529745044
step:3600/3600, q_loss:-5.60922028258282e-06, rewards:-1.0944212675094604, queue:0.23229166865348816, delay:0.024381160736083984, throughput:2810
episode:202/250, real avg travel time:179.34383852691218
step:3600/3600, q_loss:-1.0997954454922612e-05, rewards:-1.10652756690979, queue:0.2369212955236435, delay:0.024446537718176842, throughput:2811
episode:203/250, real avg travel time:179.4847733711048
step:3600/3600, q_loss:-1.4658179547333008e-05, rewards:-1.072662115097046, queue:0.22789351642131805, delay:0.024364890530705452, throughput:2810
episode:204/250, real avg travel time:178.69936260623228
step:3600/3600, q_loss:-7.022619459427387e-06, rewards:-1.1026850938796997, queue:0.23640047013759613, delay:0.02451665699481964, throughput:2810
episode:205/250, real avg travel time:179.33392351274787
Test step:205/250, travel time :176.79851274787535, rewards:-0.9799768924713135, queue:0.20700231194496155, delay:0.022501159459352493, throughput:2809
New best TEST travel time 176.7985 at episode 205, saved as best checkpoint
step:3600/3600, q_loss:-9.093796104957338e-06, rewards:-1.0769213438034058, queue:0.22893518209457397, delay:0.024466807022690773, throughput:2811
episode:206/250, real avg travel time:179.0095609065156
step:3600/3600, q_loss:-8.546293139699158e-06, rewards:-1.0753241777420044, queue:0.23107638955116272, delay:0.024059614166617393, throughput:2811
episode:207/250, real avg travel time:178.76451841359773
step:3600/3600, q_loss:-1.0658000156795031e-05, rewards:-1.056689739227295, queue:0.2247106432914734, delay:0.024299392476677895, throughput:2810
episode:208/250, real avg travel time:178.6080028328612
step:3600/3600, q_loss:-1.0840545363873704e-05, rewards:-1.0757174491882324, queue:0.23038195073604584, delay:0.024236248806118965, throughput:2810
episode:209/250, real avg travel time:178.5941926345609
step:3600/3600, q_loss:-1.5998268690402906e-05, rewards:-1.1097222566604614, queue:0.23721064627170563, delay:0.02499397099018097, throughput:2811
episode:210/250, real avg travel time:179.44652974504248
Test step:210/250, travel time :176.46742209631728, rewards:-0.9752777218818665, queue:0.2075231522321701, delay:0.02245776541531086, throughput:2811
New best TEST travel time 176.4674 at episode 210, saved as best checkpoint
step:3600/3600, q_loss:-6.087192166797863e-07, rewards:-1.0649536848068237, queue:0.22876156866550446, delay:0.02418043464422226, throughput:2810
episode:211/250, real avg travel time:178.61189801699717
step:3600/3600, q_loss:-8.399752874134316e-06, rewards:-1.0614813566207886, queue:0.22540509700775146, delay:0.024067994207143784, throughput:2810
episode:212/250, real avg travel time:178.77337110481585
step:3600/3600, q_loss:-9.990989408070612e-06, rewards:-1.0737500190734863, queue:0.22968749701976776, delay:0.024459881708025932, throughput:2810
episode:213/250, real avg travel time:178.671388101983
step:3600/3600, q_loss:-5.676892832536711e-06, rewards:-1.0746296644210815, queue:0.22887732088565826, delay:0.02418339252471924, throughput:2810
episode:214/250, real avg travel time:179.0056657223796
step:3600/3600, q_loss:-3.0603543474384938e-06, rewards:-1.112708330154419, queue:0.2404513955116272, delay:0.02461213245987892, throughput:2810
episode:215/250, real avg travel time:178.99398016997168
Test step:215/250, travel time :176.99964589235128, rewards:-1.0086110830307007, queue:0.21516203880310059, delay:0.02339460514485836, throughput:2810
step:3600/3600, q_loss:-2.5026818570669418e-06, rewards:-1.07687509059906, queue:0.22991898655891418, delay:0.024322127923369408, throughput:2810
episode:216/250, real avg travel time:178.98229461756375
step:3600/3600, q_loss:-7.5852366007669015e-06, rewards:-1.0908564329147339, queue:0.23148147761821747, delay:0.02451338618993759, throughput:2811
episode:217/250, real avg travel time:178.8611898016997
step:3600/3600, q_loss:-7.168900413455924e-06, rewards:-1.055439829826355, queue:0.22465278208255768, delay:0.024131303653120995, throughput:2809
episode:218/250, real avg travel time:178.3916430594901
step:3600/3600, q_loss:-8.596304964337405e-06, rewards:-1.0604166984558105, queue:0.22557871043682098, delay:0.024184897541999817, throughput:2810
episode:219/250, real avg travel time:178.79886685552407
step:3600/3600, q_loss:-1.2507862580313497e-05, rewards:-1.0560418367385864, queue:0.22517360746860504, delay:0.0242270790040493, throughput:2811
episode:220/250, real avg travel time:178.69192634560906
Test step:220/250, travel time :176.828611898017, rewards:-0.9871527552604675, queue:0.2083333283662796, delay:0.02267782762646675, throughput:2811
step:3600/3600, q_loss:-1.0268479214843225e-05, rewards:-1.0700230598449707, queue:0.22968749701976776, delay:0.024113979190587997, throughput:2810
episode:221/250, real avg travel time:178.91961756373937
step:3600/3600, q_loss:-8.188471497025019e-06, rewards:-1.0296295881271362, queue:0.2213541716337204, delay:0.023624349385499954, throughput:2811
episode:222/250, real avg travel time:178.27301699716713
step:3600/3600, q_loss:-7.2965715698506915e-06, rewards:-1.0635415315628052, queue:0.22771990299224854, delay:0.024365702643990517, throughput:2811
episode:223/250, real avg travel time:178.80311614730877
step:3600/3600, q_loss:-9.048803936529124e-06, rewards:-1.1004167795181274, queue:0.23460647463798523, delay:0.024811334908008575, throughput:2809
episode:224/250, real avg travel time:179.3682719546742
step:3600/3600, q_loss:-9.021406057635667e-06, rewards:-1.080949068069458, queue:0.23217593133449554, delay:0.024488678202033043, throughput:2810
episode:225/250, real avg travel time:178.66961756373937
Test step:225/250, travel time :177.3271954674221, rewards:-1.0247915983200073, queue:0.21487268805503845, delay:0.023254768922924995, throughput:2811
step:3600/3600, q_loss:-4.943361668272611e-06, rewards:-1.0592129230499268, queue:0.2266203761100769, delay:0.023889990523457527, throughput:2810
episode:226/250, real avg travel time:178.32613314447593
step:3600/3600, q_loss:-8.579252024014468e-06, rewards:-1.0327082872390747, queue:0.21915508806705475, delay:0.02355167828500271, throughput:2811
episode:227/250, real avg travel time:177.84242209631728
step:3600/3600, q_loss:-8.181263089042019e-06, rewards:-1.0501158237457275, queue:0.22430555522441864, delay:0.02389635145664215, throughput:2809
episode:228/250, real avg travel time:178.69511331444758
step:3600/3600, q_loss:-5.6249281588401415e-06, rewards:-1.0403473377227783, queue:0.2212962955236435, delay:0.024060256779193878, throughput:2810
episode:229/250, real avg travel time:178.29674220963173
step:3600/3600, q_loss:-1.1539537539377946e-05, rewards:-1.0543286800384521, queue:0.22418981790542603, delay:0.02402186021208763, throughput:2809
episode:230/250, real avg travel time:178.22308781869688
Test step:230/250, travel time :176.05842776203966, rewards:-0.9637730717658997, queue:0.20515047013759613, delay:0.02241251803934574, throughput:2810
New best TEST travel time 176.0584 at episode 230, saved as best checkpoint
step:3600/3600, q_loss:-2.3510201257814506e-06, rewards:-1.0619443655014038, queue:0.2257523089647293, delay:0.02397346869111061, throughput:2810
episode:231/250, real avg travel time:178.40226628895184
step:3600/3600, q_loss:-1.180733392017974e-05, rewards:-1.0623611211776733, queue:0.22696758806705475, delay:0.024000881239771843, throughput:2809
episode:232/250, real avg travel time:177.96246458923514
step:3600/3600, q_loss:-1.0557557403377292e-05, rewards:-1.0642361640930176, queue:0.2283564805984497, delay:0.023876938968896866, throughput:2811
episode:233/250, real avg travel time:178.67422096317281
step:3600/3600, q_loss:-1.864088817792772e-05, rewards:-1.0312731266021729, queue:0.21944443881511688, delay:0.02390940487384796, throughput:2811
episode:234/250, real avg travel time:178.10623229461757
step:3600/3600, q_loss:-4.054091595555942e-06, rewards:-1.0362268686294556, queue:0.22019675374031067, delay:0.023773610591888428, throughput:2810
episode:235/250, real avg travel time:178.41466005665723
Test step:235/250, travel time :177.11437677053826, rewards:-0.9979629516601562, queue:0.21030092239379883, delay:0.022687548771500587, throughput:2810
step:3600/3600, q_loss:-1.3786475396899069e-05, rewards:-1.0439814329147339, queue:0.22094906866550446, delay:0.02358902059495449, throughput:2808
episode:236/250, real avg travel time:178.05842776203966
step:3600/3600, q_loss:-9.785295975391674e-06, rewards:-1.0525925159454346, queue:0.22546295821666718, delay:0.023907938972115517, throughput:2810
episode:237/250, real avg travel time:178.27337110481585
step:3600/3600, q_loss:-6.9600883346729345e-06, rewards:-1.0704630613327026, queue:0.22887732088565826, delay:0.02411080151796341, throughput:2810
episode:238/250, real avg travel time:178.55488668555242
step:3600/3600, q_loss:-1.042582968502869e-05, rewards:-1.0577776432037354, queue:0.2248263955116272, delay:0.023750223219394684, throughput:2810
episode:239/250, real avg travel time:178.09808781869688
step:3600/3600, q_loss:-4.8592460290011435e-06, rewards:-1.0487500429153442, queue:0.22378471493721008, delay:0.023845769464969635, throughput:2808
episode:240/250, real avg travel time:178.10056657223797
Test step:240/250, travel time :176.80382436260624, rewards:-0.9963889122009277, queue:0.21192128956317902, delay:0.022655822336673737, throughput:2810
step:3600/3600, q_loss:-9.287979089465267e-06, rewards:-1.0263426303863525, queue:0.2196180522441864, delay:0.02346120774745941, throughput:2810
episode:241/250, real avg travel time:177.69794617563738
step:3600/3600, q_loss:-5.4237402057171696e-06, rewards:-1.0401620864868164, queue:0.22031250596046448, delay:0.023791193962097168, throughput:2809
episode:242/250, real avg travel time:178.014164305949
step:3600/3600, q_loss:-6.135152440868824e-06, rewards:-1.050185203552246, queue:0.22372685372829437, delay:0.023855194449424744, throughput:2810
episode:243/250, real avg travel time:178.31905099150143
step:3600/3600, q_loss:-8.875840968009728e-06, rewards:-1.0673612356185913, queue:0.2273726910352707, delay:0.023939726874232292, throughput:2810
episode:244/250, real avg travel time:178.42953257790367
step:3600/3600, q_loss:-9.965278545285311e-06, rewards:-1.0185415744781494, queue:0.21886573731899261, delay:0.023619595915079117, throughput:2810
episode:245/250, real avg travel time:177.83392351274787
Test step:245/250, travel time :176.57754957507083, rewards:-0.9722685217857361, queue:0.20590278506278992, delay:0.022410787642002106, throughput:2809
step:3600/3600, q_loss:-3.745131313881296e-06, rewards:-1.058078646659851, queue:0.22633102536201477, delay:0.02393336035311222, throughput:2809
episode:246/250, real avg travel time:178.6094192634561
step:3600/3600, q_loss:-1.0340306606074726e-05, rewards:-1.0244444608688354, queue:0.21973378956317902, delay:0.023644518107175827, throughput:2810
episode:247/250, real avg travel time:178.27691218130312
step:3600/3600, q_loss:-8.165523198571194e-06, rewards:-1.0283565521240234, queue:0.21857638657093048, delay:0.023338740691542625, throughput:2810
episode:248/250, real avg travel time:177.78470254957506
step:3600/3600, q_loss:-1.4083280293112851e-05, rewards:-1.0407638549804688, queue:0.2203703671693802, delay:0.02364998124539852, throughput:2810
episode:249/250, real avg travel time:178.1373937677054
Hyperparameters saved to: data/output_data/tsc/cityflow_hyperlight_mappo/cityflow16x3/c8rf_16x3_seed0/hyperparameters.json
Loaded best checkpoint for final evaluation
Final Travel Time is 176.0584, mean rewards: -0.9638, queue: 0.2052, delay: 0.0224, throughput: 2810
Total time taken: 23328.14706468582
