transfer from best_0.pt (16 -> 48 intersections) | actor_hypernet=4/4 | value_hypernet=4/4 | differs=node_count,phase_lengths
  not transferred: agent_embeddings (per-intersection index table has no meaning in a different network)
  not transferred: optimizer (Adam moments belong to the source task)
step:3600/3600, q_loss:0.00034421072291198793, rewards:-17.98055648803711, queue:4.444270610809326, delay:0.08964571356773376, throughput:2648
episode:0/50, real avg travel time:514.3360481586402
Test step:0/50, travel time :357.45396600566573, rewards:-8.988056182861328, queue:2.1701388359069824, delay:0.07221750169992447, throughput:2764
New best TEST travel time 357.4540 at episode 0, saved as best checkpoint
step:3600/3600, q_loss:0.0003889930566749823, rewards:-19.0751895904541, queue:4.7189812660217285, delay:0.09040243178606033, throughput:2598
episode:1/50, real avg travel time:535.9330736543909
step:3600/3600, q_loss:0.00022984332703973774, rewards:-16.789234161376953, queue:4.1413774490356445, delay:0.08606010675430298, throughput:2611
episode:2/50, real avg travel time:494.8055949008499
step:3600/3600, q_loss:0.0002934392794598768, rewards:-18.347246170043945, queue:4.538252353668213, delay:0.08711301535367966, throughput:2578
episode:3/50, real avg travel time:516.1310198300283
step:3600/3600, q_loss:0.00027957277603872857, rewards:-18.68617820739746, queue:4.620023250579834, delay:0.08839592337608337, throughput:2532
episode:4/50, real avg travel time:518.4061614730878
step:3600/3600, q_loss:0.00019098228989111512, rewards:-17.55354118347168, queue:4.3361687660217285, delay:0.08757178485393524, throughput:2603
episode:5/50, real avg travel time:499.30984419263456
Test step:5/50, travel time :303.7223796033994, rewards:-6.764745235443115, queue:1.6097222566604614, delay:0.06463905423879623, throughput:2803
New best TEST travel time 303.7224 at episode 5, saved as best checkpoint
step:3600/3600, q_loss:0.00022922936147136362, rewards:-20.37208366394043, queue:5.043518543243408, delay:0.09093410521745682, throughput:2507
episode:6/50, real avg travel time:546.318342776204
step:3600/3600, q_loss:0.00019478876004282983, rewards:-20.75301170349121, queue:5.14241886138916, delay:0.09164752066135406, throughput:2484
episode:7/50, real avg travel time:550.3849150141643
step:3600/3600, q_loss:0.00012354958323865302, rewards:-20.00974464416504, queue:4.954861164093018, delay:0.09043797850608826, throughput:2522
episode:8/50, real avg travel time:536.4861898016998
step:3600/3600, q_loss:0.00011979881465653488, rewards:-21.37034797668457, queue:5.299305438995361, delay:0.09300898015499115, throughput:2428
episode:9/50, real avg travel time:563.7917847025495
step:3600/3600, q_loss:0.0002214643148486905, rewards:-24.80925750732422, queue:6.160069465637207, delay:0.09532121568918228, throughput:2322
episode:10/50, real avg travel time:620.7223796033994
Test step:10/50, travel time :270.9369688385269, rewards:-5.055972576141357, queue:1.1777777671813965, delay:0.059674907475709915, throughput:2807
New best TEST travel time 270.9370 at episode 10, saved as best checkpoint
step:3600/3600, q_loss:8.81598629258619e-05, rewards:-20.884767532348633, queue:5.175289154052734, delay:0.09194544702768326, throughput:2428
episode:11/50, real avg travel time:555.0109773371105
step:3600/3600, q_loss:0.00021997364625955622, rewards:-26.316015243530273, queue:6.5383100509643555, delay:0.0968066155910492, throughput:2271
episode:12/50, real avg travel time:647.114730878187
step:3600/3600, q_loss:8.334131993318873e-05, rewards:-21.366992950439453, queue:5.291377544403076, delay:0.09091291576623917, throughput:2434
episode:13/50, real avg travel time:585.5520538243626
step:3600/3600, q_loss:3.813395519556914e-05, rewards:-18.92125129699707, queue:4.671296119689941, delay:0.08972736448049545, throughput:2558
episode:14/50, real avg travel time:534.3689801699717
step:3600/3600, q_loss:-1.4148063218956927e-05, rewards:-12.843820571899414, queue:3.143749952316284, delay:0.08108261972665787, throughput:2727
episode:15/50, real avg travel time:418.03718130311614
Test step:15/50, travel time :239.764164305949, rewards:-3.8027539253234863, queue:0.8692129850387573, delay:0.054117050021886826, throughput:2805
New best TEST travel time 239.7642 at episode 15, saved as best checkpoint
step:3600/3600, q_loss:-3.98515436200448e-05, rewards:-9.196041107177734, queue:2.2260994911193848, delay:0.07289525121450424, throughput:2774
episode:16/50, real avg travel time:347.2206090651558
step:3600/3600, q_loss:-3.4583736797449764e-05, rewards:-8.131064414978027, queue:1.9526619911193848, delay:0.06988640129566193, throughput:2777
episode:17/50, real avg travel time:326.05134560906515
step:3600/3600, q_loss:-3.90941318107286e-05, rewards:-6.4008564949035645, queue:1.5175347328186035, delay:0.06724214553833008, throughput:2808
episode:18/50, real avg travel time:293.096671388102
step:3600/3600, q_loss:-4.2069792771930405e-05, rewards:-5.2040510177612305, queue:1.218576431274414, delay:0.06240949407219887, throughput:2804
episode:19/50, real avg travel time:269.2524787535411
step:3600/3600, q_loss:-4.1331147435868596e-05, rewards:-4.652869701385498, queue:1.0778934955596924, delay:0.059800706803798676, throughput:2806
episode:20/50, real avg travel time:258.2754957507082
Test step:20/50, travel time :213.87110481586402, rewards:-2.5959489345550537, queue:0.574131965637207, delay:0.04327522590756416, throughput:2808
New best TEST travel time 213.8711 at episode 20, saved as best checkpoint
step:3600/3600, q_loss:-4.6525583430020895e-05, rewards:-4.393240928649902, queue:1.0091434717178345, delay:0.05853687971830368, throughput:2801
episode:21/50, real avg travel time:252.70432011331445
step:3600/3600, q_loss:-4.6200303067625674e-05, rewards:-4.175926208496094, queue:0.9545139074325562, delay:0.05748520419001579, throughput:2805
episode:22/50, real avg travel time:248.88562322946174
step:3600/3600, q_loss:-4.381141772660438e-05, rewards:-3.8722455501556396, queue:0.8782407641410828, delay:0.054613057523965836, throughput:2808
episode:23/50, real avg travel time:242.453611898017
step:3600/3600, q_loss:-4.794809070450288e-05, rewards:-3.790740966796875, queue:0.8602430820465088, delay:0.054932355880737305, throughput:2809
episode:24/50, real avg travel time:240.92457507082153
step:3600/3600, q_loss:-4.7851950332614373e-05, rewards:-3.5336804389953613, queue:0.7915509343147278, delay:0.05232792720198631, throughput:2805
episode:25/50, real avg travel time:235.5070821529745
Test step:25/50, travel time :204.42882436260624, rewards:-2.154791831970215, queue:0.4697916805744171, delay:0.038725845515728, throughput:2810
New best TEST travel time 204.4288 at episode 25, saved as best checkpoint
step:3600/3600, q_loss:-4.2166874095809035e-05, rewards:-3.550069808959961, queue:0.8020833134651184, delay:0.05272849649190903, throughput:2806
episode:26/50, real avg travel time:235.82471671388103
step:3600/3600, q_loss:-4.4698486130477654e-05, rewards:-3.219953775405884, queue:0.7174768447875977, delay:0.05036688223481178, throughput:2808
episode:27/50, real avg travel time:228.69121813031163
step:3600/3600, q_loss:-4.4785353231508244e-05, rewards:-3.0319905281066895, queue:0.6787037253379822, delay:0.04776943847537041, throughput:2807
episode:28/50, real avg travel time:224.49220963172806
step:3600/3600, q_loss:-4.3484028773727235e-05, rewards:-2.9497222900390625, queue:0.6550925970077515, delay:0.047337427735328674, throughput:2811
episode:29/50, real avg travel time:222.8859773371105
step:3600/3600, q_loss:-4.826935434305788e-05, rewards:-2.8534491062164307, queue:0.6348379850387573, delay:0.04665365442633629, throughput:2807
episode:30/50, real avg travel time:221.2404390934844
Test step:30/50, travel time :197.26735127478753, rewards:-1.839259147644043, queue:0.4053240716457367, delay:0.033918216824531555, throughput:2808
New best TEST travel time 197.2674 at episode 30, saved as best checkpoint
step:3600/3600, q_loss:-4.633043743210075e-05, rewards:-2.6955325603485107, queue:0.6016782522201538, delay:0.04466405138373375, throughput:2804
episode:31/50, real avg travel time:218.04851274787535
step:3600/3600, q_loss:-3.5639330356692274e-05, rewards:-2.460278034210205, queue:0.5435185432434082, delay:0.042804040014743805, throughput:2808
episode:32/50, real avg travel time:212.47025495750708
step:3600/3600, q_loss:-4.667270523323505e-05, rewards:-2.4633796215057373, queue:0.5398727059364319, delay:0.04308813065290451, throughput:2806
episode:33/50, real avg travel time:212.28753541076486
step:3600/3600, q_loss:-4.849211035445792e-05, rewards:-2.319143533706665, queue:0.5028935074806213, delay:0.04138325899839401, throughput:2806
episode:34/50, real avg travel time:209.98973087818698
step:3600/3600, q_loss:-3.689549314318064e-05, rewards:-2.163912057876587, queue:0.46984952688217163, delay:0.040106624364852905, throughput:2809
episode:35/50, real avg travel time:206.29851274787535
Test step:35/50, travel time :190.53753541076486, rewards:-1.5633795261383057, queue:0.3400462865829468, delay:0.031184623017907143, throughput:2808
New best TEST travel time 190.5375 at episode 35, saved as best checkpoint
step:3600/3600, q_loss:-4.2988812726243966e-05, rewards:-2.0996525287628174, queue:0.45619213581085205, delay:0.03923332691192627, throughput:2809
episode:36/50, real avg travel time:204.68767705382436
step:3600/3600, q_loss:-3.8159571057702934e-05, rewards:-2.006782293319702, queue:0.4342592656612396, delay:0.038416147232055664, throughput:2809
episode:37/50, real avg travel time:201.91501416430594
step:3600/3600, q_loss:-3.757781980064824e-05, rewards:-1.962268352508545, queue:0.4228009283542633, delay:0.03798922896385193, throughput:2809
episode:38/50, real avg travel time:200.98512747875355
step:3600/3600, q_loss:-3.566229439277294e-05, rewards:-1.870833158493042, queue:0.4027777910232544, delay:0.03685532137751579, throughput:2808
episode:39/50, real avg travel time:197.54143059490085
step:3600/3600, q_loss:-3.3576237569551595e-05, rewards:-1.8131943941116333, queue:0.3923032283782959, delay:0.03637739270925522, throughput:2808
episode:40/50, real avg travel time:196.77443342776203
Test step:40/50, travel time :187.9943342776204, rewards:-1.440833330154419, queue:0.30688658356666565, delay:0.029981527477502823, throughput:2809
New best TEST travel time 187.9943 at episode 40, saved as best checkpoint
step:3600/3600, q_loss:-2.7893358528223117e-05, rewards:-1.7953470945358276, queue:0.3856481611728668, delay:0.03611822798848152, throughput:2809
episode:41/50, real avg travel time:197.20467422096317
step:3600/3600, q_loss:-2.923794184167536e-05, rewards:-1.7068750858306885, queue:0.3671875, delay:0.03495808318257332, throughput:2809
episode:42/50, real avg travel time:194.56905099150143
step:3600/3600, q_loss:-3.6641322960214755e-05, rewards:-1.687430500984192, queue:0.36255785822868347, delay:0.03400043025612831, throughput:2809
episode:43/50, real avg travel time:194.26168555240793
step:3600/3600, q_loss:-3.696766288169188e-05, rewards:-1.5976389646530151, queue:0.3428240716457367, delay:0.03316944092512131, throughput:2809
episode:44/50, real avg travel time:192.53257790368272
step:3600/3600, q_loss:-2.747112554555506e-05, rewards:-1.6424306631088257, queue:0.3498842716217041, delay:0.033835750073194504, throughput:2808
episode:45/50, real avg travel time:193.8962464589235
Test step:45/50, travel time :184.46600566572238, rewards:-1.2896294593811035, queue:0.2751736044883728, delay:0.02782606892287731, throughput:2810
New best TEST travel time 184.4660 at episode 45, saved as best checkpoint
step:3600/3600, q_loss:-2.6688010526683044e-05, rewards:-1.5728237628936768, queue:0.33368057012557983, delay:0.03325324505567551, throughput:2808
episode:46/50, real avg travel time:191.91359773371104
step:3600/3600, q_loss:-3.2714505307663834e-05, rewards:-1.5470601320266724, queue:0.32939815521240234, delay:0.03216259554028511, throughput:2810
episode:47/50, real avg travel time:191.5095609065156
step:3600/3600, q_loss:-2.95723917071972e-05, rewards:-1.4883564710617065, queue:0.3158564865589142, delay:0.031501203775405884, throughput:2811
episode:48/50, real avg travel time:189.46246458923514
step:3600/3600, q_loss:-2.5971275919553948e-05, rewards:-1.453055500984192, queue:0.3097222149372101, delay:0.031173402443528175, throughput:2808
episode:49/50, real avg travel time:189.6097733711048
Hyperparameters saved to: data/output_data/tsc/cityflow_hyperlight_mappo/cityflow16x3/ft_learned_4x4to16x3_seed0/hyperparameters.json
Loaded best checkpoint for final evaluation
Final Travel Time is 184.4660, mean rewards: -1.2896, queue: 0.2752, delay: 0.0278, throughput: 2810
Total time taken: 6302.797078609467
