structural conditioning spec: structural_v1:in_lane_count,out_lane_count,in_degree,out_degree,node_degree,neighbor_count,phase_count,startlane_count,lanes_per_in_road,lanes_per_out_road,out_in_lane_ratio,controlled_neighbor_ratio
structural features (min/mean/max): in_lane_count[12/12.00/12] out_lane_count[12/12.00/12] in_degree[4/4.00/4] out_degree[4/4.00/4] node_degree[8/8.00/8] neighbor_count[2/3.21/4] phase_count[8/8.00/8] startlane_count[12/12.00/12] lanes_per_in_road[3/3.00/3] lanes_per_out_road[3/3.00/3] out_in_lane_ratio[1/1.00/1] controlled_neighbor_ratio[0.5/0.80/1]
step:3600/3600, q_loss:0.0021657769614255723, rewards:-68.42601776123047, queue:17.118865966796875, delay:0.13133683800697327, throughput:1642
episode:0/50, real avg travel time:1334.0555949008499
Test step:0/50, travel time :1748.620042492918, rewards:-87.4659194946289, queue:21.913484573364258, delay:0.1397598534822464, throughput:859
New best TEST travel time 1748.6200 at episode 0, saved as best checkpoint
step:3600/3600, q_loss:0.0021566244635593005, rewards:-68.46833038330078, queue:17.133275985717773, delay:0.13254790008068085, throughput:1604
episode:1/50, real avg travel time:1346.1165014164305
step:3600/3600, q_loss:0.001991175639408606, rewards:-66.94558715820312, queue:16.751157760620117, delay:0.13538524508476257, throughput:1665
episode:2/50, real avg travel time:1328.5867563739378
step:3600/3600, q_loss:0.0019307833992772633, rewards:-67.0741195678711, queue:16.78061294555664, delay:0.13093289732933044, throughput:1662
episode:3/50, real avg travel time:1310.6774079320114
step:3600/3600, q_loss:0.0018738149009920931, rewards:-67.21089935302734, queue:16.81400489807129, delay:0.13393080234527588, throughput:1662
episode:4/50, real avg travel time:1320.5871104815865
step:3600/3600, q_loss:0.001790524483370928, rewards:-66.85909271240234, queue:16.725290298461914, delay:0.1324460506439209, throughput:1636
episode:5/50, real avg travel time:1317.1589943342776
Test step:5/50, travel time :1773.412181303116, rewards:-95.00362396240234, queue:23.802892684936523, delay:0.1341760754585266, throughput:588
step:3600/3600, q_loss:0.0016931282264398939, rewards:-66.55531311035156, queue:16.65277862548828, delay:0.13454702496528625, throughput:1710
episode:6/50, real avg travel time:1303.0031869688385
step:3600/3600, q_loss:0.0015614763431159066, rewards:-65.80027770996094, queue:16.46267318725586, delay:0.13252882659435272, throughput:1688
episode:7/50, real avg travel time:1293.9217422096317
step:3600/3600, q_loss:0.0014541070540378123, rewards:-65.8624267578125, queue:16.475231170654297, delay:0.12990500032901764, throughput:1674
episode:8/50, real avg travel time:1282.0715297450424
step:3600/3600, q_loss:0.0013231261311397876, rewards:-64.91551971435547, queue:16.23761558532715, delay:0.13193735480308533, throughput:1662
episode:9/50, real avg travel time:1272.4752124645893
step:3600/3600, q_loss:0.001286524003026662, rewards:-64.55745697021484, queue:16.15092658996582, delay:0.1324775516986847, throughput:1676
episode:10/50, real avg travel time:1265.667492917847
Test step:10/50, travel time :1565.7482294617564, rewards:-85.60819244384766, queue:21.44976806640625, delay:0.12745429575443268, throughput:745
New best TEST travel time 1565.7482 at episode 10, saved as best checkpoint
step:3600/3600, q_loss:0.0011232229386582786, rewards:-61.47846603393555, queue:15.376041412353516, delay:0.12983034551143646, throughput:1736
episode:11/50, real avg travel time:1224.5839235127478
step:3600/3600, q_loss:0.0010384811076944993, rewards:-59.02581787109375, queue:14.76203727722168, delay:0.129489928483963, throughput:1771
episode:12/50, real avg travel time:1182.4224504249291
step:3600/3600, q_loss:0.0010185440116918382, rewards:-62.45878982543945, queue:15.620948791503906, delay:0.13100481033325195, throughput:1691
episode:13/50, real avg travel time:1242.1979461756373
step:3600/3600, q_loss:0.0009118405849109461, rewards:-62.71831130981445, queue:15.687211036682129, delay:0.1304689645767212, throughput:1739
episode:14/50, real avg travel time:1223.7804532577904
step:3600/3600, q_loss:0.0009467893475551665, rewards:-62.89871597290039, queue:15.734895706176758, delay:0.13051170110702515, throughput:1670
episode:15/50, real avg travel time:1230.2471671388103
Test step:15/50, travel time :1683.6968838526911, rewards:-91.15403747558594, queue:22.837209701538086, delay:0.13000015914440155, throughput:572
step:3600/3600, q_loss:0.0009807377915691446, rewards:-62.05598831176758, queue:15.524073600769043, delay:0.1318821907043457, throughput:1727
episode:16/50, real avg travel time:1218.6724504249291
step:3600/3600, q_loss:0.0007791691344737271, rewards:-61.13946533203125, queue:15.294270515441895, delay:0.13043741881847382, throughput:1805
episode:17/50, real avg travel time:1189.7354815864023
step:3600/3600, q_loss:0.0007123804030319055, rewards:-61.502723693847656, queue:15.382001876831055, delay:0.13510964810848236, throughput:1754
episode:18/50, real avg travel time:1207.1285410764872
step:3600/3600, q_loss:0.000724393861759224, rewards:-57.16191482543945, queue:14.291203498840332, delay:0.13002409040927887, throughput:1816
episode:19/50, real avg travel time:1130.1370396600566
step:3600/3600, q_loss:0.0006842021186502628, rewards:-58.033302307128906, queue:14.510127067565918, delay:0.13036289811134338, throughput:1809
episode:20/50, real avg travel time:1162.784702549575
Test step:20/50, travel time :1683.1090651558075, rewards:-89.5927505493164, queue:22.44618034362793, delay:0.11569871008396149, throughput:545
step:3600/3600, q_loss:0.0007202136514271483, rewards:-61.21153259277344, queue:15.312384605407715, delay:0.13134711980819702, throughput:1766
episode:21/50, real avg travel time:1213.9904390934844
step:3600/3600, q_loss:0.0007460187971132037, rewards:-62.20455551147461, queue:15.561111450195312, delay:0.1292119026184082, throughput:1690
episode:22/50, real avg travel time:1211.708569405099
step:3600/3600, q_loss:0.000619692986049218, rewards:-57.77707290649414, queue:14.448784828186035, delay:0.13105659186840057, throughput:1821
episode:23/50, real avg travel time:1147.467776203966
step:3600/3600, q_loss:0.0007320733384493692, rewards:-59.35138702392578, queue:14.845196723937988, delay:0.1288546621799469, throughput:1754
episode:24/50, real avg travel time:1159.5099150141643
step:3600/3600, q_loss:0.0006703559953121492, rewards:-61.42002868652344, queue:15.367823600769043, delay:0.12871260941028595, throughput:1737
episode:25/50, real avg travel time:1189.790014164306
Test step:25/50, travel time :1427.4985835694051, rewards:-78.21675109863281, queue:19.602256774902344, delay:0.1161239892244339, throughput:1047
New best TEST travel time 1427.4986 at episode 25, saved as best checkpoint
step:3600/3600, q_loss:0.0005689826598505915, rewards:-58.72407150268555, queue:14.694907188415527, delay:0.12910176813602448, throughput:1780
episode:26/50, real avg travel time:1149.5584277620396
step:3600/3600, q_loss:0.0006602796748924403, rewards:-55.87908172607422, queue:13.971064567565918, delay:0.1290847659111023, throughput:1870
episode:27/50, real avg travel time:1101.1076487252124
step:3600/3600, q_loss:0.0007097336429136771, rewards:-62.84333801269531, queue:15.722222328186035, delay:0.13141672313213348, throughput:1708
episode:28/50, real avg travel time:1202.259206798867
step:3600/3600, q_loss:0.0005917795220918862, rewards:-57.81075668334961, queue:14.461111068725586, delay:0.12977279722690582, throughput:1761
episode:29/50, real avg travel time:1140.261685552408
step:3600/3600, q_loss:0.000691617576888314, rewards:-58.78350830078125, queue:14.70046329498291, delay:0.13008533418178558, throughput:1786
episode:30/50, real avg travel time:1144.4766288951841
Test step:30/50, travel time :1688.7429178470254, rewards:-94.40404510498047, queue:23.652719497680664, delay:0.13951274752616882, throughput:637
step:3600/3600, q_loss:0.0005944169298918158, rewards:-58.03692626953125, queue:14.513425827026367, delay:0.13128584623336792, throughput:1811
episode:31/50, real avg travel time:1152.8565864022662
step:3600/3600, q_loss:0.0007314972142562453, rewards:-59.83902359008789, queue:14.965509414672852, delay:0.12977099418640137, throughput:1815
episode:32/50, real avg travel time:1172.565864022663
step:3600/3600, q_loss:0.0006788005224532552, rewards:-61.50762939453125, queue:15.3828125, delay:0.12994994223117828, throughput:1740
episode:33/50, real avg travel time:1206.0276203966005
step:3600/3600, q_loss:0.0007807541891564558, rewards:-60.92167282104492, queue:15.23767375946045, delay:0.13201779127120972, throughput:1778
episode:34/50, real avg travel time:1199.179178470255
step:3600/3600, q_loss:0.0007757656276226044, rewards:-58.72621536254883, queue:14.685821533203125, delay:0.1297227144241333, throughput:1848
episode:35/50, real avg travel time:1149.083569405099
Test step:35/50, travel time :1597.4964589235128, rewards:-89.91911315917969, queue:22.522279739379883, delay:0.13735158741474152, throughput:754
step:3600/3600, q_loss:0.0006981079052719805, rewards:-60.61012268066406, queue:15.161747932434082, delay:0.12911470234394073, throughput:1777
episode:36/50, real avg travel time:1194.1565155807366
step:3600/3600, q_loss:0.0007315917733918738, rewards:-59.19636535644531, queue:14.804340362548828, delay:0.13030587136745453, throughput:1805
episode:37/50, real avg travel time:1172.0247875354107
step:3600/3600, q_loss:0.0006598333494714748, rewards:-58.093040466308594, queue:14.53298568725586, delay:0.13003122806549072, throughput:1755
episode:38/50, real avg travel time:1154.1080028328613
step:3600/3600, q_loss:0.0006382934783619864, rewards:-56.99556350708008, queue:14.25086784362793, delay:0.1307099312543869, throughput:1829
episode:39/50, real avg travel time:1134.4284702549576
step:3600/3600, q_loss:0.0006019552905158497, rewards:-54.758201599121094, queue:13.690278053283691, delay:0.12831471860408783, throughput:1817
episode:40/50, real avg travel time:1095.459985835694
Test step:40/50, travel time :1414.271954674221, rewards:-77.05492401123047, queue:19.29537010192871, delay:0.1193886399269104, throughput:1080
New best TEST travel time 1414.2720 at episode 40, saved as best checkpoint
step:3600/3600, q_loss:0.0007231507806774275, rewards:-58.56753921508789, queue:14.649595260620117, delay:0.13105863332748413, throughput:1806
episode:41/50, real avg travel time:1143.3509206798867
step:3600/3600, q_loss:0.0008778023579514322, rewards:-55.06264114379883, queue:13.767650604248047, delay:0.12921081483364105, throughput:1844
episode:42/50, real avg travel time:1094.346671388102
step:3600/3600, q_loss:0.0007640840083268689, rewards:-56.79092788696289, queue:14.19890022277832, delay:0.12900038063526154, throughput:1858
episode:43/50, real avg travel time:1107.7893059490084
step:3600/3600, q_loss:0.0009073602714012435, rewards:-55.80681610107422, queue:13.951562881469727, delay:0.13046841323375702, throughput:1833
episode:44/50, real avg travel time:1095.4210339943343
step:3600/3600, q_loss:0.0007346267398032877, rewards:-58.25031280517578, queue:14.565972328186035, delay:0.13178199529647827, throughput:1879
episode:45/50, real avg travel time:1133.1582861189802
Test step:45/50, travel time :1411.548866855524, rewards:-76.76976776123047, queue:19.22297477722168, delay:0.11670443415641785, throughput:1139
New best TEST travel time 1411.5489 at episode 45, saved as best checkpoint
step:3600/3600, q_loss:0.0007002216154410514, rewards:-58.789756774902344, queue:14.706886291503906, delay:0.13078321516513824, throughput:1785
episode:46/50, real avg travel time:1150.8689801699716
step:3600/3600, q_loss:0.0007427284850474494, rewards:-56.90127944946289, queue:14.228529930114746, delay:0.12847355008125305, throughput:1842
episode:47/50, real avg travel time:1133.967776203966
step:3600/3600, q_loss:0.0006681086920937639, rewards:-62.604026794433594, queue:15.66226863861084, delay:0.12692208588123322, throughput:1700
episode:48/50, real avg travel time:1210.365793201133
step:3600/3600, q_loss:0.0007679225761949281, rewards:-59.95814514160156, queue:14.996759414672852, delay:0.1257823258638382, throughput:1797
episode:49/50, real avg travel time:1181.489730878187
Hyperparameters saved to: data/output_data/tsc/cityflow_hyperlight_mappo/cityflow16x3/ft_scratch_16x3_seed1/hyperparameters.json
Loaded best checkpoint for final evaluation
Final Travel Time is 1411.5489, mean rewards: -76.7698, queue: 19.2230, delay: 0.1167, throughput: 1139
Total time taken: 4549.840685367584
