step:3600/3600, q_loss:0, rewards:-186.10438537597656, queue:4.563492298126221, delay:0.24341605603694916, throughput:3903
episode:0/250, real avg travel time:339.8437099666923
Test step:0/250, travel time :843.0805755395684, rewards:-556.3668823242188, queue:13.55476188659668, delay:0.4618558883666992, throughput:695
New best TEST travel time 843.0806 at episode 0, saved as best checkpoint
step:3600/3600, q_loss:0, rewards:-173.03567504882812, queue:4.329894065856934, delay:0.23938438296318054, throughput:3893
episode:1/250, real avg travel time:344.4759825327511
Test step:1/250, travel time :843.0805755395684, rewards:-556.3668823242188, queue:13.55476188659668, delay:0.4618558883666992, throughput:695
step:3600/3600, q_loss:28.709117889404297, rewards:-179.5685577392578, queue:4.490872859954834, delay:0.24479661881923676, throughput:3911
episode:2/250, real avg travel time:351.36793658910767
Test step:2/250, travel time :760.5251572327044, rewards:-400.73541259765625, queue:10.353042602539062, delay:0.4313642680644989, throughput:954
New best TEST travel time 760.5252 at episode 2, saved as best checkpoint
step:3600/3600, q_loss:31.43472671508789, rewards:-125.18177032470703, queue:3.2342593669891357, delay:0.20498690009117126, throughput:3837
episode:3/250, real avg travel time:312.86838676048995
Test step:3/250, travel time :668.4090480678605, rewards:-364.15594482421875, queue:9.195634841918945, delay:0.3555661141872406, throughput:1061
New best TEST travel time 668.4090 at episode 3, saved as best checkpoint
step:3600/3600, q_loss:45.37098693847656, rewards:-152.80662536621094, queue:4.009788513183594, delay:0.2188492864370346, throughput:3631
episode:4/250, real avg travel time:390.74469843018454
Test step:4/250, travel time :683.111812443643, rewards:-343.97235107421875, queue:8.415079116821289, delay:0.35275039076805115, throughput:1109
step:3600/3600, q_loss:49.23079299926758, rewards:-139.301025390625, queue:3.7608466148376465, delay:0.2077571302652359, throughput:3671
episode:5/250, real avg travel time:393.0201579950967
Test step:5/250, travel time :800.9362348178138, rewards:-365.03277587890625, queue:8.853703498840332, delay:0.3544728457927704, throughput:988
step:3600/3600, q_loss:56.23588943481445, rewards:-154.49639892578125, queue:4.300264358520508, delay:0.22743655741214752, throughput:3623
episode:6/250, real avg travel time:437.2409605299476
Test step:6/250, travel time :779.8865497076023, rewards:-387.2850341796875, queue:9.222222328186035, delay:0.3710170090198517, throughput:855
step:3600/3600, q_loss:41.28672409057617, rewards:-148.42100524902344, queue:4.052909851074219, delay:0.23630212247371674, throughput:3636
episode:7/250, real avg travel time:441.52557755775575
Test step:7/250, travel time :687.5856890459364, rewards:-333.0915222167969, queue:8.409391403198242, delay:0.3372539281845093, throughput:1132
step:3600/3600, q_loss:35.940467834472656, rewards:-189.75831604003906, queue:5.078703880310059, delay:0.25672614574432373, throughput:3111
episode:8/250, real avg travel time:551.7814207650273
Test step:8/250, travel time :616.0506208213944, rewards:-338.9027099609375, queue:8.367327690124512, delay:0.34862515330314636, throughput:1047
New best TEST travel time 616.0506 at episode 8, saved as best checkpoint
step:3600/3600, q_loss:38.391944885253906, rewards:-197.8171844482422, queue:5.2071428298950195, delay:0.2635539770126343, throughput:2847
episode:9/250, real avg travel time:591.8106779065683
Test step:9/250, travel time :648.2343017806935, rewards:-339.9283142089844, queue:8.202513694763184, delay:0.34682151675224304, throughput:1067
step:3600/3600, q_loss:39.396148681640625, rewards:-402.2595520019531, queue:10.188095092773438, delay:0.3617653250694275, throughput:2210
episode:10/250, real avg travel time:764.5972850678733
Test step:10/250, travel time :948.4349710982659, rewards:-479.6980895996094, queue:11.572883605957031, delay:0.43965625762939453, throughput:692
step:3600/3600, q_loss:55.559017181396484, rewards:-390.702392578125, queue:9.812169075012207, delay:0.3832481801509857, throughput:2284
episode:11/250, real avg travel time:767.973292469352
Test step:11/250, travel time :824.4721030042919, rewards:-480.516357421875, queue:11.51296329498291, delay:0.44976988434791565, throughput:699
step:3600/3600, q_loss:50.61921691894531, rewards:-409.34747314453125, queue:10.340079307556152, delay:0.4018107056617737, throughput:1885
episode:12/250, real avg travel time:854.5724137931035
Test step:12/250, travel time :819.3659420289855, rewards:-465.12725830078125, queue:11.078438758850098, delay:0.4592861533164978, throughput:828
step:3600/3600, q_loss:52.328330993652344, rewards:-420.0166320800781, queue:10.17989444732666, delay:0.40218880772590637, throughput:1753
episode:13/250, real avg travel time:854.4192812321734
Test step:13/250, travel time :662.4989361702128, rewards:-483.8359375, queue:11.782671928405762, delay:0.45325347781181335, throughput:940
step:3600/3600, q_loss:55.41988754272461, rewards:-417.4024353027344, queue:10.304232597351074, delay:0.41501089930534363, throughput:1685
episode:14/250, real avg travel time:779.7341246290802
Test step:14/250, travel time :1051.91833030853, rewards:-473.91546630859375, queue:11.784656524658203, delay:0.45965659618377686, throughput:551
step:3600/3600, q_loss:57.47634506225586, rewards:-369.1070861816406, queue:9.710846900939941, delay:0.3840140402317047, throughput:2136
episode:15/250, real avg travel time:731.8000936329588
Test step:15/250, travel time :631.5326433121019, rewards:-353.0938415527344, queue:8.989285469055176, delay:0.4083969295024872, throughput:1256
step:3600/3600, q_loss:60.10414123535156, rewards:-385.2931823730469, queue:9.56772518157959, delay:0.3883393108844757, throughput:1584
episode:16/250, real avg travel time:719.685606060606
Test step:16/250, travel time :669.264, rewards:-378.1269836425781, queue:9.68082046508789, delay:0.41094088554382324, throughput:1125
step:3600/3600, q_loss:66.92618560791016, rewards:-403.15655517578125, queue:10.244312286376953, delay:0.3633325397968292, throughput:1844
episode:17/250, real avg travel time:714.2998915401301
Test step:17/250, travel time :523.1040086673889, rewards:-381.77099609375, queue:9.462301254272461, delay:0.34159624576568604, throughput:1846
New best TEST travel time 523.1040 at episode 17, saved as best checkpoint
step:3600/3600, q_loss:80.37093353271484, rewards:-285.1896667480469, queue:7.457274913787842, delay:0.2990703284740448, throughput:2740
episode:18/250, real avg travel time:547.6306569343066
Test step:18/250, travel time :431.1120853983988, rewards:-323.8582458496094, queue:8.005687713623047, delay:0.30571261048316956, throughput:2623
New best TEST travel time 431.1121 at episode 18, saved as best checkpoint
step:3600/3600, q_loss:82.83091735839844, rewards:-279.6612854003906, queue:7.251984119415283, delay:0.2959008812904358, throughput:2752
episode:19/250, real avg travel time:487.39098837209303
Test step:19/250, travel time :466.6342957130359, rewards:-360.1839904785156, queue:9.200396537780762, delay:0.32130974531173706, throughput:2286
step:3600/3600, q_loss:80.41641998291016, rewards:-285.2236633300781, queue:7.510185241699219, delay:0.28746917843818665, throughput:2561
episode:20/250, real avg travel time:481.3850058570871
Test step:20/250, travel time :453.4550241333918, rewards:-332.1347961425781, queue:8.287698745727539, delay:0.3158233165740967, throughput:2279
step:3600/3600, q_loss:78.03421783447266, rewards:-302.4071044921875, queue:7.781349182128906, delay:0.29280614852905273, throughput:2473
episode:21/250, real avg travel time:456.73473513950665
Test step:21/250, travel time :476.681520850368, rewards:-310.5263671875, queue:7.655158519744873, delay:0.30668777227401733, throughput:2446
step:3600/3600, q_loss:81.99638366699219, rewards:-346.0401611328125, queue:9.15661334991455, delay:0.3248869478702545, throughput:2293
episode:22/250, real avg travel time:481.33493240296553
Test step:22/250, travel time :837.4765177548683, rewards:-425.6659240722656, queue:11.369444847106934, delay:0.3895374834537506, throughput:873
step:3600/3600, q_loss:85.15454864501953, rewards:-399.9076843261719, queue:10.449603080749512, delay:0.3821770250797272, throughput:1207
episode:23/250, real avg travel time:715.9527754763877
Test step:23/250, travel time :832.2728351126927, rewards:-429.6674499511719, queue:11.500529289245605, delay:0.39040377736091614, throughput:843
step:3600/3600, q_loss:86.26144409179688, rewards:-387.18511962890625, queue:10.170105934143066, delay:0.35050609707832336, throughput:1833
episode:24/250, real avg travel time:873.6879432624113
Test step:24/250, travel time :633.0463192721257, rewards:-346.466796875, queue:8.606217384338379, delay:0.3267627954483032, throughput:1209
step:3600/3600, q_loss:89.45255279541016, rewards:-266.0433654785156, queue:6.7197089195251465, delay:0.2998771369457245, throughput:1424
episode:25/250, real avg travel time:614.7858146067416
Test step:25/250, travel time :644.201581027668, rewards:-321.21142578125, queue:7.92301607131958, delay:0.3259144425392151, throughput:1265
step:3600/3600, q_loss:91.78578186035156, rewards:-306.18701171875, queue:7.911508083343506, delay:0.3301677703857422, throughput:1385
episode:26/250, real avg travel time:683.5805054151624
Test step:26/250, travel time :692.3058470764618, rewards:-321.73968505859375, queue:8.30476188659668, delay:0.3283539414405823, throughput:1334
step:3600/3600, q_loss:90.09488677978516, rewards:-266.66546630859375, queue:7.022883415222168, delay:0.31763771176338196, throughput:1525
episode:27/250, real avg travel time:577.8970491803278
Test step:27/250, travel time :615.4830997526793, rewards:-330.3811950683594, queue:8.217328071594238, delay:0.3207015097141266, throughput:1213
step:3600/3600, q_loss:95.83563232421875, rewards:-440.8559875488281, queue:11.115873336791992, delay:0.4331848919391632, throughput:1080
episode:28/250, real avg travel time:814.5657407407407
Test step:28/250, travel time :722.4317129629629, rewards:-436.41162109375, queue:10.667195320129395, delay:0.44763436913490295, throughput:864
step:3600/3600, q_loss:96.30276489257812, rewards:-426.65509033203125, queue:10.430423736572266, delay:0.4334203898906708, throughput:1086
episode:29/250, real avg travel time:836.4337016574585
Test step:29/250, travel time :717.126291618829, rewards:-434.44879150390625, queue:10.559788703918457, delay:0.43979427218437195, throughput:871
step:3600/3600, q_loss:95.59954071044922, rewards:-428.2572937011719, queue:10.508995056152344, delay:0.42640790343284607, throughput:954
episode:30/250, real avg travel time:783.4412997903564
Test step:30/250, travel time :743.4553571428571, rewards:-445.7563781738281, queue:10.954497337341309, delay:0.43962740898132324, throughput:896
step:3600/3600, q_loss:96.49756622314453, rewards:-469.64556884765625, queue:11.378307342529297, delay:0.4212159216403961, throughput:1558
episode:31/250, real avg travel time:981.8299101412067
Test step:31/250, travel time :479.5999138673557, rewards:-331.9735107421875, queue:8.32089900970459, delay:0.32095077633857727, throughput:2322
step:3600/3600, q_loss:99.81987762451172, rewards:-302.5325012207031, queue:7.757407188415527, delay:0.2845696806907654, throughput:2506
episode:32/250, real avg travel time:502.2589784517159
Test step:32/250, travel time :579.600293901543, rewards:-322.0063781738281, queue:8.228836059570312, delay:0.33571434020996094, throughput:1361
step:3600/3600, q_loss:94.88884735107422, rewards:-338.8989562988281, queue:8.622354507446289, delay:0.3152925968170166, throughput:1813
episode:33/250, real avg travel time:549.0049641478213
Test step:33/250, travel time :662.0657237936772, rewards:-402.00543212890625, queue:10.091798782348633, delay:0.3397565186023712, throughput:1202
step:3600/3600, q_loss:86.13355255126953, rewards:-270.6242980957031, queue:7.080158710479736, delay:0.31172454357147217, throughput:1520
episode:34/250, real avg travel time:704.5842105263158
Test step:34/250, travel time :633.4335347432025, rewards:-298.0307922363281, queue:7.686243534088135, delay:0.32999545335769653, throughput:1324
step:3600/3600, q_loss:87.59243774414062, rewards:-310.1094970703125, queue:7.936375617980957, delay:0.320328027009964, throughput:1511
episode:35/250, real avg travel time:631.0013236267373
Test step:35/250, travel time :685.467845659164, rewards:-286.1375427246094, queue:7.3858466148376465, delay:0.3246467709541321, throughput:1244
step:3600/3600, q_loss:86.13098907470703, rewards:-299.46893310546875, queue:7.1972222328186035, delay:0.3198185861110687, throughput:1469
episode:36/250, real avg travel time:715.1089176310415
Test step:36/250, travel time :672.1233595800525, rewards:-375.9732666015625, queue:9.88796329498291, delay:0.3460375666618347, throughput:1143
step:3600/3600, q_loss:85.96060943603516, rewards:-279.2165832519531, queue:7.277645587921143, delay:0.31816306710243225, throughput:1618
episode:37/250, real avg travel time:677.9635352286774
Test step:37/250, travel time :698.0950292397661, rewards:-313.3018493652344, queue:7.764814853668213, delay:0.33736756443977356, throughput:1368
step:3600/3600, q_loss:83.00045776367188, rewards:-339.7488708496094, queue:8.522486686706543, delay:0.32704418897628784, throughput:1222
episode:38/250, real avg travel time:678.7536824877251
Test step:38/250, travel time :613.601948051948, rewards:-283.7548828125, queue:7.060184955596924, delay:0.3301842212677002, throughput:1540
step:3600/3600, q_loss:81.75164031982422, rewards:-331.1233215332031, queue:8.16534423828125, delay:0.33324921131134033, throughput:1578
episode:39/250, real avg travel time:662.7769328263624
Test step:39/250, travel time :633.3873873873874, rewards:-309.49444580078125, queue:8.034788131713867, delay:0.3344953656196594, throughput:1443
step:3600/3600, q_loss:82.839111328125, rewards:-373.9428405761719, queue:9.964285850524902, delay:0.37119626998901367, throughput:1313
episode:40/250, real avg travel time:810.8431073876618
Test step:40/250, travel time :569.6420745069394, rewards:-311.7529602050781, queue:7.599735260009766, delay:0.3303305208683014, throughput:1369
step:3600/3600, q_loss:91.74069213867188, rewards:-390.71368408203125, queue:10.624470710754395, delay:0.36001497507095337, throughput:1401
episode:41/250, real avg travel time:638.5667380442541
Test step:41/250, travel time :707.5345132743363, rewards:-441.13055419921875, queue:11.160979270935059, delay:0.411253422498703, throughput:1130
step:3600/3600, q_loss:103.69913482666016, rewards:-293.7743835449219, queue:7.4917988777160645, delay:0.3121795356273651, throughput:1547
episode:42/250, real avg travel time:597.0685197155785
Test step:42/250, travel time :583.0749674054758, rewards:-285.4299621582031, queue:7.268386363983154, delay:0.33428293466567993, throughput:1534
step:3600/3600, q_loss:102.19062805175781, rewards:-255.05038452148438, queue:6.568783283233643, delay:0.3108339309692383, throughput:1417
episode:43/250, real avg travel time:603.2547635850389
Test step:43/250, travel time :589.3468559837728, rewards:-296.45562744140625, queue:7.279761791229248, delay:0.3368901014328003, throughput:1479
step:3600/3600, q_loss:107.92922973632812, rewards:-269.265625, queue:6.822486877441406, delay:0.3082309365272522, throughput:1653
episode:44/250, real avg travel time:732.6503327283726
Test step:44/250, travel time :640.8550840672538, rewards:-333.18011474609375, queue:8.376058578491211, delay:0.3295293152332306, throughput:1249
step:3600/3600, q_loss:96.46859741210938, rewards:-282.19293212890625, queue:7.184523582458496, delay:0.30966445803642273, throughput:1650
episode:45/250, real avg travel time:673.3115151515151
Test step:45/250, travel time :574.4357142857143, rewards:-277.0122985839844, queue:7.105687618255615, delay:0.31134188175201416, throughput:1540
step:3600/3600, q_loss:99.04993438720703, rewards:-279.3101806640625, queue:7.024338722229004, delay:0.30559632182121277, throughput:1419
episode:46/250, real avg travel time:573.2882311486962
Test step:46/250, travel time :640.9765193370166, rewards:-290.3536376953125, queue:7.391269683837891, delay:0.32824990153312683, throughput:1448
step:3600/3600, q_loss:114.86505889892578, rewards:-261.136474609375, queue:6.830026626586914, delay:0.3092115819454193, throughput:1720
episode:47/250, real avg travel time:653.1104651162791
Test step:47/250, travel time :587.9356466876972, rewards:-260.49615478515625, queue:6.598545074462891, delay:0.32302409410476685, throughput:1585
step:3600/3600, q_loss:106.05925750732422, rewards:-273.7886657714844, queue:7.08981466293335, delay:0.3105023205280304, throughput:1555
episode:48/250, real avg travel time:669.5112540192926
Test step:48/250, travel time :623.9330076762037, rewards:-321.9556884765625, queue:7.865476131439209, delay:0.3272566497325897, throughput:1433
step:3600/3600, q_loss:104.63819122314453, rewards:-311.3902893066406, queue:7.706216812133789, delay:0.3306174576282501, throughput:1384
episode:49/250, real avg travel time:718.0874277456647
Test step:49/250, travel time :604.1021788129226, rewards:-315.4667053222656, queue:8.499603271484375, delay:0.3217189311981201, throughput:1331
step:3600/3600, q_loss:106.5141372680664, rewards:-249.50442504882812, queue:6.439947128295898, delay:0.2899419367313385, throughput:1857
episode:50/250, real avg travel time:659.1039310716209
Test step:50/250, travel time :609.661099512874, rewards:-247.779296875, queue:6.475793838500977, delay:0.31970903277397156, throughput:1437
step:3600/3600, q_loss:107.26809692382812, rewards:-248.5966796875, queue:6.371693134307861, delay:0.3093165457248688, throughput:1498
episode:51/250, real avg travel time:679.3030707610147
Test step:51/250, travel time :564.7094386181369, rewards:-280.8478698730469, queue:7.306613922119141, delay:0.31742623448371887, throughput:1621
step:3600/3600, q_loss:102.46714782714844, rewards:-270.91851806640625, queue:6.9605817794799805, delay:0.3034527599811554, throughput:1464
episode:52/250, real avg travel time:587.8551912568306
Test step:52/250, travel time :567.8475722188076, rewards:-297.1768493652344, queue:7.691401958465576, delay:0.3117024302482605, throughput:1627
step:3600/3600, q_loss:101.13640594482422, rewards:-275.8860778808594, queue:6.880290985107422, delay:0.3229057788848877, throughput:1449
episode:53/250, real avg travel time:655.2498274672188
Test step:53/250, travel time :635.7604166666666, rewards:-307.1700134277344, queue:7.706216812133789, delay:0.3218570649623871, throughput:1344
step:3600/3600, q_loss:99.64856719970703, rewards:-300.91644287109375, queue:7.841798782348633, delay:0.3215853273868561, throughput:1577
episode:54/250, real avg travel time:566.9277108433735
Test step:54/250, travel time :601.1037555697009, rewards:-296.4267883300781, queue:7.695106029510498, delay:0.31816965341567993, throughput:1571
step:3600/3600, q_loss:100.35570526123047, rewards:-317.3572998046875, queue:7.790476322174072, delay:0.3126518428325653, throughput:1520
episode:55/250, real avg travel time:672.6835526315789
Test step:55/250, travel time :624.8470097357441, rewards:-322.78570556640625, queue:8.051852226257324, delay:0.32540613412857056, throughput:1438
step:3600/3600, q_loss:97.67999267578125, rewards:-255.87709045410156, queue:6.545370578765869, delay:0.3090108335018158, throughput:1572
episode:56/250, real avg travel time:544.7779898218829
Test step:56/250, travel time :576.4181818181818, rewards:-305.4170227050781, queue:7.758333206176758, delay:0.32285797595977783, throughput:1540
step:3600/3600, q_loss:112.35254669189453, rewards:-308.8528747558594, queue:7.670634746551514, delay:0.32053813338279724, throughput:1561
episode:57/250, real avg travel time:594.1069827033953
Test step:57/250, travel time :588.0656779661017, rewards:-296.7353210449219, queue:7.572883605957031, delay:0.3217543959617615, throughput:1416
step:3600/3600, q_loss:123.59945678710938, rewards:-281.3790588378906, queue:7.303835868835449, delay:0.3154812753200531, throughput:1538
episode:58/250, real avg travel time:612.0234070221067
Test step:58/250, travel time :547.0012135922331, rewards:-267.63262939453125, queue:6.824338436126709, delay:0.31007519364356995, throughput:1648
step:3600/3600, q_loss:91.92645263671875, rewards:-251.8880157470703, queue:6.563624382019043, delay:0.2951861023902893, throughput:1650
episode:59/250, real avg travel time:590.5830303030303
Test step:59/250, travel time :602.9905660377359, rewards:-276.8537902832031, queue:7.217857360839844, delay:0.3146416246891022, throughput:1484
step:3600/3600, q_loss:93.0122299194336, rewards:-282.2691345214844, queue:7.280026435852051, delay:0.29991641640663147, throughput:1504
episode:60/250, real avg travel time:605.2227393617021
Test step:60/250, travel time :537.6824196597354, rewards:-283.2776184082031, queue:7.1564812660217285, delay:0.3213658332824707, throughput:1587
step:3600/3600, q_loss:94.14016723632812, rewards:-314.1160583496094, queue:7.994444370269775, delay:0.33955103158950806, throughput:1567
episode:61/250, real avg travel time:597.1735800893427
Test step:61/250, travel time :604.8200531208499, rewards:-283.17236328125, queue:7.305819988250732, delay:0.3164612054824829, throughput:1506
step:3600/3600, q_loss:91.10944366455078, rewards:-259.681640625, queue:6.714417934417725, delay:0.29098862409591675, throughput:1659
episode:62/250, real avg travel time:592.9463532248342
Test step:62/250, travel time :583.1394136807818, rewards:-283.6028747558594, queue:7.23544979095459, delay:0.3205640912055969, throughput:1535
step:3600/3600, q_loss:89.2658462524414, rewards:-351.1531982421875, queue:8.758333206176758, delay:0.3540235757827759, throughput:1491
episode:63/250, real avg travel time:668.2059020791415
Test step:63/250, travel time :565.5868187579214, rewards:-312.040771484375, queue:7.592857360839844, delay:0.3192024528980255, throughput:1578
step:3600/3600, q_loss:94.25914001464844, rewards:-265.48809814453125, queue:6.877645492553711, delay:0.2955559492111206, throughput:1556
episode:64/250, real avg travel time:662.4993573264782
Test step:64/250, travel time :622.9322736696614, rewards:-278.8304443359375, queue:7.223545074462891, delay:0.31426283717155457, throughput:1447
step:3600/3600, q_loss:94.50019836425781, rewards:-306.16876220703125, queue:7.725529193878174, delay:0.31008628010749817, throughput:1553
episode:65/250, real avg travel time:612.6934964584675
Test step:65/250, travel time :593.888198757764, rewards:-298.58343505859375, queue:7.782142639160156, delay:0.3220067620277405, throughput:1449
step:3600/3600, q_loss:97.80887603759766, rewards:-288.64422607421875, queue:7.443915367126465, delay:0.316062867641449, throughput:1524
episode:66/250, real avg travel time:720.238188976378
Test step:66/250, travel time :582.7581300813008, rewards:-306.90771484375, queue:7.5890212059021, delay:0.31775525212287903, throughput:1476
step:3600/3600, q_loss:92.93962860107422, rewards:-391.78759765625, queue:10.91679859161377, delay:0.370669424533844, throughput:1536
episode:67/250, real avg travel time:768.837890625
Test step:67/250, travel time :710.2413793103449, rewards:-468.9124450683594, queue:11.535714149475098, delay:0.42716628313064575, throughput:1073
step:3600/3600, q_loss:94.52716827392578, rewards:-388.06488037109375, queue:9.752381324768066, delay:0.3726845383644104, throughput:1709
episode:68/250, real avg travel time:760.9584552369807
Test step:68/250, travel time :648.9748091603053, rewards:-369.0341491699219, queue:9.2603178024292, delay:0.33933353424072266, throughput:1310
step:3600/3600, q_loss:96.18639373779297, rewards:-288.7095947265625, queue:7.204497337341309, delay:0.30761802196502686, throughput:1571
episode:69/250, real avg travel time:603.7899427116487
Test step:69/250, travel time :551.1699524133243, rewards:-264.1197814941406, queue:6.9160051345825195, delay:0.29663506150245667, throughput:1471
step:3600/3600, q_loss:100.119140625, rewards:-272.09564208984375, queue:6.998015880584717, delay:0.312370628118515, throughput:1620
episode:70/250, real avg travel time:629.6098765432099
Test step:70/250, travel time :564.4303249097472, rewards:-280.2613830566406, queue:7.301851749420166, delay:0.31826162338256836, throughput:1385
step:3600/3600, q_loss:90.70600128173828, rewards:-324.760986328125, queue:8.043783187866211, delay:0.3171665668487549, throughput:1390
episode:71/250, real avg travel time:577.2669064748202
Test step:71/250, travel time :545.9959677419355, rewards:-322.6305847167969, queue:7.706216812133789, delay:0.32733041048049927, throughput:1488
step:3600/3600, q_loss:105.43489837646484, rewards:-277.4297790527344, queue:7.181878089904785, delay:0.3140086531639099, throughput:1535
episode:72/250, real avg travel time:646.7394136807818
Test step:72/250, travel time :598.428, rewards:-282.9156799316406, queue:7.250661373138428, delay:0.32010510563850403, throughput:1500
step:3600/3600, q_loss:104.6729736328125, rewards:-289.6940002441406, queue:7.33822774887085, delay:0.3124593198299408, throughput:1653
episode:73/250, real avg travel time:697.967332123412
Test step:73/250, travel time :573.562015503876, rewards:-258.6908264160156, queue:6.777777671813965, delay:0.3123844265937805, throughput:1548
step:3600/3600, q_loss:106.63274383544922, rewards:-278.7817077636719, queue:7.197486877441406, delay:0.3130691349506378, throughput:1435
episode:74/250, real avg travel time:641.7560975609756
Test step:74/250, travel time :656.7626745040411, rewards:-303.64007568359375, queue:7.799206256866455, delay:0.31740111112594604, throughput:1361
step:3600/3600, q_loss:104.57784271240234, rewards:-291.5653991699219, queue:7.503438949584961, delay:0.30299556255340576, throughput:1558
episode:75/250, real avg travel time:586.3491655969191
Test step:75/250, travel time :670.6120906801008, rewards:-357.9529113769531, queue:9.101587295532227, delay:0.3294801712036133, throughput:1191
step:3600/3600, q_loss:100.19237518310547, rewards:-305.2547302246094, queue:7.4373016357421875, delay:0.31713563203811646, throughput:1524
episode:76/250, real avg travel time:623.9790026246719
Test step:76/250, travel time :631.0220326936745, rewards:-313.8908996582031, queue:7.928703784942627, delay:0.32178008556365967, throughput:1407
step:3600/3600, q_loss:117.20911407470703, rewards:-300.9946594238281, queue:7.63955020904541, delay:0.31299546360969543, throughput:1621
episode:77/250, real avg travel time:666.5348550277606
Test step:77/250, travel time :617.708692247455, rewards:-291.2493591308594, queue:7.499735355377197, delay:0.3169349730014801, throughput:1277
step:3600/3600, q_loss:116.8539810180664, rewards:-265.11566162109375, queue:6.66693115234375, delay:0.2976067066192627, throughput:1572
episode:78/250, real avg travel time:697.4472010178117
Test step:78/250, travel time :642.1468224981738, rewards:-313.9671936035156, queue:8.078042030334473, delay:0.3232116103172302, throughput:1369
step:3600/3600, q_loss:133.4058380126953, rewards:-290.7347106933594, queue:7.493650913238525, delay:0.2940443158149719, throughput:1701
episode:79/250, real avg travel time:590.0047031158142
Test step:79/250, travel time :644.3064085447263, rewards:-294.5270080566406, queue:7.670634746551514, delay:0.3197879493236542, throughput:1498
step:3600/3600, q_loss:115.96278381347656, rewards:-297.51220703125, queue:7.5771164894104, delay:0.3125508725643158, throughput:1513
episode:80/250, real avg travel time:682.8922670191672
Test step:80/250, travel time :585.1101804123712, rewards:-260.1173095703125, queue:6.844180107116699, delay:0.3094419240951538, throughput:1552
step:3600/3600, q_loss:123.60546875, rewards:-250.50291442871094, queue:6.331216812133789, delay:0.2971557378768921, throughput:1663
episode:81/250, real avg travel time:633.7624774503909
Test step:81/250, travel time :594.4860267314702, rewards:-299.2682189941406, queue:7.835846424102783, delay:0.31666722893714905, throughput:1646
step:3600/3600, q_loss:98.29682922363281, rewards:-272.10430908203125, queue:7.070370197296143, delay:0.3107178807258606, throughput:1564
episode:82/250, real avg travel time:701.9526854219948
Test step:82/250, travel time :633.3856603773585, rewards:-307.97772216796875, queue:7.962566375732422, delay:0.32388707995414734, throughput:1325
step:3600/3600, q_loss:105.16120910644531, rewards:-310.68328857421875, queue:8.27486801147461, delay:0.3059074580669403, throughput:1421
episode:83/250, real avg travel time:699.7121745249824
Test step:83/250, travel time :657.6851851851852, rewards:-332.47869873046875, queue:8.3441801071167, delay:0.3187274932861328, throughput:1188
step:3600/3600, q_loss:114.66686248779297, rewards:-348.27105712890625, queue:8.66600513458252, delay:0.35330426692962646, throughput:1553
episode:84/250, real avg travel time:645.3805537669027
Test step:84/250, travel time :737.7411873840446, rewards:-462.87738037109375, queue:11.502116203308105, delay:0.43779969215393066, throughput:1078
step:3600/3600, q_loss:127.31138610839844, rewards:-439.8606262207031, queue:10.811243057250977, delay:0.3797849118709564, throughput:1485
episode:85/250, real avg travel time:791.3973063973064
Test step:85/250, travel time :586.4284712482469, rewards:-306.6975402832031, queue:7.47936487197876, delay:0.3201832175254822, throughput:1426
step:3600/3600, q_loss:125.9869155883789, rewards:-285.01580810546875, queue:6.817195892333984, delay:0.3000723421573639, throughput:1657
episode:86/250, real avg travel time:657.1213035606518
Test step:86/250, travel time :653.0, rewards:-378.2765197753906, queue:9.22182559967041, delay:0.3321395814418793, throughput:1189
step:3600/3600, q_loss:115.10096740722656, rewards:-282.1356201171875, queue:7.043386459350586, delay:0.30217447876930237, throughput:1459
episode:87/250, real avg travel time:698.2837559972584
Test step:87/250, travel time :572.943137254902, rewards:-261.89178466796875, queue:6.935846328735352, delay:0.311719685792923, throughput:1530
step:3600/3600, q_loss:113.76338958740234, rewards:-337.12164306640625, queue:8.19431209564209, delay:0.3183310627937317, throughput:1550
episode:88/250, real avg travel time:739.601935483871
Test step:88/250, travel time :638.1627043090639, rewards:-308.1767883300781, queue:8.145503044128418, delay:0.3190281093120575, throughput:1346
step:3600/3600, q_loss:120.14635467529297, rewards:-307.0071105957031, queue:7.618915557861328, delay:0.302092969417572, throughput:1583
episode:89/250, real avg travel time:604.4440934933671
Test step:89/250, travel time :645.1242732558139, rewards:-298.5936279296875, queue:7.5730156898498535, delay:0.304443359375, throughput:1376
step:3600/3600, q_loss:122.15282440185547, rewards:-260.2784118652344, queue:6.898809432983398, delay:0.29091840982437134, throughput:1429
episode:90/250, real avg travel time:574.1602519244227
Test step:90/250, travel time :642.6501623376623, rewards:-285.9378662109375, queue:7.656217098236084, delay:0.3084094822406769, throughput:1232
step:3600/3600, q_loss:120.84336853027344, rewards:-296.4972229003906, queue:7.587433815002441, delay:0.31165701150894165, throughput:1404
episode:91/250, real avg travel time:604.7884615384615
Test step:91/250, travel time :560.4095494283793, rewards:-298.19378662109375, queue:7.8230156898498535, delay:0.3306143581867218, throughput:1487
step:3600/3600, q_loss:159.74510192871094, rewards:-268.65472412109375, queue:6.9087300300598145, delay:0.30148082971572876, throughput:1577
episode:92/250, real avg travel time:541.8243500317058
Test step:92/250, travel time :597.1021650879567, rewards:-277.4884033203125, queue:7.223280429840088, delay:0.30551186203956604, throughput:1478
step:3600/3600, q_loss:208.41798400878906, rewards:-242.43008422851562, queue:6.118782997131348, delay:0.293887197971344, throughput:1860
episode:93/250, real avg travel time:629.5268817204301
Test step:93/250, travel time :562.7543372657876, rewards:-275.438720703125, queue:7.247089862823486, delay:0.3048354983329773, throughput:1441
step:3600/3600, q_loss:223.84817504882812, rewards:-310.20330810546875, queue:7.532804012298584, delay:0.3096820116043091, throughput:1444
episode:94/250, real avg travel time:584.0706371191136
Test step:94/250, travel time :580.9564891222806, rewards:-304.3730773925781, queue:7.517989635467529, delay:0.323446124792099, throughput:1333
step:3600/3600, q_loss:185.40277099609375, rewards:-261.572021484375, queue:6.858465671539307, delay:0.29279711842536926, throughput:1532
episode:95/250, real avg travel time:567.5
Test step:95/250, travel time :594.4981711777615, rewards:-309.57305908203125, queue:7.667725086212158, delay:0.3283591568470001, throughput:1367
step:3600/3600, q_loss:140.3289337158203, rewards:-303.4770812988281, queue:7.791666507720947, delay:0.308674156665802, throughput:1616
episode:96/250, real avg travel time:676.2561881188119
Test step:96/250, travel time :552.0925666199158, rewards:-288.8735046386719, queue:7.2448410987854, delay:0.32749760150909424, throughput:1426
step:3600/3600, q_loss:118.00423431396484, rewards:-267.7471008300781, queue:6.981216907501221, delay:0.286385178565979, throughput:1593
episode:97/250, real avg travel time:576.6829880728186
Test step:97/250, travel time :557.4150304671632, rewards:-321.8539123535156, queue:7.658597946166992, delay:0.32356613874435425, throughput:1477
step:3600/3600, q_loss:105.71538543701172, rewards:-273.71746826171875, queue:7.091931343078613, delay:0.3076481819152832, throughput:1575
episode:98/250, real avg travel time:598.3187301587302
Test step:98/250, travel time :561.8454485920105, rewards:-252.02061462402344, queue:6.611507892608643, delay:0.32260239124298096, throughput:1527
step:3600/3600, q_loss:104.04019927978516, rewards:-259.81951904296875, queue:6.679497241973877, delay:0.3123297393321991, throughput:1595
episode:99/250, real avg travel time:615.5611285266458
Test step:99/250, travel time :680.9917168674699, rewards:-338.338134765625, queue:8.54351806640625, delay:0.346932053565979, throughput:1328
step:3600/3600, q_loss:88.57625579833984, rewards:-269.4814758300781, queue:7.111904621124268, delay:0.2980518043041229, throughput:1556
episode:100/250, real avg travel time:645.6979434447301
Test step:100/250, travel time :591.7166666666667, rewards:-258.3724670410156, queue:6.757010459899902, delay:0.3103958070278168, throughput:1560
step:3600/3600, q_loss:103.19292449951172, rewards:-280.3822326660156, queue:7.313227653503418, delay:0.308846116065979, throughput:1608
episode:101/250, real avg travel time:587.2363184079602
Test step:101/250, travel time :568.8132780082988, rewards:-276.86932373046875, queue:7.161243438720703, delay:0.30368930101394653, throughput:1446
step:3600/3600, q_loss:117.28034210205078, rewards:-264.3058166503906, queue:6.872486591339111, delay:0.2976359724998474, throughput:1671
episode:102/250, real avg travel time:567.3674446439258
Test step:102/250, travel time :544.8258495145631, rewards:-278.5738220214844, queue:7.221296310424805, delay:0.33067184686660767, throughput:1648
step:3600/3600, q_loss:96.41360473632812, rewards:-343.85321044921875, queue:8.832275390625, delay:0.35158640146255493, throughput:1659
episode:103/250, real avg travel time:718.6051838456901
Test step:103/250, travel time :569.3520818115413, rewards:-336.9362487792969, queue:8.272354125976562, delay:0.3341381549835205, throughput:1369
step:3600/3600, q_loss:84.59526824951172, rewards:-249.38986206054688, queue:6.395105838775635, delay:0.29982316493988037, throughput:1710
episode:104/250, real avg travel time:598.7590643274854
Test step:104/250, travel time :620.933234421365, rewards:-322.8074951171875, queue:8.062565803527832, delay:0.30937862396240234, throughput:1348
step:3600/3600, q_loss:88.13582611083984, rewards:-252.9767608642578, queue:6.796693325042725, delay:0.29979392886161804, throughput:1772
episode:105/250, real avg travel time:595.5237020316027
Test step:105/250, travel time :543.2370860927152, rewards:-298.0171203613281, queue:7.124867916107178, delay:0.3257627785205841, throughput:1510
step:3600/3600, q_loss:71.98890686035156, rewards:-302.5906982421875, queue:7.357010364532471, delay:0.3268812894821167, throughput:1504
episode:106/250, real avg travel time:677.9640957446809
Test step:106/250, travel time :632.5919191919191, rewards:-334.01123046875, queue:8.202248573303223, delay:0.3207237720489502, throughput:1485
step:3600/3600, q_loss:91.71952819824219, rewards:-271.0145263671875, queue:7.104100704193115, delay:0.30858713388442993, throughput:1575
episode:107/250, real avg travel time:623.8990476190476
Test step:107/250, travel time :646.0064056939502, rewards:-336.38165283203125, queue:8.55383586883545, delay:0.31273984909057617, throughput:1405
step:3600/3600, q_loss:140.14418029785156, rewards:-268.0572814941406, queue:6.743650913238525, delay:0.3131166398525238, throughput:1554
episode:108/250, real avg travel time:629.2342342342342
Test step:108/250, travel time :622.2648059904697, rewards:-337.1265563964844, queue:8.412169456481934, delay:0.3254896104335785, throughput:1469
step:3600/3600, q_loss:158.23849487304688, rewards:-285.85833740234375, queue:7.243650913238525, delay:0.3062449097633362, throughput:1420
episode:109/250, real avg travel time:635.2521126760563
Test step:109/250, travel time :637.6721204188482, rewards:-291.4378967285156, queue:7.335714340209961, delay:0.32081472873687744, throughput:1528
step:3600/3600, q_loss:186.88897705078125, rewards:-287.78936767578125, queue:7.180819988250732, delay:0.3137896955013275, throughput:1651
episode:110/250, real avg travel time:674.1350696547547
Test step:110/250, travel time :599.382554945055, rewards:-282.1510314941406, queue:7.186507701873779, delay:0.3032405376434326, throughput:1456
step:3600/3600, q_loss:143.17111206054688, rewards:-273.77374267578125, queue:6.917327880859375, delay:0.29851099848747253, throughput:1905
episode:111/250, real avg travel time:625.5149606299212
Test step:111/250, travel time :632.7928370786517, rewards:-322.5019836425781, queue:7.88875675201416, delay:0.3220323324203491, throughput:1424
step:3600/3600, q_loss:174.6955108642578, rewards:-333.4613037109375, queue:8.378571510314941, delay:0.3075314462184906, throughput:1582
episode:112/250, real avg travel time:675.0651074589127
Test step:112/250, travel time :530.6703727926749, rewards:-325.97021484375, queue:7.839682579040527, delay:0.32594361901283264, throughput:1529
step:3600/3600, q_loss:162.9425811767578, rewards:-258.49847412109375, queue:6.650528907775879, delay:0.29726919531822205, throughput:1649
episode:113/250, real avg travel time:608.3729533050333
Test step:113/250, travel time :543.950563204005, rewards:-291.74200439453125, queue:7.074735641479492, delay:0.317868709564209, throughput:1598
step:3600/3600, q_loss:103.21434783935547, rewards:-296.9268798828125, queue:7.406349182128906, delay:0.3155158460140228, throughput:1335
episode:114/250, real avg travel time:679.225468164794
Test step:114/250, travel time :624.669442131557, rewards:-321.09490966796875, queue:8.125264167785645, delay:0.31674695014953613, throughput:1201
step:3600/3600, q_loss:89.91815185546875, rewards:-302.86767578125, queue:7.747619152069092, delay:0.3079497516155243, throughput:1776
episode:115/250, real avg travel time:641.9893018018018
Test step:115/250, travel time :657.3921971252566, rewards:-282.17999267578125, queue:7.341798782348633, delay:0.3075394034385681, throughput:1461
step:3600/3600, q_loss:103.37738800048828, rewards:-253.74978637695312, queue:6.655819892883301, delay:0.2863927185535431, throughput:1659
episode:116/250, real avg travel time:576.0470162748644
Test step:116/250, travel time :617.8593130779392, rewards:-288.91357421875, queue:7.579761981964111, delay:0.31825077533721924, throughput:1514
step:3600/3600, q_loss:103.52848052978516, rewards:-298.3238220214844, queue:7.309523582458496, delay:0.31077033281326294, throughput:1661
episode:117/250, real avg travel time:725.9578567128236
Test step:117/250, travel time :575.7876623376624, rewards:-314.96466064453125, queue:7.783994674682617, delay:0.3012644052505493, throughput:1540
step:3600/3600, q_loss:130.67117309570312, rewards:-282.54296875, queue:7.1267194747924805, delay:0.303855299949646, throughput:1486
episode:118/250, real avg travel time:632.485868102288
Test step:118/250, travel time :636.1334300217549, rewards:-286.77581787109375, queue:7.4662699699401855, delay:0.30268096923828125, throughput:1379
step:3600/3600, q_loss:145.1681365966797, rewards:-286.3172912597656, queue:7.030423164367676, delay:0.30054470896720886, throughput:1526
episode:119/250, real avg travel time:630.7064220183486
Test step:119/250, travel time :680.7995461422088, rewards:-324.35186767578125, queue:8.09589958190918, delay:0.3191431164741516, throughput:1322
step:3600/3600, q_loss:161.2504119873047, rewards:-305.08319091796875, queue:8.076455116271973, delay:0.31984052062034607, throughput:1677
episode:120/250, real avg travel time:636.7012522361359
Test step:120/250, travel time :610.1059907834101, rewards:-266.3512268066406, queue:6.753042221069336, delay:0.31299975514411926, throughput:1302
step:3600/3600, q_loss:131.38963317871094, rewards:-264.38824462890625, queue:6.709523677825928, delay:0.29952436685562134, throughput:1717
episode:121/250, real avg travel time:627.7384973791496
Test step:121/250, travel time :621.7460969597371, rewards:-360.86248779296875, queue:9.275925636291504, delay:0.33290305733680725, throughput:1217
step:3600/3600, q_loss:147.1492462158203, rewards:-295.01220703125, queue:7.545105934143066, delay:0.30676689743995667, throughput:1468
episode:122/250, real avg travel time:615.591280653951
Test step:122/250, travel time :596.526897568165, rewards:-300.86041259765625, queue:7.554497241973877, delay:0.3256778419017792, throughput:1357
step:3600/3600, q_loss:127.85033416748047, rewards:-262.6961669921875, queue:6.90410041809082, delay:0.2913026213645935, throughput:1553
episode:123/250, real avg travel time:611.3444945267224
Test step:123/250, travel time :576.3461283917935, rewards:-257.7528076171875, queue:6.665079593658447, delay:0.308088481426239, throughput:1511
step:3600/3600, q_loss:107.72339630126953, rewards:-297.5787658691406, queue:7.562830924987793, delay:0.29265978932380676, throughput:1568
episode:124/250, real avg travel time:577.0542091836735
Test step:124/250, travel time :598.665751544269, rewards:-301.8220520019531, queue:7.469047546386719, delay:0.30880147218704224, throughput:1457
step:3600/3600, q_loss:111.02024841308594, rewards:-253.55056762695312, queue:6.2593913078308105, delay:0.2970723509788513, throughput:1536
episode:125/250, real avg travel time:657.302734375
Test step:125/250, travel time :578.7136752136752, rewards:-280.2512512207031, queue:7.3698410987854, delay:0.3290487229824066, throughput:1638
step:3600/3600, q_loss:104.85134887695312, rewards:-275.7809753417969, queue:7.160449504852295, delay:0.2931210994720459, throughput:1567
episode:126/250, real avg travel time:572.698787492023
Test step:126/250, travel time :627.7702702702703, rewards:-307.0489501953125, queue:8.050529479980469, delay:0.31927409768104553, throughput:1406
step:3600/3600, q_loss:98.81645202636719, rewards:-317.0503845214844, queue:8.362565994262695, delay:0.31418925523757935, throughput:1443
episode:127/250, real avg travel time:666.1725571725572
Test step:127/250, travel time :583.9869595058339, rewards:-295.6202697753906, queue:7.579894065856934, delay:0.31953734159469604, throughput:1457
step:3600/3600, q_loss:108.99153900146484, rewards:-273.66583251953125, queue:7.159920692443848, delay:0.2980654239654541, throughput:1590
episode:128/250, real avg travel time:633.9666666666667
Test step:128/250, travel time :616.5785519125683, rewards:-326.2429504394531, queue:8.329629898071289, delay:0.3259398341178894, throughput:1464
step:3600/3600, q_loss:116.89177703857422, rewards:-279.4364929199219, queue:7.337169170379639, delay:0.2986219525337219, throughput:1517
episode:129/250, real avg travel time:674.0632827949901
Test step:129/250, travel time :697.7481644640235, rewards:-284.0461730957031, queue:7.5120368003845215, delay:0.3092283308506012, throughput:1362
step:3600/3600, q_loss:106.4586181640625, rewards:-272.9093017578125, queue:6.801058292388916, delay:0.30032211542129517, throughput:1553
episode:130/250, real avg travel time:628.369607211848
Test step:130/250, travel time :643.2651455546813, rewards:-317.5048522949219, queue:8.215872764587402, delay:0.31668126583099365, throughput:1271
step:3600/3600, q_loss:97.12478637695312, rewards:-268.2239685058594, queue:7.040740966796875, delay:0.3086814284324646, throughput:1610
episode:131/250, real avg travel time:654.2993788819875
Test step:131/250, travel time :655.5167286245353, rewards:-318.24139404296875, queue:8.214550018310547, delay:0.33257049322128296, throughput:1345
step:3600/3600, q_loss:124.78244018554688, rewards:-258.1039733886719, queue:6.67301607131958, delay:0.29991599917411804, throughput:1567
episode:132/250, real avg travel time:624.7160178685386
Test step:132/250, travel time :520.033184428845, rewards:-308.4319763183594, queue:7.30568790435791, delay:0.3218526542186737, throughput:1567
step:3600/3600, q_loss:108.10553741455078, rewards:-242.9595489501953, queue:6.350396633148193, delay:0.2818986773490906, throughput:1606
episode:133/250, real avg travel time:563.5099626400996
Test step:133/250, travel time :615.1275720164609, rewards:-335.6104736328125, queue:8.550793647766113, delay:0.31660977005958557, throughput:1215
step:3600/3600, q_loss:115.1322021484375, rewards:-281.1796875, queue:7.282010555267334, delay:0.3035310208797455, throughput:1504
episode:134/250, real avg travel time:650.4581117021277
Test step:134/250, travel time :621.8061097256858, rewards:-280.66973876953125, queue:7.396296501159668, delay:0.3042917847633362, throughput:1604
step:3600/3600, q_loss:110.32341766357422, rewards:-279.1878356933594, queue:7.1728835105896, delay:0.2954857349395752, throughput:1641
episode:135/250, real avg travel time:644.9104204753199
Test step:135/250, travel time :589.7772575250837, rewards:-285.8404541015625, queue:7.412169456481934, delay:0.31198251247406006, throughput:1495
step:3600/3600, q_loss:98.02914428710938, rewards:-245.53993225097656, queue:6.495635032653809, delay:0.28234219551086426, throughput:1734
episode:136/250, real avg travel time:579.9671280276816
Test step:136/250, travel time :618.2888111888112, rewards:-320.26470947265625, queue:7.795370578765869, delay:0.32252317667007446, throughput:1430
step:3600/3600, q_loss:99.03572082519531, rewards:-292.0640563964844, queue:7.5203704833984375, delay:0.30523598194122314, throughput:1516
episode:137/250, real avg travel time:644.9096306068601
Test step:137/250, travel time :617.0486409155938, rewards:-299.4994812011719, queue:7.493386268615723, delay:0.30022701621055603, throughput:1398
step:3600/3600, q_loss:83.3177490234375, rewards:-312.33935546875, queue:8.047222137451172, delay:0.3065256178379059, throughput:1597
episode:138/250, real avg travel time:694.4608641202254
Test step:138/250, travel time :647.9841155234657, rewards:-339.2472839355469, queue:8.91706371307373, delay:0.32095029950141907, throughput:1385
step:3600/3600, q_loss:69.9988021850586, rewards:-241.3578338623047, queue:6.653042316436768, delay:0.30159449577331543, throughput:1947
episode:139/250, real avg travel time:544.6286594761172
Test step:139/250, travel time :823.4294258373205, rewards:-446.10003662109375, queue:11.76269817352295, delay:0.41511356830596924, throughput:836
step:3600/3600, q_loss:70.32492065429688, rewards:-377.7876281738281, queue:10.01547622680664, delay:0.3346143960952759, throughput:1568
episode:140/250, real avg travel time:662.1447704081633
Test step:140/250, travel time :654.2760540970564, rewards:-288.97894287109375, queue:7.568783283233643, delay:0.30674442648887634, throughput:1257
step:3600/3600, q_loss:85.38560485839844, rewards:-248.68492126464844, queue:6.176322937011719, delay:0.3028881847858429, throughput:1665
episode:141/250, real avg travel time:627.6168168168168
Test step:141/250, travel time :624.8232169954476, rewards:-299.8955078125, queue:8.079894065856934, delay:0.30591094493865967, throughput:1318
step:3600/3600, q_loss:101.52149200439453, rewards:-249.96731567382812, queue:6.578042507171631, delay:0.28521427512168884, throughput:1556
episode:142/250, real avg travel time:556.5077120822622
Test step:142/250, travel time :633.8584703359543, rewards:-299.5936584472656, queue:7.58994722366333, delay:0.30767905712127686, throughput:1399
step:3600/3600, q_loss:107.81204223632812, rewards:-301.9349670410156, queue:7.5825395584106445, delay:0.31279757618904114, throughput:1354
episode:143/250, real avg travel time:702.2407680945347
Test step:143/250, travel time :582.1650684931507, rewards:-316.0531005859375, queue:7.746693134307861, delay:0.32370251417160034, throughput:1460
step:3600/3600, q_loss:104.25896453857422, rewards:-309.39764404296875, queue:7.644576549530029, delay:0.31466877460479736, throughput:1489
episode:144/250, real avg travel time:606.1101410342512
Test step:144/250, travel time :689.8424242424243, rewards:-314.4764404296875, queue:7.682010650634766, delay:0.3235607445240021, throughput:1320
step:3600/3600, q_loss:124.4222412109375, rewards:-279.50213623046875, queue:7.417989253997803, delay:0.3078973591327667, throughput:1604
episode:145/250, real avg travel time:611.7599750623441
Test step:145/250, travel time :606.0746064339494, rewards:-273.6197814941406, queue:6.864814758300781, delay:0.31821227073669434, throughput:1461
step:3600/3600, q_loss:134.2507781982422, rewards:-302.81195068359375, queue:7.905819892883301, delay:0.3042711019515991, throughput:1514
episode:146/250, real avg travel time:573.7272126816381
Test step:146/250, travel time :651.2503840245776, rewards:-323.9124755859375, queue:7.97936487197876, delay:0.33145424723625183, throughput:1302
step:3600/3600, q_loss:140.58941650390625, rewards:-297.0846252441406, queue:7.711243152618408, delay:0.31680727005004883, throughput:1840
episode:147/250, real avg travel time:652.5211956521739
Test step:147/250, travel time :656.5237053245806, rewards:-320.33416748046875, queue:7.805423259735107, delay:0.3249633014202118, throughput:1371
step:3600/3600, q_loss:168.9542999267578, rewards:-306.5140380859375, queue:7.822090148925781, delay:0.31705063581466675, throughput:1573
episode:148/250, real avg travel time:700.9020979020979
Test step:148/250, travel time :609.0416399743754, rewards:-282.0026550292969, queue:7.346164226531982, delay:0.30819517374038696, throughput:1561
step:3600/3600, q_loss:189.20004272460938, rewards:-263.4992980957031, queue:6.969047546386719, delay:0.28845351934432983, throughput:1706
episode:149/250, real avg travel time:724.8558030480657
Test step:149/250, travel time :620.9709744298549, rewards:-284.87261962890625, queue:7.451719760894775, delay:0.298541396856308, throughput:1447
step:3600/3600, q_loss:140.5428009033203, rewards:-260.4698791503906, queue:6.83994722366333, delay:0.3074434697628021, throughput:1685
episode:150/250, real avg travel time:657.6824925816023
Test step:150/250, travel time :653.510719754977, rewards:-303.0241394042969, queue:7.560846328735352, delay:0.3200632631778717, throughput:1306
step:3600/3600, q_loss:144.17654418945312, rewards:-311.75341796875, queue:7.865079402923584, delay:0.3143644332885742, throughput:1475
episode:151/250, real avg travel time:694.1972881355932
Test step:151/250, travel time :601.2160161507402, rewards:-305.5186462402344, queue:7.877513408660889, delay:0.32401666045188904, throughput:1486
step:3600/3600, q_loss:170.363525390625, rewards:-298.7996520996094, queue:7.328968048095703, delay:0.31026774644851685, throughput:1644
episode:152/250, real avg travel time:621.5486618004866
Test step:152/250, travel time :622.1712121212121, rewards:-317.44482421875, queue:7.8682541847229, delay:0.31722593307495117, throughput:1320
step:3600/3600, q_loss:158.44210815429688, rewards:-273.726806640625, queue:7.025661468505859, delay:0.29403287172317505, throughput:1676
episode:153/250, real avg travel time:622.0668257756563
Test step:153/250, travel time :628.3680758017492, rewards:-320.4960632324219, queue:7.941931247711182, delay:0.3301546275615692, throughput:1372
step:3600/3600, q_loss:122.73470306396484, rewards:-308.14190673828125, queue:7.556216716766357, delay:0.31958717107772827, throughput:1390
episode:154/250, real avg travel time:661.4309352517986
Test step:154/250, travel time :629.8357524828114, rewards:-318.411865234375, queue:7.903042316436768, delay:0.30856677889823914, throughput:1309
step:3600/3600, q_loss:121.79248046875, rewards:-289.4464111328125, queue:7.424074172973633, delay:0.3183914124965668, throughput:1821
episode:155/250, real avg travel time:675.0521691378364
Test step:155/250, travel time :668.6792592592593, rewards:-340.1965637207031, queue:8.709391593933105, delay:0.32687485218048096, throughput:1350
step:3600/3600, q_loss:140.7606201171875, rewards:-326.5572509765625, queue:8.295105934143066, delay:0.34146490693092346, throughput:1525
episode:156/250, real avg travel time:635.9009836065574
Test step:156/250, travel time :930.3543956043956, rewards:-494.79052734375, queue:12.474867820739746, delay:0.4565814435482025, throughput:728
step:3600/3600, q_loss:134.59959411621094, rewards:-375.5752258300781, queue:9.324206352233887, delay:0.349630743265152, throughput:1608
episode:157/250, real avg travel time:629.5373134328358
Test step:157/250, travel time :601.094389438944, rewards:-289.56512451171875, queue:7.316137790679932, delay:0.31663230061531067, throughput:1515
step:3600/3600, q_loss:131.16192626953125, rewards:-258.5216369628906, queue:6.6198410987854, delay:0.2981463372707367, throughput:1541
episode:158/250, real avg travel time:572.7858533419857
Test step:158/250, travel time :623.4535345512311, rewards:-339.9648132324219, queue:8.705952644348145, delay:0.32784682512283325, throughput:1259
step:3600/3600, q_loss:106.1035385131836, rewards:-311.29742431640625, queue:7.371428489685059, delay:0.31664496660232544, throughput:1546
episode:159/250, real avg travel time:634.2283311772316
Test step:159/250, travel time :608.9523121387283, rewards:-283.814453125, queue:7.317592620849609, delay:0.3146347999572754, throughput:1384
step:3600/3600, q_loss:107.77470397949219, rewards:-269.2342529296875, queue:6.996957778930664, delay:0.29892128705978394, throughput:1663
episode:160/250, real avg travel time:622.480457005412
Test step:160/250, travel time :614.8711078928313, rewards:-287.0809020996094, queue:7.460714340209961, delay:0.3188677728176117, throughput:1381
step:3600/3600, q_loss:113.13250732421875, rewards:-242.42103576660156, queue:6.278571605682373, delay:0.29229918122291565, throughput:1608
episode:161/250, real avg travel time:618.0808457711443
Test step:161/250, travel time :689.3697996918336, rewards:-314.9869689941406, queue:7.679497241973877, delay:0.32306811213493347, throughput:1298
step:3600/3600, q_loss:101.28076934814453, rewards:-282.7970275878906, queue:7.310978889465332, delay:0.30334940552711487, throughput:1628
episode:162/250, real avg travel time:617.9735872235872
Test step:162/250, travel time :623.7602787456447, rewards:-294.88555908203125, queue:7.775528907775879, delay:0.3262658715248108, throughput:1435
step:3600/3600, q_loss:105.4546890258789, rewards:-243.08753967285156, queue:6.388095378875732, delay:0.285806804895401, throughput:1640
episode:163/250, real avg travel time:655.4951219512195
Test step:163/250, travel time :672.7672651933701, rewards:-306.6827697753906, queue:7.824603080749512, delay:0.30872538685798645, throughput:1448
step:3600/3600, q_loss:114.59757232666016, rewards:-276.0922546386719, queue:6.8329362869262695, delay:0.3014635443687439, throughput:1613
episode:164/250, real avg travel time:731.8264104153751
Test step:164/250, travel time :618.0817174515236, rewards:-309.2618713378906, queue:7.74404764175415, delay:0.3201444149017334, throughput:1444
step:3600/3600, q_loss:107.7239990234375, rewards:-263.61279296875, queue:6.889682769775391, delay:0.29809603095054626, throughput:1646
episode:165/250, real avg travel time:578.6537059538275
Test step:165/250, travel time :634.2033383915023, rewards:-284.844482421875, queue:7.3953704833984375, delay:0.3093685507774353, throughput:1318
step:3600/3600, q_loss:131.64346313476562, rewards:-337.4785461425781, queue:8.509126663208008, delay:0.3157173693180084, throughput:1582
episode:166/250, real avg travel time:709.0063211125158
Test step:166/250, travel time :644.1025073746313, rewards:-328.2876281738281, queue:8.242856979370117, delay:0.3249724507331848, throughput:1356
step:3600/3600, q_loss:133.45526123046875, rewards:-309.95001220703125, queue:7.853174686431885, delay:0.3026416003704071, throughput:1408
episode:167/250, real avg travel time:644.0490056818181
Test step:167/250, travel time :585.6174298375184, rewards:-293.2417907714844, queue:7.5730156898498535, delay:0.3199845850467682, throughput:1354
step:3600/3600, q_loss:122.1741943359375, rewards:-311.724365234375, queue:7.906878471374512, delay:0.3238068222999573, throughput:1545
episode:168/250, real avg travel time:702.4058252427185
Test step:168/250, travel time :618.0989583333334, rewards:-277.8393859863281, queue:7.262566089630127, delay:0.3163360357284546, throughput:1536
step:3600/3600, q_loss:121.2470474243164, rewards:-270.48663330078125, queue:7.0411376953125, delay:0.29746532440185547, throughput:1759
episode:169/250, real avg travel time:628.1603183627061
Test step:169/250, travel time :617.5602629656684, rewards:-299.2412109375, queue:7.906878471374512, delay:0.3083036243915558, throughput:1369
step:3600/3600, q_loss:110.71741485595703, rewards:-273.20355224609375, queue:7.176851749420166, delay:0.29247909784317017, throughput:1591
episode:170/250, real avg travel time:658.2470144563168
Test step:170/250, travel time :605.2068965517242, rewards:-284.38262939453125, queue:7.412962913513184, delay:0.3190510869026184, throughput:1392
step:3600/3600, q_loss:107.35108184814453, rewards:-303.85723876953125, queue:7.399074077606201, delay:0.3128693699836731, throughput:1501
episode:171/250, real avg travel time:724.1392405063291
Test step:171/250, travel time :612.0575589459085, rewards:-285.8172607421875, queue:7.367063522338867, delay:0.300428181886673, throughput:1442
step:3600/3600, q_loss:126.05103302001953, rewards:-264.6911315917969, queue:6.676719665527344, delay:0.2917287051677704, throughput:1762
episode:172/250, real avg travel time:759.4125993189557
Test step:172/250, travel time :678.7527151211361, rewards:-332.466796875, queue:8.10873031616211, delay:0.32758936285972595, throughput:1197
step:3600/3600, q_loss:114.07986450195312, rewards:-289.2780456542969, queue:7.5839948654174805, delay:0.3070293962955475, throughput:1360
episode:173/250, real avg travel time:694.5463235294118
Test step:173/250, travel time :608.8906732550957, rewards:-289.48321533203125, queue:7.650396823883057, delay:0.30444666743278503, throughput:1619
step:3600/3600, q_loss:116.2247085571289, rewards:-237.9287109375, queue:6.398148059844971, delay:0.2956976890563965, throughput:1900
episode:174/250, real avg travel time:733.3705263157894
Test step:174/250, travel time :591.2505233775297, rewards:-282.2301940917969, queue:7.268783092498779, delay:0.2906336486339569, throughput:1433
step:3600/3600, q_loss:117.54718017578125, rewards:-278.1990661621094, queue:7.18743371963501, delay:0.3069182336330414, throughput:1466
episode:175/250, real avg travel time:594.7346521145976
Test step:175/250, travel time :626.0327342747112, rewards:-288.825927734375, queue:7.252777576446533, delay:0.32083621621131897, throughput:1558
step:3600/3600, q_loss:107.49929809570312, rewards:-312.6181640625, queue:7.98716926574707, delay:0.2977851927280426, throughput:1598
episode:176/250, real avg travel time:615.6489361702128
Test step:176/250, travel time :664.2286931818181, rewards:-292.98406982421875, queue:7.404365062713623, delay:0.3041163384914398, throughput:1408
step:3600/3600, q_loss:118.61104583740234, rewards:-234.42034912109375, queue:6.321164131164551, delay:0.2790825366973877, throughput:1525
episode:177/250, real avg travel time:586.3685245901639
Test step:177/250, travel time :649.7089665653496, rewards:-296.8494873046875, queue:7.717328071594238, delay:0.31148526072502136, throughput:1316
step:3600/3600, q_loss:95.24058532714844, rewards:-277.2610168457031, queue:7.2406086921691895, delay:0.3050197958946228, throughput:1439
episode:178/250, real avg travel time:643.1362056984017
Test step:178/250, travel time :567.6785464709993, rewards:-282.600830078125, queue:7.304893970489502, delay:0.3014305531978607, throughput:1431
step:3600/3600, q_loss:94.205078125, rewards:-302.43603515625, queue:7.252910137176514, delay:0.3005940020084381, throughput:1683
episode:179/250, real avg travel time:653.9459298871063
Test step:179/250, travel time :584.1970310391363, rewards:-309.3062744140625, queue:7.791666507720947, delay:0.31832581758499146, throughput:1482
step:3600/3600, q_loss:103.30160522460938, rewards:-271.0977783203125, queue:6.746561050415039, delay:0.29799386858940125, throughput:1525
episode:180/250, real avg travel time:604.4065573770491
Test step:180/250, travel time :658.1695865451998, rewards:-324.6980285644531, queue:7.870502471923828, delay:0.31601962447166443, throughput:1427
step:3600/3600, q_loss:117.51577758789062, rewards:-255.5637969970703, queue:6.443650722503662, delay:0.2890335023403168, throughput:1593
episode:181/250, real avg travel time:662.2542372881356
Test step:181/250, travel time :683.5242537313433, rewards:-353.0151672363281, queue:9.29206371307373, delay:0.32475289702415466, throughput:1072
step:3600/3600, q_loss:88.13951873779297, rewards:-268.611572265625, queue:6.796428680419922, delay:0.2967192828655243, throughput:1647
episode:182/250, real avg travel time:564.4578020643595
Test step:182/250, travel time :605.4225352112676, rewards:-289.5041198730469, queue:7.465476036071777, delay:0.3212036192417145, throughput:1420
step:3600/3600, q_loss:88.45086669921875, rewards:-269.4880065917969, queue:6.999603271484375, delay:0.2935020625591278, throughput:1788
episode:183/250, real avg travel time:572.3025727069352
Test step:183/250, travel time :616.1286789869952, rewards:-298.16253662109375, queue:7.642328262329102, delay:0.30786922574043274, throughput:1461
step:3600/3600, q_loss:113.56887817382812, rewards:-285.5050354003906, queue:6.886507987976074, delay:0.30084535479545593, throughput:1624
episode:184/250, real avg travel time:568.7093596059113
Test step:184/250, travel time :563.4524765729585, rewards:-270.8431396484375, queue:7.037433624267578, delay:0.3059596121311188, throughput:1494
step:3600/3600, q_loss:96.69536590576172, rewards:-251.7429962158203, queue:6.505687713623047, delay:0.2926257252693176, throughput:1580
episode:185/250, real avg travel time:600.9075949367088
Test step:185/250, travel time :552.4817869415807, rewards:-297.97216796875, queue:7.566137790679932, delay:0.31040436029434204, throughput:1455
step:3600/3600, q_loss:88.1426773071289, rewards:-269.4977111816406, queue:6.865344047546387, delay:0.3018898367881775, throughput:1695
episode:186/250, real avg travel time:572.2772861356932
Test step:186/250, travel time :586.128548895899, rewards:-330.8554382324219, queue:8.06772518157959, delay:0.3154357671737671, throughput:1268
step:3600/3600, q_loss:92.44597625732422, rewards:-283.7536926269531, queue:6.938889026641846, delay:0.3094346225261688, throughput:1522
episode:187/250, real avg travel time:565.919185282523
Test step:187/250, travel time :588.4335465529496, rewards:-343.75848388671875, queue:8.308597564697266, delay:0.3271377980709076, throughput:1407
step:3600/3600, q_loss:93.75341033935547, rewards:-235.65774536132812, queue:6.1370368003845215, delay:0.2899683713912964, throughput:1618
episode:188/250, real avg travel time:637.4950556242275
Test step:188/250, travel time :564.3400673400673, rewards:-296.3708801269531, queue:7.198412895202637, delay:0.3051621615886688, throughput:1485
step:3600/3600, q_loss:103.20512390136719, rewards:-280.03564453125, queue:6.963491916656494, delay:0.31087204813957214, throughput:1547
episode:189/250, real avg travel time:615.3380736910149
Test step:189/250, travel time :706.036815920398, rewards:-496.0443115234375, queue:12.364550590515137, delay:0.44022634625434875, throughput:1005
step:3600/3600, q_loss:95.00629425048828, rewards:-374.1794128417969, queue:9.44351863861084, delay:0.36203694343566895, throughput:1687
episode:190/250, real avg travel time:726.5406046235922
Test step:190/250, travel time :582.5440559440559, rewards:-289.0538330078125, queue:7.470634937286377, delay:0.3098702132701874, throughput:1430
step:3600/3600, q_loss:116.94017028808594, rewards:-272.95355224609375, queue:7.16693115234375, delay:0.31294962763786316, throughput:1863
episode:191/250, real avg travel time:643.4959742351047
Test step:191/250, travel time :807.8524416135881, rewards:-521.2616577148438, queue:12.825264930725098, delay:0.4169594347476959, throughput:942
step:3600/3600, q_loss:119.88860321044922, rewards:-277.9234619140625, queue:7.049074172973633, delay:0.3000370264053345, throughput:1705
episode:192/250, real avg travel time:645.9366568914955
Test step:192/250, travel time :635.1125401929261, rewards:-322.49786376953125, queue:8.3615083694458, delay:0.32187461853027344, throughput:1244
step:3600/3600, q_loss:130.55596923828125, rewards:-333.71392822265625, queue:8.204364776611328, delay:0.3199361264705658, throughput:1393
episode:193/250, real avg travel time:666.5147164393395
Test step:193/250, travel time :576.0433310765064, rewards:-297.1837463378906, queue:7.42301607131958, delay:0.3214402198791504, throughput:1477
step:3600/3600, q_loss:131.49786376953125, rewards:-279.51702880859375, queue:7.023941993713379, delay:0.31259945034980774, throughput:1483
episode:194/250, real avg travel time:617.4227916385705
Test step:194/250, travel time :602.0911974623315, rewards:-305.0928039550781, queue:8.005158424377441, delay:0.3239046037197113, throughput:1261
step:3600/3600, q_loss:128.85369873046875, rewards:-280.4377746582031, queue:7.098545074462891, delay:0.3064664900302887, throughput:1728
episode:195/250, real avg travel time:649.699074074074
Test step:195/250, travel time :583.5703758290347, rewards:-273.20880126953125, queue:7.178835868835449, delay:0.3027973771095276, throughput:1357
step:3600/3600, q_loss:142.18991088867188, rewards:-291.4705810546875, queue:7.394841194152832, delay:0.2983357608318329, throughput:1551
episode:196/250, real avg travel time:649.5261121856867
Test step:196/250, travel time :612.9693430656935, rewards:-314.2379455566406, queue:7.783068656921387, delay:0.3170841932296753, throughput:1370
step:3600/3600, q_loss:134.40341186523438, rewards:-283.71905517578125, queue:7.44444465637207, delay:0.30514952540397644, throughput:1505
episode:197/250, real avg travel time:653.3488372093024
Test step:197/250, travel time :607.5515846257586, rewards:-306.4729919433594, queue:7.70198392868042, delay:0.3215138018131256, throughput:1483
step:3600/3600, q_loss:129.51844787597656, rewards:-340.93603515625, queue:8.499603271484375, delay:0.3231181800365448, throughput:1301
episode:198/250, real avg travel time:598.3289777094543
Test step:198/250, travel time :555.4291525423729, rewards:-277.5628662109375, queue:7.152248859405518, delay:0.3026091456413269, throughput:1475
step:3600/3600, q_loss:145.27801513671875, rewards:-246.4456329345703, queue:6.400396823883057, delay:0.2940298616886139, throughput:1846
episode:199/250, real avg travel time:674.7708559046587
Test step:199/250, travel time :567.9882515549413, rewards:-294.1330261230469, queue:7.438624382019043, delay:0.3199935853481293, throughput:1447
step:3600/3600, q_loss:150.5212860107422, rewards:-271.3984680175781, queue:7.1042327880859375, delay:0.29473599791526794, throughput:1662
episode:200/250, real avg travel time:734.4554753309266
Test step:200/250, travel time :652.5480501392758, rewards:-302.4569091796875, queue:7.930952548980713, delay:0.319171279668808, throughput:1436
step:3600/3600, q_loss:141.67332458496094, rewards:-277.04229736328125, queue:6.943253993988037, delay:0.30534157156944275, throughput:1422
episode:201/250, real avg travel time:625.7137834036569
Test step:201/250, travel time :625.1468224981738, rewards:-293.6453857421875, queue:7.388227462768555, delay:0.31023141741752625, throughput:1369
step:3600/3600, q_loss:129.27188110351562, rewards:-270.43914794921875, queue:7.122222423553467, delay:0.315258651971817, throughput:1588
episode:202/250, real avg travel time:684.743073047859
Test step:202/250, travel time :611.548828125, rewards:-285.0999755859375, queue:7.446957588195801, delay:0.3201047480106354, throughput:1536
step:3600/3600, q_loss:130.9742431640625, rewards:-264.3485412597656, queue:6.811243534088135, delay:0.30423203110694885, throughput:1648
episode:203/250, real avg travel time:656.9114077669902
Test step:203/250, travel time :616.5433884297521, rewards:-304.6587829589844, queue:7.6682538986206055, delay:0.326702743768692, throughput:1452
step:3600/3600, q_loss:117.8368911743164, rewards:-314.6731872558594, queue:7.852910041809082, delay:0.31271451711654663, throughput:1363
episode:204/250, real avg travel time:676.3690388848129
Test step:204/250, travel time :574.54262086514, rewards:-272.8543701171875, queue:7.070106029510498, delay:0.3023344874382019, throughput:1572
step:3600/3600, q_loss:116.7025146484375, rewards:-291.4880676269531, queue:7.323148250579834, delay:0.30747008323669434, throughput:1401
episode:205/250, real avg travel time:626.8065667380442
Test step:205/250, travel time :629.7242424242424, rewards:-310.4992980957031, queue:7.682275295257568, delay:0.31233179569244385, throughput:1320
step:3600/3600, q_loss:106.98245239257812, rewards:-286.20947265625, queue:7.474073886871338, delay:0.2999083697795868, throughput:1494
episode:206/250, real avg travel time:670.8232931726908
Test step:206/250, travel time :602.1996021220159, rewards:-294.5807189941406, queue:7.367856979370117, delay:0.318699449300766, throughput:1508
step:3600/3600, q_loss:107.72105407714844, rewards:-300.8841247558594, queue:7.642857074737549, delay:0.30229195952415466, throughput:1654
episode:207/250, real avg travel time:611.2503022974607
Test step:207/250, travel time :904.2652795838752, rewards:-443.7131652832031, queue:11.15066146850586, delay:0.4366114139556885, throughput:769
step:3600/3600, q_loss:114.71026611328125, rewards:-418.7095031738281, queue:10.329629898071289, delay:0.4032009541988373, throughput:1469
episode:208/250, real avg travel time:749.4860449285228
Test step:208/250, travel time :645.9054151624549, rewards:-276.35296630859375, queue:7.102248668670654, delay:0.30323392152786255, throughput:1385
step:3600/3600, q_loss:111.54826354980469, rewards:-289.9070129394531, queue:7.087433815002441, delay:0.3050295412540436, throughput:1395
episode:209/250, real avg travel time:654.8917562724014
Test step:209/250, travel time :605.761574074074, rewards:-309.0771789550781, queue:7.7002644538879395, delay:0.31493908166885376, throughput:1296
step:3600/3600, q_loss:112.59253692626953, rewards:-306.27276611328125, queue:7.362830638885498, delay:0.32073020935058594, throughput:1617
episode:210/250, real avg travel time:634.4928880643166
Test step:210/250, travel time :616.1319910514542, rewards:-302.43353271484375, queue:7.862037181854248, delay:0.32192322611808777, throughput:1341
step:3600/3600, q_loss:107.53704071044922, rewards:-406.8712158203125, queue:10.928571701049805, delay:0.3729594349861145, throughput:1355
episode:211/250, real avg travel time:894.9815498154982
Test step:211/250, travel time :864.8732014388489, rewards:-490.25146484375, queue:11.899602890014648, delay:0.40917715430259705, throughput:1112
step:3600/3600, q_loss:111.2027359008789, rewards:-244.75025939941406, queue:6.351851940155029, delay:0.2859553396701813, throughput:1612
episode:212/250, real avg travel time:656.6749379652606
Test step:212/250, travel time :588.5637435519528, rewards:-351.1446228027344, queue:8.6764554977417, delay:0.3318119943141937, throughput:1357
step:3600/3600, q_loss:127.15319061279297, rewards:-287.0208740234375, queue:7.078306674957275, delay:0.32220548391342163, throughput:1392
episode:213/250, real avg travel time:692.278735632184
Test step:213/250, travel time :585.25, rewards:-273.5544128417969, queue:7.0890212059021, delay:0.30226248502731323, throughput:1492
step:3600/3600, q_loss:138.5434112548828, rewards:-242.4462890625, queue:6.500396728515625, delay:0.29584428668022156, throughput:1597
episode:214/250, real avg travel time:564.9279899812148
Test step:214/250, travel time :650.4351145038167, rewards:-309.4084777832031, queue:7.883862495422363, delay:0.31714871525764465, throughput:1310
step:3600/3600, q_loss:120.98473358154297, rewards:-261.1517333984375, queue:6.815476417541504, delay:0.2959963381290436, throughput:1670
episode:215/250, real avg travel time:633.9532934131737
Test step:215/250, travel time :615.7202842377261, rewards:-273.6338195800781, queue:7.120502471923828, delay:0.31585031747817993, throughput:1548
step:3600/3600, q_loss:107.08097076416016, rewards:-255.7440948486328, queue:6.6354498863220215, delay:0.301024854183197, throughput:1811
episode:216/250, real avg travel time:593.974047487576
Test step:216/250, travel time :649.3860497237569, rewards:-289.4391784667969, queue:7.233333110809326, delay:0.31239938735961914, throughput:1448
step:3600/3600, q_loss:135.99957275390625, rewards:-248.98541259765625, queue:6.380820274353027, delay:0.3060959577560425, throughput:1668
episode:217/250, real avg travel time:583.8890887290167
Test step:217/250, travel time :642.1472629144179, rewards:-308.6985168457031, queue:7.722486972808838, delay:0.3290663957595825, throughput:1297
step:3600/3600, q_loss:160.5391082763672, rewards:-256.8368835449219, queue:6.546825408935547, delay:0.30892255902290344, throughput:1643
episode:218/250, real avg travel time:638.954351795496
Test step:218/250, travel time :606.3134418324291, rewards:-275.94268798828125, queue:7.128438949584961, delay:0.3172683119773865, throughput:1659
step:3600/3600, q_loss:133.49163818359375, rewards:-251.2198944091797, queue:6.5112433433532715, delay:0.30709609389305115, throughput:1581
episode:219/250, real avg travel time:647.280202403542
Test step:219/250, travel time :550.2667064439141, rewards:-273.882080078125, queue:7.041666507720947, delay:0.3097712993621826, throughput:1676
step:3600/3600, q_loss:121.74972534179688, rewards:-253.08982849121094, queue:6.676322937011719, delay:0.3051426112651825, throughput:1765
episode:220/250, real avg travel time:698.0345609065156
Test step:220/250, travel time :614.4262187088274, rewards:-279.25982666015625, queue:7.260317325592041, delay:0.31854888796806335, throughput:1518
step:3600/3600, q_loss:117.64916229248047, rewards:-267.7463684082031, queue:6.773544788360596, delay:0.31626927852630615, throughput:1523
episode:221/250, real avg travel time:628.7721602101116
Test step:221/250, travel time :626.4655041698256, rewards:-300.56195068359375, queue:7.274206161499023, delay:0.3324618339538574, throughput:1319
step:3600/3600, q_loss:126.47024536132812, rewards:-291.899658203125, queue:7.0623016357421875, delay:0.3023075461387634, throughput:1555
episode:222/250, real avg travel time:624.2180064308682
Test step:222/250, travel time :637.3907284768212, rewards:-281.7805480957031, queue:7.381217002868652, delay:0.3091282844543457, throughput:1510
step:3600/3600, q_loss:113.0462875366211, rewards:-275.4668884277344, queue:7.205555438995361, delay:0.28969606757164, throughput:1608
episode:223/250, real avg travel time:652.7450248756219
Test step:223/250, travel time :608.2907303370787, rewards:-303.6739501953125, queue:7.600396633148193, delay:0.32536542415618896, throughput:1424
step:3600/3600, q_loss:126.16270446777344, rewards:-282.5393981933594, queue:7.482142925262451, delay:0.30528849363327026, throughput:1584
episode:224/250, real avg travel time:704.1161616161617
Test step:224/250, travel time :614.4252370532458, rewards:-288.25958251953125, queue:7.579232692718506, delay:0.3125127851963043, throughput:1371
step:3600/3600, q_loss:99.69731903076172, rewards:-273.5146789550781, queue:7.164682388305664, delay:0.2956545352935791, throughput:1468
episode:225/250, real avg travel time:624.9788828337875
Test step:225/250, travel time :586.1567644953471, rewards:-307.4483947753906, queue:7.550000190734863, delay:0.32647794485092163, throughput:1397
step:3600/3600, q_loss:92.80628204345703, rewards:-286.6204833984375, queue:7.053835868835449, delay:0.30739501118659973, throughput:1472
episode:226/250, real avg travel time:597.5271739130435
Test step:226/250, travel time :602.3296167247387, rewards:-262.2735290527344, queue:6.666666507720947, delay:0.3086617588996887, throughput:1435
step:3600/3600, q_loss:97.0611572265625, rewards:-290.4715270996094, queue:7.257010459899902, delay:0.3176821172237396, throughput:1405
episode:227/250, real avg travel time:676.55871886121
Test step:227/250, travel time :608.9529085872576, rewards:-287.4565734863281, queue:7.384655952453613, delay:0.31086814403533936, throughput:1444
step:3600/3600, q_loss:106.21257781982422, rewards:-274.87689208984375, queue:6.93148136138916, delay:0.30217501521110535, throughput:1579
episode:228/250, real avg travel time:694.0804306523116
Test step:228/250, travel time :578.58, rewards:-264.75714111328125, queue:6.864682674407959, delay:0.3038889169692993, throughput:1400
step:3600/3600, q_loss:121.04305267333984, rewards:-250.1848907470703, queue:6.537169456481934, delay:0.3042490482330322, throughput:1860
episode:229/250, real avg travel time:570.5747311827957
Test step:229/250, travel time :587.7199720670391, rewards:-298.37823486328125, queue:7.457010746002197, delay:0.2997673451900482, throughput:1432
step:3600/3600, q_loss:121.25924682617188, rewards:-261.878173828125, queue:6.922486782073975, delay:0.2931095063686371, throughput:1516
episode:230/250, real avg travel time:622.584432717678
Test step:230/250, travel time :670.8223350253808, rewards:-303.34759521484375, queue:7.769444465637207, delay:0.31726232171058655, throughput:1379
step:3600/3600, q_loss:93.43634796142578, rewards:-252.85855102539062, queue:6.625132083892822, delay:0.292318731546402, throughput:1662
episode:231/250, real avg travel time:651.9476534296028
Test step:231/250, travel time :583.8040388930441, rewards:-289.726806640625, queue:7.2410054206848145, delay:0.318978875875473, throughput:1337
step:3600/3600, q_loss:90.68107604980469, rewards:-293.1059875488281, queue:7.614285945892334, delay:0.30346760153770447, throughput:1637
episode:232/250, real avg travel time:648.4691508857667
Test step:232/250, travel time :617.4835164835165, rewards:-284.8915710449219, queue:7.264285564422607, delay:0.2997509837150574, throughput:1547
step:3600/3600, q_loss:101.90750122070312, rewards:-270.82489013671875, queue:7.104762077331543, delay:0.2964278757572174, throughput:1456
episode:233/250, real avg travel time:678.4436813186813
Test step:233/250, travel time :570.0041637751561, rewards:-310.7350158691406, queue:7.715211868286133, delay:0.3207680583000183, throughput:1441
step:3600/3600, q_loss:95.34269714355469, rewards:-266.9359436035156, queue:6.752380847930908, delay:0.3053025007247925, throughput:1547
episode:234/250, real avg travel time:678.4001292824822
Test step:234/250, travel time :635.649762282092, rewards:-313.375244140625, queue:8.205952644348145, delay:0.32098063826560974, throughput:1262
step:3600/3600, q_loss:103.64604949951172, rewards:-279.43212890625, queue:6.658597946166992, delay:0.2959761619567871, throughput:1558
episode:235/250, real avg travel time:676.0648267008986
Test step:235/250, travel time :695.1522522522522, rewards:-454.0516357421875, queue:11.507539749145508, delay:0.42953336238861084, throughput:1110
step:3600/3600, q_loss:97.43629455566406, rewards:-315.31243896484375, queue:7.843254089355469, delay:0.3310558497905731, throughput:1789
episode:236/250, real avg travel time:730.7775293460033
Test step:236/250, travel time :624.9104477611941, rewards:-432.8294372558594, queue:10.897486686706543, delay:0.43194425106048584, throughput:1072
step:3600/3600, q_loss:98.63993072509766, rewards:-342.0365905761719, queue:8.585185050964355, delay:0.3618960976600647, throughput:1504
episode:237/250, real avg travel time:749.1988031914893
Test step:237/250, travel time :645.7760979121671, rewards:-296.13250732421875, queue:7.662566184997559, delay:0.30568668246269226, throughput:1389
step:3600/3600, q_loss:107.71284484863281, rewards:-304.0045166015625, queue:8.288095474243164, delay:0.32494184374809265, throughput:1803
episode:238/250, real avg travel time:678.5990016638935
Test step:238/250, travel time :598.8701957940536, rewards:-292.1196594238281, queue:7.676455020904541, delay:0.3065961003303528, throughput:1379
step:3600/3600, q_loss:121.49501037597656, rewards:-287.7283020019531, queue:7.439682483673096, delay:0.31263110041618347, throughput:1469
episode:239/250, real avg travel time:744.1606535057863
Test step:239/250, travel time :649.1286735504368, rewards:-322.0780334472656, queue:7.937036991119385, delay:0.3239116668701172, throughput:1259
step:3600/3600, q_loss:107.88941955566406, rewards:-279.0350341796875, queue:7.131084442138672, delay:0.2999657094478607, throughput:1658
episode:240/250, real avg travel time:666.7026537997588
Test step:240/250, travel time :621.6052971576228, rewards:-262.26312255859375, queue:6.8732805252075195, delay:0.29249197244644165, throughput:1548
step:3600/3600, q_loss:106.40398406982422, rewards:-249.3211212158203, queue:6.253968238830566, delay:0.29488417506217957, throughput:1422
episode:241/250, real avg travel time:561.3699015471167
Test step:241/250, travel time :627.9809992962703, rewards:-279.00439453125, queue:7.120635032653809, delay:0.31699103116989136, throughput:1421
step:3600/3600, q_loss:109.9702377319336, rewards:-255.13194274902344, queue:6.580952167510986, delay:0.29745957255363464, throughput:1571
episode:242/250, real avg travel time:628.5124124761298
Test step:242/250, travel time :637.6050037907505, rewards:-305.7806091308594, queue:7.642063617706299, delay:0.31845927238464355, throughput:1319
step:3600/3600, q_loss:111.02796936035156, rewards:-260.0751037597656, queue:6.908068656921387, delay:0.2916611135005951, throughput:1540
episode:243/250, real avg travel time:579.0831168831169
Test step:243/250, travel time :651.2731277533039, rewards:-294.11663818359375, queue:7.716534614562988, delay:0.3082735538482666, throughput:1362
step:3600/3600, q_loss:108.11605834960938, rewards:-268.4297180175781, queue:6.819047451019287, delay:0.2989312708377838, throughput:1491
episode:244/250, real avg travel time:629.5533199195171
Test step:244/250, travel time :568.060606060606, rewards:-286.77093505859375, queue:7.191005229949951, delay:0.3060406446456909, throughput:1452
step:3600/3600, q_loss:101.37939453125, rewards:-267.3468017578125, queue:6.937169075012207, delay:0.2962121069431305, throughput:1739
episode:245/250, real avg travel time:645.8861414606096
Test step:245/250, travel time :632.7393501805054, rewards:-323.1670837402344, queue:8.162962913513184, delay:0.31677910685539246, throughput:1385
step:3600/3600, q_loss:94.61485290527344, rewards:-280.4352111816406, queue:6.942592620849609, delay:0.29794415831565857, throughput:1569
episode:246/250, real avg travel time:622.5812619502868
Test step:246/250, travel time :675.8308605341247, rewards:-307.16845703125, queue:7.795634746551514, delay:0.3228619396686554, throughput:1348
step:3600/3600, q_loss:116.07225799560547, rewards:-285.88555908203125, queue:7.4800262451171875, delay:0.29906073212623596, throughput:1570
episode:247/250, real avg travel time:643.8821656050956
Test step:247/250, travel time :621.5431679129844, rewards:-287.4350891113281, queue:7.4251322746276855, delay:0.3031798303127289, throughput:1471
step:3600/3600, q_loss:108.33866882324219, rewards:-273.2677001953125, queue:6.811772346496582, delay:0.2997220754623413, throughput:1640
episode:248/250, real avg travel time:671.05
Test step:248/250, travel time :593.3871196036802, rewards:-299.70916748046875, queue:7.592724800109863, delay:0.3084717094898224, throughput:1413
step:3600/3600, q_loss:98.03335571289062, rewards:-276.5220031738281, queue:7.155423164367676, delay:0.3074581027030945, throughput:1550
episode:249/250, real avg travel time:558.3374193548387
Test step:249/250, travel time :622.8245476003148, rewards:-305.3507385253906, queue:7.560978889465332, delay:0.31654098629951477, throughput:1271
Hyperparameters saved to: data/output_data/tsc/sumo_colight/sumo1x21/cladjroad_sumo1x21_seed1/hyperparameters.json
Loaded best checkpoint for final evaluation
Final Travel Time is 464.9641, mean rewards: -345.3387, queue: 8.6981, delay: 0.3158, throughput: 2340
Total time taken: 20941.15974020958
