structural conditioning spec: constant_v1:constant
structural features (min/mean/max): constant[1/1.00/1]
step:3600/3600, q_loss:0.0029103451856860407, rewards:-22.329143524169922, queue:16.66111183166504, delay:0.12553854286670685, throughput:2371
episode:0/250, real avg travel time:724.6892390211196
Test step:0/250, travel time :1291.8216560509554, rewards:-67.71060180664062, queue:50.89496612548828, delay:0.2477007359266281, throughput:1690
New best TEST travel time 1291.8217 at episode 0, saved as best checkpoint
step:3600/3600, q_loss:0.0026363930354515713, rewards:-22.119884490966797, queue:16.51475715637207, delay:0.12629877030849457, throughput:2425
episode:1/250, real avg travel time:707.4901106268857
step:3600/3600, q_loss:0.002134910708776227, rewards:-18.661457061767578, queue:13.913021087646484, delay:0.12522739171981812, throughput:2508
episode:2/250, real avg travel time:664.6010727455582
step:3600/3600, q_loss:0.0026067289765234346, rewards:-19.51801300048828, queue:14.556249618530273, delay:0.12088979780673981, throughput:2426
episode:3/250, real avg travel time:709.0496144820651
step:3600/3600, q_loss:0.0022150186200936635, rewards:-19.157915115356445, queue:14.288368225097656, delay:0.12983563542366028, throughput:2520
episode:4/250, real avg travel time:665.4404961448206
step:3600/3600, q_loss:0.0019336779636365397, rewards:-19.726760864257812, queue:14.705382347106934, delay:0.12545320391654968, throughput:2609
episode:5/250, real avg travel time:629.9959772041569
Test step:5/250, travel time :1162.5953737847803, rewards:-59.89997863769531, queue:45.02812576293945, delay:0.2904525399208069, throughput:2088
New best TEST travel time 1162.5954 at episode 5, saved as best checkpoint
step:3600/3600, q_loss:0.0016964786444549206, rewards:-18.370765686035156, queue:13.68420124053955, delay:0.12285639345645905, throughput:2581
episode:6/250, real avg travel time:633.7385182701978
step:3600/3600, q_loss:0.001175431838190114, rewards:-14.77967643737793, queue:10.991493225097656, delay:0.12644320726394653, throughput:2649
episode:7/250, real avg travel time:569.8578612135434
step:3600/3600, q_loss:0.0013940007874259244, rewards:-17.674280166625977, queue:13.152430534362793, delay:0.12121978402137756, throughput:2587
episode:8/250, real avg travel time:635.7673483070735
step:3600/3600, q_loss:0.0010549755146106083, rewards:-16.76097297668457, queue:12.481249809265137, delay:0.1210293248295784, throughput:2604
episode:9/250, real avg travel time:619.068052296346
step:3600/3600, q_loss:0.0005715941630855755, rewards:-13.248592376708984, queue:9.822916984558105, delay:0.124898761510849, throughput:2811
episode:10/250, real avg travel time:511.27153871941
Test step:10/250, travel time :1165.7294669795508, rewards:-66.03555297851562, queue:49.64323043823242, delay:0.28254106640815735, throughput:2202
step:3600/3600, q_loss:0.0001726049981597397, rewards:-10.105022430419922, queue:7.467013835906982, delay:0.1319674551486969, throughput:2887
episode:11/250, real avg travel time:457.49044585987264
step:3600/3600, q_loss:0.0002472619577828381, rewards:-9.915671348571777, queue:7.311805725097656, delay:0.12472005188465118, throughput:2867
episode:12/250, real avg travel time:455.07442172309754
step:3600/3600, q_loss:8.070958062523493e-05, rewards:-8.026989936828613, queue:5.890798568725586, delay:0.13002626597881317, throughput:2908
episode:13/250, real avg travel time:425.9808917197452
step:3600/3600, q_loss:5.163239806683527e-05, rewards:-7.443957328796387, queue:5.448611259460449, delay:0.13027556240558624, throughput:2907
episode:14/250, real avg travel time:412.9282601407979
step:3600/3600, q_loss:1.5147291210100605e-05, rewards:-6.260624408721924, queue:4.56336784362793, delay:0.12623731791973114, throughput:2917
episode:15/250, real avg travel time:394.1733154542407
Test step:15/250, travel time :956.2175662085149, rewards:-50.160133361816406, queue:37.69357681274414, delay:0.2946526110172272, throughput:2485
New best TEST travel time 956.2176 at episode 15, saved as best checkpoint
step:3600/3600, q_loss:2.1993014875247523e-05, rewards:-5.630972862243652, queue:4.088194370269775, delay:0.12408057600259781, throughput:2920
episode:16/250, real avg travel time:384.36976198457927
step:3600/3600, q_loss:-8.659256208274099e-06, rewards:-4.76953649520874, queue:3.4361112117767334, delay:0.12421849370002747, throughput:2925
episode:17/250, real avg travel time:367.3841770030171
step:3600/3600, q_loss:-1.9573500267816363e-05, rewards:-4.870022773742676, queue:3.514756917953491, delay:0.1240452453494072, throughput:2917
episode:18/250, real avg travel time:369.71873952396913
step:3600/3600, q_loss:-1.4789219885305675e-05, rewards:-4.738287925720215, queue:3.417881965637207, delay:0.11831531673669815, throughput:2914
episode:19/250, real avg travel time:366.61884009386523
step:3600/3600, q_loss:-1.3932615897997661e-06, rewards:-4.873913288116455, queue:3.520312547683716, delay:0.12229261547327042, throughput:2921
episode:20/250, real avg travel time:370.7686892390211
Test step:20/250, travel time :795.167281260476, rewards:-38.58268737792969, queue:28.977083206176758, delay:0.2757520377635956, throughput:2720
New best TEST travel time 795.1673 at episode 20, saved as best checkpoint
step:3600/3600, q_loss:-2.9226959924455043e-05, rewards:-4.194884777069092, queue:2.9980902671813965, delay:0.1157907247543335, throughput:2924
episode:21/250, real avg travel time:358.00335232986924
step:3600/3600, q_loss:-3.084311395435146e-05, rewards:-4.066018581390381, queue:2.913194417953491, delay:0.11254331469535828, throughput:2926
episode:22/250, real avg travel time:356.38082467314786
step:3600/3600, q_loss:-1.7282663827279097e-05, rewards:-3.7225003242492676, queue:2.652604103088379, delay:0.10976066440343857, throughput:2926
episode:23/250, real avg travel time:351.71270533020447
step:3600/3600, q_loss:-3.205222612315858e-05, rewards:-3.6600232124328613, queue:2.6045138835906982, delay:0.1048617884516716, throughput:2923
episode:24/250, real avg travel time:350.70231310760977
step:3600/3600, q_loss:-3.587527899071574e-05, rewards:-3.6016900539398193, queue:2.5526041984558105, delay:0.10652147978544235, throughput:2932
episode:25/250, real avg travel time:349.9688233322159
Test step:25/250, travel time :597.8809922896413, rewards:-22.897268295288086, queue:17.137500762939453, delay:0.24162814021110535, throughput:2851
New best TEST travel time 597.8810 at episode 25, saved as best checkpoint
step:3600/3600, q_loss:-4.251314870392283e-05, rewards:-3.4441208839416504, queue:2.433159828186035, delay:0.10420119017362595, throughput:2930
episode:26/250, real avg travel time:347.67314783774725
step:3600/3600, q_loss:-3.642283931926445e-05, rewards:-3.187985897064209, queue:2.245833396911621, delay:0.09876236319541931, throughput:2923
episode:27/250, real avg travel time:343.8072410325176
step:3600/3600, q_loss:-3.733178773136051e-05, rewards:-3.2155096530914307, queue:2.2626736164093018, delay:0.0991278663277626, throughput:2926
episode:28/250, real avg travel time:344.0569896077774
step:3600/3600, q_loss:-4.023848623209805e-05, rewards:-3.1548612117767334, queue:2.21423602104187, delay:0.09790582954883575, throughput:2927
episode:29/250, real avg travel time:342.80422393563526
step:3600/3600, q_loss:-4.3280171747836804e-05, rewards:-2.989027976989746, queue:2.09375, delay:0.09664319455623627, throughput:2929
episode:30/250, real avg travel time:340.32953402614817
Test step:30/250, travel time :417.3033858531679, rewards:-8.806065559387207, queue:6.53038215637207, delay:0.16234304010868073, throughput:2919
New best TEST travel time 417.3034 at episode 30, saved as best checkpoint
step:3600/3600, q_loss:-3.136081935803371e-05, rewards:-3.0118753910064697, queue:2.1147570610046387, delay:0.09579090774059296, throughput:2930
episode:31/250, real avg travel time:340.99296010727454
step:3600/3600, q_loss:-4.826748454770832e-05, rewards:-2.8718981742858887, queue:2.0057291984558105, delay:0.09103859961032867, throughput:2931
episode:32/250, real avg travel time:339.0073751257124
step:3600/3600, q_loss:-3.481825826586121e-05, rewards:-2.71923565864563, queue:1.8902777433395386, delay:0.08931878209114075, throughput:2932
episode:33/250, real avg travel time:337.12504190412335
step:3600/3600, q_loss:-3.6720882376862895e-05, rewards:-2.663356304168701, queue:1.8527777194976807, delay:0.09062083810567856, throughput:2933
episode:34/250, real avg travel time:335.8990948709353
step:3600/3600, q_loss:-4.196144571458852e-05, rewards:-2.715625047683716, queue:1.8967013359069824, delay:0.0934455469250679, throughput:2929
episode:35/250, real avg travel time:336.47066711364397
Test step:35/250, travel time :352.65940328528325, rewards:-4.023911476135254, queue:2.9045138359069824, delay:0.1253671646118164, throughput:2929
New best TEST travel time 352.6594 at episode 35, saved as best checkpoint
step:3600/3600, q_loss:-3.688665132762657e-05, rewards:-2.6462039947509766, queue:1.8440972566604614, delay:0.08888033032417297, throughput:2931
episode:36/250, real avg travel time:336.27086825343616
step:3600/3600, q_loss:-4.00590214498893e-05, rewards:-2.5103471279144287, queue:1.7487847805023193, delay:0.08640584349632263, throughput:2928
episode:37/250, real avg travel time:333.9014415018438
step:3600/3600, q_loss:-4.2151189107378875e-05, rewards:-2.4671759605407715, queue:1.7105902433395386, delay:0.08745527267456055, throughput:2932
episode:38/250, real avg travel time:333.20918538384177
step:3600/3600, q_loss:-3.639909749229749e-05, rewards:-2.447500228881836, queue:1.6906249523162842, delay:0.08739124238491058, throughput:2930
episode:39/250, real avg travel time:333.11632584646327
step:3600/3600, q_loss:-3.767748647886846e-05, rewards:-2.323124885559082, queue:1.6069444417953491, delay:0.08312246203422546, throughput:2927
episode:40/250, real avg travel time:330.95507877975194
Test step:40/250, travel time :338.81159906134764, rewards:-3.059490203857422, queue:2.1859374046325684, delay:0.10514350235462189, throughput:2927
New best TEST travel time 338.8116 at episode 40, saved as best checkpoint
step:3600/3600, q_loss:-3.7344798868246105e-05, rewards:-2.3619213104248047, queue:1.6376736164093018, delay:0.08405037224292755, throughput:2932
episode:41/250, real avg travel time:331.91250419041233
step:3600/3600, q_loss:-3.2435166778870754e-05, rewards:-2.3235881328582764, queue:1.6083333492279053, delay:0.08319307863712311, throughput:2933
episode:42/250, real avg travel time:331.17432115320145
step:3600/3600, q_loss:-4.236459154290733e-05, rewards:-2.320995330810547, queue:1.6072916984558105, delay:0.08298850804567337, throughput:2931
episode:43/250, real avg travel time:331.09386523633924
step:3600/3600, q_loss:-4.0733684457976514e-05, rewards:-2.1900696754455566, queue:1.5036457777023315, delay:0.0816018283367157, throughput:2933
episode:44/250, real avg travel time:329.2651692926584
step:3600/3600, q_loss:-3.4458633551063636e-05, rewards:-2.193773031234741, queue:1.5151041746139526, delay:0.08278299123048782, throughput:2929
episode:45/250, real avg travel time:328.927589674824
Test step:45/250, travel time :326.1190077103587, rewards:-2.068471908569336, queue:1.4404513835906982, delay:0.084882453083992, throughput:2931
New best TEST travel time 326.1190 at episode 45, saved as best checkpoint
step:3600/3600, q_loss:-3.816320569495912e-05, rewards:-2.097939968109131, queue:1.4375, delay:0.07703635841608047, throughput:2929
episode:46/250, real avg travel time:327.5373784780422
step:3600/3600, q_loss:-4.295002091331062e-05, rewards:-2.059375047683716, queue:1.4130208492279053, delay:0.07705997675657272, throughput:2933
episode:47/250, real avg travel time:326.94468655715724
step:3600/3600, q_loss:-3.91376731891392e-05, rewards:-2.0507869720458984, queue:1.4140625, delay:0.07595524936914444, throughput:2933
episode:48/250, real avg travel time:326.8253436138116
step:3600/3600, q_loss:-3.53703370179843e-05, rewards:-2.096759080886841, queue:1.439756989479065, delay:0.07677191495895386, throughput:2933
episode:49/250, real avg travel time:327.7800871605766
step:3600/3600, q_loss:-3.206172776925895e-05, rewards:-1.9412270784378052, queue:1.324305534362793, delay:0.07242395728826523, throughput:2929
episode:50/250, real avg travel time:325.23835065370434
Test step:50/250, travel time :322.5289976533691, rewards:-1.8084259033203125, queue:1.2357639074325562, delay:0.07419020682573318, throughput:2932
New best TEST travel time 322.5290 at episode 50, saved as best checkpoint
step:3600/3600, q_loss:-2.917114071789439e-05, rewards:-2.0529398918151855, queue:1.4072916507720947, delay:0.07692418992519379, throughput:2931
episode:51/250, real avg travel time:326.8910492792491
step:3600/3600, q_loss:-3.1063991331460846e-05, rewards:-1.9216665029525757, queue:1.3137152194976807, delay:0.07396703958511353, throughput:2933
episode:52/250, real avg travel time:324.8910492792491
step:3600/3600, q_loss:-2.4770467145437443e-05, rewards:-1.8366200923919678, queue:1.2494791746139526, delay:0.06970639526844025, throughput:2930
episode:53/250, real avg travel time:323.6141468320483
step:3600/3600, q_loss:-3.7904863280278665e-05, rewards:-1.93673574924469, queue:1.3260416984558105, delay:0.07668805867433548, throughput:2931
episode:54/250, real avg travel time:325.0191082802548
step:3600/3600, q_loss:-3.960266066887588e-05, rewards:-1.9172450304031372, queue:1.3090277910232544, delay:0.07421371340751648, throughput:2932
episode:55/250, real avg travel time:324.8216560509554
Test step:55/250, travel time :321.48038887026485, rewards:-1.7229629755020142, queue:1.1770833730697632, delay:0.07133083790540695, throughput:2932
New best TEST travel time 321.4804 at episode 55, saved as best checkpoint
step:3600/3600, q_loss:-2.1817659338315328e-05, rewards:-1.8271294832229614, queue:1.2414931058883667, delay:0.0710219144821167, throughput:2932
episode:56/250, real avg travel time:323.60341937646666
step:3600/3600, q_loss:-2.576759477421917e-05, rewards:-1.911736011505127, queue:1.308680534362793, delay:0.07334864139556885, throughput:2932
episode:57/250, real avg travel time:324.7854508883674
step:3600/3600, q_loss:-2.3918230888537236e-05, rewards:-1.8726617097854614, queue:1.2786458730697632, delay:0.07418187707662582, throughput:2932
episode:58/250, real avg travel time:324.1783439490446
step:3600/3600, q_loss:-1.6348224232421703e-05, rewards:-1.8441665172576904, queue:1.2581597566604614, delay:0.07034273445606232, throughput:2933
episode:59/250, real avg travel time:323.95306738183035
step:3600/3600, q_loss:-1.3701228588750516e-05, rewards:-1.853610873222351, queue:1.264062523841858, delay:0.07315299659967422, throughput:2933
episode:60/250, real avg travel time:323.95139121689573
Test step:60/250, travel time :322.29701642641635, rewards:-1.7606245279312134, queue:1.1977430582046509, delay:0.07325589656829834, throughput:2931
step:3600/3600, q_loss:-3.0006447599993813e-05, rewards:-1.8181016445159912, queue:1.2368055582046509, delay:0.06995244324207306, throughput:2930
episode:61/250, real avg travel time:323.3335568219913
step:3600/3600, q_loss:-2.7901194860330887e-05, rewards:-1.8659720420837402, queue:1.267187476158142, delay:0.0726412907242775, throughput:2931
episode:62/250, real avg travel time:324.22460610124034
step:3600/3600, q_loss:-2.866043230622179e-05, rewards:-1.776111125946045, queue:1.2048611640930176, delay:0.0697944238781929, throughput:2931
episode:63/250, real avg travel time:322.91149849145154
step:3600/3600, q_loss:-1.69873592245427e-05, rewards:-1.7454626560211182, queue:1.1815972328186035, delay:0.06827818602323532, throughput:2930
episode:64/250, real avg travel time:322.380154207174
step:3600/3600, q_loss:-2.6248124453963506e-05, rewards:-1.7661573886871338, queue:1.1944444179534912, delay:0.06872832030057907, throughput:2933
episode:65/250, real avg travel time:322.70097217566206
Test step:65/250, travel time :321.1293999329534, rewards:-1.6798841953277588, queue:1.1364582777023315, delay:0.06752161681652069, throughput:2931
New best TEST travel time 321.1294 at episode 65, saved as best checkpoint
step:3600/3600, q_loss:-2.1703371614286742e-05, rewards:-1.7875925302505493, queue:1.2057291269302368, delay:0.06850318610668182, throughput:2930
episode:66/250, real avg travel time:323.18840093865236
step:3600/3600, q_loss:-2.824201041625606e-05, rewards:-1.8057407140731812, queue:1.2222222089767456, delay:0.06962226331233978, throughput:2931
episode:67/250, real avg travel time:323.3107609788803
step:3600/3600, q_loss:-3.452873853449192e-05, rewards:-1.749421238899231, queue:1.1843750476837158, delay:0.06658998876810074, throughput:2930
episode:68/250, real avg travel time:322.7281260476031
step:3600/3600, q_loss:-3.7390848457882246e-05, rewards:-1.787476897239685, queue:1.2137153148651123, delay:0.06778272986412048, throughput:2929
episode:69/250, real avg travel time:323.2423734495474
step:3600/3600, q_loss:-2.7994579458781688e-05, rewards:-1.8114813566207886, queue:1.2241319417953491, delay:0.0688571110367775, throughput:2931
episode:70/250, real avg travel time:323.6171639289306
Test step:70/250, travel time :320.7468990948709, rewards:-1.6306942701339722, queue:1.103124976158142, delay:0.06499636918306351, throughput:2933
New best TEST travel time 320.7469 at episode 70, saved as best checkpoint
step:3600/3600, q_loss:-2.013835064307959e-05, rewards:-1.759953498840332, queue:1.1895833015441895, delay:0.06724103540182114, throughput:2934
episode:71/250, real avg travel time:323.0010056989608
step:3600/3600, q_loss:-3.501316273791922e-05, rewards:-1.7115044593811035, queue:1.1541666984558105, delay:0.06519637256860733, throughput:2930
episode:72/250, real avg travel time:322.19644653033856
step:3600/3600, q_loss:-3.0276032069835953e-05, rewards:-1.6708567142486572, queue:1.1258680820465088, delay:0.06359612196683884, throughput:2930
episode:73/250, real avg travel time:321.70063694267515
step:3600/3600, q_loss:-2.7375650609395017e-05, rewards:-1.6911802291870117, queue:1.140625, delay:0.06515051424503326, throughput:2933
episode:74/250, real avg travel time:321.74052966811934
step:3600/3600, q_loss:-3.3217653658034076e-05, rewards:-1.7330552339553833, queue:1.165624976158142, delay:0.06553027033805847, throughput:2933
episode:75/250, real avg travel time:322.72376801877306
Test step:75/250, travel time :319.15487763995975, rewards:-1.539236068725586, queue:1.0333333015441895, delay:0.06328574568033218, throughput:2932
New best TEST travel time 319.1549 at episode 75, saved as best checkpoint
step:3600/3600, q_loss:-2.81091531548925e-05, rewards:-1.6437265872955322, queue:1.1060763597488403, delay:0.06319814175367355, throughput:2932
episode:76/250, real avg travel time:321.28126047603087
step:3600/3600, q_loss:-2.5720057871054717e-05, rewards:-1.703032374382019, queue:1.1413193941116333, delay:0.06443203240633011, throughput:2931
episode:77/250, real avg travel time:322.1253771371103
step:3600/3600, q_loss:-3.5135046992864876e-05, rewards:-1.662615418434143, queue:1.1178818941116333, delay:0.06363502889871597, throughput:2931
episode:78/250, real avg travel time:321.5742541066041
step:3600/3600, q_loss:-1.2828985712042563e-05, rewards:-1.6966203451156616, queue:1.1381944417953491, delay:0.06453295052051544, throughput:2932
episode:79/250, real avg travel time:322.19812269527324
step:3600/3600, q_loss:-3.281353597736193e-05, rewards:-1.6742360591888428, queue:1.1229166984558105, delay:0.06452922523021698, throughput:2933
episode:80/250, real avg travel time:321.78109285953735
Test step:80/250, travel time :319.9480388870265, rewards:-1.5869673490524292, queue:1.0654513835906982, delay:0.06395728886127472, throughput:2930
step:3600/3600, q_loss:-2.914334311046534e-05, rewards:-1.6843518018722534, queue:1.1328125, delay:0.06452731788158417, throughput:2933
episode:81/250, real avg travel time:321.83338920549784
step:3600/3600, q_loss:-2.352570202977707e-05, rewards:-1.6885647773742676, queue:1.1385416984558105, delay:0.06471782177686691, throughput:2932
episode:82/250, real avg travel time:321.74187060006705
step:3600/3600, q_loss:-1.7363368317967765e-05, rewards:-1.686481237411499, queue:1.1364582777023315, delay:0.0646110326051712, throughput:2932
episode:83/250, real avg travel time:321.7747234327858
step:3600/3600, q_loss:-1.736602517431257e-05, rewards:-1.6731712818145752, queue:1.1243056058883667, delay:0.06392308324575424, throughput:2933
episode:84/250, real avg travel time:321.6557157224271
step:3600/3600, q_loss:-3.013187670148909e-05, rewards:-1.7305786609649658, queue:1.1604167222976685, delay:0.06517862528562546, throughput:2932
episode:85/250, real avg travel time:322.7230975527992
Test step:85/250, travel time :320.3918873617164, rewards:-1.5866897106170654, queue:1.058506965637207, delay:0.0628870353102684, throughput:2930
step:3600/3600, q_loss:-3.0419950942612355e-05, rewards:-1.6806014776229858, queue:1.1284722089767456, delay:0.06432748585939407, throughput:2933
episode:86/250, real avg travel time:321.755615152531
step:3600/3600, q_loss:-8.138181658944598e-06, rewards:-1.6538656949996948, queue:1.1098958253860474, delay:0.062202051281929016, throughput:2928
episode:87/250, real avg travel time:321.3714381495139
step:3600/3600, q_loss:-1.122439377165089e-05, rewards:-1.6841896772384644, queue:1.1279513835906982, delay:0.06345628947019577, throughput:2932
episode:88/250, real avg travel time:322.01877304726787
step:3600/3600, q_loss:-1.4771029991270216e-05, rewards:-1.5790047645568848, queue:1.0592013597488403, delay:0.060203276574611664, throughput:2932
episode:89/250, real avg travel time:320.17666778410995
step:3600/3600, q_loss:-2.6378768315124843e-05, rewards:-1.581944465637207, queue:1.0565972328186035, delay:0.06120051443576813, throughput:2932
episode:90/250, real avg travel time:320.32953402614817
Test step:90/250, travel time :318.0509554140127, rewards:-1.4436572790145874, queue:0.9645833373069763, delay:0.058092229068279266, throughput:2933
New best TEST travel time 318.0510 at episode 90, saved as best checkpoint
step:3600/3600, q_loss:-2.3747903954548142e-05, rewards:-1.6262034177780151, queue:1.087499976158142, delay:0.06252535432577133, throughput:2931
episode:91/250, real avg travel time:320.9523969158565
step:3600/3600, q_loss:-2.3449401810972226e-05, rewards:-1.5713425874710083, queue:1.0440971851348877, delay:0.06033929064869881, throughput:2931
episode:92/250, real avg travel time:320.20650351994635
step:3600/3600, q_loss:-2.547882182558102e-05, rewards:-1.6556016206741333, queue:1.1102430820465088, delay:0.06309061497449875, throughput:2931
episode:93/250, real avg travel time:321.56118002011397
step:3600/3600, q_loss:-2.6500667660945546e-05, rewards:-1.6145368814468384, queue:1.0812499523162842, delay:0.06289614737033844, throughput:2932
episode:94/250, real avg travel time:320.77438819979886
step:3600/3600, q_loss:-2.7188333829312963e-05, rewards:-1.568402647972107, queue:1.0447916984558105, delay:0.06015368551015854, throughput:2933
episode:95/250, real avg travel time:320.13878645658735
Test step:95/250, travel time :318.01575595038554, rewards:-1.4352545738220215, queue:0.9532986283302307, delay:0.05585411936044693, throughput:2932
New best TEST travel time 318.0158 at episode 95, saved as best checkpoint
step:3600/3600, q_loss:-2.557021852461966e-05, rewards:-1.5348379611968994, queue:1.0227431058883667, delay:0.05941099673509598, throughput:2931
episode:96/250, real avg travel time:319.68990948709353
step:3600/3600, q_loss:-3.0444063897313617e-05, rewards:-1.5818979740142822, queue:1.0565972328186035, delay:0.05978352203965187, throughput:2930
episode:97/250, real avg travel time:320.4626215219578
step:3600/3600, q_loss:-3.161707987870883e-05, rewards:-1.5939581394195557, queue:1.0581597089767456, delay:0.060091782361269, throughput:2932
episode:98/250, real avg travel time:320.8193094200469
step:3600/3600, q_loss:-4.408570842955399e-06, rewards:-1.5109260082244873, queue:1.0043402910232544, delay:0.057750385254621506, throughput:2933
episode:99/250, real avg travel time:319.2705330204492
step:3600/3600, q_loss:-1.973362070404821e-05, rewards:-1.5758798122406006, queue:1.050694465637207, delay:0.05894947052001953, throughput:2933
episode:100/250, real avg travel time:320.3550117331545
Test step:100/250, travel time :318.46228628897086, rewards:-1.4551388025283813, queue:0.9592013955116272, delay:0.056254152208566666, throughput:2930
step:3600/3600, q_loss:-3.312292554053581e-05, rewards:-1.6361340284347534, queue:1.0994791984558105, delay:0.06169164925813675, throughput:2931
episode:101/250, real avg travel time:321.0197787462286
step:3600/3600, q_loss:-1.835266464493341e-05, rewards:-1.5686805248260498, queue:1.0480902194976807, delay:0.059235312044620514, throughput:2930
episode:102/250, real avg travel time:320.2638283607107
step:3600/3600, q_loss:-2.3078563821467536e-05, rewards:-1.5954630374908447, queue:1.0677083730697632, delay:0.06071055680513382, throughput:2931
episode:103/250, real avg travel time:320.48307073416026
step:3600/3600, q_loss:-2.9894359263212043e-05, rewards:-1.582870602607727, queue:1.0572916269302368, delay:0.05936793237924576, throughput:2932
episode:104/250, real avg travel time:320.46094535702315
step:3600/3600, q_loss:-3.089442228277524e-05, rewards:-1.505393147468567, queue:1.0019097328186035, delay:0.05745789781212807, throughput:2931
episode:105/250, real avg travel time:319.2524304391552
Test step:105/250, travel time :317.07609788803217, rewards:-1.3717129230499268, queue:0.9085069298744202, delay:0.053433846682310104, throughput:2933
New best TEST travel time 317.0761 at episode 105, saved as best checkpoint
step:3600/3600, q_loss:-2.7913037316735695e-05, rewards:-1.5804858207702637, queue:1.0463541746139526, delay:0.05882742628455162, throughput:2932
episode:106/250, real avg travel time:320.6895742541066
step:3600/3600, q_loss:-2.6566050493986243e-05, rewards:-1.5228006839752197, queue:1.0170139074325562, delay:0.05758518725633621, throughput:2931
episode:107/250, real avg travel time:319.40965471002346
step:3600/3600, q_loss:-2.2076179933113358e-05, rewards:-1.4911574125289917, queue:0.9899305701255798, delay:0.0563705638051033, throughput:2931
episode:108/250, real avg travel time:319.1602413677506
step:3600/3600, q_loss:-2.5270289107639755e-05, rewards:-1.4973145723342896, queue:0.9946180582046509, delay:0.05584931746125221, throughput:2932
episode:109/250, real avg travel time:319.33556821991283
step:3600/3600, q_loss:-1.591699805835055e-05, rewards:-1.4758332967758179, queue:0.980381965637207, delay:0.05672011524438858, throughput:2931
episode:110/250, real avg travel time:318.7257794166946
Test step:110/250, travel time :317.2963459604425, rewards:-1.3744443655014038, queue:0.9053819179534912, delay:0.05310433730483055, throughput:2932
step:3600/3600, q_loss:-2.5440844668385885e-05, rewards:-1.5140275955200195, queue:1.0097222328186035, delay:0.0574057474732399, throughput:2932
episode:111/250, real avg travel time:319.5346966141468
step:3600/3600, q_loss:-1.5791042716483825e-05, rewards:-1.4893749952316284, queue:0.9862847328186035, delay:0.056694548577070236, throughput:2932
episode:112/250, real avg travel time:318.97854508883677
step:3600/3600, q_loss:-1.5071150954571312e-05, rewards:-1.4746062755584717, queue:0.9767361283302307, delay:0.055820148438215256, throughput:2931
episode:113/250, real avg travel time:318.950385517935
step:3600/3600, q_loss:-2.3098251161475977e-05, rewards:-1.489004373550415, queue:0.9822916388511658, delay:0.056037839502096176, throughput:2933
episode:114/250, real avg travel time:319.1461615822997
step:3600/3600, q_loss:-1.8907681806012988e-05, rewards:-1.4880552291870117, queue:0.9810763597488403, delay:0.057444438338279724, throughput:2932
episode:115/250, real avg travel time:318.9986590680523
Test step:115/250, travel time :316.787462286289, rewards:-1.358472228050232, queue:0.8947916626930237, delay:0.05273585766553879, throughput:2932
New best TEST travel time 316.7875 at episode 115, saved as best checkpoint
step:3600/3600, q_loss:-1.9457416837448598e-05, rewards:-1.4720832109451294, queue:0.9746527671813965, delay:0.05613440275192261, throughput:2933
episode:116/250, real avg travel time:318.746563861884
step:3600/3600, q_loss:-1.6325721150712558e-05, rewards:-1.4614118337631226, queue:0.9701389074325562, delay:0.05666491016745567, throughput:2932
episode:117/250, real avg travel time:318.4337914850821
step:3600/3600, q_loss:-1.8392295869826167e-05, rewards:-1.4866434335708618, queue:0.9826388955116272, delay:0.05682675540447235, throughput:2931
episode:118/250, real avg travel time:319.108615487764
step:3600/3600, q_loss:-2.3550936667662527e-05, rewards:-1.4651159048080444, queue:0.9703124761581421, delay:0.05565664544701576, throughput:2930
episode:119/250, real avg travel time:318.69158565202815
step:3600/3600, q_loss:-2.529534373294424e-05, rewards:-1.4218980073928833, queue:0.9425347447395325, delay:0.055345386266708374, throughput:2930
episode:120/250, real avg travel time:317.8578612135434
Test step:120/250, travel time :316.27153871941, rewards:-1.311735987663269, queue:0.8612847328186035, delay:0.051106832921504974, throughput:2933
New best TEST travel time 316.2715 at episode 120, saved as best checkpoint
step:3600/3600, q_loss:-1.690815336553863e-05, rewards:-1.4313191175460815, queue:0.9420138597488403, delay:0.05492551624774933, throughput:2933
episode:121/250, real avg travel time:318.2631578947368
step:3600/3600, q_loss:-1.02645412509985e-05, rewards:-1.4953006505966187, queue:0.996874988079071, delay:0.05805079638957977, throughput:2932
episode:122/250, real avg travel time:319.0325175997318
step:3600/3600, q_loss:-1.9044564234920673e-05, rewards:-1.4806478023529053, queue:0.9852430820465088, delay:0.05698410049080849, throughput:2932
episode:123/250, real avg travel time:318.9959772041569
step:3600/3600, q_loss:-2.3329143597813392e-05, rewards:-1.460763931274414, queue:0.9722222089767456, delay:0.05604385957121849, throughput:2932
episode:124/250, real avg travel time:318.60241367750587
step:3600/3600, q_loss:-2.5676953481268826e-05, rewards:-1.4535880088806152, queue:0.9668402671813965, delay:0.05611995980143547, throughput:2932
episode:125/250, real avg travel time:318.2933288635602
Test step:125/250, travel time :316.2929936305732, rewards:-1.331504464149475, queue:0.8763889074325562, delay:0.05211823806166649, throughput:2932
step:3600/3600, q_loss:-2.315028342073438e-05, rewards:-1.4628933668136597, queue:0.9722222089767456, delay:0.05609951913356781, throughput:2931
episode:126/250, real avg travel time:318.6258799865907
step:3600/3600, q_loss:-1.9621891961260525e-05, rewards:-1.4498841762542725, queue:0.9604166746139526, delay:0.05670717731118202, throughput:2933
episode:127/250, real avg travel time:318.22728796513576
step:3600/3600, q_loss:-1.5468228526447933e-05, rewards:-1.5078470706939697, queue:1.005555510520935, delay:0.05811223015189171, throughput:2932
episode:128/250, real avg travel time:319.15822996982905
step:3600/3600, q_loss:-2.577264385763556e-05, rewards:-1.5188193321228027, queue:1.0145833492279053, delay:0.05775917321443558, throughput:2932
episode:129/250, real avg travel time:319.4213878645659
step:3600/3600, q_loss:-2.2907768854767913e-05, rewards:-1.4790509939193726, queue:0.9800347089767456, delay:0.057422224432229996, throughput:2933
episode:130/250, real avg travel time:318.78578612135436
Test step:130/250, travel time :317.10828025477707, rewards:-1.3735182285308838, queue:0.910243034362793, delay:0.05501999333500862, throughput:2933
step:3600/3600, q_loss:-2.1622992331955445e-05, rewards:-1.490925908088684, queue:0.9876736402511597, delay:0.057341765612363815, throughput:2932
episode:131/250, real avg travel time:319.1656050955414
step:3600/3600, q_loss:-1.765483390988299e-05, rewards:-1.4812498092651367, queue:0.981249988079071, delay:0.058476611971855164, throughput:2932
episode:132/250, real avg travel time:318.715051961113
step:3600/3600, q_loss:-1.5108535255960843e-05, rewards:-1.4789118766784668, queue:0.9876736402511597, delay:0.05793546512722969, throughput:2929
episode:133/250, real avg travel time:318.72276231981226
step:3600/3600, q_loss:-1.3208141145123927e-05, rewards:-1.5081017017364502, queue:1.007638931274414, delay:0.05918136239051819, throughput:2929
episode:134/250, real avg travel time:319.20851491786794
step:3600/3600, q_loss:-1.4894208612127437e-05, rewards:-1.4541436433792114, queue:0.9697916507720947, delay:0.05776481702923775, throughput:2932
episode:135/250, real avg travel time:318.19812269527324
Test step:135/250, travel time :316.6865571572243, rewards:-1.3576617240905762, queue:0.9001736044883728, delay:0.05484253913164139, throughput:2932
step:3600/3600, q_loss:-1.651196399945076e-05, rewards:-1.4766896963119507, queue:0.9850694537162781, delay:0.058130424469709396, throughput:2931
episode:136/250, real avg travel time:318.37981897418706
step:3600/3600, q_loss:-2.0776554636001862e-05, rewards:-1.4871528148651123, queue:0.9927083253860474, delay:0.058018021285533905, throughput:2931
episode:137/250, real avg travel time:318.89574254106606
step:3600/3600, q_loss:-1.9465961722070695e-05, rewards:-1.520115613937378, queue:1.0166666507720947, delay:0.05849232152104378, throughput:2930
episode:138/250, real avg travel time:319.3804894401609
step:3600/3600, q_loss:-1.721418154408672e-05, rewards:-1.5278469324111938, queue:1.0203125476837158, delay:0.05964777246117592, throughput:2930
episode:139/250, real avg travel time:319.4166946027489
step:3600/3600, q_loss:-1.695865567954671e-05, rewards:-1.4923148155212402, queue:0.9946180582046509, delay:0.058525700122117996, throughput:2932
episode:140/250, real avg travel time:318.82299698290313
Test step:140/250, travel time :317.89205497820984, rewards:-1.4294209480285645, queue:0.9503472447395325, delay:0.05621460825204849, throughput:2933
step:3600/3600, q_loss:-1.4273371413798519e-05, rewards:-1.4731943607330322, queue:0.980381965637207, delay:0.05681469291448593, throughput:2931
episode:141/250, real avg travel time:318.6624203821656
step:3600/3600, q_loss:-1.6935932971709583e-05, rewards:-1.5122917890548706, queue:1.0034722089767456, delay:0.05787363648414612, throughput:2932
episode:142/250, real avg travel time:319.33020449212205
step:3600/3600, q_loss:-1.4379719936254401e-05, rewards:-1.4680321216583252, queue:0.9723958373069763, delay:0.05722940340638161, throughput:2931
episode:143/250, real avg travel time:318.4606101240362
step:3600/3600, q_loss:-1.833695105570196e-05, rewards:-1.509976863861084, queue:1.002256989479065, delay:0.057835932821035385, throughput:2933
episode:144/250, real avg travel time:319.1940998994301
step:3600/3600, q_loss:-1.713765366865253e-05, rewards:-1.474050760269165, queue:0.9807291626930237, delay:0.057432498782873154, throughput:2930
episode:145/250, real avg travel time:318.5145826349313
Test step:145/250, travel time :317.44016091183374, rewards:-1.3975461721420288, queue:0.9302083253860474, delay:0.055704910308122635, throughput:2932
step:3600/3600, q_loss:-1.2427764401460687e-05, rewards:-1.441921353340149, queue:0.9583333134651184, delay:0.05533454567193985, throughput:2932
episode:146/250, real avg travel time:318.343949044586
step:3600/3600, q_loss:-1.6475977328674936e-05, rewards:-1.4519907236099243, queue:0.9621527791023254, delay:0.05603756010532379, throughput:2932
episode:147/250, real avg travel time:318.353000335233
step:3600/3600, q_loss:-2.031812532718673e-05, rewards:-1.4563887119293213, queue:0.9661458134651184, delay:0.05601166561245918, throughput:2932
episode:148/250, real avg travel time:318.51994636272207
step:3600/3600, q_loss:-2.220377791672945e-05, rewards:-1.5168054103851318, queue:1.0083333253860474, delay:0.058925628662109375, throughput:2930
episode:149/250, real avg travel time:319.3908816627556
step:3600/3600, q_loss:-1.4383283538605881e-05, rewards:-1.5496293306350708, queue:1.03125, delay:0.05860588327050209, throughput:2931
episode:150/250, real avg travel time:320.0569896077774
Test step:150/250, travel time :317.72209185383844, rewards:-1.4093749523162842, queue:0.9361110925674438, delay:0.055737607181072235, throughput:2934
step:3600/3600, q_loss:-1.592109523092707e-05, rewards:-1.5175923109054565, queue:1.0024305582046509, delay:0.05733584240078926, throughput:2931
episode:151/250, real avg travel time:319.5189406637613
step:3600/3600, q_loss:-2.805696190248623e-05, rewards:-1.4953242540359497, queue:0.9906250238418579, delay:0.05704110115766525, throughput:2931
episode:152/250, real avg travel time:319.1397921555481
step:3600/3600, q_loss:-6.461198790930212e-06, rewards:-1.4965969324111938, queue:0.9937499761581421, delay:0.05744000896811485, throughput:2931
episode:153/250, real avg travel time:319.0811263828361
step:3600/3600, q_loss:-5.376562088107069e-06, rewards:-1.4720370769500732, queue:0.9756944179534912, delay:0.05688727647066116, throughput:2932
episode:154/250, real avg travel time:318.79383171304056
step:3600/3600, q_loss:-2.1968799518179835e-05, rewards:-1.4652082920074463, queue:0.9743055701255798, delay:0.05616847053170204, throughput:2931
episode:155/250, real avg travel time:318.7485752598056
Test step:155/250, travel time :316.9406637613141, rewards:-1.3507404327392578, queue:0.8885416388511658, delay:0.05275086313486099, throughput:2933
step:3600/3600, q_loss:-1.1325358085472274e-05, rewards:-1.4535417556762695, queue:0.9605903029441833, delay:0.055725935846567154, throughput:2933
episode:156/250, real avg travel time:318.4431780087161
step:3600/3600, q_loss:-9.485282417800691e-06, rewards:-1.5071759223937988, queue:1.0003472566604614, delay:0.057850584387779236, throughput:2932
episode:157/250, real avg travel time:319.289641300704
step:3600/3600, q_loss:-1.180732872820011e-05, rewards:-1.4579627513885498, queue:0.9668402671813965, delay:0.05640111863613129, throughput:2933
episode:158/250, real avg travel time:318.38618840093864
step:3600/3600, q_loss:-1.6535642768118394e-05, rewards:-1.4782404899597168, queue:0.9784722328186035, delay:0.05616491287946701, throughput:2933
episode:159/250, real avg travel time:318.936640965471
step:3600/3600, q_loss:-2.485143130696896e-05, rewards:-1.43900465965271, queue:0.9545139074325562, delay:0.0554581843316555, throughput:2933
episode:160/250, real avg travel time:318.1290646999665
Test step:160/250, travel time :316.89239021119675, rewards:-1.3622682094573975, queue:0.9026041626930237, delay:0.05439804494380951, throughput:2934
step:3600/3600, q_loss:-1.28387658925796e-05, rewards:-1.4944212436676025, queue:0.996180534362793, delay:0.05719709396362305, throughput:2933
episode:161/250, real avg travel time:319.04458598726114
step:3600/3600, q_loss:-5.452682617706832e-06, rewards:-1.444791316986084, queue:0.9579861164093018, delay:0.05643117055296898, throughput:2933
episode:162/250, real avg travel time:318.24807241032516
step:3600/3600, q_loss:-1.8644457601045292e-05, rewards:-1.4589121341705322, queue:0.9736111164093018, delay:0.056547075510025024, throughput:2933
episode:163/250, real avg travel time:318.39758632249413
step:3600/3600, q_loss:-1.1341143895320044e-05, rewards:-1.436249852180481, queue:0.9586805701255798, delay:0.05558827891945839, throughput:2933
episode:164/250, real avg travel time:317.950050284948
step:3600/3600, q_loss:-2.7138284834412238e-05, rewards:-1.3733797073364258, queue:0.9046875238418579, delay:0.05382639914751053, throughput:2931
episode:165/250, real avg travel time:317.0750921890714
Test step:165/250, travel time :315.9912839423399, rewards:-1.3071988821029663, queue:0.8619791865348816, delay:0.0527133047580719, throughput:2932
New best TEST travel time 315.9913 at episode 165, saved as best checkpoint
step:3600/3600, q_loss:-2.132673862097026e-05, rewards:-1.414884328842163, queue:0.9404513835906982, delay:0.05482381582260132, throughput:2933
episode:166/250, real avg travel time:317.7070063694268
step:3600/3600, q_loss:-6.266728289321893e-06, rewards:-1.4280555248260498, queue:0.9517360925674438, delay:0.05546510964632034, throughput:2931
episode:167/250, real avg travel time:317.99497150519613
step:3600/3600, q_loss:-1.991199182898358e-05, rewards:-1.445162057876587, queue:0.9592013955116272, delay:0.05482183396816254, throughput:2933
episode:168/250, real avg travel time:318.18605430774386
step:3600/3600, q_loss:-1.6771219735447732e-05, rewards:-1.455185055732727, queue:0.9654513597488403, delay:0.05580573529005051, throughput:2932
episode:169/250, real avg travel time:318.4371438149514
step:3600/3600, q_loss:-2.231229963298473e-05, rewards:-1.4764580726623535, queue:0.9793402552604675, delay:0.0577520951628685, throughput:2932
episode:170/250, real avg travel time:318.5434126718069
Test step:170/250, travel time :316.59839088166274, rewards:-1.343009114265442, queue:0.8852430582046509, delay:0.05293920263648033, throughput:2934
step:3600/3600, q_loss:-2.1256622103801756e-05, rewards:-1.5117825269699097, queue:1.0017361640930176, delay:0.05734354257583618, throughput:2931
episode:171/250, real avg travel time:319.20851491786794
step:3600/3600, q_loss:-1.8283427710196488e-05, rewards:-1.471898078918457, queue:0.979687511920929, delay:0.056628260761499405, throughput:2932
episode:172/250, real avg travel time:318.60241367750587
step:3600/3600, q_loss:-1.5148782619723567e-05, rewards:-1.459004521369934, queue:0.9722222089767456, delay:0.05630718916654587, throughput:2930
episode:173/250, real avg travel time:318.40160911833726
step:3600/3600, q_loss:-2.431860398414924e-05, rewards:-1.4777082204818726, queue:0.9821180701255798, delay:0.05694025009870529, throughput:2933
episode:174/250, real avg travel time:318.706000670466
step:3600/3600, q_loss:-1.541048113722354e-05, rewards:-1.4370137453079224, queue:0.9506944417953491, delay:0.05562185123562813, throughput:2932
episode:175/250, real avg travel time:317.95641971169965
Test step:175/250, travel time :316.9986590680523, rewards:-1.3670833110809326, queue:0.9006944298744202, delay:0.05321125313639641, throughput:2931
step:3600/3600, q_loss:-1.84010532124106e-05, rewards:-1.4340972900390625, queue:0.9517360925674438, delay:0.05529312416911125, throughput:2931
episode:176/250, real avg travel time:317.8806570566544
step:3600/3600, q_loss:-2.4033540480390744e-05, rewards:-1.4710416793823242, queue:0.96875, delay:0.05583612620830536, throughput:2932
episode:177/250, real avg travel time:318.5953737847804
step:3600/3600, q_loss:-2.6448047288727982e-05, rewards:-1.4271758794784546, queue:0.9494791626930237, delay:0.054118573665618896, throughput:2930
episode:178/250, real avg travel time:317.9383171304056
step:3600/3600, q_loss:-2.0557990797829848e-05, rewards:-1.4852544069290161, queue:0.9892361164093018, delay:0.056125789880752563, throughput:2933
episode:179/250, real avg travel time:318.8357358364063
step:3600/3600, q_loss:-2.3119246880351394e-05, rewards:-1.467245101928711, queue:0.9762153029441833, delay:0.05585392937064171, throughput:2932
episode:180/250, real avg travel time:318.7398592021455
Test step:180/250, travel time :316.67113643982566, rewards:-1.3559026718139648, queue:0.8958333134651184, delay:0.053208764642477036, throughput:2932
step:3600/3600, q_loss:-1.8639320020425926e-05, rewards:-1.4579166173934937, queue:0.9684028029441833, delay:0.0557408332824707, throughput:2932
episode:181/250, real avg travel time:318.5373784780422
step:3600/3600, q_loss:-2.3020456299289233e-05, rewards:-1.466180443763733, queue:0.9750000238418579, delay:0.055881910026073456, throughput:2933
episode:182/250, real avg travel time:318.53972510895073
step:3600/3600, q_loss:-1.5709758951777108e-05, rewards:-1.4753472805023193, queue:0.9848958253860474, delay:0.05623374506831169, throughput:2932
episode:183/250, real avg travel time:318.72510895072077
step:3600/3600, q_loss:-2.4704211305275007e-05, rewards:-1.4022223949432373, queue:0.9309027791023254, delay:0.05394112318754196, throughput:2933
episode:184/250, real avg travel time:317.353000335233
step:3600/3600, q_loss:-1.8182820079986144e-05, rewards:-1.4427776336669922, queue:0.956250011920929, delay:0.05468921735882759, throughput:2931
episode:185/250, real avg travel time:318.3332215890044
Test step:185/250, travel time :315.950050284948, rewards:-1.3210415840148926, queue:0.8744791746139526, delay:0.05162384361028671, throughput:2932
New best TEST travel time 315.9501 at episode 185, saved as best checkpoint
step:3600/3600, q_loss:-2.700129332003632e-05, rewards:-1.4341899156570435, queue:0.9512152671813965, delay:0.054419346153736115, throughput:2932
episode:186/250, real avg travel time:317.97485752598055
step:3600/3600, q_loss:-2.9769321877716316e-05, rewards:-1.4258333444595337, queue:0.9442708492279053, delay:0.05436279997229576, throughput:2932
episode:187/250, real avg travel time:317.73315454240696
step:3600/3600, q_loss:-1.680333732144424e-05, rewards:-1.4404629468917847, queue:0.9543402791023254, delay:0.054707642644643784, throughput:2932
episode:188/250, real avg travel time:318.01407978545086
step:3600/3600, q_loss:-2.1390876133443305e-05, rewards:-1.4409950971603394, queue:0.9555555582046509, delay:0.05512934923171997, throughput:2931
episode:189/250, real avg travel time:318.0258129399933
step:3600/3600, q_loss:-2.1342113743432696e-05, rewards:-1.3853241205215454, queue:0.9128472208976746, delay:0.05296871438622475, throughput:2931
episode:190/250, real avg travel time:317.2470667113644
Test step:190/250, travel time :316.1706335903453, rewards:-1.3305554389953613, queue:0.878819465637207, delay:0.05178234353661537, throughput:2933
step:3600/3600, q_loss:-1.8925547677402696e-05, rewards:-1.448796272277832, queue:0.9595485925674438, delay:0.055059850215911865, throughput:2933
episode:191/250, real avg travel time:318.13778075762656
step:3600/3600, q_loss:-2.3969992805548286e-05, rewards:-1.4056479930877686, queue:0.9289930462837219, delay:0.05316754803061485, throughput:2932
episode:192/250, real avg travel time:317.61280590010057
step:3600/3600, q_loss:-4.811016239087891e-06, rewards:-1.353888988494873, queue:0.8925347328186035, delay:0.05284196138381958, throughput:2933
episode:193/250, real avg travel time:316.69259135098895
step:3600/3600, q_loss:-2.058455224700824e-05, rewards:-1.3778703212738037, queue:0.9050347208976746, delay:0.05285714939236641, throughput:2933
episode:194/250, real avg travel time:317.10693932282936
step:3600/3600, q_loss:-2.0794877760905634e-05, rewards:-1.3679860830307007, queue:0.8982638716697693, delay:0.05245969071984291, throughput:2932
episode:195/250, real avg travel time:317.04726785115656
Test step:195/250, travel time :315.81159906134764, rewards:-1.2927082777023315, queue:0.8491319417953491, delay:0.049809254705905914, throughput:2933
New best TEST travel time 315.8116 at episode 195, saved as best checkpoint
step:3600/3600, q_loss:-2.7771043177280163e-06, rewards:-1.412384271621704, queue:0.9312499761581421, delay:0.05323601886630058, throughput:2933
episode:196/250, real avg travel time:317.66141468320484
step:3600/3600, q_loss:-2.207160491875752e-05, rewards:-1.3798611164093018, queue:0.9032986164093018, delay:0.0526752807199955, throughput:2933
episode:197/250, real avg travel time:317.13610459269194
step:3600/3600, q_loss:-2.183938459320753e-05, rewards:-1.385624885559082, queue:0.9138888716697693, delay:0.05310383811593056, throughput:2933
episode:198/250, real avg travel time:317.24773717733825
step:3600/3600, q_loss:-1.396713260975149e-05, rewards:-1.4193518161773682, queue:0.9357638955116272, delay:0.0530831404030323, throughput:2933
episode:199/250, real avg travel time:318.0828025477707
step:3600/3600, q_loss:-1.5370764217718886e-05, rewards:-1.3815970420837402, queue:0.9112847447395325, delay:0.0529119074344635, throughput:2933
episode:200/250, real avg travel time:317.280590010057
Test step:200/250, travel time :315.54911163258464, rewards:-1.2733795642852783, queue:0.831250011920929, delay:0.049312155693769455, throughput:2934
New best TEST travel time 315.5491 at episode 200, saved as best checkpoint
step:3600/3600, q_loss:-2.484480996995612e-05, rewards:-1.3534489870071411, queue:0.8873263597488403, delay:0.05172989144921303, throughput:2932
episode:201/250, real avg travel time:316.9959772041569
step:3600/3600, q_loss:-2.0303318268378024e-05, rewards:-1.365439772605896, queue:0.8956597447395325, delay:0.051968302577733994, throughput:2933
episode:202/250, real avg travel time:317.14515588333893
step:3600/3600, q_loss:-2.1758673203833127e-05, rewards:-1.3549768924713135, queue:0.8899305462837219, delay:0.051477231085300446, throughput:2932
episode:203/250, real avg travel time:316.9778746228629
step:3600/3600, q_loss:-2.6218232556453182e-05, rewards:-1.3482407331466675, queue:0.8828125, delay:0.05159569904208183, throughput:2932
episode:204/250, real avg travel time:316.99161917532683
step:3600/3600, q_loss:-2.198115916043106e-05, rewards:-1.3238886594772339, queue:0.8675346970558167, delay:0.049978647381067276, throughput:2931
episode:205/250, real avg travel time:316.4555816292323
Test step:205/250, travel time :315.29701642641635, rewards:-1.255486011505127, queue:0.8185763955116272, delay:0.04892599210143089, throughput:2933
New best TEST travel time 315.2970 at episode 205, saved as best checkpoint
step:3600/3600, q_loss:-2.4259972377438788e-05, rewards:-1.3964118957519531, queue:0.9164930582046509, delay:0.05253538489341736, throughput:2931
episode:206/250, real avg travel time:317.7760643647335
step:3600/3600, q_loss:-1.0402102769283509e-05, rewards:-1.3538657426834106, queue:0.8899305462837219, delay:0.05108102038502693, throughput:2932
episode:207/250, real avg travel time:316.98424404961446
step:3600/3600, q_loss:-2.1726476714118486e-05, rewards:-1.3483563661575317, queue:0.8833333253860474, delay:0.05142904818058014, throughput:2934
episode:208/250, real avg travel time:316.8974187060007
step:3600/3600, q_loss:-2.3460647854436604e-05, rewards:-1.362268328666687, queue:0.9010416865348816, delay:0.05143343657255173, throughput:2934
episode:209/250, real avg travel time:317.08649011062687
step:3600/3600, q_loss:-1.8473312957212328e-05, rewards:-1.3282405138015747, queue:0.8722222447395325, delay:0.05075567215681076, throughput:2931
episode:210/250, real avg travel time:316.4854173650687
Test step:210/250, travel time :315.11666107945024, rewards:-1.2535879611968994, queue:0.8204861283302307, delay:0.049676138907670975, throughput:2934
New best TEST travel time 315.1167 at episode 210, saved as best checkpoint
step:3600/3600, q_loss:-2.0680317107622545e-05, rewards:-1.3382869958877563, queue:0.8822916746139526, delay:0.051380958408117294, throughput:2933
episode:211/250, real avg travel time:316.6061012403621
step:3600/3600, q_loss:-1.216126256622374e-05, rewards:-1.3382408618927002, queue:0.8786458373069763, delay:0.051525380462408066, throughput:2933
episode:212/250, real avg travel time:316.5082132081797
step:3600/3600, q_loss:-1.7164240987902438e-05, rewards:-1.3388193845748901, queue:0.878125011920929, delay:0.051480721682310104, throughput:2932
episode:213/250, real avg travel time:316.47066711364397
step:3600/3600, q_loss:-1.9168115708183635e-05, rewards:-1.3387500047683716, queue:0.8739583492279053, delay:0.051371507346630096, throughput:2933
episode:214/250, real avg travel time:316.7180690579953
step:3600/3600, q_loss:-1.6211802075203093e-05, rewards:-1.3251851797103882, queue:0.8644097447395325, delay:0.050198543816804886, throughput:2933
episode:215/250, real avg travel time:316.61783439490443
Test step:215/250, travel time :314.61146496815286, rewards:-1.2067128419876099, queue:0.7822916507720947, delay:0.046752896159887314, throughput:2933
New best TEST travel time 314.6115 at episode 215, saved as best checkpoint
step:3600/3600, q_loss:-1.7774769286107685e-05, rewards:-1.3201390504837036, queue:0.8637152910232544, delay:0.050947580486536026, throughput:2932
episode:216/250, real avg travel time:316.48307073416026
step:3600/3600, q_loss:-1.9336887850874552e-05, rewards:-1.32879638671875, queue:0.8685764074325562, delay:0.05053580552339554, throughput:2932
episode:217/250, real avg travel time:316.7388535031847
step:3600/3600, q_loss:-2.275395705105944e-05, rewards:-1.3427081108093262, queue:0.8800347447395325, delay:0.05093339458107948, throughput:2933
episode:218/250, real avg travel time:316.769024472008
step:3600/3600, q_loss:-1.1605560495000747e-05, rewards:-1.309004306793213, queue:0.8604166507720947, delay:0.04965833202004433, throughput:2933
episode:219/250, real avg travel time:316.18538384177003
step:3600/3600, q_loss:-1.8306903021530836e-05, rewards:-1.3137037754058838, queue:0.8592013716697693, delay:0.04982655495405197, throughput:2933
episode:220/250, real avg travel time:316.42742205833054
Test step:220/250, travel time :314.61213543412674, rewards:-1.2122219800949097, queue:0.7862847447395325, delay:0.04740135371685028, throughput:2933
step:3600/3600, q_loss:-1.9919337096831037e-05, rewards:-1.3022685050964355, queue:0.8463541865348816, delay:0.04975087195634842, throughput:2932
episode:221/250, real avg travel time:316.40898424404963
step:3600/3600, q_loss:-1.174635340080217e-05, rewards:-1.316735863685608, queue:0.8618055582046509, delay:0.05003158748149872, throughput:2933
episode:222/250, real avg travel time:316.42641635936974
step:3600/3600, q_loss:-1.65879784617573e-05, rewards:-1.3222451210021973, queue:0.8664930462837219, delay:0.0496118925511837, throughput:2933
episode:223/250, real avg travel time:316.6389540730808
step:3600/3600, q_loss:-9.38108849503031e-06, rewards:-1.3200464248657227, queue:0.863368034362793, delay:0.04997335001826286, throughput:2933
episode:224/250, real avg travel time:316.5957090177674
step:3600/3600, q_loss:-1.9623307808716265e-05, rewards:-1.3532406091690063, queue:0.8887152671813965, delay:0.051043637096881866, throughput:2930
episode:225/250, real avg travel time:316.9922896413007
Test step:225/250, travel time :315.84143479718404, rewards:-1.2586575746536255, queue:0.8203125, delay:0.047758590430021286, throughput:2934
step:3600/3600, q_loss:-1.3820023741573096e-05, rewards:-1.353958249092102, queue:0.8864583373069763, delay:0.050312090665102005, throughput:2933
episode:226/250, real avg travel time:317.4042909822326
step:3600/3600, q_loss:-1.096159415923197e-05, rewards:-1.3185877799987793, queue:0.8647569417953491, delay:0.049632031470537186, throughput:2933
episode:227/250, real avg travel time:316.6667784109956
step:3600/3600, q_loss:-1.264903101535445e-05, rewards:-1.310509204864502, queue:0.859375, delay:0.04954933747649193, throughput:2931
episode:228/250, real avg travel time:316.50016761649346
step:3600/3600, q_loss:-1.46263401903626e-05, rewards:-1.3524537086486816, queue:0.8871527910232544, delay:0.05142677575349808, throughput:2933
episode:229/250, real avg travel time:317.1190077103587
step:3600/3600, q_loss:-6.395927091405071e-06, rewards:-1.3508795499801636, queue:0.8828125, delay:0.05116131156682968, throughput:2934
episode:230/250, real avg travel time:317.2755615152531
Test step:230/250, travel time :315.04492122024806, rewards:-1.2245368957519531, queue:0.8013888597488403, delay:0.0477144829928875, throughput:2933
step:3600/3600, q_loss:-1.4199475386973332e-06, rewards:-1.3055323362350464, queue:0.8526041507720947, delay:0.04877899959683418, throughput:2933
episode:231/250, real avg travel time:316.3436138115991
step:3600/3600, q_loss:-2.0345036291810512e-05, rewards:-1.3420833349227905, queue:0.8812500238418579, delay:0.051301341503858566, throughput:2932
episode:232/250, real avg travel time:316.9182031511901
step:3600/3600, q_loss:-2.0619647801612262e-05, rewards:-1.340578556060791, queue:0.8843749761581421, delay:0.05167756602168083, throughput:2933
episode:233/250, real avg travel time:316.94468655715724
step:3600/3600, q_loss:-2.024870137339113e-05, rewards:-1.3036805391311646, queue:0.8522569537162781, delay:0.04953810200095177, throughput:2933
episode:234/250, real avg travel time:316.2836071069393
step:3600/3600, q_loss:-8.920771479434162e-06, rewards:-1.3038196563720703, queue:0.8557291626930237, delay:0.04987235739827156, throughput:2932
episode:235/250, real avg travel time:316.31746563861884
Test step:235/250, travel time :314.71102916526985, rewards:-1.2099769115447998, queue:0.7887153029441833, delay:0.048176903277635574, throughput:2933
step:3600/3600, q_loss:-1.305199305837353e-05, rewards:-1.3025462627410889, queue:0.8583333492279053, delay:0.04970558360219002, throughput:2933
episode:236/250, real avg travel time:316.3932282936641
step:3600/3600, q_loss:-9.605209925211966e-06, rewards:-1.3150694370269775, queue:0.8638888597488403, delay:0.05134184658527374, throughput:2932
episode:237/250, real avg travel time:316.45826349312773
step:3600/3600, q_loss:-1.8091498296362933e-06, rewards:-1.360185146331787, queue:0.8963541388511658, delay:0.052572064101696014, throughput:2932
episode:238/250, real avg travel time:317.29802212537714
step:3600/3600, q_loss:-1.4035508178898857e-05, rewards:-1.3038194179534912, queue:0.8513888716697693, delay:0.04968220368027687, throughput:2933
episode:239/250, real avg travel time:316.3838417700302
step:3600/3600, q_loss:-4.836955728630225e-06, rewards:-1.3261573314666748, queue:0.8657985925674438, delay:0.05122341960668564, throughput:2931
episode:240/250, real avg travel time:316.69292658397586
Test step:240/250, travel time :315.5256453234998, rewards:-1.2510648965835571, queue:0.8157986402511597, delay:0.048390649259090424, throughput:2933
step:3600/3600, q_loss:-2.2499813133402278e-05, rewards:-1.322222352027893, queue:0.8675346970558167, delay:0.05074985325336456, throughput:2932
episode:241/250, real avg travel time:316.73281930942005
step:3600/3600, q_loss:-2.5273820803569698e-05, rewards:-1.340763807296753, queue:0.8774305582046509, delay:0.0506439208984375, throughput:2932
episode:242/250, real avg travel time:316.90613476366076
step:3600/3600, q_loss:-2.4898404673742196e-05, rewards:-1.3717591762542725, queue:0.9053819179534912, delay:0.05266250669956207, throughput:2933
episode:243/250, real avg travel time:317.4857525980556
step:3600/3600, q_loss:-1.8326067462718734e-05, rewards:-1.35636568069458, queue:0.8895833492279053, delay:0.05083613842725754, throughput:2932
episode:244/250, real avg travel time:317.3825008380825
step:3600/3600, q_loss:-9.277987582781523e-06, rewards:-1.336921215057373, queue:0.8715277910232544, delay:0.05026482418179512, throughput:2932
episode:245/250, real avg travel time:317.10392222594703
Test step:245/250, travel time :315.1682869594368, rewards:-1.2205787897109985, queue:0.7923611402511597, delay:0.047335587441921234, throughput:2933
step:3600/3600, q_loss:-2.2803696144061784e-05, rewards:-1.3099768161773682, queue:0.8623263835906982, delay:0.05020279809832573, throughput:2932
episode:246/250, real avg travel time:316.5346966141468
step:3600/3600, q_loss:-3.0277837477451952e-05, rewards:-1.315740704536438, queue:0.8581597208976746, delay:0.04977123439311981, throughput:2932
episode:247/250, real avg travel time:316.7656721421388
step:3600/3600, q_loss:-1.0863770040924902e-05, rewards:-1.354560136795044, queue:0.8836805820465088, delay:0.05133941024541855, throughput:2934
episode:248/250, real avg travel time:317.1106268856856
step:3600/3600, q_loss:-2.5396884949360457e-05, rewards:-1.361388921737671, queue:0.8942708373069763, delay:0.051447249948978424, throughput:2931
episode:249/250, real avg travel time:317.4280925243044
Hyperparameters saved to: data/output_data/tsc/cityflow_hyperlight_mappo/cityflow4x4/constmeta_4x4_seed0/hyperparameters.json
Loaded best checkpoint for final evaluation
Final Travel Time is 314.6115, mean rewards: -1.2067, queue: 0.7823, delay: 0.0468, throughput: 2933
Total time taken: 7019.857030630112
