structural conditioning spec: structural_v1:in_lane_count,out_lane_count,in_degree,out_degree,node_degree,neighbor_count,phase_count,startlane_count,lanes_per_in_road,lanes_per_out_road,out_in_lane_ratio,controlled_neighbor_ratio
structural features (min/mean/max): in_lane_count[4/7.43/14] out_lane_count[3/5.10/8] in_degree[3/3.19/4] out_degree[2/3.24/4] node_degree[5/6.43/8] neighbor_count[0/0.38/2] phase_count[2/3.19/4] startlane_count[4/7.43/14] lanes_per_in_road[1.33333/2.33/4] lanes_per_out_road[1/1.59/2.33333] out_in_lane_ratio[0.5/0.70/1] controlled_neighbor_ratio[0/0.13/0.666667]
step:3600/3600, q_loss:0.0003736382156300048, rewards:-13.350488662719727, queue:4.100396633148193, delay:0.22524018585681915, throughput:3909
episode:0/250, real avg travel time:317.8907649015093
Test step:0/250, travel time :597.7213836477987, rewards:-39.90880584716797, queue:11.676719665527344, delay:0.36350759863853455, throughput:1590
New best TEST travel time 597.7214 at episode 0, saved as best checkpoint
step:3600/3600, q_loss:0.0002115950117715531, rewards:-11.244706153869629, queue:3.5519840717315674, delay:0.2112409472465515, throughput:3912
episode:1/250, real avg travel time:302.9189672801636
step:3600/3600, q_loss:0.00016799647063534294, rewards:-10.429655075073242, queue:3.351719617843628, delay:0.20236752927303314, throughput:3949
episode:2/250, real avg travel time:296.61407951380096
step:3600/3600, q_loss:0.00015160729219335027, rewards:-9.828206062316895, queue:3.1125662326812744, delay:0.19571849703788757, throughput:3961
episode:3/250, real avg travel time:283.2448876546327
step:3600/3600, q_loss:0.00015767555159982294, rewards:-9.484169960021973, queue:2.998809576034546, delay:0.19586262106895447, throughput:3971
episode:4/250, real avg travel time:292.41274238227146
step:3600/3600, q_loss:9.591535910860531e-05, rewards:-8.409859657287598, queue:2.823544979095459, delay:0.18328195810317993, throughput:3959
episode:5/250, real avg travel time:293.6059611012882
Test step:5/250, travel time :597.7213836477987, rewards:-39.90880584716797, queue:11.676719665527344, delay:0.36350759863853455, throughput:1590
step:3600/3600, q_loss:7.657268482338016e-05, rewards:-8.758076667785645, queue:2.846031665802002, delay:0.18630318343639374, throughput:3928
episode:6/250, real avg travel time:280.0234215885947
step:3600/3600, q_loss:6.735944302312822e-05, rewards:-7.6521782875061035, queue:2.5154762268066406, delay:0.18000851571559906, throughput:3977
episode:7/250, real avg travel time:264.09378928840835
step:3600/3600, q_loss:5.932193129814954e-05, rewards:-8.290369987487793, queue:2.6408729553222656, delay:0.18756048381328583, throughput:3964
episode:8/250, real avg travel time:270.3715943491423
step:3600/3600, q_loss:0.00019740903129180273, rewards:-8.420766830444336, queue:2.6948413848876953, delay:0.18253086507320404, throughput:3970
episode:9/250, real avg travel time:275.8843828715365
step:3600/3600, q_loss:1.863246127161094e-05, rewards:-6.542557239532471, queue:2.237433910369873, delay:0.17303279042243958, throughput:4030
episode:10/250, real avg travel time:255.8575682382134
Test step:10/250, travel time :251.95962490231832, rewards:-8.014278411865234, queue:2.8736772537231445, delay:0.1718371957540512, throughput:3839
New best TEST travel time 251.9596 at episode 10, saved as best checkpoint
step:3600/3600, q_loss:3.807361289444897e-05, rewards:-6.83228063583374, queue:2.2600529193878174, delay:0.1706266850233078, throughput:4009
episode:11/250, real avg travel time:239.7378398603143
step:3600/3600, q_loss:2.328348556248885e-06, rewards:-5.961358070373535, queue:2.0665342807769775, delay:0.16573938727378845, throughput:3989
episode:12/250, real avg travel time:257.65705690649287
step:3600/3600, q_loss:1.4052968213541641e-05, rewards:-6.175848960876465, queue:2.132672071456909, delay:0.16651199758052826, throughput:4027
episode:13/250, real avg travel time:243.04370499130866
step:3600/3600, q_loss:2.9078984840048683e-05, rewards:-6.16756534576416, queue:2.15925931930542, delay:0.1607086956501007, throughput:4025
episode:14/250, real avg travel time:244.1950310559006
step:3600/3600, q_loss:1.715979645571982e-05, rewards:-5.992969512939453, queue:2.081613779067993, delay:0.16079014539718628, throughput:4045
episode:15/250, real avg travel time:239.56266996291717
Test step:15/250, travel time :251.95962490231832, rewards:-8.014278411865234, queue:2.8736772537231445, delay:0.1718371957540512, throughput:3839
step:3600/3600, q_loss:1.541838994146221e-05, rewards:-5.730380058288574, queue:2.0170633792877197, delay:0.16134193539619446, throughput:4039
episode:16/250, real avg travel time:256.15895023520676
step:3600/3600, q_loss:2.5043539628515847e-05, rewards:-5.944927215576172, queue:2.091402053833008, delay:0.16133542358875275, throughput:4014
episode:17/250, real avg travel time:262.64050822122573
step:3600/3600, q_loss:2.4781856498318828e-05, rewards:-5.638499736785889, queue:1.9753968715667725, delay:0.1603040248155594, throughput:4022
episode:18/250, real avg travel time:245.7466434609647
step:3600/3600, q_loss:3.683493697381992e-05, rewards:-5.574015140533447, queue:1.9712963104248047, delay:0.15531599521636963, throughput:4047
episode:19/250, real avg travel time:252.83642204101804
step:3600/3600, q_loss:3.708427377407336e-05, rewards:-5.6089301109313965, queue:1.999206304550171, delay:0.1581789255142212, throughput:4045
episode:20/250, real avg travel time:242.12509270704572
Test step:20/250, travel time :251.95962490231832, rewards:-8.014278411865234, queue:2.8736772537231445, delay:0.1718371957540512, throughput:3839
step:3600/3600, q_loss:1.9459461570174122e-05, rewards:-5.096086502075195, queue:1.851190447807312, delay:0.15959057211875916, throughput:4051
episode:21/250, real avg travel time:241.44112564798814
step:3600/3600, q_loss:3.0014694817105514e-05, rewards:-5.536407947540283, queue:1.920899510383606, delay:0.15539690852165222, throughput:4046
episode:22/250, real avg travel time:239.23850716757292
step:3600/3600, q_loss:2.4559279780886653e-05, rewards:-4.868232727050781, queue:1.811904788017273, delay:0.15511400997638702, throughput:4038
episode:23/250, real avg travel time:243.71223377909857
step:3600/3600, q_loss:3.338217276096758e-05, rewards:-4.977097034454346, queue:1.7276455163955688, delay:0.15449489653110504, throughput:4050
episode:24/250, real avg travel time:227.600987654321
step:3600/3600, q_loss:1.3336852377202983e-05, rewards:-4.84743070602417, queue:1.7763227224349976, delay:0.15448454022407532, throughput:4055
episode:25/250, real avg travel time:233.72034525277437
Test step:25/250, travel time :226.95816326530613, rewards:-7.528051853179932, queue:2.6835978031158447, delay:0.15597175061702728, throughput:3920
New best TEST travel time 226.9582 at episode 25, saved as best checkpoint
step:3600/3600, q_loss:9.815465212644388e-06, rewards:-4.610647678375244, queue:1.693386197090149, delay:0.15211576223373413, throughput:4040
episode:26/250, real avg travel time:229.89356435643563
step:3600/3600, q_loss:1.4758547654815225e-05, rewards:-4.830655574798584, queue:1.6784391403198242, delay:0.15616682171821594, throughput:4053
episode:27/250, real avg travel time:229.3429558351838
step:3600/3600, q_loss:7.927633204316306e-06, rewards:-4.63618803024292, queue:1.6923280954360962, delay:0.1533527821302414, throughput:4036
episode:28/250, real avg travel time:237.50049554013876
step:3600/3600, q_loss:2.2699995719853582e-05, rewards:-4.941781044006348, queue:1.7051587104797363, delay:0.15058153867721558, throughput:4052
episode:29/250, real avg travel time:231.24160908193485
step:3600/3600, q_loss:1.675086241448298e-05, rewards:-4.666333198547363, queue:1.7246031761169434, delay:0.14978642761707306, throughput:4059
episode:30/250, real avg travel time:240.70682434097068
Test step:30/250, travel time :258.8007751937985, rewards:-8.16918659210205, queue:2.890211582183838, delay:0.16022446751594543, throughput:3870
step:3600/3600, q_loss:7.535881013609469e-06, rewards:-4.272619247436523, queue:1.6027777194976807, delay:0.15190279483795166, throughput:4063
episode:31/250, real avg travel time:231.64164410534087
step:3600/3600, q_loss:6.438602334431683e-06, rewards:-4.075337886810303, queue:1.5322750806808472, delay:0.1472722440958023, throughput:4043
episode:32/250, real avg travel time:223.62280484788522
step:3600/3600, q_loss:1.7319817723344185e-05, rewards:-4.760735988616943, queue:1.6936508417129517, delay:0.1534142941236496, throughput:4060
episode:33/250, real avg travel time:232.7768472906404
step:3600/3600, q_loss:1.5385347958524816e-05, rewards:-4.39396858215332, queue:1.5370370149612427, delay:0.14947980642318726, throughput:4049
episode:34/250, real avg travel time:220.78760187700667
step:3600/3600, q_loss:6.561172793024323e-06, rewards:-4.305272102355957, queue:1.5449734926223755, delay:0.1493322104215622, throughput:4047
episode:35/250, real avg travel time:218.42228811465282
Test step:35/250, travel time :229.11532700948578, rewards:-6.429035186767578, queue:2.3499999046325684, delay:0.15460239350795746, throughput:4006
step:3600/3600, q_loss:4.741831718193781e-06, rewards:-4.065942764282227, queue:1.5187830924987793, delay:0.1466871201992035, throughput:4047
episode:36/250, real avg travel time:221.8107239930813
step:3600/3600, q_loss:1.3174329473662914e-05, rewards:-3.921572208404541, queue:1.4522486925125122, delay:0.14525708556175232, throughput:4055
episode:37/250, real avg travel time:222.3265104808878
step:3600/3600, q_loss:3.9901576059896294e-05, rewards:-4.891398906707764, queue:1.791005253791809, delay:0.14832526445388794, throughput:4054
episode:38/250, real avg travel time:220.93216576221016
step:3600/3600, q_loss:6.45855695539568e-05, rewards:-4.634097576141357, queue:1.7263227701187134, delay:0.14782731235027313, throughput:4035
episode:39/250, real avg travel time:214.33804213135068
step:3600/3600, q_loss:7.639191769865445e-05, rewards:-5.268916130065918, queue:1.967989444732666, delay:0.14997823536396027, throughput:4036
episode:40/250, real avg travel time:226.38553022794846
Test step:40/250, travel time :229.49114492392118, rewards:-6.52556848526001, queue:2.32619047164917, delay:0.15483495593070984, throughput:4009
step:3600/3600, q_loss:2.5356324800264296e-05, rewards:-4.694940090179443, queue:1.691534399986267, delay:0.15119849145412445, throughput:4071
episode:41/250, real avg travel time:225.94178334561533
step:3600/3600, q_loss:9.995788908175503e-06, rewards:-4.300208568572998, queue:1.5933862924575806, delay:0.14961284399032593, throughput:4056
episode:42/250, real avg travel time:229.15458579881656
step:3600/3600, q_loss:9.201932520631494e-05, rewards:-5.21508264541626, queue:1.788888931274414, delay:0.15201038122177124, throughput:4062
episode:43/250, real avg travel time:248.40078778926636
step:3600/3600, q_loss:1.859934305280654e-05, rewards:-4.455626964569092, queue:1.632010579109192, delay:0.14789780974388123, throughput:4052
episode:44/250, real avg travel time:232.95853899308983
step:3600/3600, q_loss:2.4630472681666208e-05, rewards:-4.196001052856445, queue:1.5746031999588013, delay:0.14692848920822144, throughput:4036
episode:45/250, real avg travel time:236.59489593657085
Test step:45/250, travel time :232.70157855174142, rewards:-6.084648132324219, queue:2.1522486209869385, delay:0.1610393077135086, throughput:3991
step:3600/3600, q_loss:2.4468904707141014e-05, rewards:-4.528164863586426, queue:1.6359788179397583, delay:0.14908693730831146, throughput:4024
episode:46/250, real avg travel time:240.05168986083498
step:3600/3600, q_loss:5.855807264904595e-06, rewards:-3.8240582942962646, queue:1.4648147821426392, delay:0.1429503709077835, throughput:4030
episode:47/250, real avg travel time:225.0712158808933
step:3600/3600, q_loss:7.45613191005153e-06, rewards:-3.968653440475464, queue:1.5097883939743042, delay:0.146151602268219, throughput:4050
episode:48/250, real avg travel time:221.8037037037037
step:3600/3600, q_loss:2.1450895777282614e-06, rewards:-3.980703830718994, queue:1.5136243104934692, delay:0.14455625414848328, throughput:4046
episode:49/250, real avg travel time:228.28521997034107
step:3600/3600, q_loss:1.038566066805894e-06, rewards:-3.9645731449127197, queue:1.5015872716903687, delay:0.1437370628118515, throughput:4064
episode:50/250, real avg travel time:224.3503937007874
Test step:50/250, travel time :229.07075705096486, rewards:-5.005836486816406, queue:1.839550256729126, delay:0.15033775568008423, throughput:4042
step:3600/3600, q_loss:9.33331797973046e-06, rewards:-4.022887706756592, queue:1.548545002937317, delay:0.14377915859222412, throughput:4047
episode:51/250, real avg travel time:219.2614282184334
step:3600/3600, q_loss:5.766227129950292e-06, rewards:-3.857106924057007, queue:1.4722222089767456, delay:0.14653784036636353, throughput:4067
episode:52/250, real avg travel time:221.90410622080157
step:3600/3600, q_loss:1.6269890733787584e-05, rewards:-4.181537628173828, queue:1.5576719045639038, delay:0.1454838514328003, throughput:4065
episode:53/250, real avg travel time:217.6730627306273
step:3600/3600, q_loss:9.828700923309144e-05, rewards:-5.637827396392822, queue:1.6806877851486206, delay:0.15289130806922913, throughput:4043
episode:54/250, real avg travel time:216.80039574573337
step:3600/3600, q_loss:1.9446856539515366e-06, rewards:-3.6864397525787354, queue:1.3931217193603516, delay:0.14287616312503815, throughput:4053
episode:55/250, real avg travel time:218.78781149765607
Test step:55/250, travel time :223.11878453038673, rewards:-6.890700817108154, queue:2.110185146331787, delay:0.17012907564640045, throughput:3982
New best TEST travel time 223.1188 at episode 55, saved as best checkpoint
step:3600/3600, q_loss:-1.8818134170336029e-06, rewards:-4.347955703735352, queue:1.5776455402374268, delay:0.15250234305858612, throughput:4057
episode:56/250, real avg travel time:222.80675375893517
step:3600/3600, q_loss:9.116935996442206e-05, rewards:-5.246626853942871, queue:1.8132275342941284, delay:0.15432685613632202, throughput:4051
episode:57/250, real avg travel time:234.60182670945446
step:3600/3600, q_loss:1.0117751905151333e-05, rewards:-3.9641902446746826, queue:1.4593915939331055, delay:0.14741353690624237, throughput:4061
episode:58/250, real avg travel time:219.27874907658213
step:3600/3600, q_loss:2.326099719438288e-06, rewards:-3.8057172298431396, queue:1.4178571701049805, delay:0.1441757082939148, throughput:4053
episode:59/250, real avg travel time:217.05206020231927
step:3600/3600, q_loss:-4.0272465816492007e-07, rewards:-3.7194502353668213, queue:1.4025132656097412, delay:0.14358338713645935, throughput:4061
episode:60/250, real avg travel time:213.25535582368875
Test step:60/250, travel time :219.68507056202031, rewards:-5.799277305603027, queue:1.8149471282958984, delay:0.1558595597743988, throughput:4039
New best TEST travel time 219.6851 at episode 60, saved as best checkpoint
step:3600/3600, q_loss:-1.02501071523875e-06, rewards:-3.522359609603882, queue:1.354629635810852, delay:0.14261294901371002, throughput:4060
episode:61/250, real avg travel time:213.4564039408867
step:3600/3600, q_loss:8.413976401142362e-07, rewards:-3.599496841430664, queue:1.3617725372314453, delay:0.14681203663349152, throughput:4050
episode:62/250, real avg travel time:211.49456790123457
step:3600/3600, q_loss:2.4596439470769837e-05, rewards:-4.047347068786621, queue:1.4966931343078613, delay:0.14935721457004547, throughput:4047
episode:63/250, real avg travel time:220.508277736595
step:3600/3600, q_loss:5.953338323807758e-06, rewards:-3.6904752254486084, queue:1.3921958208084106, delay:0.14492137730121613, throughput:4063
episode:64/250, real avg travel time:211.4021658872754
step:3600/3600, q_loss:-8.890264628765484e-07, rewards:-3.525602102279663, queue:1.3082010746002197, delay:0.14254197478294373, throughput:4051
episode:65/250, real avg travel time:210.3646013330042
Test step:65/250, travel time :216.9063661134506, rewards:-5.698641777038574, queue:1.7911375761032104, delay:0.1597631424665451, throughput:4037
New best TEST travel time 216.9064 at episode 65, saved as best checkpoint
step:3600/3600, q_loss:4.02713853367863e-06, rewards:-3.468816041946411, queue:1.3124338388442993, delay:0.1403616964817047, throughput:4058
episode:66/250, real avg travel time:212.03548546081814
step:3600/3600, q_loss:5.5552912979490226e-06, rewards:-3.2538580894470215, queue:1.2662698030471802, delay:0.1392090767621994, throughput:4046
episode:67/250, real avg travel time:211.12975778546712
step:3600/3600, q_loss:2.292538879879026e-06, rewards:-3.4536478519439697, queue:1.311375617980957, delay:0.13959453999996185, throughput:4052
episode:68/250, real avg travel time:212.69570582428432
step:3600/3600, q_loss:6.771324640592663e-06, rewards:-3.429884195327759, queue:1.3292328119277954, delay:0.14039349555969238, throughput:4069
episode:69/250, real avg travel time:212.95207667731628
step:3600/3600, q_loss:4.2547835619188847e-07, rewards:-3.3159782886505127, queue:1.2882275581359863, delay:0.14141365885734558, throughput:4061
episode:70/250, real avg travel time:210.01206599359764
Test step:70/250, travel time :207.11684782608697, rewards:-4.745001792907715, queue:1.508994698524475, delay:0.14760680496692657, throughput:4048
New best TEST travel time 207.1168 at episode 70, saved as best checkpoint
step:3600/3600, q_loss:5.579723316865663e-07, rewards:-3.2984700202941895, queue:1.2884920835494995, delay:0.1406860202550888, throughput:4048
episode:71/250, real avg travel time:210.32509881422925
step:3600/3600, q_loss:1.9604484502148504e-06, rewards:-3.3001506328582764, queue:1.2849206924438477, delay:0.13760162889957428, throughput:4063
episode:72/250, real avg travel time:209.48363278365738
step:3600/3600, q_loss:1.2070843877154402e-05, rewards:-3.5664563179016113, queue:1.3367724418640137, delay:0.14418137073516846, throughput:4055
episode:73/250, real avg travel time:211.2589395807645
step:3600/3600, q_loss:3.1150985806663002e-06, rewards:-3.3933513164520264, queue:1.276719570159912, delay:0.13988327980041504, throughput:4054
episode:74/250, real avg travel time:210.07646768623582
step:3600/3600, q_loss:-1.6361986733196923e-06, rewards:-3.423048257827759, queue:1.2933862209320068, delay:0.1422523558139801, throughput:4075
episode:75/250, real avg travel time:209.5160736196319
Test step:75/250, travel time :204.68341956146836, rewards:-3.066147565841675, queue:1.2384920120239258, delay:0.13659553229808807, throughput:4059
New best TEST travel time 204.6834 at episode 75, saved as best checkpoint
step:3600/3600, q_loss:6.264382561009067e-06, rewards:-3.1059069633483887, queue:1.2251322269439697, delay:0.1377863734960556, throughput:4068
episode:76/250, real avg travel time:210.55580137659783
step:3600/3600, q_loss:3.6893619431389705e-06, rewards:-3.3041090965270996, queue:1.279894232749939, delay:0.14102350175380707, throughput:4066
episode:77/250, real avg travel time:208.46950319724544
step:3600/3600, q_loss:5.338042376226642e-05, rewards:-4.128194808959961, queue:1.4010581970214844, delay:0.1375061422586441, throughput:3998
episode:78/250, real avg travel time:213.54677338669336
step:3600/3600, q_loss:9.209581993572e-05, rewards:-4.311869144439697, queue:1.4612433910369873, delay:0.14337565004825592, throughput:4077
episode:79/250, real avg travel time:217.73853323522198
step:3600/3600, q_loss:1.5499239574031283e-05, rewards:-3.683206081390381, queue:1.3943121433258057, delay:0.14066541194915771, throughput:4048
episode:80/250, real avg travel time:218.8278162055336
Test step:80/250, travel time :214.85190688459633, rewards:-3.264228582382202, queue:1.2998677492141724, delay:0.13601207733154297, throughput:4038
step:3600/3600, q_loss:9.609380423272442e-06, rewards:-3.1378188133239746, queue:1.223280429840088, delay:0.13473017513751984, throughput:4039
episode:81/250, real avg travel time:211.4934389700421
step:3600/3600, q_loss:1.0638744020575864e-05, rewards:-3.2182273864746094, queue:1.2435184717178345, delay:0.13550689816474915, throughput:4072
episode:82/250, real avg travel time:209.88064833005893
step:3600/3600, q_loss:4.681849289530267e-06, rewards:-3.202885150909424, queue:1.2496031522750854, delay:0.13694140315055847, throughput:4055
episode:83/250, real avg travel time:209.63748458692973
step:3600/3600, q_loss:9.985008525998435e-05, rewards:-4.051180839538574, queue:1.4477512836456299, delay:0.1371854841709137, throughput:4049
episode:84/250, real avg travel time:225.94146702889603
step:3600/3600, q_loss:2.0173549516281733e-05, rewards:-3.3050081729888916, queue:1.2730158567428589, delay:0.13488227128982544, throughput:4052
episode:85/250, real avg travel time:211.8018262586377
Test step:85/250, travel time :248.87313621430377, rewards:-6.6222100257873535, queue:1.9339946508407593, delay:0.17821691930294037, throughput:3957
step:3600/3600, q_loss:9.16195389840545e-06, rewards:-3.499089241027832, queue:1.2896825075149536, delay:0.14120784401893616, throughput:4070
episode:86/250, real avg travel time:213.097542997543
step:3600/3600, q_loss:7.396136130005794e-05, rewards:-4.690010070800781, queue:1.487830638885498, delay:0.14935612678527832, throughput:4053
episode:87/250, real avg travel time:226.96866518628175
step:3600/3600, q_loss:1.2304023200865938e-05, rewards:-3.237494468688965, queue:1.2361111640930176, delay:0.13557952642440796, throughput:4055
episode:88/250, real avg travel time:211.94278668310727
step:3600/3600, q_loss:8.676817782947587e-05, rewards:-5.155925750732422, queue:1.5359787940979004, delay:0.1454615294933319, throughput:4042
episode:89/250, real avg travel time:211.52003958436418
step:3600/3600, q_loss:1.9488878024276344e-06, rewards:-3.2355692386627197, queue:1.233068823814392, delay:0.13513648509979248, throughput:4080
episode:90/250, real avg travel time:207.2941176470588
Test step:90/250, travel time :210.11490837048044, rewards:-3.4777352809906006, queue:1.3847883939743042, delay:0.1446010321378708, throughput:4038
step:3600/3600, q_loss:5.4803235090932705e-06, rewards:-3.177912712097168, queue:1.2564815282821655, delay:0.1341744065284729, throughput:4065
episode:91/250, real avg travel time:209.2610086100861
step:3600/3600, q_loss:4.735709363659327e-06, rewards:-3.1383273601531982, queue:1.2215608358383179, delay:0.13675308227539062, throughput:4076
episode:92/250, real avg travel time:207.0269872423945
step:3600/3600, q_loss:0.00014361217197599924, rewards:-5.282949924468994, queue:1.9136242866516113, delay:0.14130528271198273, throughput:3988
episode:93/250, real avg travel time:224.36208625877632
step:3600/3600, q_loss:0.000119017270763935, rewards:-4.51891565322876, queue:1.4751322269439697, delay:0.14371998608112335, throughput:4076
episode:94/250, real avg travel time:225.68792934249265
step:3600/3600, q_loss:9.137082290382952e-06, rewards:-3.197584629058838, queue:1.2354497909545898, delay:0.135103240609169, throughput:4066
episode:95/250, real avg travel time:205.64067879980325
Test step:95/250, travel time :202.39547466797836, rewards:-3.6111576557159424, queue:1.3365079164505005, delay:0.14732784032821655, throughput:4066
New best TEST travel time 202.3955 at episode 95, saved as best checkpoint
step:3600/3600, q_loss:4.933243730596991e-06, rewards:-3.126093626022339, queue:1.2164021730422974, delay:0.1355857402086258, throughput:4057
episode:96/250, real avg travel time:203.99950702489525
step:3600/3600, q_loss:5.6649073990734505e-06, rewards:-2.882451057434082, queue:1.1617724895477295, delay:0.13157805800437927, throughput:4072
episode:97/250, real avg travel time:202.90864440078585
step:3600/3600, q_loss:6.50497341767833e-06, rewards:-3.1241064071655273, queue:1.20291006565094, delay:0.13564398884773254, throughput:4075
episode:98/250, real avg travel time:203.38920245398774
step:3600/3600, q_loss:2.6674701883975004e-06, rewards:-3.101335048675537, queue:1.210714340209961, delay:0.13392390310764313, throughput:4067
episode:99/250, real avg travel time:201.99311531841653
step:3600/3600, q_loss:-1.4487786554834908e-06, rewards:-3.2030189037323, queue:1.2371692657470703, delay:0.13823094964027405, throughput:4070
episode:100/250, real avg travel time:204.3027027027027
Test step:100/250, travel time :220.77490589711417, rewards:-3.63431453704834, queue:1.3175926208496094, delay:0.14770162105560303, throughput:3985
step:3600/3600, q_loss:4.980199891077872e-06, rewards:-3.101755380630493, queue:1.1990740299224854, delay:0.136826291680336, throughput:4071
episode:101/250, real avg travel time:204.55711127487103
step:3600/3600, q_loss:-2.7048838092014195e-06, rewards:-3.176276922225952, queue:1.2103174924850464, delay:0.13537092506885529, throughput:4066
episode:102/250, real avg travel time:204.36104279390065
step:3600/3600, q_loss:8.857985206608039e-06, rewards:-3.4421050548553467, queue:1.2808201313018799, delay:0.1395087093114853, throughput:4071
episode:103/250, real avg travel time:207.74649963154016
step:3600/3600, q_loss:5.0101213370605064e-06, rewards:-2.8967902660369873, queue:1.161375641822815, delay:0.13293635845184326, throughput:4073
episode:104/250, real avg travel time:202.6560274981586
step:3600/3600, q_loss:-3.764325851483995e-06, rewards:-3.0684685707092285, queue:1.212830662727356, delay:0.1366972029209137, throughput:4067
episode:105/250, real avg travel time:203.76887140398327
Test step:105/250, travel time :212.50470297029702, rewards:-3.256793975830078, queue:1.340343952178955, delay:0.13948172330856323, throughput:4040
step:3600/3600, q_loss:3.424112057675504e-06, rewards:-3.1257894039154053, queue:1.2247354984283447, delay:0.1377730369567871, throughput:4071
episode:106/250, real avg travel time:201.96020633750922
step:3600/3600, q_loss:8.591094228904695e-07, rewards:-2.845428466796875, queue:1.1583333015441895, delay:0.13164058327674866, throughput:4071
episode:107/250, real avg travel time:201.57848194546796
step:3600/3600, q_loss:6.481534930773907e-06, rewards:-2.824789524078369, queue:1.1317460536956787, delay:0.13037285208702087, throughput:4074
episode:108/250, real avg travel time:200.4138438880707
step:3600/3600, q_loss:7.80282373145585e-06, rewards:-2.973900318145752, queue:1.1780422925949097, delay:0.13359613716602325, throughput:4071
episode:109/250, real avg travel time:202.20560058953575
step:3600/3600, q_loss:4.492756529038565e-06, rewards:-3.032599925994873, queue:1.180820107460022, delay:0.13336224853992462, throughput:4076
episode:110/250, real avg travel time:202.29048086359177
Test step:110/250, travel time :200.31958762886597, rewards:-2.805541753768921, queue:1.1428571939468384, delay:0.1362440139055252, throughput:4074
New best TEST travel time 200.3196 at episode 110, saved as best checkpoint
step:3600/3600, q_loss:-7.752827918415682e-08, rewards:-2.870704412460327, queue:1.1435185670852661, delay:0.1356123834848404, throughput:4064
episode:111/250, real avg travel time:200.51402559055117
step:3600/3600, q_loss:2.00017079300273e-05, rewards:-3.483808755874634, queue:1.2986772060394287, delay:0.1386292278766632, throughput:4064
episode:112/250, real avg travel time:216.45078740157481
step:3600/3600, q_loss:7.906526217185374e-06, rewards:-2.916473627090454, queue:1.1550264358520508, delay:0.1297525018453598, throughput:4072
episode:113/250, real avg travel time:202.60805500982318
step:3600/3600, q_loss:1.1342068238364946e-05, rewards:-2.9984662532806396, queue:1.1705026626586914, delay:0.13169094920158386, throughput:4075
episode:114/250, real avg travel time:204.93496932515336
step:3600/3600, q_loss:-1.2267989303735601e-06, rewards:-2.772453546524048, queue:1.1062169075012207, delay:0.1296224594116211, throughput:4077
episode:115/250, real avg travel time:204.47829286239883
Test step:115/250, travel time :235.533194480604, rewards:-4.116679668426514, queue:1.4705026149749756, delay:0.14692500233650208, throughput:3841
step:3600/3600, q_loss:9.952350026449291e-06, rewards:-3.053441286087036, queue:1.1794973611831665, delay:0.13339941203594208, throughput:4062
episode:116/250, real avg travel time:208.25135401280158
step:3600/3600, q_loss:1.154849895909946e-05, rewards:-3.1493899822235107, queue:1.197619080543518, delay:0.13264547288417816, throughput:4061
episode:117/250, real avg travel time:211.16473774932282
step:3600/3600, q_loss:2.8264707887299464e-05, rewards:-3.74176025390625, queue:1.3720899820327759, delay:0.14002428948879242, throughput:4071
episode:118/250, real avg travel time:231.22819945959225
step:3600/3600, q_loss:0.00011669330136404218, rewards:-4.324194431304932, queue:1.4332010746002197, delay:0.1372700184583664, throughput:4066
episode:119/250, real avg travel time:232.17437284800786
step:3600/3600, q_loss:1.0780920719197537e-05, rewards:-2.9819440841674805, queue:1.1369047164916992, delay:0.12948288023471832, throughput:4049
episode:120/250, real avg travel time:205.79328229192393
Test step:120/250, travel time :211.68793273986154, rewards:-3.0510976314544678, queue:1.2109788656234741, delay:0.13580811023712158, throughput:4044
step:3600/3600, q_loss:2.026185518641594e-05, rewards:-2.794355869293213, queue:1.1161376237869263, delay:0.13084423542022705, throughput:4077
episode:121/250, real avg travel time:201.87907775324993
step:3600/3600, q_loss:1.0765873836741472e-05, rewards:-2.7942962646484375, queue:1.112433910369873, delay:0.13062115013599396, throughput:4072
episode:122/250, real avg travel time:202.6421905697446
step:3600/3600, q_loss:9.971224018146232e-05, rewards:-3.9152512550354004, queue:1.3060846328735352, delay:0.13405866920948029, throughput:4075
episode:123/250, real avg travel time:218.11460122699387
step:3600/3600, q_loss:1.2969322172769656e-05, rewards:-2.897852897644043, queue:1.159523844718933, delay:0.13309448957443237, throughput:4077
episode:124/250, real avg travel time:204.98700024527838
step:3600/3600, q_loss:7.061053838697262e-06, rewards:-2.616495370864868, queue:1.0768518447875977, delay:0.12623777985572815, throughput:4072
episode:125/250, real avg travel time:202.69744597249507
Test step:125/250, travel time :208.50626381724393, rewards:-2.8667383193969727, queue:1.1972222328186035, delay:0.13672597706317902, throughput:4071
step:3600/3600, q_loss:2.703934365450146e-05, rewards:-3.2202258110046387, queue:1.2297619581222534, delay:0.13060423731803894, throughput:4066
episode:126/250, real avg travel time:210.3162813575996
step:3600/3600, q_loss:1.7601305686791116e-05, rewards:-3.299211025238037, queue:1.2797619104385376, delay:0.13744576275348663, throughput:3999
episode:127/250, real avg travel time:220.96849212303076
step:3600/3600, q_loss:0.0001953024129357396, rewards:-5.066059589385986, queue:1.5833333730697632, delay:0.1443479210138321, throughput:4070
episode:128/250, real avg travel time:239.84815724815724
step:3600/3600, q_loss:1.116507927589636e-05, rewards:-2.9313178062438965, queue:1.1633597612380981, delay:0.1333886831998825, throughput:4066
episode:129/250, real avg travel time:204.41662567634037
step:3600/3600, q_loss:8.976376597679013e-06, rewards:-2.8018553256988525, queue:1.1224868297576904, delay:0.13268771767616272, throughput:4065
episode:130/250, real avg travel time:205.30012300123002
Test step:130/250, travel time :230.56622082349855, rewards:-4.192636966705322, queue:1.5277777910232544, delay:0.14556558430194855, throughput:3813
step:3600/3600, q_loss:-3.3026970211519964e-07, rewards:-2.810302972793579, queue:1.1537036895751953, delay:0.13416031002998352, throughput:4066
episode:131/250, real avg travel time:209.42228234136743
step:3600/3600, q_loss:0.00014426958643727833, rewards:-5.131221294403076, queue:1.8646825551986694, delay:0.14406178891658783, throughput:3921
episode:132/250, real avg travel time:246.6044376434583
step:3600/3600, q_loss:9.219597915135739e-06, rewards:-3.035386085510254, queue:1.2096561193466187, delay:0.13409283757209778, throughput:4071
episode:133/250, real avg travel time:209.8337017931712
step:3600/3600, q_loss:2.8525467415521336e-06, rewards:-2.830246686935425, queue:1.1121692657470703, delay:0.12922750413417816, throughput:4073
episode:134/250, real avg travel time:209.33611588509697
step:3600/3600, q_loss:6.026967376884487e-06, rewards:-2.821683645248413, queue:1.1170635223388672, delay:0.12763381004333496, throughput:4051
episode:135/250, real avg travel time:213.7519131078746
Test step:135/250, travel time :211.10874938210577, rewards:-2.8640682697296143, queue:1.1476190090179443, delay:0.13168300688266754, throughput:4046
step:3600/3600, q_loss:1.3913801416897008e-05, rewards:-3.0268378257751465, queue:1.2256613969802856, delay:0.13327594101428986, throughput:4062
episode:136/250, real avg travel time:210.36656819300836
step:3600/3600, q_loss:5.091537115933736e-05, rewards:-3.8166165351867676, queue:1.350000023841858, delay:0.1405792087316513, throughput:4049
episode:137/250, real avg travel time:230.95529760434675
step:3600/3600, q_loss:7.927490635969055e-06, rewards:-3.008721351623535, queue:1.1666666269302368, delay:0.1318754404783249, throughput:4064
episode:138/250, real avg travel time:208.8550688976378
step:3600/3600, q_loss:3.17862379435812e-06, rewards:-2.9263274669647217, queue:1.150925874710083, delay:0.13192689418792725, throughput:4075
episode:139/250, real avg travel time:206.12515337423312
step:3600/3600, q_loss:8.197948854002688e-06, rewards:-3.1063077449798584, queue:1.1761904954910278, delay:0.13478641211986542, throughput:4069
episode:140/250, real avg travel time:212.67854509707544
Test step:140/250, travel time :224.09958097116095, rewards:-3.952913999557495, queue:1.3548941612243652, delay:0.14487257599830627, throughput:4057
step:3600/3600, q_loss:1.4561276556277233e-05, rewards:-2.904900074005127, queue:1.140211582183838, delay:0.13105498254299164, throughput:4074
episode:141/250, real avg travel time:207.0375552282769
step:3600/3600, q_loss:8.722227398215586e-06, rewards:-2.8174071311950684, queue:1.1248676776885986, delay:0.13110308349132538, throughput:4069
episode:142/250, real avg travel time:205.39788645858934
step:3600/3600, q_loss:5.5078033821903066e-05, rewards:-3.889716863632202, queue:1.3167989253997803, delay:0.13692960143089294, throughput:4069
episode:143/250, real avg travel time:219.13590562791842
step:3600/3600, q_loss:1.0551920018365813e-05, rewards:-2.9835011959075928, queue:1.1615079641342163, delay:0.13309702277183533, throughput:4068
episode:144/250, real avg travel time:214.4636184857424
step:3600/3600, q_loss:-1.7686327434300134e-06, rewards:-2.8211591243743896, queue:1.1382274627685547, delay:0.13025185465812683, throughput:4070
episode:145/250, real avg travel time:205.28378378378378
Test step:145/250, travel time :225.49578582052553, rewards:-3.099897861480713, queue:1.1878306865692139, delay:0.13422571122646332, throughput:4034
step:3600/3600, q_loss:0.0001278070117728526, rewards:-4.694783687591553, queue:1.5224868059158325, delay:0.14223743975162506, throughput:3919
episode:146/250, real avg travel time:232.58356723653992
step:3600/3600, q_loss:3.0624064432534696e-05, rewards:-3.5480034351348877, queue:1.3018518686294556, delay:0.13747674226760864, throughput:4045
episode:147/250, real avg travel time:220.85414091470952
step:3600/3600, q_loss:4.466504873966591e-06, rewards:-2.899179697036743, queue:1.1629629135131836, delay:0.1334235668182373, throughput:4068
episode:148/250, real avg travel time:218.26622418879057
step:3600/3600, q_loss:8.289703570577937e-06, rewards:-2.800445556640625, queue:1.1275131702423096, delay:0.13105592131614685, throughput:4069
episode:149/250, real avg travel time:207.13074465470632
step:3600/3600, q_loss:2.0740727874605604e-05, rewards:-3.0618958473205566, queue:1.2007936239242554, delay:0.13468873500823975, throughput:4064
episode:150/250, real avg travel time:212.18061023622047
Test step:150/250, travel time :228.60718837624268, rewards:-3.7492499351501465, queue:1.3903439044952393, delay:0.14315995573997498, throughput:3923
step:3600/3600, q_loss:1.249692872483542e-05, rewards:-2.7626099586486816, queue:1.1226190328598022, delay:0.13089054822921753, throughput:4073
episode:151/250, real avg travel time:207.48097225632213
step:3600/3600, q_loss:6.333641536507963e-05, rewards:-3.6804280281066895, queue:1.261640191078186, delay:0.1327981948852539, throughput:4076
episode:152/250, real avg travel time:229.33218842001963
step:3600/3600, q_loss:5.806942661163501e-06, rewards:-2.93733549118042, queue:1.1466931104660034, delay:0.13116826117038727, throughput:4058
episode:153/250, real avg travel time:213.27082306554954
step:3600/3600, q_loss:7.735356246282916e-05, rewards:-3.623028516769409, queue:1.288095235824585, delay:0.13048991560935974, throughput:4054
episode:154/250, real avg travel time:217.53305377405033
step:3600/3600, q_loss:1.917183314314267e-05, rewards:-3.2136168479919434, queue:1.2428570985794067, delay:0.13245035707950592, throughput:4063
episode:155/250, real avg travel time:220.5978341127246
Test step:155/250, travel time :206.3909626719057, rewards:-3.1734981536865234, queue:1.1878306865692139, delay:0.1414768546819687, throughput:4072
step:3600/3600, q_loss:1.1616354984451189e-05, rewards:-2.70055890083313, queue:1.1006613969802856, delay:0.1282196193933487, throughput:4077
episode:156/250, real avg travel time:201.7561932793721
step:3600/3600, q_loss:1.203938615314352e-05, rewards:-2.675665855407715, queue:1.0507936477661133, delay:0.12477614730596542, throughput:4072
episode:157/250, real avg travel time:201.22937131630647
step:3600/3600, q_loss:6.387608340850824e-06, rewards:-2.9054741859436035, queue:1.1208994388580322, delay:0.13088062405586243, throughput:4063
episode:158/250, real avg travel time:206.02092050209205
step:3600/3600, q_loss:5.743879187826274e-06, rewards:-2.8528356552124023, queue:1.1288360357284546, delay:0.13113248348236084, throughput:4073
episode:159/250, real avg travel time:206.46795973483918
step:3600/3600, q_loss:7.920008849598363e-06, rewards:-2.606740713119507, queue:1.0550264120101929, delay:0.12491384148597717, throughput:4060
episode:160/250, real avg travel time:201.58497536945814
Test step:160/250, travel time :208.17949975478174, rewards:-2.728661060333252, queue:1.0820106267929077, delay:0.13190490007400513, throughput:4078
step:3600/3600, q_loss:1.1714915065870931e-05, rewards:-2.9562039375305176, queue:1.1480158567428589, delay:0.12930260598659515, throughput:4069
episode:161/250, real avg travel time:209.66453674121405
step:3600/3600, q_loss:1.0740779948213863e-06, rewards:-2.8563618659973145, queue:1.1173280477523804, delay:0.13179920613765717, throughput:4071
episode:162/250, real avg travel time:211.0560058953574
step:3600/3600, q_loss:7.627706185707615e-06, rewards:-2.8626599311828613, queue:1.1701058149337769, delay:0.12978608906269073, throughput:4073
episode:163/250, real avg travel time:205.25804075619936
step:3600/3600, q_loss:3.734385730543484e-06, rewards:-2.7104554176330566, queue:1.089550256729126, delay:0.12714943289756775, throughput:4081
episode:164/250, real avg travel time:202.27958833619212
step:3600/3600, q_loss:6.078682781662792e-06, rewards:-2.8610527515411377, queue:1.102910041809082, delay:0.1267073005437851, throughput:4071
episode:165/250, real avg travel time:204.34143944976665
Test step:165/250, travel time :213.18251043969542, rewards:-3.066568374633789, queue:1.1809524297714233, delay:0.14086630940437317, throughput:4071
step:3600/3600, q_loss:2.5141683888957938e-06, rewards:-2.7492940425872803, queue:1.1092592477798462, delay:0.12856782972812653, throughput:4067
episode:166/250, real avg travel time:207.94934841406442
step:3600/3600, q_loss:4.345415881188172e-06, rewards:-2.5319268703460693, queue:1.0313491821289062, delay:0.12302383035421371, throughput:4064
episode:167/250, real avg travel time:202.84424212598427
step:3600/3600, q_loss:1.391018712537415e-05, rewards:-2.6448440551757812, queue:1.067460298538208, delay:0.1280812919139862, throughput:4073
episode:168/250, real avg travel time:202.5050331451019
step:3600/3600, q_loss:1.1400109441536996e-06, rewards:-2.6890296936035156, queue:1.085714340209961, delay:0.13004939258098602, throughput:4075
episode:169/250, real avg travel time:202.41349693251533
step:3600/3600, q_loss:6.3084573210087705e-06, rewards:-2.774118423461914, queue:1.0943121910095215, delay:0.12773944437503815, throughput:4077
episode:170/250, real avg travel time:207.18346823644836
Test step:170/250, travel time :227.51445382450754, rewards:-3.79950213432312, queue:1.4153438806533813, delay:0.14144331216812134, throughput:3909
step:3600/3600, q_loss:1.4037055411285514e-05, rewards:-2.8658039569854736, queue:1.1378307342529297, delay:0.13108642399311066, throughput:4073
episode:171/250, real avg travel time:208.86864718880432
step:3600/3600, q_loss:3.43383103932461e-06, rewards:-2.7221853733062744, queue:1.0871692895889282, delay:0.12819862365722656, throughput:4058
episode:172/250, real avg travel time:207.14218827008378
step:3600/3600, q_loss:9.251936919301645e-06, rewards:-2.617372989654541, queue:1.0456348657608032, delay:0.12469489872455597, throughput:4062
episode:173/250, real avg travel time:202.9357459379616
step:3600/3600, q_loss:2.922632916629987e-05, rewards:-3.376296281814575, queue:1.291005253791809, delay:0.13414864242076874, throughput:3917
episode:174/250, real avg travel time:220.24917028338012
step:3600/3600, q_loss:9.285264887795267e-06, rewards:-2.758193254470825, queue:1.108201026916504, delay:0.1282154768705368, throughput:4074
episode:175/250, real avg travel time:202.873588610702
Test step:175/250, travel time :205.10424901185772, rewards:-2.784006357192993, queue:1.1298941373825073, delay:0.1325908750295639, throughput:4048
step:3600/3600, q_loss:8.792500496686747e-06, rewards:-2.777930736541748, queue:1.1037037372589111, delay:0.12883011996746063, throughput:4079
episode:176/250, real avg travel time:204.26575140965923
step:3600/3600, q_loss:1.041853409131161e-05, rewards:-2.7009565830230713, queue:1.0756614208221436, delay:0.12777136266231537, throughput:4078
episode:177/250, real avg travel time:203.7047572339382
step:3600/3600, q_loss:6.691556862076848e-06, rewards:-2.928541421890259, queue:1.0989418029785156, delay:0.1288711279630661, throughput:4069
episode:178/250, real avg travel time:203.4180388301794
step:3600/3600, q_loss:5.3353109251474965e-06, rewards:-2.6580653190612793, queue:1.0626983642578125, delay:0.12492209672927856, throughput:4069
episode:179/250, real avg travel time:200.56819857458837
step:3600/3600, q_loss:-2.2257316029734082e-07, rewards:-2.652310848236084, queue:1.0571428537368774, delay:0.12620343267917633, throughput:4058
episode:180/250, real avg travel time:200.5744208969936
Test step:180/250, travel time :209.12694877505567, rewards:-2.7933077812194824, queue:1.0875661373138428, delay:0.1281290203332901, throughput:4041
step:3600/3600, q_loss:-4.608265104858825e-06, rewards:-2.7563233375549316, queue:1.0804232358932495, delay:0.1248064637184143, throughput:4069
episode:181/250, real avg travel time:206.59646104694028
step:3600/3600, q_loss:4.795061330595571e-06, rewards:-2.744978904724121, queue:1.068386197090149, delay:0.12724800407886505, throughput:4065
episode:182/250, real avg travel time:203.43419434194342
step:3600/3600, q_loss:7.91887966139863e-06, rewards:-2.8546760082244873, queue:1.1166666746139526, delay:0.1305272877216339, throughput:4066
episode:183/250, real avg travel time:204.93089030988688
step:3600/3600, q_loss:1.2653203844416162e-05, rewards:-2.827345848083496, queue:1.108068823814392, delay:0.12993134558200836, throughput:4067
episode:184/250, real avg travel time:201.38037865748709
step:3600/3600, q_loss:4.6008820411063626e-05, rewards:-3.205554962158203, queue:1.3461639881134033, delay:0.1285121887922287, throughput:4023
episode:185/250, real avg travel time:203.22719363658962
Test step:185/250, travel time :208.97447335811648, rewards:-2.650352954864502, queue:1.0681216716766357, delay:0.12905998528003693, throughput:4035
step:3600/3600, q_loss:7.465667537568758e-06, rewards:-2.675750494003296, queue:1.0661375522613525, delay:0.12466593086719513, throughput:4072
episode:186/250, real avg travel time:203.44670923379175
step:3600/3600, q_loss:2.7865563161968666e-05, rewards:-3.4392549991607666, queue:1.2972222566604614, delay:0.1347312033176422, throughput:4064
episode:187/250, real avg travel time:231.76624015748033
step:3600/3600, q_loss:1.5059229917824269e-05, rewards:-2.5789389610290527, queue:1.0574073791503906, delay:0.1269848346710205, throughput:4078
episode:188/250, real avg travel time:201.59931338891613
step:3600/3600, q_loss:7.626613296451978e-06, rewards:-2.932511329650879, queue:1.1502645015716553, delay:0.1314588487148285, throughput:4065
episode:189/250, real avg travel time:210.59557195571955
step:3600/3600, q_loss:1.2772619811585172e-06, rewards:-2.50771427154541, queue:1.0626983642578125, delay:0.12664605677127838, throughput:4076
episode:190/250, real avg travel time:202.43694798822375
Test step:190/250, travel time :231.28535856573706, rewards:-3.517402172088623, queue:1.305820107460022, delay:0.13523729145526886, throughput:4016
step:3600/3600, q_loss:5.870314998901449e-06, rewards:-2.666105031967163, queue:1.0789682865142822, delay:0.1292756199836731, throughput:4071
episode:191/250, real avg travel time:201.2930483910587
step:3600/3600, q_loss:3.6448138255056824e-05, rewards:-3.3377723693847656, queue:1.2657407522201538, delay:0.13357064127922058, throughput:3957
episode:192/250, real avg travel time:219.01971190295677
step:3600/3600, q_loss:4.365868759729589e-06, rewards:-2.6107678413391113, queue:1.0719577074050903, delay:0.12768319249153137, throughput:4073
episode:193/250, real avg travel time:205.79818315737785
step:3600/3600, q_loss:-1.6060662245662469e-06, rewards:-2.524367094039917, queue:1.0374338626861572, delay:0.1257372498512268, throughput:4077
episode:194/250, real avg travel time:205.9646799116998
step:3600/3600, q_loss:-1.603861811519083e-06, rewards:-2.664257049560547, queue:1.0850529670715332, delay:0.12736080586910248, throughput:4075
episode:195/250, real avg travel time:202.73349693251535
Test step:195/250, travel time :218.0205394704281, rewards:-2.8666141033172607, queue:1.1558201313018799, delay:0.13340502977371216, throughput:4041
step:3600/3600, q_loss:1.6500582003370963e-06, rewards:-2.5724713802337646, queue:1.070899486541748, delay:0.12863902747631073, throughput:4071
episode:196/250, real avg travel time:200.59837877671333
step:3600/3600, q_loss:6.095570889657312e-05, rewards:-3.613887310028076, queue:1.2559523582458496, delay:0.12932834029197693, throughput:4065
episode:197/250, real avg travel time:219.02632226322262
step:3600/3600, q_loss:4.4678247124668105e-06, rewards:-2.837226390838623, queue:1.1297619342803955, delay:0.12953265011310577, throughput:4060
episode:198/250, real avg travel time:206.95689655172413
step:3600/3600, q_loss:1.017555682159986e-05, rewards:-2.413552761077881, queue:0.9978836178779602, delay:0.12399345636367798, throughput:4073
episode:199/250, real avg travel time:201.38865700957524
step:3600/3600, q_loss:4.162324775178503e-06, rewards:-2.660590648651123, queue:1.0612434148788452, delay:0.12818951904773712, throughput:4075
episode:200/250, real avg travel time:200.799263803681
Test step:200/250, travel time :206.44671928959053, rewards:-2.5696163177490234, queue:1.0838624238967896, delay:0.1317165493965149, throughput:4054
step:3600/3600, q_loss:5.2151418559434305e-06, rewards:-2.522700786590576, queue:1.0198413133621216, delay:0.12413614243268967, throughput:4066
episode:201/250, real avg travel time:203.340383669454
step:3600/3600, q_loss:6.769959064614442e-06, rewards:-2.862683057785034, queue:1.1113756895065308, delay:0.12936247885227203, throughput:4067
episode:202/250, real avg travel time:204.83452176051142
step:3600/3600, q_loss:7.621121605754727e-06, rewards:-2.644218683242798, queue:1.0642857551574707, delay:0.12692712247371674, throughput:4071
episode:203/250, real avg travel time:203.9000245639892
step:3600/3600, q_loss:3.647336941665142e-05, rewards:-3.1448137760162354, queue:1.1589946746826172, delay:0.13087120652198792, throughput:4067
episode:204/250, real avg travel time:208.8281288418982
step:3600/3600, q_loss:4.305900236229516e-06, rewards:-2.659701108932495, queue:1.0576719045639038, delay:0.12697051465511322, throughput:4073
episode:205/250, real avg travel time:209.68426221458384
Test step:205/250, travel time :219.18799407114625, rewards:-2.7031829357147217, queue:1.0695767402648926, delay:0.12698379158973694, throughput:4048
step:3600/3600, q_loss:9.93318196075658e-06, rewards:-2.9599802494049072, queue:1.1292327642440796, delay:0.12985946238040924, throughput:4063
episode:206/250, real avg travel time:211.5796209697268
step:3600/3600, q_loss:8.417913906871238e-07, rewards:-2.568765640258789, queue:1.064814805984497, delay:0.12823660671710968, throughput:4067
episode:207/250, real avg travel time:203.8005901155643
step:3600/3600, q_loss:3.318867521658022e-05, rewards:-3.1177279949188232, queue:1.2103174924850464, delay:0.13145561516284943, throughput:4075
episode:208/250, real avg travel time:214.64834355828222
step:3600/3600, q_loss:9.66737283710649e-06, rewards:-2.964282512664795, queue:1.1341270208358765, delay:0.12906068563461304, throughput:4075
episode:209/250, real avg travel time:206.71067484662578
step:3600/3600, q_loss:7.553697246799452e-06, rewards:-2.821220636367798, queue:1.0900793075561523, delay:0.12667590379714966, throughput:4055
episode:210/250, real avg travel time:206.47053020961775
Test step:210/250, travel time :212.68214197985753, rewards:-2.9022915363311768, queue:1.095634937286377, delay:0.1261400431394577, throughput:4071
step:3600/3600, q_loss:1.7331482174793362e-05, rewards:-2.9007158279418945, queue:1.1306878328323364, delay:0.12797991931438446, throughput:4061
episode:211/250, real avg travel time:208.09677419354838
step:3600/3600, q_loss:6.984223202582345e-06, rewards:-3.068300485610962, queue:1.1535714864730835, delay:0.13164502382278442, throughput:4067
episode:212/250, real avg travel time:215.40422916154412
step:3600/3600, q_loss:1.4105366446731044e-05, rewards:-2.6219635009765625, queue:1.0591269731521606, delay:0.12724284827709198, throughput:4073
episode:213/250, real avg travel time:203.69334642769456
step:3600/3600, q_loss:1.7108795307447306e-05, rewards:-2.79679799079895, queue:1.0731481313705444, delay:0.1269364356994629, throughput:4063
episode:214/250, real avg travel time:204.8958897366478
step:3600/3600, q_loss:1.3678845829821915e-05, rewards:-2.8696858882904053, queue:1.1140211820602417, delay:0.1283654123544693, throughput:4060
episode:215/250, real avg travel time:208.4758620689655
Test step:215/250, travel time :214.1920119077152, rewards:-2.848281145095825, queue:1.1003968715667725, delay:0.12985700368881226, throughput:4031
step:3600/3600, q_loss:1.0940021093119867e-05, rewards:-3.177224636077881, queue:1.177380919456482, delay:0.13141295313835144, throughput:4071
episode:216/250, real avg travel time:213.60329157455172
step:3600/3600, q_loss:2.0130430453314654e-05, rewards:-2.887526512145996, queue:1.108068823814392, delay:0.12980903685092926, throughput:4059
episode:217/250, real avg travel time:209.31608770633161
step:3600/3600, q_loss:1.760419492913772e-05, rewards:-2.949139356613159, queue:1.1362433433532715, delay:0.12876373529434204, throughput:4071
episode:218/250, real avg travel time:207.00957995578483
step:3600/3600, q_loss:7.940671255508075e-06, rewards:-2.7809743881225586, queue:1.0925925970077515, delay:0.12420809268951416, throughput:4061
episode:219/250, real avg travel time:204.9096281704014
step:3600/3600, q_loss:1.4251028187572955e-05, rewards:-2.966379404067993, queue:1.1051586866378784, delay:0.12570323050022125, throughput:4066
episode:220/250, real avg travel time:211.83349729463848
Test step:220/250, travel time :224.76458333333332, rewards:-3.8485989570617676, queue:1.337830662727356, delay:0.1312941461801529, throughput:3840
step:3600/3600, q_loss:1.5448105760798274e-05, rewards:-2.945798635482788, queue:1.1367725133895874, delay:0.12901240587234497, throughput:4068
episode:221/250, real avg travel time:209.74508357915437
step:3600/3600, q_loss:2.3165647507994436e-05, rewards:-3.3061106204986572, queue:1.1964285373687744, delay:0.12931160628795624, throughput:4041
episode:222/250, real avg travel time:221.3323434793368
step:3600/3600, q_loss:1.4348737547859653e-05, rewards:-2.8245770931243896, queue:1.091269850730896, delay:0.1284666359424591, throughput:4067
episode:223/250, real avg travel time:206.41898205065158
step:3600/3600, q_loss:2.784270460930808e-05, rewards:-2.9870219230651855, queue:1.1358466148376465, delay:0.12687401473522186, throughput:4055
episode:224/250, real avg travel time:211.17558569667077
step:3600/3600, q_loss:1.2999605153001742e-05, rewards:-3.0822224617004395, queue:1.144444465637207, delay:0.1286623328924179, throughput:4064
episode:225/250, real avg travel time:209.48056102362204
Test step:225/250, travel time :238.649974052932, rewards:-3.6754415035247803, queue:1.3111110925674438, delay:0.13478264212608337, throughput:3854
step:3600/3600, q_loss:1.3602344875430895e-05, rewards:-2.9474148750305176, queue:1.09246027469635, delay:0.12792634963989258, throughput:4072
episode:226/250, real avg travel time:209.87598231827113
step:3600/3600, q_loss:2.0361797295562508e-05, rewards:-2.9589619636535645, queue:1.1214286088943481, delay:0.12716098129749298, throughput:4073
episode:227/250, real avg travel time:211.2644242573042
step:3600/3600, q_loss:5.125046461924082e-06, rewards:-2.919847249984741, queue:1.1047619581222534, delay:0.1282890886068344, throughput:4070
episode:228/250, real avg travel time:209.87567567567567
step:3600/3600, q_loss:1.10468939965358e-05, rewards:-2.9012506008148193, queue:1.0875661373138428, delay:0.12562498450279236, throughput:4063
episode:229/250, real avg travel time:212.11297071129707
step:3600/3600, q_loss:8.59327066993703e-06, rewards:-2.883221387863159, queue:1.0989418029785156, delay:0.12638457119464874, throughput:4056
episode:230/250, real avg travel time:207.37697238658777
Test step:230/250, travel time :207.95112317946186, rewards:-2.7900283336639404, queue:1.0802910327911377, delay:0.13163724541664124, throughput:4051
step:3600/3600, q_loss:9.757799974371058e-06, rewards:-2.7641146183013916, queue:1.0559524297714233, delay:0.12487716972827911, throughput:4058
episode:231/250, real avg travel time:210.63109906357812
step:3600/3600, q_loss:6.8341663184886175e-06, rewards:-2.739598512649536, queue:1.0546296834945679, delay:0.12811866402626038, throughput:4064
episode:232/250, real avg travel time:207.3978838582677
step:3600/3600, q_loss:1.8608300565069336e-05, rewards:-2.6781911849975586, queue:1.059259295463562, delay:0.12801499664783478, throughput:4064
episode:233/250, real avg travel time:206.63016732283464
step:3600/3600, q_loss:2.0840713235277995e-05, rewards:-2.9475576877593994, queue:1.0945767164230347, delay:0.12755846977233887, throughput:4073
episode:234/250, real avg travel time:207.73140191505033
step:3600/3600, q_loss:1.1135847024787734e-05, rewards:-2.6265759468078613, queue:1.0374338626861572, delay:0.1273038238286972, throughput:4076
episode:235/250, real avg travel time:206.97350343473994
Test step:235/250, travel time :203.4996315401621, rewards:-2.435415029525757, queue:1.0035713911056519, delay:0.12263365834951401, throughput:4071
step:3600/3600, q_loss:9.574698964974636e-06, rewards:-2.8358564376831055, queue:1.1105819940567017, delay:0.12881411612033844, throughput:4074
episode:236/250, real avg travel time:211.46686303387335
step:3600/3600, q_loss:9.539059101371095e-06, rewards:-2.7252299785614014, queue:1.0716930627822876, delay:0.12718477845191956, throughput:4060
episode:237/250, real avg travel time:203.00812807881775
step:3600/3600, q_loss:2.8387077489039965e-06, rewards:-2.759809732437134, queue:1.043254017829895, delay:0.12308426946401596, throughput:4067
episode:238/250, real avg travel time:206.1883452176051
step:3600/3600, q_loss:6.034804674628604e-06, rewards:-2.680964231491089, queue:1.0510581731796265, delay:0.12468389421701431, throughput:4049
episode:239/250, real avg travel time:206.2501852309212
step:3600/3600, q_loss:6.846818097175047e-06, rewards:-2.724635601043701, queue:1.0550264120101929, delay:0.12649808824062347, throughput:4059
episode:240/250, real avg travel time:207.31263858093126
Test step:240/250, travel time :210.41304347826087, rewards:-2.714303493499756, queue:1.0687830448150635, delay:0.1262798309326172, throughput:4048
step:3600/3600, q_loss:8.68789829837624e-06, rewards:-2.563680648803711, queue:1.0257936716079712, delay:0.12496891617774963, throughput:4050
episode:241/250, real avg travel time:204.8283950617284
step:3600/3600, q_loss:8.48283503728453e-05, rewards:-3.4078195095062256, queue:1.25, delay:0.12964077293872833, throughput:4066
episode:242/250, real avg travel time:216.6217412690605
step:3600/3600, q_loss:-1.706408006106762e-06, rewards:-2.5923898220062256, queue:1.0322750806808472, delay:0.12637290358543396, throughput:4079
episode:243/250, real avg travel time:205.5273351311596
step:3600/3600, q_loss:5.338795745046809e-06, rewards:-2.554644823074341, queue:1.016005277633667, delay:0.12133657932281494, throughput:4068
episode:244/250, real avg travel time:208.6047197640118
step:3600/3600, q_loss:1.5113287311881625e-05, rewards:-2.532029151916504, queue:1.0280423164367676, delay:0.12557914853096008, throughput:4072
episode:245/250, real avg travel time:203.01424361493125
Test step:245/250, travel time :218.43235877106045, rewards:-2.9923882484436035, queue:1.1365079879760742, delay:0.12755580246448517, throughput:4036
step:3600/3600, q_loss:3.791951611573394e-06, rewards:-2.660771608352661, queue:1.0382275581359863, delay:0.1247827336192131, throughput:4058
episode:246/250, real avg travel time:207.14810251355348
step:3600/3600, q_loss:1.0433612624183297e-05, rewards:-2.8076021671295166, queue:1.0576719045639038, delay:0.12462277710437775, throughput:4060
episode:247/250, real avg travel time:212.69679802955665
step:3600/3600, q_loss:4.318768050224106e-06, rewards:-2.6038169860839844, queue:1.0339946746826172, delay:0.12449638545513153, throughput:4073
episode:248/250, real avg travel time:204.9508961453474
step:3600/3600, q_loss:6.049898204057374e-06, rewards:-2.506892204284668, queue:0.9927248954772949, delay:0.12386152148246765, throughput:4064
episode:249/250, real avg travel time:204.59596456692913
Hyperparameters saved to: data/output_data/tsc/sumo_hyperlight_mappo/sumo1x21/struct_sumo1x21_seed3/hyperparameters.json
Loaded best checkpoint for final evaluation
Final Travel Time is 200.3196, mean rewards: -2.8055, queue: 1.1429, delay: 0.1362, throughput: 4074
Total time taken: 12102.91813826561
