structural conditioning spec: structural_v1:out_lane_count,in_degree,out_degree,neighbor_count,phase_count,startlane_count,lanes_per_in_road,lanes_per_out_road,out_in_lane_ratio
structural features (min/mean/max): out_lane_count[3/5.10/8] in_degree[3/3.19/4] out_degree[2/3.24/4] neighbor_count[0/0.38/2] phase_count[2/3.19/4] startlane_count[4/7.43/14] lanes_per_in_road[1.33333/2.33/4] lanes_per_out_road[1/1.59/2.33333] out_in_lane_ratio[0.5/0.70/1]
step:3600/3600, q_loss:0.00023775841303480167, rewards:-11.889805793762207, queue:3.668518543243408, delay:0.2180987000465393, throughput:3865
episode:0/250, real avg travel time:310.4012936610608
Test step:0/250, travel time :597.7213836477987, rewards:-39.90880584716797, queue:11.676719665527344, delay:0.36350759863853455, throughput:1590
New best TEST travel time 597.7214 at episode 0, saved as best checkpoint
step:3600/3600, q_loss:0.00023363096099476225, rewards:-11.396156311035156, queue:3.446693181991577, delay:0.21602404117584229, throughput:4000
episode:1/250, real avg travel time:295.1625
step:3600/3600, q_loss:0.00018518362323650055, rewards:-10.22719955444336, queue:3.2699735164642334, delay:0.20056088268756866, throughput:3884
episode:2/250, real avg travel time:302.8213182286303
step:3600/3600, q_loss:0.00020334368131847845, rewards:-10.633905410766602, queue:3.316005229949951, delay:0.20148803293704987, throughput:3974
episode:3/250, real avg travel time:287.64695520885755
step:3600/3600, q_loss:0.00019034245762870544, rewards:-9.694238662719727, queue:3.0089948177337646, delay:0.19667895138263702, throughput:3939
episode:4/250, real avg travel time:307.4102564102564
step:3600/3600, q_loss:0.00018074472706454495, rewards:-8.96210765838623, queue:2.766402006149292, delay:0.18629729747772217, throughput:3894
episode:5/250, real avg travel time:297.68130457113506
Test step:5/250, travel time :251.95962490231832, rewards:-8.014278411865234, queue:2.8736772537231445, delay:0.1718371957540512, throughput:3839
New best TEST travel time 251.9596 at episode 5, saved as best checkpoint
step:3600/3600, q_loss:7.352178913101347e-05, rewards:-7.496874809265137, queue:2.4380953311920166, delay:0.17737527191638947, throughput:3979
episode:6/250, real avg travel time:254.33500879617995
step:3600/3600, q_loss:2.0350593937716138e-05, rewards:-6.389096260070801, queue:2.1420633792877197, delay:0.17404496669769287, throughput:4038
episode:7/250, real avg travel time:254.60178306092124
step:3600/3600, q_loss:4.444729937757883e-05, rewards:-6.871779918670654, queue:2.330423355102539, delay:0.1730068176984787, throughput:3989
episode:8/250, real avg travel time:267.6979192780145
step:3600/3600, q_loss:2.9795596330788815e-05, rewards:-6.3320746421813965, queue:2.218783140182495, delay:0.16372071206569672, throughput:3967
episode:9/250, real avg travel time:261.45928913536676
step:3600/3600, q_loss:2.7110089528529595e-05, rewards:-6.253530025482178, queue:2.11388897895813, delay:0.1656610071659088, throughput:4035
episode:10/250, real avg travel time:244.49318463444857
Test step:10/250, travel time :251.95962490231832, rewards:-8.014278411865234, queue:2.8736772537231445, delay:0.1718371957540512, throughput:3839
step:3600/3600, q_loss:2.402592524756781e-05, rewards:-6.162456035614014, queue:2.1216931343078613, delay:0.160795658826828, throughput:4034
episode:11/250, real avg travel time:252.12146752602877
step:3600/3600, q_loss:2.6184753126775227e-05, rewards:-6.305013179779053, queue:2.249206304550171, delay:0.1660342961549759, throughput:4016
episode:12/250, real avg travel time:264.35607569721117
step:3600/3600, q_loss:3.3702564865557686e-05, rewards:-6.598753452301025, queue:2.2589948177337646, delay:0.16322527825832367, throughput:3977
episode:13/250, real avg travel time:257.8805632386221
step:3600/3600, q_loss:3.718871076772403e-05, rewards:-6.075870990753174, queue:2.1354496479034424, delay:0.16395147144794464, throughput:3975
episode:14/250, real avg travel time:252.34188679245284
step:3600/3600, q_loss:4.063388559087697e-05, rewards:-5.966797351837158, queue:2.0382275581359863, delay:0.16602084040641785, throughput:4033
episode:15/250, real avg travel time:248.1837341929085
Test step:15/250, travel time :251.95962490231832, rewards:-8.014278411865234, queue:2.8736772537231445, delay:0.1718371957540512, throughput:3839
step:3600/3600, q_loss:9.862082030546541e-05, rewards:-6.592343330383301, queue:2.1243386268615723, delay:0.16545897722244263, throughput:4010
episode:16/250, real avg travel time:251.08778054862842
step:3600/3600, q_loss:4.0487444655607555e-05, rewards:-5.742800712585449, queue:2.010714292526245, delay:0.1643950492143631, throughput:4032
episode:17/250, real avg travel time:241.66592261904762
step:3600/3600, q_loss:6.115504559905579e-05, rewards:-6.51279354095459, queue:2.2376983165740967, delay:0.16505293548107147, throughput:4020
episode:18/250, real avg travel time:257.00572139303483
step:3600/3600, q_loss:5.773274331457085e-05, rewards:-6.234234809875488, queue:2.112830638885498, delay:0.16498328745365143, throughput:4024
episode:19/250, real avg travel time:241.9550198807157
step:3600/3600, q_loss:3.5016015236679877e-05, rewards:-5.385011672973633, queue:1.9033068418502808, delay:0.15545809268951416, throughput:4024
episode:20/250, real avg travel time:239.2713717693837
Test step:20/250, travel time :250.71872551580046, rewards:-8.046167373657227, queue:2.8820106983184814, delay:0.1717718541622162, throughput:3829
New best TEST travel time 250.7187 at episode 20, saved as best checkpoint
step:3600/3600, q_loss:2.6197853569303536e-05, rewards:-5.553131580352783, queue:1.9367724657058716, delay:0.15932731330394745, throughput:4023
episode:21/250, real avg travel time:251.23092219736515
step:3600/3600, q_loss:2.3606394339973728e-05, rewards:-4.9667277336120605, queue:1.8294973373413086, delay:0.15755629539489746, throughput:4056
episode:22/250, real avg travel time:243.00197238658777
step:3600/3600, q_loss:4.254820168070081e-05, rewards:-5.444430828094482, queue:1.9824074506759644, delay:0.16007393598556519, throughput:4032
episode:23/250, real avg travel time:235.1966765873016
step:3600/3600, q_loss:2.8498990124919347e-05, rewards:-5.43485164642334, queue:1.8720899820327759, delay:0.1587393879890442, throughput:4038
episode:24/250, real avg travel time:231.07503714710253
step:3600/3600, q_loss:2.5624636166159892e-05, rewards:-5.016677379608154, queue:1.8431216478347778, delay:0.15220016241073608, throughput:4058
episode:25/250, real avg travel time:235.51848201084277
Test step:25/250, travel time :253.11305268731797, rewards:-8.735785484313965, queue:3.067063570022583, delay:0.17782270908355713, throughput:3777
step:3600/3600, q_loss:3.519754512429548e-05, rewards:-5.630904674530029, queue:2.0165343284606934, delay:0.15751492977142334, throughput:4039
episode:26/250, real avg travel time:232.29165635058183
step:3600/3600, q_loss:2.7774724084237175e-05, rewards:-5.51806116104126, queue:1.9047619104385376, delay:0.15958231687545776, throughput:4036
episode:27/250, real avg travel time:234.43012884043608
step:3600/3600, q_loss:6.406261592120345e-05, rewards:-5.727139472961426, queue:1.9600529670715332, delay:0.1576690971851349, throughput:4029
episode:28/250, real avg travel time:240.68404070488955
step:3600/3600, q_loss:2.6277367659430538e-05, rewards:-4.871939659118652, queue:1.7702380418777466, delay:0.15292339026927948, throughput:4022
episode:29/250, real avg travel time:230.6621084037792
step:3600/3600, q_loss:1.5698839787445548e-05, rewards:-5.0174336433410645, queue:1.779894232749939, delay:0.15565942227840424, throughput:4062
episode:30/250, real avg travel time:236.53028064992614
Test step:30/250, travel time :251.59267912772586, rewards:-7.872359752655029, queue:2.8358466625213623, delay:0.1642490029335022, throughput:3852
step:3600/3600, q_loss:2.282549248775467e-05, rewards:-5.09268856048584, queue:1.791005253791809, delay:0.1555216759443283, throughput:4042
episode:31/250, real avg travel time:228.72835230084118
step:3600/3600, q_loss:1.6760670081971005e-05, rewards:-4.9807658195495605, queue:1.7904762029647827, delay:0.15666352212429047, throughput:4056
episode:32/250, real avg travel time:231.6577909270217
step:3600/3600, q_loss:1.7884807311929764e-05, rewards:-4.93779182434082, queue:1.767724871635437, delay:0.15507765114307404, throughput:4048
episode:33/250, real avg travel time:233.97406126482213
step:3600/3600, q_loss:1.9042082405778475e-05, rewards:-4.95353364944458, queue:1.7484127283096313, delay:0.1546124666929245, throughput:4042
episode:34/250, real avg travel time:228.2577931716972
step:3600/3600, q_loss:2.0108611513731174e-05, rewards:-4.750058174133301, queue:1.67380952835083, delay:0.14962151646614075, throughput:4060
episode:35/250, real avg travel time:225.32881773399015
Test step:35/250, travel time :232.32888318356868, rewards:-7.7308268547058105, queue:2.743518590927124, delay:0.1591556966304779, throughput:3895
New best TEST travel time 232.3289 at episode 35, saved as best checkpoint
step:3600/3600, q_loss:1.7029294394887983e-05, rewards:-5.048320293426514, queue:1.8219577074050903, delay:0.1563674509525299, throughput:4059
episode:36/250, real avg travel time:233.0177383592018
step:3600/3600, q_loss:2.1617978038395653e-05, rewards:-4.9659271240234375, queue:1.758201003074646, delay:0.15623024106025696, throughput:4054
episode:37/250, real avg travel time:231.14923532313765
step:3600/3600, q_loss:3.6171124439634795e-05, rewards:-4.969729423522949, queue:1.8091269731521606, delay:0.15997107326984406, throughput:4057
episode:38/250, real avg travel time:237.53167365048066
step:3600/3600, q_loss:6.598308423740996e-05, rewards:-5.946219444274902, queue:2.1489417552948, delay:0.16243687272071838, throughput:4048
episode:39/250, real avg travel time:238.08399209486166
step:3600/3600, q_loss:1.9635225180536507e-05, rewards:-5.074916362762451, queue:1.7851852178573608, delay:0.1580861508846283, throughput:4047
episode:40/250, real avg travel time:222.15517667407957
Test step:40/250, travel time :246.72403020046863, rewards:-7.696678161621094, queue:2.779761791229248, delay:0.165164053440094, throughput:3841
step:3600/3600, q_loss:6.402947878490927e-05, rewards:-4.703129291534424, queue:1.745634913444519, delay:0.1515711098909378, throughput:4043
episode:41/250, real avg travel time:226.4580756863715
step:3600/3600, q_loss:1.3581965645749329e-05, rewards:-4.617665767669678, queue:1.6608465909957886, delay:0.15540848672389984, throughput:4043
episode:42/250, real avg travel time:227.30967103635913
step:3600/3600, q_loss:-1.1077419104468492e-07, rewards:-4.594016075134277, queue:1.6472222805023193, delay:0.15601037442684174, throughput:4047
episode:43/250, real avg travel time:216.88065233506302
step:3600/3600, q_loss:4.9541554795319425e-06, rewards:-4.746072769165039, queue:1.7420635223388672, delay:0.15446357429027557, throughput:4055
episode:44/250, real avg travel time:232.67102342786683
step:3600/3600, q_loss:4.124944179137755e-06, rewards:-4.681777000427246, queue:1.6425925493240356, delay:0.15431106090545654, throughput:4055
episode:45/250, real avg travel time:221.52725030826142
Test step:45/250, travel time :274.4670494941209, rewards:-5.695958614349365, queue:2.1338624954223633, delay:0.1561480611562729, throughput:3657
step:3600/3600, q_loss:7.644241041917768e-06, rewards:-4.023873329162598, queue:1.5058201551437378, delay:0.14891047775745392, throughput:4044
episode:46/250, real avg travel time:215.9757665677547
step:3600/3600, q_loss:7.699388354214737e-06, rewards:-4.559244632720947, queue:1.6346560716629028, delay:0.15435326099395752, throughput:4062
episode:47/250, real avg travel time:220.80108321024127
step:3600/3600, q_loss:1.7733962482048405e-05, rewards:-4.276576042175293, queue:1.5728836059570312, delay:0.15361042320728302, throughput:4045
episode:48/250, real avg travel time:223.6061804697157
step:3600/3600, q_loss:1.3131452740506372e-05, rewards:-4.487823963165283, queue:1.6449735164642334, delay:0.1533268541097641, throughput:4049
episode:49/250, real avg travel time:215.5551988145221
step:3600/3600, q_loss:8.982125291367992e-06, rewards:-4.454984664916992, queue:1.5992063283920288, delay:0.15468767285346985, throughput:4027
episode:50/250, real avg travel time:221.24857213806803
Test step:50/250, travel time :293.4680745341615, rewards:-4.557241439819336, queue:1.6271164417266846, delay:0.15121985971927643, throughput:4025
step:3600/3600, q_loss:8.07515405338361e-06, rewards:-4.317618370056152, queue:1.573544979095459, delay:0.15358707308769226, throughput:4045
episode:51/250, real avg travel time:218.96736711990113
step:3600/3600, q_loss:1.4347152803869297e-06, rewards:-4.372057914733887, queue:1.5902116298675537, delay:0.15290986001491547, throughput:4050
episode:52/250, real avg travel time:223.1795061728395
step:3600/3600, q_loss:3.2685207972665215e-06, rewards:-4.284502983093262, queue:1.5833333730697632, delay:0.15500754117965698, throughput:4057
episode:53/250, real avg travel time:221.41040177471038
step:3600/3600, q_loss:0.00018885100726038218, rewards:-5.839492321014404, queue:1.8948413133621216, delay:0.16049213707447052, throughput:4064
episode:54/250, real avg travel time:236.81373031496062
step:3600/3600, q_loss:1.3478865245512376e-05, rewards:-4.309873580932617, queue:1.5539683103561401, delay:0.15418943762779236, throughput:4037
episode:55/250, real avg travel time:216.61852861035422
Test step:55/250, travel time :211.79063429137761, rewards:-5.141232490539551, queue:1.8812168836593628, delay:0.16112813353538513, throughput:4036
New best TEST travel time 211.7906 at episode 55, saved as best checkpoint
step:3600/3600, q_loss:7.2617665056087495e-06, rewards:-4.305322170257568, queue:1.5391534566879272, delay:0.15296857059001923, throughput:4045
episode:56/250, real avg travel time:216.67169344870211
step:3600/3600, q_loss:2.0899602208778054e-05, rewards:-4.155262470245361, queue:1.5038360357284546, delay:0.1506357043981552, throughput:4065
episode:57/250, real avg travel time:218.3008610086101
step:3600/3600, q_loss:1.053951564244926e-07, rewards:-3.8162481784820557, queue:1.416005253791809, delay:0.14500483870506287, throughput:4059
episode:58/250, real avg travel time:214.53535353535352
step:3600/3600, q_loss:1.1332941034601794e-05, rewards:-4.102137565612793, queue:1.5014550685882568, delay:0.14451773464679718, throughput:4055
episode:59/250, real avg travel time:212.95141800246608
step:3600/3600, q_loss:1.191513947560452e-05, rewards:-4.025694370269775, queue:1.491269826889038, delay:0.14598552882671356, throughput:4045
episode:60/250, real avg travel time:213.84301606922125
Test step:60/250, travel time :211.00024838549427, rewards:-5.149586200714111, queue:1.8772486448287964, delay:0.15937507152557373, throughput:4026
New best TEST travel time 211.0002 at episode 60, saved as best checkpoint
step:3600/3600, q_loss:1.1325445262223689e-05, rewards:-3.9764411449432373, queue:1.4555555582046509, delay:0.14619103074073792, throughput:4056
episode:61/250, real avg travel time:210.16050295857988
step:3600/3600, q_loss:1.1930934205237361e-05, rewards:-4.044679641723633, queue:1.466269850730896, delay:0.14968055486679077, throughput:4053
episode:62/250, real avg travel time:213.900074019245
step:3600/3600, q_loss:4.599552468991735e-06, rewards:-3.8981916904449463, queue:1.4716931581497192, delay:0.14899687469005585, throughput:4050
episode:63/250, real avg travel time:211.55654320987654
step:3600/3600, q_loss:-6.531543880959765e-07, rewards:-4.131817817687988, queue:1.5093915462493896, delay:0.1517588496208191, throughput:4061
episode:64/250, real avg travel time:215.46367889682344
step:3600/3600, q_loss:-6.834880979214277e-08, rewards:-3.8834877014160156, queue:1.4284391403198242, delay:0.1477154940366745, throughput:4065
episode:65/250, real avg travel time:208.25043050430503
Test step:65/250, travel time :210.63210121557927, rewards:-6.437464237213135, queue:1.9582010507583618, delay:0.16824811697006226, throughput:4031
New best TEST travel time 210.6321 at episode 65, saved as best checkpoint
step:3600/3600, q_loss:5.996777003424035e-06, rewards:-4.052640914916992, queue:1.4620370864868164, delay:0.14858531951904297, throughput:4066
episode:66/250, real avg travel time:214.7078209542548
step:3600/3600, q_loss:1.6654338752333488e-06, rewards:-3.7820489406585693, queue:1.4161375761032104, delay:0.14727890491485596, throughput:4057
episode:67/250, real avg travel time:209.444663544491
step:3600/3600, q_loss:0.00013270140027291037, rewards:-5.13832950592041, queue:1.6865079402923584, delay:0.15218529105186462, throughput:4061
episode:68/250, real avg travel time:228.62940162521545
step:3600/3600, q_loss:0.00014157626752017274, rewards:-6.1692070960998535, queue:1.9869047403335571, delay:0.15898194909095764, throughput:4034
episode:69/250, real avg travel time:249.28135845314824
step:3600/3600, q_loss:7.814561104169116e-06, rewards:-3.8531250953674316, queue:1.4482804536819458, delay:0.14942947030067444, throughput:4050
episode:70/250, real avg travel time:212.84172839506172
Test step:70/250, travel time :208.9349433218334, rewards:-4.353439807891846, queue:1.6260582208633423, delay:0.1527070254087448, throughput:4058
New best TEST travel time 208.9349 at episode 70, saved as best checkpoint
step:3600/3600, q_loss:2.375729834764368e-06, rewards:-3.815547466278076, queue:1.4134920835494995, delay:0.14436164498329163, throughput:4067
episode:71/250, real avg travel time:212.1676911728547
step:3600/3600, q_loss:6.018257166336601e-06, rewards:-3.7734181880950928, queue:1.4018518924713135, delay:0.1448841243982315, throughput:4043
episode:72/250, real avg travel time:209.76181053673014
step:3600/3600, q_loss:1.2780640988946996e-05, rewards:-3.6525349617004395, queue:1.3865079879760742, delay:0.14288638532161713, throughput:4060
episode:73/250, real avg travel time:211.90221674876847
step:3600/3600, q_loss:5.431630415841937e-06, rewards:-3.7957348823547363, queue:1.4056878089904785, delay:0.1449681967496872, throughput:4048
episode:74/250, real avg travel time:212.72406126482213
step:3600/3600, q_loss:3.5405145657326403e-06, rewards:-3.749194622039795, queue:1.394444465637207, delay:0.1448790431022644, throughput:4071
episode:75/250, real avg travel time:210.67943994104644
Test step:75/250, travel time :218.45290927021696, rewards:-4.193068504333496, queue:1.5525132417678833, delay:0.15261201560497284, throughput:4056
step:3600/3600, q_loss:-1.999650137602455e-06, rewards:-3.6779606342315674, queue:1.391005277633667, delay:0.14522084593772888, throughput:4065
episode:76/250, real avg travel time:209.21377613776139
step:3600/3600, q_loss:2.2951013913067677e-06, rewards:-3.364278554916382, queue:1.3022487163543701, delay:0.13919304311275482, throughput:4070
episode:77/250, real avg travel time:206.32186732186733
step:3600/3600, q_loss:4.230490918012543e-06, rewards:-3.5224978923797607, queue:1.3390212059020996, delay:0.14455628395080566, throughput:4046
episode:78/250, real avg travel time:209.40064260998517
step:3600/3600, q_loss:-7.448803080478683e-06, rewards:-3.6454460620880127, queue:1.37156081199646, delay:0.14669744670391083, throughput:4049
episode:79/250, real avg travel time:211.74240553223018
step:3600/3600, q_loss:9.687760434139313e-06, rewards:-3.6068735122680664, queue:1.3441798686981201, delay:0.1429501324892044, throughput:4062
episode:80/250, real avg travel time:208.7220580994584
Test step:80/250, travel time :206.69153126538652, rewards:-4.083086967468262, queue:1.5373015403747559, delay:0.15242932736873627, throughput:4062
New best TEST travel time 206.6915 at episode 80, saved as best checkpoint
step:3600/3600, q_loss:-5.530727503355593e-06, rewards:-3.4134721755981445, queue:1.3134920597076416, delay:0.14315003156661987, throughput:4058
episode:81/250, real avg travel time:205.4960571710202
step:3600/3600, q_loss:6.7027140175923705e-06, rewards:-3.720439910888672, queue:1.3525131940841675, delay:0.1429695188999176, throughput:4063
episode:82/250, real avg travel time:209.46295840511937
step:3600/3600, q_loss:-3.479856079340809e-08, rewards:-3.2850077152252197, queue:1.2710317373275757, delay:0.13778208196163177, throughput:4065
episode:83/250, real avg travel time:206.31488314883148
step:3600/3600, q_loss:-2.9520737977388006e-06, rewards:-3.1650710105895996, queue:1.2502645254135132, delay:0.13768544793128967, throughput:4052
episode:84/250, real avg travel time:205.12931885488646
step:3600/3600, q_loss:-1.3454591680783778e-06, rewards:-3.4588871002197266, queue:1.3347883224487305, delay:0.1392197161912918, throughput:4075
episode:85/250, real avg travel time:206.13079754601227
Test step:85/250, travel time :208.93549975381586, rewards:-4.099738121032715, queue:1.532804250717163, delay:0.15237760543823242, throughput:4062
step:3600/3600, q_loss:2.842393425655448e-06, rewards:-3.5325536727905273, queue:1.3448412418365479, delay:0.1431652307510376, throughput:4060
episode:86/250, real avg travel time:206.48103448275862
step:3600/3600, q_loss:6.023043857163025e-06, rewards:-3.3332598209381104, queue:1.3158730268478394, delay:0.14124222099781036, throughput:4062
episode:87/250, real avg travel time:206.33062530773017
step:3600/3600, q_loss:2.0194004820142356e-06, rewards:-3.217106342315674, queue:1.2609788179397583, delay:0.13928188383579254, throughput:4058
episode:88/250, real avg travel time:203.5034499753573
step:3600/3600, q_loss:4.160799233229934e-05, rewards:-4.217668056488037, queue:1.3960317373275757, delay:0.14270083606243134, throughput:4054
episode:89/250, real avg travel time:206.10310804144055
step:3600/3600, q_loss:6.825459826763512e-07, rewards:-3.4810800552368164, queue:1.3294973373413086, delay:0.1411401778459549, throughput:4069
episode:90/250, real avg travel time:206.68567215532073
Test step:90/250, travel time :204.1721250923418, rewards:-3.7854363918304443, queue:1.4263226985931396, delay:0.14854545891284943, throughput:4061
New best TEST travel time 204.1721 at episode 90, saved as best checkpoint
step:3600/3600, q_loss:-1.4889108974279628e-06, rewards:-3.3638410568237305, queue:1.2969577312469482, delay:0.1396542489528656, throughput:4069
episode:91/250, real avg travel time:207.45834357335954
step:3600/3600, q_loss:4.103661962694282e-06, rewards:-3.517606019973755, queue:1.3568782806396484, delay:0.1443977802991867, throughput:4062
episode:92/250, real avg travel time:209.23116691285082
step:3600/3600, q_loss:-7.035342908541982e-07, rewards:-3.2990994453430176, queue:1.2838624715805054, delay:0.14006935060024261, throughput:4055
episode:93/250, real avg travel time:205.64808877928482
step:3600/3600, q_loss:-4.8684828167703625e-06, rewards:-3.2248785495758057, queue:1.2576719522476196, delay:0.1386735439300537, throughput:4056
episode:94/250, real avg travel time:206.7406311637081
step:3600/3600, q_loss:6.2364747767181445e-06, rewards:-3.403188705444336, queue:1.3257936239242554, delay:0.14145967364311218, throughput:4066
episode:95/250, real avg travel time:209.01401869158877
Test step:95/250, travel time :208.76902240827383, rewards:-4.049215793609619, queue:1.5029100179672241, delay:0.152538001537323, throughput:4061
step:3600/3600, q_loss:1.5207689203735856e-05, rewards:-3.8254568576812744, queue:1.419179916381836, delay:0.1446051001548767, throughput:4068
episode:96/250, real avg travel time:217.047197640118
step:3600/3600, q_loss:2.515079783430944e-06, rewards:-3.1845526695251465, queue:1.226190447807312, delay:0.13571254909038544, throughput:4067
episode:97/250, real avg travel time:205.15736415047948
step:3600/3600, q_loss:4.97894471158765e-05, rewards:-3.8905553817749023, queue:1.4170634746551514, delay:0.14192301034927368, throughput:4068
episode:98/250, real avg travel time:213.31465093411995
step:3600/3600, q_loss:1.2855711813446962e-05, rewards:-3.538511037826538, queue:1.2947089672088623, delay:0.14074517786502838, throughput:4070
episode:99/250, real avg travel time:209.36879606879606
step:3600/3600, q_loss:3.4473086594112423e-06, rewards:-3.020169734954834, queue:1.2038359642028809, delay:0.13829466700553894, throughput:4065
episode:100/250, real avg travel time:202.4659286592866
Test step:100/250, travel time :216.12252964426878, rewards:-4.047211647033691, queue:1.5334656238555908, delay:0.1563369631767273, throughput:4048
step:3600/3600, q_loss:6.349154055998144e-06, rewards:-3.275625228881836, queue:1.2693121433258057, delay:0.13950896263122559, throughput:4063
episode:101/250, real avg travel time:206.05783903519566
step:3600/3600, q_loss:7.977984528729899e-06, rewards:-3.3118340969085693, queue:1.259523868560791, delay:0.138258159160614, throughput:4067
episode:102/250, real avg travel time:205.85074993852962
step:3600/3600, q_loss:1.2133322808141302e-05, rewards:-3.229006290435791, queue:1.2493386268615723, delay:0.13970471918582916, throughput:4056
episode:103/250, real avg travel time:206.70463510848126
step:3600/3600, q_loss:0.00010728831997160644, rewards:-4.474085330963135, queue:1.4791005849838257, delay:0.14512208104133606, throughput:4069
episode:104/250, real avg travel time:224.4200049152126
step:3600/3600, q_loss:1.2309117785965402e-05, rewards:-3.269710063934326, queue:1.259523868560791, delay:0.13854190707206726, throughput:4071
episode:105/250, real avg travel time:205.09481699828052
Test step:105/250, travel time :208.17691929133858, rewards:-3.747091293334961, queue:1.418254017829895, delay:0.14651602506637573, throughput:4064
step:3600/3600, q_loss:2.8864810802689234e-06, rewards:-2.9368112087249756, queue:1.1626983880996704, delay:0.13341686129570007, throughput:4061
episode:106/250, real avg travel time:203.29869490273333
step:3600/3600, q_loss:3.6851177557966567e-06, rewards:-3.1463990211486816, queue:1.2461639642715454, delay:0.13696853816509247, throughput:4061
episode:107/250, real avg travel time:208.4365919724206
step:3600/3600, q_loss:8.146191935843995e-06, rewards:-3.269953727722168, queue:1.2585978507995605, delay:0.13977837562561035, throughput:4076
episode:108/250, real avg travel time:208.77526987242393
step:3600/3600, q_loss:4.063499080883856e-06, rewards:-3.314056634902954, queue:1.3294973373413086, delay:0.1399424523115158, throughput:4054
episode:109/250, real avg travel time:209.77528367044894
step:3600/3600, q_loss:1.2407005649745567e-05, rewards:-3.0911269187927246, queue:1.219709038734436, delay:0.13546404242515564, throughput:4067
episode:110/250, real avg travel time:204.86009343496434
Test step:110/250, travel time :246.97019038076152, rewards:-4.507984638214111, queue:1.6439152956008911, delay:0.15828372538089752, throughput:3992
step:3600/3600, q_loss:5.001426325179637e-06, rewards:-3.1826932430267334, queue:1.240079402923584, delay:0.13545402884483337, throughput:4067
episode:111/250, real avg travel time:204.06737152692403
step:3600/3600, q_loss:6.123407527209363e-06, rewards:-3.2206733226776123, queue:1.2653439044952393, delay:0.13777682185173035, throughput:4065
episode:112/250, real avg travel time:207.78966789667896
step:3600/3600, q_loss:8.041946016924663e-06, rewards:-3.1950371265411377, queue:1.2394180297851562, delay:0.14016376435756683, throughput:4059
episode:113/250, real avg travel time:206.61665434836166
step:3600/3600, q_loss:5.378254742633241e-05, rewards:-3.977077007293701, queue:1.3952380418777466, delay:0.1392373889684677, throughput:4062
episode:114/250, real avg travel time:218.61201378631216
step:3600/3600, q_loss:6.169063999550417e-06, rewards:-3.488694190979004, queue:1.3349206447601318, delay:0.14260272681713104, throughput:4019
episode:115/250, real avg travel time:211.44239860661855
Test step:115/250, travel time :273.44065624198925, rewards:-6.497610092163086, queue:2.122354507446289, delay:0.16864031553268433, throughput:3901
step:3600/3600, q_loss:7.605411762294049e-07, rewards:-3.1274688243865967, queue:1.2424603700637817, delay:0.13670746982097626, throughput:4064
episode:116/250, real avg travel time:206.37721456692913
step:3600/3600, q_loss:7.03456848390892e-05, rewards:-4.482229709625244, queue:1.511640191078186, delay:0.14593605697155, throughput:3991
episode:117/250, real avg travel time:233.97945377098472
step:3600/3600, q_loss:-3.108683651791782e-06, rewards:-3.004568099975586, queue:1.2017195224761963, delay:0.1362423598766327, throughput:4063
episode:118/250, real avg travel time:205.93797686438592
step:3600/3600, q_loss:0.00011782075598603115, rewards:-5.268319606781006, queue:1.7144179344177246, delay:0.15007705986499786, throughput:3909
episode:119/250, real avg travel time:247.9884881043745
step:3600/3600, q_loss:6.012838922389266e-06, rewards:-3.0712192058563232, queue:1.2195767164230347, delay:0.13880187273025513, throughput:4075
episode:120/250, real avg travel time:214.40711656441718
Test step:120/250, travel time :250.45084485407065, rewards:-6.174835205078125, queue:2.077777862548828, delay:0.17370903491973877, throughput:3906
step:3600/3600, q_loss:8.968805357451654e-07, rewards:-3.0387325286865234, queue:1.178174614906311, delay:0.13547946512699127, throughput:4072
episode:121/250, real avg travel time:204.83374263261297
step:3600/3600, q_loss:-6.828919140389189e-07, rewards:-2.9174726009368896, queue:1.1857142448425293, delay:0.13543885946273804, throughput:4064
episode:122/250, real avg travel time:205.8626968503937
step:3600/3600, q_loss:5.689328342365722e-07, rewards:-2.9914872646331787, queue:1.213624358177185, delay:0.13419979810714722, throughput:4059
episode:123/250, real avg travel time:206.74575018477458
step:3600/3600, q_loss:-3.0839735296063333e-06, rewards:-3.2251851558685303, queue:1.2851852178573608, delay:0.13981793820858002, throughput:4069
episode:124/250, real avg travel time:206.02580486606047
step:3600/3600, q_loss:1.6173573789678308e-06, rewards:-3.1617960929870605, queue:1.2613756656646729, delay:0.13821455836296082, throughput:4069
episode:125/250, real avg travel time:206.0990415335463
Test step:125/250, travel time :246.68999228196552, rewards:-5.449691295623779, queue:1.8653439283370972, delay:0.16728314757347107, throughput:3887
step:3600/3600, q_loss:1.1916143355645343e-05, rewards:-2.8200979232788086, queue:1.1439152956008911, delay:0.13338914513587952, throughput:4075
episode:126/250, real avg travel time:207.17447852760736
step:3600/3600, q_loss:2.014637923113898e-06, rewards:-3.061439037322998, queue:1.2018518447875977, delay:0.1365511417388916, throughput:4075
episode:127/250, real avg travel time:207.2284662576687
step:3600/3600, q_loss:-1.9938567776181218e-06, rewards:-3.0236589908599854, queue:1.1952381134033203, delay:0.13737988471984863, throughput:4068
episode:128/250, real avg travel time:207.234267453294
step:3600/3600, q_loss:7.129811921105203e-07, rewards:-3.0056560039520264, queue:1.2117724418640137, delay:0.13577109575271606, throughput:4066
episode:129/250, real avg travel time:205.25332021642893
step:3600/3600, q_loss:0.00011102673322764329, rewards:-4.158865928649902, queue:1.4698412418365479, delay:0.14188623428344727, throughput:4071
episode:130/250, real avg travel time:224.66519282731517
Test step:130/250, travel time :238.54012738853504, rewards:-5.219629764556885, queue:1.7921957969665527, delay:0.16698485612869263, throughput:3925
step:3600/3600, q_loss:7.639915687226069e-06, rewards:-2.924548387527466, queue:1.148280382156372, delay:0.12985272705554962, throughput:4066
episode:131/250, real avg travel time:213.09985243482538
step:3600/3600, q_loss:1.4111217104881588e-05, rewards:-3.432785749435425, queue:1.2890211343765259, delay:0.1386057436466217, throughput:4067
episode:132/250, real avg travel time:212.10892549791
step:3600/3600, q_loss:-1.919571918228434e-06, rewards:-2.9561944007873535, queue:1.1862434148788452, delay:0.1346268504858017, throughput:4066
episode:133/250, real avg travel time:207.2331529758977
step:3600/3600, q_loss:0.00015556420338624674, rewards:-5.221162796020508, queue:1.6900793313980103, delay:0.14974345266819, throughput:4075
episode:134/250, real avg travel time:252.14134969325153
step:3600/3600, q_loss:5.526664810733766e-06, rewards:-3.0644428730010986, queue:1.1702381372451782, delay:0.13371829688549042, throughput:4068
episode:135/250, real avg travel time:206.5747295968535
Test step:135/250, travel time :244.36908358509567, rewards:-4.938450813293457, queue:1.7048941850662231, delay:0.16663521528244019, throughput:3972
step:3600/3600, q_loss:8.105363748553726e-06, rewards:-2.9607086181640625, queue:1.1636242866516113, delay:0.1320907324552536, throughput:4060
episode:136/250, real avg travel time:207.15344827586208
step:3600/3600, q_loss:3.411284827355606e-06, rewards:-3.0130114555358887, queue:1.1805555820465088, delay:0.1345064640045166, throughput:4060
episode:137/250, real avg travel time:202.65123152709359
step:3600/3600, q_loss:-4.308942556639926e-06, rewards:-2.9438445568084717, queue:1.1462962627410889, delay:0.13295575976371765, throughput:4066
episode:138/250, real avg travel time:204.05287752090507
step:3600/3600, q_loss:4.322190539419858e-06, rewards:-3.0119597911834717, queue:1.1554232835769653, delay:0.13327836990356445, throughput:4069
episode:139/250, real avg travel time:205.97886458589335
step:3600/3600, q_loss:8.068273806808672e-05, rewards:-4.020954608917236, queue:1.3769841194152832, delay:0.1387733668088913, throughput:4066
episode:140/250, real avg travel time:220.6325627151992
Test step:140/250, travel time :224.94714535028672, rewards:-3.751234531402588, queue:1.3615078926086426, delay:0.14881069958209991, throughput:4011
step:3600/3600, q_loss:2.0103506459337143e-06, rewards:-2.809004545211792, queue:1.1416666507720947, delay:0.13256531953811646, throughput:4070
episode:141/250, real avg travel time:206.2931203931204
step:3600/3600, q_loss:4.815182102093887e-06, rewards:-2.971705198287964, queue:1.167724847793579, delay:0.13308732211589813, throughput:4062
episode:142/250, real avg travel time:204.99556868537667
step:3600/3600, q_loss:8.877519576344639e-07, rewards:-2.8998067378997803, queue:1.1399470567703247, delay:0.13305029273033142, throughput:4070
episode:143/250, real avg travel time:204.4943488943489
step:3600/3600, q_loss:-4.086747746138523e-07, rewards:-2.8052544593811035, queue:1.1484127044677734, delay:0.13176444172859192, throughput:4067
episode:144/250, real avg travel time:203.75313498893533
step:3600/3600, q_loss:1.3385909389600986e-05, rewards:-3.1584184169769287, queue:1.2312169075012207, delay:0.13589896261692047, throughput:4069
episode:145/250, real avg travel time:207.62447775866306
Test step:145/250, travel time :221.16691321499013, rewards:-3.4335384368896484, queue:1.3145502805709839, delay:0.14092449843883514, throughput:4056
step:3600/3600, q_loss:1.226873169394417e-05, rewards:-2.9314489364624023, queue:1.1494709253311157, delay:0.12969709932804108, throughput:4068
episode:146/250, real avg travel time:208.36996066863324
step:3600/3600, q_loss:5.1881450943053806e-05, rewards:-3.9121029376983643, queue:1.3324073553085327, delay:0.13887794315814972, throughput:4063
episode:147/250, real avg travel time:219.67610140290427
step:3600/3600, q_loss:8.2903477757807e-06, rewards:-2.7097108364105225, queue:1.125, delay:0.13056346774101257, throughput:4072
episode:148/250, real avg travel time:203.33276031434184
step:3600/3600, q_loss:1.8240849547308042e-05, rewards:-3.0204827785491943, queue:1.1769840717315674, delay:0.1365765929222107, throughput:4067
episode:149/250, real avg travel time:205.48684534054587
step:3600/3600, q_loss:2.0354250712747064e-05, rewards:-3.003779172897339, queue:1.192460298538208, delay:0.1331765502691269, throughput:4065
episode:150/250, real avg travel time:204.61968019680197
Test step:150/250, travel time :256.91451040081176, rewards:-5.736194610595703, queue:1.9010581970214844, delay:0.16484788060188293, throughput:3942
step:3600/3600, q_loss:7.515570420461396e-06, rewards:-2.8135223388671875, queue:1.1506613492965698, delay:0.13189387321472168, throughput:4073
episode:151/250, real avg travel time:202.98305917014486
step:3600/3600, q_loss:8.788761301224845e-06, rewards:-3.0132157802581787, queue:1.1576719284057617, delay:0.13554498553276062, throughput:4061
episode:152/250, real avg travel time:204.27702536321104
step:3600/3600, q_loss:1.4221428298494882e-06, rewards:-2.8277740478515625, queue:1.1308201551437378, delay:0.133902907371521, throughput:4064
episode:153/250, real avg travel time:203.59153543307087
step:3600/3600, q_loss:1.2241616746501273e-05, rewards:-2.673628330230713, queue:1.0948412418365479, delay:0.12796737253665924, throughput:4072
episode:154/250, real avg travel time:203.51031434184677
step:3600/3600, q_loss:4.177509250035251e-05, rewards:-3.596278667449951, queue:1.3507936000823975, delay:0.13924767076969147, throughput:4061
episode:155/250, real avg travel time:217.21669539522284
Test step:155/250, travel time :205.98845208845208, rewards:-3.131145477294922, queue:1.2166666984558105, delay:0.1316291093826294, throughput:4070
step:3600/3600, q_loss:-5.509864018272815e-07, rewards:-2.756981372833252, queue:1.1137566566467285, delay:0.13015934824943542, throughput:4068
episode:156/250, real avg travel time:202.72836774827925
step:3600/3600, q_loss:4.7294506253415924e-06, rewards:-3.0437495708465576, queue:1.212830662727356, delay:0.13618287444114685, throughput:4069
episode:157/250, real avg travel time:206.22511673629884
step:3600/3600, q_loss:5.282558251767316e-07, rewards:-2.7094810009002686, queue:1.1050264835357666, delay:0.1310475468635559, throughput:4070
episode:158/250, real avg travel time:202.1995085995086
step:3600/3600, q_loss:2.7888908435771657e-06, rewards:-2.6752238273620605, queue:1.0898147821426392, delay:0.12926052510738373, throughput:4076
episode:159/250, real avg travel time:203.79784102060844
step:3600/3600, q_loss:1.6032926659035084e-05, rewards:-2.711620330810547, queue:1.1070106029510498, delay:0.13263751566410065, throughput:4061
episode:160/250, real avg travel time:201.22162029056884
Test step:160/250, travel time :200.03244837758112, rewards:-2.5269579887390137, queue:1.0390211343765259, delay:0.12256256490945816, throughput:4068
New best TEST travel time 200.0324 at episode 160, saved as best checkpoint
step:3600/3600, q_loss:3.828910161650533e-06, rewards:-2.7041494846343994, queue:1.0960317850112915, delay:0.12991833686828613, throughput:4073
episode:161/250, real avg travel time:201.47557083231032
step:3600/3600, q_loss:-2.795140769901789e-07, rewards:-2.7851219177246094, queue:1.1166666746139526, delay:0.13169044256210327, throughput:4067
episode:162/250, real avg travel time:201.7976395377428
step:3600/3600, q_loss:-2.913114884803589e-06, rewards:-2.73480486869812, queue:1.086904764175415, delay:0.12994928658008575, throughput:4073
episode:163/250, real avg travel time:201.1637613552664
step:3600/3600, q_loss:3.2375127436049907e-05, rewards:-3.4440433979034424, queue:1.2564815282821655, delay:0.13681191205978394, throughput:4075
episode:164/250, real avg travel time:206.06723926380369
step:3600/3600, q_loss:5.294875154504552e-06, rewards:-2.9656789302825928, queue:1.147883653640747, delay:0.13203267753124237, throughput:4066
episode:165/250, real avg travel time:200.6325627151992
Test step:165/250, travel time :202.84345047923324, rewards:-2.915071964263916, queue:1.1083333492279053, delay:0.1290968954563141, throughput:4069
step:3600/3600, q_loss:6.074088661181223e-07, rewards:-2.8433315753936768, queue:1.1312168836593628, delay:0.13341020047664642, throughput:4070
episode:166/250, real avg travel time:202.45159705159705
step:3600/3600, q_loss:3.3018887835270207e-06, rewards:-2.867521047592163, queue:1.1546295881271362, delay:0.13507093489170074, throughput:4072
episode:167/250, real avg travel time:203.67632612966602
step:3600/3600, q_loss:5.732579645862441e-06, rewards:-2.8330535888671875, queue:1.1378307342529297, delay:0.13326029479503632, throughput:4074
episode:168/250, real avg travel time:204.18851251840942
step:3600/3600, q_loss:3.5639845413647386e-06, rewards:-2.728360652923584, queue:1.125793695449829, delay:0.1313987523317337, throughput:4065
episode:169/250, real avg travel time:202.60984009840098
step:3600/3600, q_loss:5.5539526430139734e-06, rewards:-2.88372540473938, queue:1.1279100179672241, delay:0.13184690475463867, throughput:4070
episode:170/250, real avg travel time:201.62407862407863
Test step:170/250, travel time :235.6599099099099, rewards:-3.8517889976501465, queue:1.4088624715805054, delay:0.14737142622470856, throughput:3996
step:3600/3600, q_loss:3.191313278673786e-05, rewards:-2.646393060684204, queue:1.0616402626037598, delay:0.127523273229599, throughput:4070
episode:171/250, real avg travel time:201.64619164619165
step:3600/3600, q_loss:4.671008274373081e-06, rewards:-2.906233072280884, queue:1.1093915700912476, delay:0.13099874556064606, throughput:4074
episode:172/250, real avg travel time:202.91163475699557
step:3600/3600, q_loss:4.872397767030634e-06, rewards:-2.7357468605041504, queue:1.0882275104522705, delay:0.12863849103450775, throughput:4081
episode:173/250, real avg travel time:201.8108306787552
step:3600/3600, q_loss:5.255058042368748e-06, rewards:-2.9070115089416504, queue:1.1279100179672241, delay:0.13193581998348236, throughput:4070
episode:174/250, real avg travel time:203.2945945945946
step:3600/3600, q_loss:1.734865096902164e-05, rewards:-2.841707468032837, queue:1.136640191078186, delay:0.13155962526798248, throughput:4073
episode:175/250, real avg travel time:201.22685980849496
Test step:175/250, travel time :236.9264816204051, rewards:-3.8083431720733643, queue:1.411375641822815, delay:0.1487077921628952, throughput:3999
step:3600/3600, q_loss:-4.751884342921484e-06, rewards:-2.57293963432312, queue:1.0522487163543701, delay:0.12808237969875336, throughput:4069
episode:176/250, real avg travel time:201.0203981322192
step:3600/3600, q_loss:4.683817274376957e-07, rewards:-2.7585456371307373, queue:1.0957671403884888, delay:0.12975125014781952, throughput:4068
episode:177/250, real avg travel time:204.06440511307767
step:3600/3600, q_loss:7.42959378435949e-06, rewards:-2.8111207485198975, queue:1.1283068656921387, delay:0.1302577257156372, throughput:4069
episode:178/250, real avg travel time:203.45367412140575
step:3600/3600, q_loss:5.9038052212498666e-06, rewards:-2.5845370292663574, queue:1.087830662727356, delay:0.13018091022968292, throughput:4072
episode:179/250, real avg travel time:201.89661100196463
step:3600/3600, q_loss:4.830517302454811e-05, rewards:-3.4316301345825195, queue:1.2082010507583618, delay:0.13382233679294586, throughput:4063
episode:180/250, real avg travel time:213.34924932316022
Test step:180/250, travel time :234.5849520531104, rewards:-3.240623950958252, queue:1.252645492553711, delay:0.14162342250347137, throughput:4067
step:3600/3600, q_loss:9.193696298300185e-05, rewards:-4.358931541442871, queue:1.3355820178985596, delay:0.1379810869693756, throughput:4051
episode:181/250, real avg travel time:209.88941002221674
step:3600/3600, q_loss:3.2596582766725786e-06, rewards:-2.6642379760742188, queue:1.087830662727356, delay:0.12871822714805603, throughput:4070
episode:182/250, real avg travel time:201.16732186732187
step:3600/3600, q_loss:-1.9228548303039536e-06, rewards:-2.9100656509399414, queue:1.1625661849975586, delay:0.13315923511981964, throughput:4068
episode:183/250, real avg travel time:204.19936086529006
step:3600/3600, q_loss:7.0795615708145e-06, rewards:-2.693019390106201, queue:1.099470853805542, delay:0.12822335958480835, throughput:4066
episode:184/250, real avg travel time:201.26242006886375
step:3600/3600, q_loss:1.8180958391490598e-05, rewards:-2.9285974502563477, queue:1.1718254089355469, delay:0.13161183893680573, throughput:4068
episode:185/250, real avg travel time:205.08726647000984
Test step:185/250, travel time :201.66404521995577, rewards:-2.614104747772217, queue:1.0525132417678833, delay:0.12838789820671082, throughput:4069
step:3600/3600, q_loss:8.393651134813101e-06, rewards:-2.654484987258911, queue:1.087830662727356, delay:0.12922240793704987, throughput:4069
episode:186/250, real avg travel time:200.87220447284346
step:3600/3600, q_loss:6.47808903724783e-06, rewards:-2.7558717727661133, queue:1.114550232887268, delay:0.13028746843338013, throughput:4065
episode:187/250, real avg travel time:200.27183271832718
step:3600/3600, q_loss:-4.37397999727788e-06, rewards:-2.79613995552063, queue:1.117724895477295, delay:0.13255152106285095, throughput:4068
episode:188/250, real avg travel time:200.3114552605703
step:3600/3600, q_loss:1.3076576417208545e-05, rewards:-2.908773183822632, queue:1.157936453819275, delay:0.13345105946063995, throughput:4068
episode:189/250, real avg travel time:209.30825958702064
step:3600/3600, q_loss:5.8507263020146635e-06, rewards:-2.9512112140655518, queue:1.1636242866516113, delay:0.1333477646112442, throughput:4066
episode:190/250, real avg travel time:203.1091982292179
Test step:190/250, travel time :202.70284872298626, rewards:-2.792912721633911, queue:1.133201003074646, delay:0.13096484541893005, throughput:4072
step:3600/3600, q_loss:3.2076518335897063e-06, rewards:-2.6620469093322754, queue:1.1010582447052002, delay:0.13151764869689941, throughput:4068
episode:191/250, real avg travel time:203.1506882989184
step:3600/3600, q_loss:1.0298017716397428e-05, rewards:-2.683497190475464, queue:1.1212962865829468, delay:0.1306750476360321, throughput:4073
episode:192/250, real avg travel time:202.1166216547999
step:3600/3600, q_loss:4.3191852111906176e-05, rewards:-3.318026065826416, queue:1.2432539463043213, delay:0.1350294053554535, throughput:4070
episode:193/250, real avg travel time:213.7982800982801
step:3600/3600, q_loss:5.072601298808068e-06, rewards:-2.6240429878234863, queue:1.09246027469635, delay:0.12973803281784058, throughput:4073
episode:194/250, real avg travel time:201.40707095506997
step:3600/3600, q_loss:7.221480740958618e-06, rewards:-2.597430467605591, queue:1.0899471044540405, delay:0.12834325432777405, throughput:4073
episode:195/250, real avg travel time:202.1384728701203
Test step:195/250, travel time :234.879939969985, rewards:-3.3874714374542236, queue:1.292460322380066, delay:0.14692337810993195, throughput:3998
step:3600/3600, q_loss:9.84846491418365e-06, rewards:-2.7291014194488525, queue:1.09246027469635, delay:0.12976863980293274, throughput:4071
episode:196/250, real avg travel time:202.05109309751904
step:3600/3600, q_loss:6.99486843384673e-06, rewards:-2.637418746948242, queue:1.084259271621704, delay:0.12881550192832947, throughput:4074
episode:197/250, real avg travel time:203.05081001472755
step:3600/3600, q_loss:3.101273177890107e-05, rewards:-2.835069417953491, queue:1.1440476179122925, delay:0.13435803353786469, throughput:4062
episode:198/250, real avg travel time:206.03446578040374
step:3600/3600, q_loss:1.7206615302711727e-05, rewards:-2.8483951091766357, queue:1.139814853668213, delay:0.13300415873527527, throughput:4064
episode:199/250, real avg travel time:201.21628937007873
step:3600/3600, q_loss:1.9143090927779364e-05, rewards:-2.6220622062683105, queue:1.0732804536819458, delay:0.1280294954776764, throughput:4070
episode:200/250, real avg travel time:201.94570024570024
Test step:200/250, travel time :244.57478152309614, rewards:-4.67198371887207, queue:1.5984127521514893, delay:0.15717534720897675, throughput:4005
step:3600/3600, q_loss:1.3384000259166997e-05, rewards:-2.9753222465515137, queue:1.182010531425476, delay:0.13451887667179108, throughput:4060
episode:201/250, real avg travel time:203.89310344827587
step:3600/3600, q_loss:2.4913302493385143e-06, rewards:-3.061016798019409, queue:1.191269874572754, delay:0.13693535327911377, throughput:4067
episode:202/250, real avg travel time:206.56798623063682
step:3600/3600, q_loss:6.072061862343819e-06, rewards:-3.1731808185577393, queue:1.1937830448150635, delay:0.13731245696544647, throughput:4061
episode:203/250, real avg travel time:205.4722974636789
step:3600/3600, q_loss:6.68766446728518e-06, rewards:-2.8996894359588623, queue:1.1456348896026611, delay:0.1344173103570938, throughput:4069
episode:204/250, real avg travel time:201.80855246989432
step:3600/3600, q_loss:4.370182189935198e-06, rewards:-2.9239277839660645, queue:1.1615079641342163, delay:0.1361314356327057, throughput:4063
episode:205/250, real avg travel time:202.8518336204775
Test step:205/250, travel time :225.80442896242846, rewards:-3.5137720108032227, queue:1.2809523344039917, delay:0.14584873616695404, throughput:4019
step:3600/3600, q_loss:2.2862397963763213e-05, rewards:-3.0728633403778076, queue:1.178174614906311, delay:0.13425971567630768, throughput:4077
episode:206/250, real avg travel time:206.25435369143977
step:3600/3600, q_loss:0.00016005153960981666, rewards:-4.324125289916992, queue:1.4501322507858276, delay:0.1353730708360672, throughput:4075
episode:207/250, real avg travel time:216.8723926380368
step:3600/3600, q_loss:6.542788762292023e-05, rewards:-4.403234958648682, queue:1.3958994150161743, delay:0.144755557179451, throughput:4062
episode:208/250, real avg travel time:208.3138847858198
step:3600/3600, q_loss:1.309076097742137e-05, rewards:-2.9524481296539307, queue:1.151719570159912, delay:0.1352718621492386, throughput:4072
episode:209/250, real avg travel time:203.34037328094303
step:3600/3600, q_loss:2.1768612492046992e-05, rewards:-3.1765546798706055, queue:1.2247354984283447, delay:0.13833710551261902, throughput:4065
episode:210/250, real avg travel time:208.56851168511685
Test step:210/250, travel time :201.15578999018646, rewards:-2.7558467388153076, queue:1.091269850730896, delay:0.13098861277103424, throughput:4076
step:3600/3600, q_loss:2.2016308341537498e-05, rewards:-2.844928026199341, queue:1.1316137313842773, delay:0.13290460407733917, throughput:4068
episode:211/250, real avg travel time:201.51401179941004
step:3600/3600, q_loss:8.10095403317569e-06, rewards:-2.6759278774261475, queue:1.0845237970352173, delay:0.13023623824119568, throughput:4071
episode:212/250, real avg travel time:200.95038074183248
step:3600/3600, q_loss:7.757499111499379e-05, rewards:-3.617687225341797, queue:1.2937830686569214, delay:0.13469287753105164, throughput:4067
episode:213/250, real avg travel time:213.41873616916646
step:3600/3600, q_loss:8.136044157759493e-06, rewards:-2.6673974990844727, queue:1.0720899105072021, delay:0.12854492664337158, throughput:4067
episode:214/250, real avg travel time:202.334644701254
step:3600/3600, q_loss:1.853779710169571e-05, rewards:-2.9614834785461426, queue:1.1572750806808472, delay:0.13308587670326233, throughput:4064
episode:215/250, real avg travel time:208.98695866141733
Test step:215/250, travel time :201.42282208588958, rewards:-2.621438980102539, queue:1.076454997062683, delay:0.12639698386192322, throughput:4075
step:3600/3600, q_loss:5.40434767673206e-06, rewards:-2.742457866668701, queue:1.0859788656234741, delay:0.13038571178913116, throughput:4069
episode:216/250, real avg travel time:200.2565740968297
step:3600/3600, q_loss:6.3981500716181475e-06, rewards:-2.6747934818267822, queue:1.0898147821426392, delay:0.1295081228017807, throughput:4067
episode:217/250, real avg travel time:203.66707646914188
step:3600/3600, q_loss:8.394766417849395e-06, rewards:-2.6752703189849854, queue:1.0940476655960083, delay:0.12957817316055298, throughput:4066
episode:218/250, real avg travel time:202.83546483030005
step:3600/3600, q_loss:9.408600049533157e-06, rewards:-2.7302067279815674, queue:1.093915343284607, delay:0.12975260615348816, throughput:4073
episode:219/250, real avg travel time:203.75693591946967
step:3600/3600, q_loss:1.9704525443052668e-05, rewards:-2.915168285369873, queue:1.1736772060394287, delay:0.13172917068004608, throughput:4070
episode:220/250, real avg travel time:206.94275184275185
Test step:220/250, travel time :203.08791748526522, rewards:-2.6290128231048584, queue:1.0858465433120728, delay:0.12813496589660645, throughput:4072
step:3600/3600, q_loss:1.3181006094479623e-05, rewards:-2.669051170349121, queue:1.0785714387893677, delay:0.12625466287136078, throughput:4073
episode:221/250, real avg travel time:200.24969310090842
step:3600/3600, q_loss:1.0476779910580566e-05, rewards:-2.5338504314422607, queue:1.0466930866241455, delay:0.1262844204902649, throughput:4073
episode:222/250, real avg travel time:200.42769457402406
step:3600/3600, q_loss:1.698209881497961e-05, rewards:-3.047407388687134, queue:1.1865079402923584, delay:0.1351180523633957, throughput:4075
episode:223/250, real avg travel time:214.98969325153374
step:3600/3600, q_loss:8.430856865339188e-06, rewards:-2.599789619445801, queue:1.0767195224761963, delay:0.13060346245765686, throughput:4071
episode:224/250, real avg travel time:200.04028494227464
step:3600/3600, q_loss:9.328518353868276e-06, rewards:-2.657787322998047, queue:1.0637565851211548, delay:0.12604519724845886, throughput:4067
episode:225/250, real avg travel time:201.84386525694615
Test step:225/250, travel time :233.33275946876537, rewards:-3.348098039627075, queue:1.266005277633667, delay:0.14164941012859344, throughput:4066
step:3600/3600, q_loss:5.822894511058823e-06, rewards:-2.642106533050537, queue:1.0984127521514893, delay:0.1295672208070755, throughput:4065
episode:226/250, real avg travel time:202.34760147601477
step:3600/3600, q_loss:3.7226108462265177e-06, rewards:-2.5771546363830566, queue:1.0829365253448486, delay:0.13018406927585602, throughput:4074
episode:227/250, real avg travel time:205.35174275895926
step:3600/3600, q_loss:7.440086644944838e-07, rewards:-2.6434991359710693, queue:1.0870370864868164, delay:0.1295066922903061, throughput:4075
episode:228/250, real avg travel time:208.15779141104295
step:3600/3600, q_loss:1.1355293140190447e-05, rewards:-2.6696624755859375, queue:1.0927249193191528, delay:0.1298619657754898, throughput:4065
episode:229/250, real avg travel time:205.0789667896679
step:3600/3600, q_loss:1.0094974580473112e-05, rewards:-2.6692607402801514, queue:1.1092592477798462, delay:0.13019201159477234, throughput:4068
episode:230/250, real avg travel time:205.2760570304818
Test step:230/250, travel time :229.28497536945812, rewards:-2.935379981994629, queue:1.167724847793579, delay:0.1372092366218567, throughput:4060
step:3600/3600, q_loss:1.8081254287001987e-06, rewards:-2.6664083003997803, queue:1.0957671403884888, delay:0.12960006296634674, throughput:4071
episode:231/250, real avg travel time:207.29157455170719
step:3600/3600, q_loss:8.42858201698012e-06, rewards:-2.7700350284576416, queue:1.125, delay:0.1287519335746765, throughput:4069
episode:232/250, real avg travel time:207.7532563283362
step:3600/3600, q_loss:0.00011044020728958356, rewards:-4.187843322753906, queue:1.5014550685882568, delay:0.14259544014930725, throughput:3972
episode:233/250, real avg travel time:234.97834843907353
step:3600/3600, q_loss:1.028445856516353e-05, rewards:-2.684720277786255, queue:1.1115078926086426, delay:0.1337750107049942, throughput:4073
episode:234/250, real avg travel time:206.06997299287994
step:3600/3600, q_loss:5.076446440297231e-06, rewards:-2.842205047607422, queue:1.1473544836044312, delay:0.13315053284168243, throughput:4073
episode:235/250, real avg travel time:207.15958752762091
Test step:235/250, travel time :227.42330383480825, rewards:-3.0077106952667236, queue:1.149735450744629, delay:0.13413801789283752, throughput:4068
step:3600/3600, q_loss:0.00012597557684380768, rewards:-3.9159960746765137, queue:1.367724895477295, delay:0.13698524236679077, throughput:4076
episode:236/250, real avg travel time:230.21933267909716
step:3600/3600, q_loss:4.938659650280089e-06, rewards:-2.7427453994750977, queue:1.1115078926086426, delay:0.13426192104816437, throughput:4071
episode:237/250, real avg travel time:206.16752640628837
step:3600/3600, q_loss:9.157427161375786e-06, rewards:-2.6044039726257324, queue:1.0976190567016602, delay:0.1304129660129547, throughput:4072
episode:238/250, real avg travel time:206.6642927308448
step:3600/3600, q_loss:8.461425485519511e-05, rewards:-3.448465347290039, queue:1.2191798686981201, delay:0.1298699527978897, throughput:4078
episode:239/250, real avg travel time:214.3523786169691
step:3600/3600, q_loss:1.156394911150629e-05, rewards:-2.71121883392334, queue:1.0976190567016602, delay:0.12719769775867462, throughput:4071
episode:240/250, real avg travel time:205.6617538688283
Test step:240/250, travel time :205.1733890801771, rewards:-2.494377374649048, queue:1.024735450744629, delay:0.12454304099082947, throughput:4066
step:3600/3600, q_loss:9.3736220151186e-06, rewards:-2.630812168121338, queue:1.0945767164230347, delay:0.13094589114189148, throughput:4071
episode:241/250, real avg travel time:203.32129697862933
step:3600/3600, q_loss:5.962148861726746e-06, rewards:-2.6119344234466553, queue:1.0678571462631226, delay:0.1264197826385498, throughput:4066
episode:242/250, real avg travel time:201.9490900147565
step:3600/3600, q_loss:7.4482330496215986e-06, rewards:-2.525264263153076, queue:1.0396825075149536, delay:0.12453878670930862, throughput:4065
episode:243/250, real avg travel time:203.40639606396064
step:3600/3600, q_loss:5.528319897065457e-05, rewards:-3.46610164642334, queue:1.2112433910369873, delay:0.13203099370002747, throughput:4068
episode:244/250, real avg travel time:216.58923303834808
step:3600/3600, q_loss:9.026605039252899e-06, rewards:-2.583430051803589, queue:1.0629630088806152, delay:0.12737898528575897, throughput:4073
episode:245/250, real avg travel time:203.93420083476553
Test step:245/250, travel time :202.99754118514875, rewards:-2.601468324661255, queue:1.0641534328460693, delay:0.1261434704065323, throughput:4067
step:3600/3600, q_loss:8.480010243753593e-06, rewards:-2.759110927581787, queue:1.1093915700912476, delay:0.12892994284629822, throughput:4066
episode:246/250, real avg travel time:207.15346778160355
step:3600/3600, q_loss:1.5118834845553567e-05, rewards:-3.0364925861358643, queue:1.2207671403884888, delay:0.13256362080574036, throughput:4073
episode:247/250, real avg travel time:214.21703903756446
step:3600/3600, q_loss:4.267272904851577e-06, rewards:-2.7951364517211914, queue:1.1141533851623535, delay:0.13000339269638062, throughput:4071
episode:248/250, real avg travel time:204.00589535740605
step:3600/3600, q_loss:1.1679203877671777e-05, rewards:-2.644181966781616, queue:1.085714340209961, delay:0.1280815750360489, throughput:4070
episode:249/250, real avg travel time:206.78304668304668
Hyperparameters saved to: data/output_data/tsc/sumo_hyperlight_mappo/sumo1x21/qr9_sumo1x21_seed0/hyperparameters.json
Loaded best checkpoint for final evaluation
Final Travel Time is 200.0324, mean rewards: -2.5270, queue: 1.0390, delay: 0.1226, throughput: 4068
Total time taken: 14279.108661651611
