step:3600/3600, q_loss:0.000834945514280763, rewards:-16.562877655029297, queue:5.210846424102783, delay:0.24794608354568481, throughput:3510
episode:0/250, real avg travel time:364.4079772079772
Test step:0/250, travel time :564.9207360226469, rewards:-38.84721755981445, queue:12.003835678100586, delay:0.33694183826446533, throughput:1413
New best TEST travel time 564.9207 at episode 0, saved as best checkpoint
step:3600/3600, q_loss:0.0010070228638748328, rewards:-18.479631423950195, queue:5.673148155212402, delay:0.24776685237884521, throughput:3403
episode:1/250, real avg travel time:371.05994710549516
step:3600/3600, q_loss:0.0009313199332811766, rewards:-18.97088623046875, queue:5.990476131439209, delay:0.2508698105812073, throughput:3425
episode:2/250, real avg travel time:366.8213138686131
step:3600/3600, q_loss:0.0005177481242248581, rewards:-16.67681312561035, queue:5.293915271759033, delay:0.23737287521362305, throughput:3534
episode:3/250, real avg travel time:366.7184493491794
step:3600/3600, q_loss:0.0007363278263558944, rewards:-17.2768611907959, queue:5.1465606689453125, delay:0.23677659034729004, throughput:3479
episode:4/250, real avg travel time:384.5139407875826
step:3600/3600, q_loss:0.00027122301269426113, rewards:-12.731743812561035, queue:3.9140212535858154, delay:0.221714049577713, throughput:3720
episode:5/250, real avg travel time:347.5876344086021
Test step:5/250, travel time :413.2039877300613, rewards:-20.373594284057617, queue:5.512962818145752, delay:0.2779082953929901, throughput:1956
New best TEST travel time 413.2040 at episode 5, saved as best checkpoint
step:3600/3600, q_loss:0.00011147403484857124, rewards:-10.434874534606934, queue:3.2902116775512695, delay:0.2096766233444214, throughput:3627
episode:6/250, real avg travel time:346.76812792941826
step:3600/3600, q_loss:0.0005527812858215637, rewards:-15.272506713867188, queue:4.392063617706299, delay:0.22827908396720886, throughput:3521
episode:7/250, real avg travel time:385.934393638171
step:3600/3600, q_loss:7.009760188844261e-05, rewards:-9.148921012878418, queue:2.878835916519165, delay:0.19963161647319794, throughput:3825
episode:8/250, real avg travel time:333.8588235294118
step:3600/3600, q_loss:5.909675932748036e-05, rewards:-7.876780986785889, queue:2.4883596897125244, delay:0.19280660152435303, throughput:3871
episode:9/250, real avg travel time:309.2273314389047
step:3600/3600, q_loss:1.7269806671215015e-05, rewards:-5.5325093269348145, queue:1.8968254327774048, delay:0.17004454135894775, throughput:4018
episode:10/250, real avg travel time:262.39323046291685
Test step:10/250, travel time :405.3129801860089, rewards:-19.261173248291016, queue:5.4373016357421875, delay:0.24722060561180115, throughput:2473
New best TEST travel time 405.3130 at episode 10, saved as best checkpoint
step:3600/3600, q_loss:2.8810365054394222e-05, rewards:-5.73599910736084, queue:1.926455020904541, delay:0.1685733050107956, throughput:3992
episode:11/250, real avg travel time:265.64754509018036
step:3600/3600, q_loss:4.847106983005586e-06, rewards:-5.331934452056885, queue:1.8611111640930176, delay:0.16572721302509308, throughput:4008
episode:12/250, real avg travel time:261.3198602794411
step:3600/3600, q_loss:7.154797155332442e-05, rewards:-7.153671741485596, queue:2.273545026779175, delay:0.18043284118175507, throughput:3989
episode:13/250, real avg travel time:302.13336675858613
step:3600/3600, q_loss:4.220728765681593e-06, rewards:-4.667644023895264, queue:1.641005277633667, delay:0.15809687972068787, throughput:4026
episode:14/250, real avg travel time:242.44858420268255
step:3600/3600, q_loss:2.523416090601434e-07, rewards:-4.641934394836426, queue:1.6227513551712036, delay:0.1543760597705841, throughput:4041
episode:15/250, real avg travel time:228.92427616926503
Test step:15/250, travel time :301.03238636363636, rewards:-11.925610542297363, queue:3.714550256729126, delay:0.19657953083515167, throughput:3520
New best TEST travel time 301.0324 at episode 15, saved as best checkpoint
step:3600/3600, q_loss:-8.709382220533573e-06, rewards:-4.829490661621094, queue:1.6931216716766357, delay:0.16172181069850922, throughput:4048
episode:16/250, real avg travel time:238.37648221343875
step:3600/3600, q_loss:-1.4955431106500328e-05, rewards:-4.38178825378418, queue:1.5538359880447388, delay:0.15607216954231262, throughput:4054
episode:17/250, real avg travel time:224.9615194869265
step:3600/3600, q_loss:-7.028799154795707e-06, rewards:-4.253862380981445, queue:1.5357142686843872, delay:0.15313245356082916, throughput:4068
episode:18/250, real avg travel time:227.8114552605703
step:3600/3600, q_loss:-7.010744916947766e-06, rewards:-4.0411295890808105, queue:1.4443122148513794, delay:0.1493672877550125, throughput:4063
episode:19/250, real avg travel time:221.92788579867093
step:3600/3600, q_loss:3.645279769746897e-05, rewards:-5.014492034912109, queue:1.6673280000686646, delay:0.15556325018405914, throughput:4049
episode:20/250, real avg travel time:236.85749567794517
Test step:20/250, travel time :436.14570858283435, rewards:-17.67934799194336, queue:5.631349086761475, delay:0.22496065497398376, throughput:2505
step:3600/3600, q_loss:-4.294064435978524e-06, rewards:-4.056911945343018, queue:1.4396824836730957, delay:0.15185685455799103, throughput:4056
episode:21/250, real avg travel time:223.05226824457594
step:3600/3600, q_loss:-1.0429013895595239e-05, rewards:-4.33246374130249, queue:1.5179893970489502, delay:0.15272703766822815, throughput:4056
episode:22/250, real avg travel time:233.71055226824458
step:3600/3600, q_loss:1.812468294196555e-05, rewards:-4.734996318817139, queue:1.6318782567977905, delay:0.1513950675725937, throughput:4060
episode:23/250, real avg travel time:237.01576354679804
step:3600/3600, q_loss:4.618227426868139e-06, rewards:-4.507181167602539, queue:1.54365074634552, delay:0.1523818075656891, throughput:4064
episode:24/250, real avg travel time:228.7802657480315
step:3600/3600, q_loss:-5.260691978037357e-07, rewards:-3.6533796787261963, queue:1.3297618627548218, delay:0.14244259893894196, throughput:4021
episode:25/250, real avg travel time:221.1643869684158
Test step:25/250, travel time :386.3234641006662, rewards:-13.997580528259277, queue:4.396031856536865, delay:0.201264888048172, throughput:2702
step:3600/3600, q_loss:-1.2012084496543845e-05, rewards:-3.6464152336120605, queue:1.3294973373413086, delay:0.1424056887626648, throughput:4050
episode:26/250, real avg travel time:219.76024691358026
step:3600/3600, q_loss:-2.553244929812435e-06, rewards:-3.518738031387329, queue:1.273809552192688, delay:0.1422300487756729, throughput:4049
episode:27/250, real avg travel time:212.14324524573968
step:3600/3600, q_loss:-1.0172239813578523e-05, rewards:-3.3593075275421143, queue:1.2784391641616821, delay:0.13754840195178986, throughput:4067
episode:28/250, real avg travel time:216.1640029505778
step:3600/3600, q_loss:-5.50011423506981e-06, rewards:-3.2956905364990234, queue:1.2362433671951294, delay:0.13770656287670135, throughput:4063
episode:29/250, real avg travel time:212.15062761506277
step:3600/3600, q_loss:-6.000417892614173e-06, rewards:-3.517606019973755, queue:1.2727513313293457, delay:0.13919973373413086, throughput:4067
episode:30/250, real avg travel time:216.33611999016475
Test step:30/250, travel time :332.69507186858317, rewards:-11.889006614685059, queue:3.6720900535583496, delay:0.19597482681274414, throughput:2922
step:3600/3600, q_loss:-4.907490155245695e-06, rewards:-3.1904280185699463, queue:1.2105820178985596, delay:0.1361687332391739, throughput:4067
episode:31/250, real avg travel time:206.32480944184903
step:3600/3600, q_loss:-5.43829567808037e-06, rewards:-3.3406691551208496, queue:1.2419312000274658, delay:0.13924549520015717, throughput:4068
episode:32/250, real avg travel time:211.61553588987218
step:3600/3600, q_loss:-1.0270387752421407e-05, rewards:-3.2219791412353516, queue:1.2181216478347778, delay:0.13779501616954803, throughput:4059
episode:33/250, real avg travel time:211.740083764474
step:3600/3600, q_loss:-8.320023375239947e-06, rewards:-3.1039583683013916, queue:1.1765873432159424, delay:0.13365763425827026, throughput:3978
episode:34/250, real avg travel time:212.79889391654098
step:3600/3600, q_loss:-1.3625941129349586e-05, rewards:-3.081892967224121, queue:1.169179916381836, delay:0.1347418874502182, throughput:3956
episode:35/250, real avg travel time:210.2644084934277
Test step:35/250, travel time :351.72769450392576, rewards:-11.177254676818848, queue:3.6281745433807373, delay:0.2083737701177597, throughput:2802
step:3600/3600, q_loss:-4.288163715197394e-06, rewards:-2.9695193767547607, queue:1.1326719522476196, delay:0.13340237736701965, throughput:3933
episode:36/250, real avg travel time:209.4604627510806
step:3600/3600, q_loss:-9.176040960786242e-06, rewards:-2.983933448791504, queue:1.1153439283370972, delay:0.13058991730213165, throughput:3997
episode:37/250, real avg travel time:213.14060545409058
step:3600/3600, q_loss:-4.691063885628763e-06, rewards:-2.9459068775177, queue:1.104629635810852, delay:0.1343647986650467, throughput:4006
episode:38/250, real avg travel time:214.5134797803295
step:3600/3600, q_loss:7.489444081632731e-05, rewards:-3.9358410835266113, queue:1.3661376237869263, delay:0.13811464607715607, throughput:3971
episode:39/250, real avg travel time:227.37219843868044
step:3600/3600, q_loss:-8.389284024209095e-06, rewards:-3.080915927886963, queue:1.1355819702148438, delay:0.13347043097019196, throughput:3905
episode:40/250, real avg travel time:217.38284250960308
Test step:40/250, travel time :237.47755102040816, rewards:-5.626741886138916, queue:2.0600528717041016, delay:0.16133356094360352, throughput:3675
New best TEST travel time 237.4776 at episode 40, saved as best checkpoint
step:3600/3600, q_loss:-3.2490923735571818e-06, rewards:-2.914210796356201, queue:1.0902116298675537, delay:0.1295102834701538, throughput:3920
episode:41/250, real avg travel time:206.96147959183673
step:3600/3600, q_loss:-8.784560001610468e-06, rewards:-3.103522777557373, queue:1.1555556058883667, delay:0.13390322029590607, throughput:3959
episode:42/250, real avg travel time:214.3551401869159
step:3600/3600, q_loss:-8.96656654529377e-06, rewards:-2.838404417037964, queue:1.0871692895889282, delay:0.12993481755256653, throughput:3999
episode:43/250, real avg travel time:207.26431607901975
step:3600/3600, q_loss:-5.522999870461515e-06, rewards:-3.008221387863159, queue:1.1247354745864868, delay:0.1320495754480362, throughput:3975
episode:44/250, real avg travel time:210.80427672955975
step:3600/3600, q_loss:-8.164676789116735e-06, rewards:-2.740875720977783, queue:1.0571428537368774, delay:0.12951572239398956, throughput:4005
episode:45/250, real avg travel time:205.77353308364545
Test step:45/250, travel time :260.30145644407804, rewards:-5.774645805358887, queue:2.0966930389404297, delay:0.1562270224094391, throughput:3639
step:3600/3600, q_loss:-8.569680155940457e-06, rewards:-2.8335511684417725, queue:1.0801587104797363, delay:0.12920114398002625, throughput:3977
episode:46/250, real avg travel time:209.17299471963793
step:3600/3600, q_loss:-5.806086159686351e-06, rewards:-3.144378900527954, queue:1.150529146194458, delay:0.13363245129585266, throughput:3964
episode:47/250, real avg travel time:218.42759838546922
step:3600/3600, q_loss:-6.193137677554559e-06, rewards:-2.903742551803589, queue:1.081745982170105, delay:0.13051563501358032, throughput:3929
episode:48/250, real avg travel time:216.20819546958515
step:3600/3600, q_loss:-4.315248305728245e-06, rewards:-2.8569884300231934, queue:1.0750000476837158, delay:0.1307024210691452, throughput:3919
episode:49/250, real avg travel time:203.0558816024496
step:3600/3600, q_loss:-1.5579470426827256e-06, rewards:-2.9071102142333984, queue:1.073544979095459, delay:0.12933389842510223, throughput:3898
episode:50/250, real avg travel time:206.17213955874809
Test step:50/250, travel time :260.889970262233, rewards:-5.773914337158203, queue:2.0239417552948, delay:0.15606863796710968, throughput:3699
step:3600/3600, q_loss:-3.45048279592043e-06, rewards:-2.9640004634857178, queue:1.0867724418640137, delay:0.1285119652748108, throughput:3930
episode:51/250, real avg travel time:210.53180661577608
step:3600/3600, q_loss:-4.252726608279368e-06, rewards:-3.095329523086548, queue:1.136640191078186, delay:0.1327347457408905, throughput:3923
episode:52/250, real avg travel time:214.2031608462911
step:3600/3600, q_loss:-1.6327301434810377e-06, rewards:-2.7360031604766846, queue:1.03253972530365, delay:0.1253943145275116, throughput:3926
episode:53/250, real avg travel time:208.73331635252165
step:3600/3600, q_loss:-4.225534697373708e-06, rewards:-2.8121719360351562, queue:1.071825385093689, delay:0.12879976630210876, throughput:3955
episode:54/250, real avg travel time:206.009608091024
step:3600/3600, q_loss:-6.802771410245138e-06, rewards:-2.693080425262451, queue:1.034656047821045, delay:0.12670162320137024, throughput:3925
episode:55/250, real avg travel time:205.51847133757963
Test step:55/250, travel time :230.58033826638479, rewards:-3.559344530105591, queue:1.416005253791809, delay:0.13493750989437103, throughput:3784
New best TEST travel time 230.5803 at episode 55, saved as best checkpoint
step:3600/3600, q_loss:-2.797366929977822e-06, rewards:-2.7201449871063232, queue:1.0103174448013306, delay:0.12323757261037827, throughput:3924
episode:56/250, real avg travel time:209.9459734964322
step:3600/3600, q_loss:-6.78543514772577e-06, rewards:-2.597292184829712, queue:0.993915319442749, delay:0.12375044077634811, throughput:3923
episode:57/250, real avg travel time:204.94544991078257
step:3600/3600, q_loss:1.7302057434183856e-07, rewards:-2.7473247051239014, queue:1.0376983880996704, delay:0.12683925032615662, throughput:3934
episode:58/250, real avg travel time:208.37010676156584
step:3600/3600, q_loss:1.193105385431813e-06, rewards:-2.6768364906311035, queue:1.0144180059432983, delay:0.12356717884540558, throughput:3926
episode:59/250, real avg travel time:207.77636271013753
step:3600/3600, q_loss:-2.072570957049417e-06, rewards:-2.6172916889190674, queue:0.9998677372932434, delay:0.12389584630727768, throughput:3950
episode:60/250, real avg travel time:205.1187341772152
Test step:60/250, travel time :217.28526481384372, rewards:-3.046499013900757, queue:1.2193121910095215, delay:0.1315757930278778, throughput:3814
New best TEST travel time 217.2853 at episode 60, saved as best checkpoint
step:3600/3600, q_loss:-4.74936023238115e-06, rewards:-2.689915657043457, queue:1.010449767112732, delay:0.12219279259443283, throughput:3947
episode:61/250, real avg travel time:210.17760324296935
step:3600/3600, q_loss:-1.886506248006804e-08, rewards:-2.6540470123291016, queue:1.0085978507995605, delay:0.12276456505060196, throughput:3948
episode:62/250, real avg travel time:207.72619047619048
step:3600/3600, q_loss:-7.1782602592267925e-06, rewards:-2.7145180702209473, queue:1.0396825075149536, delay:0.123975470662117, throughput:3959
episode:63/250, real avg travel time:207.5049254862339
step:3600/3600, q_loss:4.1681746046783196e-07, rewards:-2.749014377593994, queue:1.033730149269104, delay:0.12455981969833374, throughput:3968
episode:64/250, real avg travel time:208.78099798387098
step:3600/3600, q_loss:1.7845248092069394e-06, rewards:-2.505073070526123, queue:0.9895502924919128, delay:0.12376158684492111, throughput:3906
episode:65/250, real avg travel time:204.7711213517665
Test step:65/250, travel time :202.57019832985387, rewards:-2.3010995388031006, queue:0.9448412656784058, delay:0.12482083588838577, throughput:3832
New best TEST travel time 202.5702 at episode 65, saved as best checkpoint
step:3600/3600, q_loss:-2.943004963324509e-06, rewards:-2.579845666885376, queue:0.9793650507926941, delay:0.12244143337011337, throughput:3907
episode:66/250, real avg travel time:205.61274635270027
step:3600/3600, q_loss:-1.4339462116671106e-06, rewards:-2.5169425010681152, queue:0.9751322865486145, delay:0.12278204411268234, throughput:3943
episode:67/250, real avg travel time:204.33933553132132
step:3600/3600, q_loss:5.9826975403767495e-06, rewards:-2.9663541316986084, queue:1.1010582447052002, delay:0.12639737129211426, throughput:3964
episode:68/250, real avg travel time:216.09258324924318
step:3600/3600, q_loss:-2.211119054764923e-06, rewards:-2.6466877460479736, queue:1.020370364189148, delay:0.12497996538877487, throughput:3991
episode:69/250, real avg travel time:212.46980706589827
step:3600/3600, q_loss:5.145164161351406e-06, rewards:-2.6392693519592285, queue:1.000925898551941, delay:0.1223723366856575, throughput:4009
episode:70/250, real avg travel time:208.90072337241207
Test step:70/250, travel time :224.73253925284246, rewards:-3.592876434326172, queue:1.2617725133895874, delay:0.12866708636283875, throughput:3694
step:3600/3600, q_loss:-5.250237841715312e-06, rewards:-2.4876928329467773, queue:1.0001323223114014, delay:0.12065314501523972, throughput:4012
episode:71/250, real avg travel time:213.5418743768694
step:3600/3600, q_loss:-7.202662042497347e-06, rewards:-2.4864158630371094, queue:0.9658730030059814, delay:0.12057959288358688, throughput:3937
episode:72/250, real avg travel time:206.06654813309626
step:3600/3600, q_loss:-5.243645783694875e-06, rewards:-2.5295989513397217, queue:0.9933862686157227, delay:0.12197363376617432, throughput:3980
episode:73/250, real avg travel time:206.8286432160804
step:3600/3600, q_loss:-1.2182620897268256e-07, rewards:-2.4611778259277344, queue:0.9657407402992249, delay:0.12128990888595581, throughput:3937
episode:74/250, real avg travel time:205.54533909067817
step:3600/3600, q_loss:-1.106032222095463e-06, rewards:-2.4282965660095215, queue:0.9813492298126221, delay:0.12248747795820236, throughput:4026
episode:75/250, real avg travel time:209.55166418281172
Test step:75/250, travel time :204.60609216349908, rewards:-2.489081859588623, queue:0.983730137348175, delay:0.12512952089309692, throughput:3841
step:3600/3600, q_loss:-5.543025326915085e-06, rewards:-2.337764263153076, queue:0.9501322507858276, delay:0.12205115705728531, throughput:3952
episode:76/250, real avg travel time:202.68572874493927
step:3600/3600, q_loss:-1.348937318349878e-06, rewards:-2.6835124492645264, queue:1.031084656715393, delay:0.1226709708571434, throughput:3972
episode:77/250, real avg travel time:213.47759315206446
step:3600/3600, q_loss:3.469778352559337e-06, rewards:-2.5128393173217773, queue:0.9718254208564758, delay:0.11956103891134262, throughput:3948
episode:78/250, real avg travel time:207.7679837892604
step:3600/3600, q_loss:-3.7808980980318867e-06, rewards:-2.318084478378296, queue:0.9273809790611267, delay:0.1181621253490448, throughput:3920
episode:79/250, real avg travel time:203.90459183673468
step:3600/3600, q_loss:8.332286597578786e-06, rewards:-2.691732406616211, queue:1.0149470567703247, delay:0.12308377772569656, throughput:3968
episode:80/250, real avg travel time:216.6547379032258
Test step:80/250, travel time :205.73025801407348, rewards:-2.286965847015381, queue:0.9234126806259155, delay:0.119399793446064, throughput:3837
step:3600/3600, q_loss:-5.953113820093373e-06, rewards:-2.537343740463257, queue:0.9981481432914734, delay:0.12257785350084305, throughput:3983
episode:81/250, real avg travel time:203.62013557619883
step:3600/3600, q_loss:7.279125485284668e-07, rewards:-2.512909173965454, queue:0.9646825194358826, delay:0.11837028712034225, throughput:3940
episode:82/250, real avg travel time:205.63324873096445
step:3600/3600, q_loss:-3.7999244038170826e-06, rewards:-2.410414695739746, queue:0.9593915343284607, delay:0.12308667600154877, throughput:3962
episode:83/250, real avg travel time:207.48864209994952
step:3600/3600, q_loss:8.629337874784444e-07, rewards:-2.529898166656494, queue:0.9789682626724243, delay:0.12244036793708801, throughput:3920
episode:84/250, real avg travel time:207.097193877551
step:3600/3600, q_loss:8.361620024920234e-06, rewards:-2.6858155727386475, queue:1.0382275581359863, delay:0.12344527244567871, throughput:3995
episode:85/250, real avg travel time:217.15018773466832
Test step:85/250, travel time :224.9605193428723, rewards:-3.3301172256469727, queue:1.1960316896438599, delay:0.1269550770521164, throughput:3774
step:3600/3600, q_loss:-8.220587106835511e-07, rewards:-2.3221991062164307, queue:0.9243386387825012, delay:0.1197727844119072, throughput:3929
episode:86/250, real avg travel time:206.4716212776788
step:3600/3600, q_loss:2.553557149238057e-06, rewards:-2.371793746948242, queue:0.925000011920929, delay:0.11830822378396988, throughput:3970
episode:87/250, real avg travel time:209.41385390428212
step:3600/3600, q_loss:1.6323448855675653e-05, rewards:-3.147484302520752, queue:1.07791006565094, delay:0.1244448572397232, throughput:3942
episode:88/250, real avg travel time:237.78792491121257
step:3600/3600, q_loss:-4.1966643847344025e-06, rewards:-2.7271554470062256, queue:0.9732804298400879, delay:0.12192025780677795, throughput:3906
episode:89/250, real avg travel time:234.73758320532514
step:3600/3600, q_loss:-6.201644444243154e-06, rewards:-2.5589351654052734, queue:0.9432539939880371, delay:0.11977268010377884, throughput:3939
episode:90/250, real avg travel time:230.72607260726073
Test step:90/250, travel time :254.3611258629846, rewards:-3.368680238723755, queue:1.120634913444519, delay:0.12513937056064606, throughput:3766
step:3600/3600, q_loss:4.900856260468976e-07, rewards:-2.589778423309326, queue:0.9769841432571411, delay:0.12008331716060638, throughput:3956
episode:91/250, real avg travel time:229.15546006066734
step:3600/3600, q_loss:7.040271262263155e-05, rewards:-3.6059179306030273, queue:1.1996031999588013, delay:0.12632036209106445, throughput:4011
episode:92/250, real avg travel time:258.2470705559711
step:3600/3600, q_loss:3.6658844085953508e-06, rewards:-2.711653232574463, queue:1.009523868560791, delay:0.12359818816184998, throughput:4053
episode:93/250, real avg travel time:237.35479891438442
step:3600/3600, q_loss:3.265790938813653e-05, rewards:-3.4727094173431396, queue:1.178174614906311, delay:0.12580569088459015, throughput:3962
episode:94/250, real avg travel time:266.18122160524985
step:3600/3600, q_loss:3.056730630406593e-05, rewards:-3.3545918464660645, queue:1.1768518686294556, delay:0.12693198025226593, throughput:3986
episode:95/250, real avg travel time:251.60311088810838
Test step:95/250, travel time :250.3593155893536, rewards:-4.422823905944824, queue:1.3785713911056519, delay:0.13219207525253296, throughput:3682
step:3600/3600, q_loss:2.0799180331070804e-05, rewards:-3.618121385574341, queue:1.2253968715667725, delay:0.1308843195438385, throughput:4002
episode:96/250, real avg travel time:246.7103948025987
step:3600/3600, q_loss:8.023165897207542e-05, rewards:-4.185426712036133, queue:1.3924603462219238, delay:0.1313435584306717, throughput:3982
episode:97/250, real avg travel time:268.4909593169262
step:3600/3600, q_loss:8.746268952866862e-05, rewards:-4.015764236450195, queue:1.3145502805709839, delay:0.1283946931362152, throughput:3967
episode:98/250, real avg travel time:252.3317368288379
step:3600/3600, q_loss:1.689713644736912e-05, rewards:-3.0849249362945557, queue:1.094709038734436, delay:0.12459556013345718, throughput:3945
episode:99/250, real avg travel time:245.03675538656526
step:3600/3600, q_loss:4.763551906863642e-06, rewards:-2.9141225814819336, queue:1.0335978269577026, delay:0.12228044867515564, throughput:3927
episode:100/250, real avg travel time:235.30863254392665
Test step:100/250, travel time :310.82152886115443, rewards:-12.034259796142578, queue:3.601454973220825, delay:0.1563132256269455, throughput:3205
step:3600/3600, q_loss:9.365868512153004e-05, rewards:-3.978590250015259, queue:1.2765872478485107, delay:0.12990625202655792, throughput:3979
episode:101/250, real avg travel time:241.13445589344056
step:3600/3600, q_loss:0.0007990063038758106, rewards:-8.68396282196045, queue:2.538095235824585, delay:0.13779519498348236, throughput:3524
episode:102/250, real avg travel time:318.4772985244041
step:3600/3600, q_loss:6.162011130881082e-06, rewards:-3.2701125144958496, queue:1.1235449314117432, delay:0.1276477426290512, throughput:3917
episode:103/250, real avg travel time:245.75159560888434
step:3600/3600, q_loss:0.00023527535959146916, rewards:-4.754798889160156, queue:1.4669312238693237, delay:0.1286986917257309, throughput:3854
episode:104/250, real avg travel time:261.50077841203944
step:3600/3600, q_loss:3.551160221427886e-06, rewards:-3.0405399799346924, queue:1.0661375522613525, delay:0.12551842629909515, throughput:4013
episode:105/250, real avg travel time:250.71069025666583
Test step:105/250, travel time :271.2030413967896, rewards:-6.660750389099121, queue:1.9333332777023315, delay:0.1398763805627823, throughput:3551
step:3600/3600, q_loss:8.440206107075533e-06, rewards:-3.0383212566375732, queue:1.0771163702011108, delay:0.12659193575382233, throughput:3995
episode:106/250, real avg travel time:234.48610763454317
step:3600/3600, q_loss:2.6279532499352677e-06, rewards:-3.0297322273254395, queue:1.048545002937317, delay:0.12416797876358032, throughput:3937
episode:107/250, real avg travel time:235.08686817373635
step:3600/3600, q_loss:2.5083225207506784e-06, rewards:-2.5396411418914795, queue:0.9829365015029907, delay:0.12241565436124802, throughput:4003
episode:108/250, real avg travel time:229.16787409442918
step:3600/3600, q_loss:-2.206051067332737e-06, rewards:-2.8102221488952637, queue:1.0455026626586914, delay:0.12447229027748108, throughput:3970
episode:109/250, real avg travel time:230.04508816120907
step:3600/3600, q_loss:5.331402078607223e-06, rewards:-2.7541048526763916, queue:1.0335978269577026, delay:0.12276790291070938, throughput:4023
episode:110/250, real avg travel time:231.03529704200844
Test step:110/250, travel time :260.2980443285528, rewards:-3.4116108417510986, queue:1.1567460298538208, delay:0.1260778158903122, throughput:3835
step:3600/3600, q_loss:2.3823191036677194e-06, rewards:-2.8929474353790283, queue:1.048015832901001, delay:0.12407075613737106, throughput:4007
episode:111/250, real avg travel time:241.69628150736213
step:3600/3600, q_loss:1.748327364718231e-06, rewards:-2.6650540828704834, queue:0.9965608716011047, delay:0.12253269553184509, throughput:4033
episode:112/250, real avg travel time:232.77163401934044
step:3600/3600, q_loss:1.4789043941871367e-06, rewards:-2.515258312225342, queue:0.9608465433120728, delay:0.12055286765098572, throughput:3964
episode:113/250, real avg travel time:228.74369323915238
step:3600/3600, q_loss:4.604851225546251e-06, rewards:-2.7309682369232178, queue:1.0108466148376465, delay:0.12160246074199677, throughput:3971
episode:114/250, real avg travel time:225.4016620498615
step:3600/3600, q_loss:3.6794873004611066e-05, rewards:-3.6593234539031982, queue:1.1978836059570312, delay:0.125911146402359, throughput:3874
episode:115/250, real avg travel time:229.10144553433145
Test step:115/250, travel time :275.6181616217717, rewards:-5.771812438964844, queue:1.6207672357559204, delay:0.13470971584320068, throughput:3601
step:3600/3600, q_loss:0.00010230391789163049, rewards:-4.194752216339111, queue:1.28253972530365, delay:0.12772881984710693, throughput:3891
episode:116/250, real avg travel time:256.1781033153431
step:3600/3600, q_loss:1.2303690770446944e-05, rewards:-3.359212875366211, queue:1.1120370626449585, delay:0.12422066926956177, throughput:3922
episode:117/250, real avg travel time:261.6529831718511
step:3600/3600, q_loss:7.807349094137963e-07, rewards:-2.9223108291625977, queue:1.0064815282821655, delay:0.12170564383268356, throughput:3896
episode:118/250, real avg travel time:240.34804928131416
step:3600/3600, q_loss:3.5131822692670136e-06, rewards:-2.7915215492248535, queue:1.0037037134170532, delay:0.11918285489082336, throughput:3887
episode:119/250, real avg travel time:231.21867764342682
step:3600/3600, q_loss:6.868002561127974e-05, rewards:-3.4085605144500732, queue:1.1787036657333374, delay:0.12528645992279053, throughput:3942
episode:120/250, real avg travel time:236.62430238457637
Test step:120/250, travel time :250.24960085151676, rewards:-3.610151529312134, queue:1.1835979223251343, delay:0.12679263949394226, throughput:3758
step:3600/3600, q_loss:2.1932002305725797e-06, rewards:-2.616645336151123, queue:0.9715608358383179, delay:0.12190359085798264, throughput:3968
episode:121/250, real avg travel time:219.09954637096774
step:3600/3600, q_loss:6.620400227903802e-05, rewards:-3.5933187007904053, queue:1.2222222089767456, delay:0.126454159617424, throughput:3996
episode:122/250, real avg travel time:247.3435935935936
step:3600/3600, q_loss:5.873835713524992e-07, rewards:-2.722090721130371, queue:0.9851852059364319, delay:0.12126285582780838, throughput:3901
episode:123/250, real avg travel time:229.68520892078953
step:3600/3600, q_loss:-3.8434438465628775e-06, rewards:-2.6624443531036377, queue:0.9849206209182739, delay:0.12019411474466324, throughput:3986
episode:124/250, real avg travel time:228.54867034621174
step:3600/3600, q_loss:1.189039830933325e-05, rewards:-2.6078665256500244, queue:0.9879629611968994, delay:0.12056565284729004, throughput:3975
episode:125/250, real avg travel time:223.79471698113207
Test step:125/250, travel time :241.8051538259269, rewards:-3.0608510971069336, queue:1.0404762029647827, delay:0.12416647374629974, throughput:3803
step:3600/3600, q_loss:2.448277559273669e-06, rewards:-2.733335494995117, queue:1.009523868560791, delay:0.12273627519607544, throughput:3964
episode:126/250, real avg travel time:228.65640766902118
step:3600/3600, q_loss:-4.592599321363701e-06, rewards:-2.5503878593444824, queue:0.9955026507377625, delay:0.12268628925085068, throughput:4031
episode:127/250, real avg travel time:228.03175390721904
step:3600/3600, q_loss:9.26707568901798e-05, rewards:-3.7383294105529785, queue:1.2644180059432983, delay:0.12781435251235962, throughput:3931
episode:128/250, real avg travel time:253.14779954210124
step:3600/3600, q_loss:-6.933004705287102e-06, rewards:-2.578655958175659, queue:1.0268518924713135, delay:0.12434989959001541, throughput:4051
episode:129/250, real avg travel time:227.468279437176
step:3600/3600, q_loss:2.6758353164445403e-06, rewards:-2.482991933822632, queue:0.9715608358383179, delay:0.12237390875816345, throughput:4028
episode:130/250, real avg travel time:228.08316782522343
Test step:130/250, travel time :251.2465152297367, rewards:-3.5196783542633057, queue:1.1498677730560303, delay:0.13133347034454346, throughput:3874
step:3600/3600, q_loss:-5.9869271758038345e-06, rewards:-2.432147264480591, queue:0.9768518805503845, delay:0.12029167264699936, throughput:4032
episode:131/250, real avg travel time:225.125248015873
step:3600/3600, q_loss:4.882024812913086e-05, rewards:-3.3571715354919434, queue:1.1814814805984497, delay:0.1265876442193985, throughput:4021
episode:132/250, real avg travel time:248.51032081571748
step:3600/3600, q_loss:1.4784562032825004e-05, rewards:-3.214092969894409, queue:1.1563491821289062, delay:0.12904030084609985, throughput:4026
episode:133/250, real avg travel time:239.48410332836562
step:3600/3600, q_loss:-2.1428359711232287e-06, rewards:-2.5553414821624756, queue:1.0108466148376465, delay:0.12639392912387848, throughput:4066
episode:134/250, real avg travel time:214.7560255779636
step:3600/3600, q_loss:-6.522540287632081e-07, rewards:-2.418651580810547, queue:0.9705026745796204, delay:0.12149928510189056, throughput:4053
episode:135/250, real avg travel time:217.0680977054034
Test step:135/250, travel time :238.02586882675726, rewards:-2.5383238792419434, queue:0.9599206447601318, delay:0.11856427788734436, throughput:3827
step:3600/3600, q_loss:-1.1772197790883688e-05, rewards:-2.3752760887145996, queue:0.9474867582321167, delay:0.11956661194562912, throughput:4031
episode:136/250, real avg travel time:212.426693128256
step:3600/3600, q_loss:-8.878858352545649e-07, rewards:-2.63983416557312, queue:1.0031746625900269, delay:0.12318935990333557, throughput:3961
episode:137/250, real avg travel time:226.24842211562736
step:3600/3600, q_loss:-6.2235687235240925e-06, rewards:-2.305358648300171, queue:0.9371693134307861, delay:0.11858806759119034, throughput:4029
episode:138/250, real avg travel time:217.16604616530157
step:3600/3600, q_loss:-8.825988738357814e-06, rewards:-2.319869041442871, queue:0.9390211701393127, delay:0.1198727935552597, throughput:4027
episode:139/250, real avg travel time:217.5808294015396
step:3600/3600, q_loss:3.5451664896552556e-06, rewards:-2.681051731109619, queue:0.9902116656303406, delay:0.12262607365846634, throughput:3981
episode:140/250, real avg travel time:229.5747299673449
Test step:140/250, travel time :297.92458345513006, rewards:-8.748261451721191, queue:2.405555486679077, delay:0.15280920267105103, throughput:3421
step:3600/3600, q_loss:4.198367071997685e-05, rewards:-3.2431254386901855, queue:1.133201003074646, delay:0.12758001685142517, throughput:3928
episode:141/250, real avg travel time:240.0364052953157
step:3600/3600, q_loss:7.615391182803756e-05, rewards:-3.3165719509124756, queue:1.1523809432983398, delay:0.12344996631145477, throughput:3935
episode:142/250, real avg travel time:242.38602287166455
step:3600/3600, q_loss:-7.576211929618795e-07, rewards:-2.3587169647216797, queue:0.9314814805984497, delay:0.11957944184541702, throughput:3967
episode:143/250, real avg travel time:233.5916309553819
step:3600/3600, q_loss:1.5707856315808993e-05, rewards:-2.836588144302368, queue:1.0419312715530396, delay:0.12319190800189972, throughput:3919
episode:144/250, real avg travel time:236.2370502679255
step:3600/3600, q_loss:0.00010869016712402097, rewards:-3.8290255069732666, queue:1.2371692657470703, delay:0.12464199960231781, throughput:3863
episode:145/250, real avg travel time:236.29847268961947
Test step:145/250, travel time :240.875856615709, rewards:-2.626946449279785, queue:0.9747354388237, delay:0.11922387778759003, throughput:3794
step:3600/3600, q_loss:2.1615266935744634e-06, rewards:-2.5028235912323, queue:0.956084668636322, delay:0.1180933341383934, throughput:3906
episode:146/250, real avg travel time:230.1036866359447
step:3600/3600, q_loss:2.391382016260953e-05, rewards:-3.085007667541504, queue:1.0715608596801758, delay:0.12126556038856506, throughput:3895
episode:147/250, real avg travel time:243.88908857509628
step:3600/3600, q_loss:6.796252475598724e-06, rewards:-2.9176652431488037, queue:1.064021110534668, delay:0.12437079101800919, throughput:3927
episode:148/250, real avg travel time:235.60988031576267
step:3600/3600, q_loss:1.7909529156491367e-06, rewards:-2.363246440887451, queue:0.9280423521995544, delay:0.11628153920173645, throughput:3887
episode:149/250, real avg travel time:215.81862618986364
step:3600/3600, q_loss:-4.257250111550093e-06, rewards:-2.569694757461548, queue:0.9656084775924683, delay:0.12136795371770859, throughput:3924
episode:150/250, real avg travel time:221.59327217125383
Test step:150/250, travel time :247.4659546061415, rewards:-3.4115633964538574, queue:1.1429893970489502, delay:0.12325624376535416, throughput:3745
step:3600/3600, q_loss:8.995274806188213e-05, rewards:-3.429572820663452, queue:1.1822751760482788, delay:0.12325280159711838, throughput:3950
episode:151/250, real avg travel time:254.84506329113924
step:3600/3600, q_loss:2.5883811758831145e-06, rewards:-2.461118459701538, queue:0.929894208908081, delay:0.11740104854106903, throughput:3926
episode:152/250, real avg travel time:221.43097300050943
step:3600/3600, q_loss:5.986322422460136e-07, rewards:-2.5689680576324463, queue:0.9452381134033203, delay:0.11899229884147644, throughput:3902
episode:153/250, real avg travel time:214.8869810353665
step:3600/3600, q_loss:5.923046369894615e-06, rewards:-2.739741802215576, queue:0.9809523820877075, delay:0.12004944682121277, throughput:3886
episode:154/250, real avg travel time:229.9269171384457
step:3600/3600, q_loss:4.419313457522852e-06, rewards:-2.4523980617523193, queue:0.9093915224075317, delay:0.11741027981042862, throughput:3930
episode:155/250, real avg travel time:234.3089058524173
Test step:155/250, travel time :244.07065931179406, rewards:-2.6137592792510986, queue:0.9716930985450745, delay:0.12254928052425385, throughput:3807
step:3600/3600, q_loss:-5.033823456162483e-06, rewards:-2.298933267593384, queue:0.8908730149269104, delay:0.11761374771595001, throughput:3936
episode:156/250, real avg travel time:224.2992886178862
step:3600/3600, q_loss:9.04693006305024e-05, rewards:-3.39245867729187, queue:1.1456348896026611, delay:0.11878618597984314, throughput:3897
episode:157/250, real avg travel time:236.48986399794714
step:3600/3600, q_loss:5.10545077203359e-06, rewards:-2.42082142829895, queue:0.9128307104110718, delay:0.11803321540355682, throughput:3930
episode:158/250, real avg travel time:224.42849872773536
step:3600/3600, q_loss:4.639535929729593e-05, rewards:-3.2219150066375732, queue:1.108201026916504, delay:0.11983229219913483, throughput:3919
episode:159/250, real avg travel time:237.68742026027047
step:3600/3600, q_loss:-1.0382322620393502e-06, rewards:-2.4617321491241455, queue:0.9220899343490601, delay:0.1179337128996849, throughput:3972
episode:160/250, real avg travel time:228.39073514602217
Test step:160/250, travel time :262.4157630256546, rewards:-3.155318260192871, queue:1.0416666269302368, delay:0.11935742944478989, throughput:3781
step:3600/3600, q_loss:-3.6515839181245407e-06, rewards:-2.494513511657715, queue:0.9316137433052063, delay:0.11676251143217087, throughput:3941
episode:161/250, real avg travel time:218.51129155036793
step:3600/3600, q_loss:9.577087746745545e-05, rewards:-3.6245083808898926, queue:1.1878306865692139, delay:0.12293986976146698, throughput:3905
episode:162/250, real avg travel time:255.11984635083226
step:3600/3600, q_loss:0.0001604125278794931, rewards:-3.924327850341797, queue:1.3166667222976685, delay:0.12289178371429443, throughput:3904
episode:163/250, real avg travel time:245.94390368852459
step:3600/3600, q_loss:1.209160675191217e-06, rewards:-2.524332284927368, queue:0.9376984238624573, delay:0.11972270905971527, throughput:3943
episode:164/250, real avg travel time:238.04615774790767
step:3600/3600, q_loss:2.4062908778432755e-06, rewards:-2.7120678424835205, queue:0.9933862686157227, delay:0.12158873677253723, throughput:4002
episode:165/250, real avg travel time:233.66716641679162
Test step:165/250, travel time :275.1211796246649, rewards:-4.25998067855835, queue:1.2501323223114014, delay:0.13080117106437683, throughput:3730
step:3600/3600, q_loss:-1.0952361561875377e-06, rewards:-2.960767984390259, queue:1.0174603462219238, delay:0.12145458161830902, throughput:4014
episode:166/250, real avg travel time:239.77304434479322
step:3600/3600, q_loss:2.5548886494814524e-06, rewards:-2.846064329147339, queue:1.032010555267334, delay:0.12134762853384018, throughput:4014
episode:167/250, real avg travel time:240.09417040358744
step:3600/3600, q_loss:0.0002357624830134834, rewards:-4.833121299743652, queue:1.4730159044265747, delay:0.1281369924545288, throughput:3811
episode:168/250, real avg travel time:255.81159800577277
step:3600/3600, q_loss:0.0004848202884507676, rewards:-7.228357791900635, queue:2.00687837600708, delay:0.1402549296617508, throughput:3654
episode:169/250, real avg travel time:283.87958401751507
step:3600/3600, q_loss:-7.432059646816924e-07, rewards:-2.7918596267700195, queue:0.9976190328598022, delay:0.12057341635227203, throughput:4024
episode:170/250, real avg travel time:237.5303180914513
Test step:170/250, travel time :297.4080096356519, rewards:-9.81080436706543, queue:2.7974867820739746, delay:0.13641197979450226, throughput:3321
step:3600/3600, q_loss:3.4171838099913052e-06, rewards:-2.551302433013916, queue:0.9398148059844971, delay:0.11874628812074661, throughput:3941
episode:171/250, real avg travel time:234.71352448617102
step:3600/3600, q_loss:8.05517467799493e-07, rewards:-2.4349496364593506, queue:0.9174603223800659, delay:0.11884379386901855, throughput:4001
episode:172/250, real avg travel time:226.4336415896026
step:3600/3600, q_loss:-4.4832606767562945e-06, rewards:-2.5379703044891357, queue:0.926719605922699, delay:0.1166326254606247, throughput:3877
episode:173/250, real avg travel time:230.90766056229043
step:3600/3600, q_loss:-2.3429772732520684e-06, rewards:-2.6719117164611816, queue:0.9806878566741943, delay:0.12260530143976212, throughput:4042
episode:174/250, real avg travel time:234.20682830282038
step:3600/3600, q_loss:8.687638134385149e-05, rewards:-3.8962924480438232, queue:1.2575396299362183, delay:0.12714040279388428, throughput:3959
episode:175/250, real avg travel time:262.6478908815357
Test step:175/250, travel time :253.8955770740644, rewards:-2.9233102798461914, queue:1.0025131702423096, delay:0.12006361037492752, throughput:3821
step:3600/3600, q_loss:1.0483544125842552e-06, rewards:-2.680002212524414, queue:0.994179904460907, delay:0.12148617208003998, throughput:4029
episode:176/250, real avg travel time:243.4782824522214
step:3600/3600, q_loss:-3.371165399180932e-07, rewards:-2.973522663116455, queue:1.023280382156372, delay:0.12269524484872818, throughput:3937
episode:177/250, real avg travel time:245.24511049022098
step:3600/3600, q_loss:1.2262037166187334e-06, rewards:-2.726205348968506, queue:0.9981481432914734, delay:0.12057375907897949, throughput:3930
episode:178/250, real avg travel time:243.3529262086514
step:3600/3600, q_loss:0.0003067640244909045, rewards:-4.800844192504883, queue:1.5312169790267944, delay:0.12347933650016785, throughput:3790
episode:179/250, real avg travel time:240.4372031662269
step:3600/3600, q_loss:-1.1241733672149065e-06, rewards:-2.456716299057007, queue:0.9156084656715393, delay:0.11552217602729797, throughput:3905
episode:180/250, real avg travel time:235.70729833546736
Test step:180/250, travel time :254.6056531284303, rewards:-4.8676300048828125, queue:1.45291006565094, delay:0.12214764952659607, throughput:3644
step:3600/3600, q_loss:4.822021421407246e-06, rewards:-2.839743137359619, queue:1.0313491821289062, delay:0.11986461281776428, throughput:3887
episode:181/250, real avg travel time:241.59068690506817
step:3600/3600, q_loss:0.00028218089719302954, rewards:-4.634777069091797, queue:1.4420634508132935, delay:0.12312106788158417, throughput:3771
episode:182/250, real avg travel time:248.85361972951472
step:3600/3600, q_loss:8.906591311743896e-05, rewards:-3.7661848068237305, queue:1.2048941850662231, delay:0.122861348092556, throughput:3788
episode:183/250, real avg travel time:261.9984160506864
step:3600/3600, q_loss:4.047585065968128e-06, rewards:-2.919938087463379, queue:1.020370364189148, delay:0.12257112562656403, throughput:3891
episode:184/250, real avg travel time:238.23798509380623
step:3600/3600, q_loss:2.391014762300377e-06, rewards:-2.804407835006714, queue:1.0068782567977905, delay:0.1224970743060112, throughput:3921
episode:185/250, real avg travel time:234.37031369548583
Test step:185/250, travel time :252.46093088857546, rewards:-5.19564151763916, queue:1.3697090148925781, delay:0.1327008754014969, throughput:3545
step:3600/3600, q_loss:3.647589134440447e-05, rewards:-3.546736717224121, queue:1.137566089630127, delay:0.12310082465410233, throughput:3882
episode:186/250, real avg travel time:253.91061308603813
step:3600/3600, q_loss:1.1099312622617516e-05, rewards:-3.1850295066833496, queue:1.0499999523162842, delay:0.12190689146518707, throughput:3901
episode:187/250, real avg travel time:253.3537554473212
step:3600/3600, q_loss:-4.588475025634074e-06, rewards:-3.1966450214385986, queue:1.0615079402923584, delay:0.12320265918970108, throughput:3856
episode:188/250, real avg travel time:254.08791493775934
step:3600/3600, q_loss:1.4333591227316195e-06, rewards:-2.6098532676696777, queue:0.9406084418296814, delay:0.11656810343265533, throughput:3854
episode:189/250, real avg travel time:237.66735858847952
step:3600/3600, q_loss:3.1450837721220322e-06, rewards:-3.2605807781219482, queue:1.0858465433120728, delay:0.12700924277305603, throughput:4002
episode:190/250, real avg travel time:257.6281859070465
Test step:190/250, travel time :248.01419389394752, rewards:-3.608182668685913, queue:1.1146825551986694, delay:0.12418000400066376, throughput:3734
step:3600/3600, q_loss:-6.325677127784325e-07, rewards:-3.008321523666382, queue:1.007010579109192, delay:0.11909857392311096, throughput:3935
episode:191/250, real avg travel time:257.6038119440915
step:3600/3600, q_loss:1.9860811557413804e-05, rewards:-3.525975227355957, queue:1.1634920835494995, delay:0.1258295625448227, throughput:4014
episode:192/250, real avg travel time:259.037120079721
step:3600/3600, q_loss:3.977558582038101e-06, rewards:-3.2671658992767334, queue:1.072619080543518, delay:0.12711358070373535, throughput:3965
episode:193/250, real avg travel time:253.78713745271122
step:3600/3600, q_loss:0.00010202870123773917, rewards:-4.5265936851501465, queue:1.40753972530365, delay:0.12941402196884155, throughput:3876
episode:194/250, real avg travel time:276.27605779153765
step:3600/3600, q_loss:-1.3773885762525928e-06, rewards:-2.922856569290161, queue:1.0048941373825073, delay:0.1224924698472023, throughput:3967
episode:195/250, real avg travel time:252.3176203680363
Test step:195/250, travel time :260.1344346340074, rewards:-5.652304649353027, queue:1.6515872478485107, delay:0.1351151466369629, throughput:3511
step:3600/3600, q_loss:0.00011777015679399483, rewards:-4.2098069190979, queue:1.3003968000411987, delay:0.1278340220451355, throughput:3930
episode:196/250, real avg travel time:262.95063613231554
step:3600/3600, q_loss:0.00017939806679755243, rewards:-5.315042495727539, queue:1.4641534090042114, delay:0.13534928858280182, throughput:3929
episode:197/250, real avg travel time:309.1542377195215
step:3600/3600, q_loss:7.881850154565958e-05, rewards:-3.811927556991577, queue:1.2394180297851562, delay:0.12960276007652283, throughput:3910
episode:198/250, real avg travel time:273.1537084398977
step:3600/3600, q_loss:0.0003059856593608856, rewards:-7.847702980041504, queue:1.9309524297714233, delay:0.15658921003341675, throughput:3768
episode:199/250, real avg travel time:337.43073248407643
step:3600/3600, q_loss:2.390691871470254e-06, rewards:-2.6668283939361572, queue:0.9568783044815063, delay:0.11727269738912582, throughput:3952
episode:200/250, real avg travel time:239.8496963562753
Test step:200/250, travel time :269.48466917697687, rewards:-3.5412845611572266, queue:1.125, delay:0.12472497671842575, throughput:3718
step:3600/3600, q_loss:7.532734889537096e-05, rewards:-4.163943767547607, queue:1.2742063999176025, delay:0.12703251838684082, throughput:3830
episode:201/250, real avg travel time:275.99895561357704
step:3600/3600, q_loss:9.508387964969087e-05, rewards:-4.144874572753906, queue:1.2493386268615723, delay:0.1292141228914261, throughput:3867
episode:202/250, real avg travel time:280.00362037755366
step:3600/3600, q_loss:7.643002851788575e-05, rewards:-3.9399404525756836, queue:1.2399470806121826, delay:0.1239699125289917, throughput:3869
episode:203/250, real avg travel time:283.28973895063325
step:3600/3600, q_loss:0.00024181241880998842, rewards:-6.549074172973633, queue:2.1427247524261475, delay:0.14079929888248444, throughput:3576
episode:204/250, real avg travel time:278.3652125279642
step:3600/3600, q_loss:1.879835658150518e-05, rewards:-2.8700385093688965, queue:1.0002645254135132, delay:0.12106890231370926, throughput:3894
episode:205/250, real avg travel time:241.8507960965588
Test step:205/250, travel time :304.9382083108473, rewards:-4.360021114349365, queue:1.3250000476837158, delay:0.13141655921936035, throughput:3706
step:3600/3600, q_loss:4.209392742874722e-06, rewards:-2.8315672874450684, queue:0.9998677372932434, delay:0.12242303788661957, throughput:3892
episode:206/250, real avg travel time:240.74306269270298
step:3600/3600, q_loss:-4.0949914061153927e-07, rewards:-2.6913814544677734, queue:0.9548941850662231, delay:0.12019854784011841, throughput:3895
episode:207/250, real avg travel time:250.46598202824134
step:3600/3600, q_loss:1.856676600356069e-06, rewards:-2.7932443618774414, queue:0.9797618985176086, delay:0.11879777908325195, throughput:3955
episode:208/250, real avg travel time:250.18128950695322
step:3600/3600, q_loss:-2.2917607970561623e-06, rewards:-2.949004888534546, queue:1.0193121433258057, delay:0.12377354502677917, throughput:3934
episode:209/250, real avg travel time:251.64844941535333
step:3600/3600, q_loss:2.7101923478767276e-06, rewards:-2.760319948196411, queue:0.9670634865760803, delay:0.12356880307197571, throughput:3902
episode:210/250, real avg travel time:250.21681189133778
Test step:210/250, travel time :320.09657513113234, rewards:-8.889971733093262, queue:2.49312162399292, delay:0.16878269612789154, throughput:3241
step:3600/3600, q_loss:7.15474943313489e-05, rewards:-3.586132764816284, queue:1.1813491582870483, delay:0.12542837858200073, throughput:3960
episode:211/250, real avg travel time:267.9588383838384
step:3600/3600, q_loss:2.4700160186815385e-05, rewards:-3.024712085723877, queue:1.0547618865966797, delay:0.12394849956035614, throughput:3976
episode:212/250, real avg travel time:263.2904929577465
step:3600/3600, q_loss:5.57776220375672e-06, rewards:-2.43198299407959, queue:0.9074074029922485, delay:0.11729788035154343, throughput:3912
episode:213/250, real avg travel time:239.47750511247443
step:3600/3600, q_loss:1.8138788517616276e-06, rewards:-2.6527798175811768, queue:0.9554232954978943, delay:0.12116312980651855, throughput:3942
episode:214/250, real avg travel time:245.36199898528665
step:3600/3600, q_loss:0.00010111511809453885, rewards:-4.223390579223633, queue:1.2849206924438477, delay:0.13233189284801483, throughput:3846
episode:215/250, real avg travel time:287.2025481019241
Test step:215/250, travel time :285.17655172413794, rewards:-4.608880043029785, queue:1.407010555267334, delay:0.1333257406949997, throughput:3625
step:3600/3600, q_loss:0.0001009546484662375, rewards:-3.9237406253814697, queue:1.2712962627410889, delay:0.12560604512691498, throughput:3890
episode:216/250, real avg travel time:285.1701799485861
step:3600/3600, q_loss:9.477615741262627e-06, rewards:-3.1674654483795166, queue:1.0596561431884766, delay:0.12482662498950958, throughput:3905
episode:217/250, real avg travel time:273.9469910371319
step:3600/3600, q_loss:7.66991082249054e-06, rewards:-2.720003843307495, queue:0.9609788656234741, delay:0.11991293728351593, throughput:3884
episode:218/250, real avg travel time:246.7152420185376
step:3600/3600, q_loss:0.0003087177976138062, rewards:-4.792510509490967, queue:1.5025131702423096, delay:0.12627868354320526, throughput:3701
episode:219/250, real avg travel time:240.9275871386112
step:3600/3600, q_loss:0.0007026845796240701, rewards:-10.15717887878418, queue:2.485846519470215, delay:0.16143068671226501, throughput:3599
episode:220/250, real avg travel time:370.2597943873298
Test step:220/250, travel time :273.9336706014615, rewards:-5.416619777679443, queue:1.6178570985794067, delay:0.13819733262062073, throughput:3558
step:3600/3600, q_loss:1.5314334531366412e-06, rewards:-3.0862717628479004, queue:1.0402116775512695, delay:0.12334655970335007, throughput:3937
episode:221/250, real avg travel time:256.4277368554737
step:3600/3600, q_loss:9.409728469715144e-06, rewards:-2.7223477363586426, queue:0.9638888835906982, delay:0.11981821060180664, throughput:3891
episode:222/250, real avg travel time:244.13621177075302
step:3600/3600, q_loss:4.877059513496028e-06, rewards:-2.986163377761841, queue:1.0429893732070923, delay:0.12098141759634018, throughput:3929
episode:223/250, real avg travel time:256.258844489692
step:3600/3600, q_loss:0.00019958612125871392, rewards:-5.1444549560546875, queue:1.4974868297576904, delay:0.130143404006958, throughput:3844
episode:224/250, real avg travel time:309.91155046826225
step:3600/3600, q_loss:0.00047104757589598497, rewards:-8.602044105529785, queue:2.184788465499878, delay:0.16078905761241913, throughput:3628
episode:225/250, real avg travel time:373.6722712238148
Test step:225/250, travel time :375.96992753623186, rewards:-10.713311195373535, queue:3.0027778148651123, delay:0.1838015615940094, throughput:2760
step:3600/3600, q_loss:2.0298987995677937e-05, rewards:-3.7438790798187256, queue:1.1891534328460693, delay:0.12544533610343933, throughput:3856
episode:226/250, real avg travel time:269.2707468879668
step:3600/3600, q_loss:1.1308958669865711e-05, rewards:-3.6431636810302734, queue:1.124206304550171, delay:0.12410058826208115, throughput:3895
episode:227/250, real avg travel time:281.2318356867779
step:3600/3600, q_loss:1.741189043968916e-05, rewards:-3.999877691268921, queue:1.2134920358657837, delay:0.1252819448709488, throughput:3835
episode:228/250, real avg travel time:268.03363754889176
step:3600/3600, q_loss:0.0002748721266268856, rewards:-6.046343803405762, queue:1.6462962627410889, delay:0.13223128020763397, throughput:3676
episode:229/250, real avg travel time:304.0492383025027
step:3600/3600, q_loss:2.6471960639658696e-05, rewards:-3.90002179145813, queue:1.1965608596801758, delay:0.1263379454612732, throughput:3799
episode:230/250, real avg travel time:276.16872861279285
Test step:230/250, travel time :288.65393518518516, rewards:-6.354786396026611, queue:1.8433862924575806, delay:0.14018987119197845, throughput:3456
step:3600/3600, q_loss:0.0006655301510666808, rewards:-9.2394437789917, queue:2.4616401195526123, delay:0.14450502395629883, throughput:3595
episode:231/250, real avg travel time:329.1229485396384
step:3600/3600, q_loss:0.0001093594227212533, rewards:-5.091281414031982, queue:1.5481481552124023, delay:0.12974274158477783, throughput:3681
episode:232/250, real avg travel time:296.5580005433306
step:3600/3600, q_loss:0.0004775221123256617, rewards:-9.047019958496094, queue:2.2075397968292236, delay:0.15364845097064972, throughput:3479
episode:233/250, real avg travel time:366.16039091693017
step:3600/3600, q_loss:2.7194653779992628e-05, rewards:-3.3718862533569336, queue:1.0955026149749756, delay:0.12374173849821091, throughput:3846
episode:234/250, real avg travel time:265.23634945397816
step:3600/3600, q_loss:8.661804038436255e-05, rewards:-4.439022064208984, queue:1.304100513458252, delay:0.13196851313114166, throughput:3716
episode:235/250, real avg travel time:275.2185145317546
Test step:235/250, travel time :274.71763708309777, rewards:-7.010050296783447, queue:1.859788417816162, delay:0.1428859978914261, throughput:3538
step:3600/3600, q_loss:0.00020381015581531553, rewards:-5.398045539855957, queue:1.567460298538208, delay:0.13053029775619507, throughput:3778
episode:236/250, real avg travel time:314.4182106934886
step:3600/3600, q_loss:1.6411241732486007e-07, rewards:-3.345487356185913, queue:1.073544979095459, delay:0.12319834530353546, throughput:3843
episode:237/250, real avg travel time:255.24512099921935
step:3600/3600, q_loss:0.00027308220612919993, rewards:-6.574916362762451, queue:1.8858466148376465, delay:0.1392918974161148, throughput:3551
episode:238/250, real avg travel time:342.3869332582371
step:3600/3600, q_loss:0.00013270681051330433, rewards:-5.0081868171691895, queue:1.3876984119415283, delay:0.1290823221206665, throughput:3655
episode:239/250, real avg travel time:289.70807113543094
step:3600/3600, q_loss:8.83574425339854e-05, rewards:-4.457305431365967, queue:1.3234126567840576, delay:0.12686201930046082, throughput:3836
episode:240/250, real avg travel time:287.38216892596455
Test step:240/250, travel time :280.17552742616033, rewards:-6.598323345184326, queue:1.7371692657470703, delay:0.14831499755382538, throughput:3555
step:3600/3600, q_loss:9.851441201236513e-05, rewards:-4.465597629547119, queue:1.307539701461792, delay:0.12688381969928741, throughput:3851
episode:241/250, real avg travel time:292.5977668138146
step:3600/3600, q_loss:4.9392797841897445e-06, rewards:-3.4191460609436035, queue:1.0900793075561523, delay:0.12480810284614563, throughput:3906
episode:242/250, real avg travel time:270.99334357398874
step:3600/3600, q_loss:1.4737711171619595e-05, rewards:-3.1868784427642822, queue:1.078703761100769, delay:0.12581464648246765, throughput:3994
episode:243/250, real avg travel time:260.84902353530293
step:3600/3600, q_loss:6.627187718145756e-05, rewards:-3.7140278816223145, queue:1.1357142925262451, delay:0.12485963851213455, throughput:3891
episode:244/250, real avg travel time:270.218966846569
step:3600/3600, q_loss:1.7686738687593285e-05, rewards:-3.273693799972534, queue:1.0845237970352173, delay:0.12371710687875748, throughput:3951
episode:245/250, real avg travel time:256.0174639331815
Test step:245/250, travel time :266.6108572964257, rewards:-3.7747223377227783, queue:1.1718254089355469, delay:0.11979946494102478, throughput:3721
step:3600/3600, q_loss:1.5462770776745552e-05, rewards:-3.226236581802368, queue:1.0544973611831665, delay:0.125538170337677, throughput:3964
episode:246/250, real avg travel time:264.1473259334006
step:3600/3600, q_loss:0.00014658395513025526, rewards:-5.021917343139648, queue:1.3735449314117432, delay:0.1372460126876831, throughput:3777
episode:247/250, real avg travel time:256.1482658194334
step:3600/3600, q_loss:0.00010418906903295364, rewards:-4.506335258483887, queue:1.2952381372451782, delay:0.12719714641571045, throughput:3763
episode:248/250, real avg travel time:263.9022056869519
step:3600/3600, q_loss:8.799654218213011e-06, rewards:-2.9288690090179443, queue:0.9928571581840515, delay:0.12281375378370285, throughput:3850
episode:249/250, real avg travel time:251.23844155844156
Hyperparameters saved to: data/output_data/tsc/sumo_hyperlight_mappo/sumo1x21/c8_ing21_seed0/hyperparameters.json
Loaded best checkpoint for final evaluation
Final Travel Time is 202.5702, mean rewards: -2.3011, queue: 0.9448, delay: 0.1248, throughput: 3832
Total time taken: 27389.692852973938
